# code/heterogeneous/pino_heterogeneous/pinn1d_heterogeneous_parametric_neural_operator.py --design anchored --n-train 500 --n-corner-anchors 100 --arch dense --out-dir results/exp_F_anchored_N500_dense --skip-validation-plots
# started 2026-06-11 21:33:59
# cwd C:\Ali Computation\pinn\code\heterogeneous\pino_heterogeneous

Using GPU: NVIDIA GeForce RTX 3090 (cuda:0, dtype=torch.float32)
PE (computed) = 0.010368
design=anchored  n_train_requested=500  n_corner_anchors=100  arch=dense  batch_mode=True
branch=[4, 64, 64, 128]  trunk=[2, 64, 64, 64, 64, 128]
results_dir=C:\Ali Computation\pinn\code\heterogeneous\pino_heterogeneous\results\exp_F_anchored_N500_dense
Training: 500 LHC + 100 boundary anchors -> 600 unique tuples (anchored)
  saved/loaded: C:\Ali Computation\pinn\code\heterogeneous\pino_heterogeneous\results\exp_F_anchored_N500_dense\train_u_cases.csv
  branch CFL range [0.12, 0.6]
PDE mesh: bulk 50x50x600 + interface bands (36 x* / band, +/-0.025 around (0.2, 0.4, 0.6))
COMSOL validation: 81 fixed grid cases from comsol_4zones.txt -> C:\Ali Computation\pinn\code\heterogeneous\pino_heterogeneous\results\exp_F_anchored_N500_dense
run_training=True  run_comsol_validation=True  validate_only=False  skip_validation_plots=True
PDE collocation points: 2,580,000 (bulk 1,500,000, interface 1,080,000)
Collocation mesh plot (pre-train): C:\Ali Computation\pinn\code\heterogeneous\pino_heterogeneous\results\exp_F_anchored_N500_dense\pino_heterogeneous_collocation_points.png
LBFGS (
Parameter Group 0
    history_size: 50
    line_search_fn: strong_wolfe
    lr: 1
    max_eval: 1
    max_iter: 1
    tolerance_change: 1e-09
    tolerance_grad: 1e-07
)

L-BFGS:   0%|          | 0/1000 [? > 00:00]
L-BFGS:   0%|          | 1/1000 [8:41:11 > 00:31]
L-BFGS:   0%|          | 2/1000 [8:23:13 > 01:00]
L-BFGS:   0%|          | 3/1000 [8:17:16 > 01:30]
L-BFGS:   0%|          | 4/1000 [8:13:46 > 01:59]
L-BFGS:   0%|          | 5/1000 [8:11:31 > 02:29]
L-BFGS:   1%|          | 6/1000 [8:10:05 > 02:58]
L-BFGS:   1%|          | 7/1000 [8:08:55 > 03:28]
L-BFGS:   1%|          | 8/1000 [8:07:58 > 03:57]
L-BFGS:   1%|          | 9/1000 [8:07:24 > 04:27]
L-BFGS:   1%|          | 10/1000 [8:07:00 > 04:56]
L-BFGS:   1%|          | 11/1000 [8:06:22 > 05:26]
L-BFGS:   1%|          | 12/1000 [8:05:58 > 05:55]
L-BFGS:   1%|▏         | 13/1000 [8:05:25 > 06:25]
L-BFGS:   1%|▏         | 14/1000 [8:04:53 > 06:54]
L-BFGS:   2%|▏         | 15/1000 [8:04:11 > 07:24]
