# code/heterogeneous/pino_heterogeneous/pinn1d_heterogeneous_parametric_neural_operator.py --design grf --n-sensors 100 --n-grf 0 --n-piecewise-per-zones 250 --piecewise-zone-counts 5 --min-zone-frac 0.1 --arch default --dtype float64 --early-stop-patience 150 --lr-lbfgs 0.1 --lbfgs-max-iter 20 --epochs 1000 --out-dir results/exp_W2_5zoneonly_K100_N250_default_float64_lbfgs1000_maxiter20
# started 2026-07-01 02:34:16
# cwd C:\Ali Computation\pinn\code\heterogeneous\pino_heterogeneous

Using GPU: NVIDIA GeForce RTX 3090 (cuda:0, dtype=torch.float64)
PE (computed) = 0.010368
design=grf  media_mode=grf  branch_mode=sensor  optimizer=lbfgs  n_train_requested=250  n_corner_anchors=16  arch=default  batch_mode=True
branch=[100, 16, 16, 32]  trunk=[2, 32, 32, 32, 32]
results_dir=C:\Ali Computation\pinn\code\heterogeneous\pino_heterogeneous\results\exp_W2_5zoneonly_K100_N250_default_float64_lbfgs1000_maxiter20
Training: 250 piecewise (250 for zones [5]), min_zone_frac=0.1 = 250 total; branch_mode=sensor, K=100 sensors, grid_n=201
  saved/loaded: C:\Ali Computation\pinn\code\heterogeneous\pino_heterogeneous\results\exp_W2_5zoneonly_K100_N250_default_float64_lbfgs1000_maxiter20\train_grf_cases.npz
  branch CFL range [0.12098, 0.59966]
PDE mesh: bulk 50x50x250 (no interface bands in GRF mode)
COMSOL validation: 81 fixed grid cases from comsol_4zones.txt -> C:\Ali Computation\pinn\code\heterogeneous\pino_heterogeneous\results\exp_W2_5zoneonly_K100_N250_default_float64_lbfgs1000_maxiter20\comsol_validation
run_training=True  run_comsol_validation=True  validate_only=False  skip_validation_plots=False
L-BFGS early stopping: patience=150 (max steps=1000)
L-BFGS: lr=0.1  max_iter=20  outer_steps=1000
PDE collocation points: 625,000 (bulk 625,000, interface 0)
Collocation mesh plot (pre-train): C:\Ali Computation\pinn\code\heterogeneous\pino_heterogeneous\results\exp_W2_5zoneonly_K100_N250_default_float64_lbfgs1000_maxiter20\pino_heterogeneous_collocation_points.png
LBFGS (
Parameter Group 0
    history_size: 50
    line_search_fn: strong_wolfe
    lr: 0.1
    max_eval: 25
    max_iter: 20
    tolerance_change: 1e-09
    tolerance_grad: 1e-07
)
Early stopping: patience=150 L-BFGS steps (no total-loss improvement, rtol=1e-12)

L-BFGS:   0%|          | 0/1000 [? > 00:00]
L-BFGS:   0%|          | 1/1000 [2:00:37 > 00:07]
L-BFGS:   0%|          | 2/1000 [1:57:02 > 00:14]
L-BFGS:   0%|          | 3/1000 [1:54:13 > 00:20]
L-BFGS:   0%|          | 4/1000 [1:53:03 > 00:27]
L-BFGS:   0%|          | 5/1000 [1:54:08 > 00:34]
L-BFGS:   1%|          | 6/1000 [1:53:16 > 00:41]
L-BFGS:   1%|          | 7/1000 [1:52:49 > 00:48]
L-BFGS:   1%|          | 8/1000 [1:52:30 > 00:54]
L-BFGS:   1%|          | 9/1000 [1:52:19 > 01:01]
L-BFGS:   1%|          | 10/1000 [1:54:13 > 01:08]
L-BFGS:   1%|          | 11/1000 [1:54:18 > 01:15]
L-BFGS:   1%|          | 12/1000 [1:55:34 > 01:23]
L-BFGS:   1%|▏         | 13/1000 [1:56:27 > 01:30]
L-BFGS:   1%|▏         | 14/1000 [1:55:40 > 01:37]
L-BFGS:   2%|▏         | 15/1000 [1:55:01 > 01:44]
L-BFGS:   2%|▏         | 16/1000 [1:54:35 > 01:51]
L-BFGS:   2%|▏         | 17/1000 [1:55:47 > 01:58]
L-BFGS:   2%|▏         | 18/1000 [1:55:12 > 02:05]
L-BFGS:   2%|▏         | 19/1000 [1:54:47 > 02:12]
L-BFGS:   2%|▏         | 20/1000 [1:54:32 > 02:19]
L-BFGS:   2%|▏         | 21/1000 [1:53:37 > 02:26]
L-BFGS:   2%|▏         | 22/1000 [1:52:41 > 02:32]
L-BFGS:   2%|▏         | 23/1000 [1:52:06 > 02:39]
L-BFGS:   2%|▏         | 24/1000 [1:52:53 > 02:46]
L-BFGS:   2%|▎         | 25/1000 [1:52:07 > 02:53]
L-BFGS:   3%|▎         | 26/1000 [1:51:32 > 03:00]
L-BFGS:   3%|▎         | 27/1000 [1:52:26 > 03:07]
L-BFGS:   3%|▎         | 28/1000 [1:51:50 > 03:14]
L-BFGS:   3%|▎         | 29/1000 [1:52:51 > 03:21]
L-BFGS:   3%|▎         | 30/1000 [1:51:58 > 03:28]
L-BFGS:   3%|▎         | 31/1000 [1:51:19 > 03:35]
L-BFGS:   3%|▎         | 32/1000 [1:52:07 > 03:42]
L-BFGS:   3%|▎         | 33/1000 [1:51:23 > 03:48]
L-BFGS:   3%|▎         | 34/1000 [1:52:02 > 03:56]
L-BFGS:   4%|▎         | 35/1000 [1:51:14 > 04:02]
L-BFGS:   4%|▎         | 36/1000 [1:52:00 > 04:09]
L-BFGS:   4%|▎         | 37/1000 [1:51:04 > 04:16]
L-BFGS:   4%|▍         | 38/1000 [1:51:52 > 04:23]
L-BFGS:   4%|▍         | 39/1000 [1:52:26 > 04:30]
L-BFGS:   4%|▍         | 40/1000 [1:52:03 > 04:37]
L-BFGS:   4%|▍         | 41/1000 [1:51:49 > 04:44]
L-BFGS:   4%|▍         | 42/1000 [1:52:53 > 04:52]
L-BFGS:   4%|▍         | 43/1000 [1:52:17 > 04:59]
L-BFGS:   4%|▍         | 44/1000 [1:53:05 > 05:06]
L-BFGS:   4%|▍         | 45/1000 [1:52:23 > 05:13]
L-BFGS:   5%|▍         | 46/1000 [1:53:03 > 05:20]
L-BFGS:   5%|▍         | 47/1000 [1:53:35 > 05:27]
L-BFGS:   5%|▍         | 48/1000 [1:53:54 > 05:35]
L-BFGS:   5%|▍         | 49/1000 [1:52:47 > 05:42]
L-BFGS:   5%|▌         | 50/1000 [1:52:48 > 05:49]
L-BFGS:   5%|▌         | 51/1000 [1:52:25 > 05:56]
L-BFGS:   5%|▌         | 52/1000 [1:52:16 > 06:03]
L-BFGS:   5%|▌         | 53/1000 [1:50:44 > 06:10]
L-BFGS:   5%|▌         | 54/1000 [1:50:57 > 06:17]
L-BFGS:   6%|▌         | 55/1000 [1:49:46 > 06:24]
L-BFGS:   6%|▌         | 56/1000 [1:50:08 > 06:31]
L-BFGS:   6%|▌         | 57/1000 [1:50:28 > 06:38]
L-BFGS:   6%|▌         | 58/1000 [1:49:23 > 06:45]
L-BFGS:   6%|▌         | 59/1000 [1:49:48 > 06:52]
L-BFGS:   6%|▌         | 60/1000 [1:50:08 > 06:59]
L-BFGS:   6%|▌         | 61/1000 [1:49:06 > 07:06]
L-BFGS:   6%|▌         | 62/1000 [1:48:18 > 07:12]
L-BFGS:   6%|▋         | 63/1000 [1:47:37 > 07:19]
L-BFGS:   6%|▋         | 64/1000 [1:47:07 > 07:26]
L-BFGS:   6%|▋         | 65/1000 [1:46:46 > 07:33]
L-BFGS:   7%|▋         | 66/1000 [1:46:26 > 07:40]
L-BFGS:   7%|▋         | 67/1000 [1:46:10 > 07:46]
L-BFGS:   7%|▋         | 68/1000 [1:46:00 > 07:53]
L-BFGS:   7%|▋         | 69/1000 [1:47:34 > 08:00]
L-BFGS:   7%|▋         | 70/1000 [1:48:50 > 08:08]
L-BFGS:   7%|▋         | 71/1000 [1:49:46 > 08:15]
L-BFGS:   7%|▋         | 72/1000 [1:50:25 > 08:22]
L-BFGS:   7%|▋         | 73/1000 [1:49:30 > 08:29]
L-BFGS:   7%|▋         | 74/1000 [1:50:02 > 08:36]
L-BFGS:   8%|▊         | 75/1000 [1:49:08 > 08:43]
L-BFGS:   8%|▊         | 76/1000 [1:49:40 > 08:51]
L-BFGS:   8%|▊         | 77/1000 [1:48:50 > 08:58]
L-BFGS:   8%|▊         | 78/1000 [1:48:14 > 09:04]
L-BFGS:   8%|▊         | 79/1000 [1:47:39 > 09:11]
L-BFGS:   8%|▊         | 80/1000 [1:46:40 > 09:18]
L-BFGS:   8%|▊         | 81/1000 [1:47:11 > 09:25]
L-BFGS:   8%|▊         | 82/1000 [1:47:27 > 09:32]
L-BFGS:   8%|▊         | 83/1000 [1:47:34 > 09:40]
L-BFGS:   8%|▊         | 84/1000 [1:46:20 > 09:46]
L-BFGS:   8%|▊         | 85/1000 [1:46:48 > 09:53]
L-BFGS:   9%|▊         | 86/1000 [1:47:02 > 10:00]
L-BFGS:   9%|▊         | 87/1000 [1:47:15 > 10:08]
L-BFGS:   9%|▉         | 88/1000 [1:47:21 > 10:15]
L-BFGS:   9%|▉         | 89/1000 [1:46:05 > 10:21]
L-BFGS:   9%|▉         | 90/1000 [1:45:09 > 10:28]
L-BFGS:   9%|▉         | 91/1000 [1:44:25 > 10:35]
L-BFGS:   9%|▉         | 92/1000 [1:45:15 > 10:42]
L-BFGS:   9%|▉         | 93/1000 [1:45:50 > 10:49]
L-BFGS:   9%|▉         | 94/1000 [1:46:07 > 10:56]
L-BFGS:  10%|▉         | 95/1000 [1:46:14 > 11:03]
L-BFGS:  10%|▉         | 96/1000 [1:46:16 > 11:11]
L-BFGS:  10%|▉         | 97/1000 [1:46:16 > 11:18]
L-BFGS:  10%|▉         | 98/1000 [1:45:12 > 11:24]
L-BFGS:  10%|▉         | 99/1000 [1:44:50 > 11:31]
L-BFGS:  10%|█         | 100/1000 [1:44:34 > 11:38]
L-BFGS:  10%|█         | 101/1000 [1:45:35 > 11:46]
L-BFGS:  10%|█         | 102/1000 [1:45:05 > 11:53]
L-BFGS:  10%|█         | 103/1000 [1:46:01 > 12:00]
L-BFGS:  10%|█         | 104/1000 [1:46:35 > 12:07]
L-BFGS:  10%|█         | 105/1000 [1:45:43 > 12:14]
L-BFGS:  11%|█         | 106/1000 [1:45:08 > 12:21]
L-BFGS:  11%|█         | 107/1000 [1:44:42 > 12:28]
L-BFGS:  11%|█         | 108/1000 [1:45:27 > 12:35]
L-BFGS:  11%|█         | 109/1000 [1:44:29 > 12:42]
L-BFGS:  11%|█         | 110/1000 [1:43:22 > 12:49]
L-BFGS:  11%|█         | 111/1000 [1:43:46 > 12:56]
L-BFGS:  11%|█         | 112/1000 [1:43:54 > 13:03]
L-BFGS:  11%|█▏        | 113/1000 [1:42:48 > 13:10]
L-BFGS:  11%|█▏        | 114/1000 [1:42:08 > 13:17]
L-BFGS:  12%|█▏        | 115/1000 [1:41:35 > 13:24]
L-BFGS:  12%|█▏        | 116/1000 [1:41:12 > 13:30]
L-BFGS:  12%|█▏        | 117/1000 [1:40:46 > 13:37]
L-BFGS:  12%|█▏        | 118/1000 [1:41:40 > 13:44]
L-BFGS:  12%|█▏        | 119/1000 [1:41:02 > 13:51]
L-BFGS:  12%|█▏        | 120/1000 [1:40:38 > 13:58]
L-BFGS:  12%|█▏        | 121/1000 [1:41:28 > 14:05]
L-BFGS:  12%|█▏        | 122/1000 [1:42:04 > 14:12]
L-BFGS:  12%|█▏        | 123/1000 [1:41:09 > 14:19]
L-BFGS:  12%|█▏        | 124/1000 [1:40:33 > 14:26]
L-BFGS:  12%|█▎        | 125/1000 [1:40:03 > 14:32]
L-BFGS:  13%|█▎        | 126/1000 [1:39:41 > 14:39]
L-BFGS:  13%|█▎        | 127/1000 [1:39:25 > 14:46]
L-BFGS:  13%|█▎        | 128/1000 [1:39:18 > 14:53]
L-BFGS:  13%|█▎        | 129/1000 [1:39:55 > 15:00]
L-BFGS:  13%|█▎        | 130/1000 [1:40:05 > 15:07]
L-BFGS:  13%|█▎        | 131/1000 [1:40:12 > 15:14]
L-BFGS:  13%|█▎        | 132/1000 [1:40:19 > 15:21]
L-BFGS:  13%|█▎        | 133/1000 [1:40:19 > 15:28]
L-BFGS:  13%|█▎        | 134/1000 [1:40:15 > 15:35]
L-BFGS:  14%|█▎        | 135/1000 [1:41:20 > 15:42]
L-BFGS:  14%|█▎        | 136/1000 [1:40:54 > 15:49]
L-BFGS:  14%|█▎        | 137/1000 [1:41:49 > 15:56]
L-BFGS:  14%|█▍        | 138/1000 [1:41:07 > 16:03]
L-BFGS:  14%|█▍        | 139/1000 [1:40:23 > 16:10]
L-BFGS:  14%|█▍        | 140/1000 [1:39:26 > 16:17]
L-BFGS:  14%|█▍        | 141/1000 [1:39:56 > 16:24]
L-BFGS:  14%|█▍        | 142/1000 [1:40:17 > 16:31]
L-BFGS:  14%|█▍        | 143/1000 [1:39:21 > 16:38]
L-BFGS:  14%|█▍        | 144/1000 [1:39:46 > 16:45]
L-BFGS:  14%|█▍        | 145/1000 [1:38:49 > 16:52]
L-BFGS:  15%|█▍        | 146/1000 [1:38:10 > 16:58]
L-BFGS:  15%|█▍        | 147/1000 [1:37:38 > 17:05]
L-BFGS:  15%|█▍        | 148/1000 [1:37:14 > 17:12]
L-BFGS:  15%|█▍        | 149/1000 [1:38:06 > 17:19]
L-BFGS:  15%|█▌        | 150/1000 [1:37:33 > 17:26]
L-BFGS:  15%|█▌        | 151/1000 [1:38:12 > 17:33]
L-BFGS:  15%|█▌        | 152/1000 [1:37:30 > 17:40]
L-BFGS:  15%|█▌        | 153/1000 [1:37:01 > 17:47]
L-BFGS:  15%|█▌        | 154/1000 [1:37:48 > 17:54]
L-BFGS:  16%|█▌        | 155/1000 [1:37:14 > 18:00]
L-BFGS:  16%|█▌        | 156/1000 [1:36:41 > 18:07]
L-BFGS:  16%|█▌        | 157/1000 [1:37:26 > 18:14]
L-BFGS:  16%|█▌        | 158/1000 [1:38:09 > 18:22]
L-BFGS:  16%|█▌        | 159/1000 [1:38:59 > 18:29]
L-BFGS:  16%|█▌        | 160/1000 [1:39:37 > 18:36]
L-BFGS:  16%|█▌        | 161/1000 [1:38:52 > 18:43]
L-BFGS:  16%|█▌        | 162/1000 [1:38:17 > 18:50]
L-BFGS:  16%|█▋        | 163/1000 [1:37:51 > 18:57]
L-BFGS:  16%|█▋        | 164/1000 [1:38:40 > 19:04]
L-BFGS:  16%|█▋        | 165/1000 [1:38:05 > 19:11]
L-BFGS:  17%|█▋        | 166/1000 [1:38:47 > 19:18]
L-BFGS:  17%|█▋        | 167/1000 [1:38:03 > 19:25]
L-BFGS:  17%|█▋        | 168/1000 [1:38:50 > 19:33]
L-BFGS:  17%|█▋        | 169/1000 [1:38:46 > 19:40]
L-BFGS:  17%|█▋        | 170/1000 [1:38:32 > 19:47]
L-BFGS:  17%|█▋        | 171/1000 [1:37:08 > 19:54]
L-BFGS:  17%|█▋        | 172/1000 [1:36:03 > 20:00]
L-BFGS:  17%|█▋        | 173/1000 [1:35:20 > 20:07]
L-BFGS:  17%|█▋        | 174/1000 [1:35:53 > 20:14]
L-BFGS:  18%|█▊        | 175/1000 [1:35:11 > 20:21]
L-BFGS:  18%|█▊        | 176/1000 [1:35:40 > 20:28]
L-BFGS:  18%|█▊        | 177/1000 [1:36:01 > 20:35]
L-BFGS:  18%|█▊        | 178/1000 [1:36:17 > 20:42]
L-BFGS:  18%|█▊        | 179/1000 [1:36:23 > 20:49]
L-BFGS:  18%|█▊        | 180/1000 [1:36:25 > 20:57]
L-BFGS:  18%|█▊        | 181/1000 [1:35:18 > 21:03]
L-BFGS:  18%|█▊        | 182/1000 [1:35:35 > 21:10]
L-BFGS:  18%|█▊        | 183/1000 [1:34:43 > 21:17]
L-BFGS:  18%|█▊        | 184/1000 [1:34:06 > 21:24]
L-BFGS:  18%|█▊        | 185/1000 [1:33:39 > 21:31]
L-BFGS:  19%|█▊        | 186/1000 [1:33:09 > 21:38]
L-BFGS:  19%|█▊        | 187/1000 [1:32:50 > 21:45]
L-BFGS:  19%|█▉        | 188/1000 [1:32:53 > 21:51]
L-BFGS:  19%|█▉        | 189/1000 [1:33:14 > 21:58]
L-BFGS:  19%|█▉        | 190/1000 [1:33:22 > 22:05]
L-BFGS:  19%|█▉        | 191/1000 [1:34:33 > 22:13]
L-BFGS:  19%|█▉        | 192/1000 [1:35:21 > 22:20]
L-BFGS:  19%|█▉        | 193/1000 [1:34:43 > 22:27]
L-BFGS:  19%|█▉        | 194/1000 [1:34:18 > 22:34]
L-BFGS:  20%|█▉        | 195/1000 [1:35:10 > 22:41]
L-BFGS:  20%|█▉        | 196/1000 [1:34:28 > 22:48]
L-BFGS:  20%|█▉        | 197/1000 [1:33:57 > 22:55]
L-BFGS:  20%|█▉        | 198/1000 [1:34:40 > 23:02]
L-BFGS:  20%|█▉        | 199/1000 [1:33:28 > 23:09]
L-BFGS:  20%|██        | 200/1000 [1:32:36 > 23:16]
L-BFGS:  20%|██        | 201/1000 [1:32:01 > 23:23]
L-BFGS:  20%|██        | 202/1000 [1:31:29 > 23:29]
L-BFGS:  20%|██        | 203/1000 [1:32:10 > 23:37]
L-BFGS:  20%|██        | 204/1000 [1:32:37 > 23:44]
L-BFGS:  20%|██        | 205/1000 [1:32:59 > 23:51]
L-BFGS:  21%|██        | 206/1000 [1:32:05 > 23:58]
L-BFGS:  21%|██        | 207/1000 [1:31:31 > 24:04]
L-BFGS:  21%|██        | 208/1000 [1:31:59 > 24:11]
L-BFGS:  21%|██        | 209/1000 [1:32:19 > 24:19]
L-BFGS:  21%|██        | 210/1000 [1:32:33 > 24:26]
L-BFGS:  21%|██        | 211/1000 [1:32:43 > 24:33]
L-BFGS:  21%|██        | 212/1000 [1:32:43 > 24:40]
L-BFGS:  21%|██▏       | 213/1000 [1:31:38 > 24:47]
L-BFGS:  21%|██▏       | 214/1000 [1:31:54 > 24:54]
L-BFGS:  22%|██▏       | 215/1000 [1:30:57 > 25:00]
L-BFGS:  22%|██▏       | 216/1000 [1:30:18 > 25:07]
L-BFGS:  22%|██▏       | 217/1000 [1:29:45 > 25:14]
L-BFGS:  22%|██▏       | 218/1000 [1:29:55 > 25:21]
L-BFGS:  22%|██▏       | 219/1000 [1:31:05 > 25:28]
L-BFGS:  22%|██▏       | 220/1000 [1:30:51 > 25:35]
L-BFGS:  22%|██▏       | 221/1000 [1:31:39 > 25:42]
L-BFGS:  22%|██▏       | 222/1000 [1:32:14 > 25:50]
L-BFGS:  22%|██▏       | 223/1000 [1:32:34 > 25:57]
L-BFGS:  22%|██▏       | 224/1000 [1:31:41 > 26:04]
L-BFGS:  22%|██▎       | 225/1000 [1:31:05 > 26:11]
L-BFGS:  23%|██▎       | 226/1000 [1:30:35 > 26:18]
L-BFGS:  23%|██▎       | 227/1000 [1:30:13 > 26:25]
L-BFGS:  23%|██▎       | 228/1000 [1:29:57 > 26:32]
L-BFGS:  23%|██▎       | 229/1000 [1:29:10 > 26:39]
L-BFGS:  23%|██▎       | 230/1000 [1:28:31 > 26:45]
L-BFGS:  23%|██▎       | 231/1000 [1:27:59 > 26:52]
L-BFGS:  23%|██▎       | 232/1000 [1:28:44 > 26:59]
L-BFGS:  23%|██▎       | 233/1000 [1:29:13 > 27:06]
L-BFGS:  23%|██▎       | 234/1000 [1:28:25 > 27:13]
L-BFGS:  24%|██▎       | 235/1000 [1:27:50 > 27:20]
L-BFGS:  24%|██▎       | 236/1000 [1:28:29 > 27:27]
L-BFGS:  24%|██▎       | 237/1000 [1:28:51 > 27:34]
L-BFGS:  24%|██▍       | 238/1000 [1:29:05 > 27:41]
L-BFGS:  24%|██▍       | 239/1000 [1:28:11 > 27:48]
L-BFGS:  24%|██▍       | 240/1000 [1:28:31 > 27:55]
L-BFGS:  24%|██▍       | 241/1000 [1:27:52 > 28:02]
L-BFGS:  24%|██▍       | 242/1000 [1:27:13 > 28:09]
L-BFGS:  24%|██▍       | 243/1000 [1:27:53 > 28:16]
L-BFGS:  24%|██▍       | 244/1000 [1:28:12 > 28:23]
L-BFGS:  24%|██▍       | 245/1000 [1:28:20 > 28:30]
L-BFGS:  25%|██▍       | 246/1000 [1:27:29 > 28:37]
L-BFGS:  25%|██▍       | 247/1000 [1:26:47 > 28:44]
L-BFGS:  25%|██▍       | 248/1000 [1:27:52 > 28:51]
L-BFGS:  25%|██▍       | 249/1000 [1:27:32 > 28:58]
L-BFGS:  25%|██▌       | 250/1000 [1:27:19 > 29:05]
L-BFGS:  25%|██▌       | 251/1000 [1:27:10 > 29:12]
L-BFGS:  25%|██▌       | 252/1000 [1:26:58 > 29:19]
L-BFGS:  25%|██▌       | 253/1000 [1:27:50 > 29:26]
L-BFGS:  25%|██▌       | 254/1000 [1:28:25 > 29:33]
L-BFGS:  26%|██▌       | 255/1000 [1:28:50 > 29:40]
L-BFGS:  26%|██▌       | 256/1000 [1:28:00 > 29:47]
L-BFGS:  26%|██▌       | 257/1000 [1:28:29 > 29:55]
L-BFGS:  26%|██▌       | 258/1000 [1:27:31 > 30:02]
L-BFGS:  26%|██▌       | 259/1000 [1:27:24 > 30:09]
L-BFGS:  26%|██▌       | 260/1000 [1:26:20 > 30:15]
L-BFGS:  26%|██▌       | 261/1000 [1:26:31 > 30:23]
L-BFGS:  26%|██▌       | 262/1000 [1:25:36 > 30:29]
L-BFGS:  26%|██▋       | 263/1000 [1:24:55 > 30:36]
L-BFGS:  26%|██▋       | 264/1000 [1:24:28 > 30:43]
L-BFGS:  26%|██▋       | 265/1000 [1:25:04 > 30:50]
L-BFGS:  27%|██▋       | 266/1000 [1:25:30 > 30:57]
L-BFGS:  27%|██▋       | 267/1000 [1:24:42 > 31:04]
L-BFGS:  27%|██▋       | 268/1000 [1:24:06 > 31:11]
L-BFGS:  27%|██▋       | 269/1000 [1:23:40 > 31:18]
L-BFGS:  27%|██▋       | 270/1000 [1:23:23 > 31:24]
L-BFGS:  27%|██▋       | 271/1000 [1:24:09 > 31:31]
L-BFGS:  27%|██▋       | 272/1000 [1:24:36 > 31:39]
L-BFGS:  27%|██▋       | 273/1000 [1:24:54 > 31:46]
L-BFGS:  27%|██▋       | 274/1000 [1:24:08 > 31:52]
L-BFGS:  28%|██▊       | 275/1000 [1:23:31 > 31:59]
L-BFGS:  28%|██▊       | 276/1000 [1:23:59 > 32:06]
L-BFGS:  28%|██▊       | 277/1000 [1:23:30 > 32:13]
L-BFGS:  28%|██▊       | 278/1000 [1:23:33 > 32:20]
L-BFGS:  28%|██▊       | 279/1000 [1:24:35 > 32:27]
L-BFGS:  28%|██▊       | 280/1000 [1:25:14 > 32:35]
L-BFGS:  28%|██▊       | 281/1000 [1:25:41 > 32:42]
L-BFGS:  28%|██▊       | 282/1000 [1:25:50 > 32:49]
L-BFGS:  28%|██▊       | 283/1000 [1:25:57 > 32:56]
L-BFGS:  28%|██▊       | 284/1000 [1:26:04 > 33:04]
L-BFGS:  28%|██▊       | 285/1000 [1:25:05 > 33:11]
L-BFGS:  29%|██▊       | 286/1000 [1:25:26 > 33:18]
L-BFGS:  29%|██▊       | 287/1000 [1:24:33 > 33:25]
L-BFGS:  29%|██▉       | 288/1000 [1:24:21 > 33:32]
L-BFGS:  29%|██▉       | 289/1000 [1:24:05 > 33:39]
L-BFGS:  29%|██▉       | 290/1000 [1:22:58 > 33:46]
L-BFGS:  29%|██▉       | 291/1000 [1:22:08 > 33:53]
L-BFGS:  29%|██▉       | 292/1000 [1:21:33 > 34:00]
L-BFGS:  29%|██▉       | 293/1000 [1:21:06 > 34:06]
L-BFGS:  29%|██▉       | 294/1000 [1:20:43 > 34:13]
L-BFGS:  30%|██▉       | 295/1000 [1:21:23 > 34:20]
L-BFGS:  30%|██▉       | 296/1000 [1:20:50 > 34:27]
L-BFGS:  30%|██▉       | 297/1000 [1:21:25 > 34:34]
L-BFGS:  30%|██▉       | 298/1000 [1:21:44 > 34:41]
L-BFGS:  30%|██▉       | 299/1000 [1:21:57 > 34:48]
L-BFGS:  30%|███       | 300/1000 [1:21:09 > 34:55]
L-BFGS:  30%|███       | 301/1000 [1:20:32 > 35:02]
L-BFGS:  30%|███       | 302/1000 [1:20:10 > 35:09]
L-BFGS:  30%|███       | 303/1000 [1:19:46 > 35:16]
L-BFGS:  30%|███       | 304/1000 [1:19:27 > 35:22]
L-BFGS:  30%|███       | 305/1000 [1:19:11 > 35:29]
L-BFGS:  31%|███       | 306/1000 [1:18:55 > 35:36]
L-BFGS:  31%|███       | 307/1000 [1:20:01 > 35:43]
L-BFGS:  31%|███       | 308/1000 [1:20:02 > 35:50]
L-BFGS:  31%|███       | 309/1000 [1:20:56 > 35:57]
L-BFGS:  31%|███       | 310/1000 [1:20:36 > 36:04]
L-BFGS:  31%|███       | 311/1000 [1:21:20 > 36:12]
L-BFGS:  31%|███       | 312/1000 [1:20:48 > 36:19]
L-BFGS:  31%|███▏      | 313/1000 [1:20:21 > 36:25]
L-BFGS:  31%|███▏      | 314/1000 [1:20:07 > 36:32]
L-BFGS:  32%|███▏      | 315/1000 [1:19:51 > 36:39]
L-BFGS:  32%|███▏      | 316/1000 [1:19:39 > 36:46]
L-BFGS:  32%|███▏      | 317/1000 [1:20:24 > 36:54]
L-BFGS:  32%|███▏      | 318/1000 [1:20:29 > 37:01]
L-BFGS:  32%|███▏      | 319/1000 [1:20:21 > 37:08]
L-BFGS:  32%|███▏      | 320/1000 [1:19:21 > 37:15]
L-BFGS:  32%|███▏      | 321/1000 [1:19:32 > 37:22]
L-BFGS:  32%|███▏      | 322/1000 [1:19:36 > 37:29]
L-BFGS:  32%|███▏      | 323/1000 [1:19:43 > 37:36]
L-BFGS:  32%|███▏      | 324/1000 [1:18:49 > 37:43]
L-BFGS:  32%|███▎      | 325/1000 [1:18:04 > 37:50]
L-BFGS:  33%|███▎      | 326/1000 [1:18:26 > 37:57]
L-BFGS:  33%|███▎      | 327/1000 [1:18:40 > 38:04]
L-BFGS:  33%|███▎      | 328/1000 [1:18:45 > 38:11]
L-BFGS:  33%|███▎      | 329/1000 [1:17:57 > 38:18]
L-BFGS:  33%|███▎      | 330/1000 [1:17:17 > 38:24]
L-BFGS:  33%|███▎      | 331/1000 [1:16:47 > 38:31]
L-BFGS:  33%|███▎      | 332/1000 [1:16:25 > 38:38]
L-BFGS:  33%|███▎      | 333/1000 [1:16:08 > 38:45]
L-BFGS:  33%|███▎      | 334/1000 [1:16:00 > 38:52]
L-BFGS:  34%|███▎      | 335/1000 [1:16:43 > 38:59]
L-BFGS:  34%|███▎      | 336/1000 [1:16:13 > 39:06]
L-BFGS:  34%|███▎      | 337/1000 [1:16:16 > 39:13]
L-BFGS:  34%|███▍      | 338/1000 [1:16:21 > 39:20]
L-BFGS:  34%|███▍      | 339/1000 [1:16:24 > 39:27]
L-BFGS:  34%|███▍      | 340/1000 [1:17:15 > 39:34]
L-BFGS:  34%|███▍      | 341/1000 [1:16:58 > 39:41]
L-BFGS:  34%|███▍      | 342/1000 [1:16:30 > 39:48]
L-BFGS:  34%|███▍      | 343/1000 [1:15:50 > 39:54]
L-BFGS:  34%|███▍      | 344/1000 [1:16:15 > 40:02]
L-BFGS:  34%|███▍      | 345/1000 [1:16:00 > 40:08]
L-BFGS:  35%|███▍      | 346/1000 [1:16:36 > 40:16]
L-BFGS:  35%|███▍      | 347/1000 [1:16:02 > 40:23]
L-BFGS:  35%|███▍      | 348/1000 [1:16:44 > 40:30]
L-BFGS:  35%|███▍      | 349/1000 [1:17:06 > 40:37]
L-BFGS:  35%|███▌      | 350/1000 [1:16:58 > 40:44]
L-BFGS:  35%|███▌      | 351/1000 [1:15:52 > 40:51]
L-BFGS:  35%|███▌      | 352/1000 [1:15:07 > 40:58]
L-BFGS:  35%|███▌      | 353/1000 [1:15:25 > 41:05]
L-BFGS:  35%|███▌      | 354/1000 [1:14:43 > 41:12]
L-BFGS:  36%|███▌      | 355/1000 [1:15:04 > 41:19]
L-BFGS:  36%|███▌      | 356/1000 [1:15:16 > 41:26]
L-BFGS:  36%|███▌      | 357/1000 [1:14:34 > 41:33]
L-BFGS:  36%|███▌      | 358/1000 [1:14:04 > 41:39]
L-BFGS:  36%|███▌      | 359/1000 [1:14:28 > 41:47]
L-BFGS:  36%|███▌      | 360/1000 [1:14:44 > 41:54]
L-BFGS:  36%|███▌      | 361/1000 [1:14:01 > 42:00]
L-BFGS:  36%|███▌      | 362/1000 [1:13:32 > 42:07]
L-BFGS:  36%|███▋      | 363/1000 [1:13:58 > 42:14]
L-BFGS:  36%|███▋      | 364/1000 [1:13:25 > 42:21]
L-BFGS:  36%|███▋      | 365/1000 [1:12:59 > 42:28]
L-BFGS:  37%|███▋      | 366/1000 [1:12:42 > 42:35]
L-BFGS:  37%|███▋      | 367/1000 [1:12:21 > 42:42]
L-BFGS:  37%|███▋      | 368/1000 [1:12:05 > 42:48]
L-BFGS:  37%|███▋      | 369/1000 [1:13:14 > 42:56]
L-BFGS:  37%|███▋      | 370/1000 [1:13:59 > 43:03]
L-BFGS:  37%|███▋      | 371/1000 [1:13:34 > 43:10]
L-BFGS:  37%|███▋      | 372/1000 [1:14:07 > 43:17]
L-BFGS:  37%|███▋      | 373/1000 [1:14:26 > 43:24]
L-BFGS:  37%|███▋      | 374/1000 [1:14:38 > 43:32]
L-BFGS:  38%|███▊      | 375/1000 [1:14:49 > 43:39]
L-BFGS:  38%|███▊      | 376/1000 [1:14:55 > 43:46]
L-BFGS:  38%|███▊      | 377/1000 [1:14:57 > 43:53]
L-BFGS:  38%|███▊      | 378/1000 [1:14:57 > 44:01]
L-BFGS:  38%|███▊      | 379/1000 [1:14:32 > 44:08]
L-BFGS:  38%|███▊      | 380/1000 [1:13:07 > 44:15]
L-BFGS:  38%|███▊      | 381/1000 [1:12:12 > 44:21]
L-BFGS:  38%|███▊      | 382/1000 [1:11:33 > 44:28]
L-BFGS:  38%|███▊      | 383/1000 [1:11:03 > 44:35]
L-BFGS:  38%|███▊      | 384/1000 [1:10:39 > 44:42]
L-BFGS:  38%|███▊      | 385/1000 [1:10:20 > 44:49]
L-BFGS:  39%|███▊      | 386/1000 [1:10:02 > 44:55]
L-BFGS:  39%|███▊      | 387/1000 [1:09:48 > 45:02]
L-BFGS:  39%|███▉      | 388/1000 [1:09:40 > 45:09]
L-BFGS:  39%|███▉      | 389/1000 [1:10:19 > 45:16]
L-BFGS:  39%|███▉      | 390/1000 [1:09:53 > 45:23]
L-BFGS:  39%|███▉      | 391/1000 [1:09:31 > 45:30]
L-BFGS:  39%|███▉      | 392/1000 [1:09:22 > 45:37]
L-BFGS:  39%|███▉      | 393/1000 [1:09:11 > 45:43]
L-BFGS:  39%|███▉      | 394/1000 [1:09:50 > 45:50]
L-BFGS:  40%|███▉      | 395/1000 [1:09:24 > 45:57]
L-BFGS:  40%|███▉      | 396/1000 [1:09:05 > 46:04]
L-BFGS:  40%|███▉      | 397/1000 [1:08:50 > 46:11]
L-BFGS:  40%|███▉      | 398/1000 [1:09:42 > 46:18]
L-BFGS:  40%|███▉      | 399/1000 [1:09:42 > 46:25]
L-BFGS:  40%|████      | 400/1000 [1:09:35 > 46:32]
L-BFGS:  40%|████      | 401/1000 [1:10:22 > 46:39]
L-BFGS:  40%|████      | 402/1000 [1:10:50 > 46:47]
L-BFGS:  40%|████      | 403/1000 [1:10:16 > 46:54]
L-BFGS:  40%|████      | 404/1000 [1:09:49 > 47:00]
L-BFGS:  40%|████      | 405/1000 [1:09:33 > 47:07]
L-BFGS:  41%|████      | 406/1000 [1:09:20 > 47:14]
L-BFGS:  41%|████      | 407/1000 [1:09:57 > 47:22]
L-BFGS:  41%|████      | 408/1000 [1:09:31 > 47:29]
L-BFGS:  41%|████      | 409/1000 [1:08:54 > 47:36]
L-BFGS:  41%|████      | 410/1000 [1:08:23 > 47:42]
L-BFGS:  41%|████      | 411/1000 [1:07:52 > 47:49]
L-BFGS:  41%|████      | 412/1000 [1:07:28 > 47:56]
L-BFGS:  41%|████▏     | 413/1000 [1:07:07 > 48:03]
L-BFGS:  41%|████▏     | 414/1000 [1:06:52 > 48:10]
L-BFGS:  42%|████▏     | 415/1000 [1:07:24 > 48:17]
L-BFGS:  42%|████▏     | 416/1000 [1:06:59 > 48:24]
L-BFGS:  42%|████▏     | 417/1000 [1:07:28 > 48:31]
L-BFGS:  42%|████▏     | 418/1000 [1:06:58 > 48:37]
L-BFGS:  42%|████▏     | 419/1000 [1:07:19 > 48:44]
L-BFGS:  42%|████▏     | 420/1000 [1:07:34 > 48:52]
L-BFGS:  42%|████▏     | 421/1000 [1:07:43 > 48:59]
L-BFGS:  42%|████▏     | 422/1000 [1:06:59 > 49:05]
L-BFGS:  42%|████▏     | 423/1000 [1:07:15 > 49:13]
L-BFGS:  42%|████▏     | 424/1000 [1:07:21 > 49:20]
L-BFGS:  42%|████▎     | 425/1000 [1:06:35 > 49:26]
L-BFGS:  43%|████▎     | 426/1000 [1:06:07 > 49:33]
L-BFGS:  43%|████▎     | 427/1000 [1:05:40 > 49:40]
L-BFGS:  43%|████▎     | 428/1000 [1:06:23 > 49:47]
L-BFGS:  43%|████▎     | 429/1000 [1:07:02 > 49:54]
L-BFGS:  43%|████▎     | 430/1000 [1:06:45 > 50:01]
L-BFGS:  43%|████▎     | 431/1000 [1:06:31 > 50:08]
L-BFGS:  43%|████▎     | 432/1000 [1:06:17 > 50:15]
L-BFGS:  43%|████▎     | 433/1000 [1:06:06 > 50:22]
L-BFGS:  43%|████▎     | 434/1000 [1:05:54 > 50:29]
L-BFGS:  44%|████▎     | 435/1000 [1:06:31 > 50:37]
L-BFGS:  44%|████▎     | 436/1000 [1:06:04 > 50:44]
L-BFGS:  44%|████▎     | 437/1000 [1:06:34 > 50:51]
L-BFGS:  44%|████▍     | 438/1000 [1:06:53 > 50:58]
L-BFGS:  44%|████▍     | 439/1000 [1:05:51 > 51:05]
L-BFGS:  44%|████▍     | 440/1000 [1:05:04 > 51:12]
L-BFGS:  44%|████▍     | 441/1000 [1:05:19 > 51:19]
L-BFGS:  44%|████▍     | 442/1000 [1:04:40 > 51:26]
L-BFGS:  44%|████▍     | 443/1000 [1:04:09 > 51:32]
L-BFGS:  44%|████▍     | 444/1000 [1:04:30 > 51:39]
L-BFGS:  44%|████▍     | 445/1000 [1:03:56 > 51:46]
L-BFGS:  45%|████▍     | 446/1000 [1:04:17 > 51:53]
L-BFGS:  45%|████▍     | 447/1000 [1:03:45 > 52:00]
L-BFGS:  45%|████▍     | 448/1000 [1:03:25 > 52:07]
L-BFGS:  45%|████▍     | 449/1000 [1:03:48 > 52:14]
L-BFGS:  45%|████▌     | 450/1000 [1:04:04 > 52:21]
L-BFGS:  45%|████▌     | 451/1000 [1:04:12 > 52:28]
L-BFGS:  45%|████▌     | 452/1000 [1:03:30 > 52:35]
L-BFGS:  45%|████▌     | 453/1000 [1:03:45 > 52:42]
L-BFGS:  45%|████▌     | 454/1000 [1:03:11 > 52:49]
L-BFGS:  46%|████▌     | 455/1000 [1:02:43 > 52:56]
L-BFGS:  46%|████▌     | 456/1000 [1:03:08 > 53:03]
L-BFGS:  46%|████▌     | 457/1000 [1:03:20 > 53:10]
L-BFGS:  46%|████▌     | 458/1000 [1:03:49 > 53:17]
L-BFGS:  46%|████▌     | 459/1000 [1:04:11 > 53:24]
L-BFGS:  46%|████▌     | 460/1000 [1:04:23 > 53:32]
L-BFGS:  46%|████▌     | 461/1000 [1:04:30 > 53:39]
L-BFGS:  46%|████▌     | 462/1000 [1:03:50 > 53:46]
L-BFGS:  46%|████▋     | 463/1000 [1:03:15 > 53:53]
L-BFGS:  46%|████▋     | 464/1000 [1:03:40 > 54:00]
L-BFGS:  46%|████▋     | 465/1000 [1:03:06 > 54:07]
L-BFGS:  47%|████▋     | 466/1000 [1:02:41 > 54:14]
L-BFGS:  47%|████▋     | 467/1000 [1:02:25 > 54:21]
L-BFGS:  47%|████▋     | 468/1000 [1:01:58 > 54:28]
L-BFGS:  47%|████▋     | 469/1000 [1:01:22 > 54:35]
L-BFGS:  47%|████▋     | 470/1000 [1:01:36 > 54:42]
L-BFGS:  47%|████▋     | 471/1000 [1:01:49 > 54:49]
L-BFGS:  47%|████▋     | 472/1000 [1:01:10 > 54:56]
L-BFGS:  47%|████▋     | 473/1000 [1:00:42 > 55:02]
L-BFGS:  47%|████▋     | 474/1000 [1:01:04 > 55:10]
L-BFGS:  48%|████▊     | 475/1000 [1:01:18 > 55:17]
L-BFGS:  48%|████▊     | 476/1000 [1:00:40 > 55:23]
L-BFGS:  48%|████▊     | 477/1000 [1:00:11 > 55:30]
L-BFGS:  48%|████▊     | 478/1000 [1:00:32 > 55:37]
L-BFGS:  48%|████▊     | 479/1000 [1:00:42 > 55:44]
L-BFGS:  48%|████▊     | 480/1000 [1:00:09 > 55:51]
L-BFGS:  48%|████▊     | 481/1000 [59:43 > 55:58]  
L-BFGS:  48%|████▊     | 482/1000 [59:23 > 56:05]
L-BFGS:  48%|████▊     | 483/1000 [59:46 > 56:12]
L-BFGS:  48%|████▊     | 484/1000 [59:18 > 56:19]
L-BFGS:  48%|████▊     | 485/1000 [58:57 > 56:26]
L-BFGS:  49%|████▊     | 486/1000 [58:38 > 56:32]
L-BFGS:  49%|████▊     | 487/1000 [58:30 > 56:39]
L-BFGS:  49%|████▉     | 488/1000 [59:24 > 56:46]
L-BFGS:  49%|████▉     | 489/1000 [59:17 > 56:53]
L-BFGS:  49%|████▉     | 490/1000 [59:12 > 57:00]
L-BFGS:  49%|████▉     | 491/1000 [59:00 > 57:07]
L-BFGS:  49%|████▉     | 492/1000 [59:34 > 57:15]
L-BFGS:  49%|████▉     | 493/1000 [59:17 > 57:22]
L-BFGS:  49%|████▉     | 494/1000 [59:00 > 57:28]
L-BFGS:  50%|████▉     | 495/1000 [58:49 > 57:35]
L-BFGS:  50%|████▉     | 496/1000 [59:23 > 57:43]
L-BFGS:  50%|████▉     | 497/1000 [59:04 > 57:50]
L-BFGS:  50%|████▉     | 498/1000 [58:31 > 57:57]
L-BFGS:  50%|████▉     | 499/1000 [58:36 > 58:04]
L-BFGS:  50%|█████     | 500/1000 [58:39 > 58:11]
L-BFGS:  50%|█████     | 501/1000 [57:57 > 58:18]
L-BFGS:  50%|█████     | 502/1000 [58:09 > 58:25]
L-BFGS:  50%|█████     | 503/1000 [58:11 > 58:32]
L-BFGS:  50%|█████     | 504/1000 [58:14 > 58:39]
L-BFGS:  50%|█████     | 505/1000 [58:13 > 58:46]
L-BFGS:  51%|█████     | 506/1000 [58:11 > 58:53]
L-BFGS:  51%|█████     | 507/1000 [57:29 > 59:00]
L-BFGS:  51%|█████     | 508/1000 [56:54 > 59:07]
L-BFGS:  51%|█████     | 509/1000 [56:27 > 59:13]
L-BFGS:  51%|█████     | 510/1000 [56:08 > 59:20]
L-BFGS:  51%|█████     | 511/1000 [56:31 > 59:27]
L-BFGS:  51%|█████     | 512/1000 [56:07 > 59:34]
L-BFGS:  51%|█████▏    | 513/1000 [56:27 > 59:41]
L-BFGS:  51%|█████▏    | 514/1000 [56:38 > 59:48]
L-BFGS:  52%|█████▏    | 515/1000 [56:07 > 59:55]
L-BFGS:  52%|█████▏    | 516/1000 [56:20 > 1:00:02]
L-BFGS:  52%|█████▏    | 517/1000 [56:40 > 1:00:09]
L-BFGS:  52%|█████▏    | 518/1000 [56:24 > 1:00:16]
L-BFGS:  52%|█████▏    | 519/1000 [56:46 > 1:00:24]
L-BFGS:  52%|█████▏    | 520/1000 [57:05 > 1:00:31]
L-BFGS:  52%|█████▏    | 521/1000 [56:35 > 1:00:38]
L-BFGS:  52%|█████▏    | 522/1000 [56:16 > 1:00:45]
L-BFGS:  52%|█████▏    | 523/1000 [56:36 > 1:00:52]
L-BFGS:  52%|█████▏    | 524/1000 [56:48 > 1:00:59]
L-BFGS:  52%|█████▎    | 525/1000 [56:54 > 1:01:07]
L-BFGS:  53%|█████▎    | 526/1000 [56:15 > 1:01:14]
L-BFGS:  53%|█████▎    | 527/1000 [56:23 > 1:01:21]
L-BFGS:  53%|█████▎    | 528/1000 [56:06 > 1:01:28]
L-BFGS:  53%|█████▎    | 529/1000 [55:16 > 1:01:35]
L-BFGS:  53%|█████▎    | 530/1000 [55:17 > 1:01:42]
L-BFGS:  53%|█████▎    | 531/1000 [54:41 > 1:01:49]
L-BFGS:  53%|█████▎    | 532/1000 [54:07 > 1:01:55]
L-BFGS:  53%|█████▎    | 533/1000 [53:43 > 1:02:02]
L-BFGS:  53%|█████▎    | 534/1000 [53:22 > 1:02:09]
L-BFGS:  54%|█████▎    | 535/1000 [53:45 > 1:02:16]
L-BFGS:  54%|█████▎    | 536/1000 [53:57 > 1:02:23]
L-BFGS:  54%|█████▎    | 537/1000 [54:05 > 1:02:30]
L-BFGS:  54%|█████▍    | 538/1000 [54:09 > 1:02:37]
L-BFGS:  54%|█████▍    | 539/1000 [54:09 > 1:02:44]
L-BFGS:  54%|█████▍    | 540/1000 [54:06 > 1:02:52]
L-BFGS:  54%|█████▍    | 541/1000 [53:24 > 1:02:58]
L-BFGS:  54%|█████▍    | 542/1000 [53:29 > 1:03:05]
L-BFGS:  54%|█████▍    | 543/1000 [52:54 > 1:03:12]
L-BFGS:  54%|█████▍    | 544/1000 [52:30 > 1:03:19]
L-BFGS:  55%|█████▍    | 545/1000 [52:49 > 1:03:26]
L-BFGS:  55%|█████▍    | 546/1000 [53:04 > 1:03:33]
L-BFGS:  55%|█████▍    | 547/1000 [52:52 > 1:03:40]
L-BFGS:  55%|█████▍    | 548/1000 [52:39 > 1:03:47]
L-BFGS:  55%|█████▍    | 549/1000 [53:07 > 1:03:54]
L-BFGS:  55%|█████▌    | 550/1000 [52:47 > 1:04:01]
L-BFGS:  55%|█████▌    | 551/1000 [52:31 > 1:04:08]
L-BFGS:  55%|█████▌    | 552/1000 [52:53 > 1:04:16]
L-BFGS:  55%|█████▌    | 553/1000 [53:08 > 1:04:23]
L-BFGS:  55%|█████▌    | 554/1000 [52:39 > 1:04:30]
L-BFGS:  56%|█████▌    | 555/1000 [52:19 > 1:04:37]
L-BFGS:  56%|█████▌    | 556/1000 [52:36 > 1:04:44]
L-BFGS:  56%|█████▌    | 557/1000 [52:36 > 1:04:51]
L-BFGS:  56%|█████▌    | 558/1000 [51:50 > 1:04:58]
L-BFGS:  56%|█████▌    | 559/1000 [51:15 > 1:05:05]
L-BFGS:  56%|█████▌    | 560/1000 [51:24 > 1:05:12]
L-BFGS:  56%|█████▌    | 561/1000 [51:31 > 1:05:19]
L-BFGS:  56%|█████▌    | 562/1000 [51:29 > 1:05:26]
L-BFGS:  56%|█████▋    | 563/1000 [51:24 > 1:05:33]
L-BFGS:  56%|█████▋    | 564/1000 [50:44 > 1:05:40]
L-BFGS:  56%|█████▋    | 565/1000 [50:51 > 1:05:47]
L-BFGS:  57%|█████▋    | 566/1000 [50:20 > 1:05:54]
L-BFGS:  57%|█████▋    | 567/1000 [50:28 > 1:06:01]
L-BFGS:  57%|█████▋    | 568/1000 [50:31 > 1:06:08]
L-BFGS:  57%|█████▋    | 569/1000 [49:57 > 1:06:15]
L-BFGS:  57%|█████▋    | 570/1000 [50:06 > 1:06:22]
L-BFGS:  57%|█████▋    | 571/1000 [49:36 > 1:06:29]
L-BFGS:  57%|█████▋    | 572/1000 [49:14 > 1:06:36]
L-BFGS:  57%|█████▋    | 573/1000 [49:34 > 1:06:43]
L-BFGS:  57%|█████▋    | 574/1000 [49:41 > 1:06:50]
L-BFGS:  57%|█████▊    | 575/1000 [49:10 > 1:06:57]
L-BFGS:  58%|█████▊    | 576/1000 [49:29 > 1:07:04]
L-BFGS:  58%|█████▊    | 577/1000 [49:19 > 1:07:11]
L-BFGS:  58%|█████▊    | 578/1000 [49:07 > 1:07:18]
L-BFGS:  58%|█████▊    | 579/1000 [48:55 > 1:07:25]
L-BFGS:  58%|█████▊    | 580/1000 [48:48 > 1:07:32]
L-BFGS:  58%|█████▊    | 581/1000 [48:42 > 1:07:39]
L-BFGS:  58%|█████▊    | 582/1000 [48:34 > 1:07:46]
L-BFGS:  58%|█████▊    | 583/1000 [48:24 > 1:07:53]
L-BFGS:  58%|█████▊    | 584/1000 [48:54 > 1:08:00]
L-BFGS:  58%|█████▊    | 585/1000 [49:11 > 1:08:07]
L-BFGS:  59%|█████▊    | 586/1000 [48:45 > 1:08:14]
L-BFGS:  59%|█████▊    | 587/1000 [48:42 > 1:08:21]
L-BFGS:  59%|█████▉    | 588/1000 [48:02 > 1:08:28]
L-BFGS:  59%|█████▉    | 589/1000 [48:07 > 1:08:35]
L-BFGS:  59%|█████▉    | 590/1000 [48:07 > 1:08:42]
L-BFGS:  59%|█████▉    | 591/1000 [47:34 > 1:08:49]
L-BFGS:  59%|█████▉    | 592/1000 [47:49 > 1:08:56]
L-BFGS:  59%|█████▉    | 593/1000 [47:17 > 1:09:03]
L-BFGS:  59%|█████▉    | 594/1000 [46:50 > 1:09:10]
L-BFGS:  60%|█████▉    | 595/1000 [47:05 > 1:09:17]
L-BFGS:  60%|█████▉    | 596/1000 [46:43 > 1:09:24]
L-BFGS:  60%|█████▉    | 597/1000 [46:53 > 1:09:31]
L-BFGS:  60%|█████▉    | 598/1000 [47:02 > 1:09:38]
L-BFGS:  60%|█████▉    | 599/1000 [40:00 > 1:09:41]
L-BFGS:  60%|██████    | 600/1000 [41:33 > 1:09:48]
L-BFGS:  60%|██████    | 601/1000 [43:10 > 1:09:55]
L-BFGS:  60%|██████    | 602/1000 [44:13 > 1:10:02]
L-BFGS:  60%|██████    | 603/1000 [44:55 > 1:10:10]
L-BFGS:  60%|██████    | 604/1000 [44:51 > 1:10:16]
L-BFGS:  60%|██████    | 605/1000 [45:17 > 1:10:23]
L-BFGS:  61%|██████    | 606/1000 [45:11 > 1:10:30]
L-BFGS:  61%|██████    | 607/1000 [45:17 > 1:10:37]
L-BFGS:  61%|██████    | 608/1000 [45:51 > 1:10:45]
L-BFGS:  61%|██████    | 609/1000 [45:38 > 1:10:51]
L-BFGS:  61%|██████    | 610/1000 [45:28 > 1:10:58]
L-BFGS:  61%|██████    | 611/1000 [45:16 > 1:11:05]
L-BFGS:  61%|██████    | 612/1000 [45:06 > 1:11:12]
L-BFGS:  61%|██████▏   | 613/1000 [44:55 > 1:11:19]
L-BFGS:  61%|██████▏   | 614/1000 [44:50 > 1:11:26]
L-BFGS:  62%|██████▏   | 615/1000 [44:41 > 1:11:33]
L-BFGS:  62%|██████▏   | 616/1000 [44:35 > 1:11:40]
L-BFGS:  62%|██████▏   | 617/1000 [44:49 > 1:11:47]
L-BFGS:  62%|██████▏   | 618/1000 [44:17 > 1:11:54]
L-BFGS:  62%|██████▏   | 619/1000 [44:24 > 1:12:01]
L-BFGS:  62%|██████▏   | 620/1000 [43:56 > 1:12:08]
L-BFGS:  62%|██████▏   | 621/1000 [43:35 > 1:12:15]
L-BFGS:  62%|██████▏   | 622/1000 [43:20 > 1:12:22]
L-BFGS:  62%|██████▏   | 623/1000 [43:06 > 1:12:29]
L-BFGS:  62%|██████▏   | 624/1000 [42:52 > 1:12:35]
L-BFGS:  62%|██████▎   | 625/1000 [42:41 > 1:12:42]
L-BFGS:  63%|██████▎   | 626/1000 [43:03 > 1:12:49]
L-BFGS:  63%|██████▎   | 627/1000 [43:18 > 1:12:56]
L-BFGS:  63%|██████▎   | 628/1000 [43:27 > 1:13:03]
L-BFGS:  63%|██████▎   | 629/1000 [42:58 > 1:13:10]
L-BFGS:  63%|██████▎   | 630/1000 [43:06 > 1:13:17]
L-BFGS:  63%|██████▎   | 631/1000 [42:40 > 1:13:24]
L-BFGS:  63%|██████▎   | 632/1000 [42:17 > 1:13:31]
L-BFGS:  63%|██████▎   | 633/1000 [42:02 > 1:13:38]
L-BFGS:  63%|██████▎   | 634/1000 [42:20 > 1:13:45]
L-BFGS:  64%|██████▎   | 635/1000 [41:59 > 1:13:52]
L-BFGS:  64%|██████▎   | 636/1000 [41:52 > 1:13:59]
L-BFGS:  64%|██████▎   | 637/1000 [41:50 > 1:14:06]
L-BFGS:  64%|██████▍   | 638/1000 [42:18 > 1:14:13]
L-BFGS:  64%|██████▍   | 639/1000 [42:38 > 1:14:20]
L-BFGS:  64%|██████▍   | 640/1000 [42:17 > 1:14:27]
L-BFGS:  64%|██████▍   | 641/1000 [42:01 > 1:14:34]
L-BFGS:  64%|██████▍   | 642/1000 [41:47 > 1:14:41]
L-BFGS:  64%|██████▍   | 643/1000 [41:34 > 1:14:48]
L-BFGS:  64%|██████▍   | 644/1000 [41:56 > 1:14:55]
L-BFGS:  64%|██████▍   | 645/1000 [41:36 > 1:15:02]
L-BFGS:  65%|██████▍   | 646/1000 [41:21 > 1:15:09]
L-BFGS:  65%|██████▍   | 647/1000 [40:57 > 1:15:16]
L-BFGS:  65%|██████▍   | 648/1000 [41:04 > 1:15:23]
L-BFGS:  65%|██████▍   | 649/1000 [41:06 > 1:15:30]
L-BFGS:  65%|██████▌   | 650/1000 [41:06 > 1:15:37]
L-BFGS:  65%|██████▌   | 651/1000 [41:03 > 1:15:44]
L-BFGS:  65%|██████▌   | 652/1000 [40:30 > 1:15:51]
L-BFGS:  65%|██████▌   | 653/1000 [40:06 > 1:15:58]
L-BFGS:  65%|██████▌   | 654/1000 [39:47 > 1:16:05]
L-BFGS:  66%|██████▌   | 655/1000 [39:31 > 1:16:11]
L-BFGS:  66%|██████▌   | 656/1000 [39:47 > 1:16:19]
L-BFGS:  66%|██████▌   | 657/1000 [39:27 > 1:16:25]
L-BFGS:  66%|██████▌   | 658/1000 [34:03 > 1:16:29]
L-BFGS:  66%|██████▌   | 659/1000 [35:22 > 1:16:36]
L-BFGS:  66%|██████▌   | 660/1000 [36:44 > 1:16:43]
L-BFGS:  66%|██████▌   | 661/1000 [37:12 > 1:16:50]
L-BFGS:  66%|██████▌   | 662/1000 [37:59 > 1:16:57]
L-BFGS:  66%|██████▋   | 663/1000 [38:00 > 1:17:04]
L-BFGS:  66%|██████▋   | 664/1000 [38:26 > 1:17:11]
L-BFGS:  66%|██████▋   | 665/1000 [38:41 > 1:17:18]
L-BFGS:  67%|██████▋   | 666/1000 [38:29 > 1:17:25]
L-BFGS:  67%|██████▋   | 667/1000 [38:27 > 1:17:32]
L-BFGS:  67%|██████▋   | 668/1000 [38:25 > 1:17:39]
L-BFGS:  67%|██████▋   | 669/1000 [38:49 > 1:17:46]
L-BFGS:  67%|██████▋   | 670/1000 [38:35 > 1:17:53]
L-BFGS:  67%|██████▋   | 671/1000 [38:50 > 1:18:00]
L-BFGS:  67%|██████▋   | 672/1000 [38:34 > 1:18:07]
L-BFGS:  67%|██████▋   | 673/1000 [38:46 > 1:18:15]
L-BFGS:  67%|██████▋   | 674/1000 [38:24 > 1:18:22]
L-BFGS:  68%|██████▊   | 675/1000 [38:08 > 1:18:29]
L-BFGS:  68%|██████▊   | 676/1000 [37:55 > 1:18:35]
L-BFGS:  68%|██████▊   | 677/1000 [37:32 > 1:18:42]
L-BFGS:  68%|██████▊   | 678/1000 [37:10 > 1:18:49]
L-BFGS:  68%|██████▊   | 679/1000 [36:52 > 1:18:56]
L-BFGS:  68%|██████▊   | 680/1000 [36:37 > 1:19:03]
L-BFGS:  68%|██████▊   | 681/1000 [36:53 > 1:19:10]
L-BFGS:  68%|██████▊   | 682/1000 [36:34 > 1:19:17]
L-BFGS:  68%|██████▊   | 683/1000 [36:21 > 1:19:24]
L-BFGS:  68%|██████▊   | 684/1000 [36:09 > 1:19:30]
L-BFGS:  68%|██████▊   | 685/1000 [35:58 > 1:19:37]
L-BFGS:  69%|██████▊   | 686/1000 [35:49 > 1:19:44]
L-BFGS:  69%|██████▊   | 687/1000 [36:05 > 1:19:51]
L-BFGS:  69%|██████▉   | 688/1000 [36:13 > 1:19:58]
L-BFGS:  69%|██████▉   | 689/1000 [36:15 > 1:20:05]
L-BFGS:  69%|██████▉   | 690/1000 [35:51 > 1:20:12]
L-BFGS:  69%|██████▉   | 691/1000 [35:57 > 1:20:19]
L-BFGS:  69%|██████▉   | 692/1000 [36:00 > 1:20:26]
L-BFGS:  69%|██████▉   | 693/1000 [35:58 > 1:20:33]
L-BFGS:  69%|██████▉   | 694/1000 [35:32 > 1:20:40]
L-BFGS:  70%|██████▉   | 695/1000 [35:37 > 1:20:47]
L-BFGS:  70%|██████▉   | 696/1000 [35:20 > 1:20:54]
L-BFGS:  70%|██████▉   | 697/1000 [35:38 > 1:21:01]
L-BFGS:  70%|██████▉   | 698/1000 [35:23 > 1:21:08]
L-BFGS:  70%|██████▉   | 699/1000 [35:09 > 1:21:15]
L-BFGS:  70%|███████   | 700/1000 [35:23 > 1:21:23]
L-BFGS:  70%|███████   | 701/1000 [35:06 > 1:21:30]
L-BFGS:  70%|███████   | 702/1000 [34:51 > 1:21:36]
L-BFGS:  70%|███████   | 703/1000 [35:06 > 1:21:44]
L-BFGS:  70%|███████   | 704/1000 [35:11 > 1:21:51]
L-BFGS:  70%|███████   | 705/1000 [34:49 > 1:21:58]
L-BFGS:  71%|███████   | 706/1000 [34:34 > 1:22:05]
L-BFGS:  71%|███████   | 707/1000 [34:07 > 1:22:12]
L-BFGS:  71%|███████   | 708/1000 [34:09 > 1:22:19]
L-BFGS:  71%|███████   | 709/1000 [33:42 > 1:22:26]
L-BFGS:  71%|███████   | 710/1000 [33:48 > 1:22:33]
L-BFGS:  71%|███████   | 711/1000 [33:49 > 1:22:40]
L-BFGS:  71%|███████   | 712/1000 [33:47 > 1:22:47]
L-BFGS:  71%|███████▏  | 713/1000 [33:21 > 1:22:54]
L-BFGS:  71%|███████▏  | 714/1000 [33:00 > 1:23:01]
L-BFGS:  72%|███████▏  | 715/1000 [32:41 > 1:23:07]
L-BFGS:  72%|███████▏  | 716/1000 [32:54 > 1:23:14]
L-BFGS:  72%|███████▏  | 717/1000 [32:34 > 1:23:21]
L-BFGS:  72%|███████▏  | 718/1000 [32:42 > 1:23:28]
L-BFGS:  72%|███████▏  | 719/1000 [32:47 > 1:23:35]
L-BFGS:  72%|███████▏  | 720/1000 [32:25 > 1:23:42]
L-BFGS:  72%|███████▏  | 721/1000 [32:06 > 1:23:49]
L-BFGS:  72%|███████▏  | 722/1000 [32:13 > 1:23:56]
L-BFGS:  72%|███████▏  | 723/1000 [32:17 > 1:24:03]
L-BFGS:  72%|███████▏  | 724/1000 [31:54 > 1:24:10]
L-BFGS:  72%|███████▎  | 725/1000 [31:38 > 1:24:17]
L-BFGS:  73%|███████▎  | 726/1000 [31:56 > 1:24:24]
L-BFGS:  73%|███████▎  | 727/1000 [32:08 > 1:24:31]
L-BFGS:  73%|███████▎  | 728/1000 [32:17 > 1:24:39]
L-BFGS:  73%|███████▎  | 729/1000 [32:20 > 1:24:46]
L-BFGS:  73%|███████▎  | 730/1000 [31:57 > 1:24:53]
L-BFGS:  73%|███████▎  | 731/1000 [31:42 > 1:25:00]
L-BFGS:  73%|███████▎  | 732/1000 [31:27 > 1:25:07]
L-BFGS:  73%|███████▎  | 733/1000 [31:14 > 1:25:14]
L-BFGS:  73%|███████▎  | 734/1000 [31:24 > 1:25:21]
L-BFGS:  74%|███████▎  | 735/1000 [31:32 > 1:25:28]
L-BFGS:  74%|███████▎  | 736/1000 [31:07 > 1:25:35]
L-BFGS:  74%|███████▎  | 737/1000 [26:20 > 1:25:39]
L-BFGS:  74%|███████▍  | 738/1000 [27:38 > 1:25:46]
L-BFGS:  74%|███████▍  | 739/1000 [25:19 > 1:25:50]
L-BFGS:  74%|███████▍  | 740/1000 [26:51 > 1:25:57]
L-BFGS:  74%|███████▍  | 741/1000 [27:33 > 1:26:04]
L-BFGS:  74%|███████▍  | 742/1000 [28:03 > 1:26:11]
L-BFGS:  74%|███████▍  | 743/1000 [28:40 > 1:26:18]
L-BFGS:  74%|███████▍  | 744/1000 [28:42 > 1:26:25]
L-BFGS:  74%|███████▍  | 745/1000 [28:41 > 1:26:32]
L-BFGS:  75%|███████▍  | 746/1000 [28:41 > 1:26:39]
L-BFGS:  75%|███████▍  | 747/1000 [28:36 > 1:26:45]
L-BFGS:  75%|███████▍  | 748/1000 [22:41 > 1:26:48]
L-BFGS:  75%|███████▍  | 749/1000 [24:41 > 1:26:55]
L-BFGS:  75%|███████▌  | 750/1000 [18:13 > 1:26:55]
L-BFGS:  75%|███████▌  | 751/1000 [21:32 > 1:27:03]
L-BFGS:  75%|███████▌  | 752/1000 [23:27 > 1:27:09]
L-BFGS:  75%|███████▌  | 753/1000 [25:06 > 1:27:16]
L-BFGS:  75%|███████▌  | 754/1000 [25:52 > 1:27:23]
L-BFGS:  76%|███████▌  | 755/1000 [26:23 > 1:27:30]
L-BFGS:  76%|███████▌  | 756/1000 [26:43 > 1:27:37]
L-BFGS:  76%|███████▌  | 757/1000 [27:15 > 1:27:44]
L-BFGS:  76%|███████▌  | 758/1000 [27:44 > 1:27:51]
L-BFGS:  76%|███████▌  | 759/1000 [28:05 > 1:27:59]
L-BFGS:  76%|███████▌  | 760/1000 [28:16 > 1:28:06]
L-BFGS:  76%|███████▌  | 761/1000 [28:03 > 1:28:13]
L-BFGS:  76%|███████▌  | 762/1000 [27:49 > 1:28:20]
L-BFGS:  76%|███████▋  | 763/1000 [27:57 > 1:28:27]
L-BFGS:  76%|███████▋  | 764/1000 [28:02 > 1:28:34]
L-BFGS:  76%|███████▋  | 765/1000 [27:44 > 1:28:41]
L-BFGS:  77%|███████▋  | 766/1000 [27:28 > 1:28:48]
L-BFGS:  77%|███████▋  | 767/1000 [27:15 > 1:28:55]
L-BFGS:  77%|███████▋  | 768/1000 [27:20 > 1:29:02]
L-BFGS:  77%|███████▋  | 769/1000 [26:55 > 1:29:09]
L-BFGS:  77%|███████▋  | 770/1000 [26:36 > 1:29:16]
L-BFGS:  77%|███████▋  | 771/1000 [26:20 > 1:29:23]
L-BFGS:  77%|███████▋  | 772/1000 [26:08 > 1:29:30]
L-BFGS:  77%|███████▋  | 773/1000 [26:16 > 1:29:37]
L-BFGS:  77%|███████▋  | 774/1000 [25:59 > 1:29:43]
L-BFGS:  78%|███████▊  | 775/1000 [25:46 > 1:29:50]
L-BFGS:  78%|███████▊  | 776/1000 [25:52 > 1:29:57]
L-BFGS:  78%|███████▊  | 777/1000 [25:56 > 1:30:04]
L-BFGS:  78%|███████▊  | 778/1000 [25:38 > 1:30:11]
L-BFGS:  78%|███████▊  | 779/1000 [25:24 > 1:30:18]
L-BFGS:  78%|███████▊  | 780/1000 [19:30 > 1:30:20]
L-BFGS:  78%|███████▊  | 781/1000 [21:20 > 1:30:27]
L-BFGS:  78%|███████▊  | 782/1000 [22:36 > 1:30:34]
L-BFGS:  78%|███████▊  | 783/1000 [23:08 > 1:30:41]
L-BFGS:  78%|███████▊  | 784/1000 [23:30 > 1:30:47]
L-BFGS:  78%|███████▊  | 785/1000 [23:41 > 1:30:54]
L-BFGS:  79%|███████▊  | 786/1000 [23:47 > 1:31:01]
L-BFGS:  79%|███████▊  | 787/1000 [23:49 > 1:31:08]
L-BFGS:  79%|███████▉  | 788/1000 [23:52 > 1:31:15]
L-BFGS:  79%|███████▉  | 789/1000 [24:16 > 1:31:22]
L-BFGS:  79%|███████▉  | 790/1000 [24:13 > 1:31:29]
L-BFGS:  79%|███████▉  | 791/1000 [24:07 > 1:31:36]
L-BFGS:  79%|███████▉  | 792/1000 [24:03 > 1:31:43]
L-BFGS:  79%|███████▉  | 793/1000 [23:58 > 1:31:50]
L-BFGS:  79%|███████▉  | 794/1000 [23:53 > 1:31:57]
L-BFGS:  80%|███████▉  | 795/1000 [24:04 > 1:32:04]
L-BFGS:  80%|███████▉  | 796/1000 [24:10 > 1:32:11]
L-BFGS:  80%|███████▉  | 797/1000 [23:54 > 1:32:18]
L-BFGS:  80%|███████▉  | 798/1000 [23:41 > 1:32:25]
L-BFGS:  80%|███████▉  | 799/1000 [23:41 > 1:32:32]
L-BFGS:  80%|████████  | 800/1000 [23:20 > 1:32:39]
L-BFGS:  80%|████████  | 801/1000 [23:03 > 1:32:46]
L-BFGS:  80%|████████  | 802/1000 [23:05 > 1:32:53]
L-BFGS:  80%|████████  | 803/1000 [22:47 > 1:33:00]
L-BFGS:  80%|████████  | 804/1000 [22:50 > 1:33:07]
L-BFGS:  80%|████████  | 805/1000 [22:49 > 1:33:14]
L-BFGS:  81%|████████  | 806/1000 [22:31 > 1:33:21]
L-BFGS:  81%|████████  | 807/1000 [22:17 > 1:33:28]
L-BFGS:  81%|████████  | 808/1000 [22:19 > 1:33:35]
L-BFGS:  81%|████████  | 809/1000 [22:02 > 1:33:42]
L-BFGS:  81%|████████  | 810/1000 [21:49 > 1:33:49]
L-BFGS:  81%|████████  | 811/1000 [21:55 > 1:33:56]
L-BFGS:  81%|████████  | 812/1000 [21:55 > 1:34:03]
L-BFGS:  81%|████████▏ | 813/1000 [21:38 > 1:34:10]
L-BFGS:  81%|████████▏ | 814/1000 [21:39 > 1:34:17]
L-BFGS:  82%|████████▏ | 815/1000 [21:22 > 1:34:24]
L-BFGS:  82%|████████▏ | 816/1000 [21:24 > 1:34:31]
L-BFGS:  82%|████████▏ | 817/1000 [21:23 > 1:34:38]
L-BFGS:  82%|████████▏ | 818/1000 [21:14 > 1:34:45]
L-BFGS:  82%|████████▏ | 819/1000 [21:06 > 1:34:52]
L-BFGS:  82%|████████▏ | 820/1000 [20:58 > 1:34:59]
L-BFGS:  82%|████████▏ | 821/1000 [20:51 > 1:35:06]
L-BFGS:  82%|████████▏ | 822/1000 [20:57 > 1:35:13]
L-BFGS:  82%|████████▏ | 823/1000 [20:45 > 1:35:20]
L-BFGS:  82%|████████▏ | 824/1000 [15:10 > 1:35:21]
L-BFGS:  82%|████████▎ | 825/1000 [16:39 > 1:35:28]
L-BFGS:  83%|████████▎ | 826/1000 [17:39 > 1:35:35]
L-BFGS:  83%|████████▎ | 827/1000 [18:18 > 1:35:42]
L-BFGS:  83%|████████▎ | 828/1000 [18:58 > 1:35:49]
L-BFGS:  83%|████████▎ | 829/1000 [19:06 > 1:35:56]
L-BFGS:  83%|████████▎ | 830/1000 [17:27 > 1:36:01]
L-BFGS:  83%|████████▎ | 831/1000 [18:07 > 1:36:08]
L-BFGS:  83%|████████▎ | 832/1000 [18:33 > 1:36:15]
L-BFGS:  83%|████████▎ | 833/1000 [18:37 > 1:36:22]
L-BFGS:  83%|████████▎ | 834/1000 [18:49 > 1:36:29]
L-BFGS:  84%|████████▎ | 835/1000 [18:42 > 1:36:35]
L-BFGS:  84%|████████▎ | 836/1000 [18:36 > 1:36:42]
L-BFGS:  84%|████████▎ | 837/1000 [18:43 > 1:36:49]
L-BFGS:  84%|████████▍ | 838/1000 [18:32 > 1:36:56]
L-BFGS:  84%|████████▍ | 839/1000 [18:23 > 1:37:03]
L-BFGS:  84%|████████▍ | 840/1000 [18:15 > 1:37:10]
L-BFGS:  84%|████████▍ | 841/1000 [18:07 > 1:37:17]
L-BFGS:  84%|████████▍ | 842/1000 [16:54 > 1:37:22]
L-BFGS:  84%|████████▍ | 843/1000 [17:06 > 1:37:29]
L-BFGS:  84%|████████▍ | 844/1000 [17:13 > 1:37:36]
L-BFGS:  84%|████████▍ | 845/1000 [17:27 > 1:37:43]
L-BFGS:  85%|████████▍ | 846/1000 [17:23 > 1:37:50]
L-BFGS:  85%|████████▍ | 847/1000 [17:30 > 1:37:57]
L-BFGS:  85%|████████▍ | 848/1000 [17:21 > 1:38:04]
L-BFGS:  85%|████████▍ | 849/1000 [17:17 > 1:38:10]
L-BFGS:  85%|████████▌ | 850/1000 [17:01 > 1:38:17]
L-BFGS:  85%|████████▌ | 851/1000 [17:13 > 1:38:24]
L-BFGS:  85%|████████▌ | 852/1000 [17:08 > 1:38:31]
L-BFGS:  85%|████████▌ | 853/1000 [17:01 > 1:38:38]
L-BFGS:  85%|████████▌ | 854/1000 [16:55 > 1:38:45]
L-BFGS:  86%|████████▌ | 855/1000 [17:01 > 1:38:52]
L-BFGS:  86%|████████▌ | 856/1000 [16:52 > 1:38:59]
L-BFGS:  86%|████████▌ | 857/1000 [16:41 > 1:39:06]
L-BFGS:  86%|████████▌ | 858/1000 [16:34 > 1:39:13]
L-BFGS:  86%|████████▌ | 859/1000 [16:36 > 1:39:21]
L-BFGS:  86%|████████▌ | 860/1000 [16:18 > 1:39:27]
L-BFGS:  86%|████████▌ | 861/1000 [16:04 > 1:39:34]
L-BFGS:  86%|████████▌ | 862/1000 [16:03 > 1:39:41]
L-BFGS:  86%|████████▋ | 863/1000 [16:00 > 1:39:48]
L-BFGS:  86%|████████▋ | 864/1000 [15:45 > 1:39:55]
L-BFGS:  86%|████████▋ | 865/1000 [15:32 > 1:40:02]
L-BFGS:  87%|████████▋ | 866/1000 [15:21 > 1:40:09]
L-BFGS:  87%|████████▋ | 867/1000 [15:11 > 1:40:16]
L-BFGS:  87%|████████▋ | 868/1000 [15:03 > 1:40:22]
L-BFGS:  87%|████████▋ | 869/1000 [14:55 > 1:40:29]
L-BFGS:  87%|████████▋ | 870/1000 [14:48 > 1:40:36]
L-BFGS:  87%|████████▋ | 871/1000 [14:41 > 1:40:43]
L-BFGS:  87%|████████▋ | 872/1000 [14:34 > 1:40:50]
L-BFGS:  87%|████████▋ | 873/1000 [14:26 > 1:40:57]
L-BFGS:  87%|████████▋ | 874/1000 [14:30 > 1:41:04]
L-BFGS:  88%|████████▊ | 875/1000 [14:29 > 1:41:11]
L-BFGS:  88%|████████▊ | 876/1000 [14:16 > 1:41:18]
L-BFGS:  88%|████████▊ | 877/1000 [14:15 > 1:41:25]
L-BFGS:  88%|████████▊ | 878/1000 [14:04 > 1:41:31]
L-BFGS:  88%|████████▊ | 879/1000 [14:11 > 1:41:39]
L-BFGS:  88%|████████▊ | 880/1000 [14:03 > 1:41:46]
L-BFGS:  88%|████████▊ | 881/1000 [14:04 > 1:41:53]
L-BFGS:  88%|████████▊ | 882/1000 [13:52 > 1:42:00]
L-BFGS:  88%|████████▊ | 883/1000 [13:42 > 1:42:07]
L-BFGS:  88%|████████▊ | 884/1000 [13:42 > 1:42:14]
L-BFGS:  88%|████████▊ | 885/1000 [13:40 > 1:42:21]
L-BFGS:  89%|████████▊ | 886/1000 [13:27 > 1:42:28]
L-BFGS:  89%|████████▊ | 887/1000 [13:26 > 1:42:36]
L-BFGS:  89%|████████▉ | 888/1000 [13:22 > 1:42:43]
L-BFGS:  89%|████████▉ | 889/1000 [13:15 > 1:42:50]
L-BFGS:  89%|████████▉ | 890/1000 [12:56 > 1:42:57]
L-BFGS:  89%|████████▉ | 891/1000 [12:50 > 1:43:04]
L-BFGS:  89%|████████▉ | 892/1000 [12:34 > 1:43:11]
L-BFGS:  89%|████████▉ | 893/1000 [12:30 > 1:43:18]
L-BFGS:  89%|████████▉ | 894/1000 [12:17 > 1:43:25]
L-BFGS:  90%|████████▉ | 895/1000 [12:05 > 1:43:31]
L-BFGS:  90%|████████▉ | 896/1000 [11:55 > 1:43:38]
L-BFGS:  90%|████████▉ | 897/1000 [11:55 > 1:43:45]
L-BFGS:  90%|████████▉ | 898/1000 [08:57 > 1:43:47]
L-BFGS:  90%|████████▉ | 899/1000 [07:42 > 1:43:50]
L-BFGS:  90%|█████████ | 900/1000 [08:45 > 1:43:57]
L-BFGS:  90%|█████████ | 901/1000 [09:34 > 1:44:04]
L-BFGS:  90%|█████████ | 902/1000 [10:06 > 1:44:11]
L-BFGS:  90%|█████████ | 903/1000 [10:18 > 1:44:18]
L-BFGS:  90%|█████████ | 904/1000 [10:25 > 1:44:24]
L-BFGS:  90%|█████████ | 905/1000 [10:34 > 1:44:31]
L-BFGS:  91%|█████████ | 906/1000 [10:39 > 1:44:39]
L-BFGS:  91%|█████████ | 907/1000 [10:40 > 1:44:46]
L-BFGS:  91%|█████████ | 908/1000 [10:38 > 1:44:53]
L-BFGS:  91%|█████████ | 909/1000 [10:35 > 1:45:00]
L-BFGS:  91%|█████████ | 910/1000 [10:28 > 1:45:07]
L-BFGS:  91%|█████████ | 911/1000 [08:36 > 1:45:10]
L-BFGS:  91%|█████████ | 912/1000 [09:02 > 1:45:17]
L-BFGS:  91%|█████████▏| 913/1000 [09:17 > 1:45:24]
L-BFGS:  91%|█████████▏| 914/1000 [09:32 > 1:45:31]
L-BFGS:  92%|█████████▏| 915/1000 [09:41 > 1:45:38]
L-BFGS:  92%|█████████▏| 916/1000 [09:37 > 1:45:45]
L-BFGS:  92%|█████████▏| 917/1000 [09:39 > 1:45:52]
L-BFGS:  92%|█████████▏| 918/1000 [07:15 > 1:45:54]
L-BFGS:  92%|█████████▏| 919/1000 [07:49 > 1:46:01]
L-BFGS:  92%|█████████▏| 920/1000 [06:38 > 1:46:04]
L-BFGS:  92%|█████████▏| 921/1000 [07:27 > 1:46:11]
L-BFGS:  92%|█████████▏| 922/1000 [07:56 > 1:46:18]
L-BFGS:  92%|█████████▏| 923/1000 [08:06 > 1:46:25]
L-BFGS:  92%|█████████▏| 924/1000 [08:11 > 1:46:32]
L-BFGS:  92%|█████████▎| 925/1000 [08:19 > 1:46:39]
L-BFGS:  93%|█████████▎| 926/1000 [08:15 > 1:46:46]
L-BFGS:  93%|█████████▎| 927/1000 [08:11 > 1:46:53]
L-BFGS:  93%|█████████▎| 928/1000 [08:12 > 1:47:00]
L-BFGS:  93%|█████████▎| 929/1000 [08:05 > 1:47:07]
L-BFGS:  93%|█████████▎| 930/1000 [08:04 > 1:47:14]
L-BFGS:  93%|█████████▎| 931/1000 [08:01 > 1:47:21]
L-BFGS:  93%|█████████▎| 932/1000 [07:56 > 1:47:28]
L-BFGS:  93%|█████████▎| 933/1000 [07:51 > 1:47:35]
L-BFGS:  93%|█████████▎| 934/1000 [07:45 > 1:47:42]
L-BFGS:  94%|█████████▎| 935/1000 [07:33 > 1:47:49]
L-BFGS:  94%|█████████▎| 936/1000 [07:24 > 1:47:56]
L-BFGS:  94%|█████████▎| 937/1000 [07:14 > 1:48:03]
L-BFGS:  94%|█████████▍| 938/1000 [07:05 > 1:48:09]
L-BFGS:  94%|█████████▍| 939/1000 [07:03 > 1:48:16]
L-BFGS:  94%|█████████▍| 940/1000 [05:50 > 1:48:20]
L-BFGS:  94%|█████████▍| 941/1000 [06:01 > 1:48:27]
L-BFGS:  94%|█████████▍| 942/1000 [06:15 > 1:48:34]
L-BFGS:  94%|█████████▍| 943/1000 [06:17 > 1:48:41]
L-BFGS:  94%|█████████▍| 944/1000 [06:21 > 1:48:48]
L-BFGS:  94%|█████████▍| 945/1000 [06:17 > 1:48:55]
L-BFGS:  95%|█████████▍| 946/1000 [06:12 > 1:49:02]
L-BFGS:  95%|█████████▍| 947/1000 [06:06 > 1:49:09]
L-BFGS:  95%|█████████▍| 948/1000 [05:08 > 1:49:13]
L-BFGS:  95%|█████████▍| 949/1000 [05:22 > 1:49:20]
L-BFGS:  95%|█████████▌| 950/1000 [05:26 > 1:49:27]
L-BFGS:  95%|█████████▌| 951/1000 [05:26 > 1:49:34]
L-BFGS:  95%|█████████▌| 952/1000 [05:27 > 1:49:41]
L-BFGS:  95%|█████████▌| 953/1000 [04:30 > 1:49:44]
L-BFGS:  95%|█████████▌| 954/1000 [03:20 > 1:49:45]
L-BFGS:  96%|█████████▌| 955/1000 [03:49 > 1:49:52]
L-BFGS:  96%|█████████▌| 956/1000 [04:10 > 1:49:59]
L-BFGS:  96%|█████████▌| 957/1000 [04:19 > 1:50:06]
L-BFGS:  96%|█████████▌| 958/1000 [04:23 > 1:50:13]
L-BFGS:  96%|█████████▌| 959/1000 [03:50 > 1:50:17]
L-BFGS:  96%|█████████▌| 960/1000 [03:58 > 1:50:24]
L-BFGS:  96%|█████████▌| 961/1000 [04:02 > 1:50:31]
L-BFGS:  96%|█████████▌| 962/1000 [04:03 > 1:50:37]
L-BFGS:  96%|█████████▋| 963/1000 [03:58 > 1:50:44]
L-BFGS:  96%|█████████▋| 964/1000 [03:55 > 1:50:51]
L-BFGS:  96%|█████████▋| 965/1000 [03:55 > 1:50:58]
L-BFGS:  97%|█████████▋| 966/1000 [03:49 > 1:51:05]
L-BFGS:  97%|█████████▋| 967/1000 [03:45 > 1:51:12]
L-BFGS:  97%|█████████▋| 968/1000 [03:41 > 1:51:19]
L-BFGS:  97%|█████████▋| 969/1000 [03:33 > 1:51:26]
L-BFGS:  97%|█████████▋| 970/1000 [03:28 > 1:51:33]
L-BFGS:  97%|█████████▋| 971/1000 [02:51 > 1:51:36]
L-BFGS:  97%|█████████▋| 972/1000 [02:53 > 1:51:43]
L-BFGS:  97%|█████████▋| 973/1000 [02:52 > 1:51:50]
L-BFGS:  97%|█████████▋| 974/1000 [02:00 > 1:51:50]
L-BFGS:  98%|█████████▊| 975/1000 [02:12 > 1:51:57]
L-BFGS:  98%|█████████▊| 976/1000 [02:01 > 1:52:02]
L-BFGS:  98%|█████████▊| 977/1000 [02:09 > 1:52:09]
L-BFGS:  98%|█████████▊| 978/1000 [02:12 > 1:52:16]
L-BFGS:  98%|█████████▊| 979/1000 [02:12 > 1:52:23]
L-BFGS:  98%|█████████▊| 980/1000 [02:10 > 1:52:30]
L-BFGS:  98%|█████████▊| 981/1000 [02:08 > 1:52:37]
L-BFGS:  98%|█████████▊| 982/1000 [02:04 > 1:52:44]
L-BFGS:  98%|█████████▊| 983/1000 [01:58 > 1:52:51]
L-BFGS:  98%|█████████▊| 984/1000 [01:53 > 1:52:59]
L-BFGS:  98%|█████████▊| 985/1000 [01:45 > 1:53:06]
L-BFGS:  99%|█████████▊| 986/1000 [01:37 > 1:53:13]
L-BFGS:  99%|█████████▊| 987/1000 [01:24 > 1:53:18]
L-BFGS:  99%|█████████▉| 988/1000 [01:20 > 1:53:25]
L-BFGS:  99%|█████████▉| 989/1000 [01:14 > 1:53:32]
L-BFGS:  99%|█████████▉| 990/1000 [01:08 > 1:53:39]
L-BFGS:  99%|█████████▉| 991/1000 [01:02 > 1:53:46]
L-BFGS:  99%|█████████▉| 992/1000 [00:55 > 1:53:53]
L-BFGS:  99%|█████████▉| 993/1000 [00:48 > 1:54:00]
L-BFGS:  99%|█████████▉| 994/1000 [00:31 > 1:54:01]
L-BFGS: 100%|█████████▉| 995/1000 [00:20 > 1:54:02]
L-BFGS: 100%|█████████▉| 996/1000 [00:19 > 1:54:09]
L-BFGS: 100%|█████████▉| 997/1000 [00:10 > 1:54:10]
L-BFGS: 100%|█████████▉| 998/1000 [00:09 > 1:54:17]
L-BFGS: 100%|█████████▉| 999/1000 [00:05 > 1:54:24]
L-BFGS: 100%|██████████| 1000/1000 [00:00 > 1:54:31]
L-BFGS: 100%|██████████| 1000/1000 [00:00 > 1:54:31]
Training saved: C:\Ali Computation\pinn\code\heterogeneous\pino_heterogeneous\results\exp_W2_5zoneonly_K100_N250_default_float64_lbfgs1000_maxiter20\pino_heterogeneous_concentration.png C:\Ali Computation\pinn\code\heterogeneous\pino_heterogeneous\results\exp_W2_5zoneonly_K100_N250_default_float64_lbfgs1000_maxiter20\pino_heterogeneous_loss.png C:\Ali Computation\pinn\code\heterogeneous\pino_heterogeneous\results\exp_W2_5zoneonly_K100_N250_default_float64_lbfgs1000_maxiter20\pino_heterogeneous_model.pt
COMSOL validation: 81 media -> C:\Ali Computation\pinn\code\heterogeneous\pino_heterogeneous\results\exp_W2_5zoneonly_K100_N250_default_float64_lbfgs1000_maxiter20\comsol_validation  (x* collocation n=86)

COMSOL vs PINO:   0%|          | 0/81 [00:00<?, ?it/s]
COMSOL vs PINO:   1%|          | 1/81 [00:01<01:22,  1.03s/it]
COMSOL vs PINO:   2%|▏         | 2/81 [00:02<01:22,  1.04s/it]
COMSOL vs PINO:   4%|▎         | 3/81 [00:03<01:20,  1.04s/it]
COMSOL vs PINO:   5%|▍         | 4/81 [00:04<01:19,  1.03s/it]
COMSOL vs PINO:   6%|▌         | 5/81 [00:05<01:24,  1.11s/it]
COMSOL vs PINO:   7%|▋         | 6/81 [00:06<01:21,  1.08s/it]
COMSOL vs PINO:   9%|▊         | 7/81 [00:07<01:19,  1.08s/it]
COMSOL vs PINO:  10%|▉         | 8/81 [00:08<01:18,  1.07s/it]
COMSOL vs PINO:  11%|█         | 9/81 [00:09<01:16,  1.06s/it]
COMSOL vs PINO:  12%|█▏        | 10/81 [00:10<01:14,  1.05s/it]
COMSOL vs PINO:  14%|█▎        | 11/81 [00:11<01:13,  1.05s/it]
COMSOL vs PINO:  15%|█▍        | 12/81 [00:12<01:11,  1.04s/it]
COMSOL vs PINO:  16%|█▌        | 13/81 [00:13<01:10,  1.04s/it]
COMSOL vs PINO:  17%|█▋        | 14/81 [00:14<01:09,  1.04s/it]
COMSOL vs PINO:  19%|█▊        | 15/81 [00:15<01:08,  1.04s/it]
COMSOL vs PINO:  20%|█▉        | 16/81 [00:16<01:07,  1.04s/it]
COMSOL vs PINO:  21%|██        | 17/81 [00:17<01:06,  1.03s/it]
COMSOL vs PINO:  22%|██▏       | 18/81 [00:18<01:05,  1.03s/it]
COMSOL vs PINO:  23%|██▎       | 19/81 [00:19<01:04,  1.03s/it]
COMSOL vs PINO:  25%|██▍       | 20/81 [00:21<01:09,  1.14s/it]
COMSOL vs PINO:  26%|██▌       | 21/81 [00:22<01:06,  1.11s/it]
COMSOL vs PINO:  27%|██▋       | 22/81 [00:23<01:04,  1.09s/it]
COMSOL vs PINO:  28%|██▊       | 23/81 [00:24<01:02,  1.07s/it]
COMSOL vs PINO:  30%|██▉       | 24/81 [00:25<01:01,  1.08s/it]
COMSOL vs PINO:  31%|███       | 25/81 [00:26<00:59,  1.07s/it]
COMSOL vs PINO:  32%|███▏      | 26/81 [00:27<00:58,  1.06s/it]
COMSOL vs PINO:  33%|███▎      | 27/81 [00:28<00:56,  1.05s/it]
COMSOL vs PINO:  35%|███▍      | 28/81 [00:29<00:55,  1.05s/it]
COMSOL vs PINO:  36%|███▌      | 29/81 [00:30<00:54,  1.05s/it]
COMSOL vs PINO:  37%|███▋      | 30/81 [00:31<00:53,  1.04s/it]
COMSOL vs PINO:  38%|███▊      | 31/81 [00:32<00:52,  1.04s/it]
COMSOL vs PINO:  40%|███▉      | 32/81 [00:33<00:51,  1.04s/it]
COMSOL vs PINO:  41%|████      | 33/81 [00:34<00:50,  1.04s/it]
COMSOL vs PINO:  42%|████▏     | 34/81 [00:36<00:53,  1.13s/it]
COMSOL vs PINO:  43%|████▎     | 35/81 [00:37<00:50,  1.10s/it]
COMSOL vs PINO:  44%|████▍     | 36/81 [00:38<00:48,  1.08s/it]
COMSOL vs PINO:  46%|████▌     | 37/81 [00:39<00:46,  1.06s/it]
COMSOL vs PINO:  47%|████▋     | 38/81 [00:40<00:45,  1.05s/it]
COMSOL vs PINO:  48%|████▊     | 39/81 [00:41<00:44,  1.06s/it]
COMSOL vs PINO:  49%|████▉     | 40/81 [00:42<00:43,  1.06s/it]
COMSOL vs PINO:  51%|█████     | 41/81 [00:43<00:42,  1.05s/it]
COMSOL vs PINO:  52%|█████▏    | 42/81 [00:44<00:40,  1.05s/it]
COMSOL vs PINO:  53%|█████▎    | 43/81 [00:45<00:39,  1.05s/it]
COMSOL vs PINO:  54%|█████▍    | 44/81 [00:46<00:38,  1.04s/it]
COMSOL vs PINO:  56%|█████▌    | 45/81 [00:47<00:37,  1.04s/it]
COMSOL vs PINO:  57%|█████▋    | 46/81 [00:48<00:36,  1.04s/it]
COMSOL vs PINO:  58%|█████▊    | 47/81 [00:50<00:38,  1.13s/it]
COMSOL vs PINO:  59%|█████▉    | 48/81 [00:51<00:36,  1.11s/it]
COMSOL vs PINO:  60%|██████    | 49/81 [00:52<00:34,  1.09s/it]
COMSOL vs PINO:  62%|██████▏   | 50/81 [00:53<00:33,  1.07s/it]
COMSOL vs PINO:  63%|██████▎   | 51/81 [00:54<00:31,  1.06s/it]
COMSOL vs PINO:  64%|██████▍   | 52/81 [00:55<00:30,  1.06s/it]
COMSOL vs PINO:  65%|██████▌   | 53/81 [00:56<00:29,  1.05s/it]
COMSOL vs PINO:  67%|██████▋   | 54/81 [00:57<00:28,  1.05s/it]
COMSOL vs PINO:  68%|██████▊   | 55/81 [00:58<00:27,  1.05s/it]
COMSOL vs PINO:  69%|██████▉   | 56/81 [00:59<00:26,  1.06s/it]
COMSOL vs PINO:  70%|███████   | 57/81 [01:00<00:25,  1.06s/it]
COMSOL vs PINO:  72%|███████▏  | 58/81 [01:01<00:24,  1.05s/it]
COMSOL vs PINO:  73%|███████▎  | 59/81 [01:02<00:23,  1.05s/it]
COMSOL vs PINO:  74%|███████▍  | 60/81 [01:03<00:21,  1.05s/it]
COMSOL vs PINO:  75%|███████▌  | 61/81 [01:04<00:22,  1.13s/it]
COMSOL vs PINO:  77%|███████▋  | 62/81 [01:06<00:21,  1.11s/it]
COMSOL vs PINO:  78%|███████▊  | 63/81 [01:07<00:19,  1.09s/it]
COMSOL vs PINO:  79%|███████▉  | 64/81 [01:08<00:18,  1.08s/it]
COMSOL vs PINO:  80%|████████  | 65/81 [01:09<00:17,  1.07s/it]
COMSOL vs PINO:  81%|████████▏ | 66/81 [01:10<00:15,  1.06s/it]
COMSOL vs PINO:  83%|████████▎ | 67/81 [01:11<00:14,  1.06s/it]
COMSOL vs PINO:  84%|████████▍ | 68/81 [01:12<00:13,  1.06s/it]
COMSOL vs PINO:  85%|████████▌ | 69/81 [01:13<00:12,  1.05s/it]
COMSOL vs PINO:  86%|████████▋ | 70/81 [01:14<00:11,  1.05s/it]
COMSOL vs PINO:  88%|████████▊ | 71/81 [01:15<00:10,  1.05s/it]
COMSOL vs PINO:  89%|████████▉ | 72/81 [01:16<00:09,  1.05s/it]
COMSOL vs PINO:  90%|█████████ | 73/81 [01:17<00:08,  1.05s/it]
COMSOL vs PINO:  91%|█████████▏| 74/81 [01:18<00:07,  1.14s/it]
COMSOL vs PINO:  93%|█████████▎| 75/81 [01:19<00:06,  1.11s/it]
COMSOL vs PINO:  94%|█████████▍| 76/81 [01:20<00:05,  1.09s/it]
COMSOL vs PINO:  95%|█████████▌| 77/81 [01:21<00:04,  1.07s/it]
COMSOL vs PINO:  96%|█████████▋| 78/81 [01:23<00:03,  1.06s/it]
COMSOL vs PINO:  98%|█████████▊| 79/81 [01:24<00:02,  1.06s/it]
COMSOL vs PINO:  99%|█████████▉| 80/81 [01:25<00:01,  1.05s/it]
COMSOL vs PINO: 100%|██████████| 81/81 [01:26<00:00,  1.06s/it]
COMSOL vs PINO: 100%|██████████| 81/81 [01:26<00:00,  1.06s/it]
COMSOL validation summary: n=81  mean=2.966348e-02  max=7.202676e-02  min=8.536426e-03
Wrote C:\Ali Computation\pinn\code\heterogeneous\pino_heterogeneous\results\exp_W2_5zoneonly_K100_N250_default_float64_lbfgs1000_maxiter20\comsol_validation\comsol_validation_summary.csv
Run metadata: C:\Ali Computation\pinn\code\heterogeneous\pino_heterogeneous\results\exp_W2_5zoneonly_K100_N250_default_float64_lbfgs1000_maxiter20\run_meta.json
Wall-clock train: 6872.3 s
Wall-clock validation: 86.2 s
Wall-clock total: 6968.2 s  device=cuda

# exit 0 after 1:56:16.016584
