# code/heterogeneous/pino_heterogeneous/pinn1d_heterogeneous_parametric_neural_operator.py --design grf --n-sensors 100 --n-grf 0 --n-piecewise-per-zone-list 17,33,50,67,83 --piecewise-zone-counts 1,2,3,4,5 --min-zone-frac 0.1 --arch default --dtype float64 --early-stop-patience 150 --lr-lbfgs 0.1 --lbfgs-max-iter 20 --epochs 1000 --out-dir results/exp_W3a_ramp_K100_N250_z1to5_default_float64
# started 2026-07-01 04:30:32
# cwd C:\Ali Computation\pinn\code\heterogeneous\pino_heterogeneous

Using GPU: NVIDIA GeForce RTX 3090 (cuda:0, dtype=torch.float64)
PE (computed) = 0.010368
design=grf  media_mode=grf  branch_mode=sensor  optimizer=lbfgs  n_train_requested=250  n_corner_anchors=16  arch=default  batch_mode=True
branch=[100, 16, 16, 32]  trunk=[2, 32, 32, 32, 32]
results_dir=C:\Ali Computation\pinn\code\heterogeneous\pino_heterogeneous\results\exp_W3a_ramp_K100_N250_z1to5_default_float64
Training: 250 piecewise (17, 33, 50, 67, 83 for zones [1, 2, 3, 4, 5]), min_zone_frac=0.1 = 250 total; branch_mode=sensor, K=100 sensors, grid_n=201
  saved/loaded: C:\Ali Computation\pinn\code\heterogeneous\pino_heterogeneous\results\exp_W3a_ramp_K100_N250_z1to5_default_float64\train_grf_cases.npz
  branch CFL range [0.120354, 0.599341]
PDE mesh: bulk 50x50x250 (no interface bands in GRF mode)
COMSOL validation: 81 fixed grid cases from comsol_4zones.txt -> C:\Ali Computation\pinn\code\heterogeneous\pino_heterogeneous\results\exp_W3a_ramp_K100_N250_z1to5_default_float64\comsol_validation
run_training=True  run_comsol_validation=True  validate_only=False  skip_validation_plots=False
L-BFGS early stopping: patience=150 (max steps=1000)
L-BFGS: lr=0.1  max_iter=20  outer_steps=1000
PDE collocation points: 625,000 (bulk 625,000, interface 0)
Collocation mesh plot (pre-train): C:\Ali Computation\pinn\code\heterogeneous\pino_heterogeneous\results\exp_W3a_ramp_K100_N250_z1to5_default_float64\pino_heterogeneous_collocation_points.png
LBFGS (
Parameter Group 0
    history_size: 50
    line_search_fn: strong_wolfe
    lr: 0.1
    max_eval: 25
    max_iter: 20
    tolerance_change: 1e-09
    tolerance_grad: 1e-07
)
Early stopping: patience=150 L-BFGS steps (no total-loss improvement, rtol=1e-12)

L-BFGS:   0%|          | 0/1000 [? > 00:00]
L-BFGS:   0%|          | 1/1000 [2:01:27 > 00:07]
L-BFGS:   0%|          | 2/1000 [1:57:13 > 00:14]
L-BFGS:   0%|          | 3/1000 [1:54:13 > 00:20]
L-BFGS:   0%|          | 4/1000 [1:53:13 > 00:27]
L-BFGS:   0%|          | 5/1000 [1:52:35 > 00:34]
L-BFGS:   1%|          | 6/1000 [1:52:18 > 00:41]
L-BFGS:   1%|          | 7/1000 [1:53:37 > 00:48]
L-BFGS:   1%|          | 8/1000 [1:53:06 > 00:54]
L-BFGS:   1%|          | 9/1000 [1:52:49 > 01:01]
L-BFGS:   1%|          | 10/1000 [1:54:44 > 01:08]
L-BFGS:   1%|          | 11/1000 [1:56:00 > 01:16]
L-BFGS:   1%|          | 12/1000 [1:56:49 > 01:23]
L-BFGS:   1%|▏         | 13/1000 [1:55:58 > 01:30]
L-BFGS:   1%|▏         | 14/1000 [1:56:43 > 01:37]
L-BFGS:   2%|▏         | 15/1000 [1:57:11 > 01:44]
L-BFGS:   2%|▏         | 16/1000 [1:57:31 > 01:52]
L-BFGS:   2%|▏         | 17/1000 [1:56:25 > 01:58]
L-BFGS:   2%|▏         | 18/1000 [1:56:51 > 02:06]
L-BFGS:   2%|▏         | 19/1000 [1:57:09 > 02:13]
L-BFGS:   2%|▏         | 20/1000 [1:56:52 > 02:20]
L-BFGS:   2%|▏         | 21/1000 [1:55:03 > 02:27]
L-BFGS:   2%|▏         | 22/1000 [1:54:04 > 02:34]
L-BFGS:   2%|▏         | 23/1000 [1:53:16 > 02:41]
L-BFGS:   2%|▏         | 24/1000 [1:52:33 > 02:47]
L-BFGS:   2%|▎         | 25/1000 [1:53:24 > 02:55]
L-BFGS:   3%|▎         | 26/1000 [1:52:41 > 03:01]
L-BFGS:   3%|▎         | 27/1000 [1:52:07 > 03:08]
L-BFGS:   3%|▎         | 28/1000 [1:51:51 > 03:15]
L-BFGS:   3%|▎         | 29/1000 [1:51:26 > 03:22]
L-BFGS:   3%|▎         | 30/1000 [1:52:21 > 03:29]
L-BFGS:   3%|▎         | 31/1000 [1:51:40 > 03:36]
L-BFGS:   3%|▎         | 32/1000 [1:52:28 > 03:43]
L-BFGS:   3%|▎         | 33/1000 [1:52:54 > 03:50]
L-BFGS:   3%|▎         | 34/1000 [1:52:06 > 03:57]
L-BFGS:   4%|▎         | 35/1000 [1:52:45 > 04:04]
L-BFGS:   4%|▎         | 36/1000 [1:53:05 > 04:11]
L-BFGS:   4%|▎         | 37/1000 [1:52:11 > 04:18]
L-BFGS:   4%|▍         | 38/1000 [1:51:15 > 04:25]
L-BFGS:   4%|▍         | 39/1000 [1:50:57 > 04:32]
L-BFGS:   4%|▍         | 40/1000 [1:51:08 > 04:39]
L-BFGS:   4%|▍         | 41/1000 [1:51:11 > 04:46]
L-BFGS:   4%|▍         | 42/1000 [1:52:37 > 04:53]
L-BFGS:   4%|▍         | 43/1000 [1:52:07 > 05:00]
L-BFGS:   4%|▍         | 44/1000 [1:51:49 > 05:07]
L-BFGS:   4%|▍         | 45/1000 [1:52:56 > 05:14]
L-BFGS:   5%|▍         | 46/1000 [1:53:29 > 05:22]
L-BFGS:   5%|▍         | 47/1000 [1:52:34 > 05:28]
L-BFGS:   5%|▍         | 48/1000 [1:53:10 > 05:36]
L-BFGS:   5%|▍         | 49/1000 [1:52:23 > 05:43]
L-BFGS:   5%|▌         | 50/1000 [1:51:02 > 05:50]
L-BFGS:   5%|▌         | 51/1000 [1:51:21 > 05:57]
L-BFGS:   5%|▌         | 52/1000 [1:50:17 > 06:04]
L-BFGS:   5%|▌         | 53/1000 [1:50:48 > 06:11]
L-BFGS:   5%|▌         | 54/1000 [1:49:48 > 06:17]
L-BFGS:   6%|▌         | 55/1000 [1:49:03 > 06:24]
L-BFGS:   6%|▌         | 56/1000 [1:48:30 > 06:31]
L-BFGS:   6%|▌         | 57/1000 [1:49:16 > 06:38]
L-BFGS:   6%|▌         | 58/1000 [1:48:31 > 06:45]
L-BFGS:   6%|▌         | 59/1000 [1:49:17 > 06:52]
L-BFGS:   6%|▌         | 60/1000 [1:49:49 > 06:59]
L-BFGS:   6%|▌         | 61/1000 [1:50:08 > 07:06]
L-BFGS:   6%|▌         | 62/1000 [1:49:06 > 07:13]
L-BFGS:   6%|▋         | 63/1000 [1:48:12 > 07:20]
L-BFGS:   6%|▋         | 64/1000 [1:47:36 > 07:27]
L-BFGS:   6%|▋         | 65/1000 [1:48:27 > 07:34]
L-BFGS:   7%|▋         | 66/1000 [1:49:04 > 07:41]
L-BFGS:   7%|▋         | 67/1000 [1:48:08 > 07:48]
L-BFGS:   7%|▋         | 68/1000 [1:48:39 > 07:55]
L-BFGS:   7%|▋         | 69/1000 [1:48:17 > 08:02]
L-BFGS:   7%|▋         | 70/1000 [1:49:34 > 08:09]
L-BFGS:   7%|▋         | 71/1000 [1:49:04 > 08:16]
L-BFGS:   7%|▋         | 72/1000 [1:50:00 > 08:23]
L-BFGS:   7%|▋         | 73/1000 [1:49:14 > 08:30]
L-BFGS:   7%|▋         | 74/1000 [1:48:38 > 08:37]
L-BFGS:   8%|▊         | 75/1000 [1:49:34 > 08:45]
L-BFGS:   8%|▊         | 76/1000 [1:48:52 > 08:52]
L-BFGS:   8%|▊         | 77/1000 [1:48:17 > 08:59]
L-BFGS:   8%|▊         | 78/1000 [1:47:47 > 09:06]
L-BFGS:   8%|▊         | 79/1000 [1:47:20 > 09:12]
L-BFGS:   8%|▊         | 80/1000 [1:46:41 > 09:19]
L-BFGS:   8%|▊         | 81/1000 [1:47:08 > 09:26]
L-BFGS:   8%|▊         | 82/1000 [1:47:36 > 09:34]
L-BFGS:   8%|▊         | 83/1000 [1:47:46 > 09:41]
L-BFGS:   8%|▊         | 84/1000 [1:47:55 > 09:48]
L-BFGS:   8%|▊         | 85/1000 [1:46:39 > 09:55]
L-BFGS:   9%|▊         | 86/1000 [1:46:54 > 10:02]
L-BFGS:   9%|▊         | 87/1000 [1:47:07 > 10:09]
L-BFGS:   9%|▉         | 88/1000 [1:47:16 > 10:16]
L-BFGS:   9%|▉         | 89/1000 [1:47:22 > 10:23]
L-BFGS:   9%|▉         | 90/1000 [1:46:09 > 10:30]
L-BFGS:   9%|▉         | 91/1000 [1:45:12 > 10:37]
L-BFGS:   9%|▉         | 92/1000 [1:44:39 > 10:43]
L-BFGS:   9%|▉         | 93/1000 [1:44:10 > 10:50]
L-BFGS:   9%|▉         | 94/1000 [1:45:02 > 10:57]
L-BFGS:  10%|▉         | 95/1000 [1:45:37 > 11:05]
L-BFGS:  10%|▉         | 96/1000 [1:45:56 > 11:12]
L-BFGS:  10%|▉         | 97/1000 [1:44:52 > 11:18]
L-BFGS:  10%|▉         | 98/1000 [1:44:12 > 11:25]
L-BFGS:  10%|▉         | 99/1000 [1:45:33 > 11:33]
L-BFGS:  10%|█         | 100/1000 [1:46:24 > 11:40]
L-BFGS:  10%|█         | 101/1000 [1:45:53 > 11:47]
L-BFGS:  10%|█         | 102/1000 [1:46:41 > 11:54]
L-BFGS:  10%|█         | 103/1000 [1:45:59 > 12:01]
L-BFGS:  10%|█         | 104/1000 [1:45:26 > 12:08]
L-BFGS:  10%|█         | 105/1000 [1:46:08 > 12:15]
L-BFGS:  11%|█         | 106/1000 [1:45:21 > 12:22]
L-BFGS:  11%|█         | 107/1000 [1:46:04 > 12:30]
L-BFGS:  11%|█         | 108/1000 [1:46:34 > 12:37]
L-BFGS:  11%|█         | 109/1000 [1:46:15 > 12:44]
L-BFGS:  11%|█         | 110/1000 [1:45:53 > 12:51]
L-BFGS:  11%|█         | 111/1000 [1:45:36 > 12:58]
L-BFGS:  11%|█         | 112/1000 [1:44:05 > 13:05]
L-BFGS:  11%|█▏        | 113/1000 [1:44:29 > 13:12]
L-BFGS:  11%|█▏        | 114/1000 [1:44:28 > 13:19]
L-BFGS:  12%|█▏        | 115/1000 [1:43:25 > 13:26]
L-BFGS:  12%|█▏        | 116/1000 [1:42:30 > 13:33]
L-BFGS:  12%|█▏        | 117/1000 [1:41:51 > 13:40]
L-BFGS:  12%|█▏        | 118/1000 [1:42:32 > 13:47]
L-BFGS:  12%|█▏        | 119/1000 [1:41:43 > 13:54]
L-BFGS:  12%|█▏        | 120/1000 [1:42:18 > 14:01]
L-BFGS:  12%|█▏        | 121/1000 [1:42:46 > 14:08]
L-BFGS:  12%|█▏        | 122/1000 [1:43:04 > 14:15]
L-BFGS:  12%|█▏        | 123/1000 [1:43:18 > 14:22]
L-BFGS:  12%|█▏        | 124/1000 [1:43:21 > 14:29]
L-BFGS:  12%|█▎        | 125/1000 [1:43:22 > 14:36]
L-BFGS:  13%|█▎        | 126/1000 [1:42:07 > 14:43]
L-BFGS:  13%|█▎        | 127/1000 [1:41:10 > 14:50]
L-BFGS:  13%|█▎        | 128/1000 [1:40:59 > 14:57]
L-BFGS:  13%|█▎        | 129/1000 [1:42:13 > 15:04]
L-BFGS:  13%|█▎        | 130/1000 [1:42:57 > 15:11]
L-BFGS:  13%|█▎        | 131/1000 [1:42:21 > 15:18]
L-BFGS:  13%|█▎        | 132/1000 [1:41:48 > 15:25]
L-BFGS:  13%|█▎        | 133/1000 [1:42:38 > 15:33]
L-BFGS:  13%|█▎        | 134/1000 [1:42:01 > 15:40]
L-BFGS:  14%|█▎        | 135/1000 [1:42:43 > 15:47]
L-BFGS:  14%|█▎        | 136/1000 [1:41:57 > 15:54]
L-BFGS:  14%|█▎        | 137/1000 [1:42:37 > 16:01]
L-BFGS:  14%|█▍        | 138/1000 [1:42:50 > 16:08]
L-BFGS:  14%|█▍        | 139/1000 [1:42:34 > 16:15]
L-BFGS:  14%|█▍        | 140/1000 [1:41:09 > 16:22]
L-BFGS:  14%|█▍        | 141/1000 [1:41:11 > 16:29]
L-BFGS:  14%|█▍        | 142/1000 [1:40:04 > 16:36]
L-BFGS:  14%|█▍        | 143/1000 [1:39:09 > 16:43]
L-BFGS:  14%|█▍        | 144/1000 [1:38:34 > 16:50]
L-BFGS:  14%|█▍        | 145/1000 [1:39:18 > 16:57]
L-BFGS:  15%|█▍        | 146/1000 [1:38:35 > 17:04]
L-BFGS:  15%|█▍        | 147/1000 [1:38:01 > 17:11]
L-BFGS:  15%|█▍        | 148/1000 [1:38:49 > 17:18]
L-BFGS:  15%|█▍        | 149/1000 [1:38:06 > 17:24]
L-BFGS:  15%|█▌        | 150/1000 [1:37:31 > 17:31]
L-BFGS:  15%|█▌        | 151/1000 [1:38:18 > 17:38]
L-BFGS:  15%|█▌        | 152/1000 [1:37:36 > 17:45]
L-BFGS:  15%|█▌        | 153/1000 [1:37:04 > 17:52]
L-BFGS:  15%|█▌        | 154/1000 [1:37:55 > 17:59]
L-BFGS:  16%|█▌        | 155/1000 [1:38:29 > 18:06]
L-BFGS:  16%|█▌        | 156/1000 [1:37:36 > 18:13]
L-BFGS:  16%|█▌        | 157/1000 [1:38:13 > 18:20]
L-BFGS:  16%|█▌        | 158/1000 [1:37:59 > 18:27]
L-BFGS:  16%|█▌        | 159/1000 [1:38:01 > 18:34]
L-BFGS:  16%|█▌        | 160/1000 [1:37:55 > 18:41]
L-BFGS:  16%|█▌        | 161/1000 [1:37:43 > 18:48]
L-BFGS:  16%|█▌        | 162/1000 [1:38:39 > 18:55]
L-BFGS:  16%|█▋        | 163/1000 [1:39:14 > 19:03]
L-BFGS:  16%|█▋        | 164/1000 [1:38:35 > 19:10]
L-BFGS:  16%|█▋        | 165/1000 [1:39:16 > 19:17]
L-BFGS:  17%|█▋        | 166/1000 [1:39:34 > 19:24]
L-BFGS:  17%|█▋        | 167/1000 [1:39:55 > 19:31]
L-BFGS:  17%|█▋        | 168/1000 [1:38:29 > 19:38]
L-BFGS:  17%|█▋        | 169/1000 [1:38:19 > 19:45]
L-BFGS:  17%|█▋        | 170/1000 [1:37:03 > 19:52]
L-BFGS:  17%|█▋        | 171/1000 [1:37:20 > 19:59]
L-BFGS:  17%|█▋        | 172/1000 [1:36:16 > 20:06]
L-BFGS:  17%|█▋        | 173/1000 [1:36:40 > 20:13]
L-BFGS:  17%|█▋        | 174/1000 [1:35:44 > 20:20]
L-BFGS:  18%|█▊        | 175/1000 [1:35:07 > 20:27]
L-BFGS:  18%|█▊        | 176/1000 [1:34:40 > 20:34]
L-BFGS:  18%|█▊        | 177/1000 [1:35:26 > 20:41]
L-BFGS:  18%|█▊        | 178/1000 [1:34:46 > 20:48]
L-BFGS:  18%|█▊        | 179/1000 [1:35:25 > 20:55]
L-BFGS:  18%|█▊        | 180/1000 [1:34:39 > 21:01]
L-BFGS:  18%|█▊        | 181/1000 [1:35:14 > 21:09]
L-BFGS:  18%|█▊        | 182/1000 [1:35:33 > 21:16]
L-BFGS:  18%|█▊        | 183/1000 [1:35:52 > 21:23]
L-BFGS:  18%|█▊        | 184/1000 [1:34:49 > 21:30]
L-BFGS:  18%|█▊        | 185/1000 [1:35:11 > 21:37]
L-BFGS:  19%|█▊        | 186/1000 [1:35:24 > 21:44]
L-BFGS:  19%|█▊        | 187/1000 [1:34:48 > 21:51]
L-BFGS:  19%|█▉        | 188/1000 [1:34:35 > 21:58]
L-BFGS:  19%|█▉        | 189/1000 [1:34:27 > 22:05]
L-BFGS:  19%|█▉        | 190/1000 [1:34:18 > 22:12]
L-BFGS:  19%|█▉        | 191/1000 [1:35:12 > 22:19]
L-BFGS:  19%|█▉        | 192/1000 [1:34:42 > 22:26]
L-BFGS:  19%|█▉        | 193/1000 [1:34:27 > 22:33]
L-BFGS:  19%|█▉        | 194/1000 [1:34:08 > 22:40]
L-BFGS:  20%|█▉        | 195/1000 [1:35:00 > 22:47]
L-BFGS:  20%|█▉        | 196/1000 [1:34:31 > 22:54]
L-BFGS:  20%|█▉        | 197/1000 [1:34:07 > 23:01]
L-BFGS:  20%|█▉        | 198/1000 [1:33:07 > 23:08]
L-BFGS:  20%|█▉        | 199/1000 [1:32:28 > 23:15]
L-BFGS:  20%|██        | 200/1000 [1:33:00 > 23:22]
L-BFGS:  20%|██        | 201/1000 [1:33:26 > 23:29]
L-BFGS:  20%|██        | 202/1000 [1:32:33 > 23:36]
L-BFGS:  20%|██        | 203/1000 [1:32:59 > 23:43]
L-BFGS:  20%|██        | 204/1000 [1:33:10 > 23:50]
L-BFGS:  20%|██        | 205/1000 [1:32:16 > 23:57]
L-BFGS:  21%|██        | 206/1000 [1:31:36 > 24:04]
L-BFGS:  21%|██        | 207/1000 [1:32:17 > 24:11]
L-BFGS:  21%|██        | 208/1000 [1:31:35 > 24:17]
L-BFGS:  21%|██        | 209/1000 [1:32:10 > 24:25]
L-BFGS:  21%|██        | 210/1000 [1:32:33 > 24:32]
L-BFGS:  21%|██        | 211/1000 [1:31:37 > 24:39]
L-BFGS:  21%|██        | 212/1000 [1:30:58 > 24:45]
L-BFGS:  21%|██▏       | 213/1000 [1:30:30 > 24:52]
L-BFGS:  21%|██▏       | 214/1000 [1:30:04 > 24:59]
L-BFGS:  22%|██▏       | 215/1000 [1:30:50 > 25:06]
L-BFGS:  22%|██▏       | 216/1000 [1:30:14 > 25:13]
L-BFGS:  22%|██▏       | 217/1000 [1:30:20 > 25:20]
L-BFGS:  22%|██▏       | 218/1000 [1:30:20 > 25:27]
L-BFGS:  22%|██▏       | 219/1000 [1:31:33 > 25:34]
L-BFGS:  22%|██▏       | 220/1000 [1:31:12 > 25:41]
L-BFGS:  22%|██▏       | 221/1000 [1:30:54 > 25:48]
L-BFGS:  22%|██▏       | 222/1000 [1:30:41 > 25:55]
L-BFGS:  22%|██▏       | 223/1000 [1:31:31 > 26:02]
L-BFGS:  22%|██▏       | 224/1000 [1:32:07 > 26:10]
L-BFGS:  22%|██▎       | 225/1000 [1:31:26 > 26:17]
L-BFGS:  23%|██▎       | 226/1000 [1:30:58 > 26:24]
L-BFGS:  23%|██▎       | 227/1000 [1:30:22 > 26:30]
L-BFGS:  23%|██▎       | 228/1000 [1:29:32 > 26:37]
L-BFGS:  23%|██▎       | 229/1000 [1:28:51 > 26:44]
L-BFGS:  23%|██▎       | 230/1000 [1:28:25 > 26:51]
L-BFGS:  23%|██▎       | 231/1000 [1:28:00 > 26:58]
L-BFGS:  23%|██▎       | 232/1000 [1:28:41 > 27:05]
L-BFGS:  23%|██▎       | 233/1000 [1:29:13 > 27:12]
L-BFGS:  23%|██▎       | 234/1000 [1:29:29 > 27:19]
L-BFGS:  24%|██▎       | 235/1000 [1:29:49 > 27:26]
L-BFGS:  24%|██▎       | 236/1000 [1:29:58 > 27:33]
L-BFGS:  24%|██▎       | 237/1000 [1:28:59 > 27:40]
L-BFGS:  24%|██▍       | 238/1000 [1:28:17 > 27:47]
L-BFGS:  24%|██▍       | 239/1000 [1:27:34 > 27:54]
L-BFGS:  24%|██▍       | 240/1000 [1:27:12 > 28:01]
L-BFGS:  24%|██▍       | 241/1000 [1:26:47 > 28:07]
L-BFGS:  24%|██▍       | 242/1000 [1:26:27 > 28:14]
L-BFGS:  24%|██▍       | 243/1000 [1:27:16 > 28:21]
L-BFGS:  24%|██▍       | 244/1000 [1:26:46 > 28:28]
L-BFGS:  24%|██▍       | 245/1000 [1:26:34 > 28:35]
L-BFGS:  25%|██▍       | 246/1000 [1:26:18 > 28:42]
L-BFGS:  25%|██▍       | 247/1000 [1:27:35 > 28:49]
L-BFGS:  25%|██▍       | 248/1000 [1:28:34 > 28:56]
L-BFGS:  25%|██▍       | 249/1000 [1:28:08 > 29:03]
L-BFGS:  25%|██▌       | 250/1000 [1:28:46 > 29:11]
L-BFGS:  25%|██▌       | 251/1000 [1:29:14 > 29:18]
L-BFGS:  25%|██▌       | 252/1000 [1:28:27 > 29:25]
L-BFGS:  25%|██▌       | 253/1000 [1:27:52 > 29:32]
L-BFGS:  25%|██▌       | 254/1000 [1:28:23 > 29:39]
L-BFGS:  26%|██▌       | 255/1000 [1:28:49 > 29:46]
L-BFGS:  26%|██▌       | 256/1000 [1:29:04 > 29:53]
L-BFGS:  26%|██▌       | 257/1000 [1:28:53 > 30:01]
L-BFGS:  26%|██▌       | 258/1000 [1:28:27 > 30:08]
L-BFGS:  26%|██▌       | 259/1000 [1:28:10 > 30:15]
L-BFGS:  26%|██▌       | 260/1000 [1:27:53 > 30:22]
L-BFGS:  26%|██▌       | 261/1000 [1:26:40 > 30:29]
L-BFGS:  26%|██▌       | 262/1000 [1:26:45 > 30:36]
L-BFGS:  26%|██▋       | 263/1000 [1:25:44 > 30:43]
L-BFGS:  26%|██▋       | 264/1000 [1:25:03 > 30:49]
L-BFGS:  26%|██▋       | 265/1000 [1:24:37 > 30:56]
L-BFGS:  27%|██▋       | 266/1000 [1:25:18 > 31:03]
L-BFGS:  27%|██▋       | 267/1000 [1:24:39 > 31:10]
L-BFGS:  27%|██▋       | 268/1000 [1:25:08 > 31:17]
L-BFGS:  27%|██▋       | 269/1000 [1:24:24 > 31:24]
L-BFGS:  27%|██▋       | 270/1000 [1:23:56 > 31:31]
L-BFGS:  27%|██▋       | 271/1000 [1:24:32 > 31:38]
L-BFGS:  27%|██▋       | 272/1000 [1:24:55 > 31:45]
L-BFGS:  27%|██▋       | 273/1000 [1:25:07 > 31:52]
L-BFGS:  27%|██▋       | 274/1000 [1:24:13 > 31:59]
L-BFGS:  28%|██▊       | 275/1000 [1:23:31 > 32:06]
L-BFGS:  28%|██▊       | 276/1000 [1:23:22 > 32:13]
L-BFGS:  28%|██▊       | 277/1000 [1:24:32 > 32:20]
L-BFGS:  28%|██▊       | 278/1000 [1:25:18 > 32:27]
L-BFGS:  28%|██▊       | 279/1000 [1:25:53 > 32:35]
L-BFGS:  28%|██▊       | 280/1000 [1:25:08 > 32:42]
L-BFGS:  28%|██▊       | 281/1000 [1:25:38 > 32:49]
L-BFGS:  28%|██▊       | 282/1000 [1:24:49 > 32:56]
L-BFGS:  28%|██▊       | 283/1000 [1:25:18 > 33:03]
L-BFGS:  28%|██▊       | 284/1000 [1:24:39 > 33:10]
L-BFGS:  28%|██▊       | 285/1000 [1:25:10 > 33:17]
L-BFGS:  29%|██▊       | 286/1000 [1:25:15 > 33:25]
L-BFGS:  29%|██▊       | 287/1000 [1:24:52 > 33:32]
L-BFGS:  29%|██▉       | 288/1000 [1:23:37 > 33:38]
L-BFGS:  29%|██▉       | 289/1000 [1:22:46 > 33:45]
L-BFGS:  29%|██▉       | 290/1000 [1:22:00 > 33:52]
L-BFGS:  29%|██▉       | 291/1000 [1:21:28 > 33:59]
L-BFGS:  29%|██▉       | 292/1000 [1:21:04 > 34:06]
L-BFGS:  29%|██▉       | 293/1000 [1:21:51 > 34:13]
L-BFGS:  29%|██▉       | 294/1000 [1:21:10 > 34:20]
L-BFGS:  30%|██▉       | 295/1000 [1:20:49 > 34:26]
L-BFGS:  30%|██▉       | 296/1000 [1:20:34 > 34:33]
L-BFGS:  30%|██▉       | 297/1000 [1:20:22 > 34:40]
L-BFGS:  30%|██▉       | 298/1000 [1:20:18 > 34:47]
L-BFGS:  30%|██▉       | 299/1000 [1:21:04 > 34:54]
L-BFGS:  30%|███       | 300/1000 [1:20:32 > 35:01]
L-BFGS:  30%|███       | 301/1000 [1:20:12 > 35:08]
L-BFGS:  30%|███       | 302/1000 [1:19:56 > 35:15]
L-BFGS:  30%|███       | 303/1000 [1:20:39 > 35:22]
L-BFGS:  30%|███       | 304/1000 [1:20:09 > 35:29]
L-BFGS:  30%|███       | 305/1000 [1:19:50 > 35:35]
L-BFGS:  31%|███       | 306/1000 [1:20:55 > 35:43]
L-BFGS:  31%|███       | 307/1000 [1:21:39 > 35:50]
L-BFGS:  31%|███       | 308/1000 [1:21:14 > 35:57]
L-BFGS:  31%|███       | 309/1000 [1:21:50 > 36:04]
L-BFGS:  31%|███       | 310/1000 [1:21:21 > 36:11]
L-BFGS:  31%|███       | 311/1000 [1:21:47 > 36:18]
L-BFGS:  31%|███       | 312/1000 [1:22:06 > 36:26]
L-BFGS:  31%|███▏      | 313/1000 [1:21:24 > 36:33]
L-BFGS:  31%|███▏      | 314/1000 [1:21:43 > 36:40]
L-BFGS:  32%|███▏      | 315/1000 [1:20:58 > 36:47]
L-BFGS:  32%|███▏      | 316/1000 [1:21:03 > 36:54]
L-BFGS:  32%|███▏      | 317/1000 [1:20:52 > 37:01]
L-BFGS:  32%|███▏      | 318/1000 [1:20:41 > 37:08]
L-BFGS:  32%|███▏      | 319/1000 [1:19:35 > 37:15]
L-BFGS:  32%|███▏      | 320/1000 [1:18:47 > 37:22]
L-BFGS:  32%|███▏      | 321/1000 [1:19:10 > 37:29]
L-BFGS:  32%|███▏      | 322/1000 [1:19:26 > 37:36]
L-BFGS:  32%|███▏      | 323/1000 [1:19:35 > 37:43]
L-BFGS:  32%|███▏      | 324/1000 [1:19:33 > 37:50]
L-BFGS:  32%|███▎      | 325/1000 [1:18:36 > 37:57]
L-BFGS:  33%|███▎      | 326/1000 [1:18:52 > 38:04]
L-BFGS:  33%|███▎      | 327/1000 [1:18:07 > 38:11]
L-BFGS:  33%|███▎      | 328/1000 [1:18:34 > 38:18]
L-BFGS:  33%|███▎      | 329/1000 [1:18:39 > 38:25]
L-BFGS:  33%|███▎      | 330/1000 [1:18:45 > 38:32]
L-BFGS:  33%|███▎      | 331/1000 [1:18:47 > 38:39]
L-BFGS:  33%|███▎      | 332/1000 [1:17:55 > 38:46]
L-BFGS:  33%|███▎      | 333/1000 [1:17:12 > 38:53]
L-BFGS:  33%|███▎      | 334/1000 [1:17:39 > 39:00]
L-BFGS:  34%|███▎      | 335/1000 [1:18:07 > 39:07]
L-BFGS:  34%|███▎      | 336/1000 [1:18:42 > 39:15]
L-BFGS:  34%|███▎      | 337/1000 [1:19:02 > 39:22]
L-BFGS:  34%|███▍      | 338/1000 [1:18:19 > 39:29]
L-BFGS:  34%|███▍      | 339/1000 [1:18:42 > 39:36]
L-BFGS:  34%|███▍      | 340/1000 [1:18:56 > 39:43]
L-BFGS:  34%|███▍      | 341/1000 [1:18:13 > 39:50]
L-BFGS:  34%|███▍      | 342/1000 [1:18:35 > 39:57]
L-BFGS:  34%|███▍      | 343/1000 [1:17:47 > 40:04]
L-BFGS:  34%|███▍      | 344/1000 [1:17:11 > 40:11]
L-BFGS:  34%|███▍      | 345/1000 [1:16:42 > 40:18]
L-BFGS:  35%|███▍      | 346/1000 [1:16:01 > 40:25]
L-BFGS:  35%|███▍      | 347/1000 [1:15:26 > 40:32]
L-BFGS:  35%|███▍      | 348/1000 [1:14:58 > 40:39]
L-BFGS:  35%|███▍      | 349/1000 [1:14:35 > 40:46]
L-BFGS:  35%|███▌      | 350/1000 [1:15:10 > 40:53]
L-BFGS:  35%|███▌      | 351/1000 [1:15:31 > 41:00]
L-BFGS:  35%|███▌      | 352/1000 [1:14:56 > 41:07]
L-BFGS:  35%|███▌      | 353/1000 [1:15:27 > 41:14]
L-BFGS:  35%|███▌      | 354/1000 [1:15:36 > 41:21]
L-BFGS:  36%|███▌      | 355/1000 [1:15:42 > 41:28]
L-BFGS:  36%|███▌      | 356/1000 [1:15:43 > 41:35]
L-BFGS:  36%|███▌      | 357/1000 [1:15:40 > 41:42]
L-BFGS:  36%|███▌      | 358/1000 [1:15:39 > 41:49]
L-BFGS:  36%|███▌      | 359/1000 [1:15:37 > 41:56]
L-BFGS:  36%|███▌      | 360/1000 [1:15:36 > 42:03]
L-BFGS:  36%|███▌      | 361/1000 [1:14:33 > 42:10]
L-BFGS:  36%|███▌      | 362/1000 [1:13:50 > 42:17]
L-BFGS:  36%|███▋      | 363/1000 [1:13:19 > 42:24]
L-BFGS:  36%|███▋      | 364/1000 [1:13:47 > 42:31]
L-BFGS:  36%|███▋      | 365/1000 [1:14:38 > 42:38]
L-BFGS:  37%|███▋      | 366/1000 [1:15:10 > 42:46]
L-BFGS:  37%|███▋      | 367/1000 [1:15:30 > 42:53]
L-BFGS:  37%|███▋      | 368/1000 [1:14:49 > 43:00]
L-BFGS:  37%|███▋      | 369/1000 [1:14:15 > 43:07]
L-BFGS:  37%|███▋      | 370/1000 [1:14:48 > 43:14]
L-BFGS:  37%|███▋      | 371/1000 [1:15:15 > 43:21]
L-BFGS:  37%|███▋      | 372/1000 [1:14:31 > 43:28]
L-BFGS:  37%|███▋      | 373/1000 [1:13:53 > 43:35]
L-BFGS:  37%|███▋      | 374/1000 [1:14:20 > 43:42]
L-BFGS:  38%|███▊      | 375/1000 [1:13:26 > 43:49]
L-BFGS:  38%|███▊      | 376/1000 [1:12:31 > 43:56]
L-BFGS:  38%|███▊      | 377/1000 [1:11:57 > 44:03]
L-BFGS:  38%|███▊      | 378/1000 [1:11:29 > 44:10]
L-BFGS:  38%|███▊      | 379/1000 [1:11:06 > 44:17]
L-BFGS:  38%|███▊      | 380/1000 [1:11:40 > 44:24]
L-BFGS:  38%|███▊      | 381/1000 [1:11:14 > 44:31]
L-BFGS:  38%|███▊      | 382/1000 [1:10:50 > 44:37]
L-BFGS:  38%|███▊      | 383/1000 [1:10:28 > 44:44]
L-BFGS:  38%|███▊      | 384/1000 [1:10:15 > 44:51]
L-BFGS:  38%|███▊      | 385/1000 [1:10:54 > 44:58]
L-BFGS:  39%|███▊      | 386/1000 [1:11:22 > 45:05]
L-BFGS:  39%|███▊      | 387/1000 [1:11:36 > 45:12]
L-BFGS:  39%|███▉      | 388/1000 [1:10:56 > 45:19]
L-BFGS:  39%|███▉      | 389/1000 [1:10:29 > 45:26]
L-BFGS:  39%|███▉      | 390/1000 [1:10:49 > 45:33]
L-BFGS:  39%|███▉      | 391/1000 [1:11:06 > 45:40]
L-BFGS:  39%|███▉      | 392/1000 [1:11:17 > 45:47]
L-BFGS:  39%|███▉      | 393/1000 [1:10:30 > 45:54]
L-BFGS:  39%|███▉      | 394/1000 [1:10:14 > 46:01]
L-BFGS:  40%|███▉      | 395/1000 [1:10:09 > 46:08]
L-BFGS:  40%|███▉      | 396/1000 [1:10:01 > 46:15]
L-BFGS:  40%|███▉      | 397/1000 [1:10:51 > 46:22]
L-BFGS:  40%|███▉      | 398/1000 [1:10:33 > 46:29]
L-BFGS:  40%|███▉      | 399/1000 [1:10:17 > 46:36]
L-BFGS:  40%|████      | 400/1000 [1:10:02 > 46:43]
L-BFGS:  40%|████      | 401/1000 [1:09:48 > 46:50]
L-BFGS:  40%|████      | 402/1000 [1:09:41 > 46:57]
L-BFGS:  40%|████      | 403/1000 [1:09:33 > 47:04]
L-BFGS:  40%|████      | 404/1000 [1:10:11 > 47:11]
L-BFGS:  40%|████      | 405/1000 [1:10:08 > 47:18]
L-BFGS:  41%|████      | 406/1000 [1:09:18 > 47:25]
L-BFGS:  41%|████      | 407/1000 [1:09:25 > 47:32]
L-BFGS:  41%|████      | 408/1000 [1:08:45 > 47:39]
L-BFGS:  41%|████      | 409/1000 [1:08:57 > 47:46]
L-BFGS:  41%|████      | 410/1000 [1:08:16 > 47:53]
L-BFGS:  41%|████      | 411/1000 [1:07:47 > 48:00]
L-BFGS:  41%|████      | 412/1000 [1:08:14 > 48:07]
L-BFGS:  41%|████▏     | 413/1000 [1:07:40 > 48:14]
L-BFGS:  41%|████▏     | 414/1000 [1:08:03 > 48:21]
L-BFGS:  42%|████▏     | 415/1000 [1:07:27 > 48:28]
L-BFGS:  42%|████▏     | 416/1000 [1:07:04 > 48:34]
L-BFGS:  42%|████▏     | 417/1000 [1:07:36 > 48:42]
L-BFGS:  42%|████▏     | 418/1000 [1:07:08 > 48:48]
L-BFGS:  42%|████▏     | 419/1000 [1:07:31 > 48:55]
L-BFGS:  42%|████▏     | 420/1000 [1:06:59 > 49:02]
L-BFGS:  42%|████▏     | 421/1000 [1:06:34 > 49:09]
L-BFGS:  42%|████▏     | 422/1000 [1:06:58 > 49:16]
L-BFGS:  42%|████▏     | 423/1000 [1:07:23 > 49:23]
L-BFGS:  42%|████▏     | 424/1000 [1:07:15 > 49:30]
L-BFGS:  42%|████▎     | 425/1000 [1:07:02 > 49:37]
L-BFGS:  43%|████▎     | 426/1000 [1:06:51 > 49:44]
L-BFGS:  43%|████▎     | 427/1000 [1:06:41 > 49:51]
L-BFGS:  43%|████▎     | 428/1000 [1:06:32 > 49:58]
L-BFGS:  43%|████▎     | 429/1000 [1:06:21 > 50:05]
L-BFGS:  43%|████▎     | 430/1000 [1:07:01 > 50:12]
L-BFGS:  43%|████▎     | 431/1000 [1:07:25 > 50:20]
L-BFGS:  43%|████▎     | 432/1000 [1:07:38 > 50:27]
L-BFGS:  43%|████▎     | 433/1000 [1:07:03 > 50:34]
L-BFGS:  43%|████▎     | 434/1000 [1:07:06 > 50:41]
L-BFGS:  44%|████▎     | 435/1000 [1:06:57 > 50:48]
L-BFGS:  44%|████▎     | 436/1000 [1:06:45 > 50:55]
L-BFGS:  44%|████▎     | 437/1000 [1:05:52 > 51:02]
L-BFGS:  44%|████▍     | 438/1000 [1:05:19 > 51:09]
L-BFGS:  44%|████▍     | 439/1000 [1:04:45 > 51:16]
L-BFGS:  44%|████▍     | 440/1000 [1:04:23 > 51:23]
L-BFGS:  44%|████▍     | 441/1000 [1:04:50 > 51:30]
L-BFGS:  44%|████▍     | 442/1000 [1:05:05 > 51:37]
L-BFGS:  44%|████▍     | 443/1000 [1:04:27 > 51:44]
L-BFGS:  44%|████▍     | 444/1000 [1:04:02 > 51:50]
L-BFGS:  44%|████▍     | 445/1000 [1:03:41 > 51:57]
L-BFGS:  45%|████▍     | 446/1000 [1:03:22 > 52:04]
L-BFGS:  45%|████▍     | 447/1000 [1:03:54 > 52:11]
L-BFGS:  45%|████▍     | 448/1000 [1:03:29 > 52:18]
L-BFGS:  45%|████▍     | 449/1000 [1:03:08 > 52:25]
L-BFGS:  45%|████▌     | 450/1000 [1:03:37 > 52:32]
L-BFGS:  45%|████▌     | 451/1000 [1:03:52 > 52:39]
L-BFGS:  45%|████▌     | 452/1000 [1:03:19 > 52:46]
L-BFGS:  45%|████▌     | 453/1000 [1:03:10 > 52:53]
L-BFGS:  45%|████▌     | 454/1000 [1:03:53 > 53:00]
L-BFGS:  46%|████▌     | 455/1000 [1:03:37 > 53:07]
L-BFGS:  46%|████▌     | 456/1000 [1:03:25 > 53:14]
L-BFGS:  46%|████▌     | 457/1000 [1:04:01 > 53:21]
L-BFGS:  46%|████▌     | 458/1000 [1:03:38 > 53:28]
L-BFGS:  46%|████▌     | 459/1000 [1:03:19 > 53:35]
L-BFGS:  46%|████▌     | 460/1000 [1:03:48 > 53:42]
L-BFGS:  46%|████▌     | 461/1000 [1:03:25 > 53:49]
L-BFGS:  46%|████▌     | 462/1000 [1:02:56 > 53:56]
L-BFGS:  46%|████▋     | 463/1000 [1:03:06 > 54:03]
L-BFGS:  46%|████▋     | 464/1000 [1:03:17 > 54:11]
L-BFGS:  46%|████▋     | 465/1000 [1:03:13 > 54:18]
L-BFGS:  47%|████▋     | 466/1000 [1:03:05 > 54:25]
L-BFGS:  47%|████▋     | 467/1000 [1:03:00 > 54:32]
L-BFGS:  47%|████▋     | 468/1000 [1:02:09 > 54:39]
L-BFGS:  47%|████▋     | 469/1000 [1:01:31 > 54:45]
L-BFGS:  47%|████▋     | 470/1000 [1:01:02 > 54:52]
L-BFGS:  47%|████▋     | 471/1000 [1:00:40 > 54:59]
L-BFGS:  47%|████▋     | 472/1000 [1:01:07 > 55:06]
L-BFGS:  47%|████▋     | 473/1000 [1:00:39 > 55:13]
L-BFGS:  47%|████▋     | 474/1000 [1:00:22 > 55:20]
L-BFGS:  48%|████▊     | 475/1000 [1:00:50 > 55:27]
L-BFGS:  48%|████▊     | 476/1000 [1:00:25 > 55:34]
L-BFGS:  48%|████▊     | 477/1000 [1:00:48 > 55:41]
L-BFGS:  48%|████▊     | 478/1000 [1:00:17 > 55:48]
L-BFGS:  48%|████▊     | 479/1000 [59:51 > 55:55]  
L-BFGS:  48%|████▊     | 480/1000 [59:32 > 56:01]
L-BFGS:  48%|████▊     | 481/1000 [1:00:00 > 56:08]
L-BFGS:  48%|████▊     | 482/1000 [59:36 > 56:15]  
L-BFGS:  48%|████▊     | 483/1000 [59:27 > 56:22]
L-BFGS:  48%|████▊     | 484/1000 [59:33 > 56:29]
L-BFGS:  48%|████▊     | 485/1000 [59:37 > 56:36]
L-BFGS:  49%|████▊     | 486/1000 [59:36 > 56:43]
L-BFGS:  49%|████▊     | 487/1000 [59:30 > 56:50]
L-BFGS:  49%|████▉     | 488/1000 [59:28 > 56:57]
L-BFGS:  49%|████▉     | 489/1000 [1:00:07 > 57:04]
L-BFGS:  49%|████▉     | 490/1000 [59:44 > 57:11]  
L-BFGS:  49%|████▉     | 491/1000 [59:24 > 57:18]
L-BFGS:  49%|████▉     | 492/1000 [59:54 > 57:25]
L-BFGS:  49%|████▉     | 493/1000 [59:32 > 57:32]
L-BFGS:  49%|████▉     | 494/1000 [59:37 > 57:40]
L-BFGS:  50%|████▉     | 495/1000 [59:34 > 57:47]
L-BFGS:  50%|████▉     | 496/1000 [58:47 > 57:53]
L-BFGS:  50%|████▉     | 497/1000 [58:12 > 58:00]
L-BFGS:  50%|████▉     | 498/1000 [57:44 > 58:07]
L-BFGS:  50%|████▉     | 499/1000 [57:25 > 58:14]
L-BFGS:  50%|█████     | 500/1000 [57:07 > 58:21]
L-BFGS:  50%|█████     | 501/1000 [56:56 > 58:28]
L-BFGS:  50%|█████     | 502/1000 [56:47 > 58:34]
L-BFGS:  50%|█████     | 503/1000 [56:40 > 58:41]
L-BFGS:  50%|█████     | 504/1000 [57:12 > 58:48]
L-BFGS:  50%|█████     | 505/1000 [56:54 > 58:55]
L-BFGS:  51%|█████     | 506/1000 [57:15 > 59:02]
L-BFGS:  51%|█████     | 507/1000 [56:53 > 59:09]
L-BFGS:  51%|█████     | 508/1000 [56:30 > 59:16]
L-BFGS:  51%|█████     | 509/1000 [56:12 > 59:23]
L-BFGS:  51%|█████     | 510/1000 [56:02 > 59:30]
L-BFGS:  51%|█████     | 511/1000 [56:31 > 59:37]
L-BFGS:  51%|█████     | 512/1000 [56:06 > 59:44]
L-BFGS:  51%|█████▏    | 513/1000 [55:58 > 59:50]
L-BFGS:  51%|█████▏    | 514/1000 [56:03 > 59:57]
L-BFGS:  52%|█████▏    | 515/1000 [56:47 > 1:00:05]
L-BFGS:  52%|█████▏    | 516/1000 [57:12 > 1:00:12]
L-BFGS:  52%|█████▏    | 517/1000 [57:26 > 1:00:19]
L-BFGS:  52%|█████▏    | 518/1000 [56:54 > 1:00:26]
L-BFGS:  52%|█████▏    | 519/1000 [57:10 > 1:00:33]
L-BFGS:  52%|█████▏    | 520/1000 [57:17 > 1:00:41]
L-BFGS:  52%|█████▏    | 521/1000 [56:44 > 1:00:48]
L-BFGS:  52%|█████▏    | 522/1000 [56:19 > 1:00:55]
L-BFGS:  52%|█████▏    | 523/1000 [55:58 > 1:01:02]
L-BFGS:  52%|█████▏    | 524/1000 [55:21 > 1:01:08]
L-BFGS:  52%|█████▎    | 525/1000 [54:50 > 1:01:15]
L-BFGS:  53%|█████▎    | 526/1000 [55:06 > 1:01:22]
L-BFGS:  53%|█████▎    | 527/1000 [55:19 > 1:01:29]
L-BFGS:  53%|█████▎    | 528/1000 [54:45 > 1:01:36]
L-BFGS:  53%|█████▎    | 529/1000 [54:17 > 1:01:43]
L-BFGS:  53%|█████▎    | 530/1000 [53:55 > 1:01:50]
L-BFGS:  53%|█████▎    | 531/1000 [53:37 > 1:01:57]
L-BFGS:  53%|█████▎    | 532/1000 [53:25 > 1:02:03]
L-BFGS:  53%|█████▎    | 533/1000 [53:58 > 1:02:11]
L-BFGS:  53%|█████▎    | 534/1000 [53:32 > 1:02:17]
L-BFGS:  54%|█████▎    | 535/1000 [53:53 > 1:02:24]
L-BFGS:  54%|█████▎    | 536/1000 [53:28 > 1:02:31]
L-BFGS:  54%|█████▎    | 537/1000 [53:48 > 1:02:38]
L-BFGS:  54%|█████▍    | 538/1000 [53:20 > 1:02:45]
L-BFGS:  54%|█████▍    | 539/1000 [53:37 > 1:02:52]
L-BFGS:  54%|█████▍    | 540/1000 [53:48 > 1:02:59]
L-BFGS:  54%|█████▍    | 541/1000 [53:15 > 1:03:06]
L-BFGS:  54%|█████▍    | 542/1000 [53:26 > 1:03:13]
L-BFGS:  54%|█████▍    | 543/1000 [53:53 > 1:03:21]
L-BFGS:  54%|█████▍    | 544/1000 [54:09 > 1:03:28]
L-BFGS:  55%|█████▍    | 545/1000 [53:40 > 1:03:35]
L-BFGS:  55%|█████▍    | 546/1000 [53:58 > 1:03:42]
L-BFGS:  55%|█████▍    | 547/1000 [54:08 > 1:03:49]
L-BFGS:  55%|█████▍    | 548/1000 [53:33 > 1:03:56]
L-BFGS:  55%|█████▍    | 549/1000 [53:06 > 1:04:03]
L-BFGS:  55%|█████▌    | 550/1000 [52:45 > 1:04:10]
L-BFGS:  55%|█████▌    | 551/1000 [53:06 > 1:04:17]
L-BFGS:  55%|█████▌    | 552/1000 [53:20 > 1:04:25]
L-BFGS:  55%|█████▌    | 553/1000 [52:39 > 1:04:32]
L-BFGS:  55%|█████▌    | 554/1000 [51:57 > 1:04:38]
L-BFGS:  56%|█████▌    | 555/1000 [51:27 > 1:04:45]
L-BFGS:  56%|█████▌    | 556/1000 [51:06 > 1:04:52]
L-BFGS:  56%|█████▌    | 557/1000 [50:48 > 1:04:59]
L-BFGS:  56%|█████▌    | 558/1000 [51:11 > 1:05:06]
L-BFGS:  56%|█████▌    | 559/1000 [50:45 > 1:05:13]
L-BFGS:  56%|█████▌    | 560/1000 [50:28 > 1:05:20]
L-BFGS:  56%|█████▌    | 561/1000 [50:52 > 1:05:27]
L-BFGS:  56%|█████▌    | 562/1000 [50:26 > 1:05:34]
L-BFGS:  56%|█████▋    | 563/1000 [50:11 > 1:05:40]
L-BFGS:  56%|█████▋    | 564/1000 [49:55 > 1:05:47]
L-BFGS:  56%|█████▋    | 565/1000 [50:14 > 1:05:54]
L-BFGS:  57%|█████▋    | 566/1000 [49:52 > 1:06:01]
L-BFGS:  57%|█████▋    | 567/1000 [49:32 > 1:06:08]
L-BFGS:  57%|█████▋    | 568/1000 [49:54 > 1:06:15]
L-BFGS:  57%|█████▋    | 569/1000 [50:12 > 1:06:22]
L-BFGS:  57%|█████▋    | 570/1000 [50:20 > 1:06:29]
L-BFGS:  57%|█████▋    | 571/1000 [49:46 > 1:06:36]
L-BFGS:  57%|█████▋    | 572/1000 [49:26 > 1:06:43]
L-BFGS:  57%|█████▋    | 573/1000 [49:26 > 1:06:50]
L-BFGS:  57%|█████▋    | 574/1000 [49:25 > 1:06:57]
L-BFGS:  57%|█████▊    | 575/1000 [49:55 > 1:07:04]
L-BFGS:  58%|█████▊    | 576/1000 [50:16 > 1:07:11]
L-BFGS:  58%|█████▊    | 577/1000 [50:22 > 1:07:19]
L-BFGS:  58%|█████▊    | 578/1000 [50:29 > 1:07:26]
L-BFGS:  58%|█████▊    | 579/1000 [49:57 > 1:07:33]
L-BFGS:  58%|█████▊    | 580/1000 [50:05 > 1:07:40]
L-BFGS:  58%|█████▊    | 581/1000 [49:33 > 1:07:47]
L-BFGS:  58%|█████▊    | 582/1000 [49:12 > 1:07:54]
L-BFGS:  58%|█████▊    | 583/1000 [49:11 > 1:08:01]
L-BFGS:  58%|█████▊    | 584/1000 [48:32 > 1:08:08]
L-BFGS:  58%|█████▊    | 585/1000 [48:00 > 1:08:15]
L-BFGS:  59%|█████▊    | 586/1000 [47:37 > 1:08:22]
L-BFGS:  59%|█████▊    | 587/1000 [47:23 > 1:08:28]
L-BFGS:  59%|█████▉    | 588/1000 [47:11 > 1:08:35]
L-BFGS:  59%|█████▉    | 589/1000 [47:29 > 1:08:42]
L-BFGS:  59%|█████▉    | 590/1000 [47:07 > 1:08:49]
L-BFGS:  59%|█████▉    | 591/1000 [47:25 > 1:08:56]
L-BFGS:  59%|█████▉    | 592/1000 [47:00 > 1:09:03]
L-BFGS:  59%|█████▉    | 593/1000 [46:42 > 1:09:10]
L-BFGS:  59%|█████▉    | 594/1000 [46:26 > 1:09:17]
L-BFGS:  60%|█████▉    | 595/1000 [46:15 > 1:09:24]
L-BFGS:  60%|█████▉    | 596/1000 [46:10 > 1:09:30]
L-BFGS:  60%|█████▉    | 597/1000 [46:34 > 1:09:38]
L-BFGS:  60%|█████▉    | 598/1000 [46:46 > 1:09:45]
L-BFGS:  60%|█████▉    | 599/1000 [46:52 > 1:09:52]
L-BFGS:  60%|██████    | 600/1000 [46:21 > 1:09:59]
L-BFGS:  60%|██████    | 601/1000 [45:58 > 1:10:05]
L-BFGS:  60%|██████    | 602/1000 [46:23 > 1:10:13]
L-BFGS:  60%|██████    | 603/1000 [46:15 > 1:10:19]
L-BFGS:  60%|██████    | 604/1000 [46:39 > 1:10:27]
L-BFGS:  60%|██████    | 605/1000 [46:22 > 1:10:34]
L-BFGS:  61%|██████    | 606/1000 [46:40 > 1:10:41]
L-BFGS:  61%|██████    | 607/1000 [46:18 > 1:10:48]
L-BFGS:  61%|██████    | 608/1000 [46:31 > 1:10:55]
L-BFGS:  61%|██████    | 609/1000 [46:09 > 1:11:02]
L-BFGS:  61%|██████    | 610/1000 [45:49 > 1:11:09]
L-BFGS:  61%|██████    | 611/1000 [45:34 > 1:11:16]
L-BFGS:  61%|██████    | 612/1000 [45:50 > 1:11:23]
L-BFGS:  61%|██████▏   | 613/1000 [45:10 > 1:11:30]
L-BFGS:  61%|██████▏   | 614/1000 [44:42 > 1:11:37]
L-BFGS:  62%|██████▏   | 615/1000 [44:53 > 1:11:44]
L-BFGS:  62%|██████▏   | 616/1000 [44:27 > 1:11:51]
L-BFGS:  62%|██████▏   | 617/1000 [44:35 > 1:11:58]
L-BFGS:  62%|██████▏   | 618/1000 [44:08 > 1:12:05]
L-BFGS:  62%|██████▏   | 619/1000 [44:17 > 1:12:12]
L-BFGS:  62%|██████▏   | 620/1000 [43:51 > 1:12:19]
L-BFGS:  62%|██████▏   | 621/1000 [43:32 > 1:12:26]
L-BFGS:  62%|██████▏   | 622/1000 [43:49 > 1:12:33]
L-BFGS:  62%|██████▏   | 623/1000 [43:27 > 1:12:39]
L-BFGS:  62%|██████▏   | 624/1000 [43:40 > 1:12:47]
L-BFGS:  62%|██████▎   | 625/1000 [43:15 > 1:12:53]
L-BFGS:  63%|██████▎   | 626/1000 [43:28 > 1:13:00]
L-BFGS:  63%|██████▎   | 627/1000 [43:05 > 1:13:07]
L-BFGS:  63%|██████▎   | 628/1000 [42:45 > 1:13:14]
L-BFGS:  63%|██████▎   | 629/1000 [43:02 > 1:13:21]
L-BFGS:  63%|██████▎   | 630/1000 [43:10 > 1:13:28]
L-BFGS:  63%|██████▎   | 631/1000 [43:16 > 1:13:35]
L-BFGS:  63%|██████▎   | 632/1000 [43:01 > 1:13:42]
L-BFGS:  63%|██████▎   | 633/1000 [42:49 > 1:13:49]
L-BFGS:  63%|██████▎   | 634/1000 [43:10 > 1:13:57]
L-BFGS:  64%|██████▎   | 635/1000 [42:53 > 1:14:04]
L-BFGS:  64%|██████▎   | 636/1000 [42:40 > 1:14:11]
L-BFGS:  64%|██████▎   | 637/1000 [42:27 > 1:14:18]
L-BFGS:  64%|██████▍   | 638/1000 [42:15 > 1:14:25]
L-BFGS:  64%|██████▍   | 639/1000 [42:06 > 1:14:32]
L-BFGS:  64%|██████▍   | 640/1000 [41:57 > 1:14:39]
L-BFGS:  64%|██████▍   | 641/1000 [41:49 > 1:14:46]
L-BFGS:  64%|██████▍   | 642/1000 [41:58 > 1:14:53]
L-BFGS:  64%|██████▍   | 643/1000 [41:57 > 1:15:00]
L-BFGS:  64%|██████▍   | 644/1000 [41:25 > 1:15:07]
L-BFGS:  64%|██████▍   | 645/1000 [41:01 > 1:15:13]
L-BFGS:  65%|██████▍   | 646/1000 [40:41 > 1:15:20]
L-BFGS:  65%|██████▍   | 647/1000 [40:27 > 1:15:27]
L-BFGS:  65%|██████▍   | 648/1000 [40:15 > 1:15:34]
L-BFGS:  65%|██████▍   | 649/1000 [40:33 > 1:15:41]
L-BFGS:  65%|██████▌   | 650/1000 [40:44 > 1:15:48]
L-BFGS:  65%|██████▌   | 651/1000 [40:21 > 1:15:55]
L-BFGS:  65%|██████▌   | 652/1000 [40:28 > 1:16:02]
L-BFGS:  65%|██████▌   | 653/1000 [40:35 > 1:16:09]
L-BFGS:  65%|██████▌   | 654/1000 [40:09 > 1:16:16]
L-BFGS:  66%|██████▌   | 655/1000 [40:14 > 1:16:23]
L-BFGS:  66%|██████▌   | 656/1000 [39:48 > 1:16:30]
L-BFGS:  66%|██████▌   | 657/1000 [39:27 > 1:16:37]
L-BFGS:  66%|██████▌   | 658/1000 [39:12 > 1:16:43]
L-BFGS:  66%|██████▌   | 659/1000 [39:28 > 1:16:51]
L-BFGS:  66%|██████▌   | 660/1000 [39:08 > 1:16:57]
L-BFGS:  66%|██████▌   | 661/1000 [39:31 > 1:17:05]
L-BFGS:  66%|██████▌   | 662/1000 [39:49 > 1:17:12]
L-BFGS:  66%|██████▋   | 663/1000 [40:02 > 1:17:19]
L-BFGS:  66%|██████▋   | 664/1000 [39:40 > 1:17:26]
L-BFGS:  66%|██████▋   | 665/1000 [39:49 > 1:17:33]
L-BFGS:  67%|██████▋   | 666/1000 [39:25 > 1:17:40]
L-BFGS:  67%|██████▋   | 667/1000 [39:08 > 1:17:47]
L-BFGS:  67%|██████▋   | 668/1000 [38:55 > 1:17:54]
L-BFGS:  67%|██████▋   | 669/1000 [39:09 > 1:18:01]
L-BFGS:  67%|██████▋   | 670/1000 [39:16 > 1:18:09]
L-BFGS:  67%|██████▋   | 671/1000 [38:49 > 1:18:16]
L-BFGS:  67%|██████▋   | 672/1000 [38:16 > 1:18:22]
L-BFGS:  67%|██████▋   | 673/1000 [38:18 > 1:18:30]
L-BFGS:  67%|██████▋   | 674/1000 [38:17 > 1:18:37]
L-BFGS:  68%|██████▊   | 675/1000 [37:49 > 1:18:43]
L-BFGS:  68%|██████▊   | 676/1000 [37:30 > 1:18:50]
L-BFGS:  68%|██████▊   | 677/1000 [37:37 > 1:18:57]
L-BFGS:  68%|██████▊   | 678/1000 [37:14 > 1:19:04]
L-BFGS:  68%|██████▊   | 679/1000 [36:56 > 1:19:11]
L-BFGS:  68%|██████▊   | 680/1000 [36:40 > 1:19:18]
L-BFGS:  68%|██████▊   | 681/1000 [36:28 > 1:19:25]
L-BFGS:  68%|██████▊   | 682/1000 [36:42 > 1:19:32]
L-BFGS:  68%|██████▊   | 683/1000 [36:24 > 1:19:39]
L-BFGS:  68%|██████▊   | 684/1000 [36:13 > 1:19:45]
L-BFGS:  68%|██████▊   | 685/1000 [36:28 > 1:19:53]
L-BFGS:  69%|██████▊   | 686/1000 [36:09 > 1:19:59]
L-BFGS:  69%|██████▊   | 687/1000 [36:20 > 1:20:06]
L-BFGS:  69%|██████▉   | 688/1000 [36:27 > 1:20:14]
L-BFGS:  69%|██████▉   | 689/1000 [36:03 > 1:20:20]
L-BFGS:  69%|██████▉   | 690/1000 [35:47 > 1:20:27]
L-BFGS:  69%|██████▉   | 691/1000 [36:10 > 1:20:35]
L-BFGS:  69%|██████▉   | 692/1000 [35:59 > 1:20:42]
L-BFGS:  69%|██████▉   | 693/1000 [35:48 > 1:20:48]
L-BFGS:  69%|██████▉   | 694/1000 [35:38 > 1:20:55]
L-BFGS:  70%|██████▉   | 695/1000 [35:55 > 1:21:03]
L-BFGS:  70%|██████▉   | 696/1000 [35:40 > 1:21:10]
L-BFGS:  70%|██████▉   | 697/1000 [35:25 > 1:21:17]
L-BFGS:  70%|██████▉   | 698/1000 [35:40 > 1:21:24]
L-BFGS:  70%|██████▉   | 699/1000 [35:26 > 1:21:31]
L-BFGS:  70%|███████   | 700/1000 [35:11 > 1:21:38]
L-BFGS:  70%|███████   | 701/1000 [34:49 > 1:21:45]
L-BFGS:  70%|███████   | 702/1000 [34:32 > 1:21:52]
L-BFGS:  70%|███████   | 703/1000 [34:39 > 1:21:59]
L-BFGS:  70%|███████   | 704/1000 [34:15 > 1:22:06]
L-BFGS:  70%|███████   | 705/1000 [33:58 > 1:22:12]
L-BFGS:  71%|███████   | 706/1000 [34:08 > 1:22:19]
L-BFGS:  71%|███████   | 707/1000 [33:47 > 1:22:26]
L-BFGS:  71%|███████   | 708/1000 [33:31 > 1:22:33]
L-BFGS:  71%|███████   | 709/1000 [33:41 > 1:22:40]
L-BFGS:  71%|███████   | 710/1000 [33:25 > 1:22:47]
L-BFGS:  71%|███████   | 711/1000 [33:09 > 1:22:54]
L-BFGS:  71%|███████   | 712/1000 [32:57 > 1:23:01]
L-BFGS:  71%|███████▏  | 713/1000 [32:45 > 1:23:07]
L-BFGS:  71%|███████▏  | 714/1000 [32:59 > 1:23:15]
L-BFGS:  72%|███████▏  | 715/1000 [33:06 > 1:23:22]
L-BFGS:  72%|███████▏  | 716/1000 [32:46 > 1:23:28]
L-BFGS:  72%|███████▏  | 717/1000 [32:51 > 1:23:36]
L-BFGS:  72%|███████▏  | 718/1000 [32:30 > 1:23:42]
L-BFGS:  72%|███████▏  | 719/1000 [32:39 > 1:23:49]
L-BFGS:  72%|███████▏  | 720/1000 [32:28 > 1:23:56]
L-BFGS:  72%|███████▏  | 721/1000 [32:22 > 1:24:03]
L-BFGS:  72%|███████▏  | 722/1000 [32:39 > 1:24:11]
L-BFGS:  72%|███████▏  | 723/1000 [32:26 > 1:24:18]
L-BFGS:  72%|███████▏  | 724/1000 [32:13 > 1:24:25]
L-BFGS:  72%|███████▎  | 725/1000 [32:06 > 1:24:32]
L-BFGS:  73%|███████▎  | 726/1000 [32:20 > 1:24:39]
L-BFGS:  73%|███████▎  | 727/1000 [32:26 > 1:24:46]
L-BFGS:  73%|███████▎  | 728/1000 [32:28 > 1:24:53]
L-BFGS:  73%|███████▎  | 729/1000 [32:28 > 1:25:01]
L-BFGS:  73%|███████▎  | 730/1000 [32:00 > 1:25:07]
L-BFGS:  73%|███████▎  | 731/1000 [31:52 > 1:25:15]
L-BFGS:  73%|███████▎  | 732/1000 [31:21 > 1:25:21]
L-BFGS:  73%|███████▎  | 733/1000 [30:58 > 1:25:28]
L-BFGS:  73%|███████▎  | 734/1000 [31:03 > 1:25:35]
L-BFGS:  74%|███████▎  | 735/1000 [30:41 > 1:25:42]
L-BFGS:  74%|███████▎  | 736/1000 [30:44 > 1:25:49]
L-BFGS:  74%|███████▎  | 737/1000 [30:24 > 1:25:56]
L-BFGS:  74%|███████▍  | 738/1000 [30:09 > 1:26:03]
L-BFGS:  74%|███████▍  | 739/1000 [29:55 > 1:26:10]
L-BFGS:  74%|███████▍  | 740/1000 [29:43 > 1:26:16]
L-BFGS:  74%|███████▍  | 741/1000 [29:33 > 1:26:23]
L-BFGS:  74%|███████▍  | 742/1000 [29:24 > 1:26:30]
L-BFGS:  74%|███████▍  | 743/1000 [29:15 > 1:26:37]
L-BFGS:  74%|███████▍  | 744/1000 [29:08 > 1:26:44]
L-BFGS:  74%|███████▍  | 745/1000 [29:00 > 1:26:51]
L-BFGS:  75%|███████▍  | 746/1000 [29:12 > 1:26:58]
L-BFGS:  75%|███████▍  | 747/1000 [28:59 > 1:27:04]
L-BFGS:  75%|███████▍  | 748/1000 [29:09 > 1:27:12]
L-BFGS:  75%|███████▍  | 749/1000 [28:52 > 1:27:18]
L-BFGS:  75%|███████▌  | 750/1000 [28:51 > 1:27:25]
L-BFGS:  75%|███████▌  | 751/1000 [28:49 > 1:27:32]
L-BFGS:  75%|███████▌  | 752/1000 [29:06 > 1:27:40]
L-BFGS:  75%|███████▌  | 753/1000 [29:13 > 1:27:47]
L-BFGS:  75%|███████▌  | 754/1000 [28:57 > 1:27:54]
L-BFGS:  76%|███████▌  | 755/1000 [28:46 > 1:28:01]
L-BFGS:  76%|███████▌  | 756/1000 [28:53 > 1:28:08]
L-BFGS:  76%|███████▌  | 757/1000 [28:36 > 1:28:15]
L-BFGS:  76%|███████▌  | 758/1000 [28:43 > 1:28:22]
L-BFGS:  76%|███████▌  | 759/1000 [28:26 > 1:28:29]
L-BFGS:  76%|███████▌  | 760/1000 [28:26 > 1:28:36]
L-BFGS:  76%|███████▌  | 761/1000 [27:57 > 1:28:43]
L-BFGS:  76%|███████▌  | 762/1000 [27:55 > 1:28:50]
L-BFGS:  76%|███████▋  | 763/1000 [27:32 > 1:28:57]
L-BFGS:  76%|███████▋  | 764/1000 [27:14 > 1:29:04]
L-BFGS:  76%|███████▋  | 765/1000 [27:21 > 1:29:11]
L-BFGS:  77%|███████▋  | 766/1000 [27:02 > 1:29:18]
L-BFGS:  77%|███████▋  | 767/1000 [27:06 > 1:29:25]
L-BFGS:  77%|███████▋  | 768/1000 [27:07 > 1:29:32]
L-BFGS:  77%|███████▋  | 769/1000 [27:06 > 1:29:39]
L-BFGS:  77%|███████▋  | 770/1000 [27:02 > 1:29:46]
L-BFGS:  77%|███████▋  | 771/1000 [26:38 > 1:29:53]
L-BFGS:  77%|███████▋  | 772/1000 [26:39 > 1:30:00]
L-BFGS:  77%|███████▋  | 773/1000 [26:18 > 1:30:07]
L-BFGS:  77%|███████▋  | 774/1000 [26:01 > 1:30:14]
L-BFGS:  78%|███████▊  | 775/1000 [26:08 > 1:30:21]
L-BFGS:  78%|███████▊  | 776/1000 [26:10 > 1:30:28]
L-BFGS:  78%|███████▊  | 777/1000 [25:50 > 1:30:35]
L-BFGS:  78%|███████▊  | 778/1000 [25:53 > 1:30:42]
L-BFGS:  78%|███████▊  | 779/1000 [25:58 > 1:30:49]
L-BFGS:  78%|███████▊  | 780/1000 [26:04 > 1:30:56]
L-BFGS:  78%|███████▊  | 781/1000 [25:48 > 1:31:03]
L-BFGS:  78%|███████▊  | 782/1000 [25:35 > 1:31:10]
L-BFGS:  78%|███████▊  | 783/1000 [25:43 > 1:31:18]
L-BFGS:  78%|███████▊  | 784/1000 [25:25 > 1:31:25]
L-BFGS:  78%|███████▊  | 785/1000 [25:30 > 1:31:32]
L-BFGS:  79%|███████▊  | 786/1000 [25:31 > 1:31:39]
L-BFGS:  79%|███████▊  | 787/1000 [25:07 > 1:31:46]
L-BFGS:  79%|███████▉  | 788/1000 [24:50 > 1:31:53]
L-BFGS:  79%|███████▉  | 789/1000 [24:40 > 1:32:00]
L-BFGS:  79%|███████▉  | 790/1000 [24:22 > 1:32:07]
L-BFGS:  79%|███████▉  | 791/1000 [24:23 > 1:32:14]
L-BFGS:  79%|███████▉  | 792/1000 [24:20 > 1:32:21]
L-BFGS:  79%|███████▉  | 793/1000 [24:00 > 1:32:28]
L-BFGS:  79%|███████▉  | 794/1000 [23:44 > 1:32:34]
L-BFGS:  80%|███████▉  | 795/1000 [23:33 > 1:32:41]
L-BFGS:  80%|███████▉  | 796/1000 [23:38 > 1:32:48]
L-BFGS:  80%|███████▉  | 797/1000 [23:24 > 1:32:55]
L-BFGS:  80%|███████▉  | 798/1000 [23:28 > 1:33:02]
L-BFGS:  80%|███████▉  | 799/1000 [23:29 > 1:33:09]
L-BFGS:  80%|████████  | 800/1000 [23:26 > 1:33:17]
L-BFGS:  80%|████████  | 801/1000 [23:08 > 1:33:23]
L-BFGS:  80%|████████  | 802/1000 [22:53 > 1:33:30]
L-BFGS:  80%|████████  | 803/1000 [22:40 > 1:33:37]
L-BFGS:  80%|████████  | 804/1000 [22:28 > 1:33:44]
L-BFGS:  80%|████████  | 805/1000 [22:17 > 1:33:51]
L-BFGS:  81%|████████  | 806/1000 [22:24 > 1:33:58]
L-BFGS:  81%|████████  | 807/1000 [22:12 > 1:34:05]
L-BFGS:  81%|████████  | 808/1000 [22:16 > 1:34:12]
L-BFGS:  81%|████████  | 809/1000 [22:09 > 1:34:19]
L-BFGS:  81%|████████  | 810/1000 [22:19 > 1:34:26]
L-BFGS:  81%|████████  | 811/1000 [22:09 > 1:34:33]
L-BFGS:  81%|████████  | 812/1000 [21:58 > 1:34:40]
L-BFGS:  81%|████████▏ | 813/1000 [22:04 > 1:34:47]
L-BFGS:  81%|████████▏ | 814/1000 [22:08 > 1:34:54]
L-BFGS:  82%|████████▏ | 815/1000 [21:53 > 1:35:01]
L-BFGS:  82%|████████▏ | 816/1000 [21:38 > 1:35:08]
L-BFGS:  82%|████████▏ | 817/1000 [21:42 > 1:35:16]
L-BFGS:  82%|████████▏ | 818/1000 [21:27 > 1:35:23]
L-BFGS:  82%|████████▏ | 819/1000 [21:24 > 1:35:30]
L-BFGS:  82%|████████▏ | 820/1000 [21:16 > 1:35:37]
L-BFGS:  82%|████████▏ | 821/1000 [20:54 > 1:35:44]
L-BFGS:  82%|████████▏ | 822/1000 [20:50 > 1:35:51]
L-BFGS:  82%|████████▏ | 823/1000 [20:34 > 1:35:58]
L-BFGS:  82%|████████▏ | 824/1000 [20:34 > 1:36:05]
L-BFGS:  82%|████████▎ | 825/1000 [20:32 > 1:36:12]
L-BFGS:  83%|████████▎ | 826/1000 [20:28 > 1:36:19]
L-BFGS:  83%|████████▎ | 827/1000 [20:22 > 1:36:26]
L-BFGS:  83%|████████▎ | 828/1000 [20:16 > 1:36:33]
L-BFGS:  83%|████████▎ | 829/1000 [20:10 > 1:36:40]
L-BFGS:  83%|████████▎ | 830/1000 [19:49 > 1:36:47]
L-BFGS:  83%|████████▎ | 831/1000 [19:47 > 1:36:54]
L-BFGS:  83%|████████▎ | 832/1000 [19:30 > 1:37:01]
L-BFGS:  83%|████████▎ | 833/1000 [19:15 > 1:37:08]
L-BFGS:  83%|████████▎ | 834/1000 [19:03 > 1:37:15]
L-BFGS:  84%|████████▎ | 835/1000 [18:52 > 1:37:21]
L-BFGS:  84%|████████▎ | 836/1000 [18:43 > 1:37:28]
L-BFGS:  84%|████████▎ | 837/1000 [18:47 > 1:37:35]
L-BFGS:  84%|████████▍ | 838/1000 [18:52 > 1:37:42]
L-BFGS:  84%|████████▍ | 839/1000 [18:44 > 1:37:49]
L-BFGS:  84%|████████▍ | 840/1000 [18:37 > 1:37:56]
L-BFGS:  84%|████████▍ | 841/1000 [18:29 > 1:38:03]
L-BFGS:  84%|████████▍ | 842/1000 [18:20 > 1:38:10]
L-BFGS:  84%|████████▍ | 843/1000 [18:15 > 1:38:17]
L-BFGS:  84%|████████▍ | 844/1000 [18:20 > 1:38:24]
L-BFGS:  84%|████████▍ | 845/1000 [18:21 > 1:38:32]
L-BFGS:  85%|████████▍ | 846/1000 [18:09 > 1:38:39]
L-BFGS:  85%|████████▍ | 847/1000 [17:57 > 1:38:46]
L-BFGS:  85%|████████▍ | 848/1000 [17:47 > 1:38:53]
L-BFGS:  85%|████████▍ | 849/1000 [17:33 > 1:39:00]
L-BFGS:  85%|████████▌ | 850/1000 [17:31 > 1:39:07]
L-BFGS:  85%|████████▌ | 851/1000 [17:26 > 1:39:14]
L-BFGS:  85%|████████▌ | 852/1000 [17:10 > 1:39:20]
L-BFGS:  85%|████████▌ | 853/1000 [17:09 > 1:39:28]
L-BFGS:  85%|████████▌ | 854/1000 [17:06 > 1:39:35]
L-BFGS:  86%|████████▌ | 855/1000 [17:02 > 1:39:42]
L-BFGS:  86%|████████▌ | 856/1000 [16:56 > 1:39:49]
L-BFGS:  86%|████████▌ | 857/1000 [16:50 > 1:39:56]
L-BFGS:  86%|████████▌ | 858/1000 [16:33 > 1:40:03]
L-BFGS:  86%|████████▌ | 859/1000 [16:19 > 1:40:10]
L-BFGS:  86%|████████▌ | 860/1000 [16:07 > 1:40:16]
L-BFGS:  86%|████████▌ | 861/1000 [15:57 > 1:40:23]
L-BFGS:  86%|████████▌ | 862/1000 [15:59 > 1:40:30]
L-BFGS:  86%|████████▋ | 863/1000 [15:57 > 1:40:37]
L-BFGS:  86%|████████▋ | 864/1000 [15:43 > 1:40:44]
L-BFGS:  86%|████████▋ | 865/1000 [15:31 > 1:40:51]
L-BFGS:  87%|████████▋ | 866/1000 [15:21 > 1:40:58]
L-BFGS:  87%|████████▋ | 867/1000 [15:22 > 1:41:05]
L-BFGS:  87%|████████▋ | 868/1000 [15:15 > 1:41:12]
L-BFGS:  87%|████████▋ | 869/1000 [15:09 > 1:41:19]
L-BFGS:  87%|████████▋ | 870/1000 [15:14 > 1:41:26]
L-BFGS:  87%|████████▋ | 871/1000 [15:05 > 1:41:33]
L-BFGS:  87%|████████▋ | 872/1000 [15:07 > 1:41:40]
L-BFGS:  87%|████████▋ | 873/1000 [15:06 > 1:41:48]
L-BFGS:  87%|████████▋ | 874/1000 [15:03 > 1:41:55]
L-BFGS:  88%|████████▊ | 875/1000 [14:59 > 1:42:02]
L-BFGS:  88%|████████▊ | 876/1000 [14:54 > 1:42:09]
L-BFGS:  88%|████████▊ | 877/1000 [14:38 > 1:42:16]
L-BFGS:  88%|████████▊ | 878/1000 [14:23 > 1:42:23]
L-BFGS:  88%|████████▊ | 879/1000 [14:18 > 1:42:30]
L-BFGS:  88%|████████▊ | 880/1000 [14:01 > 1:42:37]
L-BFGS:  88%|████████▊ | 881/1000 [13:47 > 1:42:44]
L-BFGS:  88%|████████▊ | 882/1000 [13:35 > 1:42:51]
L-BFGS:  88%|████████▊ | 883/1000 [13:25 > 1:42:58]
L-BFGS:  88%|████████▊ | 884/1000 [13:26 > 1:43:05]
L-BFGS:  88%|████████▊ | 885/1000 [13:23 > 1:43:12]
L-BFGS:  89%|████████▊ | 886/1000 [13:10 > 1:43:19]
L-BFGS:  89%|████████▊ | 887/1000 [12:59 > 1:43:25]
L-BFGS:  89%|████████▉ | 888/1000 [12:58 > 1:43:33]
L-BFGS:  89%|████████▉ | 889/1000 [12:56 > 1:43:40]
L-BFGS:  89%|████████▉ | 890/1000 [12:43 > 1:43:46]
L-BFGS:  89%|████████▉ | 891/1000 [12:33 > 1:43:53]
L-BFGS:  89%|████████▉ | 892/1000 [12:32 > 1:44:00]
L-BFGS:  89%|████████▉ | 893/1000 [12:21 > 1:44:07]
L-BFGS:  89%|████████▉ | 894/1000 [12:20 > 1:44:14]
L-BFGS:  90%|████████▉ | 895/1000 [12:08 > 1:44:21]
L-BFGS:  90%|████████▉ | 896/1000 [11:58 > 1:44:28]
L-BFGS:  90%|████████▉ | 897/1000 [11:49 > 1:44:35]
L-BFGS:  90%|████████▉ | 898/1000 [11:44 > 1:44:42]
L-BFGS:  90%|████████▉ | 899/1000 [11:39 > 1:44:49]
L-BFGS:  90%|█████████ | 900/1000 [11:42 > 1:44:56]
L-BFGS:  90%|█████████ | 901/1000 [11:42 > 1:45:03]
L-BFGS:  90%|█████████ | 902/1000 [11:33 > 1:45:10]
L-BFGS:  90%|█████████ | 903/1000 [11:23 > 1:45:17]
L-BFGS:  90%|█████████ | 904/1000 [11:21 > 1:45:25]
L-BFGS:  90%|█████████ | 905/1000 [11:18 > 1:45:32]
L-BFGS:  91%|█████████ | 906/1000 [11:06 > 1:45:39]
L-BFGS:  91%|█████████ | 907/1000 [10:56 > 1:45:46]
L-BFGS:  91%|█████████ | 908/1000 [10:43 > 1:45:53]
L-BFGS:  91%|█████████ | 909/1000 [10:31 > 1:45:59]
L-BFGS:  91%|█████████ | 910/1000 [10:28 > 1:46:06]
L-BFGS:  91%|█████████ | 911/1000 [10:24 > 1:46:14]
L-BFGS:  91%|█████████ | 912/1000 [10:12 > 1:46:20]
L-BFGS:  91%|█████████▏| 913/1000 [10:01 > 1:46:27]
L-BFGS:  91%|█████████▏| 914/1000 [09:58 > 1:46:34]
L-BFGS:  92%|█████████▏| 915/1000 [09:55 > 1:46:41]
L-BFGS:  92%|█████████▏| 916/1000 [09:43 > 1:46:48]
L-BFGS:  92%|█████████▏| 917/1000 [09:40 > 1:46:55]
L-BFGS:  92%|█████████▏| 918/1000 [09:28 > 1:47:02]
L-BFGS:  92%|█████████▏| 919/1000 [09:19 > 1:47:09]
L-BFGS:  92%|█████████▏| 920/1000 [09:16 > 1:47:16]
L-BFGS:  92%|█████████▏| 921/1000 [09:06 > 1:47:23]
L-BFGS:  92%|█████████▏| 922/1000 [09:03 > 1:47:30]
L-BFGS:  92%|█████████▏| 923/1000 [08:59 > 1:47:37]
L-BFGS:  92%|█████████▏| 924/1000 [08:54 > 1:47:44]
L-BFGS:  92%|█████████▎| 925/1000 [08:42 > 1:47:51]
L-BFGS:  93%|█████████▎| 926/1000 [08:32 > 1:47:58]
L-BFGS:  93%|█████████▎| 927/1000 [08:24 > 1:48:05]
L-BFGS:  93%|█████████▎| 928/1000 [08:18 > 1:48:12]
L-BFGS:  93%|█████████▎| 929/1000 [08:13 > 1:48:19]
L-BFGS:  93%|█████████▎| 930/1000 [08:07 > 1:48:26]
L-BFGS:  93%|█████████▎| 931/1000 [08:06 > 1:48:33]
L-BFGS:  93%|█████████▎| 932/1000 [07:57 > 1:48:40]
L-BFGS:  93%|█████████▎| 933/1000 [07:49 > 1:48:47]
L-BFGS:  93%|█████████▎| 934/1000 [07:47 > 1:48:54]
L-BFGS:  94%|█████████▎| 935/1000 [07:38 > 1:49:01]
L-BFGS:  94%|█████████▎| 936/1000 [07:35 > 1:49:08]
L-BFGS:  94%|█████████▎| 937/1000 [07:25 > 1:49:15]
L-BFGS:  94%|█████████▍| 938/1000 [07:13 > 1:49:22]
L-BFGS:  94%|█████████▍| 939/1000 [07:03 > 1:49:29]
L-BFGS:  94%|█████████▍| 940/1000 [06:54 > 1:49:36]
L-BFGS:  94%|█████████▍| 941/1000 [06:46 > 1:49:43]
L-BFGS:  94%|█████████▍| 942/1000 [06:37 > 1:49:49]
L-BFGS:  94%|█████████▍| 943/1000 [06:30 > 1:49:56]
L-BFGS:  94%|█████████▍| 944/1000 [06:22 > 1:50:03]
L-BFGS:  94%|█████████▍| 945/1000 [06:20 > 1:50:10]
L-BFGS:  95%|█████████▍| 946/1000 [06:11 > 1:50:17]
L-BFGS:  95%|█████████▍| 947/1000 [06:08 > 1:50:24]
L-BFGS:  95%|█████████▍| 948/1000 [05:59 > 1:50:31]
L-BFGS:  95%|█████████▍| 949/1000 [05:54 > 1:50:38]
L-BFGS:  95%|█████████▌| 950/1000 [05:45 > 1:50:45]
L-BFGS:  95%|█████████▌| 951/1000 [05:37 > 1:50:51]
L-BFGS:  95%|█████████▌| 952/1000 [05:29 > 1:50:58]
L-BFGS:  95%|█████████▌| 953/1000 [05:25 > 1:51:05]
L-BFGS:  95%|█████████▌| 954/1000 [05:17 > 1:51:12]
L-BFGS:  96%|█████████▌| 955/1000 [05:12 > 1:51:19]
L-BFGS:  96%|█████████▌| 956/1000 [05:08 > 1:51:26]
L-BFGS:  96%|█████████▌| 957/1000 [05:03 > 1:51:34]
L-BFGS:  96%|█████████▌| 958/1000 [04:58 > 1:51:41]
L-BFGS:  96%|█████████▌| 959/1000 [04:49 > 1:51:48]
L-BFGS:  96%|█████████▌| 960/1000 [04:44 > 1:51:55]
L-BFGS:  96%|█████████▌| 961/1000 [04:39 > 1:52:02]
L-BFGS:  96%|█████████▌| 962/1000 [04:33 > 1:52:10]
L-BFGS:  96%|█████████▋| 963/1000 [04:26 > 1:52:17]
L-BFGS:  96%|█████████▋| 964/1000 [04:20 > 1:52:24]
L-BFGS:  96%|█████████▋| 965/1000 [04:10 > 1:52:31]
L-BFGS:  97%|█████████▋| 966/1000 [04:00 > 1:52:38]
L-BFGS:  97%|█████████▋| 967/1000 [03:52 > 1:52:45]
L-BFGS:  97%|█████████▋| 968/1000 [03:43 > 1:52:52]
L-BFGS:  97%|█████████▋| 969/1000 [03:37 > 1:52:59]
L-BFGS:  97%|█████████▋| 970/1000 [03:28 > 1:53:06]
L-BFGS:  97%|█████████▋| 971/1000 [03:20 > 1:53:12]
L-BFGS:  97%|█████████▋| 972/1000 [03:12 > 1:53:19]
L-BFGS:  97%|█████████▋| 973/1000 [03:05 > 1:53:26]
L-BFGS:  97%|█████████▋| 974/1000 [02:58 > 1:53:33]
L-BFGS:  98%|█████████▊| 975/1000 [02:50 > 1:53:40]
L-BFGS:  98%|█████████▊| 976/1000 [02:43 > 1:53:47]
L-BFGS:  98%|█████████▊| 977/1000 [02:37 > 1:53:53]
L-BFGS:  98%|█████████▊| 978/1000 [02:31 > 1:54:00]
L-BFGS:  98%|█████████▊| 979/1000 [02:24 > 1:54:07]
L-BFGS:  98%|█████████▊| 980/1000 [02:18 > 1:54:14]
L-BFGS:  98%|█████████▊| 981/1000 [02:12 > 1:54:21]
L-BFGS:  98%|█████████▊| 982/1000 [02:04 > 1:54:28]
L-BFGS:  98%|█████████▊| 983/1000 [01:57 > 1:54:35]
L-BFGS:  98%|█████████▊| 984/1000 [01:51 > 1:54:42]
L-BFGS:  98%|█████████▊| 985/1000 [01:43 > 1:54:49]
L-BFGS:  99%|█████████▊| 986/1000 [01:37 > 1:54:56]
L-BFGS:  99%|█████████▊| 987/1000 [01:30 > 1:55:03]
L-BFGS:  99%|█████████▉| 988/1000 [01:23 > 1:55:10]
L-BFGS:  99%|█████████▉| 989/1000 [01:17 > 1:55:17]
L-BFGS:  99%|█████████▉| 990/1000 [01:11 > 1:55:24]
L-BFGS:  99%|█████████▉| 991/1000 [01:04 > 1:55:32]
L-BFGS:  99%|█████████▉| 992/1000 [00:57 > 1:55:39]
L-BFGS:  99%|█████████▉| 993/1000 [00:50 > 1:55:46]
L-BFGS:  99%|█████████▉| 994/1000 [00:42 > 1:55:53]
L-BFGS: 100%|█████████▉| 995/1000 [00:35 > 1:56:00]
L-BFGS: 100%|█████████▉| 996/1000 [00:28 > 1:56:07]
L-BFGS: 100%|█████████▉| 997/1000 [00:20 > 1:56:14]
L-BFGS: 100%|█████████▉| 998/1000 [00:14 > 1:56:21]
L-BFGS: 100%|█████████▉| 999/1000 [00:06 > 1:56:28]
L-BFGS: 100%|██████████| 1000/1000 [00:00 > 1:56:35]
L-BFGS: 100%|██████████| 1000/1000 [00:00 > 1:56:35]
Training saved: C:\Ali Computation\pinn\code\heterogeneous\pino_heterogeneous\results\exp_W3a_ramp_K100_N250_z1to5_default_float64\pino_heterogeneous_concentration.png C:\Ali Computation\pinn\code\heterogeneous\pino_heterogeneous\results\exp_W3a_ramp_K100_N250_z1to5_default_float64\pino_heterogeneous_loss.png C:\Ali Computation\pinn\code\heterogeneous\pino_heterogeneous\results\exp_W3a_ramp_K100_N250_z1to5_default_float64\pino_heterogeneous_model.pt
COMSOL validation: 81 media -> C:\Ali Computation\pinn\code\heterogeneous\pino_heterogeneous\results\exp_W3a_ramp_K100_N250_z1to5_default_float64\comsol_validation  (x* collocation n=86)

COMSOL vs PINO:   0%|          | 0/81 [00:00<?, ?it/s]
COMSOL vs PINO:   1%|          | 1/81 [00:01<01:21,  1.02s/it]
COMSOL vs PINO:   2%|▏         | 2/81 [00:02<01:20,  1.02s/it]
COMSOL vs PINO:   4%|▎         | 3/81 [00:03<01:19,  1.02s/it]
COMSOL vs PINO:   5%|▍         | 4/81 [00:04<01:25,  1.12s/it]
COMSOL vs PINO:   6%|▌         | 5/81 [00:05<01:22,  1.08s/it]
COMSOL vs PINO:   7%|▋         | 6/81 [00:06<01:19,  1.07s/it]
COMSOL vs PINO:   9%|▊         | 7/81 [00:07<01:18,  1.05s/it]
COMSOL vs PINO:  10%|▉         | 8/81 [00:08<01:16,  1.05s/it]
COMSOL vs PINO:  11%|█         | 9/81 [00:09<01:15,  1.04s/it]
COMSOL vs PINO:  12%|█▏        | 10/81 [00:10<01:13,  1.04s/it]
COMSOL vs PINO:  14%|█▎        | 11/81 [00:11<01:12,  1.04s/it]
COMSOL vs PINO:  15%|█▍        | 12/81 [00:12<01:11,  1.04s/it]
COMSOL vs PINO:  16%|█▌        | 13/81 [00:13<01:10,  1.04s/it]
COMSOL vs PINO:  17%|█▋        | 14/81 [00:14<01:09,  1.03s/it]
COMSOL vs PINO:  19%|█▊        | 15/81 [00:15<01:08,  1.03s/it]
COMSOL vs PINO:  20%|█▉        | 16/81 [00:16<01:07,  1.04s/it]
COMSOL vs PINO:  21%|██        | 17/81 [00:18<01:12,  1.13s/it]
COMSOL vs PINO:  22%|██▏       | 18/81 [00:19<01:09,  1.10s/it]
COMSOL vs PINO:  23%|██▎       | 19/81 [00:20<01:07,  1.09s/it]
COMSOL vs PINO:  25%|██▍       | 20/81 [00:21<01:05,  1.08s/it]
COMSOL vs PINO:  26%|██▌       | 21/81 [00:22<01:04,  1.07s/it]
COMSOL vs PINO:  27%|██▋       | 22/81 [00:23<01:02,  1.06s/it]
COMSOL vs PINO:  28%|██▊       | 23/81 [00:24<01:02,  1.07s/it]
COMSOL vs PINO:  30%|██▉       | 24/81 [00:25<01:00,  1.07s/it]
COMSOL vs PINO:  31%|███       | 25/81 [00:26<00:59,  1.06s/it]
COMSOL vs PINO:  32%|███▏      | 26/81 [00:27<00:58,  1.05s/it]
COMSOL vs PINO:  33%|███▎      | 27/81 [00:28<00:56,  1.05s/it]
COMSOL vs PINO:  35%|███▍      | 28/81 [00:29<00:55,  1.05s/it]
COMSOL vs PINO:  36%|███▌      | 29/81 [00:30<00:54,  1.04s/it]
COMSOL vs PINO:  37%|███▋      | 30/81 [00:31<00:53,  1.04s/it]
COMSOL vs PINO:  38%|███▊      | 31/81 [00:32<00:52,  1.05s/it]
COMSOL vs PINO:  40%|███▉      | 32/81 [00:34<00:55,  1.14s/it]
COMSOL vs PINO:  41%|████      | 33/81 [00:35<00:53,  1.11s/it]
COMSOL vs PINO:  42%|████▏     | 34/81 [00:36<00:51,  1.09s/it]
COMSOL vs PINO:  43%|████▎     | 35/81 [00:37<00:49,  1.08s/it]
COMSOL vs PINO:  44%|████▍     | 36/81 [00:38<00:48,  1.07s/it]
COMSOL vs PINO:  46%|████▌     | 37/81 [00:39<00:46,  1.06s/it]
COMSOL vs PINO:  47%|████▋     | 38/81 [00:40<00:45,  1.05s/it]
COMSOL vs PINO:  48%|████▊     | 39/81 [00:41<00:44,  1.05s/it]
COMSOL vs PINO:  49%|████▉     | 40/81 [00:42<00:42,  1.04s/it]
COMSOL vs PINO:  51%|█████     | 41/81 [00:43<00:41,  1.03s/it]
COMSOL vs PINO:  52%|█████▏    | 42/81 [00:44<00:40,  1.04s/it]
COMSOL vs PINO:  53%|█████▎    | 43/81 [00:45<00:39,  1.04s/it]
COMSOL vs PINO:  54%|█████▍    | 44/81 [00:46<00:38,  1.04s/it]
COMSOL vs PINO:  56%|█████▌    | 45/81 [00:47<00:40,  1.13s/it]
COMSOL vs PINO:  57%|█████▋    | 46/81 [00:48<00:38,  1.10s/it]
COMSOL vs PINO:  58%|█████▊    | 47/81 [00:50<00:37,  1.11s/it]
COMSOL vs PINO:  59%|█████▉    | 48/81 [00:51<00:36,  1.10s/it]
COMSOL vs PINO:  60%|██████    | 49/81 [00:52<00:34,  1.08s/it]
COMSOL vs PINO:  62%|██████▏   | 50/81 [00:53<00:33,  1.07s/it]
COMSOL vs PINO:  63%|██████▎   | 51/81 [00:54<00:31,  1.06s/it]
COMSOL vs PINO:  64%|██████▍   | 52/81 [00:55<00:30,  1.06s/it]
COMSOL vs PINO:  65%|██████▌   | 53/81 [00:56<00:29,  1.06s/it]
COMSOL vs PINO:  67%|██████▋   | 54/81 [00:57<00:28,  1.05s/it]
COMSOL vs PINO:  68%|██████▊   | 55/81 [00:58<00:27,  1.05s/it]
COMSOL vs PINO:  69%|██████▉   | 56/81 [00:59<00:26,  1.05s/it]
COMSOL vs PINO:  70%|███████   | 57/81 [01:00<00:25,  1.05s/it]
COMSOL vs PINO:  72%|███████▏  | 58/81 [01:01<00:24,  1.05s/it]
COMSOL vs PINO:  73%|███████▎  | 59/81 [01:02<00:23,  1.05s/it]
COMSOL vs PINO:  74%|███████▍  | 60/81 [01:04<00:24,  1.15s/it]
COMSOL vs PINO:  75%|███████▌  | 61/81 [01:05<00:22,  1.12s/it]
COMSOL vs PINO:  77%|███████▋  | 62/81 [01:06<00:20,  1.10s/it]
COMSOL vs PINO:  78%|███████▊  | 63/81 [01:07<00:19,  1.09s/it]
COMSOL vs PINO:  79%|███████▉  | 64/81 [01:08<00:18,  1.07s/it]
COMSOL vs PINO:  80%|████████  | 65/81 [01:09<00:17,  1.07s/it]
COMSOL vs PINO:  81%|████████▏ | 66/81 [01:10<00:15,  1.06s/it]
COMSOL vs PINO:  83%|████████▎ | 67/81 [01:11<00:14,  1.06s/it]
COMSOL vs PINO:  84%|████████▍ | 68/81 [01:12<00:13,  1.05s/it]
COMSOL vs PINO:  85%|████████▌ | 69/81 [01:13<00:12,  1.06s/it]
COMSOL vs PINO:  86%|████████▋ | 70/81 [01:14<00:11,  1.06s/it]
COMSOL vs PINO:  88%|████████▊ | 71/81 [01:15<00:10,  1.06s/it]
COMSOL vs PINO:  89%|████████▉ | 72/81 [01:16<00:09,  1.05s/it]
COMSOL vs PINO:  90%|█████████ | 73/81 [01:17<00:08,  1.05s/it]
COMSOL vs PINO:  91%|█████████▏| 74/81 [01:18<00:07,  1.06s/it]
COMSOL vs PINO:  93%|█████████▎| 75/81 [01:20<00:06,  1.15s/it]
COMSOL vs PINO:  94%|█████████▍| 76/81 [01:21<00:05,  1.12s/it]
COMSOL vs PINO:  95%|█████████▌| 77/81 [01:22<00:04,  1.10s/it]
COMSOL vs PINO:  96%|█████████▋| 78/81 [01:23<00:03,  1.09s/it]
COMSOL vs PINO:  98%|█████████▊| 79/81 [01:24<00:02,  1.07s/it]
COMSOL vs PINO:  99%|█████████▉| 80/81 [01:25<00:01,  1.07s/it]
COMSOL vs PINO: 100%|██████████| 81/81 [01:26<00:00,  1.07s/it]
COMSOL vs PINO: 100%|██████████| 81/81 [01:26<00:00,  1.07s/it]
COMSOL validation summary: n=81  mean=3.751932e-02  max=1.111607e-01  min=1.333309e-02
Wrote C:\Ali Computation\pinn\code\heterogeneous\pino_heterogeneous\results\exp_W3a_ramp_K100_N250_z1to5_default_float64\comsol_validation\comsol_validation_summary.csv
Run metadata: C:\Ali Computation\pinn\code\heterogeneous\pino_heterogeneous\results\exp_W3a_ramp_K100_N250_z1to5_default_float64\run_meta.json
Wall-clock train: 6996.3 s
Wall-clock validation: 86.5 s
Wall-clock total: 7092.6 s  device=cuda

# exit 0 after 1:58:16.929398
