# code/heterogeneous/pino_heterogeneous/pinn1d_heterogeneous_parametric_neural_operator.py --design grf --n-sensors 100 --n-grf 0 --n-piecewise-per-zone-list 33,67,100,133,167 --piecewise-zone-counts 1,2,3,4,5 --min-zone-frac 0.1 --arch default --dtype float64 --early-stop-patience 150 --lr-lbfgs 0.1 --lbfgs-max-iter 20 --epochs 1000 --out-dir results/exp_W3b_ramp_K100_N500_z1to5_default_float64
# started 2026-07-01 06:28:48
# cwd C:\Ali Computation\pinn\code\heterogeneous\pino_heterogeneous

Using GPU: NVIDIA GeForce RTX 3090 (cuda:0, dtype=torch.float64)
PE (computed) = 0.010368
design=grf  media_mode=grf  branch_mode=sensor  optimizer=lbfgs  n_train_requested=500  n_corner_anchors=16  arch=default  batch_mode=True
branch=[100, 16, 16, 32]  trunk=[2, 32, 32, 32, 32]
results_dir=C:\Ali Computation\pinn\code\heterogeneous\pino_heterogeneous\results\exp_W3b_ramp_K100_N500_z1to5_default_float64
Training: 500 piecewise (33, 67, 100, 133, 167 for zones [1, 2, 3, 4, 5]), min_zone_frac=0.1 = 500 total; branch_mode=sensor, K=100 sensors, grid_n=201
  saved/loaded: C:\Ali Computation\pinn\code\heterogeneous\pino_heterogeneous\results\exp_W3b_ramp_K100_N500_z1to5_default_float64\train_grf_cases.npz
  branch CFL range [0.120479, 0.599807]
PDE mesh: bulk 50x50x500 (no interface bands in GRF mode)
COMSOL validation: 81 fixed grid cases from comsol_4zones.txt -> C:\Ali Computation\pinn\code\heterogeneous\pino_heterogeneous\results\exp_W3b_ramp_K100_N500_z1to5_default_float64\comsol_validation
run_training=True  run_comsol_validation=True  validate_only=False  skip_validation_plots=False
L-BFGS early stopping: patience=150 (max steps=1000)
L-BFGS: lr=0.1  max_iter=20  outer_steps=1000
PDE collocation points: 1,250,000 (bulk 1,250,000, interface 0)
Collocation mesh plot (pre-train): C:\Ali Computation\pinn\code\heterogeneous\pino_heterogeneous\results\exp_W3b_ramp_K100_N500_z1to5_default_float64\pino_heterogeneous_collocation_points.png
LBFGS (
Parameter Group 0
    history_size: 50
    line_search_fn: strong_wolfe
    lr: 0.1
    max_eval: 25
    max_iter: 20
    tolerance_change: 1e-09
    tolerance_grad: 1e-07
)
Early stopping: patience=150 L-BFGS steps (no total-loss improvement, rtol=1e-12)

L-BFGS:   0%|          | 0/1000 [? > 00:00]
L-BFGS:   0%|          | 1/1000 [3:52:26 > 00:13]
L-BFGS:   0%|          | 2/1000 [3:41:38 > 00:26]
L-BFGS:   0%|          | 3/1000 [3:38:30 > 00:39]
L-BFGS:   0%|          | 4/1000 [3:38:18 > 00:52]
L-BFGS:   0%|          | 5/1000 [3:37:45 > 01:06]
L-BFGS:   1%|          | 6/1000 [3:40:05 > 01:19]
L-BFGS:   1%|          | 7/1000 [3:39:13 > 01:32]
L-BFGS:   1%|          | 8/1000 [3:39:05 > 01:46]
L-BFGS:   1%|          | 9/1000 [3:38:44 > 01:59]
L-BFGS:   1%|          | 10/1000 [3:41:08 > 02:13]
L-BFGS:   1%|          | 11/1000 [3:42:49 > 02:26]
L-BFGS:   1%|          | 12/1000 [3:41:28 > 02:40]
L-BFGS:   1%|▏         | 13/1000 [3:40:25 > 02:53]
L-BFGS:   1%|▏         | 14/1000 [3:42:14 > 03:07]
L-BFGS:   2%|▏         | 15/1000 [3:43:41 > 03:21]
L-BFGS:   2%|▏         | 16/1000 [3:44:21 > 03:34]
L-BFGS:   2%|▏         | 17/1000 [3:44:56 > 03:48]
L-BFGS:   2%|▏         | 18/1000 [3:44:37 > 04:02]
L-BFGS:   2%|▏         | 19/1000 [3:41:42 > 04:15]
L-BFGS:   2%|▏         | 20/1000 [3:42:10 > 04:29]
L-BFGS:   2%|▏         | 21/1000 [3:39:46 > 04:42]
L-BFGS:   2%|▏         | 22/1000 [3:40:33 > 04:56]
L-BFGS:   2%|▏         | 23/1000 [3:38:36 > 05:09]
L-BFGS:   2%|▏         | 24/1000 [3:37:14 > 05:22]
L-BFGS:   2%|▎         | 25/1000 [3:36:04 > 05:35]
L-BFGS:   3%|▎         | 26/1000 [3:35:14 > 05:48]
L-BFGS:   3%|▎         | 27/1000 [3:34:32 > 06:02]
L-BFGS:   3%|▎         | 28/1000 [3:34:01 > 06:15]
L-BFGS:   3%|▎         | 29/1000 [3:36:11 > 06:28]
L-BFGS:   3%|▎         | 30/1000 [3:35:05 > 06:42]
L-BFGS:   3%|▎         | 31/1000 [3:36:43 > 06:55]
L-BFGS:   3%|▎         | 32/1000 [3:35:21 > 07:08]
L-BFGS:   3%|▎         | 33/1000 [3:36:48 > 07:22]
L-BFGS:   3%|▎         | 34/1000 [3:38:00 > 07:36]
L-BFGS:   4%|▎         | 35/1000 [3:38:58 > 07:50]
L-BFGS:   4%|▎         | 36/1000 [3:37:17 > 08:03]
L-BFGS:   4%|▎         | 37/1000 [3:38:28 > 08:17]
L-BFGS:   4%|▍         | 38/1000 [3:36:45 > 08:30]
L-BFGS:   4%|▍         | 39/1000 [3:35:30 > 08:43]
L-BFGS:   4%|▍         | 40/1000 [3:37:10 > 08:57]
L-BFGS:   4%|▍         | 41/1000 [3:38:07 > 09:11]
L-BFGS:   4%|▍         | 42/1000 [3:38:49 > 09:25]
L-BFGS:   4%|▍         | 43/1000 [3:36:35 > 09:38]
L-BFGS:   4%|▍         | 44/1000 [3:34:54 > 09:51]
L-BFGS:   4%|▍         | 45/1000 [3:33:40 > 10:05]
L-BFGS:   5%|▍         | 46/1000 [3:32:07 > 10:18]
L-BFGS:   5%|▍         | 47/1000 [3:31:01 > 10:31]
L-BFGS:   5%|▍         | 48/1000 [3:30:16 > 10:44]
L-BFGS:   5%|▍         | 49/1000 [3:32:09 > 10:58]
L-BFGS:   5%|▌         | 50/1000 [3:30:54 > 11:11]
L-BFGS:   5%|▌         | 51/1000 [3:29:56 > 11:24]
L-BFGS:   5%|▌         | 52/1000 [3:31:44 > 11:38]
L-BFGS:   5%|▌         | 53/1000 [3:32:59 > 11:52]
L-BFGS:   5%|▌         | 54/1000 [3:33:34 > 12:05]
L-BFGS:   6%|▌         | 55/1000 [3:31:30 > 12:18]
L-BFGS:   6%|▌         | 56/1000 [3:30:01 > 12:32]
L-BFGS:   6%|▌         | 57/1000 [3:28:57 > 12:45]
L-BFGS:   6%|▌         | 58/1000 [3:30:37 > 12:59]
L-BFGS:   6%|▌         | 59/1000 [3:29:12 > 13:12]
L-BFGS:   6%|▌         | 60/1000 [3:28:03 > 13:25]
L-BFGS:   6%|▌         | 61/1000 [3:27:14 > 13:38]
L-BFGS:   6%|▌         | 62/1000 [3:29:10 > 13:52]
L-BFGS:   6%|▋         | 63/1000 [3:30:29 > 14:05]
L-BFGS:   6%|▋         | 64/1000 [3:29:22 > 14:19]
L-BFGS:   6%|▋         | 65/1000 [3:31:03 > 14:32]
L-BFGS:   7%|▋         | 66/1000 [3:29:33 > 14:46]
L-BFGS:   7%|▋         | 67/1000 [3:28:30 > 14:59]
L-BFGS:   7%|▋         | 68/1000 [3:27:50 > 15:12]
L-BFGS:   7%|▋         | 69/1000 [3:27:12 > 15:26]
L-BFGS:   7%|▋         | 70/1000 [3:29:14 > 15:39]
L-BFGS:   7%|▋         | 71/1000 [3:30:25 > 15:53]
L-BFGS:   7%|▋         | 72/1000 [3:31:17 > 16:07]
L-BFGS:   7%|▋         | 73/1000 [3:29:18 > 16:20]
L-BFGS:   7%|▋         | 74/1000 [3:27:25 > 16:34]
L-BFGS:   8%|▊         | 75/1000 [3:25:49 > 16:47]
L-BFGS:   8%|▊         | 76/1000 [3:27:05 > 17:00]
L-BFGS:   8%|▊         | 77/1000 [3:27:55 > 17:14]
L-BFGS:   8%|▊         | 78/1000 [3:28:25 > 17:28]
L-BFGS:   8%|▊         | 79/1000 [3:26:14 > 17:41]
L-BFGS:   8%|▊         | 80/1000 [3:27:08 > 17:55]
L-BFGS:   8%|▊         | 81/1000 [3:25:16 > 18:08]
L-BFGS:   8%|▊         | 82/1000 [3:23:51 > 18:21]
L-BFGS:   8%|▊         | 83/1000 [3:25:12 > 18:35]
L-BFGS:   8%|▊         | 84/1000 [3:26:10 > 18:48]
L-BFGS:   8%|▊         | 85/1000 [3:24:17 > 19:01]
L-BFGS:   9%|▊         | 86/1000 [3:23:01 > 19:15]
L-BFGS:   9%|▊         | 87/1000 [3:24:18 > 19:28]
L-BFGS:   9%|▉         | 88/1000 [3:25:20 > 19:42]
L-BFGS:   9%|▉         | 89/1000 [3:25:55 > 19:56]
L-BFGS:   9%|▉         | 90/1000 [3:23:45 > 20:09]
L-BFGS:   9%|▉         | 91/1000 [3:22:16 > 20:22]
L-BFGS:   9%|▉         | 92/1000 [3:21:37 > 20:35]
L-BFGS:   9%|▉         | 93/1000 [3:21:25 > 20:48]
L-BFGS:   9%|▉         | 94/1000 [3:21:02 > 21:02]
L-BFGS:  10%|▉         | 95/1000 [3:20:45 > 21:15]
L-BFGS:  10%|▉         | 96/1000 [3:22:46 > 21:29]
L-BFGS:  10%|▉         | 97/1000 [3:24:10 > 21:43]
L-BFGS:  10%|▉         | 98/1000 [3:25:06 > 21:56]
L-BFGS:  10%|▉         | 99/1000 [3:23:19 > 22:10]
L-BFGS:  10%|█         | 100/1000 [3:21:54 > 22:23]
L-BFGS:  10%|█         | 101/1000 [3:23:16 > 22:37]
L-BFGS:  10%|█         | 102/1000 [3:23:52 > 22:51]
L-BFGS:  10%|█         | 103/1000 [3:21:36 > 23:04]
L-BFGS:  10%|█         | 104/1000 [3:22:11 > 23:17]
L-BFGS:  10%|█         | 105/1000 [3:20:15 > 23:31]
L-BFGS:  11%|█         | 106/1000 [3:21:08 > 23:44]
L-BFGS:  11%|█         | 107/1000 [3:21:38 > 23:58]
L-BFGS:  11%|█         | 108/1000 [3:19:36 > 24:11]
L-BFGS:  11%|█         | 109/1000 [3:18:10 > 24:24]
L-BFGS:  11%|█         | 110/1000 [3:19:22 > 24:38]
L-BFGS:  11%|█         | 111/1000 [3:20:13 > 24:52]
L-BFGS:  11%|█         | 112/1000 [3:18:26 > 25:05]
L-BFGS:  11%|█▏        | 113/1000 [3:17:02 > 25:18]
L-BFGS:  11%|█▏        | 114/1000 [3:18:20 > 25:32]
L-BFGS:  12%|█▏        | 115/1000 [3:19:11 > 25:45]
L-BFGS:  12%|█▏        | 116/1000 [3:19:45 > 25:59]
L-BFGS:  12%|█▏        | 117/1000 [3:17:39 > 26:12]
L-BFGS:  12%|█▏        | 118/1000 [3:16:08 > 26:25]
L-BFGS:  12%|█▏        | 119/1000 [3:15:06 > 26:38]
L-BFGS:  12%|█▏        | 120/1000 [3:14:32 > 26:52]
L-BFGS:  12%|█▏        | 121/1000 [3:14:27 > 27:05]
L-BFGS:  12%|█▏        | 122/1000 [3:14:20 > 27:18]
L-BFGS:  12%|█▏        | 123/1000 [3:14:12 > 27:31]
L-BFGS:  12%|█▏        | 124/1000 [3:16:24 > 27:45]
L-BFGS:  12%|█▎        | 125/1000 [3:17:51 > 27:59]
L-BFGS:  13%|█▎        | 126/1000 [3:18:44 > 28:13]
L-BFGS:  13%|█▎        | 127/1000 [3:19:24 > 28:27]
L-BFGS:  13%|█▎        | 128/1000 [3:19:41 > 28:41]
L-BFGS:  13%|█▎        | 129/1000 [3:17:27 > 28:54]
L-BFGS:  13%|█▎        | 130/1000 [3:17:54 > 29:08]
L-BFGS:  13%|█▎        | 131/1000 [3:15:29 > 29:21]
L-BFGS:  13%|█▎        | 132/1000 [3:13:39 > 29:34]
L-BFGS:  13%|█▎        | 133/1000 [3:14:37 > 29:48]
L-BFGS:  13%|█▎        | 134/1000 [3:13:08 > 30:01]
L-BFGS:  14%|█▎        | 135/1000 [3:14:12 > 30:14]
L-BFGS:  14%|█▎        | 136/1000 [3:12:32 > 30:28]
L-BFGS:  14%|█▎        | 137/1000 [3:11:24 > 30:41]
L-BFGS:  14%|█▍        | 138/1000 [3:12:46 > 30:54]
L-BFGS:  14%|█▍        | 139/1000 [3:11:25 > 31:08]
L-BFGS:  14%|█▍        | 140/1000 [3:10:28 > 31:21]
L-BFGS:  14%|█▍        | 141/1000 [3:11:53 > 31:34]
L-BFGS:  14%|█▍        | 142/1000 [3:10:44 > 31:48]
L-BFGS:  14%|█▍        | 143/1000 [3:09:43 > 32:01]
L-BFGS:  14%|█▍        | 144/1000 [3:11:13 > 32:14]
L-BFGS:  14%|█▍        | 145/1000 [3:09:56 > 32:28]
L-BFGS:  15%|█▍        | 146/1000 [3:11:07 > 32:41]
L-BFGS:  15%|█▍        | 147/1000 [3:09:41 > 32:54]
L-BFGS:  15%|█▍        | 148/1000 [3:11:17 > 33:08]
L-BFGS:  15%|█▍        | 149/1000 [3:10:25 > 33:22]
L-BFGS:  15%|█▌        | 150/1000 [3:09:41 > 33:35]
L-BFGS:  15%|█▌        | 151/1000 [3:08:56 > 33:48]
L-BFGS:  15%|█▌        | 152/1000 [3:10:42 > 34:02]
L-BFGS:  15%|█▌        | 153/1000 [3:11:50 > 34:16]
L-BFGS:  15%|█▌        | 154/1000 [3:10:18 > 34:29]
L-BFGS:  16%|█▌        | 155/1000 [3:11:29 > 34:43]
L-BFGS:  16%|█▌        | 156/1000 [3:12:12 > 34:57]
L-BFGS:  16%|█▌        | 157/1000 [3:10:31 > 35:10]
L-BFGS:  16%|█▌        | 158/1000 [3:11:12 > 35:24]
L-BFGS:  16%|█▌        | 159/1000 [3:11:12 > 35:37]
L-BFGS:  16%|█▌        | 160/1000 [3:11:06 > 35:51]
L-BFGS:  16%|█▌        | 161/1000 [3:08:51 > 36:04]
L-BFGS:  16%|█▌        | 162/1000 [3:07:18 > 36:17]
L-BFGS:  16%|█▋        | 163/1000 [3:08:15 > 36:31]
L-BFGS:  16%|█▋        | 164/1000 [3:08:49 > 36:45]
L-BFGS:  16%|█▋        | 165/1000 [3:06:49 > 36:58]
L-BFGS:  17%|█▋        | 166/1000 [3:05:26 > 37:11]
L-BFGS:  17%|█▋        | 167/1000 [3:06:38 > 37:25]
L-BFGS:  17%|█▋        | 168/1000 [3:05:08 > 37:38]
L-BFGS:  17%|█▋        | 169/1000 [3:04:04 > 37:51]
L-BFGS:  17%|█▋        | 170/1000 [3:03:22 > 38:04]
L-BFGS:  17%|█▋        | 171/1000 [3:02:40 > 38:17]
L-BFGS:  17%|█▋        | 172/1000 [3:04:19 > 38:31]
L-BFGS:  17%|█▋        | 173/1000 [3:03:14 > 38:44]
L-BFGS:  17%|█▋        | 174/1000 [3:02:24 > 38:57]
L-BFGS:  18%|█▊        | 175/1000 [3:01:48 > 39:11]
L-BFGS:  18%|█▊        | 176/1000 [3:01:27 > 39:24]
L-BFGS:  18%|█▊        | 177/1000 [3:01:33 > 39:37]
L-BFGS:  18%|█▊        | 178/1000 [3:03:41 > 39:51]
L-BFGS:  18%|█▊        | 179/1000 [3:02:59 > 40:04]
L-BFGS:  18%|█▊        | 180/1000 [3:04:31 > 40:18]
L-BFGS:  18%|█▊        | 181/1000 [3:05:36 > 40:32]
L-BFGS:  18%|█▊        | 182/1000 [3:06:17 > 40:46]
L-BFGS:  18%|█▊        | 183/1000 [3:04:42 > 40:59]
L-BFGS:  18%|█▊        | 184/1000 [3:05:30 > 41:13]
L-BFGS:  18%|█▊        | 185/1000 [3:06:01 > 41:27]
L-BFGS:  19%|█▊        | 186/1000 [3:04:08 > 41:40]
L-BFGS:  19%|█▊        | 187/1000 [3:02:09 > 41:53]
L-BFGS:  19%|█▉        | 188/1000 [3:02:51 > 42:07]
L-BFGS:  19%|█▉        | 189/1000 [3:01:10 > 42:20]
L-BFGS:  19%|█▉        | 190/1000 [3:02:01 > 42:33]
L-BFGS:  19%|█▉        | 191/1000 [3:00:28 > 42:47]
L-BFGS:  19%|█▉        | 192/1000 [3:01:24 > 43:00]
L-BFGS:  19%|█▉        | 193/1000 [2:59:58 > 43:13]
L-BFGS:  19%|█▉        | 194/1000 [2:58:47 > 43:27]
L-BFGS:  20%|█▉        | 195/1000 [2:57:49 > 43:40]
L-BFGS:  20%|█▉        | 196/1000 [2:57:32 > 43:53]
L-BFGS:  20%|█▉        | 197/1000 [2:59:04 > 44:07]
L-BFGS:  20%|█▉        | 198/1000 [3:00:05 > 44:20]
L-BFGS:  20%|█▉        | 199/1000 [2:58:34 > 44:33]
L-BFGS:  20%|██        | 200/1000 [2:59:32 > 44:47]
L-BFGS:  20%|██        | 201/1000 [2:58:04 > 45:00]
L-BFGS:  20%|██        | 202/1000 [2:57:00 > 45:13]
L-BFGS:  20%|██        | 203/1000 [2:56:44 > 45:27]
L-BFGS:  20%|██        | 204/1000 [2:58:42 > 45:41]
L-BFGS:  20%|██        | 205/1000 [2:59:58 > 45:54]
L-BFGS:  21%|██        | 206/1000 [3:00:39 > 46:08]
L-BFGS:  21%|██        | 207/1000 [2:59:03 > 46:22]
L-BFGS:  21%|██        | 208/1000 [2:59:55 > 46:35]
L-BFGS:  21%|██        | 209/1000 [3:00:30 > 46:49]
L-BFGS:  21%|██        | 210/1000 [2:58:39 > 47:03]
L-BFGS:  21%|██        | 211/1000 [2:57:19 > 47:16]
L-BFGS:  21%|██        | 212/1000 [2:56:20 > 47:29]
L-BFGS:  21%|██▏       | 213/1000 [2:55:30 > 47:42]
L-BFGS:  21%|██▏       | 214/1000 [2:54:24 > 47:56]
L-BFGS:  22%|██▏       | 215/1000 [2:53:41 > 48:09]
L-BFGS:  22%|██▏       | 216/1000 [2:53:15 > 48:22]
L-BFGS:  22%|██▏       | 217/1000 [2:54:57 > 48:36]
L-BFGS:  22%|██▏       | 218/1000 [2:53:49 > 48:49]
L-BFGS:  22%|██▏       | 219/1000 [2:53:00 > 49:02]
L-BFGS:  22%|██▏       | 220/1000 [2:54:23 > 49:16]
L-BFGS:  22%|██▏       | 221/1000 [2:53:08 > 49:29]
L-BFGS:  22%|██▏       | 222/1000 [2:54:12 > 49:43]
L-BFGS:  22%|██▏       | 223/1000 [2:54:56 > 49:56]
L-BFGS:  22%|██▏       | 224/1000 [2:53:23 > 50:09]
L-BFGS:  22%|██▎       | 225/1000 [2:52:13 > 50:23]
L-BFGS:  23%|██▎       | 226/1000 [2:51:19 > 50:36]
L-BFGS:  23%|██▎       | 227/1000 [2:50:37 > 50:49]
L-BFGS:  23%|██▎       | 228/1000 [2:50:01 > 51:02]
L-BFGS:  23%|██▎       | 229/1000 [2:51:32 > 51:16]
L-BFGS:  23%|██▎       | 230/1000 [2:52:35 > 51:29]
L-BFGS:  23%|██▎       | 231/1000 [2:53:50 > 51:43]
L-BFGS:  23%|██▎       | 232/1000 [2:54:33 > 51:57]
L-BFGS:  23%|██▎       | 233/1000 [2:53:08 > 52:10]
L-BFGS:  23%|██▎       | 234/1000 [2:53:56 > 52:24]
L-BFGS:  24%|██▎       | 235/1000 [2:52:29 > 52:37]
L-BFGS:  24%|██▎       | 236/1000 [2:51:15 > 52:51]
L-BFGS:  24%|██▎       | 237/1000 [2:50:38 > 53:04]
L-BFGS:  24%|██▍       | 238/1000 [2:52:02 > 53:18]
L-BFGS:  24%|██▍       | 239/1000 [2:50:51 > 53:31]
L-BFGS:  24%|██▍       | 240/1000 [2:49:54 > 53:44]
L-BFGS:  24%|██▍       | 241/1000 [2:50:56 > 53:58]
L-BFGS:  24%|██▍       | 242/1000 [2:51:16 > 54:12]
L-BFGS:  24%|██▍       | 243/1000 [2:49:30 > 54:25]
L-BFGS:  24%|██▍       | 244/1000 [2:48:11 > 54:38]
L-BFGS:  24%|██▍       | 245/1000 [2:47:12 > 54:51]
L-BFGS:  25%|██▍       | 246/1000 [2:48:25 > 55:05]
L-BFGS:  25%|██▍       | 247/1000 [2:49:15 > 55:19]
L-BFGS:  25%|██▍       | 248/1000 [2:47:47 > 55:32]
L-BFGS:  25%|██▍       | 249/1000 [2:46:42 > 55:45]
L-BFGS:  25%|██▌       | 250/1000 [2:47:49 > 55:59]
L-BFGS:  25%|██▌       | 251/1000 [2:48:34 > 56:12]
L-BFGS:  25%|██▌       | 252/1000 [2:47:07 > 56:26]
L-BFGS:  25%|██▌       | 253/1000 [2:45:58 > 56:39]
L-BFGS:  25%|██▌       | 254/1000 [2:47:01 > 56:52]
L-BFGS:  26%|██▌       | 255/1000 [2:47:47 > 57:06]
L-BFGS:  26%|██▌       | 256/1000 [2:46:16 > 57:19]
L-BFGS:  26%|██▌       | 257/1000 [2:47:01 > 57:33]
L-BFGS:  26%|██▌       | 258/1000 [2:47:57 > 57:47]
L-BFGS:  26%|██▌       | 259/1000 [2:48:44 > 58:01]
L-BFGS:  26%|██▌       | 260/1000 [2:49:03 > 58:14]
L-BFGS:  26%|██▌       | 261/1000 [2:47:15 > 58:28]
L-BFGS:  26%|██▌       | 262/1000 [2:47:52 > 58:41]
L-BFGS:  26%|██▋       | 263/1000 [2:48:09 > 58:55]
L-BFGS:  26%|██▋       | 264/1000 [2:48:28 > 59:09]
L-BFGS:  26%|██▋       | 265/1000 [2:46:38 > 59:22]
L-BFGS:  27%|██▋       | 266/1000 [2:47:17 > 59:36]
L-BFGS:  27%|██▋       | 267/1000 [2:45:37 > 59:50]
L-BFGS:  27%|██▋       | 268/1000 [2:44:24 > 1:00:03]
L-BFGS:  27%|██▋       | 269/1000 [2:42:55 > 1:00:16]
L-BFGS:  27%|██▋       | 270/1000 [2:43:47 > 1:00:30]
L-BFGS:  27%|██▋       | 271/1000 [2:42:23 > 1:00:43]
L-BFGS:  27%|██▋       | 272/1000 [2:41:32 > 1:00:56]
L-BFGS:  27%|██▋       | 273/1000 [2:40:44 > 1:01:09]
L-BFGS:  27%|██▋       | 274/1000 [2:40:03 > 1:01:22]
L-BFGS:  28%|██▊       | 275/1000 [2:41:23 > 1:01:36]
L-BFGS:  28%|██▊       | 276/1000 [2:40:24 > 1:01:49]
L-BFGS:  28%|██▊       | 277/1000 [2:41:37 > 1:02:03]
L-BFGS:  28%|██▊       | 278/1000 [2:40:30 > 1:02:16]
L-BFGS:  28%|██▊       | 279/1000 [2:39:36 > 1:02:29]
L-BFGS:  28%|██▊       | 280/1000 [2:38:55 > 1:02:42]
L-BFGS:  28%|██▊       | 281/1000 [2:40:18 > 1:02:56]
L-BFGS:  28%|██▊       | 282/1000 [2:41:15 > 1:03:10]
L-BFGS:  28%|██▊       | 283/1000 [2:42:05 > 1:03:23]
L-BFGS:  28%|██▊       | 284/1000 [2:40:20 > 1:03:37]
L-BFGS:  28%|██▊       | 285/1000 [2:40:55 > 1:03:50]
L-BFGS:  29%|██▊       | 286/1000 [2:41:40 > 1:04:04]
L-BFGS:  29%|██▊       | 287/1000 [2:40:22 > 1:04:17]
L-BFGS:  29%|██▉       | 288/1000 [2:39:26 > 1:04:31]
L-BFGS:  29%|██▉       | 289/1000 [2:38:41 > 1:04:44]
L-BFGS:  29%|██▉       | 290/1000 [2:38:05 > 1:04:57]
L-BFGS:  29%|██▉       | 291/1000 [2:39:33 > 1:05:11]
L-BFGS:  29%|██▉       | 292/1000 [2:38:37 > 1:05:24]
L-BFGS:  29%|██▉       | 293/1000 [2:39:43 > 1:05:38]
L-BFGS:  29%|██▉       | 294/1000 [2:38:31 > 1:05:51]
L-BFGS:  30%|██▉       | 295/1000 [2:39:28 > 1:06:05]
L-BFGS:  30%|██▉       | 296/1000 [2:38:03 > 1:06:18]
L-BFGS:  30%|██▉       | 297/1000 [2:36:41 > 1:06:32]
L-BFGS:  30%|██▉       | 298/1000 [2:35:41 > 1:06:45]
L-BFGS:  30%|██▉       | 299/1000 [2:35:00 > 1:06:58]
L-BFGS:  30%|███       | 300/1000 [2:34:27 > 1:07:11]
L-BFGS:  30%|███       | 301/1000 [2:35:51 > 1:07:25]
L-BFGS:  30%|███       | 302/1000 [2:34:49 > 1:07:38]
L-BFGS:  30%|███       | 303/1000 [2:34:05 > 1:07:51]
L-BFGS:  30%|███       | 304/1000 [2:35:16 > 1:08:05]
L-BFGS:  30%|███       | 305/1000 [2:36:01 > 1:08:18]
L-BFGS:  31%|███       | 306/1000 [2:36:31 > 1:08:32]
L-BFGS:  31%|███       | 307/1000 [2:34:57 > 1:08:45]
L-BFGS:  31%|███       | 308/1000 [2:33:47 > 1:08:58]
L-BFGS:  31%|███       | 309/1000 [2:33:01 > 1:09:12]
L-BFGS:  31%|███       | 310/1000 [2:32:23 > 1:09:25]
L-BFGS:  31%|███       | 311/1000 [2:31:51 > 1:09:38]
L-BFGS:  31%|███       | 312/1000 [2:33:08 > 1:09:52]
L-BFGS:  31%|███▏      | 313/1000 [2:34:02 > 1:10:05]
L-BFGS:  31%|███▏      | 314/1000 [2:34:51 > 1:10:19]
L-BFGS:  32%|███▏      | 315/1000 [2:35:33 > 1:10:33]
L-BFGS:  32%|███▏      | 316/1000 [2:34:11 > 1:10:46]
L-BFGS:  32%|███▏      | 317/1000 [2:33:08 > 1:10:59]
L-BFGS:  32%|███▏      | 318/1000 [2:34:11 > 1:11:13]
L-BFGS:  32%|███▏      | 319/1000 [2:32:59 > 1:11:26]
L-BFGS:  32%|███▏      | 320/1000 [2:33:51 > 1:11:40]
L-BFGS:  32%|███▏      | 321/1000 [2:34:25 > 1:11:54]
L-BFGS:  32%|███▏      | 322/1000 [2:34:46 > 1:12:08]
L-BFGS:  32%|███▏      | 323/1000 [2:33:12 > 1:12:21]
L-BFGS:  32%|███▏      | 324/1000 [2:31:58 > 1:12:34]
L-BFGS:  32%|███▎      | 325/1000 [2:32:29 > 1:12:48]
L-BFGS:  33%|███▎      | 326/1000 [2:32:44 > 1:13:02]
L-BFGS:  33%|███▎      | 327/1000 [2:32:56 > 1:13:16]
L-BFGS:  33%|███▎      | 328/1000 [2:31:04 > 1:13:29]
L-BFGS:  33%|███▎      | 329/1000 [2:31:28 > 1:13:42]
L-BFGS:  33%|███▎      | 330/1000 [2:31:38 > 1:13:56]
L-BFGS:  33%|███▎      | 331/1000 [2:31:41 > 1:14:10]
L-BFGS:  33%|███▎      | 332/1000 [2:29:56 > 1:14:23]
L-BFGS:  33%|███▎      | 333/1000 [2:28:43 > 1:14:36]
L-BFGS:  33%|███▎      | 334/1000 [2:29:31 > 1:14:50]
L-BFGS:  34%|███▎      | 335/1000 [2:28:18 > 1:15:03]
L-BFGS:  34%|███▎      | 336/1000 [2:27:17 > 1:15:16]
L-BFGS:  34%|███▎      | 337/1000 [2:26:33 > 1:15:29]
L-BFGS:  34%|███▍      | 338/1000 [2:25:59 > 1:15:42]
L-BFGS:  34%|███▍      | 339/1000 [2:27:17 > 1:15:56]
L-BFGS:  34%|███▍      | 340/1000 [2:26:24 > 1:16:09]
L-BFGS:  34%|███▍      | 341/1000 [2:25:36 > 1:16:22]
L-BFGS:  34%|███▍      | 342/1000 [2:25:14 > 1:16:36]
L-BFGS:  34%|███▍      | 343/1000 [2:26:57 > 1:16:49]
L-BFGS:  34%|███▍      | 344/1000 [2:26:18 > 1:17:03]
L-BFGS:  34%|███▍      | 345/1000 [2:25:53 > 1:17:16]
L-BFGS:  35%|███▍      | 346/1000 [2:25:26 > 1:17:29]
L-BFGS:  35%|███▍      | 347/1000 [2:25:01 > 1:17:43]
L-BFGS:  35%|███▍      | 348/1000 [2:26:29 > 1:17:56]
L-BFGS:  35%|███▍      | 349/1000 [2:25:33 > 1:18:10]
L-BFGS:  35%|███▌      | 350/1000 [2:26:36 > 1:18:24]
L-BFGS:  35%|███▌      | 351/1000 [2:27:21 > 1:18:37]
L-BFGS:  35%|███▌      | 352/1000 [2:26:01 > 1:18:51]
L-BFGS:  35%|███▌      | 353/1000 [2:26:16 > 1:19:04]
L-BFGS:  35%|███▌      | 354/1000 [2:26:24 > 1:19:18]
L-BFGS:  36%|███▌      | 355/1000 [2:26:26 > 1:19:32]
L-BFGS:  36%|███▌      | 356/1000 [2:26:28 > 1:19:45]
L-BFGS:  36%|███▌      | 357/1000 [2:26:21 > 1:19:59]
L-BFGS:  36%|███▌      | 358/1000 [2:26:32 > 1:20:13]
L-BFGS:  36%|███▌      | 359/1000 [2:24:33 > 1:20:26]
L-BFGS:  36%|███▌      | 360/1000 [2:23:10 > 1:20:39]
L-BFGS:  36%|███▌      | 361/1000 [2:22:05 > 1:20:52]
L-BFGS:  36%|███▌      | 362/1000 [2:23:04 > 1:21:06]
L-BFGS:  36%|███▋      | 363/1000 [2:21:55 > 1:21:19]
L-BFGS:  36%|███▋      | 364/1000 [2:22:40 > 1:21:33]
L-BFGS:  36%|███▋      | 365/1000 [2:21:34 > 1:21:46]
L-BFGS:  37%|███▋      | 366/1000 [2:22:19 > 1:22:00]
L-BFGS:  37%|███▋      | 367/1000 [2:22:44 > 1:22:13]
L-BFGS:  37%|███▋      | 368/1000 [2:21:18 > 1:22:27]
L-BFGS:  37%|███▋      | 369/1000 [2:20:17 > 1:22:40]
L-BFGS:  37%|███▋      | 370/1000 [2:21:22 > 1:22:53]
L-BFGS:  37%|███▋      | 371/1000 [2:20:38 > 1:23:07]
L-BFGS:  37%|███▋      | 372/1000 [2:20:04 > 1:23:20]
L-BFGS:  37%|███▋      | 373/1000 [2:21:14 > 1:23:34]
L-BFGS:  37%|███▋      | 374/1000 [2:22:01 > 1:23:48]
L-BFGS:  38%|███▊      | 375/1000 [2:22:30 > 1:24:02]
L-BFGS:  38%|███▊      | 376/1000 [2:22:44 > 1:24:15]
L-BFGS:  38%|███▊      | 377/1000 [2:22:51 > 1:24:29]
L-BFGS:  38%|███▊      | 378/1000 [2:22:47 > 1:24:43]
L-BFGS:  38%|███▊      | 379/1000 [2:22:42 > 1:24:57]
L-BFGS:  38%|███▊      | 380/1000 [2:20:50 > 1:25:10]
L-BFGS:  38%|███▊      | 381/1000 [2:20:48 > 1:25:24]
L-BFGS:  38%|███▊      | 382/1000 [2:20:43 > 1:25:38]
L-BFGS:  38%|███▊      | 383/1000 [2:19:06 > 1:25:51]
L-BFGS:  38%|███▊      | 384/1000 [2:17:47 > 1:26:04]
L-BFGS:  38%|███▊      | 385/1000 [2:18:22 > 1:26:18]
L-BFGS:  39%|███▊      | 386/1000 [2:17:08 > 1:26:31]
L-BFGS:  39%|███▊      | 387/1000 [2:17:45 > 1:26:44]
L-BFGS:  39%|███▉      | 388/1000 [2:16:33 > 1:26:58]
L-BFGS:  39%|███▉      | 389/1000 [2:15:46 > 1:27:11]
L-BFGS:  39%|███▉      | 390/1000 [2:16:41 > 1:27:25]
L-BFGS:  39%|███▉      | 391/1000 [2:17:11 > 1:27:38]
L-BFGS:  39%|███▉      | 392/1000 [2:17:29 > 1:27:52]
L-BFGS:  39%|███▉      | 393/1000 [2:17:36 > 1:28:06]
L-BFGS:  39%|███▉      | 394/1000 [2:16:04 > 1:28:19]
L-BFGS:  40%|███▉      | 395/1000 [2:16:27 > 1:28:32]
L-BFGS:  40%|███▉      | 396/1000 [2:16:39 > 1:28:46]
L-BFGS:  40%|███▉      | 397/1000 [2:16:53 > 1:29:00]
L-BFGS:  40%|███▉      | 398/1000 [2:17:15 > 1:29:14]
L-BFGS:  40%|███▉      | 399/1000 [2:15:51 > 1:29:27]
L-BFGS:  40%|████      | 400/1000 [2:14:48 > 1:29:40]
L-BFGS:  40%|████      | 401/1000 [2:13:56 > 1:29:53]
L-BFGS:  40%|████      | 402/1000 [2:14:55 > 1:30:07]
L-BFGS:  40%|████      | 403/1000 [2:13:57 > 1:30:21]
L-BFGS:  40%|████      | 404/1000 [2:13:14 > 1:30:34]
L-BFGS:  40%|████      | 405/1000 [2:12:33 > 1:30:47]
L-BFGS:  41%|████      | 406/1000 [2:11:59 > 1:31:00]
L-BFGS:  41%|████      | 407/1000 [2:12:58 > 1:31:14]
L-BFGS:  41%|████      | 408/1000 [2:11:59 > 1:31:27]
L-BFGS:  41%|████      | 409/1000 [2:12:47 > 1:31:41]
L-BFGS:  41%|████      | 410/1000 [2:13:06 > 1:31:55]
L-BFGS:  41%|████      | 411/1000 [2:11:48 > 1:32:08]
L-BFGS:  41%|████      | 412/1000 [2:10:47 > 1:32:21]
L-BFGS:  41%|████▏     | 413/1000 [2:09:57 > 1:32:34]
L-BFGS:  41%|████▏     | 414/1000 [2:09:19 > 1:32:47]
L-BFGS:  42%|████▏     | 415/1000 [2:08:49 > 1:33:00]
L-BFGS:  42%|████▏     | 416/1000 [2:10:00 > 1:33:14]
L-BFGS:  42%|████▏     | 417/1000 [2:10:44 > 1:33:28]
L-BFGS:  42%|████▏     | 418/1000 [2:09:37 > 1:33:41]
L-BFGS:  42%|████▏     | 419/1000 [2:08:45 > 1:33:54]
L-BFGS:  42%|████▏     | 420/1000 [2:08:05 > 1:34:07]
L-BFGS:  42%|████▏     | 421/1000 [2:07:33 > 1:34:20]
L-BFGS:  42%|████▏     | 422/1000 [2:07:10 > 1:34:34]
L-BFGS:  42%|████▏     | 423/1000 [2:06:48 > 1:34:47]
L-BFGS:  42%|████▏     | 424/1000 [2:06:27 > 1:35:00]
L-BFGS:  42%|████▎     | 425/1000 [2:07:43 > 1:35:14]
L-BFGS:  43%|████▎     | 426/1000 [2:08:34 > 1:35:27]
L-BFGS:  43%|████▎     | 427/1000 [2:09:25 > 1:35:41]
L-BFGS:  43%|████▎     | 428/1000 [2:09:55 > 1:35:55]
L-BFGS:  43%|████▎     | 429/1000 [2:10:14 > 1:36:09]
L-BFGS:  43%|████▎     | 430/1000 [2:10:19 > 1:36:23]
L-BFGS:  43%|████▎     | 431/1000 [2:08:52 > 1:36:36]
L-BFGS:  43%|████▎     | 432/1000 [2:07:45 > 1:36:49]
L-BFGS:  43%|████▎     | 433/1000 [2:08:27 > 1:37:03]
L-BFGS:  43%|████▎     | 434/1000 [2:07:19 > 1:37:16]
L-BFGS:  44%|████▎     | 435/1000 [2:06:31 > 1:37:29]
L-BFGS:  44%|████▎     | 436/1000 [2:07:17 > 1:37:43]
L-BFGS:  44%|████▎     | 437/1000 [2:06:11 > 1:37:56]
L-BFGS:  44%|████▍     | 438/1000 [2:05:06 > 1:38:10]
L-BFGS:  44%|████▍     | 439/1000 [2:05:46 > 1:38:23]
L-BFGS:  44%|████▍     | 440/1000 [2:04:41 > 1:38:36]
L-BFGS:  44%|████▍     | 441/1000 [2:05:23 > 1:38:50]
L-BFGS:  44%|████▍     | 442/1000 [2:05:43 > 1:39:04]
L-BFGS:  44%|████▍     | 443/1000 [2:04:27 > 1:39:17]
L-BFGS:  44%|████▍     | 444/1000 [2:05:00 > 1:39:31]
L-BFGS:  44%|████▍     | 445/1000 [2:05:15 > 1:39:44]
L-BFGS:  45%|████▍     | 446/1000 [2:04:02 > 1:39:57]
L-BFGS:  45%|████▍     | 447/1000 [2:04:30 > 1:40:11]
L-BFGS:  45%|████▍     | 448/1000 [2:04:45 > 1:40:25]
L-BFGS:  45%|████▍     | 449/1000 [2:03:22 > 1:40:38]
L-BFGS:  45%|████▌     | 450/1000 [2:03:48 > 1:40:52]
L-BFGS:  45%|████▌     | 451/1000 [2:02:43 > 1:41:05]
L-BFGS:  45%|████▌     | 452/1000 [2:03:12 > 1:41:19]
L-BFGS:  45%|████▌     | 453/1000 [2:02:08 > 1:41:32]
L-BFGS:  45%|████▌     | 454/1000 [2:01:17 > 1:41:45]
L-BFGS:  46%|████▌     | 455/1000 [2:00:47 > 1:41:58]
L-BFGS:  46%|████▌     | 456/1000 [2:00:31 > 1:42:11]
L-BFGS:  46%|████▌     | 457/1000 [2:01:42 > 1:42:25]
L-BFGS:  46%|████▌     | 458/1000 [2:01:02 > 1:42:38]
L-BFGS:  46%|████▌     | 459/1000 [2:01:54 > 1:42:52]
L-BFGS:  46%|████▌     | 460/1000 [2:01:05 > 1:43:06]
L-BFGS:  46%|████▌     | 461/1000 [2:00:24 > 1:43:19]
L-BFGS:  46%|████▌     | 462/1000 [2:01:20 > 1:43:33]
L-BFGS:  46%|████▋     | 463/1000 [2:01:54 > 1:43:47]
L-BFGS:  46%|████▋     | 464/1000 [2:02:09 > 1:44:00]
L-BFGS:  46%|████▋     | 465/1000 [2:02:10 > 1:44:14]
L-BFGS:  47%|████▋     | 466/1000 [2:00:27 > 1:44:27]
L-BFGS:  47%|████▋     | 467/1000 [1:59:12 > 1:44:40]
L-BFGS:  47%|████▋     | 468/1000 [1:59:39 > 1:44:54]
L-BFGS:  47%|████▋     | 469/1000 [1:59:56 > 1:45:08]
L-BFGS:  47%|████▋     | 470/1000 [2:00:05 > 1:45:21]
L-BFGS:  47%|████▋     | 471/1000 [2:00:03 > 1:45:35]
L-BFGS:  47%|████▋     | 472/1000 [1:58:34 > 1:45:48]
L-BFGS:  47%|████▋     | 473/1000 [1:58:54 > 1:46:02]
L-BFGS:  47%|████▋     | 474/1000 [1:57:40 > 1:46:15]
L-BFGS:  48%|████▊     | 475/1000 [1:56:41 > 1:46:28]
L-BFGS:  48%|████▊     | 476/1000 [1:55:59 > 1:46:41]
L-BFGS:  48%|████▊     | 477/1000 [1:55:35 > 1:46:55]
L-BFGS:  48%|████▊     | 478/1000 [1:55:06 > 1:47:08]
L-BFGS:  48%|████▊     | 479/1000 [1:54:41 > 1:47:21]
L-BFGS:  48%|████▊     | 480/1000 [1:54:18 > 1:47:34]
L-BFGS:  48%|████▊     | 481/1000 [1:53:59 > 1:47:47]
L-BFGS:  48%|████▊     | 482/1000 [1:55:03 > 1:48:01]
L-BFGS:  48%|████▊     | 483/1000 [1:54:38 > 1:48:14]
L-BFGS:  48%|████▊     | 484/1000 [1:55:43 > 1:48:28]
L-BFGS:  48%|████▊     | 485/1000 [1:56:27 > 1:48:42]
L-BFGS:  49%|████▊     | 486/1000 [1:55:31 > 1:48:55]
L-BFGS:  49%|████▊     | 487/1000 [1:54:47 > 1:49:08]
L-BFGS:  49%|████▉     | 488/1000 [1:55:35 > 1:49:22]
L-BFGS:  49%|████▉     | 489/1000 [1:56:06 > 1:49:36]
L-BFGS:  49%|████▉     | 490/1000 [1:56:20 > 1:49:50]
L-BFGS:  49%|████▉     | 491/1000 [1:55:09 > 1:50:03]
L-BFGS:  49%|████▉     | 492/1000 [1:54:13 > 1:50:16]
L-BFGS:  49%|████▉     | 493/1000 [1:53:24 > 1:50:30]
L-BFGS:  49%|████▉     | 494/1000 [1:52:28 > 1:50:43]
L-BFGS:  50%|████▉     | 495/1000 [1:51:52 > 1:50:56]
L-BFGS:  50%|████▉     | 496/1000 [1:51:20 > 1:51:09]
L-BFGS:  50%|████▉     | 497/1000 [1:50:51 > 1:51:22]
L-BFGS:  50%|████▉     | 498/1000 [1:50:26 > 1:51:35]
L-BFGS:  50%|████▉     | 499/1000 [1:50:07 > 1:51:49]
L-BFGS:  50%|█████     | 500/1000 [1:49:49 > 1:52:02]
L-BFGS:  50%|█████     | 501/1000 [1:49:47 > 1:52:15]
L-BFGS:  50%|█████     | 502/1000 [1:49:27 > 1:52:28]
L-BFGS:  50%|█████     | 503/1000 [1:49:09 > 1:52:41]
L-BFGS:  50%|█████     | 504/1000 [1:50:17 > 1:52:55]
L-BFGS:  50%|█████     | 505/1000 [1:50:52 > 1:53:09]
L-BFGS:  51%|█████     | 506/1000 [1:49:54 > 1:53:22]
L-BFGS:  51%|█████     | 507/1000 [1:50:28 > 1:53:36]
L-BFGS:  51%|█████     | 508/1000 [1:49:30 > 1:53:49]
L-BFGS:  51%|█████     | 509/1000 [1:48:53 > 1:54:02]
L-BFGS:  51%|█████     | 510/1000 [1:49:39 > 1:54:16]
L-BFGS:  51%|█████     | 511/1000 [1:50:24 > 1:54:29]
L-BFGS:  51%|█████     | 512/1000 [1:49:36 > 1:54:43]
L-BFGS:  51%|█████▏    | 513/1000 [1:50:14 > 1:54:57]
L-BFGS:  51%|█████▏    | 514/1000 [1:50:36 > 1:55:10]
L-BFGS:  52%|█████▏    | 515/1000 [1:49:28 > 1:55:24]
L-BFGS:  52%|█████▏    | 516/1000 [1:48:37 > 1:55:37]
L-BFGS:  52%|█████▏    | 517/1000 [1:49:18 > 1:55:51]
L-BFGS:  52%|█████▏    | 518/1000 [1:48:23 > 1:56:04]
L-BFGS:  52%|█████▏    | 519/1000 [1:47:36 > 1:56:17]
L-BFGS:  52%|█████▏    | 520/1000 [1:47:04 > 1:56:31]
L-BFGS:  52%|█████▏    | 521/1000 [1:47:43 > 1:56:44]
L-BFGS:  52%|█████▏    | 522/1000 [1:46:40 > 1:56:58]
L-BFGS:  52%|█████▏    | 523/1000 [1:45:55 > 1:57:11]
L-BFGS:  52%|█████▏    | 524/1000 [1:45:16 > 1:57:24]
L-BFGS:  52%|█████▎    | 525/1000 [1:46:16 > 1:57:38]
L-BFGS:  53%|█████▎    | 526/1000 [1:45:22 > 1:57:51]
L-BFGS:  53%|█████▎    | 527/1000 [1:45:57 > 1:58:04]
L-BFGS:  53%|█████▎    | 528/1000 [1:45:04 > 1:58:18]
L-BFGS:  53%|█████▎    | 529/1000 [1:44:25 > 1:58:31]
L-BFGS:  53%|█████▎    | 530/1000 [1:43:50 > 1:58:44]
L-BFGS:  53%|█████▎    | 531/1000 [1:43:29 > 1:58:57]
L-BFGS:  53%|█████▎    | 532/1000 [1:43:05 > 1:59:10]
L-BFGS:  53%|█████▎    | 533/1000 [1:43:54 > 1:59:24]
L-BFGS:  53%|█████▎    | 534/1000 [1:44:28 > 1:59:38]
L-BFGS:  54%|█████▎    | 535/1000 [1:43:33 > 1:59:51]
L-BFGS:  54%|█████▎    | 536/1000 [1:44:02 > 2:00:04]
L-BFGS:  54%|█████▎    | 537/1000 [1:43:07 > 2:00:18]
L-BFGS:  54%|█████▍    | 538/1000 [1:43:42 > 2:00:31]
L-BFGS:  54%|█████▍    | 539/1000 [1:44:16 > 2:00:45]
L-BFGS:  54%|█████▍    | 540/1000 [1:44:39 > 2:00:59]
L-BFGS:  54%|█████▍    | 541/1000 [1:43:35 > 2:01:12]
L-BFGS:  54%|█████▍    | 542/1000 [1:43:59 > 2:01:26]
L-BFGS:  54%|█████▍    | 543/1000 [1:42:58 > 2:01:39]
L-BFGS:  54%|█████▍    | 544/1000 [1:42:15 > 2:01:53]
L-BFGS:  55%|█████▍    | 545/1000 [1:41:44 > 2:02:06]
L-BFGS:  55%|█████▍    | 546/1000 [1:42:27 > 2:02:20]
L-BFGS:  55%|█████▍    | 547/1000 [1:42:53 > 2:02:34]
L-BFGS:  55%|█████▍    | 548/1000 [1:41:57 > 2:02:47]
L-BFGS:  55%|█████▍    | 549/1000 [1:42:08 > 2:03:01]
L-BFGS:  55%|█████▌    | 550/1000 [1:40:57 > 2:03:14]
L-BFGS:  55%|█████▌    | 551/1000 [1:40:02 > 2:03:27]
L-BFGS:  55%|█████▌    | 552/1000 [1:39:21 > 2:03:40]
L-BFGS:  55%|█████▌    | 553/1000 [1:39:56 > 2:03:54]
L-BFGS:  55%|█████▌    | 554/1000 [1:40:31 > 2:04:08]
L-BFGS:  56%|█████▌    | 555/1000 [1:39:48 > 2:04:21]
L-BFGS:  56%|█████▌    | 556/1000 [1:38:56 > 2:04:34]
L-BFGS:  56%|█████▌    | 557/1000 [1:38:15 > 2:04:47]
L-BFGS:  56%|█████▌    | 558/1000 [1:37:42 > 2:05:00]
L-BFGS:  56%|█████▌    | 559/1000 [1:38:27 > 2:05:14]
L-BFGS:  56%|█████▌    | 560/1000 [1:38:48 > 2:05:28]
L-BFGS:  56%|█████▌    | 561/1000 [1:37:51 > 2:05:41]
L-BFGS:  56%|█████▌    | 562/1000 [1:37:08 > 2:05:54]
L-BFGS:  56%|█████▋    | 563/1000 [1:36:33 > 2:06:07]
L-BFGS:  56%|█████▋    | 564/1000 [1:36:08 > 2:06:20]
L-BFGS:  56%|█████▋    | 565/1000 [1:35:51 > 2:06:34]
L-BFGS:  57%|█████▋    | 566/1000 [1:36:57 > 2:06:47]
L-BFGS:  57%|█████▋    | 567/1000 [1:36:29 > 2:07:01]
L-BFGS:  57%|█████▋    | 568/1000 [1:36:06 > 2:07:14]
L-BFGS:  57%|█████▋    | 569/1000 [1:36:55 > 2:07:28]
L-BFGS:  57%|█████▋    | 570/1000 [1:36:15 > 2:07:41]
L-BFGS:  57%|█████▋    | 571/1000 [1:35:48 > 2:07:54]
L-BFGS:  57%|█████▋    | 572/1000 [1:36:31 > 2:08:08]
L-BFGS:  57%|█████▋    | 573/1000 [1:35:46 > 2:08:22]
L-BFGS:  57%|█████▋    | 574/1000 [1:35:13 > 2:08:35]
L-BFGS:  57%|█████▊    | 575/1000 [1:34:44 > 2:08:48]
L-BFGS:  58%|█████▊    | 576/1000 [1:34:05 > 2:09:01]
L-BFGS:  58%|█████▊    | 577/1000 [1:34:37 > 2:09:15]
L-BFGS:  58%|█████▊    | 578/1000 [1:33:49 > 2:09:28]
L-BFGS:  58%|█████▊    | 579/1000 [1:34:19 > 2:09:42]
L-BFGS:  58%|█████▊    | 580/1000 [1:34:35 > 2:09:56]
L-BFGS:  58%|█████▊    | 581/1000 [1:33:38 > 2:10:09]
L-BFGS:  58%|█████▊    | 582/1000 [1:33:00 > 2:10:22]
L-BFGS:  58%|█████▊    | 583/1000 [1:33:28 > 2:10:36]
L-BFGS:  58%|█████▊    | 584/1000 [1:32:38 > 2:10:49]
L-BFGS:  58%|█████▊    | 585/1000 [1:33:03 > 2:11:02]
L-BFGS:  59%|█████▊    | 586/1000 [1:33:19 > 2:11:16]
L-BFGS:  59%|█████▊    | 587/1000 [1:32:19 > 2:11:29]
L-BFGS:  59%|█████▉    | 588/1000 [1:31:36 > 2:11:42]
L-BFGS:  59%|█████▉    | 589/1000 [1:31:00 > 2:11:56]
L-BFGS:  59%|█████▉    | 590/1000 [1:31:33 > 2:12:09]
L-BFGS:  59%|█████▉    | 591/1000 [1:30:56 > 2:12:22]
L-BFGS:  59%|█████▉    | 592/1000 [1:30:21 > 2:12:36]
L-BFGS:  59%|█████▉    | 593/1000 [1:31:02 > 2:12:49]
L-BFGS:  59%|█████▉    | 594/1000 [1:30:34 > 2:13:03]
L-BFGS:  60%|█████▉    | 595/1000 [1:31:13 > 2:13:16]
L-BFGS:  60%|█████▉    | 596/1000 [1:31:36 > 2:13:30]
L-BFGS:  60%|█████▉    | 597/1000 [1:31:47 > 2:13:44]
L-BFGS:  60%|█████▉    | 598/1000 [1:30:49 > 2:13:57]
L-BFGS:  60%|█████▉    | 599/1000 [1:31:05 > 2:14:11]
L-BFGS:  60%|██████    | 600/1000 [1:31:21 > 2:14:25]
L-BFGS:  60%|██████    | 601/1000 [1:30:18 > 2:14:38]
L-BFGS:  60%|██████    | 602/1000 [1:30:33 > 2:14:52]
L-BFGS:  60%|██████    | 603/1000 [1:30:37 > 2:15:06]
L-BFGS:  60%|██████    | 604/1000 [1:29:17 > 2:15:19]
L-BFGS:  60%|██████    | 605/1000 [1:29:22 > 2:15:33]
L-BFGS:  61%|██████    | 606/1000 [1:28:18 > 2:15:46]
L-BFGS:  61%|██████    | 607/1000 [1:27:41 > 2:15:59]
L-BFGS:  61%|██████    | 608/1000 [1:27:01 > 2:16:12]
L-BFGS:  61%|██████    | 609/1000 [1:26:27 > 2:16:26]
L-BFGS:  61%|██████    | 610/1000 [1:26:02 > 2:16:39]
L-BFGS:  61%|██████    | 611/1000 [1:26:39 > 2:16:52]
L-BFGS:  61%|██████    | 612/1000 [1:27:01 > 2:17:06]
L-BFGS:  61%|██████▏   | 613/1000 [1:27:15 > 2:17:20]
L-BFGS:  61%|██████▏   | 614/1000 [1:27:18 > 2:17:33]
L-BFGS:  62%|██████▏   | 615/1000 [1:26:15 > 2:17:47]
L-BFGS:  62%|██████▏   | 616/1000 [1:25:28 > 2:18:00]
L-BFGS:  62%|██████▏   | 617/1000 [1:25:51 > 2:18:13]
L-BFGS:  62%|██████▏   | 618/1000 [1:26:05 > 2:18:27]
L-BFGS:  62%|██████▏   | 619/1000 [1:26:08 > 2:18:41]
L-BFGS:  62%|██████▏   | 620/1000 [1:25:15 > 2:18:54]
L-BFGS:  62%|██████▏   | 621/1000 [1:25:40 > 2:19:08]
L-BFGS:  62%|██████▏   | 622/1000 [1:24:56 > 2:19:21]
L-BFGS:  62%|██████▏   | 623/1000 [1:24:21 > 2:19:34]
L-BFGS:  62%|██████▏   | 624/1000 [1:24:55 > 2:19:48]
L-BFGS:  62%|██████▎   | 625/1000 [1:24:09 > 2:20:01]
L-BFGS:  63%|██████▎   | 626/1000 [1:23:36 > 2:20:15]
L-BFGS:  63%|██████▎   | 627/1000 [1:24:06 > 2:20:29]
L-BFGS:  63%|██████▎   | 628/1000 [1:23:24 > 2:20:42]
L-BFGS:  63%|██████▎   | 629/1000 [1:23:54 > 2:20:56]
L-BFGS:  63%|██████▎   | 630/1000 [1:24:06 > 2:21:09]
L-BFGS:  63%|██████▎   | 631/1000 [1:23:07 > 2:21:23]
L-BFGS:  63%|██████▎   | 632/1000 [1:22:14 > 2:21:36]
L-BFGS:  63%|██████▎   | 633/1000 [1:22:32 > 2:21:50]
L-BFGS:  63%|██████▎   | 634/1000 [1:21:40 > 2:22:03]
L-BFGS:  64%|██████▎   | 635/1000 [1:21:01 > 2:22:16]
L-BFGS:  64%|██████▎   | 636/1000 [1:20:27 > 2:22:29]
L-BFGS:  64%|██████▎   | 637/1000 [1:21:03 > 2:22:43]
L-BFGS:  64%|██████▍   | 638/1000 [1:21:20 > 2:22:56]
L-BFGS:  64%|██████▍   | 639/1000 [1:21:39 > 2:23:10]
L-BFGS:  64%|██████▍   | 640/1000 [1:21:39 > 2:23:24]
L-BFGS:  64%|██████▍   | 641/1000 [1:20:36 > 2:23:37]
L-BFGS:  64%|██████▍   | 642/1000 [1:19:49 > 2:23:50]
L-BFGS:  64%|██████▍   | 643/1000 [1:19:20 > 2:24:03]
L-BFGS:  64%|██████▍   | 644/1000 [1:19:43 > 2:24:17]
L-BFGS:  64%|██████▍   | 645/1000 [1:18:59 > 2:24:30]
L-BFGS:  65%|██████▍   | 646/1000 [1:19:21 > 2:24:44]
L-BFGS:  65%|██████▍   | 647/1000 [1:19:46 > 2:24:58]
L-BFGS:  65%|██████▍   | 648/1000 [1:19:03 > 2:25:11]
L-BFGS:  65%|██████▍   | 649/1000 [1:18:32 > 2:25:24]
L-BFGS:  65%|██████▌   | 650/1000 [1:18:07 > 2:25:38]
L-BFGS:  65%|██████▌   | 651/1000 [1:17:43 > 2:25:51]
L-BFGS:  65%|██████▌   | 652/1000 [1:18:20 > 2:26:05]
L-BFGS:  65%|██████▌   | 653/1000 [1:18:40 > 2:26:19]
L-BFGS:  65%|██████▌   | 654/1000 [1:18:50 > 2:26:32]
L-BFGS:  66%|██████▌   | 655/1000 [1:18:01 > 2:26:46]
L-BFGS:  66%|██████▌   | 656/1000 [1:17:20 > 2:26:59]
L-BFGS:  66%|██████▌   | 657/1000 [1:16:44 > 2:27:12]
L-BFGS:  66%|██████▌   | 658/1000 [1:16:03 > 2:27:25]
L-BFGS:  66%|██████▌   | 659/1000 [1:15:29 > 2:27:39]
L-BFGS:  66%|██████▌   | 660/1000 [1:15:02 > 2:27:52]
L-BFGS:  66%|██████▌   | 661/1000 [1:15:34 > 2:28:05]
L-BFGS:  66%|██████▌   | 662/1000 [1:15:50 > 2:28:19]
L-BFGS:  66%|██████▋   | 663/1000 [1:15:04 > 2:28:32]
L-BFGS:  66%|██████▋   | 664/1000 [1:14:32 > 2:28:45]
L-BFGS:  66%|██████▋   | 665/1000 [1:14:55 > 2:28:59]
L-BFGS:  67%|██████▋   | 666/1000 [1:14:14 > 2:29:12]
L-BFGS:  67%|██████▋   | 667/1000 [1:13:42 > 2:29:25]
L-BFGS:  67%|██████▋   | 668/1000 [1:14:07 > 2:29:39]
L-BFGS:  67%|██████▋   | 669/1000 [1:13:28 > 2:29:52]
L-BFGS:  67%|██████▋   | 670/1000 [1:13:01 > 2:30:05]
L-BFGS:  67%|██████▋   | 671/1000 [1:12:36 > 2:30:19]
L-BFGS:  67%|██████▋   | 672/1000 [1:12:13 > 2:30:32]
L-BFGS:  67%|██████▋   | 673/1000 [1:12:44 > 2:30:45]
L-BFGS:  67%|██████▋   | 674/1000 [1:12:14 > 2:30:59]
L-BFGS:  68%|██████▊   | 675/1000 [1:11:49 > 2:31:12]
L-BFGS:  68%|██████▊   | 676/1000 [1:11:29 > 2:31:25]
L-BFGS:  68%|██████▊   | 677/1000 [1:11:18 > 2:31:38]
L-BFGS:  68%|██████▊   | 678/1000 [1:11:57 > 2:31:52]
L-BFGS:  68%|██████▊   | 679/1000 [1:12:23 > 2:32:06]
L-BFGS:  68%|██████▊   | 680/1000 [1:11:47 > 2:32:19]
L-BFGS:  68%|██████▊   | 681/1000 [1:12:07 > 2:32:33]
L-BFGS:  68%|██████▊   | 682/1000 [1:11:26 > 2:32:46]
L-BFGS:  68%|██████▊   | 683/1000 [1:10:54 > 2:32:59]
L-BFGS:  68%|██████▊   | 684/1000 [1:10:29 > 2:33:13]
L-BFGS:  68%|██████▊   | 685/1000 [1:10:07 > 2:33:26]
L-BFGS:  69%|██████▊   | 686/1000 [1:09:47 > 2:33:39]
L-BFGS:  69%|██████▊   | 687/1000 [1:10:07 > 2:33:53]
L-BFGS:  69%|██████▉   | 688/1000 [1:09:30 > 2:34:06]
L-BFGS:  69%|██████▉   | 689/1000 [1:09:45 > 2:34:20]
L-BFGS:  69%|██████▉   | 690/1000 [1:09:54 > 2:34:34]
L-BFGS:  69%|██████▉   | 691/1000 [1:09:08 > 2:34:47]
L-BFGS:  69%|██████▉   | 692/1000 [1:08:30 > 2:35:00]
L-BFGS:  69%|██████▉   | 693/1000 [1:07:58 > 2:35:13]
L-BFGS:  69%|██████▉   | 694/1000 [1:07:32 > 2:35:26]
L-BFGS:  70%|██████▉   | 695/1000 [1:07:11 > 2:35:39]
L-BFGS:  70%|██████▉   | 696/1000 [1:07:39 > 2:35:53]
L-BFGS:  70%|██████▉   | 697/1000 [1:07:08 > 2:36:06]
L-BFGS:  70%|██████▉   | 698/1000 [1:06:41 > 2:36:19]
L-BFGS:  70%|██████▉   | 699/1000 [1:06:20 > 2:36:32]
L-BFGS:  70%|███████   | 700/1000 [1:06:49 > 2:36:46]
L-BFGS:  70%|███████   | 701/1000 [1:06:16 > 2:36:59]
L-BFGS:  70%|███████   | 702/1000 [1:06:37 > 2:37:13]
L-BFGS:  70%|███████   | 703/1000 [1:06:03 > 2:37:26]
L-BFGS:  70%|███████   | 704/1000 [1:05:35 > 2:37:39]
L-BFGS:  70%|███████   | 705/1000 [1:06:07 > 2:37:53]
L-BFGS:  71%|███████   | 706/1000 [1:05:39 > 2:38:06]
L-BFGS:  71%|███████   | 707/1000 [1:05:16 > 2:38:20]
L-BFGS:  71%|███████   | 708/1000 [1:04:55 > 2:38:33]
L-BFGS:  71%|███████   | 709/1000 [1:04:36 > 2:38:46]
L-BFGS:  71%|███████   | 710/1000 [1:04:20 > 2:39:00]
L-BFGS:  71%|███████   | 711/1000 [1:04:51 > 2:39:13]
L-BFGS:  71%|███████   | 712/1000 [1:05:12 > 2:39:27]
L-BFGS:  71%|███████▏  | 713/1000 [1:04:33 > 2:39:41]
L-BFGS:  71%|███████▏  | 714/1000 [1:04:48 > 2:39:54]
L-BFGS:  72%|███████▏  | 715/1000 [1:04:45 > 2:40:08]
L-BFGS:  72%|███████▏  | 716/1000 [1:04:39 > 2:40:22]
L-BFGS:  72%|███████▏  | 717/1000 [1:03:44 > 2:40:35]
L-BFGS:  72%|███████▏  | 718/1000 [1:02:59 > 2:40:48]
L-BFGS:  72%|███████▏  | 719/1000 [1:02:25 > 2:41:01]
L-BFGS:  72%|███████▏  | 720/1000 [1:02:49 > 2:41:15]
L-BFGS:  72%|███████▏  | 721/1000 [1:02:52 > 2:41:29]
L-BFGS:  72%|███████▏  | 722/1000 [1:02:54 > 2:41:42]
L-BFGS:  72%|███████▏  | 723/1000 [1:02:06 > 2:41:56]
L-BFGS:  72%|███████▏  | 724/1000 [1:02:11 > 2:42:09]
L-BFGS:  72%|███████▎  | 725/1000 [1:02:10 > 2:42:23]
L-BFGS:  73%|███████▎  | 726/1000 [1:02:05 > 2:42:37]
L-BFGS:  73%|███████▎  | 727/1000 [1:01:16 > 2:42:50]
L-BFGS:  73%|███████▎  | 728/1000 [1:00:37 > 2:43:03]
L-BFGS:  73%|███████▎  | 729/1000 [1:00:05 > 2:43:16]
L-BFGS:  73%|███████▎  | 730/1000 [1:00:23 > 2:43:30]
L-BFGS:  73%|███████▎  | 731/1000 [59:47 > 2:43:43]  
L-BFGS:  73%|███████▎  | 732/1000 [59:26 > 2:43:56]
L-BFGS:  73%|███████▎  | 733/1000 [59:53 > 2:44:10]
L-BFGS:  73%|███████▎  | 734/1000 [1:00:10 > 2:44:24]
L-BFGS:  74%|███████▎  | 735/1000 [59:34 > 2:44:37]  
L-BFGS:  74%|███████▎  | 736/1000 [59:47 > 2:44:51]
L-BFGS:  74%|███████▎  | 737/1000 [1:00:03 > 2:45:05]
L-BFGS:  74%|███████▍  | 738/1000 [59:17 > 2:45:18]  
L-BFGS:  74%|███████▍  | 739/1000 [59:23 > 2:45:32]
L-BFGS:  74%|███████▍  | 740/1000 [59:23 > 2:45:46]
L-BFGS:  74%|███████▍  | 741/1000 [58:37 > 2:45:59]
L-BFGS:  74%|███████▍  | 742/1000 [58:36 > 2:46:13]
L-BFGS:  74%|███████▍  | 743/1000 [58:26 > 2:46:27]
L-BFGS:  74%|███████▍  | 744/1000 [58:15 > 2:46:40]
L-BFGS:  74%|███████▍  | 745/1000 [57:23 > 2:46:53]
L-BFGS:  75%|███████▍  | 746/1000 [56:43 > 2:47:07]
L-BFGS:  75%|███████▍  | 747/1000 [56:51 > 2:47:20]
L-BFGS:  75%|███████▍  | 748/1000 [56:52 > 2:47:34]
L-BFGS:  75%|███████▍  | 749/1000 [56:11 > 2:47:47]
L-BFGS:  75%|███████▌  | 750/1000 [55:38 > 2:48:00]
L-BFGS:  75%|███████▌  | 751/1000 [55:09 > 2:48:13]
L-BFGS:  75%|███████▌  | 752/1000 [55:24 > 2:48:27]
L-BFGS:  75%|███████▌  | 753/1000 [54:51 > 2:48:40]
L-BFGS:  75%|███████▌  | 754/1000 [55:06 > 2:48:54]
L-BFGS:  76%|███████▌  | 755/1000 [55:10 > 2:49:08]
L-BFGS:  76%|███████▌  | 756/1000 [55:09 > 2:49:21]
L-BFGS:  76%|███████▌  | 757/1000 [54:26 > 2:49:34]
L-BFGS:  76%|███████▌  | 758/1000 [54:29 > 2:49:48]
L-BFGS:  76%|███████▌  | 759/1000 [54:27 > 2:50:02]
L-BFGS:  76%|███████▌  | 760/1000 [53:50 > 2:50:15]
L-BFGS:  76%|███████▌  | 761/1000 [53:25 > 2:50:28]
L-BFGS:  76%|███████▌  | 762/1000 [53:03 > 2:50:42]
L-BFGS:  76%|███████▋  | 763/1000 [53:22 > 2:50:55]
L-BFGS:  76%|███████▋  | 764/1000 [52:51 > 2:51:09]
L-BFGS:  76%|███████▋  | 765/1000 [52:26 > 2:51:22]
L-BFGS:  77%|███████▋  | 766/1000 [52:43 > 2:51:36]
L-BFGS:  77%|███████▋  | 767/1000 [52:15 > 2:51:49]
L-BFGS:  77%|███████▋  | 768/1000 [52:26 > 2:52:03]
L-BFGS:  77%|███████▋  | 769/1000 [51:54 > 2:52:16]
L-BFGS:  77%|███████▋  | 770/1000 [51:23 > 2:52:29]
L-BFGS:  77%|███████▋  | 771/1000 [51:29 > 2:52:43]
L-BFGS:  77%|███████▋  | 772/1000 [51:28 > 2:52:57]
L-BFGS:  77%|███████▋  | 773/1000 [51:22 > 2:53:10]
L-BFGS:  77%|███████▋  | 774/1000 [50:39 > 2:53:24]
L-BFGS:  78%|███████▊  | 775/1000 [50:05 > 2:53:37]
L-BFGS:  78%|███████▊  | 776/1000 [50:13 > 2:53:50]
L-BFGS:  78%|███████▊  | 777/1000 [49:39 > 2:54:04]
L-BFGS:  78%|███████▊  | 778/1000 [49:13 > 2:54:17]
L-BFGS:  78%|███████▊  | 779/1000 [48:49 > 2:54:30]
L-BFGS:  78%|███████▊  | 780/1000 [49:02 > 2:54:44]
L-BFGS:  78%|███████▊  | 781/1000 [49:08 > 2:54:57]
L-BFGS:  78%|███████▊  | 782/1000 [49:08 > 2:55:11]
L-BFGS:  78%|███████▊  | 783/1000 [48:30 > 2:55:24]
L-BFGS:  78%|███████▊  | 784/1000 [47:59 > 2:55:37]
L-BFGS:  78%|███████▊  | 785/1000 [48:08 > 2:55:51]
L-BFGS:  79%|███████▊  | 786/1000 [47:37 > 2:56:04]
L-BFGS:  79%|███████▊  | 787/1000 [47:45 > 2:56:18]
L-BFGS:  79%|███████▉  | 788/1000 [47:48 > 2:56:31]
L-BFGS:  79%|███████▉  | 789/1000 [47:21 > 2:56:45]
L-BFGS:  79%|███████▉  | 790/1000 [46:55 > 2:56:58]
L-BFGS:  79%|███████▉  | 791/1000 [46:33 > 2:57:11]
L-BFGS:  79%|███████▉  | 792/1000 [46:15 > 2:57:25]
L-BFGS:  79%|███████▉  | 793/1000 [45:58 > 2:57:38]
L-BFGS:  79%|███████▉  | 794/1000 [45:41 > 2:57:51]
L-BFGS:  80%|███████▉  | 795/1000 [45:58 > 2:58:05]
L-BFGS:  80%|███████▉  | 796/1000 [46:07 > 2:58:19]
L-BFGS:  80%|███████▉  | 797/1000 [46:08 > 2:58:33]
L-BFGS:  80%|███████▉  | 798/1000 [45:33 > 2:58:46]
L-BFGS:  80%|███████▉  | 799/1000 [44:59 > 2:58:59]
L-BFGS:  80%|████████  | 800/1000 [44:28 > 2:59:12]
L-BFGS:  80%|████████  | 801/1000 [44:03 > 2:59:25]
L-BFGS:  80%|████████  | 802/1000 [44:03 > 2:59:39]
L-BFGS:  80%|████████  | 803/1000 [43:39 > 2:59:52]
L-BFGS:  80%|████████  | 804/1000 [43:51 > 3:00:06]
L-BFGS:  80%|████████  | 805/1000 [43:23 > 3:00:19]
L-BFGS:  81%|████████  | 806/1000 [43:00 > 3:00:32]
L-BFGS:  81%|████████  | 807/1000 [43:10 > 3:00:46]
L-BFGS:  81%|████████  | 808/1000 [42:44 > 3:00:59]
L-BFGS:  81%|████████  | 809/1000 [42:24 > 3:01:12]
L-BFGS:  81%|████████  | 810/1000 [36:07 > 3:01:19]
L-BFGS:  81%|████████  | 811/1000 [37:37 > 3:01:32]
L-BFGS:  81%|████████  | 812/1000 [39:03 > 3:01:46]
L-BFGS:  81%|████████▏ | 813/1000 [39:30 > 3:01:59]
L-BFGS:  81%|████████▏ | 814/1000 [40:22 > 3:02:13]
L-BFGS:  82%|████████▏ | 815/1000 [40:48 > 3:02:27]
L-BFGS:  82%|████████▏ | 816/1000 [40:35 > 3:02:40]
L-BFGS:  82%|████████▏ | 817/1000 [40:53 > 3:02:54]
L-BFGS:  82%|████████▏ | 818/1000 [41:03 > 3:03:08]
L-BFGS:  82%|████████▏ | 819/1000 [40:36 > 3:03:21]
L-BFGS:  82%|████████▏ | 820/1000 [40:14 > 3:03:34]
L-BFGS:  82%|████████▏ | 821/1000 [40:21 > 3:03:48]
L-BFGS:  82%|████████▏ | 822/1000 [39:55 > 3:04:01]
L-BFGS:  82%|████████▏ | 823/1000 [40:00 > 3:04:15]
L-BFGS:  82%|████████▏ | 824/1000 [40:01 > 3:04:29]
L-BFGS:  82%|████████▎ | 825/1000 [39:57 > 3:04:43]
L-BFGS:  83%|████████▎ | 826/1000 [39:47 > 3:04:57]
L-BFGS:  83%|████████▎ | 827/1000 [39:35 > 3:05:10]
L-BFGS:  83%|████████▎ | 828/1000 [38:51 > 3:05:23]
L-BFGS:  83%|████████▎ | 829/1000 [38:44 > 3:05:37]
L-BFGS:  83%|████████▎ | 830/1000 [38:36 > 3:05:51]
L-BFGS:  83%|████████▎ | 831/1000 [38:01 > 3:06:04]
L-BFGS:  83%|████████▎ | 832/1000 [37:56 > 3:06:18]
L-BFGS:  83%|████████▎ | 833/1000 [37:23 > 3:06:31]
L-BFGS:  83%|████████▎ | 834/1000 [36:56 > 3:06:44]
L-BFGS:  84%|████████▎ | 835/1000 [36:32 > 3:06:57]
L-BFGS:  84%|████████▎ | 836/1000 [36:12 > 3:07:10]
L-BFGS:  84%|████████▎ | 837/1000 [36:19 > 3:07:24]
L-BFGS:  84%|████████▍ | 838/1000 [35:55 > 3:07:37]
L-BFGS:  84%|████████▍ | 839/1000 [36:00 > 3:07:51]
L-BFGS:  84%|████████▍ | 840/1000 [36:00 > 3:08:05]
L-BFGS:  84%|████████▍ | 841/1000 [35:33 > 3:08:18]
L-BFGS:  84%|████████▍ | 842/1000 [35:32 > 3:08:31]
L-BFGS:  84%|████████▍ | 843/1000 [35:05 > 3:08:45]
L-BFGS:  84%|████████▍ | 844/1000 [34:46 > 3:08:58]
L-BFGS:  84%|████████▍ | 845/1000 [34:29 > 3:09:11]
L-BFGS:  85%|████████▍ | 846/1000 [34:13 > 3:09:25]
L-BFGS:  85%|████████▍ | 847/1000 [26:38 > 3:09:28]
L-BFGS:  85%|████████▍ | 848/1000 [29:01 > 3:09:42]
L-BFGS:  85%|████████▍ | 849/1000 [30:36 > 3:09:56]
L-BFGS:  85%|████████▌ | 850/1000 [31:38 > 3:10:10]
L-BFGS:  85%|████████▌ | 851/1000 [31:54 > 3:10:23]
L-BFGS:  85%|████████▌ | 852/1000 [32:25 > 3:10:37]
L-BFGS:  85%|████████▌ | 853/1000 [32:41 > 3:10:51]
L-BFGS:  85%|████████▌ | 854/1000 [32:22 > 3:11:04]
L-BFGS:  86%|████████▌ | 855/1000 [32:24 > 3:11:17]
L-BFGS:  86%|████████▌ | 856/1000 [32:24 > 3:11:31]
L-BFGS:  86%|████████▌ | 857/1000 [32:18 > 3:11:45]
L-BFGS:  86%|████████▌ | 858/1000 [32:10 > 3:11:59]
L-BFGS:  86%|████████▌ | 859/1000 [31:37 > 3:12:12]
L-BFGS:  86%|████████▌ | 860/1000 [31:32 > 3:12:25]
L-BFGS:  86%|████████▌ | 861/1000 [31:25 > 3:12:39]
L-BFGS:  86%|████████▌ | 862/1000 [31:16 > 3:12:53]
L-BFGS:  86%|████████▋ | 863/1000 [31:05 > 3:13:06]
L-BFGS:  86%|████████▋ | 864/1000 [30:54 > 3:13:20]
L-BFGS:  86%|████████▋ | 865/1000 [22:32 > 3:13:22]
L-BFGS:  87%|████████▋ | 866/1000 [24:28 > 3:13:35]
L-BFGS:  87%|████████▋ | 867/1000 [25:46 > 3:13:48]
L-BFGS:  87%|████████▋ | 868/1000 [26:36 > 3:14:01]
L-BFGS:  87%|████████▋ | 869/1000 [27:11 > 3:14:14]
L-BFGS:  87%|████████▋ | 870/1000 [27:51 > 3:14:28]
L-BFGS:  87%|████████▋ | 871/1000 [28:15 > 3:14:42]
L-BFGS:  87%|████████▋ | 872/1000 [28:09 > 3:14:55]
L-BFGS:  87%|████████▋ | 873/1000 [27:59 > 3:15:09]
L-BFGS:  87%|████████▋ | 874/1000 [27:48 > 3:15:22]
L-BFGS:  88%|████████▊ | 875/1000 [27:37 > 3:15:35]
L-BFGS:  88%|████████▊ | 876/1000 [27:45 > 3:15:49]
L-BFGS:  88%|████████▊ | 877/1000 [27:46 > 3:16:03]
L-BFGS:  88%|████████▊ | 878/1000 [27:23 > 3:16:16]
L-BFGS:  88%|████████▊ | 879/1000 [27:02 > 3:16:29]
L-BFGS:  88%|████████▊ | 880/1000 [27:07 > 3:16:43]
L-BFGS:  88%|████████▊ | 881/1000 [26:51 > 3:16:57]
L-BFGS:  88%|████████▊ | 882/1000 [26:24 > 3:17:10]
L-BFGS:  88%|████████▊ | 883/1000 [26:03 > 3:17:23]
L-BFGS:  88%|████████▊ | 884/1000 [25:43 > 3:17:36]
L-BFGS:  88%|████████▊ | 885/1000 [25:26 > 3:17:50]
L-BFGS:  89%|████████▊ | 886/1000 [25:10 > 3:18:03]
L-BFGS:  89%|████████▊ | 887/1000 [25:14 > 3:18:17]
L-BFGS:  89%|████████▉ | 888/1000 [24:54 > 3:18:30]
L-BFGS:  89%|████████▉ | 889/1000 [24:52 > 3:18:43]
L-BFGS:  89%|████████▉ | 890/1000 [24:47 > 3:18:57]
L-BFGS:  89%|████████▉ | 891/1000 [24:41 > 3:19:11]
L-BFGS:  89%|████████▉ | 892/1000 [24:14 > 3:19:24]
L-BFGS:  89%|████████▉ | 893/1000 [23:51 > 3:19:37]
L-BFGS:  89%|████████▉ | 894/1000 [23:31 > 3:19:50]
L-BFGS:  90%|████████▉ | 895/1000 [23:31 > 3:20:04]
L-BFGS:  90%|████████▉ | 896/1000 [23:26 > 3:20:18]
L-BFGS:  90%|████████▉ | 897/1000 [23:03 > 3:20:31]
L-BFGS:  90%|████████▉ | 898/1000 [22:42 > 3:20:44]
L-BFGS:  90%|████████▉ | 899/1000 [22:45 > 3:20:58]
L-BFGS:  90%|█████████ | 900/1000 [22:44 > 3:21:12]
L-BFGS:  90%|█████████ | 901/1000 [22:38 > 3:21:26]
L-BFGS:  90%|█████████ | 902/1000 [22:13 > 3:21:39]
L-BFGS:  90%|█████████ | 903/1000 [22:05 > 3:21:53]
L-BFGS:  90%|█████████ | 904/1000 [21:41 > 3:22:06]
L-BFGS:  90%|█████████ | 905/1000 [21:35 > 3:22:20]
L-BFGS:  91%|█████████ | 906/1000 [21:11 > 3:22:34]
L-BFGS:  91%|█████████ | 907/1000 [20:52 > 3:22:47]
L-BFGS:  91%|█████████ | 908/1000 [20:59 > 3:23:01]
L-BFGS:  91%|█████████ | 909/1000 [20:51 > 3:23:15]
L-BFGS:  91%|█████████ | 910/1000 [20:35 > 3:23:29]
L-BFGS:  91%|█████████ | 911/1000 [20:04 > 3:23:42]
L-BFGS:  91%|█████████ | 912/1000 [19:39 > 3:23:55]
L-BFGS:  91%|█████████▏| 913/1000 [19:32 > 3:24:09]
L-BFGS:  91%|█████████▏| 914/1000 [19:09 > 3:24:22]
L-BFGS:  92%|█████████▏| 915/1000 [19:02 > 3:24:35]
L-BFGS:  92%|█████████▏| 916/1000 [18:41 > 3:24:48]
L-BFGS:  92%|█████████▏| 917/1000 [18:22 > 3:25:01]
L-BFGS:  92%|█████████▏| 918/1000 [18:05 > 3:25:15]
L-BFGS:  92%|█████████▏| 919/1000 [17:48 > 3:25:28]
L-BFGS:  92%|█████████▏| 920/1000 [17:33 > 3:25:41]
L-BFGS:  92%|█████████▏| 921/1000 [17:18 > 3:25:54]
L-BFGS:  92%|█████████▏| 922/1000 [17:04 > 3:26:07]
L-BFGS:  92%|█████████▏| 923/1000 [17:03 > 3:26:21]
L-BFGS:  92%|█████████▏| 924/1000 [16:57 > 3:26:34]
L-BFGS:  92%|█████████▎| 925/1000 [16:37 > 3:26:47]
L-BFGS:  93%|█████████▎| 926/1000 [16:20 > 3:27:01]
L-BFGS:  93%|█████████▎| 927/1000 [16:15 > 3:27:14]
L-BFGS:  93%|█████████▎| 928/1000 [15:56 > 3:27:27]
L-BFGS:  93%|█████████▎| 929/1000 [15:40 > 3:27:40]
L-BFGS:  93%|█████████▎| 930/1000 [15:23 > 3:27:53]
L-BFGS:  93%|█████████▎| 931/1000 [11:42 > 3:27:57]
L-BFGS:  93%|█████████▎| 932/1000 [08:25 > 3:27:58]
L-BFGS:  93%|█████████▎| 933/1000 [10:23 > 3:28:11]
L-BFGS:  93%|█████████▎| 934/1000 [11:40 > 3:28:25]
L-BFGS:  94%|█████████▎| 935/1000 [12:20 > 3:28:38]
L-BFGS:  94%|█████████▎| 936/1000 [12:42 > 3:28:51]
L-BFGS:  94%|█████████▎| 937/1000 [13:03 > 3:29:05]
L-BFGS:  94%|█████████▍| 938/1000 [13:04 > 3:29:18]
L-BFGS:  94%|█████████▍| 939/1000 [13:01 > 3:29:31]
L-BFGS:  94%|█████████▍| 940/1000 [13:04 > 3:29:45]
L-BFGS:  94%|█████████▍| 941/1000 [13:02 > 3:29:59]
L-BFGS:  94%|█████████▍| 942/1000 [12:46 > 3:30:12]
L-BFGS:  94%|█████████▍| 943/1000 [12:32 > 3:30:25]
L-BFGS:  94%|█████████▍| 944/1000 [12:18 > 3:30:38]
L-BFGS:  94%|█████████▍| 945/1000 [12:04 > 3:30:51]
L-BFGS:  95%|█████████▍| 946/1000 [11:51 > 3:31:04]
L-BFGS:  95%|█████████▍| 947/1000 [11:46 > 3:31:18]
L-BFGS:  95%|█████████▍| 948/1000 [11:38 > 3:31:32]
L-BFGS:  95%|█████████▍| 949/1000 [11:28 > 3:31:45]
L-BFGS:  95%|█████████▌| 950/1000 [11:09 > 3:31:59]
L-BFGS:  95%|█████████▌| 951/1000 [10:51 > 3:32:12]
L-BFGS:  95%|█████████▌| 952/1000 [10:35 > 3:32:25]
L-BFGS:  95%|█████████▌| 953/1000 [10:20 > 3:32:38]
L-BFGS:  95%|█████████▌| 954/1000 [10:05 > 3:32:51]
L-BFGS:  96%|█████████▌| 955/1000 [09:58 > 3:33:05]
L-BFGS:  96%|█████████▌| 956/1000 [09:42 > 3:33:18]
L-BFGS:  96%|█████████▌| 957/1000 [09:34 > 3:33:31]
L-BFGS:  96%|█████████▌| 958/1000 [09:24 > 3:33:45]
L-BFGS:  96%|█████████▌| 959/1000 [09:13 > 3:33:59]
L-BFGS:  96%|█████████▌| 960/1000 [08:55 > 3:34:12]
L-BFGS:  96%|█████████▌| 961/1000 [08:38 > 3:34:25]
L-BFGS:  96%|█████████▌| 962/1000 [08:29 > 3:34:38]
L-BFGS:  96%|█████████▋| 963/1000 [08:12 > 3:34:52]
L-BFGS:  96%|█████████▋| 964/1000 [07:56 > 3:35:05]
L-BFGS:  96%|█████████▋| 965/1000 [07:42 > 3:35:18]
L-BFGS:  97%|█████████▋| 966/1000 [07:33 > 3:35:31]
L-BFGS:  97%|█████████▋| 967/1000 [07:17 > 3:35:45]
L-BFGS:  97%|█████████▋| 968/1000 [07:03 > 3:35:58]
L-BFGS:  97%|█████████▋| 969/1000 [06:48 > 3:36:11]
L-BFGS:  97%|█████████▋| 970/1000 [06:39 > 3:36:24]
L-BFGS:  97%|█████████▋| 971/1000 [06:29 > 3:36:38]
L-BFGS:  97%|█████████▋| 972/1000 [06:12 > 3:36:51]
L-BFGS:  97%|█████████▋| 973/1000 [05:58 > 3:37:04]
L-BFGS:  97%|█████████▋| 974/1000 [05:43 > 3:37:17]
L-BFGS:  98%|█████████▊| 975/1000 [05:33 > 3:37:31]
L-BFGS:  98%|█████████▊| 976/1000 [05:22 > 3:37:45]
L-BFGS:  98%|█████████▊| 977/1000 [05:07 > 3:37:58]
L-BFGS:  98%|█████████▊| 978/1000 [04:56 > 3:38:12]
L-BFGS:  98%|█████████▊| 979/1000 [04:40 > 3:38:25]
L-BFGS:  98%|█████████▊| 980/1000 [04:26 > 3:38:38]
L-BFGS:  98%|█████████▊| 981/1000 [04:11 > 3:38:51]
L-BFGS:  98%|█████████▊| 982/1000 [03:58 > 3:39:04]
L-BFGS:  98%|█████████▊| 983/1000 [03:44 > 3:39:17]
L-BFGS:  98%|█████████▊| 984/1000 [03:31 > 3:39:31]
L-BFGS:  98%|█████████▊| 985/1000 [03:17 > 3:39:44]
L-BFGS:  99%|█████████▊| 986/1000 [03:06 > 3:39:57]
L-BFGS:  99%|█████████▊| 987/1000 [02:52 > 3:40:11]
L-BFGS:  99%|█████████▉| 988/1000 [02:38 > 3:40:24]
L-BFGS:  99%|█████████▉| 989/1000 [02:25 > 3:40:37]
L-BFGS:  99%|█████████▉| 990/1000 [02:13 > 3:40:50]
L-BFGS:  99%|█████████▉| 991/1000 [02:00 > 3:41:04]
L-BFGS:  99%|█████████▉| 992/1000 [01:46 > 3:41:17]
L-BFGS:  99%|█████████▉| 993/1000 [01:33 > 3:41:31]
L-BFGS:  99%|█████████▉| 994/1000 [01:20 > 3:41:44]
L-BFGS: 100%|█████████▉| 995/1000 [01:07 > 3:41:58]
L-BFGS: 100%|█████████▉| 996/1000 [00:53 > 3:42:11]
L-BFGS: 100%|█████████▉| 997/1000 [00:39 > 3:42:24]
L-BFGS: 100%|█████████▉| 998/1000 [00:26 > 3:42:37]
L-BFGS: 100%|█████████▉| 999/1000 [00:13 > 3:42:50]
L-BFGS: 100%|██████████| 1000/1000 [00:00 > 3:43:04]
L-BFGS: 100%|██████████| 1000/1000 [00:00 > 3:43:04]
Training saved: C:\Ali Computation\pinn\code\heterogeneous\pino_heterogeneous\results\exp_W3b_ramp_K100_N500_z1to5_default_float64\pino_heterogeneous_concentration.png C:\Ali Computation\pinn\code\heterogeneous\pino_heterogeneous\results\exp_W3b_ramp_K100_N500_z1to5_default_float64\pino_heterogeneous_loss.png C:\Ali Computation\pinn\code\heterogeneous\pino_heterogeneous\results\exp_W3b_ramp_K100_N500_z1to5_default_float64\pino_heterogeneous_model.pt
COMSOL validation: 81 media -> C:\Ali Computation\pinn\code\heterogeneous\pino_heterogeneous\results\exp_W3b_ramp_K100_N500_z1to5_default_float64\comsol_validation  (x* collocation n=86)

COMSOL vs PINO:   0%|          | 0/81 [00:00<?, ?it/s]
COMSOL vs PINO:   1%|          | 1/81 [00:01<01:24,  1.06s/it]
COMSOL vs PINO:   2%|▏         | 2/81 [00:02<01:20,  1.02s/it]
COMSOL vs PINO:   4%|▎         | 3/81 [00:03<01:18,  1.00s/it]
COMSOL vs PINO:   5%|▍         | 4/81 [00:04<01:18,  1.03s/it]
COMSOL vs PINO:   6%|▌         | 5/81 [00:05<01:24,  1.12s/it]
COMSOL vs PINO:   7%|▋         | 6/81 [00:06<01:21,  1.08s/it]
COMSOL vs PINO:   9%|▊         | 7/81 [00:07<01:17,  1.05s/it]
COMSOL vs PINO:  10%|▉         | 8/81 [00:08<01:15,  1.03s/it]
COMSOL vs PINO:  11%|█         | 9/81 [00:09<01:14,  1.03s/it]
COMSOL vs PINO:  12%|█▏        | 10/81 [00:10<01:12,  1.02s/it]
COMSOL vs PINO:  14%|█▎        | 11/81 [00:11<01:11,  1.02s/it]
COMSOL vs PINO:  15%|█▍        | 12/81 [00:12<01:09,  1.01s/it]
COMSOL vs PINO:  16%|█▌        | 13/81 [00:13<01:08,  1.01s/it]
COMSOL vs PINO:  17%|█▋        | 14/81 [00:14<01:07,  1.01s/it]
COMSOL vs PINO:  19%|█▊        | 15/81 [00:15<01:06,  1.01s/it]
COMSOL vs PINO:  20%|█▉        | 16/81 [00:16<01:05,  1.01s/it]
COMSOL vs PINO:  21%|██        | 17/81 [00:17<01:04,  1.01s/it]
COMSOL vs PINO:  22%|██▏       | 18/81 [00:18<01:08,  1.09s/it]
COMSOL vs PINO:  23%|██▎       | 19/81 [00:19<01:06,  1.07s/it]
COMSOL vs PINO:  25%|██▍       | 20/81 [00:20<01:04,  1.06s/it]
COMSOL vs PINO:  26%|██▌       | 21/81 [00:21<01:03,  1.06s/it]
COMSOL vs PINO:  27%|██▋       | 22/81 [00:22<01:01,  1.04s/it]
COMSOL vs PINO:  28%|██▊       | 23/81 [00:23<00:59,  1.03s/it]
COMSOL vs PINO:  30%|██▉       | 24/81 [00:24<00:58,  1.02s/it]
COMSOL vs PINO:  31%|███       | 25/81 [00:25<00:57,  1.02s/it]
COMSOL vs PINO:  32%|███▏      | 26/81 [00:26<00:55,  1.02s/it]
COMSOL vs PINO:  33%|███▎      | 27/81 [00:27<00:54,  1.02s/it]
COMSOL vs PINO:  35%|███▍      | 28/81 [00:28<00:53,  1.01s/it]
COMSOL vs PINO:  36%|███▌      | 29/81 [00:29<00:52,  1.01s/it]
COMSOL vs PINO:  37%|███▋      | 30/81 [00:31<00:53,  1.04s/it]
COMSOL vs PINO:  38%|███▊      | 31/81 [00:32<00:52,  1.04s/it]
COMSOL vs PINO:  40%|███▉      | 32/81 [00:33<00:56,  1.15s/it]
COMSOL vs PINO:  41%|████      | 33/81 [00:34<00:53,  1.11s/it]
COMSOL vs PINO:  42%|████▏     | 34/81 [00:35<00:50,  1.08s/it]
COMSOL vs PINO:  43%|████▎     | 35/81 [00:36<00:48,  1.06s/it]
COMSOL vs PINO:  44%|████▍     | 36/81 [00:37<00:47,  1.05s/it]
COMSOL vs PINO:  46%|████▌     | 37/81 [00:38<00:45,  1.04s/it]
COMSOL vs PINO:  47%|████▋     | 38/81 [00:39<00:44,  1.03s/it]
COMSOL vs PINO:  48%|████▊     | 39/81 [00:40<00:42,  1.02s/it]
COMSOL vs PINO:  49%|████▉     | 40/81 [00:41<00:41,  1.01s/it]
COMSOL vs PINO:  51%|█████     | 41/81 [00:42<00:40,  1.01s/it]
COMSOL vs PINO:  52%|█████▏    | 42/81 [00:43<00:39,  1.01s/it]
COMSOL vs PINO:  53%|█████▎    | 43/81 [00:44<00:38,  1.01s/it]
COMSOL vs PINO:  54%|█████▍    | 44/81 [00:45<00:37,  1.01s/it]
COMSOL vs PINO:  56%|█████▌    | 45/81 [00:46<00:36,  1.01s/it]
COMSOL vs PINO:  57%|█████▋    | 46/81 [00:47<00:38,  1.10s/it]
COMSOL vs PINO:  58%|█████▊    | 47/81 [00:48<00:36,  1.07s/it]
COMSOL vs PINO:  59%|█████▉    | 48/81 [00:49<00:34,  1.05s/it]
COMSOL vs PINO:  60%|██████    | 49/81 [00:50<00:33,  1.04s/it]
COMSOL vs PINO:  62%|██████▏   | 50/81 [00:51<00:31,  1.03s/it]
COMSOL vs PINO:  63%|██████▎   | 51/81 [00:52<00:30,  1.02s/it]
COMSOL vs PINO:  64%|██████▍   | 52/81 [00:53<00:29,  1.03s/it]
COMSOL vs PINO:  65%|██████▌   | 53/81 [00:54<00:28,  1.03s/it]
COMSOL vs PINO:  67%|██████▋   | 54/81 [00:55<00:27,  1.02s/it]
COMSOL vs PINO:  68%|██████▊   | 55/81 [00:56<00:26,  1.01s/it]
COMSOL vs PINO:  69%|██████▉   | 56/81 [00:57<00:25,  1.01s/it]
COMSOL vs PINO:  70%|███████   | 57/81 [00:58<00:24,  1.01s/it]
COMSOL vs PINO:  72%|███████▏  | 58/81 [01:00<00:23,  1.01s/it]
COMSOL vs PINO:  73%|███████▎  | 59/81 [01:01<00:24,  1.10s/it]
COMSOL vs PINO:  74%|███████▍  | 60/81 [01:02<00:22,  1.09s/it]
COMSOL vs PINO:  75%|███████▌  | 61/81 [01:03<00:21,  1.07s/it]
COMSOL vs PINO:  77%|███████▋  | 62/81 [01:04<00:20,  1.05s/it]
COMSOL vs PINO:  78%|███████▊  | 63/81 [01:05<00:18,  1.05s/it]
COMSOL vs PINO:  79%|███████▉  | 64/81 [01:06<00:17,  1.04s/it]
COMSOL vs PINO:  80%|████████  | 65/81 [01:07<00:16,  1.03s/it]
COMSOL vs PINO:  81%|████████▏ | 66/81 [01:08<00:15,  1.03s/it]
COMSOL vs PINO:  83%|████████▎ | 67/81 [01:09<00:14,  1.02s/it]
COMSOL vs PINO:  84%|████████▍ | 68/81 [01:10<00:13,  1.02s/it]
COMSOL vs PINO:  85%|████████▌ | 69/81 [01:11<00:12,  1.02s/it]
COMSOL vs PINO:  86%|████████▋ | 70/81 [01:12<00:11,  1.02s/it]
COMSOL vs PINO:  88%|████████▊ | 71/81 [01:13<00:10,  1.02s/it]
COMSOL vs PINO:  89%|████████▉ | 72/81 [01:14<00:09,  1.02s/it]
COMSOL vs PINO:  90%|█████████ | 73/81 [01:15<00:08,  1.11s/it]
COMSOL vs PINO:  91%|█████████▏| 74/81 [01:16<00:07,  1.09s/it]
COMSOL vs PINO:  93%|█████████▎| 75/81 [01:17<00:06,  1.07s/it]
COMSOL vs PINO:  94%|█████████▍| 76/81 [01:18<00:05,  1.05s/it]
COMSOL vs PINO:  95%|█████████▌| 77/81 [01:19<00:04,  1.04s/it]
COMSOL vs PINO:  96%|█████████▋| 78/81 [01:21<00:03,  1.03s/it]
COMSOL vs PINO:  98%|█████████▊| 79/81 [01:22<00:02,  1.03s/it]
COMSOL vs PINO:  99%|█████████▉| 80/81 [01:23<00:01,  1.02s/it]
COMSOL vs PINO: 100%|██████████| 81/81 [01:24<00:00,  1.02s/it]
COMSOL vs PINO: 100%|██████████| 81/81 [01:24<00:00,  1.04s/it]
COMSOL validation summary: n=81  mean=3.480690e-02  max=7.311773e-02  min=1.197697e-02
Wrote C:\Ali Computation\pinn\code\heterogeneous\pino_heterogeneous\results\exp_W3b_ramp_K100_N500_z1to5_default_float64\comsol_validation\comsol_validation_summary.csv
Run metadata: C:\Ali Computation\pinn\code\heterogeneous\pino_heterogeneous\results\exp_W3b_ramp_K100_N500_z1to5_default_float64\run_meta.json
Wall-clock train: 13385.3 s
Wall-clock validation: 84.1 s
Wall-clock total: 13481.8 s  device=cuda

# exit 0 after 3:44:49.557340
