# code/heterogeneous/pino_heterogeneous/pinn1d_heterogeneous_parametric_neural_operator.py --design grf --branch-mode zone9 --n-sensors 0 --n-grf 0 --n-piecewise-per-zones 50 --piecewise-zone-counts 1,2,3,4,5 --min-zone-frac 0.1 --arch default --dtype float64 --early-stop-patience 150 --lr-lbfgs 0.1 --lbfgs-max-iter 20 --epochs 1000 --out-dir results/exp_W4_zone9_K0_N250_z1to5_default_float64_lbfgs1000_maxiter20
# started 2026-07-01 10:13:38
# cwd C:\Ali Computation\pinn\code\heterogeneous\pino_heterogeneous

Using GPU: NVIDIA GeForce RTX 3090 (cuda:0, dtype=torch.float64)
PE (computed) = 0.010368
design=grf  media_mode=grf  branch_mode=zone9  optimizer=lbfgs  n_train_requested=250  n_corner_anchors=16  arch=default  batch_mode=True
branch=[10, 16, 16, 32]  trunk=[2, 32, 32, 32, 32]
results_dir=C:\Ali Computation\pinn\code\heterogeneous\pino_heterogeneous\results\exp_W4_zone9_K0_N250_z1to5_default_float64_lbfgs1000_maxiter20
Training: 250 piecewise (50, 50, 50, 50, 50 for zones [1, 2, 3, 4, 5]), min_zone_frac=0.1 = 250 total; branch_mode=zone9, K=2 sensors, grid_n=201
  saved/loaded: C:\Ali Computation\pinn\code\heterogeneous\pino_heterogeneous\results\exp_W4_zone9_K0_N250_z1to5_default_float64_lbfgs1000_maxiter20\train_grf_cases.npz
  branch CFL range [0.122008, 0.599262]
PDE mesh: bulk 50x50x250 (no interface bands in GRF mode)
COMSOL validation: 81 fixed grid cases from comsol_4zones.txt -> C:\Ali Computation\pinn\code\heterogeneous\pino_heterogeneous\results\exp_W4_zone9_K0_N250_z1to5_default_float64_lbfgs1000_maxiter20\comsol_validation
run_training=True  run_comsol_validation=True  validate_only=False  skip_validation_plots=False
L-BFGS early stopping: patience=150 (max steps=1000)
L-BFGS: lr=0.1  max_iter=20  outer_steps=1000
PDE collocation points: 625,000 (bulk 625,000, interface 0)
Collocation mesh plot (pre-train): C:\Ali Computation\pinn\code\heterogeneous\pino_heterogeneous\results\exp_W4_zone9_K0_N250_z1to5_default_float64_lbfgs1000_maxiter20\pino_heterogeneous_collocation_points.png
LBFGS (
Parameter Group 0
    history_size: 50
    line_search_fn: strong_wolfe
    lr: 0.1
    max_eval: 25
    max_iter: 20
    tolerance_change: 1e-09
    tolerance_grad: 1e-07
)
Early stopping: patience=150 L-BFGS steps (no total-loss improvement, rtol=1e-12)

L-BFGS:   0%|          | 0/1000 [? > 00:00]
L-BFGS:   0%|          | 1/1000 [1:57:19 > 00:07]
L-BFGS:   0%|          | 2/1000 [1:55:07 > 00:13]
L-BFGS:   0%|          | 3/1000 [1:52:46 > 00:20]
L-BFGS:   0%|          | 4/1000 [1:52:17 > 00:27]
L-BFGS:   0%|          | 5/1000 [1:52:25 > 00:34]
L-BFGS:   1%|          | 6/1000 [1:52:03 > 00:40]
L-BFGS:   1%|          | 7/1000 [1:53:23 > 00:47]
L-BFGS:   1%|          | 8/1000 [1:52:45 > 00:54]
L-BFGS:   1%|          | 9/1000 [1:52:23 > 01:01]
L-BFGS:   1%|          | 10/1000 [1:52:12 > 01:08]
L-BFGS:   1%|          | 11/1000 [1:51:48 > 01:14]
L-BFGS:   1%|          | 12/1000 [1:51:45 > 01:21]
L-BFGS:   1%|▏         | 13/1000 [1:50:47 > 01:28]
L-BFGS:   1%|▏         | 14/1000 [1:50:53 > 01:35]
L-BFGS:   2%|▏         | 15/1000 [1:52:25 > 01:42]
L-BFGS:   2%|▏         | 16/1000 [1:51:57 > 01:48]
L-BFGS:   2%|▏         | 17/1000 [1:51:39 > 01:55]
L-BFGS:   2%|▏         | 18/1000 [1:51:31 > 02:02]
L-BFGS:   2%|▏         | 19/1000 [1:51:23 > 02:09]
L-BFGS:   2%|▏         | 20/1000 [1:51:26 > 02:16]
L-BFGS:   2%|▏         | 21/1000 [1:51:08 > 02:22]
L-BFGS:   2%|▏         | 22/1000 [1:51:10 > 02:29]
L-BFGS:   2%|▏         | 23/1000 [1:50:49 > 02:36]
L-BFGS:   2%|▏         | 24/1000 [1:52:04 > 02:43]
L-BFGS:   2%|▎         | 25/1000 [1:51:41 > 02:50]
L-BFGS:   3%|▎         | 26/1000 [1:51:15 > 02:57]
L-BFGS:   3%|▎         | 27/1000 [1:52:21 > 03:04]
L-BFGS:   3%|▎         | 28/1000 [1:53:06 > 03:11]
L-BFGS:   3%|▎         | 29/1000 [1:53:28 > 03:18]
L-BFGS:   3%|▎         | 30/1000 [1:52:34 > 03:25]
L-BFGS:   3%|▎         | 31/1000 [1:51:49 > 03:32]
L-BFGS:   3%|▎         | 32/1000 [1:51:10 > 03:39]
L-BFGS:   3%|▎         | 33/1000 [1:50:45 > 03:45]
L-BFGS:   3%|▎         | 34/1000 [1:51:31 > 03:52]
L-BFGS:   4%|▎         | 35/1000 [1:51:59 > 04:00]
L-BFGS:   4%|▎         | 36/1000 [1:52:30 > 04:07]
L-BFGS:   4%|▎         | 37/1000 [1:51:32 > 04:13]
L-BFGS:   4%|▍         | 38/1000 [1:51:53 > 04:20]
L-BFGS:   4%|▍         | 39/1000 [1:52:18 > 04:28]
L-BFGS:   4%|▍         | 40/1000 [1:51:20 > 04:34]
L-BFGS:   4%|▍         | 41/1000 [1:51:46 > 04:41]
L-BFGS:   4%|▍         | 42/1000 [1:50:44 > 04:48]
L-BFGS:   4%|▍         | 43/1000 [1:51:22 > 04:55]
L-BFGS:   4%|▍         | 44/1000 [1:50:21 > 05:02]
L-BFGS:   4%|▍         | 45/1000 [1:50:55 > 05:09]
L-BFGS:   5%|▍         | 46/1000 [1:49:57 > 05:16]
L-BFGS:   5%|▍         | 47/1000 [1:49:18 > 05:23]
L-BFGS:   5%|▍         | 48/1000 [1:48:47 > 05:30]
L-BFGS:   5%|▍         | 49/1000 [1:49:44 > 05:37]
L-BFGS:   5%|▌         | 50/1000 [1:49:07 > 05:44]
L-BFGS:   5%|▌         | 51/1000 [1:43:55 > 05:49]
L-BFGS:   5%|▌         | 52/1000 [1:45:06 > 05:56]
L-BFGS:   5%|▌         | 53/1000 [1:46:57 > 06:03]
L-BFGS:   5%|▌         | 54/1000 [1:46:52 > 06:10]
L-BFGS:   6%|▌         | 55/1000 [1:48:12 > 06:17]
L-BFGS:   6%|▌         | 56/1000 [1:47:52 > 06:24]
L-BFGS:   6%|▌         | 57/1000 [1:47:32 > 06:31]
L-BFGS:   6%|▌         | 58/1000 [1:48:28 > 06:38]
L-BFGS:   6%|▌         | 59/1000 [1:47:54 > 06:45]
L-BFGS:   6%|▌         | 60/1000 [1:47:27 > 06:51]
L-BFGS:   6%|▌         | 61/1000 [1:47:12 > 06:58]
L-BFGS:   6%|▌         | 62/1000 [1:48:19 > 07:05]
L-BFGS:   6%|▋         | 63/1000 [1:47:43 > 07:12]
L-BFGS:   6%|▋         | 64/1000 [1:47:27 > 07:19]
L-BFGS:   6%|▋         | 65/1000 [1:47:00 > 07:26]
L-BFGS:   7%|▋         | 66/1000 [1:46:47 > 07:33]
L-BFGS:   7%|▋         | 67/1000 [1:47:42 > 07:40]
L-BFGS:   7%|▋         | 68/1000 [1:48:18 > 07:47]
L-BFGS:   7%|▋         | 69/1000 [1:47:31 > 07:54]
L-BFGS:   7%|▋         | 70/1000 [1:46:56 > 08:01]
L-BFGS:   7%|▋         | 71/1000 [1:47:46 > 08:08]
L-BFGS:   7%|▋         | 72/1000 [1:48:29 > 08:15]
L-BFGS:   7%|▋         | 73/1000 [1:47:23 > 08:22]
L-BFGS:   7%|▋         | 74/1000 [1:46:39 > 08:28]
L-BFGS:   8%|▊         | 75/1000 [1:46:01 > 08:35]
L-BFGS:   8%|▊         | 76/1000 [1:47:01 > 08:42]
L-BFGS:   8%|▊         | 77/1000 [1:46:17 > 08:49]
L-BFGS:   8%|▊         | 78/1000 [1:46:59 > 08:56]
L-BFGS:   8%|▊         | 79/1000 [1:46:17 > 09:03]
L-BFGS:   8%|▊         | 80/1000 [1:45:34 > 09:10]
L-BFGS:   8%|▊         | 81/1000 [1:45:00 > 09:17]
L-BFGS:   8%|▊         | 82/1000 [1:45:57 > 09:24]
L-BFGS:   8%|▊         | 83/1000 [1:45:16 > 09:31]
L-BFGS:   8%|▊         | 84/1000 [1:45:53 > 09:38]
L-BFGS:   8%|▊         | 85/1000 [1:45:08 > 09:44]
L-BFGS:   9%|▊         | 86/1000 [1:44:35 > 09:51]
L-BFGS:   9%|▊         | 87/1000 [1:44:07 > 09:58]
L-BFGS:   9%|▉         | 88/1000 [1:43:50 > 10:05]
L-BFGS:   9%|▉         | 89/1000 [1:44:50 > 10:12]
L-BFGS:   9%|▉         | 90/1000 [1:44:17 > 10:19]
L-BFGS:   9%|▉         | 91/1000 [1:43:47 > 10:25]
L-BFGS:   9%|▉         | 92/1000 [1:44:37 > 10:33]
L-BFGS:   9%|▉         | 93/1000 [1:43:57 > 10:39]
L-BFGS:   9%|▉         | 94/1000 [1:44:40 > 10:46]
L-BFGS:  10%|▉         | 95/1000 [1:45:09 > 10:53]
L-BFGS:  10%|▉         | 96/1000 [1:45:32 > 11:01]
L-BFGS:  10%|▉         | 97/1000 [1:45:41 > 11:08]
L-BFGS:  10%|▉         | 98/1000 [1:45:44 > 11:15]
L-BFGS:  10%|▉         | 99/1000 [1:45:44 > 11:22]
L-BFGS:  10%|█         | 100/1000 [1:45:46 > 11:29]
L-BFGS:  10%|█         | 101/1000 [1:45:41 > 11:36]
L-BFGS:  10%|█         | 102/1000 [1:44:28 > 11:43]
L-BFGS:  10%|█         | 103/1000 [1:43:35 > 11:49]
L-BFGS:  10%|█         | 104/1000 [1:44:07 > 11:57]
L-BFGS:  10%|█         | 105/1000 [1:43:25 > 12:03]
L-BFGS:  11%|█         | 106/1000 [1:42:41 > 12:10]
L-BFGS:  11%|█         | 107/1000 [1:43:26 > 12:17]
L-BFGS:  11%|█         | 108/1000 [1:42:43 > 12:24]
L-BFGS:  11%|█         | 109/1000 [1:42:21 > 12:31]
L-BFGS:  11%|█         | 110/1000 [1:41:54 > 12:38]
L-BFGS:  11%|█         | 111/1000 [1:42:42 > 12:45]
L-BFGS:  11%|█         | 112/1000 [1:43:10 > 12:52]
L-BFGS:  11%|█▏        | 113/1000 [1:43:31 > 12:59]
L-BFGS:  11%|█▏        | 114/1000 [1:43:50 > 13:06]
L-BFGS:  12%|█▏        | 115/1000 [1:42:46 > 13:13]
L-BFGS:  12%|█▏        | 116/1000 [1:43:14 > 13:20]
L-BFGS:  12%|█▏        | 117/1000 [1:43:24 > 13:27]
L-BFGS:  12%|█▏        | 118/1000 [1:42:21 > 13:34]
L-BFGS:  12%|█▏        | 119/1000 [1:41:43 > 13:41]
L-BFGS:  12%|█▏        | 120/1000 [1:42:14 > 13:48]
L-BFGS:  12%|█▏        | 121/1000 [1:41:27 > 13:55]
L-BFGS:  12%|█▏        | 122/1000 [1:41:59 > 14:02]
L-BFGS:  12%|█▏        | 123/1000 [1:41:10 > 14:08]
L-BFGS:  12%|█▏        | 124/1000 [1:40:32 > 14:15]
L-BFGS:  12%|█▎        | 125/1000 [1:41:07 > 14:22]
L-BFGS:  13%|█▎        | 126/1000 [1:41:38 > 14:29]
L-BFGS:  13%|█▎        | 127/1000 [1:41:54 > 14:36]
L-BFGS:  13%|█▎        | 128/1000 [1:40:52 > 14:43]
L-BFGS:  13%|█▎        | 129/1000 [1:40:07 > 14:50]
L-BFGS:  13%|█▎        | 130/1000 [1:39:46 > 14:57]
L-BFGS:  13%|█▎        | 131/1000 [1:40:26 > 15:04]
L-BFGS:  13%|█▎        | 132/1000 [1:40:50 > 15:11]
L-BFGS:  13%|█▎        | 133/1000 [1:39:59 > 15:18]
L-BFGS:  13%|█▎        | 134/1000 [1:40:27 > 15:25]
L-BFGS:  14%|█▎        | 135/1000 [1:39:37 > 15:32]
L-BFGS:  14%|█▎        | 136/1000 [1:40:13 > 15:39]
L-BFGS:  14%|█▎        | 137/1000 [1:40:36 > 15:46]
L-BFGS:  14%|█▍        | 138/1000 [1:39:41 > 15:53]
L-BFGS:  14%|█▍        | 139/1000 [1:38:57 > 15:59]
L-BFGS:  14%|█▍        | 140/1000 [1:38:34 > 16:06]
L-BFGS:  14%|█▍        | 141/1000 [1:38:10 > 16:13]
L-BFGS:  14%|█▍        | 142/1000 [1:37:43 > 16:20]
L-BFGS:  14%|█▍        | 143/1000 [1:37:25 > 16:27]
L-BFGS:  14%|█▍        | 144/1000 [1:37:11 > 16:33]
L-BFGS:  14%|█▍        | 145/1000 [1:36:58 > 16:40]
L-BFGS:  15%|█▍        | 146/1000 [1:37:53 > 16:47]
L-BFGS:  15%|█▍        | 147/1000 [1:37:24 > 16:54]
L-BFGS:  15%|█▍        | 148/1000 [1:37:10 > 17:01]
L-BFGS:  15%|█▍        | 149/1000 [1:38:08 > 17:08]
L-BFGS:  15%|█▌        | 150/1000 [1:38:45 > 17:15]
L-BFGS:  15%|█▌        | 151/1000 [1:37:57 > 17:22]
L-BFGS:  15%|█▌        | 152/1000 [1:38:29 > 17:29]
L-BFGS:  15%|█▌        | 153/1000 [1:37:44 > 17:36]
L-BFGS:  15%|█▌        | 154/1000 [1:38:23 > 17:43]
L-BFGS:  16%|█▌        | 155/1000 [1:37:36 > 17:50]
L-BFGS:  16%|█▌        | 156/1000 [1:38:10 > 17:57]
L-BFGS:  16%|█▌        | 157/1000 [1:38:33 > 18:04]
L-BFGS:  16%|█▌        | 158/1000 [1:37:38 > 18:11]
L-BFGS:  16%|█▌        | 159/1000 [1:38:08 > 18:18]
L-BFGS:  16%|█▌        | 160/1000 [1:38:24 > 18:25]
L-BFGS:  16%|█▌        | 161/1000 [1:37:26 > 18:32]
L-BFGS:  16%|█▌        | 162/1000 [1:36:36 > 18:39]
L-BFGS:  16%|█▋        | 163/1000 [1:37:16 > 18:46]
L-BFGS:  16%|█▋        | 164/1000 [1:37:34 > 18:53]
L-BFGS:  16%|█▋        | 165/1000 [1:37:48 > 19:00]
L-BFGS:  17%|█▋        | 166/1000 [1:36:50 > 19:07]
L-BFGS:  17%|█▋        | 167/1000 [1:36:01 > 19:13]
L-BFGS:  17%|█▋        | 168/1000 [1:35:17 > 19:20]
L-BFGS:  17%|█▋        | 169/1000 [1:35:59 > 19:27]
L-BFGS:  17%|█▋        | 170/1000 [1:35:17 > 19:34]
L-BFGS:  17%|█▋        | 171/1000 [1:35:52 > 19:41]
L-BFGS:  17%|█▋        | 172/1000 [1:35:13 > 19:48]
L-BFGS:  17%|█▋        | 173/1000 [1:34:33 > 19:55]
L-BFGS:  17%|█▋        | 174/1000 [1:34:07 > 20:01]
L-BFGS:  18%|█▊        | 175/1000 [1:33:50 > 20:08]
L-BFGS:  18%|█▊        | 176/1000 [1:33:30 > 20:15]
L-BFGS:  18%|█▊        | 177/1000 [1:33:44 > 20:22]
L-BFGS:  18%|█▊        | 178/1000 [1:35:58 > 20:29]
L-BFGS:  18%|█▊        | 179/1000 [1:35:20 > 20:36]
L-BFGS:  18%|█▊        | 180/1000 [1:34:39 > 20:43]
L-BFGS:  18%|█▊        | 181/1000 [1:34:12 > 20:50]
L-BFGS:  18%|█▊        | 182/1000 [1:34:56 > 20:57]
L-BFGS:  18%|█▊        | 183/1000 [1:34:23 > 21:04]
L-BFGS:  18%|█▊        | 184/1000 [1:33:58 > 21:11]
L-BFGS:  18%|█▊        | 185/1000 [1:33:39 > 21:18]
L-BFGS:  19%|█▊        | 186/1000 [1:33:16 > 21:24]
L-BFGS:  19%|█▊        | 187/1000 [1:32:56 > 21:31]
L-BFGS:  19%|█▉        | 188/1000 [1:33:51 > 21:38]
L-BFGS:  19%|█▉        | 189/1000 [1:33:54 > 21:45]
L-BFGS:  19%|█▉        | 190/1000 [1:33:54 > 21:52]
L-BFGS:  19%|█▉        | 191/1000 [1:33:55 > 21:59]
L-BFGS:  19%|█▉        | 192/1000 [1:34:55 > 22:07]
L-BFGS:  19%|█▉        | 193/1000 [1:35:39 > 22:14]
L-BFGS:  19%|█▉        | 194/1000 [1:34:58 > 22:21]
L-BFGS:  20%|█▉        | 195/1000 [1:34:29 > 22:28]
L-BFGS:  20%|█▉        | 196/1000 [1:34:06 > 22:35]
L-BFGS:  20%|█▉        | 197/1000 [1:34:04 > 22:42]
L-BFGS:  20%|█▉        | 198/1000 [1:33:46 > 22:49]
L-BFGS:  20%|█▉        | 199/1000 [1:34:19 > 22:56]
L-BFGS:  20%|██        | 200/1000 [1:33:17 > 23:03]
L-BFGS:  20%|██        | 201/1000 [1:32:32 > 23:10]
L-BFGS:  20%|██        | 202/1000 [1:31:59 > 23:16]
L-BFGS:  20%|██        | 203/1000 [1:31:29 > 23:23]
L-BFGS:  20%|██        | 204/1000 [1:31:08 > 23:30]
L-BFGS:  20%|██        | 205/1000 [1:30:51 > 23:37]
L-BFGS:  21%|██        | 206/1000 [1:30:41 > 23:44]
L-BFGS:  21%|██        | 207/1000 [1:30:34 > 23:51]
L-BFGS:  21%|██        | 208/1000 [1:31:27 > 23:58]
L-BFGS:  21%|██        | 209/1000 [1:30:55 > 24:05]
L-BFGS:  21%|██        | 210/1000 [1:30:30 > 24:11]
L-BFGS:  21%|██        | 211/1000 [1:31:22 > 24:18]
L-BFGS:  21%|██        | 212/1000 [1:31:51 > 24:26]
L-BFGS:  21%|██▏       | 213/1000 [1:32:09 > 24:33]
L-BFGS:  21%|██▏       | 214/1000 [1:31:20 > 24:40]
L-BFGS:  22%|██▏       | 215/1000 [1:30:39 > 24:46]
L-BFGS:  22%|██▏       | 216/1000 [1:31:12 > 24:53]
L-BFGS:  22%|██▏       | 217/1000 [1:30:33 > 25:00]
L-BFGS:  22%|██▏       | 218/1000 [1:30:10 > 25:07]
L-BFGS:  22%|██▏       | 219/1000 [1:30:20 > 25:14]
L-BFGS:  22%|██▏       | 220/1000 [1:31:32 > 25:21]
L-BFGS:  22%|██▏       | 221/1000 [1:31:09 > 25:28]
L-BFGS:  22%|██▏       | 222/1000 [1:32:00 > 25:36]
L-BFGS:  22%|██▏       | 223/1000 [1:32:30 > 25:43]
L-BFGS:  22%|██▏       | 224/1000 [1:31:44 > 25:50]
L-BFGS:  22%|██▎       | 225/1000 [1:32:18 > 25:57]
L-BFGS:  23%|██▎       | 226/1000 [1:31:37 > 26:04]
L-BFGS:  23%|██▎       | 227/1000 [1:31:02 > 26:11]
L-BFGS:  23%|██▎       | 228/1000 [1:30:41 > 26:18]
L-BFGS:  23%|██▎       | 229/1000 [1:29:50 > 26:25]
L-BFGS:  23%|██▎       | 230/1000 [1:29:06 > 26:32]
L-BFGS:  23%|██▎       | 231/1000 [1:29:36 > 26:39]
L-BFGS:  23%|██▎       | 232/1000 [1:29:54 > 26:46]
L-BFGS:  23%|██▎       | 233/1000 [1:29:02 > 26:53]
L-BFGS:  23%|██▎       | 234/1000 [1:29:26 > 27:00]
L-BFGS:  24%|██▎       | 235/1000 [1:28:39 > 27:07]
L-BFGS:  24%|██▎       | 236/1000 [1:28:02 > 27:14]
L-BFGS:  24%|██▎       | 237/1000 [1:28:38 > 27:21]
L-BFGS:  24%|██▍       | 238/1000 [1:29:04 > 27:28]
L-BFGS:  24%|██▍       | 239/1000 [1:29:20 > 27:35]
L-BFGS:  24%|██▍       | 240/1000 [1:28:21 > 27:42]
L-BFGS:  24%|██▍       | 241/1000 [1:27:47 > 27:49]
L-BFGS:  24%|██▍       | 242/1000 [1:28:18 > 27:56]
L-BFGS:  24%|██▍       | 243/1000 [1:27:36 > 28:03]
L-BFGS:  24%|██▍       | 244/1000 [1:28:02 > 28:10]
L-BFGS:  24%|██▍       | 245/1000 [1:27:19 > 28:17]
L-BFGS:  25%|██▍       | 246/1000 [1:27:50 > 28:24]
L-BFGS:  25%|██▍       | 247/1000 [1:27:13 > 28:30]
L-BFGS:  25%|██▍       | 248/1000 [1:26:59 > 28:37]
L-BFGS:  25%|██▍       | 249/1000 [1:28:03 > 28:45]
L-BFGS:  25%|██▌       | 250/1000 [1:28:49 > 28:52]
L-BFGS:  25%|██▌       | 251/1000 [1:29:13 > 28:59]
L-BFGS:  25%|██▌       | 252/1000 [1:29:31 > 29:06]
L-BFGS:  25%|██▌       | 253/1000 [1:28:36 > 29:13]
L-BFGS:  25%|██▌       | 254/1000 [1:27:56 > 29:20]
L-BFGS:  26%|██▌       | 255/1000 [1:28:35 > 29:28]
L-BFGS:  26%|██▌       | 256/1000 [1:27:54 > 29:35]
L-BFGS:  26%|██▌       | 257/1000 [1:27:26 > 29:42]
L-BFGS:  26%|██▌       | 258/1000 [1:26:55 > 29:49]
L-BFGS:  26%|██▌       | 259/1000 [1:27:09 > 29:56]
L-BFGS:  26%|██▌       | 260/1000 [1:26:12 > 30:03]
L-BFGS:  26%|██▌       | 261/1000 [1:25:29 > 30:09]
L-BFGS:  26%|██▌       | 262/1000 [1:24:57 > 30:16]
L-BFGS:  26%|██▋       | 263/1000 [1:24:38 > 30:23]
L-BFGS:  26%|██▋       | 264/1000 [1:24:13 > 30:30]
L-BFGS:  26%|██▋       | 265/1000 [1:24:00 > 30:37]
L-BFGS:  27%|██▋       | 266/1000 [1:24:47 > 30:44]
L-BFGS:  27%|██▋       | 267/1000 [1:24:14 > 30:51]
L-BFGS:  27%|██▋       | 268/1000 [1:23:54 > 30:57]
L-BFGS:  27%|██▋       | 269/1000 [1:23:36 > 31:04]
L-BFGS:  27%|██▋       | 270/1000 [1:23:24 > 31:11]
L-BFGS:  27%|██▋       | 271/1000 [1:23:08 > 31:18]
L-BFGS:  27%|██▋       | 272/1000 [1:23:57 > 31:25]
L-BFGS:  27%|██▋       | 273/1000 [1:23:31 > 31:32]
L-BFGS:  27%|██▋       | 274/1000 [1:23:10 > 31:39]
L-BFGS:  28%|██▊       | 275/1000 [1:23:49 > 31:46]
L-BFGS:  28%|██▊       | 276/1000 [1:23:19 > 31:53]
L-BFGS:  28%|██▊       | 277/1000 [1:22:58 > 31:59]
L-BFGS:  28%|██▊       | 278/1000 [1:24:11 > 32:07]
L-BFGS:  28%|██▊       | 279/1000 [1:23:58 > 32:14]
L-BFGS:  28%|██▊       | 280/1000 [1:24:48 > 32:21]
L-BFGS:  28%|██▊       | 281/1000 [1:24:20 > 32:28]
L-BFGS:  28%|██▊       | 282/1000 [1:24:10 > 32:35]
L-BFGS:  28%|██▊       | 283/1000 [1:23:49 > 32:42]
L-BFGS:  28%|██▊       | 284/1000 [1:24:41 > 32:49]
L-BFGS:  28%|██▊       | 285/1000 [1:24:14 > 32:56]
L-BFGS:  29%|██▊       | 286/1000 [1:23:47 > 33:03]
L-BFGS:  29%|██▊       | 287/1000 [1:23:26 > 33:10]
L-BFGS:  29%|██▉       | 288/1000 [1:22:58 > 33:17]
L-BFGS:  29%|██▉       | 289/1000 [1:22:16 > 33:24]
L-BFGS:  29%|██▉       | 290/1000 [1:21:43 > 33:31]
L-BFGS:  29%|██▉       | 291/1000 [1:22:17 > 33:38]
L-BFGS:  29%|██▉       | 292/1000 [1:21:46 > 33:45]
L-BFGS:  29%|██▉       | 293/1000 [1:22:15 > 33:52]
L-BFGS:  29%|██▉       | 294/1000 [1:21:38 > 33:59]
L-BFGS:  30%|██▉       | 295/1000 [1:21:05 > 34:05]
L-BFGS:  30%|██▉       | 296/1000 [1:20:42 > 34:12]
L-BFGS:  30%|██▉       | 297/1000 [1:21:27 > 34:19]
L-BFGS:  30%|██▉       | 298/1000 [1:20:58 > 34:26]
L-BFGS:  30%|██▉       | 299/1000 [1:21:27 > 34:33]
L-BFGS:  30%|███       | 300/1000 [1:21:43 > 34:40]
L-BFGS:  30%|███       | 301/1000 [1:20:56 > 34:47]
L-BFGS:  30%|███       | 302/1000 [1:20:21 > 34:54]
L-BFGS:  30%|███       | 303/1000 [1:20:10 > 35:01]
L-BFGS:  30%|███       | 304/1000 [1:20:55 > 35:08]
L-BFGS:  30%|███       | 305/1000 [1:20:23 > 35:15]
L-BFGS:  31%|███       | 306/1000 [1:20:55 > 35:22]
L-BFGS:  31%|███       | 307/1000 [1:21:20 > 35:29]
L-BFGS:  31%|███       | 308/1000 [1:20:53 > 35:36]
L-BFGS:  31%|███       | 309/1000 [1:20:21 > 35:43]
L-BFGS:  31%|███       | 310/1000 [1:19:53 > 35:50]
L-BFGS:  31%|███       | 311/1000 [1:20:31 > 35:57]
L-BFGS:  31%|███       | 312/1000 [1:20:58 > 36:04]
L-BFGS:  31%|███▏      | 313/1000 [1:20:16 > 36:11]
L-BFGS:  31%|███▏      | 314/1000 [1:19:51 > 36:18]
L-BFGS:  32%|███▏      | 315/1000 [1:20:39 > 36:25]
L-BFGS:  32%|███▏      | 316/1000 [1:21:04 > 36:33]
L-BFGS:  32%|███▏      | 317/1000 [1:20:14 > 36:39]
L-BFGS:  32%|███▏      | 318/1000 [1:19:33 > 36:46]
L-BFGS:  32%|███▏      | 319/1000 [1:18:59 > 36:53]
L-BFGS:  32%|███▏      | 320/1000 [1:19:32 > 37:00]
L-BFGS:  32%|███▏      | 321/1000 [1:19:52 > 37:07]
L-BFGS:  32%|███▏      | 322/1000 [1:19:11 > 37:14]
L-BFGS:  32%|███▏      | 323/1000 [1:19:31 > 37:22]
L-BFGS:  32%|███▏      | 324/1000 [1:19:41 > 37:29]
L-BFGS:  32%|███▎      | 325/1000 [1:19:41 > 37:36]
L-BFGS:  33%|███▎      | 326/1000 [1:18:46 > 37:43]
L-BFGS:  33%|███▎      | 327/1000 [1:19:06 > 37:50]
L-BFGS:  33%|███▎      | 328/1000 [1:19:18 > 37:57]
L-BFGS:  33%|███▎      | 329/1000 [1:18:35 > 38:04]
L-BFGS:  33%|███▎      | 330/1000 [1:18:45 > 38:11]
L-BFGS:  33%|███▎      | 331/1000 [1:17:58 > 38:18]
L-BFGS:  33%|███▎      | 332/1000 [1:18:17 > 38:25]
L-BFGS:  33%|███▎      | 333/1000 [1:17:29 > 38:32]
L-BFGS:  33%|███▎      | 334/1000 [1:17:56 > 38:39]
L-BFGS:  34%|███▎      | 335/1000 [1:17:16 > 38:46]
L-BFGS:  34%|███▎      | 336/1000 [1:16:50 > 38:53]
L-BFGS:  34%|███▎      | 337/1000 [1:16:25 > 38:59]
L-BFGS:  34%|███▍      | 338/1000 [1:16:09 > 39:06]
L-BFGS:  34%|███▍      | 339/1000 [1:15:56 > 39:13]
L-BFGS:  34%|███▍      | 340/1000 [1:15:45 > 39:20]
L-BFGS:  34%|███▍      | 341/1000 [1:16:27 > 39:27]
L-BFGS:  34%|███▍      | 342/1000 [1:16:13 > 39:34]
L-BFGS:  34%|███▍      | 343/1000 [1:16:02 > 39:41]
L-BFGS:  34%|███▍      | 344/1000 [1:15:47 > 39:48]
L-BFGS:  34%|███▍      | 345/1000 [1:16:28 > 39:55]
L-BFGS:  35%|███▍      | 346/1000 [1:15:59 > 40:02]
L-BFGS:  35%|███▍      | 347/1000 [1:15:35 > 40:09]
L-BFGS:  35%|███▍      | 348/1000 [1:15:14 > 40:16]
L-BFGS:  35%|███▍      | 349/1000 [1:14:58 > 40:23]
L-BFGS:  35%|███▌      | 350/1000 [1:14:58 > 40:30]
L-BFGS:  35%|███▌      | 351/1000 [1:15:02 > 40:37]
L-BFGS:  35%|███▌      | 352/1000 [1:14:58 > 40:44]
L-BFGS:  35%|███▌      | 353/1000 [1:14:53 > 40:50]
L-BFGS:  35%|███▌      | 354/1000 [1:15:45 > 40:58]
L-BFGS:  36%|███▌      | 355/1000 [1:16:13 > 41:05]
L-BFGS:  36%|███▌      | 356/1000 [1:15:16 > 41:12]
L-BFGS:  36%|███▌      | 357/1000 [1:15:06 > 41:19]
L-BFGS:  36%|███▌      | 358/1000 [1:15:08 > 41:26]
L-BFGS:  36%|███▌      | 359/1000 [1:14:29 > 41:33]
L-BFGS:  36%|███▌      | 360/1000 [1:13:57 > 41:40]
L-BFGS:  36%|███▌      | 361/1000 [1:14:26 > 41:47]
L-BFGS:  36%|███▌      | 362/1000 [1:14:45 > 41:54]
L-BFGS:  36%|███▋      | 363/1000 [1:14:05 > 42:01]
L-BFGS:  36%|███▋      | 364/1000 [1:14:23 > 42:08]
L-BFGS:  36%|███▋      | 365/1000 [1:14:37 > 42:15]
L-BFGS:  37%|███▋      | 366/1000 [1:13:46 > 42:22]
L-BFGS:  37%|███▋      | 367/1000 [1:13:11 > 42:29]
L-BFGS:  37%|███▋      | 368/1000 [1:12:46 > 42:35]
L-BFGS:  37%|███▋      | 369/1000 [1:13:19 > 42:43]
L-BFGS:  37%|███▋      | 370/1000 [1:12:46 > 42:49]
L-BFGS:  37%|███▋      | 371/1000 [1:13:13 > 42:56]
L-BFGS:  37%|███▋      | 372/1000 [1:13:30 > 43:04]
L-BFGS:  37%|███▋      | 373/1000 [1:12:49 > 43:10]
L-BFGS:  37%|███▋      | 374/1000 [1:12:21 > 43:17]
L-BFGS:  38%|███▊      | 375/1000 [1:12:21 > 43:24]
L-BFGS:  38%|███▊      | 376/1000 [1:13:02 > 43:31]
L-BFGS:  38%|███▊      | 377/1000 [1:12:44 > 43:38]
L-BFGS:  38%|███▊      | 378/1000 [1:12:04 > 43:45]
L-BFGS:  38%|███▊      | 379/1000 [1:11:40 > 43:52]
L-BFGS:  38%|███▊      | 380/1000 [1:12:16 > 43:59]
L-BFGS:  38%|███▊      | 381/1000 [1:11:56 > 44:06]
L-BFGS:  38%|███▊      | 382/1000 [1:12:18 > 44:13]
L-BFGS:  38%|███▊      | 383/1000 [1:12:59 > 44:21]
L-BFGS:  38%|███▊      | 384/1000 [1:12:29 > 44:28]
L-BFGS:  38%|███▊      | 385/1000 [1:12:06 > 44:35]
L-BFGS:  39%|███▊      | 386/1000 [1:11:50 > 44:42]
L-BFGS:  39%|███▊      | 387/1000 [1:12:14 > 44:49]
L-BFGS:  39%|███▉      | 388/1000 [1:11:20 > 44:56]
L-BFGS:  39%|███▉      | 389/1000 [1:11:33 > 45:03]
L-BFGS:  39%|███▉      | 390/1000 [1:11:40 > 45:10]
L-BFGS:  39%|███▉      | 391/1000 [1:10:52 > 45:17]
L-BFGS:  39%|███▉      | 392/1000 [1:10:23 > 45:23]
L-BFGS:  39%|███▉      | 393/1000 [1:10:45 > 45:31]
L-BFGS:  39%|███▉      | 394/1000 [1:11:01 > 45:38]
L-BFGS:  40%|███▉      | 395/1000 [1:11:10 > 45:45]
L-BFGS:  40%|███▉      | 396/1000 [1:10:26 > 45:52]
L-BFGS:  40%|███▉      | 397/1000 [1:09:56 > 45:58]
L-BFGS:  40%|███▉      | 398/1000 [1:09:23 > 46:05]
L-BFGS:  40%|███▉      | 399/1000 [1:09:07 > 46:12]
L-BFGS:  40%|████      | 400/1000 [1:08:50 > 46:19]
L-BFGS:  40%|████      | 401/1000 [1:08:35 > 46:26]
L-BFGS:  40%|████      | 402/1000 [1:09:10 > 46:33]
L-BFGS:  40%|████      | 403/1000 [1:09:35 > 46:40]
L-BFGS:  40%|████      | 404/1000 [1:08:59 > 46:47]
L-BFGS:  40%|████      | 405/1000 [1:09:23 > 46:54]
L-BFGS:  41%|████      | 406/1000 [1:09:00 > 47:01]
L-BFGS:  41%|████      | 407/1000 [1:09:47 > 47:08]
L-BFGS:  41%|████      | 408/1000 [1:09:24 > 47:15]
L-BFGS:  41%|████      | 409/1000 [1:09:07 > 47:22]
L-BFGS:  41%|████      | 410/1000 [1:08:57 > 47:29]
L-BFGS:  41%|████      | 411/1000 [1:09:39 > 47:36]
L-BFGS:  41%|████      | 412/1000 [1:10:03 > 47:44]
L-BFGS:  41%|████▏     | 413/1000 [1:10:17 > 47:51]
L-BFGS:  41%|████▏     | 414/1000 [1:10:26 > 47:58]
L-BFGS:  42%|████▏     | 415/1000 [1:09:41 > 48:05]
L-BFGS:  42%|████▏     | 416/1000 [1:09:05 > 48:12]
L-BFGS:  42%|████▏     | 417/1000 [1:08:58 > 48:19]
L-BFGS:  42%|████▏     | 418/1000 [1:08:03 > 48:26]
L-BFGS:  42%|████▏     | 419/1000 [1:07:27 > 48:33]
L-BFGS:  42%|████▏     | 420/1000 [1:06:56 > 48:40]
L-BFGS:  42%|████▏     | 421/1000 [1:06:31 > 48:47]
L-BFGS:  42%|████▏     | 422/1000 [1:07:06 > 48:54]
L-BFGS:  42%|████▏     | 423/1000 [1:06:40 > 49:01]
L-BFGS:  42%|████▏     | 424/1000 [1:07:01 > 49:08]
L-BFGS:  42%|████▎     | 425/1000 [1:06:30 > 49:15]
L-BFGS:  43%|████▎     | 426/1000 [1:06:52 > 49:22]
L-BFGS:  43%|████▎     | 427/1000 [1:07:06 > 49:29]
L-BFGS:  43%|████▎     | 428/1000 [1:06:27 > 49:36]
L-BFGS:  43%|████▎     | 429/1000 [1:06:45 > 49:43]
L-BFGS:  43%|████▎     | 430/1000 [1:06:54 > 49:50]
L-BFGS:  43%|████▎     | 431/1000 [1:06:17 > 49:57]
L-BFGS:  43%|████▎     | 432/1000 [1:05:43 > 50:04]
L-BFGS:  43%|████▎     | 433/1000 [1:06:06 > 50:11]
L-BFGS:  43%|████▎     | 434/1000 [1:05:33 > 50:18]
L-BFGS:  44%|████▎     | 435/1000 [1:05:58 > 50:25]
L-BFGS:  44%|████▎     | 436/1000 [1:05:51 > 50:32]
L-BFGS:  44%|████▎     | 437/1000 [1:06:25 > 50:39]
L-BFGS:  44%|████▍     | 438/1000 [1:06:02 > 50:46]
L-BFGS:  44%|████▍     | 439/1000 [1:06:34 > 50:53]
L-BFGS:  44%|████▍     | 440/1000 [1:06:06 > 51:00]
L-BFGS:  44%|████▍     | 441/1000 [1:05:41 > 51:07]
L-BFGS:  44%|████▍     | 442/1000 [1:05:23 > 51:14]
L-BFGS:  44%|████▍     | 443/1000 [1:05:54 > 51:21]
L-BFGS:  44%|████▍     | 444/1000 [1:06:14 > 51:29]
L-BFGS:  44%|████▍     | 445/1000 [1:06:27 > 51:36]
L-BFGS:  45%|████▍     | 446/1000 [1:06:15 > 51:43]
L-BFGS:  45%|████▍     | 447/1000 [1:05:09 > 51:50]
L-BFGS:  45%|████▍     | 448/1000 [1:04:22 > 51:57]
L-BFGS:  45%|████▍     | 449/1000 [1:04:33 > 52:04]
L-BFGS:  45%|████▌     | 450/1000 [1:04:41 > 52:11]
L-BFGS:  45%|████▌     | 451/1000 [1:03:55 > 52:18]
L-BFGS:  45%|████▌     | 452/1000 [1:03:26 > 52:25]
L-BFGS:  45%|████▌     | 453/1000 [1:03:52 > 52:32]
L-BFGS:  45%|████▌     | 454/1000 [1:03:18 > 52:39]
L-BFGS:  46%|████▌     | 455/1000 [1:03:35 > 52:46]
L-BFGS:  46%|████▌     | 456/1000 [1:03:49 > 52:53]
L-BFGS:  46%|████▌     | 457/1000 [1:03:56 > 53:00]
L-BFGS:  46%|████▌     | 458/1000 [1:03:54 > 53:07]
L-BFGS:  46%|████▌     | 459/1000 [1:03:51 > 53:14]
L-BFGS:  46%|████▌     | 460/1000 [1:03:07 > 53:21]
L-BFGS:  46%|████▌     | 461/1000 [1:02:36 > 53:28]
L-BFGS:  46%|████▌     | 462/1000 [1:02:08 > 53:35]
L-BFGS:  46%|████▋     | 463/1000 [1:01:44 > 53:42]
L-BFGS:  46%|████▋     | 464/1000 [1:02:10 > 53:49]
L-BFGS:  46%|████▋     | 465/1000 [1:01:58 > 53:56]
L-BFGS:  47%|████▋     | 466/1000 [1:01:57 > 54:03]
L-BFGS:  47%|████▋     | 467/1000 [1:01:54 > 54:10]
L-BFGS:  47%|████▋     | 468/1000 [1:02:32 > 54:17]
L-BFGS:  47%|████▋     | 469/1000 [1:02:59 > 54:24]
L-BFGS:  47%|████▋     | 470/1000 [1:03:13 > 54:31]
L-BFGS:  47%|████▋     | 471/1000 [1:03:26 > 54:39]
L-BFGS:  47%|████▋     | 472/1000 [1:02:48 > 54:46]
L-BFGS:  47%|████▋     | 473/1000 [1:02:13 > 54:53]
L-BFGS:  47%|████▋     | 474/1000 [1:01:49 > 55:00]
L-BFGS:  48%|████▊     | 475/1000 [1:01:29 > 55:07]
L-BFGS:  48%|████▊     | 476/1000 [1:00:57 > 55:13]
L-BFGS:  48%|████▊     | 477/1000 [1:01:11 > 55:21]
L-BFGS:  48%|████▊     | 478/1000 [1:00:36 > 55:27]
L-BFGS:  48%|████▊     | 479/1000 [1:00:52 > 55:34]
L-BFGS:  48%|████▊     | 480/1000 [1:00:59 > 55:42]
L-BFGS:  48%|████▊     | 481/1000 [1:00:21 > 55:48]
L-BFGS:  48%|████▊     | 482/1000 [1:00:32 > 55:56]
L-BFGS:  48%|████▊     | 483/1000 [1:00:40 > 56:03]
L-BFGS:  48%|████▊     | 484/1000 [1:00:00 > 56:09]
L-BFGS:  48%|████▊     | 485/1000 [59:34 > 56:16]  
L-BFGS:  49%|████▊     | 486/1000 [59:49 > 56:23]
L-BFGS:  49%|████▊     | 487/1000 [59:22 > 56:30]
L-BFGS:  49%|████▉     | 488/1000 [58:58 > 56:37]
L-BFGS:  49%|████▉     | 489/1000 [58:40 > 56:44]
L-BFGS:  49%|████▉     | 490/1000 [59:05 > 56:51]
L-BFGS:  49%|████▉     | 491/1000 [58:42 > 56:58]
L-BFGS:  49%|████▉     | 492/1000 [58:22 > 57:05]
L-BFGS:  49%|████▉     | 493/1000 [58:07 > 57:12]
L-BFGS:  49%|████▉     | 494/1000 [57:53 > 57:18]
L-BFGS:  50%|████▉     | 495/1000 [58:03 > 57:25]
L-BFGS:  50%|████▉     | 496/1000 [58:52 > 57:33]
L-BFGS:  50%|████▉     | 497/1000 [59:24 > 57:40]
L-BFGS:  50%|████▉     | 498/1000 [59:04 > 57:47]
L-BFGS:  50%|████▉     | 499/1000 [59:32 > 57:54]
L-BFGS:  50%|█████     | 500/1000 [59:05 > 58:01]
L-BFGS:  50%|█████     | 501/1000 [59:28 > 58:08]
L-BFGS:  50%|█████     | 502/1000 [58:56 > 58:15]
L-BFGS:  50%|█████     | 503/1000 [59:14 > 58:23]
L-BFGS:  50%|█████     | 504/1000 [59:22 > 58:30]
L-BFGS:  50%|█████     | 505/1000 [58:32 > 58:37]
L-BFGS:  51%|█████     | 506/1000 [57:44 > 58:44]
L-BFGS:  51%|█████     | 507/1000 [57:10 > 58:51]
L-BFGS:  51%|█████     | 508/1000 [57:26 > 58:58]
L-BFGS:  51%|█████     | 509/1000 [56:52 > 59:04]
L-BFGS:  51%|█████     | 510/1000 [56:28 > 59:11]
L-BFGS:  51%|█████     | 511/1000 [56:12 > 59:18]
L-BFGS:  51%|█████     | 512/1000 [55:54 > 59:25]
L-BFGS:  51%|█████▏    | 513/1000 [56:22 > 59:32]
L-BFGS:  51%|█████▏    | 514/1000 [56:36 > 59:39]
L-BFGS:  52%|█████▏    | 515/1000 [56:06 > 59:46]
L-BFGS:  52%|█████▏    | 516/1000 [55:43 > 59:53]
L-BFGS:  52%|█████▏    | 517/1000 [56:04 > 1:00:00]
L-BFGS:  52%|█████▏    | 518/1000 [56:17 > 1:00:07]
L-BFGS:  52%|█████▏    | 519/1000 [56:24 > 1:00:14]
L-BFGS:  52%|█████▏    | 520/1000 [55:46 > 1:00:21]
L-BFGS:  52%|█████▏    | 521/1000 [55:22 > 1:00:28]
L-BFGS:  52%|█████▏    | 522/1000 [54:57 > 1:00:35]
L-BFGS:  52%|█████▏    | 523/1000 [55:18 > 1:00:42]
L-BFGS:  52%|█████▏    | 524/1000 [55:07 > 1:00:49]
L-BFGS:  52%|█████▎    | 525/1000 [55:05 > 1:00:56]
L-BFGS:  53%|█████▎    | 526/1000 [55:44 > 1:01:03]
L-BFGS:  53%|█████▎    | 527/1000 [55:26 > 1:01:10]
L-BFGS:  53%|█████▎    | 528/1000 [55:53 > 1:01:17]
L-BFGS:  53%|█████▎    | 529/1000 [56:06 > 1:01:24]
L-BFGS:  53%|█████▎    | 530/1000 [55:38 > 1:01:31]
L-BFGS:  53%|█████▎    | 531/1000 [55:13 > 1:01:38]
L-BFGS:  53%|█████▎    | 532/1000 [54:55 > 1:01:45]
L-BFGS:  53%|█████▎    | 533/1000 [54:42 > 1:01:52]
L-BFGS:  53%|█████▎    | 534/1000 [55:09 > 1:02:00]
L-BFGS:  54%|█████▎    | 535/1000 [54:24 > 1:02:06]
L-BFGS:  54%|█████▎    | 536/1000 [54:29 > 1:02:14]
L-BFGS:  54%|█████▎    | 537/1000 [53:54 > 1:02:20]
L-BFGS:  54%|█████▍    | 538/1000 [54:03 > 1:02:28]
L-BFGS:  54%|█████▍    | 539/1000 [54:08 > 1:02:35]
L-BFGS:  54%|█████▍    | 540/1000 [54:08 > 1:02:42]
L-BFGS:  54%|█████▍    | 541/1000 [53:32 > 1:02:49]
L-BFGS:  54%|█████▍    | 542/1000 [53:04 > 1:02:55]
L-BFGS:  54%|█████▍    | 543/1000 [53:17 > 1:03:03]
L-BFGS:  54%|█████▍    | 544/1000 [53:24 > 1:03:10]
L-BFGS:  55%|█████▍    | 545/1000 [53:29 > 1:03:17]
L-BFGS:  55%|█████▍    | 546/1000 [52:52 > 1:03:24]
L-BFGS:  55%|█████▍    | 547/1000 [52:23 > 1:03:30]
L-BFGS:  55%|█████▍    | 548/1000 [52:00 > 1:03:37]
L-BFGS:  55%|█████▍    | 549/1000 [52:18 > 1:03:44]
L-BFGS:  55%|█████▌    | 550/1000 [51:51 > 1:03:51]
L-BFGS:  55%|█████▌    | 551/1000 [51:39 > 1:03:58]
L-BFGS:  55%|█████▌    | 552/1000 [51:23 > 1:04:05]
L-BFGS:  55%|█████▌    | 553/1000 [51:09 > 1:04:12]
L-BFGS:  55%|█████▌    | 554/1000 [51:15 > 1:04:19]
L-BFGS:  56%|█████▌    | 555/1000 [51:20 > 1:04:26]
L-BFGS:  56%|█████▌    | 556/1000 [51:23 > 1:04:33]
L-BFGS:  56%|█████▌    | 557/1000 [51:56 > 1:04:40]
L-BFGS:  56%|█████▌    | 558/1000 [51:44 > 1:04:47]
L-BFGS:  56%|█████▌    | 559/1000 [52:09 > 1:04:54]
L-BFGS:  56%|█████▌    | 560/1000 [52:23 > 1:05:01]
L-BFGS:  56%|█████▌    | 561/1000 [52:31 > 1:05:09]
L-BFGS:  56%|█████▌    | 562/1000 [51:58 > 1:05:16]
L-BFGS:  56%|█████▋    | 563/1000 [51:33 > 1:05:23]
L-BFGS:  56%|█████▋    | 564/1000 [51:04 > 1:05:30]
L-BFGS:  56%|█████▋    | 565/1000 [51:10 > 1:05:37]
L-BFGS:  57%|█████▋    | 566/1000 [50:33 > 1:05:43]
L-BFGS:  57%|█████▋    | 567/1000 [50:05 > 1:05:50]
L-BFGS:  57%|█████▋    | 568/1000 [49:42 > 1:05:57]
L-BFGS:  57%|█████▋    | 569/1000 [49:28 > 1:06:04]
L-BFGS:  57%|█████▋    | 570/1000 [49:48 > 1:06:11]
L-BFGS:  57%|█████▋    | 571/1000 [49:58 > 1:06:18]
L-BFGS:  57%|█████▋    | 572/1000 [49:30 > 1:06:25]
L-BFGS:  57%|█████▋    | 573/1000 [49:09 > 1:06:32]
L-BFGS:  57%|█████▋    | 574/1000 [49:26 > 1:06:39]
L-BFGS:  57%|█████▊    | 575/1000 [49:01 > 1:06:46]
L-BFGS:  58%|█████▊    | 576/1000 [48:43 > 1:06:53]
L-BFGS:  58%|█████▊    | 577/1000 [49:03 > 1:07:00]
L-BFGS:  58%|█████▊    | 578/1000 [48:40 > 1:07:06]
L-BFGS:  58%|█████▊    | 579/1000 [48:55 > 1:07:14]
L-BFGS:  58%|█████▊    | 580/1000 [48:30 > 1:07:20]
L-BFGS:  58%|█████▊    | 581/1000 [48:12 > 1:07:27]
L-BFGS:  58%|█████▊    | 582/1000 [48:29 > 1:07:34]
L-BFGS:  58%|█████▊    | 583/1000 [48:12 > 1:07:41]
L-BFGS:  58%|█████▊    | 584/1000 [48:11 > 1:07:48]
L-BFGS:  58%|█████▊    | 585/1000 [48:10 > 1:07:55]
L-BFGS:  59%|█████▊    | 586/1000 [48:04 > 1:08:02]
L-BFGS:  59%|█████▊    | 587/1000 [48:34 > 1:08:09]
L-BFGS:  59%|█████▉    | 588/1000 [48:19 > 1:08:16]
L-BFGS:  59%|█████▉    | 589/1000 [48:06 > 1:08:23]
L-BFGS:  59%|█████▉    | 590/1000 [47:52 > 1:08:30]
L-BFGS:  59%|█████▉    | 591/1000 [47:43 > 1:08:37]
L-BFGS:  59%|█████▉    | 592/1000 [47:36 > 1:08:44]
L-BFGS:  59%|█████▉    | 593/1000 [47:57 > 1:08:52]
L-BFGS:  59%|█████▉    | 594/1000 [47:29 > 1:08:59]
L-BFGS:  60%|█████▉    | 595/1000 [47:33 > 1:09:06]
L-BFGS:  60%|█████▉    | 596/1000 [46:59 > 1:09:12]
L-BFGS:  60%|█████▉    | 597/1000 [46:34 > 1:09:19]
L-BFGS:  60%|█████▉    | 598/1000 [46:49 > 1:09:26]
L-BFGS:  60%|█████▉    | 599/1000 [46:22 > 1:09:33]
L-BFGS:  60%|██████    | 600/1000 [46:02 > 1:09:40]
L-BFGS:  60%|██████    | 601/1000 [46:22 > 1:09:47]
L-BFGS:  60%|██████    | 602/1000 [46:34 > 1:09:54]
L-BFGS:  60%|██████    | 603/1000 [46:03 > 1:10:01]
L-BFGS:  60%|██████    | 604/1000 [46:13 > 1:10:08]
L-BFGS:  60%|██████    | 605/1000 [46:18 > 1:10:15]
L-BFGS:  61%|██████    | 606/1000 [46:19 > 1:10:22]
L-BFGS:  61%|██████    | 607/1000 [45:44 > 1:10:29]
L-BFGS:  61%|██████    | 608/1000 [45:18 > 1:10:36]
L-BFGS:  61%|██████    | 609/1000 [44:59 > 1:10:43]
L-BFGS:  61%|██████    | 610/1000 [44:43 > 1:10:50]
L-BFGS:  61%|██████    | 611/1000 [44:31 > 1:10:57]
L-BFGS:  61%|██████    | 612/1000 [44:52 > 1:11:04]
L-BFGS:  61%|██████▏   | 613/1000 [44:43 > 1:11:11]
L-BFGS:  61%|██████▏   | 614/1000 [44:44 > 1:11:18]
L-BFGS:  62%|██████▏   | 615/1000 [45:11 > 1:11:25]
L-BFGS:  62%|██████▏   | 616/1000 [45:01 > 1:11:32]
L-BFGS:  62%|██████▏   | 617/1000 [45:19 > 1:11:39]
L-BFGS:  62%|██████▏   | 618/1000 [45:02 > 1:11:46]
L-BFGS:  62%|██████▏   | 619/1000 [44:45 > 1:11:53]
L-BFGS:  62%|██████▏   | 620/1000 [45:02 > 1:12:00]
L-BFGS:  62%|██████▏   | 621/1000 [44:44 > 1:12:07]
L-BFGS:  62%|██████▏   | 622/1000 [44:55 > 1:12:15]
L-BFGS:  62%|██████▏   | 623/1000 [44:59 > 1:12:22]
L-BFGS:  62%|██████▏   | 624/1000 [44:16 > 1:12:29]
L-BFGS:  62%|██████▎   | 625/1000 [43:42 > 1:12:36]
L-BFGS:  63%|██████▎   | 626/1000 [43:17 > 1:12:42]
L-BFGS:  63%|██████▎   | 627/1000 [43:28 > 1:12:49]
L-BFGS:  63%|██████▎   | 628/1000 [43:01 > 1:12:56]
L-BFGS:  63%|██████▎   | 629/1000 [42:44 > 1:13:03]
L-BFGS:  63%|██████▎   | 630/1000 [42:57 > 1:13:10]
L-BFGS:  63%|██████▎   | 631/1000 [43:06 > 1:13:17]
L-BFGS:  63%|██████▎   | 632/1000 [42:37 > 1:13:24]
L-BFGS:  63%|██████▎   | 633/1000 [42:46 > 1:13:31]
L-BFGS:  63%|██████▎   | 634/1000 [42:23 > 1:13:38]
L-BFGS:  64%|██████▎   | 635/1000 [42:33 > 1:13:45]
L-BFGS:  64%|██████▎   | 636/1000 [42:38 > 1:13:52]
L-BFGS:  64%|██████▎   | 637/1000 [42:39 > 1:13:59]
L-BFGS:  64%|██████▍   | 638/1000 [42:09 > 1:14:06]
L-BFGS:  64%|██████▍   | 639/1000 [42:18 > 1:14:13]
L-BFGS:  64%|██████▍   | 640/1000 [42:17 > 1:14:20]
L-BFGS:  64%|██████▍   | 641/1000 [42:13 > 1:14:28]
L-BFGS:  64%|██████▍   | 642/1000 [42:16 > 1:14:35]
L-BFGS:  64%|██████▍   | 643/1000 [42:01 > 1:14:42]
L-BFGS:  64%|██████▍   | 644/1000 [41:46 > 1:14:49]
L-BFGS:  64%|██████▍   | 645/1000 [41:30 > 1:14:56]
L-BFGS:  65%|██████▍   | 646/1000 [41:18 > 1:15:03]
L-BFGS:  65%|██████▍   | 647/1000 [41:09 > 1:15:10]
L-BFGS:  65%|██████▍   | 648/1000 [41:29 > 1:15:17]
L-BFGS:  65%|██████▍   | 649/1000 [41:13 > 1:15:24]
L-BFGS:  65%|██████▌   | 650/1000 [41:01 > 1:15:31]
L-BFGS:  65%|██████▌   | 651/1000 [40:48 > 1:15:38]
L-BFGS:  65%|██████▌   | 652/1000 [41:08 > 1:15:45]
L-BFGS:  65%|██████▌   | 653/1000 [40:37 > 1:15:52]
L-BFGS:  65%|██████▌   | 654/1000 [40:39 > 1:15:59]
L-BFGS:  66%|██████▌   | 655/1000 [40:38 > 1:16:06]
L-BFGS:  66%|██████▌   | 656/1000 [40:36 > 1:16:13]
L-BFGS:  66%|██████▌   | 657/1000 [40:02 > 1:16:20]
L-BFGS:  66%|██████▌   | 658/1000 [39:38 > 1:16:27]
L-BFGS:  66%|██████▌   | 659/1000 [39:19 > 1:16:34]
L-BFGS:  66%|██████▌   | 660/1000 [39:02 > 1:16:41]
L-BFGS:  66%|██████▌   | 661/1000 [38:50 > 1:16:47]
L-BFGS:  66%|██████▌   | 662/1000 [38:40 > 1:16:54]
L-BFGS:  66%|██████▋   | 663/1000 [38:31 > 1:17:01]
L-BFGS:  66%|██████▋   | 664/1000 [38:50 > 1:17:08]
L-BFGS:  66%|██████▋   | 665/1000 [38:32 > 1:17:15]
L-BFGS:  67%|██████▋   | 666/1000 [38:46 > 1:17:22]
L-BFGS:  67%|██████▋   | 667/1000 [38:54 > 1:17:29]
L-BFGS:  67%|██████▋   | 668/1000 [38:28 > 1:17:36]
L-BFGS:  67%|██████▋   | 669/1000 [38:37 > 1:17:43]
L-BFGS:  67%|██████▋   | 670/1000 [38:39 > 1:17:50]
L-BFGS:  67%|██████▋   | 671/1000 [38:38 > 1:17:57]
L-BFGS:  67%|██████▋   | 672/1000 [38:18 > 1:18:04]
L-BFGS:  67%|██████▋   | 673/1000 [38:10 > 1:18:11]
L-BFGS:  67%|██████▋   | 674/1000 [38:27 > 1:18:19]
L-BFGS:  68%|██████▊   | 675/1000 [38:37 > 1:18:26]
L-BFGS:  68%|██████▊   | 676/1000 [38:16 > 1:18:33]
L-BFGS:  68%|██████▊   | 677/1000 [38:26 > 1:18:40]
L-BFGS:  68%|██████▊   | 678/1000 [38:04 > 1:18:47]
L-BFGS:  68%|██████▊   | 679/1000 [38:11 > 1:18:54]
L-BFGS:  68%|██████▊   | 680/1000 [37:49 > 1:19:01]
L-BFGS:  68%|██████▊   | 681/1000 [37:58 > 1:19:09]
L-BFGS:  68%|██████▊   | 682/1000 [37:35 > 1:19:16]
L-BFGS:  68%|██████▊   | 683/1000 [37:28 > 1:19:23]
L-BFGS:  68%|██████▊   | 684/1000 [37:22 > 1:19:30]
L-BFGS:  68%|██████▊   | 685/1000 [36:50 > 1:19:37]
L-BFGS:  69%|██████▊   | 686/1000 [36:26 > 1:19:43]
L-BFGS:  69%|██████▊   | 687/1000 [36:33 > 1:19:51]
L-BFGS:  69%|██████▉   | 688/1000 [36:09 > 1:19:57]
L-BFGS:  69%|██████▉   | 689/1000 [36:16 > 1:20:04]
L-BFGS:  69%|██████▉   | 690/1000 [35:54 > 1:20:11]
L-BFGS:  69%|██████▉   | 691/1000 [35:37 > 1:20:18]
L-BFGS:  69%|██████▉   | 692/1000 [35:48 > 1:20:25]
L-BFGS:  69%|██████▉   | 693/1000 [35:52 > 1:20:32]
L-BFGS:  69%|██████▉   | 694/1000 [35:53 > 1:20:39]
L-BFGS:  70%|██████▉   | 695/1000 [35:50 > 1:20:47]
L-BFGS:  70%|██████▉   | 696/1000 [35:23 > 1:20:53]
L-BFGS:  70%|██████▉   | 697/1000 [35:28 > 1:21:00]
L-BFGS:  70%|██████▉   | 698/1000 [35:03 > 1:21:07]
L-BFGS:  70%|██████▉   | 699/1000 [34:44 > 1:21:14]
L-BFGS:  70%|███████   | 700/1000 [34:54 > 1:21:21]
L-BFGS:  70%|███████   | 701/1000 [34:34 > 1:21:28]
L-BFGS:  70%|███████   | 702/1000 [34:32 > 1:21:35]
L-BFGS:  70%|███████   | 703/1000 [34:27 > 1:21:42]
L-BFGS:  70%|███████   | 704/1000 [34:24 > 1:21:49]
L-BFGS:  70%|███████   | 705/1000 [34:42 > 1:21:56]
L-BFGS:  71%|███████   | 706/1000 [34:53 > 1:22:04]
L-BFGS:  71%|███████   | 707/1000 [34:34 > 1:22:11]
L-BFGS:  71%|███████   | 708/1000 [34:42 > 1:22:18]
L-BFGS:  71%|███████   | 709/1000 [34:23 > 1:22:25]
L-BFGS:  71%|███████   | 710/1000 [34:29 > 1:22:32]
L-BFGS:  71%|███████   | 711/1000 [34:33 > 1:22:39]
L-BFGS:  71%|███████   | 712/1000 [34:05 > 1:22:46]
L-BFGS:  71%|███████▏  | 713/1000 [33:59 > 1:22:53]
L-BFGS:  71%|███████▏  | 714/1000 [33:27 > 1:23:00]
L-BFGS:  72%|███████▏  | 715/1000 [33:27 > 1:23:07]
L-BFGS:  72%|███████▏  | 716/1000 [33:01 > 1:23:14]
L-BFGS:  72%|███████▏  | 717/1000 [33:05 > 1:23:21]
L-BFGS:  72%|███████▏  | 718/1000 [33:05 > 1:23:28]
L-BFGS:  72%|███████▏  | 719/1000 [32:40 > 1:23:35]
L-BFGS:  72%|███████▏  | 720/1000 [32:43 > 1:23:42]
L-BFGS:  72%|███████▏  | 721/1000 [32:21 > 1:23:49]
L-BFGS:  72%|███████▏  | 722/1000 [32:04 > 1:23:56]
L-BFGS:  72%|███████▏  | 723/1000 [32:11 > 1:24:03]
L-BFGS:  72%|███████▏  | 724/1000 [32:15 > 1:24:10]
L-BFGS:  72%|███████▎  | 725/1000 [31:54 > 1:24:17]
L-BFGS:  73%|███████▎  | 726/1000 [31:58 > 1:24:24]
L-BFGS:  73%|███████▎  | 727/1000 [32:00 > 1:24:31]
L-BFGS:  73%|███████▎  | 728/1000 [31:58 > 1:24:38]
L-BFGS:  73%|███████▎  | 729/1000 [31:33 > 1:24:45]
L-BFGS:  73%|███████▎  | 730/1000 [31:12 > 1:24:52]
L-BFGS:  73%|███████▎  | 731/1000 [31:03 > 1:24:59]
L-BFGS:  73%|███████▎  | 732/1000 [31:00 > 1:25:06]
L-BFGS:  73%|███████▎  | 733/1000 [30:58 > 1:25:13]
L-BFGS:  73%|███████▎  | 734/1000 [30:53 > 1:25:20]
L-BFGS:  74%|███████▎  | 735/1000 [31:10 > 1:25:27]
L-BFGS:  74%|███████▎  | 736/1000 [31:18 > 1:25:34]
L-BFGS:  74%|███████▎  | 737/1000 [31:00 > 1:25:41]
L-BFGS:  74%|███████▍  | 738/1000 [31:09 > 1:25:49]
L-BFGS:  74%|███████▍  | 739/1000 [31:12 > 1:25:56]
L-BFGS:  74%|███████▍  | 740/1000 [31:11 > 1:26:03]
L-BFGS:  74%|███████▍  | 741/1000 [31:10 > 1:26:10]
L-BFGS:  74%|███████▍  | 742/1000 [30:53 > 1:26:17]
L-BFGS:  74%|███████▍  | 743/1000 [30:39 > 1:26:25]
L-BFGS:  74%|███████▍  | 744/1000 [30:07 > 1:26:31]
L-BFGS:  74%|███████▍  | 745/1000 [30:04 > 1:26:38]
L-BFGS:  75%|███████▍  | 746/1000 [30:00 > 1:26:46]
L-BFGS:  75%|███████▍  | 747/1000 [29:54 > 1:26:53]
L-BFGS:  75%|███████▍  | 748/1000 [29:48 > 1:27:00]
L-BFGS:  75%|███████▍  | 749/1000 [29:20 > 1:27:07]
L-BFGS:  75%|███████▌  | 750/1000 [29:00 > 1:27:13]
L-BFGS:  75%|███████▌  | 751/1000 [29:05 > 1:27:21]
L-BFGS:  75%|███████▌  | 752/1000 [29:05 > 1:27:28]
L-BFGS:  75%|███████▌  | 753/1000 [28:46 > 1:27:35]
L-BFGS:  75%|███████▌  | 754/1000 [28:26 > 1:27:41]
L-BFGS:  76%|███████▌  | 755/1000 [28:12 > 1:27:48]
L-BFGS:  76%|███████▌  | 756/1000 [28:18 > 1:27:55]
L-BFGS:  76%|███████▌  | 757/1000 [28:21 > 1:28:02]
L-BFGS:  76%|███████▌  | 758/1000 [28:01 > 1:28:09]
L-BFGS:  76%|███████▌  | 759/1000 [27:46 > 1:28:16]
L-BFGS:  76%|███████▌  | 760/1000 [27:33 > 1:28:23]
L-BFGS:  76%|███████▌  | 761/1000 [27:55 > 1:28:30]
L-BFGS:  76%|███████▌  | 762/1000 [27:45 > 1:28:37]
L-BFGS:  76%|███████▋  | 763/1000 [27:37 > 1:28:44]
L-BFGS:  76%|███████▋  | 764/1000 [27:30 > 1:28:51]
L-BFGS:  76%|███████▋  | 765/1000 [27:43 > 1:28:58]
L-BFGS:  77%|███████▋  | 766/1000 [27:29 > 1:29:05]
L-BFGS:  77%|███████▋  | 767/1000 [27:17 > 1:29:12]
L-BFGS:  77%|███████▋  | 768/1000 [27:06 > 1:29:19]
L-BFGS:  77%|███████▋  | 769/1000 [26:58 > 1:29:26]
L-BFGS:  77%|███████▋  | 770/1000 [26:49 > 1:29:33]
L-BFGS:  77%|███████▋  | 771/1000 [26:55 > 1:29:41]
L-BFGS:  77%|███████▋  | 772/1000 [26:32 > 1:29:47]
L-BFGS:  77%|███████▋  | 773/1000 [26:32 > 1:29:54]
L-BFGS:  77%|███████▋  | 774/1000 [26:12 > 1:30:01]
L-BFGS:  78%|███████▊  | 775/1000 [26:17 > 1:30:08]
L-BFGS:  78%|███████▊  | 776/1000 [26:17 > 1:30:16]
L-BFGS:  78%|███████▊  | 777/1000 [26:13 > 1:30:23]
L-BFGS:  78%|███████▊  | 778/1000 [26:08 > 1:30:30]
L-BFGS:  78%|███████▊  | 779/1000 [26:03 > 1:30:37]
L-BFGS:  78%|███████▊  | 780/1000 [25:57 > 1:30:44]
L-BFGS:  78%|███████▊  | 781/1000 [25:52 > 1:30:51]
L-BFGS:  78%|███████▊  | 782/1000 [25:46 > 1:30:58]
L-BFGS:  78%|███████▊  | 783/1000 [25:22 > 1:31:05]
L-BFGS:  78%|███████▊  | 784/1000 [25:04 > 1:31:12]
L-BFGS:  78%|███████▊  | 785/1000 [25:05 > 1:31:19]
L-BFGS:  79%|███████▊  | 786/1000 [24:46 > 1:31:26]
L-BFGS:  79%|███████▊  | 787/1000 [24:50 > 1:31:33]
L-BFGS:  79%|███████▉  | 788/1000 [24:33 > 1:31:40]
L-BFGS:  79%|███████▉  | 789/1000 [24:19 > 1:31:46]
L-BFGS:  79%|███████▉  | 790/1000 [24:11 > 1:31:53]
L-BFGS:  79%|███████▉  | 791/1000 [24:10 > 1:32:00]
L-BFGS:  79%|███████▉  | 792/1000 [24:05 > 1:32:07]
L-BFGS:  79%|███████▉  | 793/1000 [24:01 > 1:32:14]
L-BFGS:  79%|███████▉  | 794/1000 [23:57 > 1:32:21]
L-BFGS:  80%|███████▉  | 795/1000 [23:49 > 1:32:28]
L-BFGS:  80%|███████▉  | 796/1000 [23:43 > 1:32:35]
L-BFGS:  80%|███████▉  | 797/1000 [23:36 > 1:32:42]
L-BFGS:  80%|███████▉  | 798/1000 [23:30 > 1:32:49]
L-BFGS:  80%|███████▉  | 799/1000 [23:23 > 1:32:56]
L-BFGS:  80%|████████  | 800/1000 [23:17 > 1:33:03]
L-BFGS:  80%|████████  | 801/1000 [23:19 > 1:33:10]
L-BFGS:  80%|████████  | 802/1000 [23:15 > 1:33:17]
L-BFGS:  80%|████████  | 803/1000 [23:11 > 1:33:25]
L-BFGS:  80%|████████  | 804/1000 [23:06 > 1:33:32]
L-BFGS:  80%|████████  | 805/1000 [22:44 > 1:33:38]
L-BFGS:  81%|████████  | 806/1000 [22:28 > 1:33:45]
L-BFGS:  81%|████████  | 807/1000 [22:30 > 1:33:52]
L-BFGS:  81%|████████  | 808/1000 [22:15 > 1:33:59]
L-BFGS:  81%|████████  | 809/1000 [22:02 > 1:34:06]
L-BFGS:  81%|████████  | 810/1000 [22:06 > 1:34:13]
L-BFGS:  81%|████████  | 811/1000 [22:05 > 1:34:20]
L-BFGS:  81%|████████  | 812/1000 [21:48 > 1:34:27]
L-BFGS:  81%|████████▏ | 813/1000 [21:33 > 1:34:34]
L-BFGS:  81%|████████▏ | 814/1000 [21:23 > 1:34:41]
L-BFGS:  82%|████████▏ | 815/1000 [21:28 > 1:34:48]
L-BFGS:  82%|████████▏ | 816/1000 [21:15 > 1:34:55]
L-BFGS:  82%|████████▏ | 817/1000 [21:02 > 1:35:02]
L-BFGS:  82%|████████▏ | 818/1000 [20:51 > 1:35:08]
L-BFGS:  82%|████████▏ | 819/1000 [20:42 > 1:35:15]
L-BFGS:  82%|████████▏ | 820/1000 [20:54 > 1:35:23]
L-BFGS:  82%|████████▏ | 821/1000 [21:04 > 1:35:30]
L-BFGS:  82%|████████▏ | 822/1000 [20:52 > 1:35:37]
L-BFGS:  82%|████████▏ | 823/1000 [20:42 > 1:35:44]
L-BFGS:  82%|████████▏ | 824/1000 [20:48 > 1:35:51]
L-BFGS:  82%|████████▎ | 825/1000 [20:51 > 1:35:58]
L-BFGS:  83%|████████▎ | 826/1000 [20:50 > 1:36:06]
L-BFGS:  83%|████████▎ | 827/1000 [20:32 > 1:36:13]
L-BFGS:  83%|████████▎ | 828/1000 [20:17 > 1:36:20]
L-BFGS:  83%|████████▎ | 829/1000 [20:05 > 1:36:27]
L-BFGS:  83%|████████▎ | 830/1000 [20:07 > 1:36:34]
L-BFGS:  83%|████████▎ | 831/1000 [19:46 > 1:36:41]
L-BFGS:  83%|████████▎ | 832/1000 [19:30 > 1:36:47]
L-BFGS:  83%|████████▎ | 833/1000 [19:15 > 1:36:54]
L-BFGS:  83%|████████▎ | 834/1000 [19:17 > 1:37:01]
L-BFGS:  84%|████████▎ | 835/1000 [19:17 > 1:37:08]
L-BFGS:  84%|████████▎ | 836/1000 [19:14 > 1:37:16]
L-BFGS:  84%|████████▎ | 837/1000 [18:58 > 1:37:22]
L-BFGS:  84%|████████▍ | 838/1000 [18:44 > 1:37:29]
L-BFGS:  84%|████████▍ | 839/1000 [18:31 > 1:37:36]
L-BFGS:  84%|████████▍ | 840/1000 [18:34 > 1:37:43]
L-BFGS:  84%|████████▍ | 841/1000 [18:20 > 1:37:50]
L-BFGS:  84%|████████▍ | 842/1000 [18:09 > 1:37:57]
L-BFGS:  84%|████████▍ | 843/1000 [18:01 > 1:38:04]
L-BFGS:  84%|████████▍ | 844/1000 [17:52 > 1:38:11]
L-BFGS:  84%|████████▍ | 845/1000 [17:42 > 1:38:17]
L-BFGS:  85%|████████▍ | 846/1000 [17:35 > 1:38:24]
L-BFGS:  85%|████████▍ | 847/1000 [17:27 > 1:38:31]
L-BFGS:  85%|████████▍ | 848/1000 [17:32 > 1:38:38]
L-BFGS:  85%|████████▍ | 849/1000 [17:21 > 1:38:45]
L-BFGS:  85%|████████▌ | 850/1000 [17:18 > 1:38:52]
L-BFGS:  85%|████████▌ | 851/1000 [17:14 > 1:38:59]
L-BFGS:  85%|████████▌ | 852/1000 [17:21 > 1:39:06]
L-BFGS:  85%|████████▌ | 853/1000 [17:23 > 1:39:13]
L-BFGS:  85%|████████▌ | 854/1000 [17:25 > 1:39:21]
L-BFGS:  86%|████████▌ | 855/1000 [17:22 > 1:39:28]
L-BFGS:  86%|████████▌ | 856/1000 [17:19 > 1:39:35]
L-BFGS:  86%|████████▌ | 857/1000 [17:14 > 1:39:43]
L-BFGS:  86%|████████▌ | 858/1000 [17:07 > 1:39:50]
L-BFGS:  86%|████████▌ | 859/1000 [16:50 > 1:39:57]
L-BFGS:  86%|████████▌ | 860/1000 [16:33 > 1:40:04]
L-BFGS:  86%|████████▌ | 861/1000 [16:16 > 1:40:11]
L-BFGS:  86%|████████▌ | 862/1000 [16:11 > 1:40:18]
L-BFGS:  86%|████████▋ | 863/1000 [16:06 > 1:40:25]
L-BFGS:  86%|████████▋ | 864/1000 [15:50 > 1:40:32]
L-BFGS:  86%|████████▋ | 865/1000 [15:46 > 1:40:39]
L-BFGS:  87%|████████▋ | 866/1000 [15:31 > 1:40:45]
L-BFGS:  87%|████████▋ | 867/1000 [15:30 > 1:40:53]
L-BFGS:  87%|████████▋ | 868/1000 [15:27 > 1:41:00]
L-BFGS:  87%|████████▋ | 869/1000 [15:23 > 1:41:07]
L-BFGS:  87%|████████▋ | 870/1000 [15:18 > 1:41:14]
L-BFGS:  87%|████████▋ | 871/1000 [15:13 > 1:41:21]
L-BFGS:  87%|████████▋ | 872/1000 [14:56 > 1:41:28]
L-BFGS:  87%|████████▋ | 873/1000 [14:52 > 1:41:35]
L-BFGS:  87%|████████▋ | 874/1000 [14:38 > 1:41:42]
L-BFGS:  88%|████████▊ | 875/1000 [14:35 > 1:41:49]
L-BFGS:  88%|████████▊ | 876/1000 [14:32 > 1:41:56]
L-BFGS:  88%|████████▊ | 877/1000 [14:17 > 1:42:03]
L-BFGS:  88%|████████▊ | 878/1000 [14:06 > 1:42:10]
L-BFGS:  88%|████████▊ | 879/1000 [14:09 > 1:42:17]
L-BFGS:  88%|████████▊ | 880/1000 [14:00 > 1:42:24]
L-BFGS:  88%|████████▊ | 881/1000 [14:01 > 1:42:31]
L-BFGS:  88%|████████▊ | 882/1000 [14:01 > 1:42:38]
L-BFGS:  88%|████████▊ | 883/1000 [13:48 > 1:42:45]
L-BFGS:  88%|████████▊ | 884/1000 [13:47 > 1:42:52]
L-BFGS:  88%|████████▊ | 885/1000 [13:34 > 1:42:59]
L-BFGS:  89%|████████▊ | 886/1000 [13:34 > 1:43:07]
L-BFGS:  89%|████████▊ | 887/1000 [13:21 > 1:43:14]
L-BFGS:  89%|████████▉ | 888/1000 [13:10 > 1:43:21]
L-BFGS:  89%|████████▉ | 889/1000 [13:00 > 1:43:28]
L-BFGS:  89%|████████▉ | 890/1000 [12:56 > 1:43:35]
L-BFGS:  89%|████████▉ | 891/1000 [12:42 > 1:43:42]
L-BFGS:  89%|████████▉ | 892/1000 [12:30 > 1:43:48]
L-BFGS:  89%|████████▉ | 893/1000 [12:28 > 1:43:56]
L-BFGS:  89%|████████▉ | 894/1000 [12:24 > 1:44:03]
L-BFGS:  90%|████████▉ | 895/1000 [12:21 > 1:44:10]
L-BFGS:  90%|████████▉ | 896/1000 [12:07 > 1:44:17]
L-BFGS:  90%|████████▉ | 897/1000 [12:04 > 1:44:24]
L-BFGS:  90%|████████▉ | 898/1000 [11:52 > 1:44:31]
L-BFGS:  90%|████████▉ | 899/1000 [11:41 > 1:44:38]
L-BFGS:  90%|█████████ | 900/1000 [11:39 > 1:44:45]
L-BFGS:  90%|█████████ | 901/1000 [11:36 > 1:44:52]
L-BFGS:  90%|█████████ | 902/1000 [11:32 > 1:44:59]
L-BFGS:  90%|█████████ | 903/1000 [11:26 > 1:45:06]
L-BFGS:  90%|█████████ | 904/1000 [11:11 > 1:45:13]
L-BFGS:  90%|█████████ | 905/1000 [11:01 > 1:45:20]
L-BFGS:  91%|█████████ | 906/1000 [10:58 > 1:45:27]
L-BFGS:  91%|█████████ | 907/1000 [10:47 > 1:45:34]
L-BFGS:  91%|█████████ | 908/1000 [10:38 > 1:45:41]
L-BFGS:  91%|█████████ | 909/1000 [10:32 > 1:45:48]
L-BFGS:  91%|█████████ | 910/1000 [10:26 > 1:45:54]
L-BFGS:  91%|█████████ | 911/1000 [10:20 > 1:46:01]
L-BFGS:  91%|█████████ | 912/1000 [10:13 > 1:46:08]
L-BFGS:  91%|█████████▏| 913/1000 [10:14 > 1:46:16]
L-BFGS:  91%|█████████▏| 914/1000 [10:12 > 1:46:23]
L-BFGS:  92%|█████████▏| 915/1000 [10:02 > 1:46:30]
L-BFGS:  92%|█████████▏| 916/1000 [09:59 > 1:46:37]
L-BFGS:  92%|█████████▏| 917/1000 [09:48 > 1:46:44]
L-BFGS:  92%|█████████▏| 918/1000 [09:45 > 1:46:52]
L-BFGS:  92%|█████████▏| 919/1000 [09:38 > 1:46:59]
L-BFGS:  92%|█████████▏| 920/1000 [09:23 > 1:47:05]
L-BFGS:  92%|█████████▏| 921/1000 [09:17 > 1:47:13]
L-BFGS:  92%|█████████▏| 922/1000 [09:11 > 1:47:20]
L-BFGS:  92%|█████████▏| 923/1000 [08:59 > 1:47:27]
L-BFGS:  92%|█████████▏| 924/1000 [08:48 > 1:47:33]
L-BFGS:  92%|█████████▎| 925/1000 [08:38 > 1:47:40]
L-BFGS:  93%|█████████▎| 926/1000 [08:29 > 1:47:47]
L-BFGS:  93%|█████████▎| 927/1000 [08:22 > 1:47:54]
L-BFGS:  93%|█████████▎| 928/1000 [08:14 > 1:48:01]
L-BFGS:  93%|█████████▎| 929/1000 [08:06 > 1:48:08]
L-BFGS:  93%|█████████▎| 930/1000 [07:58 > 1:48:14]
L-BFGS:  93%|█████████▎| 931/1000 [07:51 > 1:48:21]
L-BFGS:  93%|█████████▎| 932/1000 [07:44 > 1:48:28]
L-BFGS:  93%|█████████▎| 933/1000 [07:38 > 1:48:35]
L-BFGS:  93%|█████████▎| 934/1000 [07:37 > 1:48:42]
L-BFGS:  94%|█████████▎| 935/1000 [07:33 > 1:48:49]
L-BFGS:  94%|█████████▎| 936/1000 [07:23 > 1:48:56]
L-BFGS:  94%|█████████▎| 937/1000 [07:20 > 1:49:03]
L-BFGS:  94%|█████████▍| 938/1000 [07:17 > 1:49:10]
L-BFGS:  94%|█████████▍| 939/1000 [07:13 > 1:49:18]
L-BFGS:  94%|█████████▍| 940/1000 [07:09 > 1:49:25]
L-BFGS:  94%|█████████▍| 941/1000 [06:59 > 1:49:32]
L-BFGS:  94%|█████████▍| 942/1000 [06:54 > 1:49:39]
L-BFGS:  94%|█████████▍| 943/1000 [06:45 > 1:49:46]
L-BFGS:  94%|█████████▍| 944/1000 [06:35 > 1:49:53]
L-BFGS:  94%|█████████▍| 945/1000 [06:27 > 1:50:00]
L-BFGS:  95%|█████████▍| 946/1000 [06:19 > 1:50:07]
L-BFGS:  95%|█████████▍| 947/1000 [06:11 > 1:50:14]
L-BFGS:  95%|█████████▍| 948/1000 [06:08 > 1:50:21]
L-BFGS:  95%|█████████▍| 949/1000 [05:57 > 1:50:28]
L-BFGS:  95%|█████████▌| 950/1000 [05:47 > 1:50:35]
L-BFGS:  95%|█████████▌| 951/1000 [05:42 > 1:50:42]
L-BFGS:  95%|█████████▌| 952/1000 [05:33 > 1:50:49]
L-BFGS:  95%|█████████▌| 953/1000 [05:28 > 1:50:56]
L-BFGS:  95%|█████████▌| 954/1000 [05:19 > 1:51:03]
L-BFGS:  96%|█████████▌| 955/1000 [05:10 > 1:51:10]
L-BFGS:  96%|█████████▌| 956/1000 [05:06 > 1:51:17]
L-BFGS:  96%|█████████▌| 957/1000 [05:01 > 1:51:24]
L-BFGS:  96%|█████████▌| 958/1000 [04:52 > 1:51:31]
L-BFGS:  96%|█████████▌| 959/1000 [04:43 > 1:51:37]
L-BFGS:  96%|█████████▌| 960/1000 [04:39 > 1:51:44]
L-BFGS:  96%|█████████▌| 961/1000 [04:33 > 1:51:52]
L-BFGS:  96%|█████████▌| 962/1000 [04:27 > 1:51:59]
L-BFGS:  96%|█████████▋| 963/1000 [04:20 > 1:52:06]
L-BFGS:  96%|█████████▋| 964/1000 [04:14 > 1:52:13]
L-BFGS:  96%|█████████▋| 965/1000 [04:04 > 1:52:20]
L-BFGS:  97%|█████████▋| 966/1000 [03:56 > 1:52:27]
L-BFGS:  97%|█████████▋| 967/1000 [03:48 > 1:52:33]
L-BFGS:  97%|█████████▋| 968/1000 [03:44 > 1:52:41]
L-BFGS:  97%|█████████▋| 969/1000 [03:37 > 1:52:48]
L-BFGS:  97%|█████████▋| 970/1000 [03:32 > 1:52:55]
L-BFGS:  97%|█████████▋| 971/1000 [03:26 > 1:53:02]
L-BFGS:  97%|█████████▋| 972/1000 [03:18 > 1:53:09]
L-BFGS:  97%|█████████▋| 973/1000 [03:12 > 1:53:16]
L-BFGS:  97%|█████████▋| 974/1000 [03:06 > 1:53:24]
L-BFGS:  98%|█████████▊| 975/1000 [02:58 > 1:53:31]
L-BFGS:  98%|█████████▊| 976/1000 [02:49 > 1:53:38]
L-BFGS:  98%|█████████▊| 977/1000 [02:42 > 1:53:45]
L-BFGS:  98%|█████████▊| 978/1000 [02:35 > 1:53:52]
L-BFGS:  98%|█████████▊| 979/1000 [02:28 > 1:53:59]
L-BFGS:  98%|█████████▊| 980/1000 [02:20 > 1:54:06]
L-BFGS:  98%|█████████▊| 981/1000 [02:13 > 1:54:13]
L-BFGS:  98%|█████████▊| 982/1000 [02:05 > 1:54:20]
L-BFGS:  98%|█████████▊| 983/1000 [01:57 > 1:54:26]
L-BFGS:  98%|█████████▊| 984/1000 [01:50 > 1:54:33]
L-BFGS:  98%|█████████▊| 985/1000 [01:44 > 1:54:40]
L-BFGS:  99%|█████████▊| 986/1000 [01:38 > 1:54:47]
L-BFGS:  99%|█████████▊| 987/1000 [01:30 > 1:54:54]
L-BFGS:  99%|█████████▉| 988/1000 [01:23 > 1:55:01]
L-BFGS:  99%|█████████▉| 989/1000 [01:16 > 1:55:08]
L-BFGS:  99%|█████████▉| 990/1000 [01:09 > 1:55:15]
L-BFGS:  99%|█████████▉| 991/1000 [01:03 > 1:55:22]
L-BFGS:  99%|█████████▉| 992/1000 [00:55 > 1:55:29]
L-BFGS:  99%|█████████▉| 993/1000 [00:48 > 1:55:36]
L-BFGS:  99%|█████████▉| 994/1000 [00:41 > 1:55:43]
L-BFGS: 100%|█████████▉| 995/1000 [00:34 > 1:55:50]
L-BFGS: 100%|█████████▉| 996/1000 [00:27 > 1:55:57]
L-BFGS: 100%|█████████▉| 997/1000 [00:20 > 1:56:04]
L-BFGS: 100%|█████████▉| 998/1000 [00:13 > 1:56:11]
L-BFGS: 100%|█████████▉| 999/1000 [00:07 > 1:56:18]
L-BFGS: 100%|██████████| 1000/1000 [00:00 > 1:56:25]
L-BFGS: 100%|██████████| 1000/1000 [00:00 > 1:56:25]
Training saved: C:\Ali Computation\pinn\code\heterogeneous\pino_heterogeneous\results\exp_W4_zone9_K0_N250_z1to5_default_float64_lbfgs1000_maxiter20\pino_heterogeneous_concentration.png C:\Ali Computation\pinn\code\heterogeneous\pino_heterogeneous\results\exp_W4_zone9_K0_N250_z1to5_default_float64_lbfgs1000_maxiter20\pino_heterogeneous_loss.png C:\Ali Computation\pinn\code\heterogeneous\pino_heterogeneous\results\exp_W4_zone9_K0_N250_z1to5_default_float64_lbfgs1000_maxiter20\pino_heterogeneous_model.pt
COMSOL validation: 81 media -> C:\Ali Computation\pinn\code\heterogeneous\pino_heterogeneous\results\exp_W4_zone9_K0_N250_z1to5_default_float64_lbfgs1000_maxiter20\comsol_validation  (x* collocation n=86)

COMSOL vs PINO:   0%|          | 0/81 [00:00<?, ?it/s]
COMSOL vs PINO:   1%|          | 1/81 [00:01<01:23,  1.05s/it]
COMSOL vs PINO:   2%|▏         | 2/81 [00:02<01:21,  1.04s/it]
COMSOL vs PINO:   4%|▎         | 3/81 [00:03<01:20,  1.03s/it]
COMSOL vs PINO:   5%|▍         | 4/81 [00:04<01:19,  1.03s/it]
COMSOL vs PINO:   6%|▌         | 5/81 [00:05<01:24,  1.12s/it]
COMSOL vs PINO:   7%|▋         | 6/81 [00:06<01:21,  1.09s/it]
COMSOL vs PINO:   9%|▊         | 7/81 [00:07<01:19,  1.07s/it]
COMSOL vs PINO:  10%|▉         | 8/81 [00:08<01:17,  1.06s/it]
COMSOL vs PINO:  11%|█         | 9/81 [00:09<01:15,  1.05s/it]
COMSOL vs PINO:  12%|█▏        | 10/81 [00:10<01:14,  1.05s/it]
COMSOL vs PINO:  14%|█▎        | 11/81 [00:11<01:13,  1.05s/it]
COMSOL vs PINO:  15%|█▍        | 12/81 [00:12<01:12,  1.04s/it]
COMSOL vs PINO:  16%|█▌        | 13/81 [00:13<01:10,  1.04s/it]
COMSOL vs PINO:  17%|█▋        | 14/81 [00:14<01:09,  1.04s/it]
COMSOL vs PINO:  19%|█▊        | 15/81 [00:15<01:08,  1.03s/it]
COMSOL vs PINO:  20%|█▉        | 16/81 [00:16<01:07,  1.04s/it]
COMSOL vs PINO:  21%|██        | 17/81 [00:17<01:06,  1.04s/it]
COMSOL vs PINO:  22%|██▏       | 18/81 [00:18<01:05,  1.04s/it]
COMSOL vs PINO:  23%|██▎       | 19/81 [00:20<01:11,  1.15s/it]
COMSOL vs PINO:  25%|██▍       | 20/81 [00:21<01:08,  1.12s/it]
COMSOL vs PINO:  26%|██▌       | 21/81 [00:22<01:05,  1.10s/it]
COMSOL vs PINO:  27%|██▋       | 22/81 [00:23<01:03,  1.08s/it]
COMSOL vs PINO:  28%|██▊       | 23/81 [00:24<01:02,  1.07s/it]
COMSOL vs PINO:  30%|██▉       | 24/81 [00:25<01:00,  1.06s/it]
COMSOL vs PINO:  31%|███       | 25/81 [00:26<00:59,  1.06s/it]
COMSOL vs PINO:  32%|███▏      | 26/81 [00:27<00:58,  1.06s/it]
COMSOL vs PINO:  33%|███▎      | 27/81 [00:28<00:57,  1.06s/it]
COMSOL vs PINO:  35%|███▍      | 28/81 [00:29<00:55,  1.05s/it]
COMSOL vs PINO:  36%|███▌      | 29/81 [00:30<00:54,  1.05s/it]
COMSOL vs PINO:  37%|███▋      | 30/81 [00:31<00:53,  1.05s/it]
COMSOL vs PINO:  38%|███▊      | 31/81 [00:32<00:52,  1.05s/it]
COMSOL vs PINO:  40%|███▉      | 32/81 [00:33<00:51,  1.05s/it]
COMSOL vs PINO:  41%|████      | 33/81 [00:35<00:54,  1.14s/it]
COMSOL vs PINO:  42%|████▏     | 34/81 [00:36<00:52,  1.11s/it]
COMSOL vs PINO:  43%|████▎     | 35/81 [00:37<00:50,  1.09s/it]
COMSOL vs PINO:  44%|████▍     | 36/81 [00:38<00:48,  1.08s/it]
COMSOL vs PINO:  46%|████▌     | 37/81 [00:39<00:47,  1.07s/it]
COMSOL vs PINO:  47%|████▋     | 38/81 [00:40<00:45,  1.07s/it]
COMSOL vs PINO:  48%|████▊     | 39/81 [00:41<00:44,  1.06s/it]
COMSOL vs PINO:  49%|████▉     | 40/81 [00:42<00:43,  1.05s/it]
COMSOL vs PINO:  51%|█████     | 41/81 [00:43<00:41,  1.05s/it]
COMSOL vs PINO:  52%|█████▏    | 42/81 [00:44<00:40,  1.04s/it]
COMSOL vs PINO:  53%|█████▎    | 43/81 [00:45<00:39,  1.04s/it]
COMSOL vs PINO:  54%|█████▍    | 44/81 [00:46<00:38,  1.04s/it]
COMSOL vs PINO:  56%|█████▌    | 45/81 [00:47<00:37,  1.04s/it]
COMSOL vs PINO:  57%|█████▋    | 46/81 [00:49<00:39,  1.13s/it]
COMSOL vs PINO:  58%|█████▊    | 47/81 [00:50<00:37,  1.10s/it]
COMSOL vs PINO:  59%|█████▉    | 48/81 [00:51<00:35,  1.08s/it]
COMSOL vs PINO:  60%|██████    | 49/81 [00:52<00:34,  1.07s/it]
COMSOL vs PINO:  62%|██████▏   | 50/81 [00:53<00:32,  1.06s/it]
COMSOL vs PINO:  63%|██████▎   | 51/81 [00:54<00:31,  1.06s/it]
COMSOL vs PINO:  64%|██████▍   | 52/81 [00:55<00:30,  1.05s/it]
COMSOL vs PINO:  65%|██████▌   | 53/81 [00:56<00:29,  1.06s/it]
COMSOL vs PINO:  67%|██████▋   | 54/81 [00:57<00:28,  1.06s/it]
COMSOL vs PINO:  68%|██████▊   | 55/81 [00:58<00:27,  1.05s/it]
COMSOL vs PINO:  69%|██████▉   | 56/81 [00:59<00:26,  1.05s/it]
COMSOL vs PINO:  70%|███████   | 57/81 [01:00<00:25,  1.05s/it]
COMSOL vs PINO:  72%|███████▏  | 58/81 [01:01<00:24,  1.05s/it]
COMSOL vs PINO:  73%|███████▎  | 59/81 [01:02<00:23,  1.05s/it]
COMSOL vs PINO:  74%|███████▍  | 60/81 [01:03<00:22,  1.06s/it]
COMSOL vs PINO:  75%|███████▌  | 61/81 [01:05<00:22,  1.15s/it]
COMSOL vs PINO:  77%|███████▋  | 62/81 [01:06<00:21,  1.12s/it]
COMSOL vs PINO:  78%|███████▊  | 63/81 [01:07<00:19,  1.10s/it]
COMSOL vs PINO:  79%|███████▉  | 64/81 [01:08<00:18,  1.09s/it]
COMSOL vs PINO:  80%|████████  | 65/81 [01:09<00:17,  1.08s/it]
COMSOL vs PINO:  81%|████████▏ | 66/81 [01:10<00:16,  1.07s/it]
COMSOL vs PINO:  83%|████████▎ | 67/81 [01:11<00:14,  1.07s/it]
COMSOL vs PINO:  84%|████████▍ | 68/81 [01:12<00:13,  1.06s/it]
COMSOL vs PINO:  85%|████████▌ | 69/81 [01:13<00:12,  1.06s/it]
COMSOL vs PINO:  86%|████████▋ | 70/81 [01:14<00:11,  1.05s/it]
COMSOL vs PINO:  88%|████████▊ | 71/81 [01:15<00:10,  1.05s/it]
COMSOL vs PINO:  89%|████████▉ | 72/81 [01:16<00:09,  1.05s/it]
COMSOL vs PINO:  90%|█████████ | 73/81 [01:17<00:08,  1.05s/it]
COMSOL vs PINO:  91%|█████████▏| 74/81 [01:18<00:07,  1.04s/it]
COMSOL vs PINO:  93%|█████████▎| 75/81 [01:19<00:06,  1.05s/it]
COMSOL vs PINO:  94%|█████████▍| 76/81 [01:21<00:05,  1.15s/it]
COMSOL vs PINO:  95%|█████████▌| 77/81 [01:22<00:04,  1.13s/it]
COMSOL vs PINO:  96%|█████████▋| 78/81 [01:23<00:03,  1.10s/it]
COMSOL vs PINO:  98%|█████████▊| 79/81 [01:24<00:02,  1.09s/it]
COMSOL vs PINO:  99%|█████████▉| 80/81 [01:25<00:01,  1.08s/it]
COMSOL vs PINO: 100%|██████████| 81/81 [01:26<00:00,  1.07s/it]
COMSOL vs PINO: 100%|██████████| 81/81 [01:26<00:00,  1.07s/it]
COMSOL validation summary: n=81  mean=6.893750e-02  max=2.437712e-01  min=2.314649e-02
Wrote C:\Ali Computation\pinn\code\heterogeneous\pino_heterogeneous\results\exp_W4_zone9_K0_N250_z1to5_default_float64_lbfgs1000_maxiter20\comsol_validation\comsol_validation_summary.csv
Run metadata: C:\Ali Computation\pinn\code\heterogeneous\pino_heterogeneous\results\exp_W4_zone9_K0_N250_z1to5_default_float64_lbfgs1000_maxiter20\run_meta.json
Wall-clock train: 6986.9 s
Wall-clock validation: 86.6 s
Wall-clock total: 7089.1 s  device=cuda

# exit 0 after 1:58:13.475659
