# code/heterogeneous/pino_heterogeneous/pinn1d_heterogeneous_parametric_neural_operator.py --design grf --n-sensors 100 --n-grf 0 --n-piecewise-per-zones 100 --piecewise-zone-counts 4 --min-zone-frac 0.1 --arch w64 --dtype float64 --early-stop-patience 150 --lr-lbfgs 0.1 --lbfgs-max-iter 20 --epochs 500 --ic-x0-t0 1 --ic-zero-domain-at-t0 --out-dir results/exp_Ta_piecewise_K100_N100_z4_min10pct_w64_float64_lbfgs500_maxiter20_icZeroX0C1
# started 2026-06-24 14:31:43
# cwd C:\Ali Computation\pinn\code\heterogeneous\pino_heterogeneous

Using GPU: NVIDIA GeForce RTX 3090 (cuda:0, dtype=torch.float64)
PE (computed) = 0.010368
design=grf  media_mode=grf  n_train_requested=100  n_corner_anchors=16  arch=w64  batch_mode=True
branch=[100, 64, 64, 64]  trunk=[2, 64, 64, 64, 64]
results_dir=C:\Ali Computation\pinn\code\heterogeneous\pino_heterogeneous\results\exp_Ta_piecewise_K100_N100_z4_min10pct_w64_float64_lbfgs500_maxiter20_icZeroX0C1
Training: 100 piecewise (100 each for zones [4]), min_zone_frac=0.1 = 100 total; K=100 uniform sensors, grid_n=201
  saved/loaded: C:\Ali Computation\pinn\code\heterogeneous\pino_heterogeneous\results\exp_Ta_piecewise_K100_N100_z4_min10pct_w64_float64_lbfgs500_maxiter20_icZeroX0C1\train_grf_cases.npz
  branch CFL range [0.120517, 0.599951]
PDE mesh: bulk 50x50x100 (no interface bands in GRF mode)
COMSOL validation: 81 fixed grid cases from comsol_4zones.txt -> C:\Ali Computation\pinn\code\heterogeneous\pino_heterogeneous\results\exp_Ta_piecewise_K100_N100_z4_min10pct_w64_float64_lbfgs500_maxiter20_icZeroX0C1\comsol_validation
run_training=True  run_comsol_validation=True  validate_only=False  skip_validation_plots=False
IC: C*(x*,0)=0 with C*(0,0)=1
L-BFGS early stopping: patience=150 (max steps=500)
L-BFGS: lr=0.1  max_iter=20  outer_steps=500
PDE collocation points: 250,000 (bulk 250,000, interface 0)
Collocation mesh plot (pre-train): C:\Ali Computation\pinn\code\heterogeneous\pino_heterogeneous\results\exp_Ta_piecewise_K100_N100_z4_min10pct_w64_float64_lbfgs500_maxiter20_icZeroX0C1\pino_heterogeneous_collocation_points.png
LBFGS (
Parameter Group 0
    history_size: 50
    line_search_fn: strong_wolfe
    lr: 0.1
    max_eval: 25
    max_iter: 20
    tolerance_change: 1e-09
    tolerance_grad: 1e-07
)
Early stopping: patience=150 L-BFGS steps (no total-loss improvement, rtol=1e-12)

L-BFGS:   0%|          | 0/500 [? > 00:00]
L-BFGS:   0%|          | 1/500 [1:24:48 > 00:10]
L-BFGS:   0%|          | 2/500 [1:22:58 > 00:20]
L-BFGS:   1%|          | 3/500 [1:24:08 > 00:30]
L-BFGS:   1%|          | 4/500 [1:23:32 > 00:40]
L-BFGS:   1%|          | 5/500 [1:23:09 > 00:50]
L-BFGS:   1%|          | 6/500 [1:22:55 > 01:00]
L-BFGS:   1%|▏         | 7/500 [1:22:47 > 01:10]
L-BFGS:   2%|▏         | 8/500 [1:23:46 > 01:21]
L-BFGS:   2%|▏         | 9/500 [1:24:35 > 01:31]
L-BFGS:   2%|▏         | 10/500 [1:24:20 > 01:42]
L-BFGS:   2%|▏         | 11/500 [1:23:59 > 01:52]
L-BFGS:   2%|▏         | 12/500 [1:23:47 > 02:02]
L-BFGS:   3%|▎         | 13/500 [1:24:38 > 02:13]
L-BFGS:   3%|▎         | 14/500 [1:24:02 > 02:23]
L-BFGS:   3%|▎         | 15/500 [1:24:46 > 02:34]
L-BFGS:   3%|▎         | 16/500 [1:25:08 > 02:45]
L-BFGS:   3%|▎         | 17/500 [1:24:22 > 02:55]
L-BFGS:   4%|▎         | 18/500 [1:23:57 > 03:05]
L-BFGS:   4%|▍         | 19/500 [1:23:37 > 03:16]
L-BFGS:   4%|▍         | 20/500 [1:22:57 > 03:26]
L-BFGS:   4%|▍         | 21/500 [1:22:15 > 03:36]
L-BFGS:   4%|▍         | 22/500 [1:21:47 > 03:46]
L-BFGS:   5%|▍         | 23/500 [1:21:26 > 03:56]
L-BFGS:   5%|▍         | 24/500 [1:21:08 > 04:07]
L-BFGS:   5%|▌         | 25/500 [1:21:04 > 04:17]
L-BFGS:   5%|▌         | 26/500 [1:20:45 > 04:27]
L-BFGS:   5%|▌         | 27/500 [1:20:24 > 04:37]
L-BFGS:   6%|▌         | 28/500 [1:20:13 > 04:47]
L-BFGS:   6%|▌         | 29/500 [1:20:01 > 04:58]
L-BFGS:   6%|▌         | 30/500 [1:20:46 > 05:08]
L-BFGS:   6%|▌         | 31/500 [1:21:18 > 05:19]
L-BFGS:   6%|▋         | 32/500 [1:20:33 > 05:29]
L-BFGS:   7%|▋         | 33/500 [1:20:04 > 05:39]
L-BFGS:   7%|▋         | 34/500 [1:20:35 > 05:50]
L-BFGS:   7%|▋         | 35/500 [1:20:56 > 06:00]
L-BFGS:   7%|▋         | 36/500 [1:21:01 > 06:11]
L-BFGS:   7%|▋         | 37/500 [1:20:09 > 06:21]
L-BFGS:   8%|▊         | 38/500 [1:20:35 > 06:32]
L-BFGS:   8%|▊         | 39/500 [1:20:56 > 06:42]
L-BFGS:   8%|▊         | 40/500 [1:21:18 > 06:53]
L-BFGS:   8%|▊         | 41/500 [1:20:28 > 07:03]
L-BFGS:   8%|▊         | 42/500 [1:19:53 > 07:14]
L-BFGS:   9%|▊         | 43/500 [1:19:22 > 07:24]
L-BFGS:   9%|▉         | 44/500 [1:19:55 > 07:35]
L-BFGS:   9%|▉         | 45/500 [1:20:18 > 07:46]
L-BFGS:   9%|▉         | 46/500 [1:19:30 > 07:56]
L-BFGS:   9%|▉         | 47/500 [1:18:56 > 08:06]
L-BFGS:  10%|▉         | 48/500 [1:18:30 > 08:17]
L-BFGS:  10%|▉         | 49/500 [1:18:48 > 08:27]
L-BFGS:  10%|█         | 50/500 [1:17:57 > 08:37]
L-BFGS:  10%|█         | 51/500 [1:18:14 > 08:48]
L-BFGS:  10%|█         | 52/500 [1:17:26 > 08:58]
L-BFGS:  11%|█         | 53/500 [1:17:53 > 09:09]
L-BFGS:  11%|█         | 54/500 [1:17:04 > 09:19]
L-BFGS:  11%|█         | 55/500 [1:16:29 > 09:29]
L-BFGS:  11%|█         | 56/500 [1:16:54 > 09:40]
L-BFGS:  11%|█▏        | 57/500 [1:17:09 > 09:50]
L-BFGS:  12%|█▏        | 58/500 [1:16:26 > 10:01]
L-BFGS:  12%|█▏        | 59/500 [1:15:51 > 10:11]
L-BFGS:  12%|█▏        | 60/500 [1:15:18 > 10:21]
L-BFGS:  12%|█▏        | 61/500 [1:15:48 > 10:31]
L-BFGS:  12%|█▏        | 62/500 [1:16:04 > 10:42]
L-BFGS:  13%|█▎        | 63/500 [1:15:23 > 10:52]
L-BFGS:  13%|█▎        | 64/500 [1:15:47 > 11:03]
L-BFGS:  13%|█▎        | 65/500 [1:15:03 > 11:13]
L-BFGS:  13%|█▎        | 66/500 [1:14:31 > 11:23]
L-BFGS:  13%|█▎        | 67/500 [1:15:11 > 11:34]
L-BFGS:  14%|█▎        | 68/500 [1:14:56 > 11:44]
L-BFGS:  14%|█▍        | 69/500 [1:14:45 > 11:55]
L-BFGS:  14%|█▍        | 70/500 [1:15:16 > 12:05]
L-BFGS:  14%|█▍        | 71/500 [1:14:40 > 12:16]
L-BFGS:  14%|█▍        | 72/500 [1:14:16 > 12:26]
L-BFGS:  15%|█▍        | 73/500 [1:14:49 > 12:37]
L-BFGS:  15%|█▍        | 74/500 [1:15:05 > 12:47]
L-BFGS:  15%|█▌        | 75/500 [1:15:19 > 12:58]
L-BFGS:  15%|█▌        | 76/500 [1:14:26 > 13:09]
L-BFGS:  15%|█▌        | 77/500 [1:14:38 > 13:19]
L-BFGS:  16%|█▌        | 78/500 [1:13:42 > 13:29]
L-BFGS:  16%|█▌        | 79/500 [1:12:53 > 13:40]
L-BFGS:  16%|█▌        | 80/500 [1:13:09 > 13:50]
L-BFGS:  16%|█▌        | 81/500 [1:12:23 > 14:00]
L-BFGS:  16%|█▋        | 82/500 [1:11:48 > 14:11]
L-BFGS:  17%|█▋        | 83/500 [1:11:19 > 14:21]
L-BFGS:  17%|█▋        | 84/500 [1:11:49 > 14:31]
L-BFGS:  17%|█▋        | 85/500 [1:12:05 > 14:42]
L-BFGS:  17%|█▋        | 86/500 [1:12:16 > 14:53]
L-BFGS:  17%|█▋        | 87/500 [1:12:20 > 15:03]
L-BFGS:  18%|█▊        | 88/500 [1:11:28 > 15:13]
L-BFGS:  18%|█▊        | 89/500 [1:10:48 > 15:23]
L-BFGS:  18%|█▊        | 90/500 [1:11:08 > 15:34]
L-BFGS:  18%|█▊        | 91/500 [1:11:20 > 15:45]
L-BFGS:  18%|█▊        | 92/500 [1:10:33 > 15:55]
L-BFGS:  19%|█▊        | 93/500 [1:09:58 > 16:05]
L-BFGS:  19%|█▉        | 94/500 [1:09:36 > 16:15]
L-BFGS:  19%|█▉        | 95/500 [1:10:04 > 16:26]
L-BFGS:  19%|█▉        | 96/500 [1:09:46 > 16:36]
L-BFGS:  19%|█▉        | 97/500 [1:09:29 > 16:46]
L-BFGS:  20%|█▉        | 98/500 [1:10:00 > 16:57]
L-BFGS:  20%|█▉        | 99/500 [1:10:19 > 17:08]
L-BFGS:  20%|██        | 100/500 [1:10:27 > 17:18]
L-BFGS:  20%|██        | 101/500 [1:09:41 > 17:29]
L-BFGS:  20%|██        | 102/500 [1:09:04 > 17:39]
L-BFGS:  21%|██        | 103/500 [1:08:37 > 17:49]
L-BFGS:  21%|██        | 104/500 [1:08:18 > 18:00]
L-BFGS:  21%|██        | 105/500 [1:08:48 > 18:10]
L-BFGS:  21%|██        | 106/500 [1:09:03 > 18:21]
L-BFGS:  21%|██▏       | 107/500 [1:08:10 > 18:31]
L-BFGS:  22%|██▏       | 108/500 [1:07:28 > 18:41]
L-BFGS:  22%|██▏       | 109/500 [1:06:54 > 18:51]
L-BFGS:  22%|██▏       | 110/500 [1:06:25 > 19:01]
L-BFGS:  22%|██▏       | 111/500 [1:06:05 > 19:12]
L-BFGS:  22%|██▏       | 112/500 [1:06:35 > 19:22]
L-BFGS:  23%|██▎       | 113/500 [1:06:54 > 19:33]
L-BFGS:  23%|██▎       | 114/500 [1:07:02 > 19:43]
L-BFGS:  23%|██▎       | 115/500 [1:06:17 > 19:53]
L-BFGS:  23%|██▎       | 116/500 [1:05:44 > 20:03]
L-BFGS:  23%|██▎       | 117/500 [1:06:04 > 20:14]
L-BFGS:  24%|██▎       | 118/500 [1:05:29 > 20:24]
L-BFGS:  24%|██▍       | 119/500 [1:05:01 > 20:34]
L-BFGS:  24%|██▍       | 120/500 [1:05:21 > 20:45]
L-BFGS:  24%|██▍       | 121/500 [1:04:52 > 20:55]
L-BFGS:  24%|██▍       | 122/500 [1:05:11 > 21:05]
L-BFGS:  25%|██▍       | 123/500 [1:05:23 > 21:16]
L-BFGS:  25%|██▍       | 124/500 [1:04:40 > 21:26]
L-BFGS:  25%|██▌       | 125/500 [1:04:26 > 21:36]
L-BFGS:  25%|██▌       | 126/500 [1:04:56 > 21:47]
L-BFGS:  25%|██▌       | 127/500 [1:05:12 > 21:58]
L-BFGS:  26%|██▌       | 128/500 [1:05:25 > 22:08]
L-BFGS:  26%|██▌       | 129/500 [1:05:29 > 22:19]
L-BFGS:  26%|██▌       | 130/500 [1:04:44 > 22:29]
L-BFGS:  26%|██▌       | 131/500 [1:04:09 > 22:40]
L-BFGS:  26%|██▋       | 132/500 [1:04:24 > 22:50]
L-BFGS:  27%|██▋       | 133/500 [1:03:52 > 23:01]
L-BFGS:  27%|██▋       | 134/500 [1:03:20 > 23:11]
L-BFGS:  27%|██▋       | 135/500 [1:02:56 > 23:21]
L-BFGS:  27%|██▋       | 136/500 [1:03:06 > 23:32]
L-BFGS:  27%|██▋       | 137/500 [1:03:10 > 23:42]
L-BFGS:  28%|██▊       | 138/500 [1:02:32 > 23:52]
L-BFGS:  28%|██▊       | 139/500 [1:02:40 > 24:03]
L-BFGS:  28%|██▊       | 140/500 [1:02:43 > 24:13]
L-BFGS:  28%|██▊       | 141/500 [1:02:00 > 24:24]
L-BFGS:  28%|██▊       | 142/500 [1:01:26 > 24:34]
L-BFGS:  29%|██▊       | 143/500 [1:01:41 > 24:44]
L-BFGS:  29%|██▉       | 144/500 [1:01:08 > 24:54]
L-BFGS:  29%|██▉       | 145/500 [1:00:40 > 25:05]
L-BFGS:  29%|██▉       | 146/500 [1:00:59 > 25:15]
L-BFGS:  29%|██▉       | 147/500 [1:00:25 > 25:25]
L-BFGS:  30%|██▉       | 148/500 [1:00:03 > 25:35]
L-BFGS:  30%|██▉       | 149/500 [59:43 > 25:46]  
L-BFGS:  30%|███       | 150/500 [1:00:10 > 25:56]
L-BFGS:  30%|███       | 151/500 [59:41 > 26:06]  
L-BFGS:  30%|███       | 152/500 [59:16 > 26:16]
L-BFGS:  31%|███       | 153/500 [59:46 > 26:27]
L-BFGS:  31%|███       | 154/500 [1:00:12 > 26:38]
L-BFGS:  31%|███       | 155/500 [1:00:26 > 26:48]
L-BFGS:  31%|███       | 156/500 [59:49 > 26:59]  
L-BFGS:  31%|███▏      | 157/500 [59:20 > 27:09]
L-BFGS:  32%|███▏      | 158/500 [58:58 > 27:19]
L-BFGS:  32%|███▏      | 159/500 [58:41 > 27:29]
L-BFGS:  32%|███▏      | 160/500 [58:24 > 27:40]
L-BFGS:  32%|███▏      | 161/500 [58:10 > 27:50]
L-BFGS:  32%|███▏      | 162/500 [57:57 > 28:00]
L-BFGS:  33%|███▎      | 163/500 [58:26 > 28:11]
L-BFGS:  33%|███▎      | 164/500 [57:54 > 28:21]
L-BFGS:  33%|███▎      | 165/500 [57:24 > 28:31]
L-BFGS:  33%|███▎      | 166/500 [57:39 > 28:42]
L-BFGS:  33%|███▎      | 167/500 [57:45 > 28:52]
L-BFGS:  34%|███▎      | 168/500 [57:48 > 29:03]
L-BFGS:  34%|███▍      | 169/500 [57:48 > 29:13]
L-BFGS:  34%|███▍      | 170/500 [57:01 > 29:23]
L-BFGS:  34%|███▍      | 171/500 [57:08 > 29:34]
L-BFGS:  34%|███▍      | 172/500 [56:31 > 29:44]
L-BFGS:  35%|███▍      | 173/500 [56:42 > 29:55]
L-BFGS:  35%|███▍      | 174/500 [56:44 > 30:05]
L-BFGS:  35%|███▌      | 175/500 [56:05 > 30:15]
L-BFGS:  35%|███▌      | 176/500 [55:31 > 30:26]
L-BFGS:  35%|███▌      | 177/500 [55:46 > 30:36]
L-BFGS:  36%|███▌      | 178/500 [55:11 > 30:46]
L-BFGS:  36%|███▌      | 179/500 [54:45 > 30:56]
L-BFGS:  36%|███▌      | 180/500 [54:25 > 31:06]
L-BFGS:  36%|███▌      | 181/500 [54:48 > 31:17]
L-BFGS:  36%|███▋      | 182/500 [55:07 > 31:28]
L-BFGS:  37%|███▋      | 183/500 [54:42 > 31:38]
L-BFGS:  37%|███▋      | 184/500 [55:03 > 31:49]
L-BFGS:  37%|███▋      | 185/500 [54:36 > 31:59]
L-BFGS:  37%|███▋      | 186/500 [54:12 > 32:09]
L-BFGS:  37%|███▋      | 187/500 [53:54 > 32:19]
L-BFGS:  38%|███▊      | 188/500 [53:37 > 32:30]
L-BFGS:  38%|███▊      | 189/500 [54:01 > 32:40]
L-BFGS:  38%|███▊      | 190/500 [53:34 > 32:51]
L-BFGS:  38%|███▊      | 191/500 [53:16 > 33:01]
L-BFGS:  38%|███▊      | 192/500 [52:57 > 33:11]
L-BFGS:  39%|███▊      | 193/500 [53:10 > 33:22]
L-BFGS:  39%|███▉      | 194/500 [53:13 > 33:32]
L-BFGS:  39%|███▉      | 195/500 [53:10 > 33:43]
L-BFGS:  39%|███▉      | 196/500 [52:33 > 33:53]
L-BFGS:  39%|███▉      | 197/500 [52:03 > 34:03]
L-BFGS:  40%|███▉      | 198/500 [51:38 > 34:13]
L-BFGS:  40%|███▉      | 199/500 [51:52 > 34:24]
L-BFGS:  40%|████      | 200/500 [51:26 > 34:34]
L-BFGS:  40%|████      | 201/500 [51:39 > 34:44]
L-BFGS:  40%|████      | 202/500 [51:07 > 34:55]
L-BFGS:  41%|████      | 203/500 [51:19 > 35:05]
L-BFGS:  41%|████      | 204/500 [51:23 > 35:16]
L-BFGS:  41%|████      | 205/500 [50:46 > 35:26]
L-BFGS:  41%|████      | 206/500 [50:55 > 35:36]
L-BFGS:  41%|████▏     | 207/500 [50:59 > 35:47]
L-BFGS:  42%|████▏     | 208/500 [50:24 > 35:57]
L-BFGS:  42%|████▏     | 209/500 [49:55 > 36:07]
L-BFGS:  42%|████▏     | 210/500 [49:33 > 36:17]
L-BFGS:  42%|████▏     | 211/500 [50:00 > 36:28]
L-BFGS:  42%|████▏     | 212/500 [50:16 > 36:39]
L-BFGS:  43%|████▎     | 213/500 [49:47 > 36:49]
L-BFGS:  43%|████▎     | 214/500 [49:59 > 37:00]
L-BFGS:  43%|████▎     | 215/500 [50:04 > 37:10]
L-BFGS:  43%|████▎     | 216/500 [49:29 > 37:21]
L-BFGS:  43%|████▎     | 217/500 [49:00 > 37:31]
L-BFGS:  44%|████▎     | 218/500 [48:39 > 37:41]
L-BFGS:  44%|████▍     | 219/500 [48:21 > 37:51]
L-BFGS:  44%|████▍     | 220/500 [48:38 > 38:02]
L-BFGS:  44%|████▍     | 221/500 [48:11 > 38:12]
L-BFGS:  44%|████▍     | 222/500 [47:42 > 38:22]
L-BFGS:  45%|████▍     | 223/500 [47:17 > 38:32]
L-BFGS:  45%|████▍     | 224/500 [46:58 > 38:43]
L-BFGS:  45%|████▌     | 225/500 [47:14 > 38:53]
L-BFGS:  45%|████▌     | 226/500 [46:49 > 39:03]
L-BFGS:  45%|████▌     | 227/500 [47:03 > 39:14]
L-BFGS:  46%|████▌     | 228/500 [46:37 > 39:24]
L-BFGS:  46%|████▌     | 229/500 [46:47 > 39:34]
L-BFGS:  46%|████▌     | 230/500 [46:21 > 39:45]
L-BFGS:  46%|████▌     | 231/500 [46:29 > 39:55]
L-BFGS:  46%|████▋     | 232/500 [46:00 > 40:05]
L-BFGS:  47%|████▋     | 233/500 [45:35 > 40:15]
L-BFGS:  47%|████▋     | 234/500 [45:48 > 40:26]
L-BFGS:  47%|████▋     | 235/500 [45:22 > 40:36]
L-BFGS:  47%|████▋     | 236/500 [45:31 > 40:47]
L-BFGS:  47%|████▋     | 237/500 [45:35 > 40:57]
L-BFGS:  48%|████▊     | 238/500 [45:35 > 41:08]
L-BFGS:  48%|████▊     | 239/500 [45:35 > 41:18]
L-BFGS:  48%|████▊     | 240/500 [45:08 > 41:29]
L-BFGS:  48%|████▊     | 241/500 [44:46 > 41:39]
L-BFGS:  48%|████▊     | 242/500 [45:00 > 41:49]
L-BFGS:  49%|████▊     | 243/500 [44:32 > 42:00]
L-BFGS:  49%|████▉     | 244/500 [44:45 > 42:10]
L-BFGS:  49%|████▉     | 245/500 [44:50 > 42:21]
L-BFGS:  49%|████▉     | 246/500 [44:49 > 42:32]
L-BFGS:  49%|████▉     | 247/500 [44:14 > 42:42]
L-BFGS:  50%|████▉     | 248/500 [43:47 > 42:52]
L-BFGS:  50%|████▉     | 249/500 [43:25 > 43:03]
L-BFGS:  50%|█████     | 250/500 [43:30 > 43:13]
L-BFGS:  50%|█████     | 251/500 [42:56 > 43:23]
L-BFGS:  50%|█████     | 252/500 [42:30 > 43:33]
L-BFGS:  51%|█████     | 253/500 [42:09 > 43:44]
L-BFGS:  51%|█████     | 254/500 [41:51 > 43:54]
L-BFGS:  51%|█████     | 255/500 [41:35 > 44:04]
L-BFGS:  51%|█████     | 256/500 [41:20 > 44:14]
L-BFGS:  51%|█████▏    | 257/500 [41:08 > 44:24]
L-BFGS:  52%|█████▏    | 258/500 [40:58 > 44:34]
L-BFGS:  52%|█████▏    | 259/500 [40:48 > 44:44]
L-BFGS:  52%|█████▏    | 260/500 [40:37 > 44:55]
L-BFGS:  52%|█████▏    | 261/500 [40:27 > 45:05]
L-BFGS:  52%|█████▏    | 262/500 [40:15 > 45:15]
L-BFGS:  53%|█████▎    | 263/500 [40:33 > 45:25]
L-BFGS:  53%|█████▎    | 264/500 [40:14 > 45:36]
L-BFGS:  53%|█████▎    | 265/500 [39:57 > 45:46]
L-BFGS:  53%|█████▎    | 266/500 [39:43 > 45:56]
L-BFGS:  53%|█████▎    | 267/500 [39:29 > 46:06]
L-BFGS:  54%|█████▎    | 268/500 [39:20 > 46:16]
L-BFGS:  54%|█████▍    | 269/500 [39:17 > 46:26]
L-BFGS:  54%|█████▍    | 270/500 [39:40 > 46:37]
L-BFGS:  54%|█████▍    | 271/500 [39:53 > 46:48]
L-BFGS:  54%|█████▍    | 272/500 [39:30 > 46:58]
L-BFGS:  55%|█████▍    | 273/500 [39:39 > 47:09]
L-BFGS:  55%|█████▍    | 274/500 [39:13 > 47:19]
L-BFGS:  55%|█████▌    | 275/500 [38:54 > 47:29]
L-BFGS:  55%|█████▌    | 276/500 [39:05 > 47:40]
L-BFGS:  55%|█████▌    | 277/500 [39:09 > 47:51]
L-BFGS:  56%|█████▌    | 278/500 [38:41 > 48:01]
L-BFGS:  56%|█████▌    | 279/500 [38:38 > 48:12]
L-BFGS:  56%|█████▌    | 280/500 [38:33 > 48:22]
L-BFGS:  56%|█████▌    | 281/500 [37:57 > 48:32]
L-BFGS:  56%|█████▋    | 282/500 [37:56 > 48:43]
L-BFGS:  57%|█████▋    | 283/500 [37:25 > 48:53]
L-BFGS:  57%|█████▋    | 284/500 [37:00 > 49:03]
L-BFGS:  57%|█████▋    | 285/500 [36:40 > 49:13]
L-BFGS:  57%|█████▋    | 286/500 [36:50 > 49:24]
L-BFGS:  57%|█████▋    | 287/500 [36:28 > 49:34]
L-BFGS:  58%|█████▊    | 288/500 [36:35 > 49:44]
L-BFGS:  58%|█████▊    | 289/500 [36:36 > 49:55]
L-BFGS:  58%|█████▊    | 290/500 [36:34 > 50:05]
L-BFGS:  58%|█████▊    | 291/500 [36:05 > 50:16]
L-BFGS:  58%|█████▊    | 292/500 [35:39 > 50:26]
L-BFGS:  59%|█████▊    | 293/500 [35:45 > 50:36]
L-BFGS:  59%|█████▉    | 294/500 [35:20 > 50:46]
L-BFGS:  59%|█████▉    | 295/500 [34:58 > 50:57]
L-BFGS:  59%|█████▉    | 296/500 [34:41 > 51:07]
L-BFGS:  59%|█████▉    | 297/500 [34:57 > 51:17]
L-BFGS:  60%|█████▉    | 298/500 [35:08 > 51:28]
L-BFGS:  60%|█████▉    | 299/500 [34:49 > 51:38]
L-BFGS:  60%|██████    | 300/500 [34:31 > 51:49]
L-BFGS:  60%|██████    | 301/500 [34:14 > 51:59]
L-BFGS:  60%|██████    | 302/500 [34:01 > 52:09]
L-BFGS:  61%|██████    | 303/500 [34:14 > 52:20]
L-BFGS:  61%|██████    | 304/500 [33:54 > 52:30]
L-BFGS:  61%|██████    | 305/500 [33:37 > 52:40]
L-BFGS:  61%|██████    | 306/500 [33:24 > 52:51]
L-BFGS:  61%|██████▏   | 307/500 [33:35 > 53:01]
L-BFGS:  62%|██████▏   | 308/500 [33:30 > 53:12]
L-BFGS:  62%|██████▏   | 309/500 [33:24 > 53:22]
L-BFGS:  62%|██████▏   | 310/500 [32:53 > 53:33]
L-BFGS:  62%|██████▏   | 311/500 [32:29 > 53:43]
L-BFGS:  62%|██████▏   | 312/500 [32:09 > 53:53]
L-BFGS:  63%|██████▎   | 313/500 [31:52 > 54:03]
L-BFGS:  63%|██████▎   | 314/500 [31:59 > 54:13]
L-BFGS:  63%|██████▎   | 315/500 [31:37 > 54:24]
L-BFGS:  63%|██████▎   | 316/500 [31:21 > 54:34]
L-BFGS:  63%|██████▎   | 317/500 [31:28 > 54:44]
L-BFGS:  64%|██████▎   | 318/500 [31:29 > 54:55]
L-BFGS:  64%|██████▍   | 319/500 [31:27 > 55:05]
L-BFGS:  64%|██████▍   | 320/500 [31:02 > 55:15]
L-BFGS:  64%|██████▍   | 321/500 [31:02 > 55:26]
L-BFGS:  64%|██████▍   | 322/500 [31:00 > 55:37]
L-BFGS:  65%|██████▍   | 323/500 [30:54 > 55:47]
L-BFGS:  65%|██████▍   | 324/500 [30:25 > 55:57]
L-BFGS:  65%|██████▌   | 325/500 [30:24 > 56:08]
L-BFGS:  65%|██████▌   | 326/500 [30:24 > 56:18]
L-BFGS:  65%|██████▌   | 327/500 [29:59 > 56:29]
L-BFGS:  66%|██████▌   | 328/500 [30:03 > 56:39]
L-BFGS:  66%|██████▌   | 329/500 [29:35 > 56:49]
L-BFGS:  66%|██████▌   | 330/500 [29:18 > 57:00]
L-BFGS:  66%|██████▌   | 331/500 [29:24 > 57:10]
L-BFGS:  66%|██████▋   | 332/500 [29:26 > 57:21]
L-BFGS:  67%|██████▋   | 333/500 [29:04 > 57:31]
L-BFGS:  67%|██████▋   | 334/500 [28:44 > 57:42]
L-BFGS:  67%|██████▋   | 335/500 [28:27 > 57:52]
L-BFGS:  67%|██████▋   | 336/500 [28:34 > 58:03]
L-BFGS:  67%|██████▋   | 337/500 [28:11 > 58:13]
L-BFGS:  68%|██████▊   | 338/500 [27:50 > 58:23]
L-BFGS:  68%|██████▊   | 339/500 [27:32 > 58:33]
L-BFGS:  68%|██████▊   | 340/500 [27:15 > 58:43]
L-BFGS:  68%|██████▊   | 341/500 [27:01 > 58:53]
L-BFGS:  68%|██████▊   | 342/500 [27:08 > 59:04]
L-BFGS:  69%|██████▊   | 343/500 [26:51 > 59:14]
L-BFGS:  69%|██████▉   | 344/500 [26:36 > 59:24]
L-BFGS:  69%|██████▉   | 345/500 [26:21 > 59:34]
L-BFGS:  69%|██████▉   | 346/500 [26:27 > 59:45]
L-BFGS:  69%|██████▉   | 347/500 [26:09 > 59:55]
L-BFGS:  70%|██████▉   | 348/500 [25:54 > 1:00:05]
L-BFGS:  70%|██████▉   | 349/500 [25:59 > 1:00:16]
L-BFGS:  70%|███████   | 350/500 [26:00 > 1:00:26]
L-BFGS:  70%|███████   | 351/500 [25:57 > 1:00:37]
L-BFGS:  70%|███████   | 352/500 [25:51 > 1:00:48]
L-BFGS:  71%|███████   | 353/500 [25:45 > 1:00:58]
L-BFGS:  71%|███████   | 354/500 [25:40 > 1:01:09]
L-BFGS:  71%|███████   | 355/500 [25:31 > 1:01:19]
L-BFGS:  71%|███████   | 356/500 [25:06 > 1:01:30]
L-BFGS:  71%|███████▏  | 357/500 [24:42 > 1:01:40]
L-BFGS:  72%|███████▏  | 358/500 [24:22 > 1:01:50]
L-BFGS:  72%|███████▏  | 359/500 [24:24 > 1:02:00]
L-BFGS:  72%|███████▏  | 360/500 [24:08 > 1:02:11]
L-BFGS:  72%|███████▏  | 361/500 [24:12 > 1:02:21]
L-BFGS:  72%|███████▏  | 362/500 [24:10 > 1:02:32]
L-BFGS:  73%|███████▎  | 363/500 [23:50 > 1:02:42]
L-BFGS:  73%|███████▎  | 364/500 [23:33 > 1:02:53]
L-BFGS:  73%|███████▎  | 365/500 [23:34 > 1:03:03]
L-BFGS:  73%|███████▎  | 366/500 [23:31 > 1:03:14]
L-BFGS:  73%|███████▎  | 367/500 [23:06 > 1:03:24]
L-BFGS:  74%|███████▎  | 368/500 [23:00 > 1:03:35]
L-BFGS:  74%|███████▍  | 369/500 [22:53 > 1:03:45]
L-BFGS:  74%|███████▍  | 370/500 [22:44 > 1:03:56]
L-BFGS:  74%|███████▍  | 371/500 [22:20 > 1:04:06]
L-BFGS:  74%|███████▍  | 372/500 [21:59 > 1:04:16]
L-BFGS:  75%|███████▍  | 373/500 [21:57 > 1:04:26]
L-BFGS:  75%|███████▍  | 374/500 [21:37 > 1:04:37]
L-BFGS:  75%|███████▌  | 375/500 [21:20 > 1:04:47]
L-BFGS:  75%|███████▌  | 376/500 [21:05 > 1:04:57]
L-BFGS:  75%|███████▌  | 377/500 [20:51 > 1:05:07]
L-BFGS:  76%|███████▌  | 378/500 [20:40 > 1:05:17]
L-BFGS:  76%|███████▌  | 379/500 [20:43 > 1:05:28]
L-BFGS:  76%|███████▌  | 380/500 [20:42 > 1:05:38]
L-BFGS:  76%|███████▌  | 381/500 [20:24 > 1:05:48]
L-BFGS:  76%|███████▋  | 382/500 [20:09 > 1:05:58]
L-BFGS:  77%|███████▋  | 383/500 [19:55 > 1:06:09]
L-BFGS:  77%|███████▋  | 384/500 [19:41 > 1:06:19]
L-BFGS:  77%|███████▋  | 385/500 [19:31 > 1:06:29]
L-BFGS:  77%|███████▋  | 386/500 [19:23 > 1:06:39]
L-BFGS:  77%|███████▋  | 387/500 [19:14 > 1:06:49]
L-BFGS:  78%|███████▊  | 388/500 [19:05 > 1:07:00]
L-BFGS:  78%|███████▊  | 389/500 [19:10 > 1:07:10]
L-BFGS:  78%|███████▊  | 390/500 [18:57 > 1:07:21]
L-BFGS:  78%|███████▊  | 391/500 [18:58 > 1:07:31]
L-BFGS:  78%|███████▊  | 392/500 [18:42 > 1:07:42]
L-BFGS:  79%|███████▊  | 393/500 [18:40 > 1:07:52]
L-BFGS:  79%|███████▉  | 394/500 [18:36 > 1:08:03]
L-BFGS:  79%|███████▉  | 395/500 [18:29 > 1:08:14]
L-BFGS:  79%|███████▉  | 396/500 [18:07 > 1:08:24]
L-BFGS:  79%|███████▉  | 397/500 [17:58 > 1:08:34]
L-BFGS:  80%|███████▉  | 398/500 [17:36 > 1:08:44]
L-BFGS:  80%|███████▉  | 399/500 [17:31 > 1:08:55]
L-BFGS:  80%|████████  | 400/500 [17:12 > 1:09:05]
L-BFGS:  80%|████████  | 401/500 [16:56 > 1:09:15]
L-BFGS:  80%|████████  | 402/500 [16:54 > 1:09:26]
L-BFGS:  81%|████████  | 403/500 [16:49 > 1:09:36]
L-BFGS:  81%|████████  | 404/500 [16:42 > 1:09:47]
L-BFGS:  81%|████████  | 405/500 [16:24 > 1:09:57]
L-BFGS:  81%|████████  | 406/500 [16:07 > 1:10:07]
L-BFGS:  81%|████████▏ | 407/500 [15:53 > 1:10:17]
L-BFGS:  82%|████████▏ | 408/500 [15:51 > 1:10:28]
L-BFGS:  82%|████████▏ | 409/500 [15:46 > 1:10:38]
L-BFGS:  82%|████████▏ | 410/500 [15:39 > 1:10:49]
L-BFGS:  82%|████████▏ | 411/500 [15:32 > 1:10:59]
L-BFGS:  82%|████████▏ | 412/500 [15:13 > 1:11:10]
L-BFGS:  83%|████████▎ | 413/500 [15:07 > 1:11:20]
L-BFGS:  83%|████████▎ | 414/500 [14:49 > 1:11:30]
L-BFGS:  83%|████████▎ | 415/500 [14:35 > 1:11:40]
L-BFGS:  83%|████████▎ | 416/500 [14:34 > 1:11:51]
L-BFGS:  83%|████████▎ | 417/500 [14:26 > 1:12:02]
L-BFGS:  84%|████████▎ | 418/500 [14:11 > 1:12:12]
L-BFGS:  84%|████████▍ | 419/500 [13:58 > 1:12:22]
L-BFGS:  84%|████████▍ | 420/500 [13:55 > 1:12:33]
L-BFGS:  84%|████████▍ | 421/500 [13:41 > 1:12:43]
L-BFGS:  84%|████████▍ | 422/500 [13:37 > 1:12:54]
L-BFGS:  85%|████████▍ | 423/500 [13:31 > 1:13:04]
L-BFGS:  85%|████████▍ | 424/500 [13:23 > 1:13:15]
L-BFGS:  85%|████████▌ | 425/500 [13:14 > 1:13:26]
L-BFGS:  85%|████████▌ | 426/500 [12:54 > 1:13:36]
L-BFGS:  85%|████████▌ | 427/500 [12:36 > 1:13:46]
L-BFGS:  86%|████████▌ | 428/500 [12:21 > 1:13:56]
L-BFGS:  86%|████████▌ | 429/500 [12:07 > 1:14:06]
L-BFGS:  86%|████████▌ | 430/500 [11:54 > 1:14:16]
L-BFGS:  86%|████████▌ | 431/500 [11:51 > 1:14:27]
L-BFGS:  86%|████████▋ | 432/500 [11:46 > 1:14:38]
L-BFGS:  87%|████████▋ | 433/500 [11:38 > 1:14:48]
L-BFGS:  87%|████████▋ | 434/500 [11:22 > 1:14:58]
L-BFGS:  87%|████████▋ | 435/500 [11:07 > 1:15:08]
L-BFGS:  87%|████████▋ | 436/500 [11:02 > 1:15:19]
L-BFGS:  87%|████████▋ | 437/500 [10:47 > 1:15:29]
L-BFGS:  88%|████████▊ | 438/500 [10:34 > 1:15:39]
L-BFGS:  88%|████████▊ | 439/500 [10:29 > 1:15:50]
L-BFGS:  88%|████████▊ | 440/500 [10:15 > 1:16:00]
L-BFGS:  88%|████████▊ | 441/500 [10:02 > 1:16:10]
L-BFGS:  88%|████████▊ | 442/500 [09:50 > 1:16:20]
L-BFGS:  89%|████████▊ | 443/500 [09:40 > 1:16:30]
L-BFGS:  89%|████████▉ | 444/500 [09:38 > 1:16:41]
L-BFGS:  89%|████████▉ | 445/500 [09:26 > 1:16:51]
L-BFGS:  89%|████████▉ | 446/500 [09:16 > 1:17:01]
L-BFGS:  89%|████████▉ | 447/500 [09:04 > 1:17:12]
L-BFGS:  90%|████████▉ | 448/500 [09:00 > 1:17:22]
L-BFGS:  90%|████████▉ | 449/500 [08:54 > 1:17:33]
L-BFGS:  90%|█████████ | 450/500 [08:47 > 1:17:44]
L-BFGS:  90%|█████████ | 451/500 [08:32 > 1:17:54]
L-BFGS:  90%|█████████ | 452/500 [08:19 > 1:18:04]
L-BFGS:  91%|█████████ | 453/500 [08:06 > 1:18:14]
L-BFGS:  91%|█████████ | 454/500 [08:00 > 1:18:25]
L-BFGS:  91%|█████████ | 455/500 [07:51 > 1:18:36]
L-BFGS:  91%|█████████ | 456/500 [07:36 > 1:18:46]
L-BFGS:  91%|█████████▏| 457/500 [07:22 > 1:18:56]
L-BFGS:  92%|█████████▏| 458/500 [07:10 > 1:19:06]
L-BFGS:  92%|█████████▏| 459/500 [06:59 > 1:19:16]
L-BFGS:  92%|█████████▏| 460/500 [06:52 > 1:19:27]
L-BFGS:  92%|█████████▏| 461/500 [06:40 > 1:19:37]
L-BFGS:  92%|█████████▏| 462/500 [06:28 > 1:19:47]
L-BFGS:  93%|█████████▎| 463/500 [06:21 > 1:19:58]
L-BFGS:  93%|█████████▎| 464/500 [06:13 > 1:20:08]
L-BFGS:  93%|█████████▎| 465/500 [06:00 > 1:20:18]
L-BFGS:  93%|█████████▎| 466/500 [05:52 > 1:20:29]
L-BFGS:  93%|█████████▎| 467/500 [05:39 > 1:20:39]
L-BFGS:  94%|█████████▎| 468/500 [05:27 > 1:20:49]
L-BFGS:  94%|█████████▍| 469/500 [05:16 > 1:20:59]
L-BFGS:  94%|█████████▍| 470/500 [05:05 > 1:21:09]
L-BFGS:  94%|█████████▍| 471/500 [04:55 > 1:21:19]
L-BFGS:  94%|█████████▍| 472/500 [04:44 > 1:21:30]
L-BFGS:  95%|█████████▍| 473/500 [04:35 > 1:21:40]
L-BFGS:  95%|█████████▍| 474/500 [04:25 > 1:21:50]
L-BFGS:  95%|█████████▌| 475/500 [04:16 > 1:22:00]
L-BFGS:  95%|█████████▌| 476/500 [04:08 > 1:22:11]
L-BFGS:  95%|█████████▌| 477/500 [03:57 > 1:22:21]
L-BFGS:  96%|█████████▌| 478/500 [03:49 > 1:22:32]
L-BFGS:  96%|█████████▌| 479/500 [03:40 > 1:22:43]
L-BFGS:  96%|█████████▌| 480/500 [03:28 > 1:22:53]
L-BFGS:  96%|█████████▌| 481/500 [03:19 > 1:23:04]
L-BFGS:  96%|█████████▋| 482/500 [03:07 > 1:23:14]
L-BFGS:  97%|█████████▋| 483/500 [02:58 > 1:23:25]
L-BFGS:  97%|█████████▋| 484/500 [02:46 > 1:23:35]
L-BFGS:  97%|█████████▋| 485/500 [02:36 > 1:23:45]
L-BFGS:  97%|█████████▋| 486/500 [02:26 > 1:23:56]
L-BFGS:  97%|█████████▋| 487/500 [02:16 > 1:24:06]
L-BFGS:  98%|█████████▊| 488/500 [02:04 > 1:24:16]
L-BFGS:  98%|█████████▊| 489/500 [01:54 > 1:24:27]
L-BFGS:  98%|█████████▊| 490/500 [01:43 > 1:24:37]
L-BFGS:  98%|█████████▊| 491/500 [01:33 > 1:24:48]
L-BFGS:  98%|█████████▊| 492/500 [01:23 > 1:24:58]
L-BFGS:  99%|█████████▊| 493/500 [01:12 > 1:25:08]
L-BFGS:  99%|█████████▉| 494/500 [01:02 > 1:25:19]
L-BFGS:  99%|█████████▉| 495/500 [00:52 > 1:25:29]
L-BFGS:  99%|█████████▉| 496/500 [00:41 > 1:25:40]
L-BFGS:  99%|█████████▉| 497/500 [00:31 > 1:25:50]
L-BFGS: 100%|█████████▉| 498/500 [00:20 > 1:26:01]
L-BFGS: 100%|█████████▉| 499/500 [00:10 > 1:26:11]
L-BFGS: 100%|██████████| 500/500 [00:00 > 1:26:22]
L-BFGS: 100%|██████████| 500/500 [00:00 > 1:26:22]
Training saved: C:\Ali Computation\pinn\code\heterogeneous\pino_heterogeneous\results\exp_Ta_piecewise_K100_N100_z4_min10pct_w64_float64_lbfgs500_maxiter20_icZeroX0C1\pino_heterogeneous_concentration.png C:\Ali Computation\pinn\code\heterogeneous\pino_heterogeneous\results\exp_Ta_piecewise_K100_N100_z4_min10pct_w64_float64_lbfgs500_maxiter20_icZeroX0C1\pino_heterogeneous_loss.png C:\Ali Computation\pinn\code\heterogeneous\pino_heterogeneous\results\exp_Ta_piecewise_K100_N100_z4_min10pct_w64_float64_lbfgs500_maxiter20_icZeroX0C1\pino_heterogeneous_model.pt
COMSOL validation: 81 media -> C:\Ali Computation\pinn\code\heterogeneous\pino_heterogeneous\results\exp_Ta_piecewise_K100_N100_z4_min10pct_w64_float64_lbfgs500_maxiter20_icZeroX0C1\comsol_validation  (x* collocation n=86)

COMSOL vs PINO:   0%|          | 0/81 [00:00<?, ?it/s]
COMSOL vs PINO:   1%|          | 1/81 [00:01<01:22,  1.03s/it]
COMSOL vs PINO:   2%|▏         | 2/81 [00:02<01:22,  1.04s/it]
COMSOL vs PINO:   4%|▎         | 3/81 [00:03<01:21,  1.04s/it]
COMSOL vs PINO:   5%|▍         | 4/81 [00:04<01:20,  1.04s/it]
COMSOL vs PINO:   6%|▌         | 5/81 [00:05<01:26,  1.14s/it]
COMSOL vs PINO:   7%|▋         | 6/81 [00:06<01:23,  1.11s/it]
COMSOL vs PINO:   9%|▊         | 7/81 [00:07<01:20,  1.09s/it]
COMSOL vs PINO:  10%|▉         | 8/81 [00:08<01:19,  1.08s/it]
COMSOL vs PINO:  11%|█         | 9/81 [00:09<01:17,  1.08s/it]
COMSOL vs PINO:  12%|█▏        | 10/81 [00:10<01:16,  1.08s/it]
COMSOL vs PINO:  14%|█▎        | 11/81 [00:11<01:14,  1.07s/it]
COMSOL vs PINO:  15%|█▍        | 12/81 [00:12<01:13,  1.06s/it]
COMSOL vs PINO:  16%|█▌        | 13/81 [00:13<01:12,  1.06s/it]
COMSOL vs PINO:  17%|█▋        | 14/81 [00:15<01:11,  1.06s/it]
COMSOL vs PINO:  19%|█▊        | 15/81 [00:16<01:10,  1.06s/it]
COMSOL vs PINO:  20%|█▉        | 16/81 [00:17<01:08,  1.05s/it]
COMSOL vs PINO:  21%|██        | 17/81 [00:18<01:07,  1.05s/it]
COMSOL vs PINO:  22%|██▏       | 18/81 [00:19<01:07,  1.07s/it]
COMSOL vs PINO:  23%|██▎       | 19/81 [00:20<01:05,  1.06s/it]
COMSOL vs PINO:  25%|██▍       | 20/81 [00:21<01:10,  1.16s/it]
COMSOL vs PINO:  26%|██▌       | 21/81 [00:22<01:07,  1.13s/it]
COMSOL vs PINO:  27%|██▋       | 22/81 [00:23<01:05,  1.11s/it]
COMSOL vs PINO:  28%|██▊       | 23/81 [00:24<01:03,  1.09s/it]
COMSOL vs PINO:  30%|██▉       | 24/81 [00:25<01:01,  1.08s/it]
COMSOL vs PINO:  31%|███       | 25/81 [00:26<00:59,  1.07s/it]
COMSOL vs PINO:  32%|███▏      | 26/81 [00:28<00:58,  1.07s/it]
COMSOL vs PINO:  33%|███▎      | 27/81 [00:29<00:57,  1.06s/it]
COMSOL vs PINO:  35%|███▍      | 28/81 [00:30<00:55,  1.06s/it]
COMSOL vs PINO:  36%|███▌      | 29/81 [00:31<00:54,  1.06s/it]
COMSOL vs PINO:  37%|███▋      | 30/81 [00:32<00:53,  1.06s/it]
COMSOL vs PINO:  38%|███▊      | 31/81 [00:33<00:53,  1.07s/it]
COMSOL vs PINO:  40%|███▉      | 32/81 [00:34<00:52,  1.07s/it]
COMSOL vs PINO:  41%|████      | 33/81 [00:35<00:50,  1.06s/it]
COMSOL vs PINO:  42%|████▏     | 34/81 [00:36<00:53,  1.15s/it]
COMSOL vs PINO:  43%|████▎     | 35/81 [00:37<00:51,  1.12s/it]
COMSOL vs PINO:  44%|████▍     | 36/81 [00:38<00:49,  1.10s/it]
COMSOL vs PINO:  46%|████▌     | 37/81 [00:39<00:47,  1.09s/it]
COMSOL vs PINO:  47%|████▋     | 38/81 [00:40<00:46,  1.08s/it]
COMSOL vs PINO:  48%|████▊     | 39/81 [00:42<00:44,  1.06s/it]
COMSOL vs PINO:  49%|████▉     | 40/81 [00:43<00:43,  1.06s/it]
COMSOL vs PINO:  51%|█████     | 41/81 [00:44<00:42,  1.06s/it]
COMSOL vs PINO:  52%|█████▏    | 42/81 [00:45<00:40,  1.05s/it]
COMSOL vs PINO:  53%|█████▎    | 43/81 [00:46<00:39,  1.05s/it]
COMSOL vs PINO:  54%|█████▍    | 44/81 [00:47<00:38,  1.05s/it]
COMSOL vs PINO:  56%|█████▌    | 45/81 [00:48<00:38,  1.06s/it]
COMSOL vs PINO:  57%|█████▋    | 46/81 [00:49<00:37,  1.06s/it]
COMSOL vs PINO:  58%|█████▊    | 47/81 [00:50<00:38,  1.15s/it]
COMSOL vs PINO:  59%|█████▉    | 48/81 [00:51<00:36,  1.12s/it]
COMSOL vs PINO:  60%|██████    | 49/81 [00:52<00:35,  1.10s/it]
COMSOL vs PINO:  62%|██████▏   | 50/81 [00:53<00:33,  1.08s/it]
COMSOL vs PINO:  63%|██████▎   | 51/81 [00:54<00:32,  1.08s/it]
COMSOL vs PINO:  64%|██████▍   | 52/81 [00:56<00:31,  1.07s/it]
COMSOL vs PINO:  65%|██████▌   | 53/81 [00:57<00:29,  1.07s/it]
COMSOL vs PINO:  67%|██████▋   | 54/81 [00:58<00:28,  1.06s/it]
COMSOL vs PINO:  68%|██████▊   | 55/81 [00:59<00:27,  1.06s/it]
COMSOL vs PINO:  69%|██████▉   | 56/81 [01:00<00:26,  1.06s/it]
COMSOL vs PINO:  70%|███████   | 57/81 [01:01<00:25,  1.06s/it]
COMSOL vs PINO:  72%|███████▏  | 58/81 [01:02<00:24,  1.06s/it]
COMSOL vs PINO:  73%|███████▎  | 59/81 [01:03<00:23,  1.06s/it]
COMSOL vs PINO:  74%|███████▍  | 60/81 [01:04<00:22,  1.05s/it]
COMSOL vs PINO:  75%|███████▌  | 61/81 [01:05<00:22,  1.14s/it]
COMSOL vs PINO:  77%|███████▋  | 62/81 [01:06<00:21,  1.12s/it]
COMSOL vs PINO:  78%|███████▊  | 63/81 [01:07<00:20,  1.11s/it]
COMSOL vs PINO:  79%|███████▉  | 64/81 [01:09<00:18,  1.10s/it]
COMSOL vs PINO:  80%|████████  | 65/81 [01:10<00:17,  1.08s/it]
COMSOL vs PINO:  81%|████████▏ | 66/81 [01:11<00:16,  1.07s/it]
COMSOL vs PINO:  83%|████████▎ | 67/81 [01:12<00:14,  1.07s/it]
COMSOL vs PINO:  84%|████████▍ | 68/81 [01:13<00:13,  1.07s/it]
COMSOL vs PINO:  85%|████████▌ | 69/81 [01:14<00:12,  1.06s/it]
COMSOL vs PINO:  86%|████████▋ | 70/81 [01:15<00:11,  1.07s/it]
COMSOL vs PINO:  88%|████████▊ | 71/81 [01:16<00:10,  1.06s/it]
COMSOL vs PINO:  89%|████████▉ | 72/81 [01:17<00:09,  1.07s/it]
COMSOL vs PINO:  90%|█████████ | 73/81 [01:18<00:08,  1.06s/it]
COMSOL vs PINO:  91%|█████████▏| 74/81 [01:19<00:08,  1.15s/it]
COMSOL vs PINO:  93%|█████████▎| 75/81 [01:20<00:06,  1.12s/it]
COMSOL vs PINO:  94%|█████████▍| 76/81 [01:22<00:05,  1.10s/it]
COMSOL vs PINO:  95%|█████████▌| 77/81 [01:23<00:04,  1.08s/it]
COMSOL vs PINO:  96%|█████████▋| 78/81 [01:24<00:03,  1.07s/it]
COMSOL vs PINO:  98%|█████████▊| 79/81 [01:25<00:02,  1.07s/it]
COMSOL vs PINO:  99%|█████████▉| 80/81 [01:26<00:01,  1.06s/it]
COMSOL vs PINO: 100%|██████████| 81/81 [01:27<00:00,  1.06s/it]
COMSOL vs PINO: 100%|██████████| 81/81 [01:27<00:00,  1.08s/it]
COMSOL validation summary: n=81  mean=7.618385e-02  max=2.197198e-01  min=3.609752e-02
Wrote C:\Ali Computation\pinn\code\heterogeneous\pino_heterogeneous\results\exp_Ta_piecewise_K100_N100_z4_min10pct_w64_float64_lbfgs500_maxiter20_icZeroX0C1\comsol_validation\comsol_validation_summary.csv
Run metadata: C:\Ali Computation\pinn\code\heterogeneous\pino_heterogeneous\results\exp_Ta_piecewise_K100_N100_z4_min10pct_w64_float64_lbfgs500_maxiter20_icZeroX0C1\run_meta.json
Wall-clock train: 5183.2 s
Wall-clock validation: 87.3 s
Wall-clock total: 5278.6 s  device=cuda

# exit 0 after 1:28:03.045317
