# code/heterogeneous/pino_heterogeneous/pinn1d_heterogeneous_parametric_neural_operator.py --design grf --n-sensors 100 --n-grf 0 --n-piecewise-per-zones 100 --piecewise-zone-counts 4 --min-zone-frac 0.1 --arch w64 --dtype float64 --early-stop-patience 150 --lr-lbfgs 0.1 --lbfgs-max-iter 20 --epochs 1000 --out-dir results/exp_Tb_piecewise_K100_N100_z4_min10pct_w64_float64_lbfgs1000_maxiter20
# started 2026-06-24 15:59:46
# cwd C:\Ali Computation\pinn\code\heterogeneous\pino_heterogeneous

Using GPU: NVIDIA GeForce RTX 3090 (cuda:0, dtype=torch.float64)
PE (computed) = 0.010368
design=grf  media_mode=grf  n_train_requested=100  n_corner_anchors=16  arch=w64  batch_mode=True
branch=[100, 64, 64, 64]  trunk=[2, 64, 64, 64, 64]
results_dir=C:\Ali Computation\pinn\code\heterogeneous\pino_heterogeneous\results\exp_Tb_piecewise_K100_N100_z4_min10pct_w64_float64_lbfgs1000_maxiter20
Training: 100 piecewise (100 each for zones [4]), min_zone_frac=0.1 = 100 total; K=100 uniform sensors, grid_n=201
  saved/loaded: C:\Ali Computation\pinn\code\heterogeneous\pino_heterogeneous\results\exp_Tb_piecewise_K100_N100_z4_min10pct_w64_float64_lbfgs1000_maxiter20\train_grf_cases.npz
  branch CFL range [0.120517, 0.599951]
PDE mesh: bulk 50x50x100 (no interface bands in GRF mode)
COMSOL validation: 81 fixed grid cases from comsol_4zones.txt -> C:\Ali Computation\pinn\code\heterogeneous\pino_heterogeneous\results\exp_Tb_piecewise_K100_N100_z4_min10pct_w64_float64_lbfgs1000_maxiter20\comsol_validation
run_training=True  run_comsol_validation=True  validate_only=False  skip_validation_plots=False
L-BFGS early stopping: patience=150 (max steps=1000)
L-BFGS: lr=0.1  max_iter=20  outer_steps=1000
PDE collocation points: 250,000 (bulk 250,000, interface 0)
Collocation mesh plot (pre-train): C:\Ali Computation\pinn\code\heterogeneous\pino_heterogeneous\results\exp_Tb_piecewise_K100_N100_z4_min10pct_w64_float64_lbfgs1000_maxiter20\pino_heterogeneous_collocation_points.png
LBFGS (
Parameter Group 0
    history_size: 50
    line_search_fn: strong_wolfe
    lr: 0.1
    max_eval: 25
    max_iter: 20
    tolerance_change: 1e-09
    tolerance_grad: 1e-07
)
Early stopping: patience=150 L-BFGS steps (no total-loss improvement, rtol=1e-12)

L-BFGS:   0%|          | 0/1000 [? > 00:00]
L-BFGS:   0%|          | 1/1000 [2:49:47 > 00:10]
L-BFGS:   0%|          | 2/1000 [2:50:23 > 00:20]
L-BFGS:   0%|          | 3/1000 [2:48:05 > 00:30]
L-BFGS:   0%|          | 4/1000 [2:49:55 > 00:40]
L-BFGS:   0%|          | 5/1000 [2:51:02 > 00:51]
L-BFGS:   1%|          | 6/1000 [2:49:24 > 01:01]
L-BFGS:   1%|          | 7/1000 [2:50:31 > 01:11]
L-BFGS:   1%|          | 8/1000 [2:51:25 > 01:22]
L-BFGS:   1%|          | 9/1000 [2:50:30 > 01:32]
L-BFGS:   1%|          | 10/1000 [2:52:03 > 01:43]
L-BFGS:   1%|          | 11/1000 [2:51:23 > 01:53]
L-BFGS:   1%|          | 12/1000 [2:50:29 > 02:03]
L-BFGS:   1%|▏         | 13/1000 [2:51:56 > 02:14]
L-BFGS:   1%|▏         | 14/1000 [2:50:36 > 02:24]
L-BFGS:   2%|▏         | 15/1000 [2:49:51 > 02:34]
L-BFGS:   2%|▏         | 16/1000 [2:51:14 > 02:45]
L-BFGS:   2%|▏         | 17/1000 [2:50:12 > 02:55]
L-BFGS:   2%|▏         | 18/1000 [2:49:28 > 03:06]
L-BFGS:   2%|▏         | 19/1000 [2:48:41 > 03:16]
L-BFGS:   2%|▏         | 20/1000 [2:48:03 > 03:26]
L-BFGS:   2%|▏         | 21/1000 [2:49:03 > 03:37]
L-BFGS:   2%|▏         | 22/1000 [2:49:41 > 03:47]
L-BFGS:   2%|▏         | 23/1000 [2:50:07 > 03:58]
L-BFGS:   2%|▏         | 24/1000 [2:50:31 > 04:08]
L-BFGS:   2%|▎         | 25/1000 [2:50:28 > 04:19]
L-BFGS:   3%|▎         | 26/1000 [2:48:33 > 04:29]
L-BFGS:   3%|▎         | 27/1000 [2:47:11 > 04:39]
L-BFGS:   3%|▎         | 28/1000 [2:48:02 > 04:50]
L-BFGS:   3%|▎         | 29/1000 [2:48:35 > 05:00]
L-BFGS:   3%|▎         | 30/1000 [2:49:00 > 05:11]
L-BFGS:   3%|▎         | 31/1000 [2:47:12 > 05:21]
L-BFGS:   3%|▎         | 32/1000 [2:46:04 > 05:31]
L-BFGS:   3%|▎         | 33/1000 [2:45:08 > 05:41]
L-BFGS:   3%|▎         | 34/1000 [2:44:19 > 05:51]
L-BFGS:   4%|▎         | 35/1000 [2:43:46 > 06:01]
L-BFGS:   4%|▎         | 36/1000 [2:45:16 > 06:12]
L-BFGS:   4%|▎         | 37/1000 [2:44:23 > 06:22]
L-BFGS:   4%|▍         | 38/1000 [2:43:48 > 06:32]
L-BFGS:   4%|▍         | 39/1000 [2:43:52 > 06:42]
L-BFGS:   4%|▍         | 40/1000 [2:45:44 > 06:53]
L-BFGS:   4%|▍         | 41/1000 [2:47:00 > 07:04]
L-BFGS:   4%|▍         | 42/1000 [2:46:01 > 07:14]
L-BFGS:   4%|▍         | 43/1000 [2:45:16 > 07:24]
L-BFGS:   4%|▍         | 44/1000 [2:44:44 > 07:35]
L-BFGS:   4%|▍         | 45/1000 [2:44:10 > 07:45]
L-BFGS:   5%|▍         | 46/1000 [2:43:50 > 07:55]
L-BFGS:   5%|▍         | 47/1000 [2:43:34 > 08:05]
L-BFGS:   5%|▍         | 48/1000 [2:45:03 > 08:16]
L-BFGS:   5%|▍         | 49/1000 [2:44:05 > 08:26]
L-BFGS:   5%|▌         | 50/1000 [2:42:56 > 08:36]
L-BFGS:   5%|▌         | 51/1000 [2:41:58 > 08:47]
L-BFGS:   5%|▌         | 52/1000 [2:43:16 > 08:57]
L-BFGS:   5%|▌         | 53/1000 [2:42:05 > 09:07]
L-BFGS:   5%|▌         | 54/1000 [2:41:23 > 09:17]
L-BFGS:   6%|▌         | 55/1000 [2:41:02 > 09:28]
L-BFGS:   6%|▌         | 56/1000 [2:40:23 > 09:38]
L-BFGS:   6%|▌         | 57/1000 [2:39:57 > 09:48]
L-BFGS:   6%|▌         | 58/1000 [2:39:36 > 09:58]
L-BFGS:   6%|▌         | 59/1000 [2:41:15 > 10:08]
L-BFGS:   6%|▌         | 60/1000 [2:40:27 > 10:19]
L-BFGS:   6%|▌         | 61/1000 [2:40:02 > 10:29]
L-BFGS:   6%|▌         | 62/1000 [2:39:34 > 10:39]
L-BFGS:   6%|▋         | 63/1000 [2:39:02 > 10:49]
L-BFGS:   6%|▋         | 64/1000 [2:40:35 > 11:00]
L-BFGS:   6%|▋         | 65/1000 [2:41:34 > 11:10]
L-BFGS:   7%|▋         | 66/1000 [2:40:14 > 11:20]
L-BFGS:   7%|▋         | 67/1000 [2:39:39 > 11:31]
L-BFGS:   7%|▋         | 68/1000 [2:39:33 > 11:41]
L-BFGS:   7%|▋         | 69/1000 [2:41:21 > 11:52]
L-BFGS:   7%|▋         | 70/1000 [2:40:30 > 12:02]
L-BFGS:   7%|▋         | 71/1000 [2:40:04 > 12:12]
L-BFGS:   7%|▋         | 72/1000 [2:39:38 > 12:22]
L-BFGS:   7%|▋         | 73/1000 [2:39:16 > 12:33]
L-BFGS:   7%|▋         | 74/1000 [2:39:00 > 12:43]
L-BFGS:   8%|▊         | 75/1000 [2:38:38 > 12:53]
L-BFGS:   8%|▊         | 76/1000 [2:38:26 > 13:03]
L-BFGS:   8%|▊         | 77/1000 [2:40:01 > 13:14]
L-BFGS:   8%|▊         | 78/1000 [2:39:00 > 13:24]
L-BFGS:   8%|▊         | 79/1000 [2:37:50 > 13:34]
L-BFGS:   8%|▊         | 80/1000 [2:37:01 > 13:45]
L-BFGS:   8%|▊         | 81/1000 [2:36:19 > 13:55]
L-BFGS:   8%|▊         | 82/1000 [2:35:52 > 14:05]
L-BFGS:   8%|▊         | 83/1000 [2:35:34 > 14:15]
L-BFGS:   8%|▊         | 84/1000 [2:37:10 > 14:26]
L-BFGS:   8%|▊         | 85/1000 [2:38:07 > 14:36]
L-BFGS:   9%|▊         | 86/1000 [2:36:54 > 14:46]
L-BFGS:   9%|▊         | 87/1000 [2:35:57 > 14:56]
L-BFGS:   9%|▉         | 88/1000 [2:35:13 > 15:07]
L-BFGS:   9%|▉         | 89/1000 [2:36:35 > 15:17]
L-BFGS:   9%|▉         | 90/1000 [2:35:35 > 15:27]
L-BFGS:   9%|▉         | 91/1000 [2:34:43 > 15:37]
L-BFGS:   9%|▉         | 92/1000 [2:34:14 > 15:48]
L-BFGS:   9%|▉         | 93/1000 [2:33:43 > 15:58]
L-BFGS:   9%|▉         | 94/1000 [2:33:26 > 16:08]
L-BFGS:  10%|▉         | 95/1000 [2:33:15 > 16:18]
L-BFGS:  10%|▉         | 96/1000 [2:33:06 > 16:28]
L-BFGS:  10%|▉         | 97/1000 [2:33:24 > 16:38]
L-BFGS:  10%|▉         | 98/1000 [2:35:32 > 16:49]
L-BFGS:  10%|▉         | 99/1000 [2:36:55 > 17:00]
L-BFGS:  10%|█         | 100/1000 [2:37:48 > 17:10]
L-BFGS:  10%|█         | 101/1000 [2:36:28 > 17:21]
L-BFGS:  10%|█         | 102/1000 [2:37:20 > 17:31]
L-BFGS:  10%|█         | 103/1000 [2:37:53 > 17:42]
L-BFGS:  10%|█         | 104/1000 [2:36:32 > 17:52]
L-BFGS:  10%|█         | 105/1000 [2:35:24 > 18:03]
L-BFGS:  11%|█         | 106/1000 [2:36:35 > 18:13]
L-BFGS:  11%|█         | 107/1000 [2:35:08 > 18:24]
L-BFGS:  11%|█         | 108/1000 [2:33:44 > 18:34]
L-BFGS:  11%|█         | 109/1000 [2:32:37 > 18:44]
L-BFGS:  11%|█         | 110/1000 [2:31:49 > 18:54]
L-BFGS:  11%|█         | 111/1000 [2:31:14 > 19:04]
L-BFGS:  11%|█         | 112/1000 [2:30:46 > 19:14]
L-BFGS:  11%|█▏        | 113/1000 [2:32:03 > 19:25]
L-BFGS:  11%|█▏        | 114/1000 [2:32:57 > 19:35]
L-BFGS:  12%|█▏        | 115/1000 [2:33:30 > 19:46]
L-BFGS:  12%|█▏        | 116/1000 [2:32:07 > 19:56]
L-BFGS:  12%|█▏        | 117/1000 [2:31:10 > 20:06]
L-BFGS:  12%|█▏        | 118/1000 [2:30:34 > 20:16]
L-BFGS:  12%|█▏        | 119/1000 [2:31:43 > 20:27]
L-BFGS:  12%|█▏        | 120/1000 [2:30:43 > 20:37]
L-BFGS:  12%|█▏        | 121/1000 [2:31:41 > 20:48]
L-BFGS:  12%|█▏        | 122/1000 [2:30:30 > 20:58]
L-BFGS:  12%|█▏        | 123/1000 [2:31:27 > 21:08]
L-BFGS:  12%|█▏        | 124/1000 [2:30:24 > 21:18]
L-BFGS:  12%|█▎        | 125/1000 [2:29:45 > 21:29]
L-BFGS:  13%|█▎        | 126/1000 [2:29:28 > 21:39]
L-BFGS:  13%|█▎        | 127/1000 [2:29:14 > 21:49]
L-BFGS:  13%|█▎        | 128/1000 [2:29:05 > 21:59]
L-BFGS:  13%|█▎        | 129/1000 [2:29:02 > 22:10]
L-BFGS:  13%|█▎        | 130/1000 [2:30:32 > 22:20]
L-BFGS:  13%|█▎        | 131/1000 [2:29:49 > 22:30]
L-BFGS:  13%|█▎        | 132/1000 [2:31:04 > 22:41]
L-BFGS:  13%|█▎        | 133/1000 [2:30:13 > 22:51]
L-BFGS:  13%|█▎        | 134/1000 [2:29:35 > 23:02]
L-BFGS:  14%|█▎        | 135/1000 [2:28:54 > 23:12]
L-BFGS:  14%|█▎        | 136/1000 [2:29:59 > 23:23]
L-BFGS:  14%|█▎        | 137/1000 [2:28:33 > 23:33]
L-BFGS:  14%|█▍        | 138/1000 [2:27:33 > 23:43]
L-BFGS:  14%|█▍        | 139/1000 [2:28:34 > 23:53]
L-BFGS:  14%|█▍        | 140/1000 [2:27:25 > 24:04]
L-BFGS:  14%|█▍        | 141/1000 [2:28:22 > 24:14]
L-BFGS:  14%|█▍        | 142/1000 [2:28:54 > 24:25]
L-BFGS:  14%|█▍        | 143/1000 [2:29:15 > 24:35]
L-BFGS:  14%|█▍        | 144/1000 [2:29:22 > 24:46]
L-BFGS:  14%|█▍        | 145/1000 [2:27:42 > 24:56]
L-BFGS:  15%|█▍        | 146/1000 [2:28:25 > 25:06]
L-BFGS:  15%|█▍        | 147/1000 [2:28:42 > 25:17]
L-BFGS:  15%|█▍        | 148/1000 [2:28:46 > 25:27]
L-BFGS:  15%|█▍        | 149/1000 [2:27:13 > 25:38]
L-BFGS:  15%|█▌        | 150/1000 [2:25:56 > 25:48]
L-BFGS:  15%|█▌        | 151/1000 [2:25:08 > 25:58]
L-BFGS:  15%|█▌        | 152/1000 [2:24:35 > 26:08]
L-BFGS:  15%|█▌        | 153/1000 [2:25:47 > 26:19]
L-BFGS:  15%|█▌        | 154/1000 [2:24:43 > 26:29]
L-BFGS:  16%|█▌        | 155/1000 [2:24:22 > 26:39]
L-BFGS:  16%|█▌        | 156/1000 [2:23:57 > 26:49]
L-BFGS:  16%|█▌        | 157/1000 [2:23:37 > 26:59]
L-BFGS:  16%|█▌        | 158/1000 [2:25:22 > 27:10]
L-BFGS:  16%|█▌        | 159/1000 [2:24:51 > 27:20]
L-BFGS:  16%|█▌        | 160/1000 [2:24:22 > 27:30]
L-BFGS:  16%|█▌        | 161/1000 [2:26:02 > 27:41]
L-BFGS:  16%|█▌        | 162/1000 [2:26:50 > 27:52]
L-BFGS:  16%|█▋        | 163/1000 [2:27:24 > 28:03]
L-BFGS:  16%|█▋        | 164/1000 [2:25:59 > 28:13]
L-BFGS:  16%|█▋        | 165/1000 [2:24:56 > 28:23]
L-BFGS:  17%|█▋        | 166/1000 [2:23:52 > 28:33]
L-BFGS:  17%|█▋        | 167/1000 [2:22:58 > 28:44]
L-BFGS:  17%|█▋        | 168/1000 [2:22:06 > 28:54]
L-BFGS:  17%|█▋        | 169/1000 [2:23:07 > 29:04]
L-BFGS:  17%|█▋        | 170/1000 [2:23:43 > 29:15]
L-BFGS:  17%|█▋        | 171/1000 [2:22:27 > 29:25]
L-BFGS:  17%|█▋        | 172/1000 [2:23:16 > 29:35]
L-BFGS:  17%|█▋        | 173/1000 [2:22:07 > 29:46]
L-BFGS:  17%|█▋        | 174/1000 [2:21:18 > 29:56]
L-BFGS:  18%|█▊        | 175/1000 [2:20:37 > 30:06]
L-BFGS:  18%|█▊        | 176/1000 [2:20:02 > 30:16]
L-BFGS:  18%|█▊        | 177/1000 [2:19:35 > 30:26]
L-BFGS:  18%|█▊        | 178/1000 [2:19:17 > 30:36]
L-BFGS:  18%|█▊        | 179/1000 [2:20:35 > 30:47]
L-BFGS:  18%|█▊        | 180/1000 [2:19:53 > 30:57]
L-BFGS:  18%|█▊        | 181/1000 [2:20:58 > 31:07]
L-BFGS:  18%|█▊        | 182/1000 [2:20:00 > 31:18]
L-BFGS:  18%|█▊        | 183/1000 [2:21:01 > 31:28]
L-BFGS:  18%|█▊        | 184/1000 [2:20:18 > 31:38]
L-BFGS:  18%|█▊        | 185/1000 [2:21:31 > 31:49]
L-BFGS:  19%|█▊        | 186/1000 [2:22:22 > 32:00]
L-BFGS:  19%|█▊        | 187/1000 [2:22:54 > 32:10]
L-BFGS:  19%|█▉        | 188/1000 [2:21:35 > 32:21]
L-BFGS:  19%|█▉        | 189/1000 [2:20:26 > 32:31]
L-BFGS:  19%|█▉        | 190/1000 [2:19:47 > 32:41]
L-BFGS:  19%|█▉        | 191/1000 [2:20:49 > 32:52]
L-BFGS:  19%|█▉        | 192/1000 [2:21:35 > 33:02]
L-BFGS:  19%|█▉        | 193/1000 [2:20:25 > 33:13]
L-BFGS:  19%|█▉        | 194/1000 [2:19:39 > 33:23]
L-BFGS:  20%|█▉        | 195/1000 [2:20:15 > 33:34]
L-BFGS:  20%|█▉        | 196/1000 [2:18:45 > 33:44]
L-BFGS:  20%|█▉        | 197/1000 [2:19:17 > 33:54]
L-BFGS:  20%|█▉        | 198/1000 [2:19:36 > 34:05]
L-BFGS:  20%|█▉        | 199/1000 [2:19:47 > 34:15]
L-BFGS:  20%|██        | 200/1000 [2:18:18 > 34:25]
L-BFGS:  20%|██        | 201/1000 [2:18:47 > 34:36]
L-BFGS:  20%|██        | 202/1000 [2:17:24 > 34:46]
L-BFGS:  20%|██        | 203/1000 [2:16:29 > 34:56]
L-BFGS:  20%|██        | 204/1000 [2:15:46 > 35:06]
L-BFGS:  20%|██        | 205/1000 [2:15:06 > 35:17]
L-BFGS:  21%|██        | 206/1000 [2:16:20 > 35:27]
L-BFGS:  21%|██        | 207/1000 [2:15:30 > 35:37]
L-BFGS:  21%|██        | 208/1000 [2:16:24 > 35:48]
L-BFGS:  21%|██        | 209/1000 [2:17:03 > 35:58]
L-BFGS:  21%|██        | 210/1000 [2:17:23 > 36:09]
L-BFGS:  21%|██        | 211/1000 [2:17:37 > 36:19]
L-BFGS:  21%|██        | 212/1000 [2:17:42 > 36:30]
L-BFGS:  21%|██▏       | 213/1000 [2:18:12 > 36:41]
L-BFGS:  21%|██▏       | 214/1000 [2:18:39 > 36:51]
L-BFGS:  22%|██▏       | 215/1000 [2:18:44 > 37:02]
L-BFGS:  22%|██▏       | 216/1000 [2:18:53 > 37:13]
L-BFGS:  22%|██▏       | 217/1000 [2:18:52 > 37:23]
L-BFGS:  22%|██▏       | 218/1000 [2:18:52 > 37:34]
L-BFGS:  22%|██▏       | 219/1000 [2:18:48 > 37:45]
L-BFGS:  22%|██▏       | 220/1000 [2:17:05 > 37:55]
L-BFGS:  22%|██▏       | 221/1000 [2:15:52 > 38:05]
L-BFGS:  22%|██▏       | 222/1000 [2:14:58 > 38:15]
L-BFGS:  22%|██▏       | 223/1000 [2:14:09 > 38:26]
L-BFGS:  22%|██▏       | 224/1000 [2:13:04 > 38:36]
L-BFGS:  22%|██▎       | 225/1000 [2:13:49 > 38:46]
L-BFGS:  23%|██▎       | 226/1000 [2:14:15 > 38:57]
L-BFGS:  23%|██▎       | 227/1000 [2:14:31 > 39:07]
L-BFGS:  23%|██▎       | 228/1000 [2:13:09 > 39:17]
L-BFGS:  23%|██▎       | 229/1000 [2:12:10 > 39:28]
L-BFGS:  23%|██▎       | 230/1000 [2:11:25 > 39:38]
L-BFGS:  23%|██▎       | 231/1000 [2:12:25 > 39:48]
L-BFGS:  23%|██▎       | 232/1000 [2:11:28 > 39:58]
L-BFGS:  23%|██▎       | 233/1000 [2:10:45 > 40:09]
L-BFGS:  23%|██▎       | 234/1000 [2:10:07 > 40:19]
L-BFGS:  24%|██▎       | 235/1000 [2:09:38 > 40:29]
L-BFGS:  24%|██▎       | 236/1000 [2:09:18 > 40:39]
L-BFGS:  24%|██▎       | 237/1000 [2:09:00 > 40:49]
L-BFGS:  24%|██▍       | 238/1000 [2:08:46 > 40:59]
L-BFGS:  24%|██▍       | 239/1000 [2:08:38 > 41:09]
L-BFGS:  24%|██▍       | 240/1000 [2:08:23 > 41:19]
L-BFGS:  24%|██▍       | 241/1000 [2:09:49 > 41:30]
L-BFGS:  24%|██▍       | 242/1000 [2:09:36 > 41:40]
L-BFGS:  24%|██▍       | 243/1000 [2:09:22 > 41:50]
L-BFGS:  24%|██▍       | 244/1000 [2:10:46 > 42:01]
L-BFGS:  24%|██▍       | 245/1000 [2:11:42 > 42:12]
L-BFGS:  25%|██▍       | 246/1000 [2:10:44 > 42:22]
L-BFGS:  25%|██▍       | 247/1000 [2:09:59 > 42:32]
L-BFGS:  25%|██▍       | 248/1000 [2:11:01 > 42:43]
L-BFGS:  25%|██▍       | 249/1000 [2:10:13 > 42:53]
L-BFGS:  25%|██▌       | 250/1000 [2:09:30 > 43:04]
L-BFGS:  25%|██▌       | 251/1000 [2:10:32 > 43:14]
L-BFGS:  25%|██▌       | 252/1000 [2:09:46 > 43:25]
L-BFGS:  25%|██▌       | 253/1000 [2:10:04 > 43:35]
L-BFGS:  25%|██▌       | 254/1000 [2:10:14 > 43:46]
L-BFGS:  26%|██▌       | 255/1000 [2:08:48 > 43:56]
L-BFGS:  26%|██▌       | 256/1000 [2:07:43 > 44:06]
L-BFGS:  26%|██▌       | 257/1000 [2:08:23 > 44:16]
L-BFGS:  26%|██▌       | 258/1000 [2:07:20 > 44:27]
L-BFGS:  26%|██▌       | 259/1000 [2:06:32 > 44:37]
L-BFGS:  26%|██▌       | 260/1000 [2:07:24 > 44:47]
L-BFGS:  26%|██▌       | 261/1000 [2:06:29 > 44:57]
L-BFGS:  26%|██▌       | 262/1000 [2:05:46 > 45:07]
L-BFGS:  26%|██▋       | 263/1000 [2:05:14 > 45:18]
L-BFGS:  26%|██▋       | 264/1000 [2:06:17 > 45:28]
L-BFGS:  26%|██▋       | 265/1000 [2:05:36 > 45:38]
L-BFGS:  27%|██▋       | 266/1000 [2:05:01 > 45:48]
L-BFGS:  27%|██▋       | 267/1000 [2:04:31 > 45:59]
L-BFGS:  27%|██▋       | 268/1000 [2:05:37 > 46:09]
L-BFGS:  27%|██▋       | 269/1000 [2:06:18 > 46:20]
L-BFGS:  27%|██▋       | 270/1000 [2:05:17 > 46:30]
L-BFGS:  27%|██▋       | 271/1000 [2:06:19 > 46:40]
L-BFGS:  27%|██▋       | 272/1000 [2:07:06 > 46:51]
L-BFGS:  27%|██▋       | 273/1000 [2:07:36 > 47:02]
L-BFGS:  27%|██▋       | 274/1000 [2:06:27 > 47:12]
L-BFGS:  28%|██▊       | 275/1000 [2:07:02 > 47:23]
L-BFGS:  28%|██▊       | 276/1000 [2:05:56 > 47:33]
L-BFGS:  28%|██▊       | 277/1000 [2:05:09 > 47:43]
L-BFGS:  28%|██▊       | 278/1000 [2:06:04 > 47:54]
L-BFGS:  28%|██▊       | 279/1000 [2:05:08 > 48:04]
L-BFGS:  28%|██▊       | 280/1000 [2:05:54 > 48:15]
L-BFGS:  28%|██▊       | 281/1000 [2:06:17 > 48:25]
L-BFGS:  28%|██▊       | 282/1000 [2:04:40 > 48:36]
L-BFGS:  28%|██▊       | 283/1000 [2:05:02 > 48:46]
L-BFGS:  28%|██▊       | 284/1000 [2:05:08 > 48:57]
L-BFGS:  28%|██▊       | 285/1000 [2:03:38 > 49:07]
L-BFGS:  29%|██▊       | 286/1000 [2:02:35 > 49:17]
L-BFGS:  29%|██▊       | 287/1000 [2:03:12 > 49:27]
L-BFGS:  29%|██▉       | 288/1000 [2:02:10 > 49:38]
L-BFGS:  29%|██▉       | 289/1000 [2:02:53 > 49:48]
L-BFGS:  29%|██▉       | 290/1000 [2:03:15 > 49:59]
L-BFGS:  29%|██▉       | 291/1000 [2:02:04 > 50:09]
L-BFGS:  29%|██▉       | 292/1000 [2:01:07 > 50:19]
L-BFGS:  29%|██▉       | 293/1000 [2:01:50 > 50:29]
L-BFGS:  29%|██▉       | 294/1000 [2:01:02 > 50:40]
L-BFGS:  30%|██▉       | 295/1000 [2:01:47 > 50:50]
L-BFGS:  30%|██▉       | 296/1000 [2:02:06 > 51:01]
L-BFGS:  30%|██▉       | 297/1000 [2:01:00 > 51:11]
L-BFGS:  30%|██▉       | 298/1000 [2:01:34 > 51:21]
L-BFGS:  30%|██▉       | 299/1000 [2:00:27 > 51:31]
L-BFGS:  30%|███       | 300/1000 [1:59:45 > 51:42]
L-BFGS:  30%|███       | 301/1000 [2:00:57 > 51:52]
L-BFGS:  30%|███       | 302/1000 [2:01:43 > 52:03]
L-BFGS:  30%|███       | 303/1000 [2:00:56 > 52:13]
L-BFGS:  30%|███       | 304/1000 [2:00:15 > 52:23]
L-BFGS:  30%|███       | 305/1000 [1:59:47 > 52:34]
L-BFGS:  31%|███       | 306/1000 [1:59:22 > 52:44]
L-BFGS:  31%|███       | 307/1000 [1:58:59 > 52:54]
L-BFGS:  31%|███       | 308/1000 [1:58:41 > 53:04]
L-BFGS:  31%|███       | 309/1000 [1:58:22 > 53:15]
L-BFGS:  31%|███       | 310/1000 [1:59:34 > 53:25]
L-BFGS:  31%|███       | 311/1000 [1:58:43 > 53:36]
L-BFGS:  31%|███       | 312/1000 [1:57:47 > 53:46]
L-BFGS:  31%|███▏      | 313/1000 [1:57:02 > 53:56]
L-BFGS:  31%|███▏      | 314/1000 [1:56:36 > 54:06]
L-BFGS:  32%|███▏      | 315/1000 [1:57:40 > 54:17]
L-BFGS:  32%|███▏      | 316/1000 [1:56:54 > 54:27]
L-BFGS:  32%|███▏      | 317/1000 [1:56:17 > 54:37]
L-BFGS:  32%|███▏      | 318/1000 [1:55:47 > 54:47]
L-BFGS:  32%|███▏      | 319/1000 [1:55:25 > 54:57]
L-BFGS:  32%|███▏      | 320/1000 [1:55:07 > 55:07]
L-BFGS:  32%|███▏      | 321/1000 [1:54:51 > 55:17]
L-BFGS:  32%|███▏      | 322/1000 [1:54:36 > 55:27]
L-BFGS:  32%|███▏      | 323/1000 [1:55:42 > 55:38]
L-BFGS:  32%|███▏      | 324/1000 [1:55:06 > 55:48]
L-BFGS:  32%|███▎      | 325/1000 [1:54:36 > 55:58]
L-BFGS:  33%|███▎      | 326/1000 [1:56:56 > 56:09]
L-BFGS:  33%|███▎      | 327/1000 [1:55:57 > 56:19]
L-BFGS:  33%|███▎      | 328/1000 [1:55:11 > 56:29]
L-BFGS:  33%|███▎      | 329/1000 [1:56:16 > 56:40]
L-BFGS:  33%|███▎      | 330/1000 [1:57:08 > 56:51]
L-BFGS:  33%|███▎      | 331/1000 [1:57:47 > 57:02]
L-BFGS:  33%|███▎      | 332/1000 [1:58:07 > 57:12]
L-BFGS:  33%|███▎      | 333/1000 [1:58:23 > 57:23]
L-BFGS:  33%|███▎      | 334/1000 [1:57:06 > 57:33]
L-BFGS:  34%|███▎      | 335/1000 [1:56:10 > 57:44]
L-BFGS:  34%|███▎      | 336/1000 [1:56:53 > 57:54]
L-BFGS:  34%|███▎      | 337/1000 [1:56:00 > 58:05]
L-BFGS:  34%|███▍      | 338/1000 [1:56:32 > 58:15]
L-BFGS:  34%|███▍      | 339/1000 [1:55:37 > 58:26]
L-BFGS:  34%|███▍      | 340/1000 [1:55:45 > 58:36]
L-BFGS:  34%|███▍      | 341/1000 [1:54:24 > 58:47]
L-BFGS:  34%|███▍      | 342/1000 [1:54:49 > 58:57]
L-BFGS:  34%|███▍      | 343/1000 [1:53:38 > 59:07]
L-BFGS:  34%|███▍      | 344/1000 [1:52:54 > 59:18]
L-BFGS:  34%|███▍      | 345/1000 [1:52:10 > 59:28]
L-BFGS:  35%|███▍      | 346/1000 [1:53:03 > 59:38]
L-BFGS:  35%|███▍      | 347/1000 [1:53:37 > 59:49]
L-BFGS:  35%|███▍      | 348/1000 [1:52:34 > 59:59]
L-BFGS:  35%|███▍      | 349/1000 [1:53:04 > 1:00:10]
L-BFGS:  35%|███▌      | 350/1000 [1:52:08 > 1:00:20]
L-BFGS:  35%|███▌      | 351/1000 [1:51:25 > 1:00:30]
L-BFGS:  35%|███▌      | 352/1000 [1:52:09 > 1:00:41]
L-BFGS:  35%|███▌      | 353/1000 [1:51:22 > 1:00:51]
L-BFGS:  35%|███▌      | 354/1000 [1:50:39 > 1:01:01]
L-BFGS:  36%|███▌      | 355/1000 [1:51:27 > 1:01:12]
L-BFGS:  36%|███▌      | 356/1000 [1:51:52 > 1:01:22]
L-BFGS:  36%|███▌      | 357/1000 [1:50:44 > 1:01:32]
L-BFGS:  36%|███▌      | 358/1000 [1:50:14 > 1:01:42]
L-BFGS:  36%|███▌      | 359/1000 [1:51:19 > 1:01:53]
L-BFGS:  36%|███▌      | 360/1000 [1:50:43 > 1:02:03]
L-BFGS:  36%|███▌      | 361/1000 [1:51:32 > 1:02:14]
L-BFGS:  36%|███▌      | 362/1000 [1:51:58 > 1:02:25]
L-BFGS:  36%|███▋      | 363/1000 [1:52:16 > 1:02:35]
L-BFGS:  36%|███▋      | 364/1000 [1:51:05 > 1:02:46]
L-BFGS:  36%|███▋      | 365/1000 [1:51:27 > 1:02:56]
L-BFGS:  37%|███▋      | 366/1000 [1:50:26 > 1:03:07]
L-BFGS:  37%|███▋      | 367/1000 [1:49:36 > 1:03:17]
L-BFGS:  37%|███▋      | 368/1000 [1:49:01 > 1:03:27]
L-BFGS:  37%|███▋      | 369/1000 [1:49:28 > 1:03:38]
L-BFGS:  37%|███▋      | 370/1000 [1:48:24 > 1:03:48]
L-BFGS:  37%|███▋      | 371/1000 [1:48:54 > 1:03:58]
L-BFGS:  37%|███▋      | 372/1000 [1:47:56 > 1:04:08]
L-BFGS:  37%|███▋      | 373/1000 [1:47:12 > 1:04:19]
L-BFGS:  37%|███▋      | 374/1000 [1:47:57 > 1:04:29]
L-BFGS:  38%|███▊      | 375/1000 [1:47:06 > 1:04:39]
L-BFGS:  38%|███▊      | 376/1000 [1:47:41 > 1:04:50]
L-BFGS:  38%|███▊      | 377/1000 [1:46:49 > 1:05:00]
L-BFGS:  38%|███▊      | 378/1000 [1:46:12 > 1:05:10]
L-BFGS:  38%|███▊      | 379/1000 [1:45:44 > 1:05:20]
L-BFGS:  38%|███▊      | 380/1000 [1:46:31 > 1:05:31]
L-BFGS:  38%|███▊      | 381/1000 [1:45:48 > 1:05:41]
L-BFGS:  38%|███▊      | 382/1000 [1:45:15 > 1:05:51]
L-BFGS:  38%|███▊      | 383/1000 [1:44:54 > 1:06:01]
L-BFGS:  38%|███▊      | 384/1000 [1:44:33 > 1:06:11]
L-BFGS:  38%|███▊      | 385/1000 [1:45:30 > 1:06:22]
L-BFGS:  39%|███▊      | 386/1000 [1:44:50 > 1:06:32]
L-BFGS:  39%|███▊      | 387/1000 [1:45:57 > 1:06:43]
L-BFGS:  39%|███▉      | 388/1000 [1:45:29 > 1:06:53]
L-BFGS:  39%|███▉      | 389/1000 [1:45:06 > 1:07:03]
L-BFGS:  39%|███▉      | 390/1000 [1:44:48 > 1:07:14]
L-BFGS:  39%|███▉      | 391/1000 [1:45:39 > 1:07:24]
L-BFGS:  39%|███▉      | 392/1000 [1:45:01 > 1:07:34]
L-BFGS:  39%|███▉      | 393/1000 [1:44:30 > 1:07:45]
L-BFGS:  39%|███▉      | 394/1000 [1:45:19 > 1:07:55]
L-BFGS:  40%|███▉      | 395/1000 [1:45:52 > 1:08:06]
L-BFGS:  40%|███▉      | 396/1000 [1:45:00 > 1:08:16]
L-BFGS:  40%|███▉      | 397/1000 [1:44:15 > 1:08:26]
L-BFGS:  40%|███▉      | 398/1000 [1:44:37 > 1:08:37]
L-BFGS:  40%|███▉      | 399/1000 [1:44:43 > 1:08:48]
L-BFGS:  40%|████      | 400/1000 [1:43:36 > 1:08:58]
L-BFGS:  40%|████      | 401/1000 [1:43:54 > 1:09:08]
L-BFGS:  40%|████      | 402/1000 [1:42:52 > 1:09:18]
L-BFGS:  40%|████      | 403/1000 [1:43:24 > 1:09:29]
L-BFGS:  40%|████      | 404/1000 [1:43:39 > 1:09:39]
L-BFGS:  40%|████      | 405/1000 [1:43:47 > 1:09:50]
L-BFGS:  41%|████      | 406/1000 [1:43:50 > 1:10:01]
L-BFGS:  41%|████      | 407/1000 [1:43:44 > 1:10:11]
L-BFGS:  41%|████      | 408/1000 [1:43:44 > 1:10:22]
L-BFGS:  41%|████      | 409/1000 [1:43:35 > 1:10:32]
L-BFGS:  41%|████      | 410/1000 [1:43:27 > 1:10:43]
L-BFGS:  41%|████      | 411/1000 [1:42:03 > 1:10:53]
L-BFGS:  41%|████      | 412/1000 [1:41:05 > 1:11:03]
L-BFGS:  41%|████▏     | 413/1000 [1:40:57 > 1:11:13]
L-BFGS:  41%|████▏     | 414/1000 [1:42:00 > 1:11:24]
L-BFGS:  42%|████▏     | 415/1000 [1:42:16 > 1:11:35]
L-BFGS:  42%|████▏     | 416/1000 [1:42:38 > 1:11:45]
L-BFGS:  42%|████▏     | 417/1000 [1:41:39 > 1:11:55]
L-BFGS:  42%|████▏     | 418/1000 [1:40:53 > 1:12:06]
L-BFGS:  42%|████▏     | 419/1000 [1:41:27 > 1:12:16]
L-BFGS:  42%|████▏     | 420/1000 [1:41:53 > 1:12:27]
L-BFGS:  42%|████▏     | 421/1000 [1:42:03 > 1:12:38]
L-BFGS:  42%|████▏     | 422/1000 [1:42:12 > 1:12:48]
L-BFGS:  42%|████▏     | 423/1000 [1:42:14 > 1:12:59]
L-BFGS:  42%|████▏     | 424/1000 [1:40:55 > 1:13:09]
L-BFGS:  42%|████▎     | 425/1000 [1:40:05 > 1:13:20]
L-BFGS:  43%|████▎     | 426/1000 [1:39:12 > 1:13:30]
L-BFGS:  43%|████▎     | 427/1000 [1:39:28 > 1:13:40]
L-BFGS:  43%|████▎     | 428/1000 [1:38:27 > 1:13:50]
L-BFGS:  43%|████▎     | 429/1000 [1:37:40 > 1:14:01]
L-BFGS:  43%|████▎     | 430/1000 [1:38:14 > 1:14:11]
L-BFGS:  43%|████▎     | 431/1000 [1:38:36 > 1:14:22]
L-BFGS:  43%|████▎     | 432/1000 [1:37:39 > 1:14:32]
L-BFGS:  43%|████▎     | 433/1000 [1:36:58 > 1:14:42]
L-BFGS:  43%|████▎     | 434/1000 [1:37:35 > 1:14:52]
L-BFGS:  44%|████▎     | 435/1000 [1:37:58 > 1:15:03]
L-BFGS:  44%|████▎     | 436/1000 [1:37:06 > 1:15:13]
L-BFGS:  44%|████▎     | 437/1000 [1:37:29 > 1:15:24]
L-BFGS:  44%|████▍     | 438/1000 [1:36:35 > 1:15:34]
L-BFGS:  44%|████▍     | 439/1000 [1:35:54 > 1:15:44]
L-BFGS:  44%|████▍     | 440/1000 [1:36:33 > 1:15:54]
L-BFGS:  44%|████▍     | 441/1000 [1:35:46 > 1:16:05]
L-BFGS:  44%|████▍     | 442/1000 [1:35:13 > 1:16:15]
L-BFGS:  44%|████▍     | 443/1000 [1:35:48 > 1:16:25]
L-BFGS:  44%|████▍     | 444/1000 [1:35:13 > 1:16:35]
L-BFGS:  44%|████▍     | 445/1000 [1:35:01 > 1:16:46]
L-BFGS:  45%|████▍     | 446/1000 [1:35:54 > 1:16:56]
L-BFGS:  45%|████▍     | 447/1000 [1:35:24 > 1:17:07]
L-BFGS:  45%|████▍     | 448/1000 [1:36:12 > 1:17:17]
L-BFGS:  45%|████▍     | 449/1000 [1:36:38 > 1:17:28]
L-BFGS:  45%|████▌     | 450/1000 [1:35:46 > 1:17:38]
L-BFGS:  45%|████▌     | 451/1000 [1:35:09 > 1:17:49]
L-BFGS:  45%|████▌     | 452/1000 [1:35:39 > 1:17:59]
L-BFGS:  45%|████▌     | 453/1000 [1:35:59 > 1:18:10]
L-BFGS:  45%|████▌     | 454/1000 [1:35:13 > 1:18:20]
L-BFGS:  46%|████▌     | 455/1000 [1:35:22 > 1:18:31]
L-BFGS:  46%|████▌     | 456/1000 [1:34:10 > 1:18:41]
L-BFGS:  46%|████▌     | 457/1000 [1:33:18 > 1:18:51]
L-BFGS:  46%|████▌     | 458/1000 [1:32:38 > 1:19:01]
L-BFGS:  46%|████▌     | 459/1000 [1:33:10 > 1:19:12]
L-BFGS:  46%|████▌     | 460/1000 [1:32:26 > 1:19:22]
L-BFGS:  46%|████▌     | 461/1000 [1:32:58 > 1:19:32]
L-BFGS:  46%|████▌     | 462/1000 [1:32:08 > 1:19:42]
L-BFGS:  46%|████▋     | 463/1000 [1:31:33 > 1:19:53]
L-BFGS:  46%|████▋     | 464/1000 [1:31:03 > 1:20:03]
L-BFGS:  46%|████▋     | 465/1000 [1:31:49 > 1:20:13]
L-BFGS:  47%|████▋     | 466/1000 [1:31:13 > 1:20:23]
L-BFGS:  47%|████▋     | 467/1000 [1:31:48 > 1:20:34]
L-BFGS:  47%|████▋     | 468/1000 [1:31:08 > 1:20:44]
L-BFGS:  47%|████▋     | 469/1000 [1:31:36 > 1:20:55]
L-BFGS:  47%|████▋     | 470/1000 [1:30:51 > 1:21:05]
L-BFGS:  47%|████▋     | 471/1000 [1:30:21 > 1:21:15]
L-BFGS:  47%|████▋     | 472/1000 [1:29:55 > 1:21:25]
L-BFGS:  47%|████▋     | 473/1000 [1:30:53 > 1:21:36]
L-BFGS:  47%|████▋     | 474/1000 [1:30:30 > 1:21:46]
L-BFGS:  48%|████▊     | 475/1000 [1:31:14 > 1:21:57]
L-BFGS:  48%|████▊     | 476/1000 [1:31:40 > 1:22:07]
L-BFGS:  48%|████▊     | 477/1000 [1:30:52 > 1:22:17]
L-BFGS:  48%|████▊     | 478/1000 [1:31:21 > 1:22:28]
L-BFGS:  48%|████▊     | 479/1000 [1:31:35 > 1:22:39]
L-BFGS:  48%|████▊     | 480/1000 [1:30:38 > 1:22:49]
L-BFGS:  48%|████▊     | 481/1000 [1:30:00 > 1:22:59]
L-BFGS:  48%|████▊     | 482/1000 [1:29:23 > 1:23:10]
L-BFGS:  48%|████▊     | 483/1000 [1:28:56 > 1:23:20]
L-BFGS:  48%|████▊     | 484/1000 [1:29:27 > 1:23:30]
L-BFGS:  48%|████▊     | 485/1000 [1:28:36 > 1:23:41]
L-BFGS:  49%|████▊     | 486/1000 [1:27:58 > 1:23:51]
L-BFGS:  49%|████▊     | 487/1000 [1:27:25 > 1:24:01]
L-BFGS:  49%|████▉     | 488/1000 [1:27:01 > 1:24:11]
L-BFGS:  49%|████▉     | 489/1000 [1:26:43 > 1:24:21]
L-BFGS:  49%|████▉     | 490/1000 [1:26:26 > 1:24:31]
L-BFGS:  49%|████▉     | 491/1000 [1:26:16 > 1:24:41]
L-BFGS:  49%|████▉     | 492/1000 [1:27:03 > 1:24:52]
L-BFGS:  49%|████▉     | 493/1000 [1:26:29 > 1:25:02]
L-BFGS:  49%|████▉     | 494/1000 [1:26:01 > 1:25:12]
L-BFGS:  50%|████▉     | 495/1000 [1:26:40 > 1:25:23]
L-BFGS:  50%|████▉     | 496/1000 [1:27:02 > 1:25:33]
L-BFGS:  50%|████▉     | 497/1000 [1:27:16 > 1:25:44]
L-BFGS:  50%|████▉     | 498/1000 [1:27:28 > 1:25:54]
L-BFGS:  50%|████▉     | 499/1000 [1:26:31 > 1:26:04]
L-BFGS:  50%|█████     | 500/1000 [1:25:44 > 1:26:15]
L-BFGS:  50%|█████     | 501/1000 [1:25:08 > 1:26:25]
L-BFGS:  50%|█████     | 502/1000 [1:26:00 > 1:26:35]
L-BFGS:  50%|█████     | 503/1000 [1:25:34 > 1:26:46]
L-BFGS:  50%|█████     | 504/1000 [1:26:14 > 1:26:56]
L-BFGS:  50%|█████     | 505/1000 [1:25:42 > 1:27:07]
L-BFGS:  51%|█████     | 506/1000 [1:25:11 > 1:27:17]
L-BFGS:  51%|█████     | 507/1000 [1:24:50 > 1:27:27]
L-BFGS:  51%|█████     | 508/1000 [1:24:32 > 1:27:37]
L-BFGS:  51%|█████     | 509/1000 [1:24:14 > 1:27:48]
L-BFGS:  51%|█████     | 510/1000 [1:25:00 > 1:27:58]
L-BFGS:  51%|█████     | 511/1000 [1:25:29 > 1:28:09]
L-BFGS:  51%|█████     | 512/1000 [1:24:42 > 1:28:19]
L-BFGS:  51%|█████▏    | 513/1000 [1:23:49 > 1:28:29]
L-BFGS:  51%|█████▏    | 514/1000 [1:23:08 > 1:28:39]
L-BFGS:  52%|█████▏    | 515/1000 [1:23:42 > 1:28:50]
L-BFGS:  52%|█████▏    | 516/1000 [1:22:56 > 1:29:00]
L-BFGS:  52%|█████▏    | 517/1000 [1:22:25 > 1:29:10]
L-BFGS:  52%|█████▏    | 518/1000 [1:22:58 > 1:29:21]
L-BFGS:  52%|█████▏    | 519/1000 [1:23:18 > 1:29:31]
L-BFGS:  52%|█████▏    | 520/1000 [1:23:26 > 1:29:42]
L-BFGS:  52%|█████▏    | 521/1000 [1:22:33 > 1:29:52]
L-BFGS:  52%|█████▏    | 522/1000 [1:21:52 > 1:30:02]
L-BFGS:  52%|█████▏    | 523/1000 [1:21:23 > 1:30:12]
L-BFGS:  52%|█████▏    | 524/1000 [1:20:55 > 1:30:22]
L-BFGS:  52%|█████▎    | 525/1000 [1:20:33 > 1:30:33]
L-BFGS:  53%|█████▎    | 526/1000 [1:21:13 > 1:30:43]
L-BFGS:  53%|█████▎    | 527/1000 [1:20:39 > 1:30:53]
L-BFGS:  53%|█████▎    | 528/1000 [1:21:10 > 1:31:04]
L-BFGS:  53%|█████▎    | 529/1000 [1:20:38 > 1:31:14]
L-BFGS:  53%|█████▎    | 530/1000 [1:21:04 > 1:31:24]
L-BFGS:  53%|█████▎    | 531/1000 [1:20:39 > 1:31:35]
L-BFGS:  53%|█████▎    | 532/1000 [1:21:18 > 1:31:45]
L-BFGS:  53%|█████▎    | 533/1000 [1:21:40 > 1:31:56]
L-BFGS:  53%|█████▎    | 534/1000 [1:21:54 > 1:32:07]
L-BFGS:  54%|█████▎    | 535/1000 [1:21:04 > 1:32:17]
L-BFGS:  54%|█████▎    | 536/1000 [1:21:20 > 1:32:28]
L-BFGS:  54%|█████▎    | 537/1000 [1:20:32 > 1:32:38]
L-BFGS:  54%|█████▍    | 538/1000 [1:20:58 > 1:32:48]
L-BFGS:  54%|█████▍    | 539/1000 [1:21:09 > 1:32:59]
L-BFGS:  54%|█████▍    | 540/1000 [1:20:16 > 1:33:09]
L-BFGS:  54%|█████▍    | 541/1000 [1:19:36 > 1:33:20]
L-BFGS:  54%|█████▍    | 542/1000 [1:18:50 > 1:33:30]
L-BFGS:  54%|█████▍    | 543/1000 [1:18:13 > 1:33:40]
L-BFGS:  54%|█████▍    | 544/1000 [1:18:42 > 1:33:51]
L-BFGS:  55%|█████▍    | 545/1000 [1:17:59 > 1:34:01]
L-BFGS:  55%|█████▍    | 546/1000 [1:18:23 > 1:34:11]
L-BFGS:  55%|█████▍    | 547/1000 [1:18:35 > 1:34:22]
L-BFGS:  55%|█████▍    | 548/1000 [1:18:40 > 1:34:32]
L-BFGS:  55%|█████▍    | 549/1000 [1:18:41 > 1:34:43]
L-BFGS:  55%|█████▌    | 550/1000 [1:18:42 > 1:34:53]
L-BFGS:  55%|█████▌    | 551/1000 [1:18:36 > 1:35:04]
L-BFGS:  55%|█████▌    | 552/1000 [1:17:37 > 1:35:14]
L-BFGS:  55%|█████▌    | 553/1000 [1:16:50 > 1:35:24]
L-BFGS:  55%|█████▌    | 554/1000 [1:17:10 > 1:35:35]
L-BFGS:  56%|█████▌    | 555/1000 [1:17:20 > 1:35:45]
L-BFGS:  56%|█████▌    | 556/1000 [1:16:28 > 1:35:55]
L-BFGS:  56%|█████▌    | 557/1000 [1:15:48 > 1:36:05]
L-BFGS:  56%|█████▌    | 558/1000 [1:16:14 > 1:36:16]
L-BFGS:  56%|█████▌    | 559/1000 [1:15:39 > 1:36:26]
L-BFGS:  56%|█████▌    | 560/1000 [1:16:16 > 1:36:37]
L-BFGS:  56%|█████▌    | 561/1000 [1:15:44 > 1:36:47]
L-BFGS:  56%|█████▌    | 562/1000 [1:15:21 > 1:36:57]
L-BFGS:  56%|█████▋    | 563/1000 [1:15:05 > 1:37:08]
L-BFGS:  56%|█████▋    | 564/1000 [1:15:41 > 1:37:18]
L-BFGS:  56%|█████▋    | 565/1000 [1:16:02 > 1:37:29]
L-BFGS:  57%|█████▋    | 566/1000 [1:16:12 > 1:37:39]
L-BFGS:  57%|█████▋    | 567/1000 [1:15:29 > 1:37:50]
L-BFGS:  57%|█████▋    | 568/1000 [1:15:49 > 1:38:00]
L-BFGS:  57%|█████▋    | 569/1000 [1:15:04 > 1:38:11]
L-BFGS:  57%|█████▋    | 570/1000 [1:15:20 > 1:38:21]
L-BFGS:  57%|█████▋    | 571/1000 [1:14:16 > 1:38:31]
L-BFGS:  57%|█████▋    | 572/1000 [1:13:32 > 1:38:42]
L-BFGS:  57%|█████▋    | 573/1000 [1:13:01 > 1:38:52]
L-BFGS:  57%|█████▋    | 574/1000 [1:13:23 > 1:39:02]
L-BFGS:  57%|█████▊    | 575/1000 [1:12:44 > 1:39:12]
L-BFGS:  58%|█████▊    | 576/1000 [1:13:09 > 1:39:23]
L-BFGS:  58%|█████▊    | 577/1000 [1:12:30 > 1:39:33]
L-BFGS:  58%|█████▊    | 578/1000 [1:12:54 > 1:39:44]
L-BFGS:  58%|█████▊    | 579/1000 [1:12:12 > 1:39:54]
L-BFGS:  58%|█████▊    | 580/1000 [1:11:43 > 1:40:04]
L-BFGS:  58%|█████▊    | 581/1000 [1:11:20 > 1:40:14]
L-BFGS:  58%|█████▊    | 582/1000 [1:10:57 > 1:40:24]
L-BFGS:  58%|█████▊    | 583/1000 [1:10:38 > 1:40:34]
L-BFGS:  58%|█████▊    | 584/1000 [1:10:26 > 1:40:44]
L-BFGS:  58%|█████▊    | 585/1000 [1:10:13 > 1:40:55]
L-BFGS:  59%|█████▊    | 586/1000 [1:10:51 > 1:41:05]
L-BFGS:  59%|█████▊    | 587/1000 [1:11:14 > 1:41:16]
L-BFGS:  59%|█████▉    | 588/1000 [1:11:25 > 1:41:26]
L-BFGS:  59%|█████▉    | 589/1000 [1:11:50 > 1:41:37]
L-BFGS:  59%|█████▉    | 590/1000 [1:11:11 > 1:41:47]
L-BFGS:  59%|█████▉    | 591/1000 [1:11:32 > 1:41:58]
L-BFGS:  59%|█████▉    | 592/1000 [1:10:50 > 1:42:08]
L-BFGS:  59%|█████▉    | 593/1000 [1:10:19 > 1:42:18]
L-BFGS:  59%|█████▉    | 594/1000 [1:10:42 > 1:42:29]
L-BFGS:  60%|█████▉    | 595/1000 [1:11:01 > 1:42:40]
L-BFGS:  60%|█████▉    | 596/1000 [1:11:12 > 1:42:50]
L-BFGS:  60%|█████▉    | 597/1000 [1:10:24 > 1:43:01]
L-BFGS:  60%|█████▉    | 598/1000 [1:10:35 > 1:43:11]
L-BFGS:  60%|█████▉    | 599/1000 [1:09:51 > 1:43:21]
L-BFGS:  60%|██████    | 600/1000 [1:09:50 > 1:43:32]
L-BFGS:  60%|██████    | 601/1000 [1:09:48 > 1:43:43]
L-BFGS:  60%|██████    | 602/1000 [1:08:55 > 1:43:53]
L-BFGS:  60%|██████    | 603/1000 [1:08:15 > 1:44:03]
L-BFGS:  60%|██████    | 604/1000 [1:07:41 > 1:44:13]
L-BFGS:  60%|██████    | 605/1000 [1:07:17 > 1:44:23]
L-BFGS:  61%|██████    | 606/1000 [1:06:55 > 1:44:33]
L-BFGS:  61%|██████    | 607/1000 [1:06:37 > 1:44:43]
L-BFGS:  61%|██████    | 608/1000 [1:07:08 > 1:44:54]
L-BFGS:  61%|██████    | 609/1000 [1:06:39 > 1:45:04]
L-BFGS:  61%|██████    | 610/1000 [1:06:16 > 1:45:14]
L-BFGS:  61%|██████    | 611/1000 [1:06:42 > 1:45:25]
L-BFGS:  61%|██████    | 612/1000 [1:06:16 > 1:45:35]
L-BFGS:  61%|██████▏   | 613/1000 [1:05:57 > 1:45:45]
L-BFGS:  61%|██████▏   | 614/1000 [1:05:35 > 1:45:55]
L-BFGS:  62%|██████▏   | 615/1000 [1:05:17 > 1:46:05]
L-BFGS:  62%|██████▏   | 616/1000 [1:05:47 > 1:46:16]
L-BFGS:  62%|██████▏   | 617/1000 [1:05:17 > 1:46:26]
L-BFGS:  62%|██████▏   | 618/1000 [1:05:55 > 1:46:36]
L-BFGS:  62%|██████▏   | 619/1000 [1:05:36 > 1:46:47]
L-BFGS:  62%|██████▏   | 620/1000 [1:05:20 > 1:46:57]
L-BFGS:  62%|██████▏   | 621/1000 [1:05:06 > 1:47:07]
L-BFGS:  62%|██████▏   | 622/1000 [1:05:34 > 1:47:18]
L-BFGS:  62%|██████▏   | 623/1000 [1:05:54 > 1:47:29]
L-BFGS:  62%|██████▏   | 624/1000 [1:05:17 > 1:47:39]
L-BFGS:  62%|██████▎   | 625/1000 [1:05:33 > 1:47:50]
L-BFGS:  63%|██████▎   | 626/1000 [1:05:01 > 1:48:00]
L-BFGS:  63%|██████▎   | 627/1000 [1:05:19 > 1:48:11]
L-BFGS:  63%|██████▎   | 628/1000 [1:04:40 > 1:48:21]
L-BFGS:  63%|██████▎   | 629/1000 [1:03:59 > 1:48:31]
L-BFGS:  63%|██████▎   | 630/1000 [1:03:23 > 1:48:41]
L-BFGS:  63%|██████▎   | 631/1000 [1:03:44 > 1:48:52]
L-BFGS:  63%|██████▎   | 632/1000 [1:03:51 > 1:49:02]
L-BFGS:  63%|██████▎   | 633/1000 [1:03:08 > 1:49:12]
L-BFGS:  63%|██████▎   | 634/1000 [1:03:19 > 1:49:23]
L-BFGS:  64%|██████▎   | 635/1000 [1:02:40 > 1:49:33]
L-BFGS:  64%|██████▎   | 636/1000 [1:02:57 > 1:49:43]
L-BFGS:  64%|██████▎   | 637/1000 [1:02:25 > 1:49:54]
L-BFGS:  64%|██████▍   | 638/1000 [1:01:54 > 1:50:04]
L-BFGS:  64%|██████▍   | 639/1000 [1:02:12 > 1:50:14]
L-BFGS:  64%|██████▍   | 640/1000 [1:01:38 > 1:50:24]
L-BFGS:  64%|██████▍   | 641/1000 [1:01:10 > 1:50:34]
L-BFGS:  64%|██████▍   | 642/1000 [1:01:36 > 1:50:45]
L-BFGS:  64%|██████▍   | 643/1000 [1:01:49 > 1:50:56]
L-BFGS:  64%|██████▍   | 644/1000 [1:01:54 > 1:51:06]
L-BFGS:  64%|██████▍   | 645/1000 [1:01:14 > 1:51:16]
L-BFGS:  65%|██████▍   | 646/1000 [1:01:27 > 1:51:27]
L-BFGS:  65%|██████▍   | 647/1000 [1:01:01 > 1:51:37]
L-BFGS:  65%|██████▍   | 648/1000 [1:00:41 > 1:51:47]
L-BFGS:  65%|██████▍   | 649/1000 [1:00:23 > 1:51:58]
L-BFGS:  65%|██████▌   | 650/1000 [1:00:06 > 1:52:08]
L-BFGS:  65%|██████▌   | 651/1000 [59:51 > 1:52:18]  
L-BFGS:  65%|██████▌   | 652/1000 [59:40 > 1:52:28]
L-BFGS:  65%|██████▌   | 653/1000 [59:26 > 1:52:39]
L-BFGS:  65%|██████▌   | 654/1000 [59:12 > 1:52:49]
L-BFGS:  66%|██████▌   | 655/1000 [59:01 > 1:52:59]
L-BFGS:  66%|██████▌   | 656/1000 [58:49 > 1:53:09]
L-BFGS:  66%|██████▌   | 657/1000 [59:19 > 1:53:20]
L-BFGS:  66%|██████▌   | 658/1000 [58:43 > 1:53:30]
L-BFGS:  66%|██████▌   | 659/1000 [58:56 > 1:53:41]
L-BFGS:  66%|██████▌   | 660/1000 [58:19 > 1:53:51]
L-BFGS:  66%|██████▌   | 661/1000 [57:52 > 1:54:01]
L-BFGS:  66%|██████▌   | 662/1000 [58:11 > 1:54:12]
L-BFGS:  66%|██████▋   | 663/1000 [57:41 > 1:54:22]
L-BFGS:  66%|██████▋   | 664/1000 [57:18 > 1:54:32]
L-BFGS:  66%|██████▋   | 665/1000 [56:56 > 1:54:42]
L-BFGS:  67%|██████▋   | 666/1000 [57:19 > 1:54:52]
L-BFGS:  67%|██████▋   | 667/1000 [57:32 > 1:55:03]
L-BFGS:  67%|██████▋   | 668/1000 [56:58 > 1:55:13]
L-BFGS:  67%|██████▋   | 669/1000 [56:30 > 1:55:23]
L-BFGS:  67%|██████▋   | 670/1000 [56:08 > 1:55:33]
L-BFGS:  67%|██████▋   | 671/1000 [55:50 > 1:55:44]
L-BFGS:  67%|██████▋   | 672/1000 [56:16 > 1:55:54]
L-BFGS:  67%|██████▋   | 673/1000 [56:29 > 1:56:05]
L-BFGS:  67%|██████▋   | 674/1000 [55:55 > 1:56:15]
L-BFGS:  68%|██████▊   | 675/1000 [56:10 > 1:56:25]
L-BFGS:  68%|██████▊   | 676/1000 [56:29 > 1:56:36]
L-BFGS:  68%|██████▊   | 677/1000 [55:59 > 1:56:46]
L-BFGS:  68%|██████▊   | 678/1000 [55:34 > 1:56:56]
L-BFGS:  68%|██████▊   | 679/1000 [55:55 > 1:57:07]
L-BFGS:  68%|██████▊   | 680/1000 [56:06 > 1:57:18]
L-BFGS:  68%|██████▊   | 681/1000 [55:30 > 1:57:28]
L-BFGS:  68%|██████▊   | 682/1000 [55:41 > 1:57:39]
L-BFGS:  68%|██████▊   | 683/1000 [55:48 > 1:57:49]
L-BFGS:  68%|██████▊   | 684/1000 [55:45 > 1:58:00]
L-BFGS:  68%|██████▊   | 685/1000 [55:42 > 1:58:11]
L-BFGS:  69%|██████▊   | 686/1000 [55:35 > 1:58:21]
L-BFGS:  69%|██████▊   | 687/1000 [55:19 > 1:58:32]
L-BFGS:  69%|██████▉   | 688/1000 [54:25 > 1:58:42]
L-BFGS:  69%|██████▉   | 689/1000 [54:21 > 1:58:53]
L-BFGS:  69%|██████▉   | 690/1000 [54:15 > 1:59:03]
L-BFGS:  69%|██████▉   | 691/1000 [54:08 > 1:59:14]
L-BFGS:  69%|██████▉   | 692/1000 [53:24 > 1:59:24]
L-BFGS:  69%|██████▉   | 693/1000 [52:49 > 1:59:34]
L-BFGS:  69%|██████▉   | 694/1000 [52:18 > 1:59:44]
L-BFGS:  70%|██████▉   | 695/1000 [52:33 > 1:59:55]
L-BFGS:  70%|██████▉   | 696/1000 [52:03 > 2:00:05]
L-BFGS:  70%|██████▉   | 697/1000 [52:18 > 2:00:15]
L-BFGS:  70%|██████▉   | 698/1000 [51:48 > 2:00:25]
L-BFGS:  70%|██████▉   | 699/1000 [51:58 > 2:00:36]
L-BFGS:  70%|███████   | 700/1000 [52:01 > 2:00:46]
L-BFGS:  70%|███████   | 701/1000 [52:03 > 2:00:57]
L-BFGS:  70%|███████   | 702/1000 [52:02 > 2:01:08]
L-BFGS:  70%|███████   | 703/1000 [51:21 > 2:01:18]
L-BFGS:  70%|███████   | 704/1000 [51:33 > 2:01:28]
L-BFGS:  70%|███████   | 705/1000 [51:07 > 2:01:39]
L-BFGS:  71%|███████   | 706/1000 [50:44 > 2:01:49]
L-BFGS:  71%|███████   | 707/1000 [50:25 > 2:01:59]
L-BFGS:  71%|███████   | 708/1000 [50:09 > 2:02:09]
L-BFGS:  71%|███████   | 709/1000 [49:55 > 2:02:20]
L-BFGS:  71%|███████   | 710/1000 [49:43 > 2:02:30]
L-BFGS:  71%|███████   | 711/1000 [50:04 > 2:02:41]
L-BFGS:  71%|███████   | 712/1000 [49:40 > 2:02:51]
L-BFGS:  71%|███████▏  | 713/1000 [49:25 > 2:03:01]
L-BFGS:  71%|███████▏  | 714/1000 [49:05 > 2:03:11]
L-BFGS:  72%|███████▏  | 715/1000 [48:49 > 2:03:22]
L-BFGS:  72%|███████▏  | 716/1000 [48:27 > 2:03:32]
L-BFGS:  72%|███████▏  | 717/1000 [48:44 > 2:03:42]
L-BFGS:  72%|███████▏  | 718/1000 [48:16 > 2:03:52]
L-BFGS:  72%|███████▏  | 719/1000 [48:30 > 2:04:03]
L-BFGS:  72%|███████▏  | 720/1000 [48:36 > 2:04:13]
L-BFGS:  72%|███████▏  | 721/1000 [48:00 > 2:04:24]
L-BFGS:  72%|███████▏  | 722/1000 [47:34 > 2:04:34]
L-BFGS:  72%|███████▏  | 723/1000 [47:11 > 2:04:44]
L-BFGS:  72%|███████▏  | 724/1000 [46:54 > 2:04:54]
L-BFGS:  72%|███████▎  | 725/1000 [46:40 > 2:05:04]
L-BFGS:  73%|███████▎  | 726/1000 [46:57 > 2:05:15]
L-BFGS:  73%|███████▎  | 727/1000 [46:33 > 2:05:25]
L-BFGS:  73%|███████▎  | 728/1000 [46:14 > 2:05:35]
L-BFGS:  73%|███████▎  | 729/1000 [46:31 > 2:05:45]
L-BFGS:  73%|███████▎  | 730/1000 [46:07 > 2:05:56]
L-BFGS:  73%|███████▎  | 731/1000 [46:18 > 2:06:06]
L-BFGS:  73%|███████▎  | 732/1000 [45:52 > 2:06:16]
L-BFGS:  73%|███████▎  | 733/1000 [45:38 > 2:06:26]
L-BFGS:  73%|███████▎  | 734/1000 [45:25 > 2:06:37]
L-BFGS:  74%|███████▎  | 735/1000 [45:17 > 2:06:47]
L-BFGS:  74%|███████▎  | 736/1000 [45:40 > 2:06:58]
L-BFGS:  74%|███████▎  | 737/1000 [45:20 > 2:07:08]
L-BFGS:  74%|███████▍  | 738/1000 [45:04 > 2:07:18]
L-BFGS:  74%|███████▍  | 739/1000 [44:47 > 2:07:28]
L-BFGS:  74%|███████▍  | 740/1000 [44:33 > 2:07:39]
L-BFGS:  74%|███████▍  | 741/1000 [44:22 > 2:07:49]
L-BFGS:  74%|███████▍  | 742/1000 [44:10 > 2:07:59]
L-BFGS:  74%|███████▍  | 743/1000 [44:29 > 2:08:10]
L-BFGS:  74%|███████▍  | 744/1000 [44:36 > 2:08:20]
L-BFGS:  74%|███████▍  | 745/1000 [44:30 > 2:08:31]
L-BFGS:  75%|███████▍  | 746/1000 [44:23 > 2:08:41]
L-BFGS:  75%|███████▍  | 747/1000 [43:45 > 2:08:52]
L-BFGS:  75%|███████▍  | 748/1000 [43:46 > 2:09:02]
L-BFGS:  75%|███████▍  | 749/1000 [43:13 > 2:09:12]
L-BFGS:  75%|███████▌  | 750/1000 [42:47 > 2:09:22]
L-BFGS:  75%|███████▌  | 751/1000 [42:26 > 2:09:32]
L-BFGS:  75%|███████▌  | 752/1000 [42:39 > 2:09:43]
L-BFGS:  75%|███████▌  | 753/1000 [42:43 > 2:09:54]
L-BFGS:  75%|███████▌  | 754/1000 [42:44 > 2:10:04]
L-BFGS:  76%|███████▌  | 755/1000 [42:12 > 2:10:14]
L-BFGS:  76%|███████▌  | 756/1000 [42:17 > 2:10:25]
L-BFGS:  76%|███████▌  | 757/1000 [41:50 > 2:10:35]
L-BFGS:  76%|███████▌  | 758/1000 [41:25 > 2:10:45]
L-BFGS:  76%|███████▌  | 759/1000 [41:32 > 2:10:56]
L-BFGS:  76%|███████▌  | 760/1000 [41:08 > 2:11:06]
L-BFGS:  76%|███████▌  | 761/1000 [41:18 > 2:11:16]
L-BFGS:  76%|███████▌  | 762/1000 [40:53 > 2:11:26]
L-BFGS:  76%|███████▋  | 763/1000 [40:39 > 2:11:37]
L-BFGS:  76%|███████▋  | 764/1000 [40:26 > 2:11:47]
L-BFGS:  76%|███████▋  | 765/1000 [40:42 > 2:11:58]
L-BFGS:  77%|███████▋  | 766/1000 [40:50 > 2:12:08]
L-BFGS:  77%|███████▋  | 767/1000 [40:52 > 2:12:19]
L-BFGS:  77%|███████▋  | 768/1000 [40:23 > 2:12:29]
L-BFGS:  77%|███████▋  | 769/1000 [39:59 > 2:12:39]
L-BFGS:  77%|███████▋  | 770/1000 [40:09 > 2:12:50]
L-BFGS:  77%|███████▋  | 771/1000 [40:11 > 2:13:01]
L-BFGS:  77%|███████▋  | 772/1000 [39:41 > 2:13:11]
L-BFGS:  77%|███████▋  | 773/1000 [39:16 > 2:13:21]
L-BFGS:  77%|███████▋  | 774/1000 [39:18 > 2:13:32]
L-BFGS:  78%|███████▊  | 775/1000 [39:13 > 2:13:42]
L-BFGS:  78%|███████▊  | 776/1000 [39:07 > 2:13:53]
L-BFGS:  78%|███████▊  | 777/1000 [38:35 > 2:14:03]
L-BFGS:  78%|███████▊  | 778/1000 [38:10 > 2:14:13]
L-BFGS:  78%|███████▊  | 779/1000 [38:13 > 2:14:24]
L-BFGS:  78%|███████▊  | 780/1000 [37:46 > 2:14:34]
L-BFGS:  78%|███████▊  | 781/1000 [37:25 > 2:14:44]
L-BFGS:  78%|███████▊  | 782/1000 [37:32 > 2:14:54]
L-BFGS:  78%|███████▊  | 783/1000 [37:35 > 2:15:05]
L-BFGS:  78%|███████▊  | 784/1000 [37:09 > 2:15:15]
L-BFGS:  78%|███████▊  | 785/1000 [37:11 > 2:15:26]
L-BFGS:  79%|███████▊  | 786/1000 [37:09 > 2:15:36]
L-BFGS:  79%|███████▊  | 787/1000 [36:41 > 2:15:46]
L-BFGS:  79%|███████▉  | 788/1000 [36:17 > 2:15:56]
L-BFGS:  79%|███████▉  | 789/1000 [35:57 > 2:16:07]
L-BFGS:  79%|███████▉  | 790/1000 [35:41 > 2:16:17]
L-BFGS:  79%|███████▉  | 791/1000 [35:29 > 2:16:27]
L-BFGS:  79%|███████▉  | 792/1000 [35:23 > 2:16:37]
L-BFGS:  79%|███████▉  | 793/1000 [35:16 > 2:16:47]
L-BFGS:  79%|███████▉  | 794/1000 [35:34 > 2:16:58]
L-BFGS:  80%|███████▉  | 795/1000 [35:19 > 2:17:08]
L-BFGS:  80%|███████▉  | 796/1000 [35:04 > 2:17:19]
L-BFGS:  80%|███████▉  | 797/1000 [35:14 > 2:17:29]
L-BFGS:  80%|███████▉  | 798/1000 [35:20 > 2:17:40]
L-BFGS:  80%|███████▉  | 799/1000 [35:18 > 2:17:51]
L-BFGS:  80%|████████  | 800/1000 [35:15 > 2:18:01]
L-BFGS:  80%|████████  | 801/1000 [34:46 > 2:18:12]
L-BFGS:  80%|████████  | 802/1000 [34:43 > 2:18:22]
L-BFGS:  80%|████████  | 803/1000 [34:09 > 2:18:32]
L-BFGS:  80%|████████  | 804/1000 [33:42 > 2:18:42]
L-BFGS:  80%|████████  | 805/1000 [33:48 > 2:18:53]
L-BFGS:  81%|████████  | 806/1000 [33:47 > 2:19:04]
L-BFGS:  81%|████████  | 807/1000 [33:42 > 2:19:14]
L-BFGS:  81%|████████  | 808/1000 [33:11 > 2:19:24]
L-BFGS:  81%|████████  | 809/1000 [32:47 > 2:19:34]
L-BFGS:  81%|████████  | 810/1000 [32:27 > 2:19:44]
L-BFGS:  81%|████████  | 811/1000 [32:09 > 2:19:55]
L-BFGS:  81%|████████  | 812/1000 [31:55 > 2:20:05]
L-BFGS:  81%|████████▏ | 813/1000 [31:43 > 2:20:15]
L-BFGS:  81%|████████▏ | 814/1000 [31:29 > 2:20:25]
L-BFGS:  82%|████████▏ | 815/1000 [31:39 > 2:20:36]
L-BFGS:  82%|████████▏ | 816/1000 [31:21 > 2:20:46]
L-BFGS:  82%|████████▏ | 817/1000 [31:29 > 2:20:56]
L-BFGS:  82%|████████▏ | 818/1000 [31:07 > 2:21:06]
L-BFGS:  82%|████████▏ | 819/1000 [30:50 > 2:21:16]
L-BFGS:  82%|████████▏ | 820/1000 [30:39 > 2:21:27]
L-BFGS:  82%|████████▏ | 821/1000 [30:31 > 2:21:37]
L-BFGS:  82%|████████▏ | 822/1000 [30:45 > 2:21:48]
L-BFGS:  82%|████████▏ | 823/1000 [30:52 > 2:21:58]
L-BFGS:  82%|████████▏ | 824/1000 [30:30 > 2:22:09]
L-BFGS:  82%|████████▎ | 825/1000 [30:33 > 2:22:19]
L-BFGS:  83%|████████▎ | 826/1000 [30:31 > 2:22:30]
L-BFGS:  83%|████████▎ | 827/1000 [30:27 > 2:22:40]
L-BFGS:  83%|████████▎ | 828/1000 [30:01 > 2:22:51]
L-BFGS:  83%|████████▎ | 829/1000 [29:40 > 2:23:01]
L-BFGS:  83%|████████▎ | 830/1000 [29:42 > 2:23:12]
L-BFGS:  83%|████████▎ | 831/1000 [29:16 > 2:23:22]
L-BFGS:  83%|████████▎ | 832/1000 [28:52 > 2:23:32]
L-BFGS:  83%|████████▎ | 833/1000 [28:31 > 2:23:42]
L-BFGS:  83%|████████▎ | 834/1000 [28:36 > 2:23:53]
L-BFGS:  84%|████████▎ | 835/1000 [28:14 > 2:24:03]
L-BFGS:  84%|████████▎ | 836/1000 [27:58 > 2:24:13]
L-BFGS:  84%|████████▎ | 837/1000 [27:42 > 2:24:23]
L-BFGS:  84%|████████▍ | 838/1000 [27:28 > 2:24:33]
L-BFGS:  84%|████████▍ | 839/1000 [27:16 > 2:24:43]
L-BFGS:  84%|████████▍ | 840/1000 [27:04 > 2:24:53]
L-BFGS:  84%|████████▍ | 841/1000 [27:11 > 2:25:04]
L-BFGS:  84%|████████▍ | 842/1000 [26:54 > 2:25:14]
L-BFGS:  84%|████████▍ | 843/1000 [26:40 > 2:25:24]
L-BFGS:  84%|████████▍ | 844/1000 [26:27 > 2:25:34]
L-BFGS:  84%|████████▍ | 845/1000 [26:14 > 2:25:44]
L-BFGS:  85%|████████▍ | 846/1000 [26:21 > 2:25:55]
L-BFGS:  85%|████████▍ | 847/1000 [26:22 > 2:26:05]
L-BFGS:  85%|████████▍ | 848/1000 [26:20 > 2:26:16]
L-BFGS:  85%|████████▍ | 849/1000 [25:59 > 2:26:26]
L-BFGS:  85%|████████▌ | 850/1000 [25:45 > 2:26:36]
L-BFGS:  85%|████████▌ | 851/1000 [25:50 > 2:26:47]
L-BFGS:  85%|████████▌ | 852/1000 [25:33 > 2:26:57]
L-BFGS:  85%|████████▌ | 853/1000 [25:18 > 2:27:08]
L-BFGS:  85%|████████▌ | 854/1000 [25:22 > 2:27:18]
L-BFGS:  86%|████████▌ | 855/1000 [25:22 > 2:27:29]
L-BFGS:  86%|████████▌ | 856/1000 [25:02 > 2:27:39]
L-BFGS:  86%|████████▌ | 857/1000 [25:02 > 2:27:50]
L-BFGS:  86%|████████▌ | 858/1000 [25:08 > 2:28:01]
L-BFGS:  86%|████████▌ | 859/1000 [24:47 > 2:28:11]
L-BFGS:  86%|████████▌ | 860/1000 [24:25 > 2:28:21]
L-BFGS:  86%|████████▌ | 861/1000 [24:03 > 2:28:32]
L-BFGS:  86%|████████▌ | 862/1000 [23:45 > 2:28:42]
L-BFGS:  86%|████████▋ | 863/1000 [23:45 > 2:28:52]
L-BFGS:  86%|████████▋ | 864/1000 [23:26 > 2:29:03]
L-BFGS:  86%|████████▋ | 865/1000 [23:10 > 2:29:13]
L-BFGS:  87%|████████▋ | 866/1000 [22:54 > 2:29:23]
L-BFGS:  87%|████████▋ | 867/1000 [22:42 > 2:29:33]
L-BFGS:  87%|████████▋ | 868/1000 [22:30 > 2:29:43]
L-BFGS:  87%|████████▋ | 869/1000 [22:34 > 2:29:54]
L-BFGS:  87%|████████▋ | 870/1000 [22:33 > 2:30:05]
L-BFGS:  87%|████████▋ | 871/1000 [22:29 > 2:30:15]
L-BFGS:  87%|████████▋ | 872/1000 [22:24 > 2:30:26]
L-BFGS:  87%|████████▋ | 873/1000 [22:00 > 2:30:36]
L-BFGS:  87%|████████▋ | 874/1000 [21:54 > 2:30:46]
L-BFGS:  88%|████████▊ | 875/1000 [21:31 > 2:30:56]
L-BFGS:  88%|████████▊ | 876/1000 [21:13 > 2:31:07]
L-BFGS:  88%|████████▊ | 877/1000 [21:13 > 2:31:17]
L-BFGS:  88%|████████▊ | 878/1000 [21:12 > 2:31:28]
L-BFGS:  88%|████████▊ | 879/1000 [20:55 > 2:31:38]
L-BFGS:  88%|████████▊ | 880/1000 [20:56 > 2:31:49]
L-BFGS:  88%|████████▊ | 881/1000 [20:53 > 2:31:59]
L-BFGS:  88%|████████▊ | 882/1000 [20:47 > 2:32:10]
L-BFGS:  88%|████████▊ | 883/1000 [20:26 > 2:32:20]
L-BFGS:  88%|████████▊ | 884/1000 [20:22 > 2:32:31]
L-BFGS:  88%|████████▊ | 885/1000 [20:17 > 2:32:42]
L-BFGS:  89%|████████▊ | 886/1000 [20:09 > 2:32:52]
L-BFGS:  89%|████████▊ | 887/1000 [20:00 > 2:33:03]
L-BFGS:  89%|████████▉ | 888/1000 [19:52 > 2:33:14]
L-BFGS:  89%|████████▉ | 889/1000 [19:40 > 2:33:24]
L-BFGS:  89%|████████▉ | 890/1000 [19:26 > 2:33:35]
L-BFGS:  89%|████████▉ | 891/1000 [19:14 > 2:33:45]
L-BFGS:  89%|████████▉ | 892/1000 [18:48 > 2:33:56]
L-BFGS:  89%|████████▉ | 893/1000 [18:40 > 2:34:06]
L-BFGS:  89%|████████▉ | 894/1000 [18:31 > 2:34:17]
L-BFGS:  90%|████████▉ | 895/1000 [18:09 > 2:34:27]
L-BFGS:  90%|████████▉ | 896/1000 [18:04 > 2:34:37]
L-BFGS:  90%|████████▉ | 897/1000 [17:57 > 2:34:48]
L-BFGS:  90%|████████▉ | 898/1000 [17:48 > 2:34:58]
L-BFGS:  90%|████████▉ | 899/1000 [17:39 > 2:35:09]
L-BFGS:  90%|█████████ | 900/1000 [17:30 > 2:35:19]
L-BFGS:  90%|█████████ | 901/1000 [17:20 > 2:35:30]
L-BFGS:  90%|█████████ | 902/1000 [16:59 > 2:35:40]
L-BFGS:  90%|█████████ | 903/1000 [16:53 > 2:35:51]
L-BFGS:  90%|█████████ | 904/1000 [16:33 > 2:36:01]
L-BFGS:  90%|█████████ | 905/1000 [16:17 > 2:36:11]
L-BFGS:  91%|█████████ | 906/1000 [16:03 > 2:36:21]
L-BFGS:  91%|█████████ | 907/1000 [16:04 > 2:36:32]
L-BFGS:  91%|█████████ | 908/1000 [15:51 > 2:36:42]
L-BFGS:  91%|█████████ | 909/1000 [15:38 > 2:36:52]
L-BFGS:  91%|█████████ | 910/1000 [15:39 > 2:37:03]
L-BFGS:  91%|█████████ | 911/1000 [15:35 > 2:37:14]
L-BFGS:  91%|█████████ | 912/1000 [15:34 > 2:37:24]
L-BFGS:  91%|█████████▏| 913/1000 [15:15 > 2:37:35]
L-BFGS:  91%|█████████▏| 914/1000 [14:57 > 2:37:45]
L-BFGS:  92%|█████████▏| 915/1000 [14:53 > 2:37:56]
L-BFGS:  92%|█████████▏| 916/1000 [14:35 > 2:38:06]
L-BFGS:  92%|█████████▏| 917/1000 [14:32 > 2:38:17]
L-BFGS:  92%|█████████▏| 918/1000 [14:13 > 2:38:27]
L-BFGS:  92%|█████████▏| 919/1000 [14:05 > 2:38:37]
L-BFGS:  92%|█████████▏| 920/1000 [13:47 > 2:38:47]
L-BFGS:  92%|█████████▏| 921/1000 [13:41 > 2:38:58]
L-BFGS:  92%|█████████▏| 922/1000 [13:25 > 2:39:08]
L-BFGS:  92%|█████████▏| 923/1000 [13:10 > 2:39:18]
L-BFGS:  92%|█████████▏| 924/1000 [13:05 > 2:39:29]
L-BFGS:  92%|█████████▎| 925/1000 [12:51 > 2:39:39]
L-BFGS:  93%|█████████▎| 926/1000 [12:46 > 2:39:49]
L-BFGS:  93%|█████████▎| 927/1000 [12:39 > 2:40:00]
L-BFGS:  93%|█████████▎| 928/1000 [12:23 > 2:40:10]
L-BFGS:  93%|█████████▎| 929/1000 [12:17 > 2:40:21]
L-BFGS:  93%|█████████▎| 930/1000 [12:01 > 2:40:31]
L-BFGS:  93%|█████████▎| 931/1000 [11:47 > 2:40:41]
L-BFGS:  93%|█████████▎| 932/1000 [11:34 > 2:40:51]
L-BFGS:  93%|█████████▎| 933/1000 [11:22 > 2:41:01]
L-BFGS:  93%|█████████▎| 934/1000 [11:11 > 2:41:11]
L-BFGS:  94%|█████████▎| 935/1000 [11:00 > 2:41:21]
L-BFGS:  94%|█████████▎| 936/1000 [10:52 > 2:41:32]
L-BFGS:  94%|█████████▎| 937/1000 [10:43 > 2:41:42]
L-BFGS:  94%|█████████▍| 938/1000 [10:41 > 2:41:53]
L-BFGS:  94%|█████████▍| 939/1000 [10:37 > 2:42:03]
L-BFGS:  94%|█████████▍| 940/1000 [10:23 > 2:42:14]
L-BFGS:  94%|█████████▍| 941/1000 [10:11 > 2:42:24]
L-BFGS:  94%|█████████▍| 942/1000 [09:58 > 2:42:34]
L-BFGS:  94%|█████████▍| 943/1000 [09:54 > 2:42:45]
L-BFGS:  94%|█████████▍| 944/1000 [09:48 > 2:42:55]
L-BFGS:  94%|█████████▍| 945/1000 [09:33 > 2:43:06]
L-BFGS:  95%|█████████▍| 946/1000 [09:26 > 2:43:16]
L-BFGS:  95%|█████████▍| 947/1000 [09:09 > 2:43:26]
L-BFGS:  95%|█████████▍| 948/1000 [09:02 > 2:43:37]
L-BFGS:  95%|█████████▍| 949/1000 [08:53 > 2:43:47]
L-BFGS:  95%|█████████▌| 950/1000 [08:44 > 2:43:58]
L-BFGS:  95%|█████████▌| 951/1000 [08:28 > 2:44:08]
L-BFGS:  95%|█████████▌| 952/1000 [08:14 > 2:44:18]
L-BFGS:  95%|█████████▌| 953/1000 [08:01 > 2:44:28]
L-BFGS:  95%|█████████▌| 954/1000 [07:49 > 2:44:38]
L-BFGS:  96%|█████████▌| 955/1000 [07:38 > 2:44:49]
L-BFGS:  96%|█████████▌| 956/1000 [07:32 > 2:44:59]
L-BFGS:  96%|█████████▌| 957/1000 [07:20 > 2:45:09]
L-BFGS:  96%|█████████▌| 958/1000 [07:14 > 2:45:20]
L-BFGS:  96%|█████████▌| 959/1000 [07:01 > 2:45:30]
L-BFGS:  96%|█████████▌| 960/1000 [06:54 > 2:45:41]
L-BFGS:  96%|█████████▌| 961/1000 [06:46 > 2:45:51]
L-BFGS:  96%|█████████▌| 962/1000 [06:32 > 2:46:01]
L-BFGS:  96%|█████████▋| 963/1000 [06:19 > 2:46:11]
L-BFGS:  96%|█████████▋| 964/1000 [06:08 > 2:46:22]
L-BFGS:  96%|█████████▋| 965/1000 [05:58 > 2:46:32]
L-BFGS:  97%|█████████▋| 966/1000 [05:52 > 2:46:42]
L-BFGS:  97%|█████████▋| 967/1000 [05:45 > 2:46:53]
L-BFGS:  97%|█████████▋| 968/1000 [05:33 > 2:47:03]
L-BFGS:  97%|█████████▋| 969/1000 [05:21 > 2:47:14]
L-BFGS:  97%|█████████▋| 970/1000 [05:13 > 2:47:24]
L-BFGS:  97%|█████████▋| 971/1000 [05:05 > 2:47:35]
L-BFGS:  97%|█████████▋| 972/1000 [04:56 > 2:47:46]
L-BFGS:  97%|█████████▋| 973/1000 [04:46 > 2:47:56]
L-BFGS:  97%|█████████▋| 974/1000 [04:33 > 2:48:07]
L-BFGS:  98%|█████████▊| 975/1000 [04:23 > 2:48:17]
L-BFGS:  98%|█████████▊| 976/1000 [04:12 > 2:48:28]
L-BFGS:  98%|█████████▊| 977/1000 [03:59 > 2:48:38]
L-BFGS:  98%|█████████▊| 978/1000 [03:47 > 2:48:48]
L-BFGS:  98%|█████████▊| 979/1000 [03:38 > 2:48:59]
L-BFGS:  98%|█████████▊| 980/1000 [03:26 > 2:49:09]
L-BFGS:  98%|█████████▊| 981/1000 [03:17 > 2:49:19]
L-BFGS:  98%|█████████▊| 982/1000 [03:05 > 2:49:29]
L-BFGS:  98%|█████████▊| 983/1000 [02:56 > 2:49:40]
L-BFGS:  98%|█████████▊| 984/1000 [02:44 > 2:49:50]
L-BFGS:  98%|█████████▊| 985/1000 [02:33 > 2:50:00]
L-BFGS:  99%|█████████▊| 986/1000 [02:24 > 2:50:11]
L-BFGS:  99%|█████████▊| 987/1000 [02:13 > 2:50:21]
L-BFGS:  99%|█████████▉| 988/1000 [02:02 > 2:50:31]
L-BFGS:  99%|█████████▉| 989/1000 [01:53 > 2:50:42]
L-BFGS:  99%|█████████▉| 990/1000 [01:42 > 2:50:52]
L-BFGS:  99%|█████████▉| 991/1000 [01:33 > 2:51:02]
L-BFGS:  99%|█████████▉| 992/1000 [01:23 > 2:51:13]
L-BFGS:  99%|█████████▉| 993/1000 [01:13 > 2:51:23]
L-BFGS:  99%|█████████▉| 994/1000 [01:02 > 2:51:34]
L-BFGS: 100%|█████████▉| 995/1000 [00:51 > 2:51:44]
L-BFGS: 100%|█████████▉| 996/1000 [00:41 > 2:51:54]
L-BFGS: 100%|█████████▉| 997/1000 [00:31 > 2:52:05]
L-BFGS: 100%|█████████▉| 998/1000 [00:20 > 2:52:15]
L-BFGS: 100%|█████████▉| 999/1000 [00:10 > 2:52:25]
L-BFGS: 100%|██████████| 1000/1000 [00:00 > 2:52:36]
L-BFGS: 100%|██████████| 1000/1000 [00:00 > 2:52:36]
Training saved: C:\Ali Computation\pinn\code\heterogeneous\pino_heterogeneous\results\exp_Tb_piecewise_K100_N100_z4_min10pct_w64_float64_lbfgs1000_maxiter20\pino_heterogeneous_concentration.png C:\Ali Computation\pinn\code\heterogeneous\pino_heterogeneous\results\exp_Tb_piecewise_K100_N100_z4_min10pct_w64_float64_lbfgs1000_maxiter20\pino_heterogeneous_loss.png C:\Ali Computation\pinn\code\heterogeneous\pino_heterogeneous\results\exp_Tb_piecewise_K100_N100_z4_min10pct_w64_float64_lbfgs1000_maxiter20\pino_heterogeneous_model.pt
COMSOL validation: 81 media -> C:\Ali Computation\pinn\code\heterogeneous\pino_heterogeneous\results\exp_Tb_piecewise_K100_N100_z4_min10pct_w64_float64_lbfgs1000_maxiter20\comsol_validation  (x* collocation n=86)

COMSOL vs PINO:   0%|          | 0/81 [00:00<?, ?it/s]
COMSOL vs PINO:   1%|          | 1/81 [00:01<01:25,  1.07s/it]
COMSOL vs PINO:   2%|▏         | 2/81 [00:02<01:24,  1.07s/it]
COMSOL vs PINO:   4%|▎         | 3/81 [00:03<01:23,  1.07s/it]
COMSOL vs PINO:   5%|▍         | 4/81 [00:04<01:22,  1.07s/it]
COMSOL vs PINO:   6%|▌         | 5/81 [00:05<01:27,  1.15s/it]
COMSOL vs PINO:   7%|▋         | 6/81 [00:06<01:24,  1.12s/it]
COMSOL vs PINO:   9%|▊         | 7/81 [00:07<01:21,  1.10s/it]
COMSOL vs PINO:  10%|▉         | 8/81 [00:08<01:21,  1.11s/it]
COMSOL vs PINO:  11%|█         | 9/81 [00:09<01:19,  1.11s/it]
COMSOL vs PINO:  12%|█▏        | 10/81 [00:11<01:17,  1.10s/it]
COMSOL vs PINO:  14%|█▎        | 11/81 [00:12<01:16,  1.09s/it]
COMSOL vs PINO:  15%|█▍        | 12/81 [00:13<01:14,  1.08s/it]
COMSOL vs PINO:  16%|█▌        | 13/81 [00:14<01:13,  1.08s/it]
COMSOL vs PINO:  17%|█▋        | 14/81 [00:15<01:12,  1.08s/it]
COMSOL vs PINO:  19%|█▊        | 15/81 [00:16<01:10,  1.07s/it]
COMSOL vs PINO:  20%|█▉        | 16/81 [00:17<01:09,  1.08s/it]
COMSOL vs PINO:  21%|██        | 17/81 [00:18<01:08,  1.08s/it]
COMSOL vs PINO:  22%|██▏       | 18/81 [00:19<01:07,  1.07s/it]
COMSOL vs PINO:  23%|██▎       | 19/81 [00:20<01:06,  1.08s/it]
COMSOL vs PINO:  25%|██▍       | 20/81 [00:22<01:11,  1.18s/it]
COMSOL vs PINO:  26%|██▌       | 21/81 [00:23<01:09,  1.16s/it]
COMSOL vs PINO:  27%|██▋       | 22/81 [00:24<01:06,  1.13s/it]
COMSOL vs PINO:  28%|██▊       | 23/81 [00:25<01:04,  1.11s/it]
COMSOL vs PINO:  30%|██▉       | 24/81 [00:26<01:03,  1.12s/it]
COMSOL vs PINO:  31%|███       | 25/81 [00:27<01:02,  1.11s/it]
COMSOL vs PINO:  32%|███▏      | 26/81 [00:28<01:00,  1.10s/it]
COMSOL vs PINO:  33%|███▎      | 27/81 [00:29<00:59,  1.09s/it]
COMSOL vs PINO:  35%|███▍      | 28/81 [00:30<00:58,  1.09s/it]
COMSOL vs PINO:  36%|███▌      | 29/81 [00:31<00:57,  1.10s/it]
COMSOL vs PINO:  37%|███▋      | 30/81 [00:32<00:55,  1.09s/it]
COMSOL vs PINO:  38%|███▊      | 31/81 [00:34<00:54,  1.09s/it]
COMSOL vs PINO:  40%|███▉      | 32/81 [00:35<00:53,  1.08s/it]
COMSOL vs PINO:  41%|████      | 33/81 [00:36<00:51,  1.08s/it]
COMSOL vs PINO:  42%|████▏     | 34/81 [00:37<00:55,  1.18s/it]
COMSOL vs PINO:  43%|████▎     | 35/81 [00:38<00:53,  1.16s/it]
COMSOL vs PINO:  44%|████▍     | 36/81 [00:39<00:51,  1.15s/it]
COMSOL vs PINO:  46%|████▌     | 37/81 [00:40<00:49,  1.13s/it]
COMSOL vs PINO:  47%|████▋     | 38/81 [00:42<00:48,  1.12s/it]
COMSOL vs PINO:  48%|████▊     | 39/81 [00:43<00:46,  1.10s/it]
COMSOL vs PINO:  49%|████▉     | 40/81 [00:44<00:45,  1.10s/it]
COMSOL vs PINO:  51%|█████     | 41/81 [00:45<00:43,  1.10s/it]
COMSOL vs PINO:  52%|█████▏    | 42/81 [00:46<00:42,  1.09s/it]
COMSOL vs PINO:  53%|█████▎    | 43/81 [00:47<00:41,  1.09s/it]
COMSOL vs PINO:  54%|█████▍    | 44/81 [00:48<00:40,  1.08s/it]
COMSOL vs PINO:  56%|█████▌    | 45/81 [00:49<00:38,  1.08s/it]
COMSOL vs PINO:  57%|█████▋    | 46/81 [00:50<00:38,  1.09s/it]
COMSOL vs PINO:  58%|█████▊    | 47/81 [00:52<00:40,  1.18s/it]
COMSOL vs PINO:  59%|█████▉    | 48/81 [00:53<00:38,  1.16s/it]
COMSOL vs PINO:  60%|██████    | 49/81 [00:54<00:36,  1.14s/it]
COMSOL vs PINO:  62%|██████▏   | 50/81 [00:55<00:34,  1.13s/it]
COMSOL vs PINO:  63%|██████▎   | 51/81 [00:56<00:33,  1.11s/it]
COMSOL vs PINO:  64%|██████▍   | 52/81 [00:57<00:32,  1.10s/it]
COMSOL vs PINO:  65%|██████▌   | 53/81 [00:58<00:30,  1.10s/it]
COMSOL vs PINO:  67%|██████▋   | 54/81 [00:59<00:29,  1.10s/it]
COMSOL vs PINO:  68%|██████▊   | 55/81 [01:00<00:28,  1.10s/it]
COMSOL vs PINO:  69%|██████▉   | 56/81 [01:01<00:27,  1.10s/it]
COMSOL vs PINO:  70%|███████   | 57/81 [01:03<00:26,  1.10s/it]
COMSOL vs PINO:  72%|███████▏  | 58/81 [01:04<00:25,  1.10s/it]
COMSOL vs PINO:  73%|███████▎  | 59/81 [01:05<00:24,  1.09s/it]
COMSOL vs PINO:  74%|███████▍  | 60/81 [01:06<00:22,  1.09s/it]
COMSOL vs PINO:  75%|███████▌  | 61/81 [01:07<00:23,  1.18s/it]
COMSOL vs PINO:  77%|███████▋  | 62/81 [01:08<00:21,  1.15s/it]
COMSOL vs PINO:  78%|███████▊  | 63/81 [01:09<00:20,  1.13s/it]
COMSOL vs PINO:  79%|███████▉  | 64/81 [01:10<00:19,  1.12s/it]
COMSOL vs PINO:  80%|████████  | 65/81 [01:12<00:17,  1.11s/it]
COMSOL vs PINO:  81%|████████▏ | 66/81 [01:13<00:16,  1.10s/it]
COMSOL vs PINO:  83%|████████▎ | 67/81 [01:14<00:15,  1.09s/it]
COMSOL vs PINO:  84%|████████▍ | 68/81 [01:15<00:14,  1.09s/it]
COMSOL vs PINO:  85%|████████▌ | 69/81 [01:16<00:13,  1.09s/it]
COMSOL vs PINO:  86%|████████▋ | 70/81 [01:17<00:11,  1.09s/it]
COMSOL vs PINO:  88%|████████▊ | 71/81 [01:18<00:10,  1.08s/it]
COMSOL vs PINO:  89%|████████▉ | 72/81 [01:19<00:09,  1.09s/it]
COMSOL vs PINO:  90%|█████████ | 73/81 [01:20<00:08,  1.09s/it]
COMSOL vs PINO:  91%|█████████▏| 74/81 [01:22<00:08,  1.17s/it]
COMSOL vs PINO:  93%|█████████▎| 75/81 [01:23<00:06,  1.15s/it]
COMSOL vs PINO:  94%|█████████▍| 76/81 [01:24<00:05,  1.14s/it]
COMSOL vs PINO:  95%|█████████▌| 77/81 [01:25<00:04,  1.13s/it]
COMSOL vs PINO:  96%|█████████▋| 78/81 [01:26<00:03,  1.11s/it]
COMSOL vs PINO:  98%|█████████▊| 79/81 [01:27<00:02,  1.10s/it]
COMSOL vs PINO:  99%|█████████▉| 80/81 [01:28<00:01,  1.10s/it]
COMSOL vs PINO: 100%|██████████| 81/81 [01:29<00:00,  1.09s/it]
COMSOL vs PINO: 100%|██████████| 81/81 [01:29<00:00,  1.11s/it]
COMSOL validation summary: n=81  mean=4.292598e-02  max=9.888714e-02  min=1.816699e-02
Wrote C:\Ali Computation\pinn\code\heterogeneous\pino_heterogeneous\results\exp_Tb_piecewise_K100_N100_z4_min10pct_w64_float64_lbfgs1000_maxiter20\comsol_validation\comsol_validation_summary.csv
Run metadata: C:\Ali Computation\pinn\code\heterogeneous\pino_heterogeneous\results\exp_Tb_piecewise_K100_N100_z4_min10pct_w64_float64_lbfgs1000_maxiter20\run_meta.json
Wall-clock train: 10357.8 s
Wall-clock validation: 89.7 s
Wall-clock total: 10455.6 s  device=cuda

# exit 0 after 2:54:20.067584
