# code/heterogeneous/pino_heterogeneous/pinn1d_heterogeneous_parametric_neural_operator.py --design grf --n-sensors 200 --n-grf 0 --n-piecewise-per-zones 100 --piecewise-zone-counts 4 --min-zone-frac 0.1 --arch w64 --dtype float64 --early-stop-patience 150 --lr-lbfgs 0.1 --lbfgs-max-iter 20 --epochs 1000 --out-dir results/exp_Tc_piecewise_K200_N100_z4_min10pct_w64_float64_lbfgs1000_maxiter20
# started 2026-06-24 18:54:06
# cwd C:\Ali Computation\pinn\code\heterogeneous\pino_heterogeneous

Using GPU: NVIDIA GeForce RTX 3090 (cuda:0, dtype=torch.float64)
PE (computed) = 0.010368
design=grf  media_mode=grf  n_train_requested=100  n_corner_anchors=16  arch=w64  batch_mode=True
branch=[200, 64, 64, 64]  trunk=[2, 64, 64, 64, 64]
results_dir=C:\Ali Computation\pinn\code\heterogeneous\pino_heterogeneous\results\exp_Tc_piecewise_K200_N100_z4_min10pct_w64_float64_lbfgs1000_maxiter20
Training: 100 piecewise (100 each for zones [4]), min_zone_frac=0.1 = 100 total; K=200 uniform sensors, grid_n=201
  saved/loaded: C:\Ali Computation\pinn\code\heterogeneous\pino_heterogeneous\results\exp_Tc_piecewise_K200_N100_z4_min10pct_w64_float64_lbfgs1000_maxiter20\train_grf_cases.npz
  branch CFL range [0.120517, 0.599951]
PDE mesh: bulk 50x50x100 (no interface bands in GRF mode)
COMSOL validation: 81 fixed grid cases from comsol_4zones.txt -> C:\Ali Computation\pinn\code\heterogeneous\pino_heterogeneous\results\exp_Tc_piecewise_K200_N100_z4_min10pct_w64_float64_lbfgs1000_maxiter20\comsol_validation
run_training=True  run_comsol_validation=True  validate_only=False  skip_validation_plots=False
L-BFGS early stopping: patience=150 (max steps=1000)
L-BFGS: lr=0.1  max_iter=20  outer_steps=1000
PDE collocation points: 250,000 (bulk 250,000, interface 0)
Collocation mesh plot (pre-train): C:\Ali Computation\pinn\code\heterogeneous\pino_heterogeneous\results\exp_Tc_piecewise_K200_N100_z4_min10pct_w64_float64_lbfgs1000_maxiter20\pino_heterogeneous_collocation_points.png
LBFGS (
Parameter Group 0
    history_size: 50
    line_search_fn: strong_wolfe
    lr: 0.1
    max_eval: 25
    max_iter: 20
    tolerance_change: 1e-09
    tolerance_grad: 1e-07
)
Early stopping: patience=150 L-BFGS steps (no total-loss improvement, rtol=1e-12)

L-BFGS:   0%|          | 0/1000 [? > 00:00]
L-BFGS:   0%|          | 1/1000 [2:50:44 > 00:10]
L-BFGS:   0%|          | 2/1000 [2:47:37 > 00:20]
L-BFGS:   0%|          | 3/1000 [2:47:06 > 00:30]
L-BFGS:   0%|          | 4/1000 [2:46:55 > 00:40]
L-BFGS:   0%|          | 5/1000 [2:46:57 > 00:50]
L-BFGS:   1%|          | 6/1000 [2:49:19 > 01:00]
L-BFGS:   1%|          | 7/1000 [2:48:24 > 01:10]
L-BFGS:   1%|          | 8/1000 [2:48:06 > 01:21]
L-BFGS:   1%|          | 9/1000 [2:50:14 > 01:31]
L-BFGS:   1%|          | 10/1000 [2:52:10 > 01:42]
L-BFGS:   1%|          | 11/1000 [2:51:27 > 01:52]
L-BFGS:   1%|          | 12/1000 [2:52:50 > 02:03]
L-BFGS:   1%|▏         | 13/1000 [2:53:55 > 02:14]
L-BFGS:   1%|▏         | 14/1000 [2:52:32 > 02:24]
L-BFGS:   2%|▏         | 15/1000 [2:51:33 > 02:34]
L-BFGS:   2%|▏         | 16/1000 [2:53:00 > 02:45]
L-BFGS:   2%|▏         | 17/1000 [2:51:45 > 02:56]
L-BFGS:   2%|▏         | 18/1000 [2:50:49 > 03:06]
L-BFGS:   2%|▏         | 19/1000 [2:50:13 > 03:16]
L-BFGS:   2%|▏         | 20/1000 [2:49:21 > 03:26]
L-BFGS:   2%|▏         | 21/1000 [2:50:18 > 03:37]
L-BFGS:   2%|▏         | 22/1000 [2:49:06 > 03:47]
L-BFGS:   2%|▏         | 23/1000 [2:47:55 > 03:57]
L-BFGS:   2%|▏         | 24/1000 [2:46:51 > 04:08]
L-BFGS:   2%|▎         | 25/1000 [2:48:00 > 04:18]
L-BFGS:   3%|▎         | 26/1000 [2:46:52 > 04:28]
L-BFGS:   3%|▎         | 27/1000 [2:46:05 > 04:38]
L-BFGS:   3%|▎         | 28/1000 [2:47:20 > 04:49]
L-BFGS:   3%|▎         | 29/1000 [2:46:10 > 04:59]
L-BFGS:   3%|▎         | 30/1000 [2:45:25 > 05:09]
L-BFGS:   3%|▎         | 31/1000 [2:46:49 > 05:20]
L-BFGS:   3%|▎         | 32/1000 [2:45:40 > 05:30]
L-BFGS:   3%|▎         | 33/1000 [2:46:58 > 05:41]
L-BFGS:   3%|▎         | 34/1000 [2:47:40 > 05:51]
L-BFGS:   4%|▎         | 35/1000 [2:48:07 > 06:02]
L-BFGS:   4%|▎         | 36/1000 [2:46:24 > 06:12]
L-BFGS:   4%|▎         | 37/1000 [2:46:59 > 06:22]
L-BFGS:   4%|▍         | 38/1000 [2:47:53 > 06:33]
L-BFGS:   4%|▍         | 39/1000 [2:48:46 > 06:44]
L-BFGS:   4%|▍         | 40/1000 [2:49:23 > 06:54]
L-BFGS:   4%|▍         | 41/1000 [2:49:37 > 07:05]
L-BFGS:   4%|▍         | 42/1000 [2:47:48 > 07:15]
L-BFGS:   4%|▍         | 43/1000 [2:48:29 > 07:26]
L-BFGS:   4%|▍         | 44/1000 [2:47:00 > 07:36]
L-BFGS:   4%|▍         | 45/1000 [2:45:49 > 07:46]
L-BFGS:   5%|▍         | 46/1000 [2:46:44 > 07:57]
L-BFGS:   5%|▍         | 47/1000 [2:47:27 > 08:08]
L-BFGS:   5%|▍         | 48/1000 [2:48:11 > 08:19]
L-BFGS:   5%|▍         | 49/1000 [2:46:07 > 08:29]
L-BFGS:   5%|▌         | 50/1000 [2:46:16 > 08:39]
L-BFGS:   5%|▌         | 51/1000 [2:46:14 > 08:50]
L-BFGS:   5%|▌         | 52/1000 [2:46:12 > 09:00]
L-BFGS:   5%|▌         | 53/1000 [2:46:03 > 09:11]
L-BFGS:   5%|▌         | 54/1000 [2:44:06 > 09:21]
L-BFGS:   6%|▌         | 55/1000 [2:44:42 > 09:32]
L-BFGS:   6%|▌         | 56/1000 [2:44:56 > 09:42]
L-BFGS:   6%|▌         | 57/1000 [2:45:10 > 09:53]
L-BFGS:   6%|▌         | 58/1000 [2:45:06 > 10:03]
L-BFGS:   6%|▌         | 59/1000 [2:45:06 > 10:14]
L-BFGS:   6%|▌         | 60/1000 [2:43:10 > 10:24]
L-BFGS:   6%|▌         | 61/1000 [2:41:43 > 10:34]
L-BFGS:   6%|▌         | 62/1000 [2:40:41 > 10:44]
L-BFGS:   6%|▋         | 63/1000 [2:40:06 > 10:54]
L-BFGS:   6%|▋         | 64/1000 [2:39:23 > 11:05]
L-BFGS:   6%|▋         | 65/1000 [2:38:54 > 11:15]
L-BFGS:   7%|▋         | 66/1000 [2:38:26 > 11:25]
L-BFGS:   7%|▋         | 67/1000 [2:38:24 > 11:35]
L-BFGS:   7%|▋         | 68/1000 [2:40:37 > 11:46]
L-BFGS:   7%|▋         | 69/1000 [2:42:03 > 11:56]
L-BFGS:   7%|▋         | 70/1000 [2:41:08 > 12:07]
L-BFGS:   7%|▋         | 71/1000 [2:40:28 > 12:17]
L-BFGS:   7%|▋         | 72/1000 [2:41:41 > 12:28]
L-BFGS:   7%|▋         | 73/1000 [2:42:35 > 12:38]
L-BFGS:   7%|▋         | 74/1000 [2:43:13 > 12:49]
L-BFGS:   8%|▊         | 75/1000 [2:41:41 > 12:59]
L-BFGS:   8%|▊         | 76/1000 [2:40:24 > 13:10]
L-BFGS:   8%|▊         | 77/1000 [2:41:28 > 13:20]
L-BFGS:   8%|▊         | 78/1000 [2:39:53 > 13:30]
L-BFGS:   8%|▊         | 79/1000 [2:38:33 > 13:41]
L-BFGS:   8%|▊         | 80/1000 [2:39:19 > 13:51]
L-BFGS:   8%|▊         | 81/1000 [2:37:57 > 14:01]
L-BFGS:   8%|▊         | 82/1000 [2:36:58 > 14:11]
L-BFGS:   8%|▊         | 83/1000 [2:38:10 > 14:22]
L-BFGS:   8%|▊         | 84/1000 [2:38:51 > 14:32]
L-BFGS:   8%|▊         | 85/1000 [2:37:19 > 14:43]
L-BFGS:   9%|▊         | 86/1000 [2:38:15 > 14:53]
L-BFGS:   9%|▊         | 87/1000 [2:36:56 > 15:03]
L-BFGS:   9%|▉         | 88/1000 [2:37:54 > 15:14]
L-BFGS:   9%|▉         | 89/1000 [2:36:39 > 15:24]
L-BFGS:   9%|▉         | 90/1000 [2:35:38 > 15:34]
L-BFGS:   9%|▉         | 91/1000 [2:34:46 > 15:44]
L-BFGS:   9%|▉         | 92/1000 [2:34:14 > 15:54]
L-BFGS:   9%|▉         | 93/1000 [2:33:49 > 16:05]
L-BFGS:   9%|▉         | 94/1000 [2:33:23 > 16:15]
L-BFGS:  10%|▉         | 95/1000 [2:33:11 > 16:25]
L-BFGS:  10%|▉         | 96/1000 [2:32:58 > 16:35]
L-BFGS:  10%|▉         | 97/1000 [2:35:03 > 16:46]
L-BFGS:  10%|▉         | 98/1000 [2:34:52 > 16:56]
L-BFGS:  10%|▉         | 99/1000 [2:34:37 > 17:06]
L-BFGS:  10%|█         | 100/1000 [2:34:23 > 17:16]
L-BFGS:  10%|█         | 101/1000 [2:35:58 > 17:27]
L-BFGS:  10%|█         | 102/1000 [2:35:12 > 17:37]
L-BFGS:  10%|█         | 103/1000 [2:34:33 > 17:48]
L-BFGS:  10%|█         | 104/1000 [2:35:55 > 17:58]
L-BFGS:  10%|█         | 105/1000 [2:36:51 > 18:09]
L-BFGS:  11%|█         | 106/1000 [2:35:32 > 18:19]
L-BFGS:  11%|█         | 107/1000 [2:36:30 > 18:30]
L-BFGS:  11%|█         | 108/1000 [2:34:46 > 18:40]
L-BFGS:  11%|█         | 109/1000 [2:35:14 > 18:51]
L-BFGS:  11%|█         | 110/1000 [2:33:43 > 19:01]
L-BFGS:  11%|█         | 111/1000 [2:34:21 > 19:11]
L-BFGS:  11%|█         | 112/1000 [2:34:43 > 19:22]
L-BFGS:  11%|█▏        | 113/1000 [2:33:07 > 19:32]
L-BFGS:  11%|█▏        | 114/1000 [2:33:39 > 19:43]
L-BFGS:  12%|█▏        | 115/1000 [2:34:17 > 19:53]
L-BFGS:  12%|█▏        | 116/1000 [2:32:43 > 20:03]
L-BFGS:  12%|█▏        | 117/1000 [2:31:33 > 20:14]
L-BFGS:  12%|█▏        | 118/1000 [2:30:43 > 20:24]
L-BFGS:  12%|█▏        | 119/1000 [2:30:02 > 20:34]
L-BFGS:  12%|█▏        | 120/1000 [2:31:16 > 20:44]
L-BFGS:  12%|█▏        | 121/1000 [2:30:29 > 20:54]
L-BFGS:  12%|█▏        | 122/1000 [2:29:41 > 21:05]
L-BFGS:  12%|█▏        | 123/1000 [2:29:15 > 21:15]
L-BFGS:  12%|█▏        | 124/1000 [2:30:37 > 21:25]
L-BFGS:  12%|█▎        | 125/1000 [2:31:50 > 21:36]
L-BFGS:  13%|█▎        | 126/1000 [2:30:59 > 21:46]
L-BFGS:  13%|█▎        | 127/1000 [2:32:16 > 21:57]
L-BFGS:  13%|█▎        | 128/1000 [2:33:01 > 22:08]
L-BFGS:  13%|█▎        | 129/1000 [2:31:55 > 22:18]
L-BFGS:  13%|█▎        | 130/1000 [2:31:00 > 22:28]
L-BFGS:  13%|█▎        | 131/1000 [2:30:04 > 22:38]
L-BFGS:  13%|█▎        | 132/1000 [2:29:09 > 22:49]
L-BFGS:  13%|█▎        | 133/1000 [2:30:08 > 22:59]
L-BFGS:  13%|█▎        | 134/1000 [2:29:17 > 23:09]
L-BFGS:  14%|█▎        | 135/1000 [2:28:20 > 23:20]
L-BFGS:  14%|█▎        | 136/1000 [2:29:42 > 23:30]
L-BFGS:  14%|█▎        | 137/1000 [2:28:54 > 23:41]
L-BFGS:  14%|█▍        | 138/1000 [2:29:31 > 23:51]
L-BFGS:  14%|█▍        | 139/1000 [2:29:57 > 24:02]
L-BFGS:  14%|█▍        | 140/1000 [2:30:16 > 24:12]
L-BFGS:  14%|█▍        | 141/1000 [2:28:35 > 24:22]
L-BFGS:  14%|█▍        | 142/1000 [2:27:25 > 24:32]
L-BFGS:  14%|█▍        | 143/1000 [2:26:32 > 24:43]
L-BFGS:  14%|█▍        | 144/1000 [2:27:28 > 24:53]
L-BFGS:  14%|█▍        | 145/1000 [2:26:30 > 25:03]
L-BFGS:  15%|█▍        | 146/1000 [2:25:54 > 25:13]
L-BFGS:  15%|█▍        | 147/1000 [2:25:16 > 25:24]
L-BFGS:  15%|█▍        | 148/1000 [2:26:26 > 25:34]
L-BFGS:  15%|█▍        | 149/1000 [2:25:44 > 25:44]
L-BFGS:  15%|█▌        | 150/1000 [2:26:45 > 25:55]
L-BFGS:  15%|█▌        | 151/1000 [2:25:34 > 26:05]
L-BFGS:  15%|█▌        | 152/1000 [2:24:45 > 26:15]
L-BFGS:  15%|█▌        | 153/1000 [2:25:49 > 26:26]
L-BFGS:  15%|█▌        | 154/1000 [2:26:35 > 26:36]
L-BFGS:  16%|█▌        | 155/1000 [2:25:44 > 26:46]
L-BFGS:  16%|█▌        | 156/1000 [2:25:15 > 26:57]
L-BFGS:  16%|█▌        | 157/1000 [2:24:50 > 27:07]
L-BFGS:  16%|█▌        | 158/1000 [2:26:18 > 27:18]
L-BFGS:  16%|█▌        | 159/1000 [2:25:32 > 27:28]
L-BFGS:  16%|█▌        | 160/1000 [2:24:53 > 27:38]
L-BFGS:  16%|█▌        | 161/1000 [2:24:27 > 27:49]
L-BFGS:  16%|█▌        | 162/1000 [2:25:45 > 27:59]
L-BFGS:  16%|█▋        | 163/1000 [2:24:51 > 28:09]
L-BFGS:  16%|█▋        | 164/1000 [2:24:12 > 28:20]
L-BFGS:  16%|█▋        | 165/1000 [2:23:42 > 28:30]
L-BFGS:  17%|█▋        | 166/1000 [2:22:56 > 28:40]
L-BFGS:  17%|█▋        | 167/1000 [2:23:48 > 28:51]
L-BFGS:  17%|█▋        | 168/1000 [2:22:48 > 29:01]
L-BFGS:  17%|█▋        | 169/1000 [2:23:41 > 29:11]
L-BFGS:  17%|█▋        | 170/1000 [2:24:17 > 29:22]
L-BFGS:  17%|█▋        | 171/1000 [2:23:02 > 29:32]
L-BFGS:  17%|█▋        | 172/1000 [2:22:02 > 29:42]
L-BFGS:  17%|█▋        | 173/1000 [2:21:13 > 29:52]
L-BFGS:  17%|█▋        | 174/1000 [2:20:36 > 30:03]
L-BFGS:  18%|█▊        | 175/1000 [2:21:47 > 30:13]
L-BFGS:  18%|█▊        | 176/1000 [2:20:56 > 30:23]
L-BFGS:  18%|█▊        | 177/1000 [2:20:16 > 30:33]
L-BFGS:  18%|█▊        | 178/1000 [2:19:45 > 30:44]
L-BFGS:  18%|█▊        | 179/1000 [2:21:05 > 30:54]
L-BFGS:  18%|█▊        | 180/1000 [2:20:22 > 31:04]
L-BFGS:  18%|█▊        | 181/1000 [2:21:17 > 31:15]
L-BFGS:  18%|█▊        | 182/1000 [2:21:58 > 31:25]
L-BFGS:  18%|█▊        | 183/1000 [2:22:22 > 31:36]
L-BFGS:  18%|█▊        | 184/1000 [2:21:13 > 31:46]
L-BFGS:  18%|█▊        | 185/1000 [2:22:13 > 31:57]
L-BFGS:  19%|█▊        | 186/1000 [2:22:50 > 32:08]
L-BFGS:  19%|█▊        | 187/1000 [2:21:36 > 32:18]
L-BFGS:  19%|█▉        | 188/1000 [2:20:38 > 32:28]
L-BFGS:  19%|█▉        | 189/1000 [2:19:59 > 32:38]
L-BFGS:  19%|█▉        | 190/1000 [2:21:09 > 32:49]
L-BFGS:  19%|█▉        | 191/1000 [2:21:59 > 33:00]
L-BFGS:  19%|█▉        | 192/1000 [2:20:44 > 33:10]
L-BFGS:  19%|█▉        | 193/1000 [2:19:56 > 33:20]
L-BFGS:  19%|█▉        | 194/1000 [2:19:14 > 33:31]
L-BFGS:  20%|█▉        | 195/1000 [2:19:44 > 33:41]
L-BFGS:  20%|█▉        | 196/1000 [2:18:23 > 33:51]
L-BFGS:  20%|█▉        | 197/1000 [2:17:24 > 34:01]
L-BFGS:  20%|█▉        | 198/1000 [2:18:17 > 34:12]
L-BFGS:  20%|█▉        | 199/1000 [2:17:22 > 34:22]
L-BFGS:  20%|██        | 200/1000 [2:16:31 > 34:32]
L-BFGS:  20%|██        | 201/1000 [2:17:35 > 34:43]
L-BFGS:  20%|██        | 202/1000 [2:16:43 > 34:53]
L-BFGS:  20%|██        | 203/1000 [2:17:38 > 35:03]
L-BFGS:  20%|██        | 204/1000 [2:16:32 > 35:14]
L-BFGS:  20%|██        | 205/1000 [2:17:24 > 35:24]
L-BFGS:  21%|██        | 206/1000 [2:16:17 > 35:34]
L-BFGS:  21%|██        | 207/1000 [2:17:12 > 35:45]
L-BFGS:  21%|██        | 208/1000 [2:17:48 > 35:55]
L-BFGS:  21%|██        | 209/1000 [2:16:24 > 36:06]
L-BFGS:  21%|██        | 210/1000 [2:15:18 > 36:16]
L-BFGS:  21%|██        | 211/1000 [2:14:27 > 36:26]
L-BFGS:  21%|██        | 212/1000 [2:13:58 > 36:36]
L-BFGS:  21%|██▏       | 213/1000 [2:14:58 > 36:46]
L-BFGS:  21%|██▏       | 214/1000 [2:14:09 > 36:57]
L-BFGS:  22%|██▏       | 215/1000 [2:15:07 > 37:07]
L-BFGS:  22%|██▏       | 216/1000 [2:14:12 > 37:17]
L-BFGS:  22%|██▏       | 217/1000 [2:15:04 > 37:28]
L-BFGS:  22%|██▏       | 218/1000 [2:15:31 > 37:38]
L-BFGS:  22%|██▏       | 219/1000 [2:14:20 > 37:48]
L-BFGS:  22%|██▏       | 220/1000 [2:13:29 > 37:59]
L-BFGS:  22%|██▏       | 221/1000 [2:12:46 > 38:09]
L-BFGS:  22%|██▏       | 222/1000 [2:13:46 > 38:19]
L-BFGS:  22%|██▏       | 223/1000 [2:14:26 > 38:30]
L-BFGS:  22%|██▏       | 224/1000 [2:13:18 > 38:40]
L-BFGS:  22%|██▎       | 225/1000 [2:12:30 > 38:50]
L-BFGS:  23%|██▎       | 226/1000 [2:13:24 > 39:01]
L-BFGS:  23%|██▎       | 227/1000 [2:12:26 > 39:11]
L-BFGS:  23%|██▎       | 228/1000 [2:11:52 > 39:21]
L-BFGS:  23%|██▎       | 229/1000 [2:12:59 > 39:31]
L-BFGS:  23%|██▎       | 230/1000 [2:11:55 > 39:42]
L-BFGS:  23%|██▎       | 231/1000 [2:11:12 > 39:52]
L-BFGS:  23%|██▎       | 232/1000 [2:12:10 > 40:02]
L-BFGS:  23%|██▎       | 233/1000 [2:12:34 > 40:13]
L-BFGS:  23%|██▎       | 234/1000 [2:11:20 > 40:23]
L-BFGS:  24%|██▎       | 235/1000 [2:10:31 > 40:33]
L-BFGS:  24%|██▎       | 236/1000 [2:11:23 > 40:43]
L-BFGS:  24%|██▎       | 237/1000 [2:11:58 > 40:54]
L-BFGS:  24%|██▍       | 238/1000 [2:10:41 > 41:04]
L-BFGS:  24%|██▍       | 239/1000 [2:09:48 > 41:14]
L-BFGS:  24%|██▍       | 240/1000 [2:10:46 > 41:25]
L-BFGS:  24%|██▍       | 241/1000 [2:11:23 > 41:35]
L-BFGS:  24%|██▍       | 242/1000 [2:11:43 > 41:46]
L-BFGS:  24%|██▍       | 243/1000 [2:11:50 > 41:56]
L-BFGS:  24%|██▍       | 244/1000 [2:10:20 > 42:06]
L-BFGS:  24%|██▍       | 245/1000 [2:09:28 > 42:16]
L-BFGS:  25%|██▍       | 246/1000 [2:08:35 > 42:27]
L-BFGS:  25%|██▍       | 247/1000 [2:07:51 > 42:37]
L-BFGS:  25%|██▍       | 248/1000 [2:08:56 > 42:47]
L-BFGS:  25%|██▍       | 249/1000 [2:09:36 > 42:58]
L-BFGS:  25%|██▌       | 250/1000 [2:10:05 > 43:08]
L-BFGS:  25%|██▌       | 251/1000 [2:08:39 > 43:18]
L-BFGS:  25%|██▌       | 252/1000 [2:07:46 > 43:28]
L-BFGS:  25%|██▌       | 253/1000 [2:07:10 > 43:39]
L-BFGS:  25%|██▌       | 254/1000 [2:06:42 > 43:49]
L-BFGS:  26%|██▌       | 255/1000 [2:06:14 > 43:59]
L-BFGS:  26%|██▌       | 256/1000 [2:07:26 > 44:09]
L-BFGS:  26%|██▌       | 257/1000 [2:08:14 > 44:20]
L-BFGS:  26%|██▌       | 258/1000 [2:07:17 > 44:30]
L-BFGS:  26%|██▌       | 259/1000 [2:06:30 > 44:40]
L-BFGS:  26%|██▌       | 260/1000 [2:07:21 > 44:51]
L-BFGS:  26%|██▌       | 261/1000 [2:07:56 > 45:01]
L-BFGS:  26%|██▌       | 262/1000 [2:08:15 > 45:12]
L-BFGS:  26%|██▋       | 263/1000 [2:06:55 > 45:22]
L-BFGS:  26%|██▋       | 264/1000 [2:05:55 > 45:32]
L-BFGS:  26%|██▋       | 265/1000 [2:06:45 > 45:42]
L-BFGS:  27%|██▋       | 266/1000 [2:07:19 > 45:53]
L-BFGS:  27%|██▋       | 267/1000 [2:06:08 > 46:03]
L-BFGS:  27%|██▋       | 268/1000 [2:05:18 > 46:13]
L-BFGS:  27%|██▋       | 269/1000 [2:04:36 > 46:23]
L-BFGS:  27%|██▋       | 270/1000 [2:05:32 > 46:34]
L-BFGS:  27%|██▋       | 271/1000 [2:04:42 > 46:44]
L-BFGS:  27%|██▋       | 272/1000 [2:03:54 > 46:54]
L-BFGS:  27%|██▋       | 273/1000 [2:03:27 > 47:04]
L-BFGS:  27%|██▋       | 274/1000 [2:03:07 > 47:14]
L-BFGS:  28%|██▊       | 275/1000 [2:04:14 > 47:25]
L-BFGS:  28%|██▊       | 276/1000 [2:04:50 > 47:35]
L-BFGS:  28%|██▊       | 277/1000 [2:03:51 > 47:46]
L-BFGS:  28%|██▊       | 278/1000 [2:04:29 > 47:56]
L-BFGS:  28%|██▊       | 279/1000 [2:03:33 > 48:06]
L-BFGS:  28%|██▊       | 280/1000 [2:04:06 > 48:17]
L-BFGS:  28%|██▊       | 281/1000 [2:04:26 > 48:27]
L-BFGS:  28%|██▊       | 282/1000 [2:03:17 > 48:37]
L-BFGS:  28%|██▊       | 283/1000 [2:02:22 > 48:47]
L-BFGS:  28%|██▊       | 284/1000 [2:03:10 > 48:58]
L-BFGS:  28%|██▊       | 285/1000 [2:02:11 > 49:08]
L-BFGS:  29%|██▊       | 286/1000 [2:01:31 > 49:18]
L-BFGS:  29%|██▊       | 287/1000 [2:02:29 > 49:29]
L-BFGS:  29%|██▉       | 288/1000 [2:02:59 > 49:39]
L-BFGS:  29%|██▉       | 289/1000 [2:01:52 > 49:49]
# exit 1073807364 after 0:50:10.052308
