# code/heterogeneous/pino_heterogeneous/pinn1d_heterogeneous_parametric_neural_operator.py --design capacity --dtype float64 --early-stop-patience 150 --out-dir results/exp_H_capacity_float64 --skip-validation-plots
# started 2026-06-11 23:39:07
# cwd C:\Ali Computation\pinn\code\heterogeneous\pino_heterogeneous

Using GPU: NVIDIA GeForce RTX 3090 (cuda:0, dtype=torch.float64)
PE (computed) = 0.010368
design=capacity  n_train_requested=81  n_corner_anchors=16  arch=default  trunk_mode=single  batch_mode=True
branch=[4, 16, 16, 32]  trunk=[2, 32, 32, 32, 32]
results_dir=C:\Ali Computation\pinn\code\heterogeneous\pino_heterogeneous\results\exp_H_capacity_float64
Training: 81 COMSOL grid tuples (capacity / in-sample)
  saved/loaded: C:\Ali Computation\pinn\code\heterogeneous\pino_heterogeneous\results\exp_H_capacity_float64\train_u_cases.csv
  branch CFL range [0.12, 0.6]
PDE mesh: bulk 50x50x81 + interface bands (36 x* / band, +/-0.025 around (0.2, 0.4, 0.6))
COMSOL validation: 81 fixed grid cases from comsol_4zones.txt -> C:\Ali Computation\pinn\code\heterogeneous\pino_heterogeneous\results\exp_H_capacity_float64
run_training=True  run_comsol_validation=True  validate_only=False  skip_validation_plots=True
L-BFGS early stopping: patience=150 (max steps=1000)
PDE collocation points: 348,300 (bulk 202,500, interface 145,800)
Collocation mesh plot (pre-train): C:\Ali Computation\pinn\code\heterogeneous\pino_heterogeneous\results\exp_H_capacity_float64\pino_heterogeneous_collocation_points.png
LBFGS (
Parameter Group 0
    history_size: 50
    line_search_fn: strong_wolfe
    lr: 1
    max_eval: 1
    max_iter: 1
    tolerance_change: 1e-09
    tolerance_grad: 1e-07
)
Early stopping: patience=150 L-BFGS steps (no total-loss improvement, rtol=1e-12)

L-BFGS:   0%|          | 0/1000 [? > 00:00]
L-BFGS:   0%|          | 1/1000 [10:34 > 00:00]
L-BFGS:   0%|          | 2/1000 [07:39 > 00:00]
L-BFGS:   0%|          | 3/1000 [06:38 > 00:01]
L-BFGS:   0%|          | 4/1000 [06:09 > 00:01]
L-BFGS:   0%|          | 5/1000 [05:56 > 00:01]
L-BFGS:   1%|          | 6/1000 [05:46 > 00:02]
L-BFGS:   1%|          | 7/1000 [05:38 > 00:02]
L-BFGS:   1%|          | 8/1000 [05:35 > 00:02]
L-BFGS:   1%|          | 9/1000 [05:31 > 00:03]
L-BFGS:   1%|          | 10/1000 [05:29 > 00:03]
L-BFGS:   1%|          | 11/1000 [05:28 > 00:03]
L-BFGS:   1%|          | 12/1000 [05:26 > 00:04]
L-BFGS:   1%|▏         | 13/1000 [05:25 > 00:04]
L-BFGS:   1%|▏         | 14/1000 [05:25 > 00:04]
L-BFGS:   2%|▏         | 15/1000 [05:24 > 00:05]
L-BFGS:   2%|▏         | 16/1000 [05:23 > 00:05]
L-BFGS:   2%|▏         | 17/1000 [05:24 > 00:05]
L-BFGS:   2%|▏         | 18/1000 [05:23 > 00:06]
L-BFGS:   2%|▏         | 19/1000 [05:22 > 00:06]
L-BFGS:   2%|▏         | 20/1000 [05:23 > 00:06]
L-BFGS:   2%|▏         | 21/1000 [05:21 > 00:07]
L-BFGS:   2%|▏         | 22/1000 [05:20 > 00:07]
L-BFGS:   2%|▏         | 23/1000 [05:22 > 00:07]
L-BFGS:   2%|▏         | 24/1000 [05:21 > 00:08]
L-BFGS:   2%|▎         | 25/1000 [05:20 > 00:08]
L-BFGS:   3%|▎         | 26/1000 [05:21 > 00:08]
L-BFGS:   3%|▎         | 27/1000 [05:20 > 00:09]
L-BFGS:   3%|▎         | 28/1000 [05:19 > 00:09]
L-BFGS:   3%|▎         | 29/1000 [05:19 > 00:09]
L-BFGS:   3%|▎         | 30/1000 [05:19 > 00:10]
L-BFGS:   3%|▎         | 31/1000 [05:17 > 00:10]
L-BFGS:   3%|▎         | 32/1000 [05:18 > 00:10]
L-BFGS:   3%|▎         | 33/1000 [05:18 > 00:11]
L-BFGS:   3%|▎         | 34/1000 [05:16 > 00:11]
L-BFGS:   4%|▎         | 35/1000 [05:17 > 00:11]
L-BFGS:   4%|▎         | 36/1000 [05:16 > 00:12]
L-BFGS:   4%|▎         | 37/1000 [05:16 > 00:12]
L-BFGS:   4%|▍         | 38/1000 [05:16 > 00:12]
L-BFGS:   4%|▍         | 39/1000 [05:16 > 00:13]
L-BFGS:   4%|▍         | 40/1000 [05:16 > 00:13]
L-BFGS:   4%|▍         | 41/1000 [05:16 > 00:13]
L-BFGS:   4%|▍         | 42/1000 [05:16 > 00:14]
L-BFGS:   4%|▍         | 43/1000 [05:16 > 00:14]
L-BFGS:   4%|▍         | 44/1000 [05:15 > 00:14]
L-BFGS:   4%|▍         | 45/1000 [05:17 > 00:15]
L-BFGS:   5%|▍         | 46/1000 [05:16 > 00:15]
L-BFGS:   5%|▍         | 47/1000 [05:16 > 00:15]
L-BFGS:   5%|▍         | 48/1000 [05:15 > 00:16]
L-BFGS:   5%|▍         | 49/1000 [05:14 > 00:16]
L-BFGS:   5%|▌         | 50/1000 [05:13 > 00:16]
L-BFGS:   5%|▌         | 51/1000 [05:15 > 00:17]
L-BFGS:   5%|▌         | 52/1000 [05:14 > 00:17]
L-BFGS:   5%|▌         | 53/1000 [05:13 > 00:17]
L-BFGS:   5%|▌         | 54/1000 [05:13 > 00:18]
L-BFGS:   6%|▌         | 55/1000 [05:12 > 00:18]
L-BFGS:   6%|▌         | 56/1000 [05:10 > 00:18]
L-BFGS:   6%|▌         | 57/1000 [05:12 > 00:19]
L-BFGS:   6%|▌         | 58/1000 [05:10 > 00:19]
L-BFGS:   6%|▌         | 59/1000 [05:10 > 00:19]
L-BFGS:   6%|▌         | 60/1000 [05:10 > 00:20]
L-BFGS:   6%|▌         | 61/1000 [05:09 > 00:20]
L-BFGS:   6%|▌         | 62/1000 [05:08 > 00:20]
L-BFGS:   6%|▋         | 63/1000 [05:09 > 00:21]
L-BFGS:   6%|▋         | 64/1000 [05:08 > 00:21]
L-BFGS:   6%|▋         | 65/1000 [05:08 > 00:21]
L-BFGS:   7%|▋         | 66/1000 [05:08 > 00:22]
L-BFGS:   7%|▋         | 67/1000 [05:08 > 00:22]
L-BFGS:   7%|▋         | 68/1000 [05:06 > 00:22]
L-BFGS:   7%|▋         | 69/1000 [05:07 > 00:23]
L-BFGS:   7%|▋         | 70/1000 [05:06 > 00:23]
L-BFGS:   7%|▋         | 71/1000 [05:06 > 00:23]
L-BFGS:   7%|▋         | 72/1000 [05:06 > 00:24]
L-BFGS:   7%|▋         | 73/1000 [05:05 > 00:24]
L-BFGS:   7%|▋         | 74/1000 [05:04 > 00:24]
L-BFGS:   8%|▊         | 75/1000 [05:05 > 00:25]
L-BFGS:   8%|▊         | 76/1000 [05:04 > 00:25]
L-BFGS:   8%|▊         | 77/1000 [05:03 > 00:25]
L-BFGS:   8%|▊         | 78/1000 [05:03 > 00:26]
L-BFGS:   8%|▊         | 79/1000 [05:03 > 00:26]
L-BFGS:   8%|▊         | 80/1000 [05:02 > 00:26]
L-BFGS:   8%|▊         | 81/1000 [05:02 > 00:27]
L-BFGS:   8%|▊         | 82/1000 [05:02 > 00:27]
L-BFGS:   8%|▊         | 83/1000 [05:01 > 00:27]
L-BFGS:   8%|▊         | 84/1000 [05:02 > 00:28]
L-BFGS:   8%|▊         | 85/1000 [05:01 > 00:28]
L-BFGS:   9%|▊         | 86/1000 [05:00 > 00:28]
L-BFGS:   9%|▊         | 87/1000 [05:01 > 00:28]
L-BFGS:   9%|▉         | 88/1000 [04:59 > 00:29]
L-BFGS:   9%|▉         | 89/1000 [04:59 > 00:29]
L-BFGS:   9%|▉         | 90/1000 [04:59 > 00:29]
L-BFGS:   9%|▉         | 91/1000 [04:58 > 00:30]
L-BFGS:   9%|▉         | 92/1000 [04:57 > 00:30]
L-BFGS:   9%|▉         | 93/1000 [04:58 > 00:30]
L-BFGS:   9%|▉         | 94/1000 [04:58 > 00:31]
L-BFGS:  10%|▉         | 95/1000 [04:57 > 00:31]
L-BFGS:  10%|▉         | 96/1000 [04:58 > 00:31]
L-BFGS:  10%|▉         | 97/1000 [04:58 > 00:32]
L-BFGS:  10%|▉         | 98/1000 [04:57 > 00:32]
L-BFGS:  10%|▉         | 99/1000 [04:58 > 00:32]
L-BFGS:  10%|█         | 100/1000 [04:57 > 00:33]
L-BFGS:  10%|█         | 101/1000 [04:56 > 00:33]
L-BFGS:  10%|█         | 102/1000 [04:57 > 00:33]
L-BFGS:  10%|█         | 103/1000 [04:55 > 00:34]
L-BFGS:  10%|█         | 104/1000 [04:55 > 00:34]
L-BFGS:  10%|█         | 105/1000 [04:55 > 00:34]
L-BFGS:  11%|█         | 106/1000 [04:54 > 00:35]
L-BFGS:  11%|█         | 107/1000 [04:54 > 00:35]
L-BFGS:  11%|█         | 108/1000 [04:54 > 00:35]
L-BFGS:  11%|█         | 109/1000 [04:54 > 00:36]
L-BFGS:  11%|█         | 110/1000 [04:53 > 00:36]
L-BFGS:  11%|█         | 111/1000 [04:53 > 00:36]
L-BFGS:  11%|█         | 112/1000 [04:53 > 00:37]
L-BFGS:  11%|█▏        | 113/1000 [04:51 > 00:37]
L-BFGS:  11%|█▏        | 114/1000 [04:52 > 00:37]
L-BFGS:  12%|█▏        | 115/1000 [04:51 > 00:38]
L-BFGS:  12%|█▏        | 116/1000 [04:51 > 00:38]
L-BFGS:  12%|█▏        | 117/1000 [04:51 > 00:38]
L-BFGS:  12%|█▏        | 118/1000 [04:50 > 00:39]
L-BFGS:  12%|█▏        | 119/1000 [04:50 > 00:39]
L-BFGS:  12%|█▏        | 120/1000 [04:51 > 00:39]
L-BFGS:  12%|█▏        | 121/1000 [04:52 > 00:40]
L-BFGS:  12%|█▏        | 122/1000 [04:53 > 00:40]
L-BFGS:  12%|█▏        | 123/1000 [04:55 > 00:40]
L-BFGS:  12%|█▏        | 124/1000 [04:55 > 00:41]
L-BFGS:  12%|█▎        | 125/1000 [04:55 > 00:41]
L-BFGS:  13%|█▎        | 126/1000 [04:56 > 00:41]
L-BFGS:  13%|█▎        | 127/1000 [04:56 > 00:42]
L-BFGS:  13%|█▎        | 128/1000 [04:55 > 00:42]
L-BFGS:  13%|█▎        | 129/1000 [04:55 > 00:42]
L-BFGS:  13%|█▎        | 130/1000 [04:55 > 00:43]
L-BFGS:  13%|█▎        | 131/1000 [04:54 > 00:43]
L-BFGS:  13%|█▎        | 132/1000 [04:53 > 00:43]
L-BFGS:  13%|█▎        | 133/1000 [04:52 > 00:44]
L-BFGS:  13%|█▎        | 134/1000 [04:53 > 00:44]
L-BFGS:  14%|█▎        | 135/1000 [04:52 > 00:44]
L-BFGS:  14%|█▎        | 136/1000 [04:52 > 00:45]
L-BFGS:  14%|█▎        | 137/1000 [04:52 > 00:45]
L-BFGS:  14%|█▍        | 138/1000 [04:52 > 00:45]
L-BFGS:  14%|█▍        | 139/1000 [04:51 > 00:46]
L-BFGS:  14%|█▍        | 140/1000 [04:51 > 00:46]
L-BFGS:  14%|█▍        | 141/1000 [04:49 > 00:46]
L-BFGS:  14%|█▍        | 142/1000 [04:49 > 00:47]
L-BFGS:  14%|█▍        | 143/1000 [04:50 > 00:47]
L-BFGS:  14%|█▍        | 144/1000 [04:50 > 00:48]
L-BFGS:  14%|█▍        | 145/1000 [04:50 > 00:48]
L-BFGS:  15%|█▍        | 146/1000 [04:49 > 00:48]
L-BFGS:  15%|█▍        | 147/1000 [04:47 > 00:49]
L-BFGS:  15%|█▍        | 148/1000 [04:48 > 00:49]
L-BFGS:  15%|█▍        | 149/1000 [04:47 > 00:49]
L-BFGS:  15%|█▌        | 150/1000 [04:48 > 00:50]
L-BFGS:  15%|█▌        | 151/1000 [04:47 > 00:50]
Early stopping at L-BFGS step 152/1000: total loss unchanged for 150 steps (best=9.231877e-01).

L-BFGS:  15%|█▌        | 151/1000 [04:45 > 00:50]
Training saved: C:\Ali Computation\pinn\code\heterogeneous\pino_heterogeneous\results\exp_H_capacity_float64\pino_heterogeneous_concentration.png C:\Ali Computation\pinn\code\heterogeneous\pino_heterogeneous\results\exp_H_capacity_float64\pino_heterogeneous_loss.png C:\Ali Computation\pinn\code\heterogeneous\pino_heterogeneous\results\exp_H_capacity_float64\pino_heterogeneous_model.pt
COMSOL validation: 81 media -> C:\Ali Computation\pinn\code\heterogeneous\pino_heterogeneous\results\exp_H_capacity_float64  (x* collocation n=86)

COMSOL vs PINO:   0%|          | 0/81 [00:00<?, ?it/s]
COMSOL vs PINO:   6%|▌         | 5/81 [00:00<00:01, 47.79it/s]
COMSOL vs PINO:  12%|█▏        | 10/81 [00:00<00:01, 47.72it/s]
COMSOL vs PINO:  19%|█▊        | 15/81 [00:00<00:01, 47.54it/s]
COMSOL vs PINO:  25%|██▍       | 20/81 [00:00<00:01, 47.85it/s]
COMSOL vs PINO:  31%|███       | 25/81 [00:00<00:01, 47.49it/s]
COMSOL vs PINO:  37%|███▋      | 30/81 [00:00<00:01, 47.61it/s]
COMSOL vs PINO:  43%|████▎     | 35/81 [00:00<00:00, 48.22it/s]
COMSOL vs PINO:  49%|████▉     | 40/81 [00:00<00:00, 47.38it/s]
COMSOL vs PINO:  56%|█████▌    | 45/81 [00:00<00:00, 47.56it/s]
COMSOL vs PINO:  62%|██████▏   | 50/81 [00:01<00:00, 48.22it/s]
COMSOL vs PINO:  68%|██████▊   | 55/81 [00:01<00:00, 48.30it/s]
COMSOL vs PINO:  74%|███████▍  | 60/81 [00:01<00:00, 48.68it/s]
COMSOL vs PINO:  80%|████████  | 65/81 [00:01<00:00, 48.94it/s]
COMSOL vs PINO:  86%|████████▋ | 70/81 [00:01<00:00, 49.21it/s]
COMSOL vs PINO:  94%|█████████▍| 76/81 [00:01<00:00, 49.52it/s]
COMSOL vs PINO: 100%|██████████| 81/81 [00:01<00:00, 48.87it/s]
COMSOL vs PINO: 100%|██████████| 81/81 [00:01<00:00, 48.34it/s]
COMSOL validation summary: n=81  mean=9.432164e-01  max=9.829745e-01  min=8.261149e-01
Wrote C:\Ali Computation\pinn\code\heterogeneous\pino_heterogeneous\results\exp_H_capacity_float64\comsol_validation_summary.csv
Run metadata: C:\Ali Computation\pinn\code\heterogeneous\pino_heterogeneous\results\exp_H_capacity_float64\run_meta.json

# exit 0 after 0:01:04.798268
