# code/heterogeneous/pino_heterogeneous/pinn1d_heterogeneous_parametric_neural_operator.py --design grf --n-train 500 --n-sensors 128 --grf-corr-length 0.2 --arch dense --dtype float64 --early-stop-patience 150 --lr-lbfgs 0.1 --lbfgs-max-iter 20 --epochs 1000 --out-dir ../parametric_heterogeneous_pinn/results/exp_L_grf_K128_dense_N500_float64_lr01_maxiter20 --skip-validation-plots
# started 2026-06-16 07:26:25
# cwd C:\Ali Computation\pinn\code\heterogeneous\pino_heterogeneous

Using GPU: NVIDIA GeForce RTX 3090 (cuda:0, dtype=torch.float64)
PE (computed) = 0.010368
design=grf  media_mode=grf  n_train_requested=500  n_corner_anchors=16  arch=dense  trunk_mode=single  batch_mode=True
branch=[131, 64, 64, 128]  trunk=[2, 32, 32, 32, 32]
results_dir=C:\Ali Computation\pinn\code\heterogeneous\pino_heterogeneous\..\parametric_heterogeneous_pinn\results\exp_L_grf_K128_dense_N500_float64_lr01_maxiter20
Training: 500 GRF smooth fields (K=131 sensors, ell=0.2, grid_n=201)
  saved/loaded: C:\Ali Computation\pinn\code\heterogeneous\pino_heterogeneous\..\parametric_heterogeneous_pinn\results\exp_L_grf_K128_dense_N500_float64_lr01_maxiter20\train_grf_cases.npz
  branch CFL range [0.136897, 0.589552]
PDE mesh: bulk 50x50x500 (no interface bands in GRF mode)
COMSOL validation: 81 fixed grid cases from comsol_4zones.txt -> C:\Ali Computation\pinn\code\heterogeneous\pino_heterogeneous\..\parametric_heterogeneous_pinn\results\exp_L_grf_K128_dense_N500_float64_lr01_maxiter20
run_training=True  run_comsol_validation=True  validate_only=False  skip_validation_plots=True
L-BFGS early stopping: patience=150 (max steps=1000)
L-BFGS: lr=0.1  max_iter=20  outer_steps=1000
PDE collocation points: 1,250,000 (bulk 1,250,000, interface 0)
Collocation mesh plot (pre-train): C:\Ali Computation\pinn\code\heterogeneous\pino_heterogeneous\..\parametric_heterogeneous_pinn\results\exp_L_grf_K128_dense_N500_float64_lr01_maxiter20\pino_heterogeneous_collocation_points.png
LBFGS (
Parameter Group 0
    history_size: 50
    line_search_fn: strong_wolfe
    lr: 0.1
    max_eval: 25
    max_iter: 20
    tolerance_change: 1e-09
    tolerance_grad: 1e-07
)
Early stopping: patience=150 L-BFGS steps (no total-loss improvement, rtol=1e-12)

L-BFGS:   0%|          | 0/1000 [? > 00:00]
L-BFGS:   0%|          | 0/1000 [? > 00:00]
Traceback (most recent call last):
  File "C:\Ali Computation\pinn\code\heterogeneous\pino_heterogeneous\pinn1d_heterogeneous_parametric_neural_operator.py", line 1708, in <module>
    main()
    ~~~~^^
  File "C:\Ali Computation\pinn\code\heterogeneous\pino_heterogeneous\pinn1d_heterogeneous_parametric_neural_operator.py", line 1661, in main
    history, training_summary = train_model(
                                ~~~~~~~~~~~^
        model,
        ^^^^^^
    ...<4 lines>...
        use_interface_losses=use_interface_losses,
        ^^^^^^^^^^^^^^^^^^^^^^^^^^^^^^^^^^^^^^^^^^
    )
    ^
  File "C:\Ali Computation\pinn\code\heterogeneous\pino_heterogeneous\pinn1d_heterogeneous_parametric_neural_operator.py", line 1019, in train_model
    optimizer.step(closure)
    ~~~~~~~~~~~~~~^^^^^^^^^
  File "C:\Users\alihagh\AppData\Local\Python\pythoncore-3.14-64\Lib\site-packages\torch\optim\optimizer.py", line 535, in wrapper
    out = func(*args, **kwargs)
  File "C:\Users\alihagh\AppData\Local\Python\pythoncore-3.14-64\Lib\site-packages\torch\utils\_contextlib.py", line 124, in decorate_context
    return func(*args, **kwargs)
  File "C:\Users\alihagh\AppData\Local\Python\pythoncore-3.14-64\Lib\site-packages\torch\optim\lbfgs.py", line 357, in step
    orig_loss = closure()
  File "C:\Users\alihagh\AppData\Local\Python\pythoncore-3.14-64\Lib\site-packages\torch\utils\_contextlib.py", line 124, in decorate_context
    return func(*args, **kwargs)
  File "C:\Ali Computation\pinn\code\heterogeneous\pino_heterogeneous\pinn1d_heterogeneous_parametric_neural_operator.py", line 998, in closure
    total_loss, metrics = compute_physics_loss(
                          ~~~~~~~~~~~~~~~~~~~~^
        model,
        ^^^^^^
    ...<3 lines>...
        use_interface_losses=use_interface_losses,
        ^^^^^^^^^^^^^^^^^^^^^^^^^^^^^^^^^^^^^^^^^^
    )
    ^
  File "C:\Ali Computation\pinn\code\heterogeneous\pino_heterogeneous\pinn1d_heterogeneous_parametric_neural_operator.py", line 907, in compute_physics_loss
    c_pde = model(tensors["x_pde"], tensors["t_pde"], tensors["branch_pde"])
  File "C:\Users\alihagh\AppData\Local\Python\pythoncore-3.14-64\Lib\site-packages\torch\nn\modules\module.py", line 1778, in _wrapped_call_impl
    return self._call_impl(*args, **kwargs)
           ~~~~~~~~~~~~~~~^^^^^^^^^^^^^^^^^
  File "C:\Users\alihagh\AppData\Local\Python\pythoncore-3.14-64\Lib\site-packages\torch\nn\modules\module.py", line 1789, in _call_impl
    return forward_call(*args, **kwargs)
  File "C:\Ali Computation\pinn\code\heterogeneous\pino_heterogeneous\deeponet.py", line 47, in forward
    return torch.sigmoid((b_vec * t_vec).sum(dim=-1, keepdim=True))
                          ~~~~~~^~~~~~~
RuntimeError: The size of tensor a (128) must match the size of tensor b (32) at non-singleton dimension 1

# exit 1 after 0:00:12.029835
