# code/heterogeneous/pino_heterogeneous/pinn1d_heterogeneous_parametric_neural_operator.py --design maximin --n-train 500 --dtype float64 --early-stop-patience 150 --out-dir results/exp_F_maximin_N500_float64 --skip-validation-plots
# started 2026-06-11 22:14:46
# cwd C:\Ali Computation\pinn\code\heterogeneous\pino_heterogeneous

Using GPU: NVIDIA GeForce RTX 3090 (cuda:0, dtype=torch.float64)
PE (computed) = 0.010368
design=maximin  n_train_requested=500  n_corner_anchors=16  arch=default  trunk_mode=single  batch_mode=True
branch=[4, 16, 16, 32]  trunk=[2, 32, 32, 32, 32]
results_dir=C:\Ali Computation\pinn\code\heterogeneous\pino_heterogeneous\results\exp_F_maximin_N500_float64
Training: 500 maximin samples in [0.01, 0.05] m/d
  saved/loaded: C:\Ali Computation\pinn\code\heterogeneous\pino_heterogeneous\results\exp_F_maximin_N500_float64\train_u_cases.csv
  branch CFL range [0.120085, 0.599848]
PDE mesh: bulk 50x50x500 + interface bands (36 x* / band, +/-0.025 around (0.2, 0.4, 0.6))
COMSOL validation: 81 fixed grid cases from comsol_4zones.txt -> C:\Ali Computation\pinn\code\heterogeneous\pino_heterogeneous\results\exp_F_maximin_N500_float64
run_training=True  run_comsol_validation=True  validate_only=False  skip_validation_plots=True
L-BFGS early stopping: patience=150 (max steps=1000)
PDE collocation points: 2,150,000 (bulk 1,250,000, interface 900,000)
Collocation mesh plot (pre-train): C:\Ali Computation\pinn\code\heterogeneous\pino_heterogeneous\results\exp_F_maximin_N500_float64\pino_heterogeneous_collocation_points.png
LBFGS (
Parameter Group 0
    history_size: 50
    line_search_fn: strong_wolfe
    lr: 1
    max_eval: 1
    max_iter: 1
    tolerance_change: 1e-09
    tolerance_grad: 1e-07
)
Early stopping: patience=150 L-BFGS steps (no total-loss improvement, rtol=1e-12)

L-BFGS:   0%|          | 0/1000 [? > 00:00]
L-BFGS:   0%|          | 1/1000 [52:21 > 00:03]
L-BFGS:   0%|          | 2/1000 [50:35 > 00:06]
L-BFGS:   0%|          | 3/1000 [47:01 > 00:08]
L-BFGS:   0%|          | 4/1000 [46:18 > 00:11]
L-BFGS:   0%|          | 5/1000 [43:44 > 00:13]
L-BFGS:   1%|          | 6/1000 [42:14 > 00:16]
L-BFGS:   1%|          | 7/1000 [42:59 > 00:18]
L-BFGS:   1%|          | 8/1000 [42:14 > 00:21]
L-BFGS:   1%|          | 9/1000 [43:14 > 00:24]
L-BFGS:   1%|          | 10/1000 [42:31 > 00:26]
L-BFGS:   1%|          | 11/1000 [43:34 > 00:29]
L-BFGS:   1%|          | 12/1000 [43:52 > 00:32]
L-BFGS:   1%|▏         | 13/1000 [42:50 > 00:34]
L-BFGS:   1%|▏         | 14/1000 [44:56 > 00:37]
L-BFGS:   2%|▏         | 15/1000 [46:59 > 00:40]
L-BFGS:   2%|▏         | 16/1000 [47:15 > 00:43]
L-BFGS:   2%|▏         | 17/1000 [45:34 > 00:46]
L-BFGS:   2%|▏         | 18/1000 [45:46 > 00:49]
L-BFGS:   2%|▏         | 19/1000 [45:11 > 00:51]
L-BFGS:   2%|▏         | 20/1000 [44:43 > 00:54]
L-BFGS:   2%|▏         | 21/1000 [45:26 > 00:57]
L-BFGS:   2%|▏         | 22/1000 [43:39 > 00:59]
L-BFGS:   2%|▏         | 23/1000 [42:19 > 01:02]
L-BFGS:   2%|▏         | 24/1000 [42:16 > 01:04]
L-BFGS:   2%|▎         | 25/1000 [41:51 > 01:07]
L-BFGS:   3%|▎         | 26/1000 [41:36 > 01:09]
L-BFGS:   3%|▎         | 27/1000 [42:48 > 01:12]
L-BFGS:   3%|▎         | 28/1000 [43:53 > 01:15]
L-BFGS:   3%|▎         | 29/1000 [41:39 > 01:17]
L-BFGS:   3%|▎         | 30/1000 [43:28 > 01:20]
L-BFGS:   3%|▎         | 31/1000 [44:02 > 01:23]
L-BFGS:   3%|▎         | 32/1000 [44:49 > 01:26]
L-BFGS:   3%|▎         | 33/1000 [46:47 > 01:29]
L-BFGS:   3%|▎         | 34/1000 [45:18 > 01:32]
L-BFGS:   4%|▎         | 35/1000 [43:55 > 01:34]
L-BFGS:   4%|▎         | 36/1000 [44:20 > 01:37]
L-BFGS:   4%|▎         | 37/1000 [45:33 > 01:40]
L-BFGS:   4%|▍         | 38/1000 [44:11 > 01:43]
L-BFGS:   4%|▍         | 39/1000 [44:07 > 01:45]
L-BFGS:   4%|▍         | 40/1000 [42:28 > 01:48]
L-BFGS:   4%|▍         | 41/1000 [41:03 > 01:50]
L-BFGS:   4%|▍         | 42/1000 [41:59 > 01:53]
L-BFGS:   4%|▍         | 43/1000 [41:07 > 01:55]
L-BFGS:   4%|▍         | 44/1000 [42:11 > 01:58]
L-BFGS:   4%|▍         | 45/1000 [41:39 > 02:01]
L-BFGS:   5%|▍         | 46/1000 [42:29 > 02:04]
L-BFGS:   5%|▍         | 47/1000 [42:52 > 02:06]
L-BFGS:   5%|▍         | 48/1000 [41:44 > 02:09]
L-BFGS:   5%|▍         | 49/1000 [43:44 > 02:12]
L-BFGS:   5%|▌         | 50/1000 [45:47 > 02:15]
L-BFGS:   5%|▌         | 51/1000 [46:03 > 02:18]
L-BFGS:   5%|▌         | 52/1000 [44:24 > 02:21]
L-BFGS:   5%|▌         | 53/1000 [44:19 > 02:23]
L-BFGS:   5%|▌         | 54/1000 [43:47 > 02:26]
L-BFGS:   6%|▌         | 55/1000 [43:21 > 02:29]
L-BFGS:   6%|▌         | 56/1000 [43:57 > 02:32]
L-BFGS:   6%|▌         | 57/1000 [42:14 > 02:34]
L-BFGS:   6%|▌         | 58/1000 [41:03 > 02:37]
L-BFGS:   6%|▌         | 59/1000 [40:52 > 02:39]
L-BFGS:   6%|▌         | 60/1000 [40:33 > 02:42]
L-BFGS:   6%|▌         | 61/1000 [40:09 > 02:44]
L-BFGS:   6%|▌         | 62/1000 [41:23 > 02:47]
L-BFGS:   6%|▋         | 63/1000 [42:25 > 02:50]
L-BFGS:   6%|▋         | 64/1000 [40:09 > 02:52]
L-BFGS:   6%|▋         | 65/1000 [41:58 > 02:55]
L-BFGS:   7%|▋         | 66/1000 [42:29 > 02:58]
L-BFGS:   7%|▋         | 67/1000 [43:24 > 03:01]
L-BFGS:   7%|▋         | 68/1000 [45:12 > 03:04]
L-BFGS:   7%|▋         | 69/1000 [43:52 > 03:07]
L-BFGS:   7%|▋         | 70/1000 [42:34 > 03:09]
L-BFGS:   7%|▋         | 71/1000 [42:53 > 03:12]
L-BFGS:   7%|▋         | 72/1000 [43:55 > 03:15]
L-BFGS:   7%|▋         | 73/1000 [42:41 > 03:18]
L-BFGS:   7%|▋         | 74/1000 [42:26 > 03:20]
L-BFGS:   8%|▊         | 75/1000 [40:49 > 03:23]
L-BFGS:   8%|▊         | 76/1000 [39:25 > 03:25]
L-BFGS:   8%|▊         | 77/1000 [40:08 > 03:28]
L-BFGS:   8%|▊         | 78/1000 [39:29 > 03:30]
L-BFGS:   8%|▊         | 79/1000 [40:30 > 03:33]
L-BFGS:   8%|▊         | 80/1000 [40:03 > 03:36]
L-BFGS:   8%|▊         | 81/1000 [40:55 > 03:39]
L-BFGS:   8%|▊         | 82/1000 [41:12 > 03:41]
L-BFGS:   8%|▊         | 83/1000 [40:18 > 03:44]
L-BFGS:   8%|▊         | 84/1000 [42:07 > 03:47]
L-BFGS:   8%|▊         | 85/1000 [43:56 > 03:50]
L-BFGS:   9%|▊         | 86/1000 [44:08 > 03:53]
L-BFGS:   9%|▊         | 87/1000 [42:43 > 03:56]
L-BFGS:   9%|▉         | 88/1000 [42:37 > 03:58]
L-BFGS:   9%|▉         | 89/1000 [42:06 > 04:01]
L-BFGS:   9%|▉         | 90/1000 [41:39 > 04:04]
L-BFGS:   9%|▉         | 91/1000 [42:20 > 04:07]
L-BFGS:   9%|▉         | 92/1000 [40:41 > 04:09]
L-BFGS:   9%|▉         | 93/1000 [39:19 > 04:12]
L-BFGS:   9%|▉         | 94/1000 [39:34 > 04:14]
L-BFGS:  10%|▉         | 95/1000 [39:10 > 04:17]
L-BFGS:  10%|▉         | 96/1000 [38:55 > 04:19]
L-BFGS:  10%|▉         | 97/1000 [40:05 > 04:22]
L-BFGS:  10%|▉         | 98/1000 [40:58 > 04:25]
L-BFGS:  10%|▉         | 99/1000 [38:55 > 04:27]
L-BFGS:  10%|█         | 100/1000 [40:37 > 04:30]
L-BFGS:  10%|█         | 101/1000 [40:56 > 04:33]
L-BFGS:  10%|█         | 102/1000 [41:42 > 04:36]
L-BFGS:  10%|█         | 103/1000 [43:28 > 04:39]
L-BFGS:  10%|█         | 104/1000 [42:06 > 04:42]
L-BFGS:  10%|█         | 105/1000 [40:52 > 04:44]
L-BFGS:  11%|█         | 106/1000 [41:16 > 04:47]
L-BFGS:  11%|█         | 107/1000 [42:24 > 04:50]
L-BFGS:  11%|█         | 108/1000 [41:07 > 04:53]
L-BFGS:  11%|█         | 109/1000 [40:53 > 04:55]
L-BFGS:  11%|█         | 110/1000 [39:19 > 04:58]
L-BFGS:  11%|█         | 111/1000 [37:57 > 05:00]
L-BFGS:  11%|█         | 112/1000 [38:44 > 05:03]
L-BFGS:  11%|█▏        | 113/1000 [37:56 > 05:05]
L-BFGS:  11%|█▏        | 114/1000 [39:01 > 05:08]
L-BFGS:  12%|█▏        | 115/1000 [38:16 > 05:11]
L-BFGS:  12%|█▏        | 116/1000 [39:11 > 05:14]
L-BFGS:  12%|█▏        | 117/1000 [39:29 > 05:16]
L-BFGS:  12%|█▏        | 118/1000 [38:37 > 05:19]
L-BFGS:  12%|█▏        | 119/1000 [40:27 > 05:22]
L-BFGS:  12%|█▏        | 120/1000 [42:17 > 05:25]
L-BFGS:  12%|█▏        | 121/1000 [42:24 > 05:28]
L-BFGS:  12%|█▏        | 122/1000 [40:56 > 05:31]
L-BFGS:  12%|█▏        | 123/1000 [40:59 > 05:33]
L-BFGS:  12%|█▏        | 124/1000 [40:30 > 05:36]
L-BFGS:  12%|█▎        | 125/1000 [40:11 > 05:39]
L-BFGS:  13%|█▎        | 126/1000 [40:44 > 05:42]
L-BFGS:  13%|█▎        | 127/1000 [39:08 > 05:44]
L-BFGS:  13%|█▎        | 128/1000 [37:52 > 05:46]
L-BFGS:  13%|█▎        | 129/1000 [37:59 > 05:49]
L-BFGS:  13%|█▎        | 130/1000 [37:24 > 05:52]
L-BFGS:  13%|█▎        | 131/1000 [37:10 > 05:54]
L-BFGS:  13%|█▎        | 132/1000 [38:19 > 05:57]
L-BFGS:  13%|█▎        | 133/1000 [39:19 > 06:00]
L-BFGS:  13%|█▎        | 134/1000 [37:13 > 06:02]
L-BFGS:  14%|█▎        | 135/1000 [38:55 > 06:05]
L-BFGS:  14%|█▎        | 136/1000 [39:30 > 06:08]
L-BFGS:  14%|█▎        | 137/1000 [40:08 > 06:11]
L-BFGS:  14%|█▍        | 138/1000 [41:58 > 06:14]
L-BFGS:  14%|█▍        | 139/1000 [40:41 > 06:17]
L-BFGS:  14%|█▍        | 140/1000 [39:29 > 06:19]
L-BFGS:  14%|█▍        | 141/1000 [39:38 > 06:22]
L-BFGS:  14%|█▍        | 142/1000 [40:38 > 06:25]
L-BFGS:  14%|█▍        | 143/1000 [39:36 > 06:28]
L-BFGS:  14%|█▍        | 144/1000 [39:24 > 06:30]
L-BFGS:  14%|█▍        | 145/1000 [37:54 > 06:33]
L-BFGS:  15%|█▍        | 146/1000 [36:35 > 06:35]
L-BFGS:  15%|█▍        | 147/1000 [37:12 > 06:38]
L-BFGS:  15%|█▍        | 148/1000 [36:30 > 06:40]
L-BFGS:  15%|█▍        | 149/1000 [37:21 > 06:43]
L-BFGS:  15%|█▌        | 150/1000 [36:50 > 06:46]
L-BFGS:  15%|█▌        | 151/1000 [37:37 > 06:49]
Early stopping at L-BFGS step 152/1000: total loss unchanged for 150 steps (best=8.171963e-01).

L-BFGS:  15%|█▌        | 151/1000 [38:35 > 06:51]
Training saved: C:\Ali Computation\pinn\code\heterogeneous\pino_heterogeneous\results\exp_F_maximin_N500_float64\pino_heterogeneous_concentration.png C:\Ali Computation\pinn\code\heterogeneous\pino_heterogeneous\results\exp_F_maximin_N500_float64\pino_heterogeneous_loss.png C:\Ali Computation\pinn\code\heterogeneous\pino_heterogeneous\results\exp_F_maximin_N500_float64\pino_heterogeneous_model.pt
COMSOL validation: 81 media -> C:\Ali Computation\pinn\code\heterogeneous\pino_heterogeneous\results\exp_F_maximin_N500_float64  (x* collocation n=86)

COMSOL vs PINO:   0%|          | 0/81 [00:00<?, ?it/s]
COMSOL vs PINO:   6%|▌         | 5/81 [00:00<00:01, 46.25it/s]
COMSOL vs PINO:  12%|█▏        | 10/81 [00:00<00:01, 45.95it/s]
COMSOL vs PINO:  19%|█▊        | 15/81 [00:00<00:01, 47.08it/s]
COMSOL vs PINO:  25%|██▍       | 20/81 [00:00<00:01, 46.15it/s]
COMSOL vs PINO:  31%|███       | 25/81 [00:00<00:01, 46.58it/s]
COMSOL vs PINO:  37%|███▋      | 30/81 [00:00<00:01, 47.13it/s]
COMSOL vs PINO:  43%|████▎     | 35/81 [00:00<00:00, 46.93it/s]
COMSOL vs PINO:  49%|████▉     | 40/81 [00:00<00:00, 47.49it/s]
COMSOL vs PINO:  56%|█████▌    | 45/81 [00:00<00:00, 47.58it/s]
COMSOL vs PINO:  62%|██████▏   | 50/81 [00:01<00:00, 47.11it/s]
COMSOL vs PINO:  68%|██████▊   | 55/81 [00:01<00:00, 46.96it/s]
COMSOL vs PINO:  74%|███████▍  | 60/81 [00:01<00:00, 47.68it/s]
COMSOL vs PINO:  80%|████████  | 65/81 [00:01<00:00, 47.48it/s]
COMSOL vs PINO:  86%|████████▋ | 70/81 [00:01<00:00, 46.21it/s]
COMSOL vs PINO:  93%|█████████▎| 75/81 [00:01<00:00, 45.96it/s]
COMSOL vs PINO:  99%|█████████▉| 80/81 [00:01<00:00, 46.90it/s]
COMSOL vs PINO: 100%|██████████| 81/81 [00:01<00:00, 46.91it/s]
COMSOL validation summary: n=81  mean=8.030509e-01  max=9.546795e-01  min=3.982522e-01
Wrote C:\Ali Computation\pinn\code\heterogeneous\pino_heterogeneous\results\exp_F_maximin_N500_float64\comsol_validation_summary.csv
Run metadata: C:\Ali Computation\pinn\code\heterogeneous\pino_heterogeneous\results\exp_F_maximin_N500_float64\run_meta.json

# exit 0 after 0:07:07.106891
