# code/heterogeneous/pino_heterogeneous/pinn1d_heterogeneous_parametric_neural_operator.py --design maximin --n-train 500 --trunk-mode zone --early-stop-patience 150 --out-dir results/exp_G_maximin_N500_zone_trunks --skip-validation-plots
# started 2026-06-11 22:21:53
# cwd C:\Ali Computation\pinn\code\heterogeneous\pino_heterogeneous

Using GPU: NVIDIA GeForce RTX 3090 (cuda:0, dtype=torch.float32)
PE (computed) = 0.010368
design=maximin  n_train_requested=500  n_corner_anchors=16  arch=default  trunk_mode=zone  batch_mode=True
branch=[4, 16, 16, 32]  trunk=[2, 32, 32, 32, 32]
results_dir=C:\Ali Computation\pinn\code\heterogeneous\pino_heterogeneous\results\exp_G_maximin_N500_zone_trunks
Training: 500 maximin samples in [0.01, 0.05] m/d
  saved/loaded: C:\Ali Computation\pinn\code\heterogeneous\pino_heterogeneous\results\exp_G_maximin_N500_zone_trunks\train_u_cases.csv
  branch CFL range [0.120085, 0.599848]
PDE mesh: bulk 50x50x500 + interface bands (36 x* / band, +/-0.025 around (0.2, 0.4, 0.6))
COMSOL validation: 81 fixed grid cases from comsol_4zones.txt -> C:\Ali Computation\pinn\code\heterogeneous\pino_heterogeneous\results\exp_G_maximin_N500_zone_trunks
run_training=True  run_comsol_validation=True  validate_only=False  skip_validation_plots=True
L-BFGS early stopping: patience=150 (max steps=1000)
PDE collocation points: 2,150,000 (bulk 1,250,000, interface 900,000)
Collocation mesh plot (pre-train): C:\Ali Computation\pinn\code\heterogeneous\pino_heterogeneous\results\exp_G_maximin_N500_zone_trunks\pino_heterogeneous_collocation_points.png
Zone trunks: per-zone PDE CFL + interface losses (75,000 interface collocation pairs)
LBFGS (
Parameter Group 0
    history_size: 50
    line_search_fn: strong_wolfe
    lr: 1
    max_eval: 1
    max_iter: 1
    tolerance_change: 1e-09
    tolerance_grad: 1e-07
)
Early stopping: patience=150 L-BFGS steps (no total-loss improvement, rtol=1e-08)

L-BFGS:   0%|          | 0/1000 [? > 00:00]
L-BFGS:   0%|          | 1/1000 [12:58:51 > 00:46]
L-BFGS:   0%|          | 2/1000 [12:41:35 > 01:31]
L-BFGS:   0%|          | 3/1000 [12:31:36 > 02:16]
L-BFGS:   0%|          | 4/1000 [12:14:00 > 02:59]
L-BFGS:   0%|          | 5/1000 [12:21:49 > 03:44]
L-BFGS:   1%|          | 6/1000 [10:13:28 > 04:06]
L-BFGS:   1%|          | 7/1000 [8:54:23 > 04:29] 
L-BFGS:   1%|          | 8/1000 [8:00:50 > 04:51]
L-BFGS:   1%|          | 9/1000 [7:17:47 > 05:12]
L-BFGS:   1%|          | 10/1000 [6:53:19 > 05:34]
L-BFGS:   1%|          | 11/1000 [6:37:49 > 05:56]
L-BFGS:   1%|          | 12/1000 [6:23:55 > 06:17]
L-BFGS:   1%|▏         | 13/1000 [6:16:09 > 06:39]
L-BFGS:   1%|▏         | 14/1000 [6:16:15 > 07:02]
L-BFGS:   2%|▏         | 15/1000 [6:07:43 > 07:23]
L-BFGS:   2%|▏         | 16/1000 [6:06:39 > 07:46]
L-BFGS:   2%|▏         | 17/1000 [6:04:18 > 08:07]
L-BFGS:   2%|▏         | 18/1000 [6:02:07 > 08:29]
L-BFGS:   2%|▏         | 19/1000 [5:56:44 > 08:50]
L-BFGS:   2%|▏         | 20/1000 [5:55:09 > 09:12]
L-BFGS:   2%|▏         | 21/1000 [5:59:10 > 09:35]
L-BFGS:   2%|▏         | 22/1000 [5:56:49 > 09:56]
L-BFGS:   2%|▏         | 23/1000 [5:55:45 > 10:18]
L-BFGS:   2%|▏         | 24/1000 [5:57:27 > 10:40]
L-BFGS:   2%|▎         | 25/1000 [5:52:51 > 11:01]
L-BFGS:   3%|▎         | 26/1000 [5:53:13 > 11:23]
L-BFGS:   3%|▎         | 27/1000 [5:55:28 > 11:46]
L-BFGS:   3%|▎         | 28/1000 [5:56:00 > 12:08]
L-BFGS:   3%|▎         | 29/1000 [5:56:30 > 12:30]
L-BFGS:   3%|▎         | 30/1000 [5:56:02 > 12:52]
L-BFGS:   3%|▎         | 31/1000 [5:56:48 > 13:14]
L-BFGS:   3%|▎         | 32/1000 [5:55:23 > 13:36]
L-BFGS:   3%|▎         | 33/1000 [5:58:34 > 13:59]
L-BFGS:   3%|▎         | 34/1000 [5:54:37 > 14:20]
L-BFGS:   4%|▎         | 35/1000 [5:49:21 > 14:41]
L-BFGS:   4%|▎         | 36/1000 [5:41:24 > 15:01]
L-BFGS:   4%|▎         | 37/1000 [5:42:07 > 15:23]
L-BFGS:   4%|▍         | 38/1000 [5:43:33 > 15:45]
L-BFGS:   4%|▍         | 39/1000 [5:48:42 > 16:07]
L-BFGS:   4%|▍         | 40/1000 [5:46:06 > 16:28]
L-BFGS:   4%|▍         | 41/1000 [5:46:18 > 16:50]
L-BFGS:   4%|▍         | 42/1000 [5:44:56 > 17:12]
L-BFGS:   4%|▍         | 43/1000 [5:43:30 > 17:33]
L-BFGS:   4%|▍         | 44/1000 [5:41:48 > 17:54]
L-BFGS:   4%|▍         | 45/1000 [5:42:14 > 18:16]
L-BFGS:   5%|▍         | 46/1000 [5:46:45 > 18:38]
L-BFGS:   5%|▍         | 47/1000 [5:45:22 > 19:00]
L-BFGS:   5%|▍         | 48/1000 [5:44:51 > 19:22]
L-BFGS:   5%|▍         | 49/1000 [5:45:14 > 19:44]
L-BFGS:   5%|▌         | 50/1000 [5:46:55 > 20:06]
L-BFGS:   5%|▌         | 51/1000 [5:45:54 > 20:28]
L-BFGS:   5%|▌         | 52/1000 [5:44:10 > 20:49]
L-BFGS:   5%|▌         | 53/1000 [5:42:46 > 21:11]
L-BFGS:   5%|▌         | 54/1000 [5:42:38 > 21:32]
L-BFGS:   6%|▌         | 55/1000 [5:45:03 > 21:55]
L-BFGS:   6%|▌         | 56/1000 [5:47:56 > 22:17]
L-BFGS:   6%|▌         | 57/1000 [5:49:21 > 22:40]
L-BFGS:   6%|▌         | 58/1000 [5:53:01 > 23:03]
L-BFGS:   6%|▌         | 59/1000 [5:46:47 > 23:24]
L-BFGS:   6%|▌         | 60/1000 [5:39:39 > 23:45]
L-BFGS:   6%|▌         | 61/1000 [5:38:41 > 24:06]
L-BFGS:   6%|▌         | 62/1000 [5:39:37 > 24:28]
L-BFGS:   6%|▋         | 63/1000 [5:39:58 > 24:50]
L-BFGS:   6%|▋         | 64/1000 [5:39:59 > 25:12]
L-BFGS:   6%|▋         | 65/1000 [5:41:53 > 25:34]
L-BFGS:   7%|▋         | 66/1000 [5:42:44 > 25:57]
L-BFGS:   7%|▋         | 67/1000 [5:41:19 > 26:18]
L-BFGS:   7%|▋         | 68/1000 [5:40:30 > 26:40]
L-BFGS:   7%|▋         | 69/1000 [5:38:13 > 27:02]
L-BFGS:   7%|▋         | 70/1000 [5:35:13 > 27:23]
L-BFGS:   7%|▋         | 71/1000 [5:36:15 > 27:45]
L-BFGS:   7%|▋         | 72/1000 [5:36:12 > 28:07]
L-BFGS:   7%|▋         | 73/1000 [5:36:53 > 28:29]
L-BFGS:   7%|▋         | 74/1000 [5:35:08 > 28:50]
L-BFGS:   8%|▊         | 75/1000 [5:34:36 > 29:12]
L-BFGS:   8%|▊         | 76/1000 [5:31:15 > 29:33]
L-BFGS:   8%|▊         | 77/1000 [5:29:51 > 29:54]
L-BFGS:   8%|▊         | 78/1000 [5:27:02 > 30:15]
L-BFGS:   8%|▊         | 79/1000 [5:29:04 > 30:37]
L-BFGS:   8%|▊         | 80/1000 [5:33:37 > 30:59]
L-BFGS:   8%|▊         | 81/1000 [5:39:56 > 31:23]
L-BFGS:   8%|▊         | 82/1000 [5:40:01 > 31:45]
L-BFGS:   8%|▊         | 83/1000 [5:43:44 > 32:08]
L-BFGS:   8%|▊         | 84/1000 [5:40:13 > 32:30]
L-BFGS:   8%|▊         | 85/1000 [5:39:02 > 32:52]
L-BFGS:   9%|▊         | 86/1000 [5:32:22 > 33:13]
L-BFGS:   9%|▊         | 87/1000 [5:31:25 > 33:34]
L-BFGS:   9%|▉         | 88/1000 [5:28:38 > 33:56]
L-BFGS:   9%|▉         | 89/1000 [5:26:23 > 34:17]
L-BFGS:   9%|▉         | 90/1000 [5:26:15 > 34:38]
L-BFGS:   9%|▉         | 91/1000 [5:30:39 > 35:01]
L-BFGS:   9%|▉         | 92/1000 [5:29:16 > 35:23]
L-BFGS:   9%|▉         | 93/1000 [5:26:08 > 35:44]
L-BFGS:   9%|▉         | 94/1000 [5:25:37 > 36:05]
L-BFGS:  10%|▉         | 95/1000 [5:25:05 > 36:27]
L-BFGS:  10%|▉         | 96/1000 [5:22:39 > 36:48]
L-BFGS:  10%|▉         | 97/1000 [5:26:47 > 37:10]
L-BFGS:  10%|▉         | 98/1000 [5:29:26 > 37:33]
L-BFGS:  10%|▉         | 99/1000 [5:32:30 > 37:55]
L-BFGS:  10%|█         | 100/1000 [5:33:58 > 38:18]
L-BFGS:  10%|█         | 101/1000 [5:31:02 > 38:40]
L-BFGS:  10%|█         | 102/1000 [5:30:54 > 39:02]
L-BFGS:  10%|█         | 103/1000 [5:25:29 > 39:23]
L-BFGS:  10%|█         | 104/1000 [5:27:17 > 39:45]
L-BFGS:  10%|█         | 105/1000 [5:26:39 > 40:07]
L-BFGS:  11%|█         | 106/1000 [5:29:35 > 40:30]
L-BFGS:  11%|█         | 107/1000 [5:30:02 > 40:52]
L-BFGS:  11%|█         | 108/1000 [5:30:01 > 41:14]
L-BFGS:  11%|█         | 109/1000 [5:27:00 > 41:36]
L-BFGS:  11%|█         | 110/1000 [5:28:53 > 41:58]
L-BFGS:  11%|█         | 111/1000 [5:24:20 > 42:19]
L-BFGS:  11%|█         | 112/1000 [5:20:00 > 42:40]
L-BFGS:  11%|█▏        | 113/1000 [5:22:49 > 43:03]
L-BFGS:  11%|█▏        | 114/1000 [5:22:21 > 43:25]
L-BFGS:  12%|█▏        | 115/1000 [5:18:59 > 43:46]
L-BFGS:  12%|█▏        | 116/1000 [5:21:01 > 44:08]
L-BFGS:  12%|█▏        | 117/1000 [5:21:27 > 44:30]
L-BFGS:  12%|█▏        | 118/1000 [5:18:33 > 44:51]
L-BFGS:  12%|█▏        | 119/1000 [5:17:37 > 45:13]
L-BFGS:  12%|█▏        | 120/1000 [5:20:49 > 45:35]
L-BFGS:  12%|█▏        | 121/1000 [5:17:49 > 45:56]
L-BFGS:  12%|█▏        | 122/1000 [5:19:33 > 46:19]
L-BFGS:  12%|█▏        | 123/1000 [5:21:12 > 46:41]
L-BFGS:  12%|█▏        | 124/1000 [5:21:28 > 47:03]
L-BFGS:  12%|█▎        | 125/1000 [5:18:23 > 47:24]
L-BFGS:  13%|█▎        | 126/1000 [5:18:08 > 47:46]
L-BFGS:  13%|█▎        | 127/1000 [5:20:08 > 48:09]
L-BFGS:  13%|█▎        | 128/1000 [5:16:12 > 48:30]
L-BFGS:  13%|█▎        | 129/1000 [5:15:58 > 48:52]
L-BFGS:  13%|█▎        | 130/1000 [5:17:16 > 49:14]
L-BFGS:  13%|█▎        | 131/1000 [5:15:21 > 49:35]
L-BFGS:  13%|█▎        | 132/1000 [5:17:59 > 49:58]
L-BFGS:  13%|█▎        | 133/1000 [5:20:57 > 50:20]
L-BFGS:  13%|█▎        | 134/1000 [5:21:43 > 50:43]
L-BFGS:  14%|█▎        | 135/1000 [5:19:06 > 51:05]
L-BFGS:  14%|█▎        | 136/1000 [5:16:32 > 51:26]
L-BFGS:  14%|█▎        | 137/1000 [5:14:28 > 51:48]
L-BFGS:  14%|█▍        | 138/1000 [5:12:22 > 52:09]
L-BFGS:  14%|█▍        | 139/1000 [5:14:59 > 52:32]
L-BFGS:  14%|█▍        | 140/1000 [5:13:06 > 52:53]
L-BFGS:  14%|█▍        | 141/1000 [5:09:55 > 53:15]
L-BFGS:  14%|█▍        | 142/1000 [5:03:18 > 53:35]
L-BFGS:  14%|█▍        | 143/1000 [5:03:28 > 53:56]
L-BFGS:  14%|█▍        | 144/1000 [5:04:00 > 54:18]
L-BFGS:  14%|█▍        | 145/1000 [5:07:02 > 54:40]
L-BFGS:  15%|█▍        | 146/1000 [5:06:01 > 55:01]
L-BFGS:  15%|█▍        | 147/1000 [5:07:13 > 55:23]
L-BFGS:  15%|█▍        | 148/1000 [5:06:59 > 55:45]
L-BFGS:  15%|█▍        | 149/1000 [5:07:41 > 56:06]
L-BFGS:  15%|█▌        | 150/1000 [5:06:26 > 56:28]
L-BFGS:  15%|█▌        | 151/1000 [5:07:35 > 56:50]
L-BFGS:  15%|█▌        | 152/1000 [5:09:35 > 57:12]
L-BFGS:  15%|█▌        | 153/1000 [5:06:59 > 57:34]
L-BFGS:  15%|█▌        | 154/1000 [5:06:26 > 57:55]
Early stopping at L-BFGS step 155/1000: total loss unchanged for 150 steps (best=1.005097e+00).

L-BFGS:  15%|█▌        | 154/1000 [5:20:14 > 58:17]
Training saved: C:\Ali Computation\pinn\code\heterogeneous\pino_heterogeneous\results\exp_G_maximin_N500_zone_trunks\pino_heterogeneous_concentration.png C:\Ali Computation\pinn\code\heterogeneous\pino_heterogeneous\results\exp_G_maximin_N500_zone_trunks\pino_heterogeneous_loss.png C:\Ali Computation\pinn\code\heterogeneous\pino_heterogeneous\results\exp_G_maximin_N500_zone_trunks\pino_heterogeneous_model.pt
COMSOL validation: 81 media -> C:\Ali Computation\pinn\code\heterogeneous\pino_heterogeneous\results\exp_G_maximin_N500_zone_trunks  (x* collocation n=86)

COMSOL vs PINO:   0%|          | 0/81 [00:00<?, ?it/s]
COMSOL vs PINO:   6%|▌         | 5/81 [00:00<00:01, 43.70it/s]
COMSOL vs PINO:  12%|█▏        | 10/81 [00:00<00:01, 43.37it/s]
COMSOL vs PINO:  19%|█▊        | 15/81 [00:00<00:01, 41.86it/s]
COMSOL vs PINO:  25%|██▍       | 20/81 [00:00<00:01, 41.44it/s]
COMSOL vs PINO:  31%|███       | 25/81 [00:00<00:01, 41.55it/s]
COMSOL vs PINO:  37%|███▋      | 30/81 [00:00<00:01, 42.37it/s]
COMSOL vs PINO:  43%|████▎     | 35/81 [00:00<00:01, 42.46it/s]
COMSOL vs PINO:  49%|████▉     | 40/81 [00:00<00:00, 43.24it/s]
COMSOL vs PINO:  56%|█████▌    | 45/81 [00:01<00:00, 42.81it/s]
COMSOL vs PINO:  62%|██████▏   | 50/81 [00:01<00:00, 40.88it/s]
COMSOL vs PINO:  68%|██████▊   | 55/81 [00:01<00:00, 38.25it/s]
COMSOL vs PINO:  74%|███████▍  | 60/81 [00:01<00:00, 39.56it/s]
COMSOL vs PINO:  80%|████████  | 65/81 [00:01<00:00, 38.51it/s]
COMSOL vs PINO:  85%|████████▌ | 69/81 [00:01<00:00, 36.80it/s]
COMSOL vs PINO:  91%|█████████▏| 74/81 [00:01<00:00, 38.73it/s]
COMSOL vs PINO:  98%|█████████▊| 79/81 [00:01<00:00, 40.64it/s]
COMSOL vs PINO: 100%|██████████| 81/81 [00:01<00:00, 40.57it/s]
COMSOL validation summary: n=81  mean=2.604710e+00  max=3.629940e+00  min=1.714153e+00
Wrote C:\Ali Computation\pinn\code\heterogeneous\pino_heterogeneous\results\exp_G_maximin_N500_zone_trunks\comsol_validation_summary.csv
Run metadata: C:\Ali Computation\pinn\code\heterogeneous\pino_heterogeneous\results\exp_G_maximin_N500_zone_trunks\run_meta.json

# exit 0 after 0:58:40.365910
