# code/heterogeneous/pino_heterogeneous/pinn1d_heterogeneous_parametric_neural_operator.py --design grf --n-sensors 100 --n-grf 0 --n-piecewise-per-zones 50 --piecewise-zone-counts 1,2,3,4,5 --min-zone-frac 0.1 --arch w32 --dtype float64 --early-stop-patience 150 --lr-lbfgs 0.1 --lbfgs-max-iter 20 --epochs 1000 --out-dir results/exp_Vb_piecewise_K100_N250_z1to5_min10pct_w32_float64_lbfgs1000_maxiter20
# started 2026-06-30 15:31:27
# cwd C:\Ali Computation\pinn\code\heterogeneous\pino_heterogeneous

Using GPU: NVIDIA GeForce RTX 3090 (cuda:0, dtype=torch.float64)
PE (computed) = 0.010368
design=grf  media_mode=grf  n_train_requested=250  n_corner_anchors=16  arch=w32  batch_mode=True
branch=[100, 32, 32, 32]  trunk=[2, 32, 32, 32, 32]
results_dir=C:\Ali Computation\pinn\code\heterogeneous\pino_heterogeneous\results\exp_Vb_piecewise_K100_N250_z1to5_min10pct_w32_float64_lbfgs1000_maxiter20
Training: 250 piecewise (50 each for zones [1, 2, 3, 4, 5]), min_zone_frac=0.1 = 250 total; K=100 uniform sensors, grid_n=201
  saved/loaded: C:\Ali Computation\pinn\code\heterogeneous\pino_heterogeneous\results\exp_Vb_piecewise_K100_N250_z1to5_min10pct_w32_float64_lbfgs1000_maxiter20\train_grf_cases.npz
  branch CFL range [0.120358, 0.599469]
PDE mesh: bulk 50x50x250 (no interface bands in GRF mode)
COMSOL validation: 81 fixed grid cases from comsol_4zones.txt -> C:\Ali Computation\pinn\code\heterogeneous\pino_heterogeneous\results\exp_Vb_piecewise_K100_N250_z1to5_min10pct_w32_float64_lbfgs1000_maxiter20\comsol_validation
run_training=True  run_comsol_validation=True  validate_only=False  skip_validation_plots=False
L-BFGS early stopping: patience=150 (max steps=1000)
L-BFGS: lr=0.1  max_iter=20  outer_steps=1000
PDE collocation points: 625,000 (bulk 625,000, interface 0)
Collocation mesh plot (pre-train): C:\Ali Computation\pinn\code\heterogeneous\pino_heterogeneous\results\exp_Vb_piecewise_K100_N250_z1to5_min10pct_w32_float64_lbfgs1000_maxiter20\pino_heterogeneous_collocation_points.png
LBFGS (
Parameter Group 0
    history_size: 50
    line_search_fn: strong_wolfe
    lr: 0.1
    max_eval: 25
    max_iter: 20
    tolerance_change: 1e-09
    tolerance_grad: 1e-07
)
Early stopping: patience=150 L-BFGS steps (no total-loss improvement, rtol=1e-12)

L-BFGS:   0%|          | 0/1000 [? > 00:00]
L-BFGS:   0%|          | 1/1000 [1:56:12 > 00:06]
L-BFGS:   0%|          | 2/1000 [1:55:05 > 00:13]
L-BFGS:   0%|          | 3/1000 [1:53:02 > 00:20]
L-BFGS:   0%|          | 4/1000 [1:52:28 > 00:27]
L-BFGS:   0%|          | 5/1000 [1:53:51 > 00:34]
L-BFGS:   1%|          | 6/1000 [1:53:10 > 00:41]
L-BFGS:   1%|          | 7/1000 [1:54:08 > 00:48]
L-BFGS:   1%|          | 8/1000 [1:53:25 > 00:54]
L-BFGS:   1%|          | 9/1000 [1:53:08 > 01:01]
L-BFGS:   1%|          | 10/1000 [1:54:56 > 01:08]
L-BFGS:   1%|          | 11/1000 [1:56:04 > 01:16]
L-BFGS:   1%|          | 12/1000 [1:55:37 > 01:23]
L-BFGS:   1%|▏         | 13/1000 [1:55:04 > 01:30]
L-BFGS:   1%|▏         | 14/1000 [1:54:53 > 01:37]
L-BFGS:   2%|▏         | 15/1000 [1:54:54 > 01:44]
L-BFGS:   2%|▏         | 16/1000 [1:54:38 > 01:51]
L-BFGS:   2%|▏         | 17/1000 [1:54:28 > 01:57]
L-BFGS:   2%|▏         | 18/1000 [1:54:18 > 02:04]
L-BFGS:   2%|▏         | 19/1000 [1:55:54 > 02:12]
L-BFGS:   2%|▏         | 20/1000 [1:54:48 > 02:19]
L-BFGS:   2%|▏         | 21/1000 [1:54:57 > 02:26]
L-BFGS:   2%|▏         | 22/1000 [1:55:15 > 02:33]
L-BFGS:   2%|▏         | 23/1000 [1:53:53 > 02:40]
L-BFGS:   2%|▏         | 24/1000 [1:54:22 > 02:47]
L-BFGS:   2%|▎         | 25/1000 [1:54:29 > 02:54]
L-BFGS:   3%|▎         | 26/1000 [1:53:17 > 03:01]
L-BFGS:   3%|▎         | 27/1000 [1:52:30 > 03:08]
L-BFGS:   3%|▎         | 28/1000 [1:51:52 > 03:14]
L-BFGS:   3%|▎         | 29/1000 [1:52:41 > 03:22]
L-BFGS:   3%|▎         | 30/1000 [1:51:55 > 03:28]
L-BFGS:   3%|▎         | 31/1000 [1:51:22 > 03:35]
L-BFGS:   3%|▎         | 32/1000 [1:50:55 > 03:42]
L-BFGS:   3%|▎         | 33/1000 [1:50:36 > 03:49]
L-BFGS:   3%|▎         | 34/1000 [1:50:15 > 03:56]
L-BFGS:   4%|▎         | 35/1000 [1:50:04 > 04:02]
L-BFGS:   4%|▎         | 36/1000 [1:49:52 > 04:09]
L-BFGS:   4%|▎         | 37/1000 [1:50:58 > 04:16]
L-BFGS:   4%|▍         | 38/1000 [1:50:33 > 04:23]
L-BFGS:   4%|▍         | 39/1000 [1:50:43 > 04:30]
L-BFGS:   4%|▍         | 40/1000 [1:50:54 > 04:37]
L-BFGS:   4%|▍         | 41/1000 [1:51:05 > 04:44]
L-BFGS:   4%|▍         | 42/1000 [1:52:26 > 04:51]
L-BFGS:   4%|▍         | 43/1000 [1:53:30 > 04:59]
L-BFGS:   4%|▍         | 44/1000 [1:52:39 > 05:06]
L-BFGS:   4%|▍         | 45/1000 [1:52:05 > 05:13]
L-BFGS:   5%|▍         | 46/1000 [1:53:00 > 05:20]
L-BFGS:   5%|▍         | 47/1000 [1:52:17 > 05:27]
L-BFGS:   5%|▍         | 48/1000 [1:51:50 > 05:34]
L-BFGS:   5%|▍         | 49/1000 [1:51:29 > 05:41]
L-BFGS:   5%|▌         | 50/1000 [1:51:35 > 05:48]
L-BFGS:   5%|▌         | 51/1000 [1:51:40 > 05:55]
L-BFGS:   5%|▌         | 52/1000 [1:51:39 > 06:02]
L-BFGS:   5%|▌         | 53/1000 [1:50:23 > 06:09]
L-BFGS:   5%|▌         | 54/1000 [1:50:48 > 06:16]
L-BFGS:   6%|▌         | 55/1000 [1:49:44 > 06:23]
L-BFGS:   6%|▌         | 56/1000 [1:48:57 > 06:30]
L-BFGS:   6%|▌         | 57/1000 [1:49:37 > 06:37]
L-BFGS:   6%|▌         | 58/1000 [1:48:44 > 06:44]
L-BFGS:   6%|▌         | 59/1000 [1:48:12 > 06:50]
L-BFGS:   6%|▌         | 60/1000 [1:48:55 > 06:58]
L-BFGS:   6%|▌         | 61/1000 [1:48:08 > 07:04]
L-BFGS:   6%|▌         | 62/1000 [1:47:46 > 07:11]
L-BFGS:   6%|▋         | 63/1000 [1:47:19 > 07:18]
L-BFGS:   6%|▋         | 64/1000 [1:46:57 > 07:25]
L-BFGS:   6%|▋         | 65/1000 [1:48:02 > 07:32]
L-BFGS:   7%|▋         | 66/1000 [1:47:25 > 07:39]
L-BFGS:   7%|▋         | 67/1000 [1:46:53 > 07:46]
L-BFGS:   7%|▋         | 68/1000 [1:46:29 > 07:52]
L-BFGS:   7%|▋         | 69/1000 [1:46:51 > 07:59]
L-BFGS:   7%|▋         | 70/1000 [1:48:27 > 08:07]
L-BFGS:   7%|▋         | 71/1000 [1:49:31 > 08:14]
L-BFGS:   7%|▋         | 72/1000 [1:50:15 > 08:21]
L-BFGS:   7%|▋         | 73/1000 [1:49:27 > 08:28]
L-BFGS:   7%|▋         | 74/1000 [1:48:59 > 08:35]
L-BFGS:   8%|▊         | 75/1000 [1:48:33 > 08:42]
L-BFGS:   8%|▊         | 76/1000 [1:48:08 > 08:49]
L-BFGS:   8%|▊         | 77/1000 [1:47:48 > 08:56]
L-BFGS:   8%|▊         | 78/1000 [1:47:36 > 09:03]
L-BFGS:   8%|▊         | 79/1000 [1:47:12 > 09:10]
L-BFGS:   8%|▊         | 80/1000 [1:46:19 > 09:17]
L-BFGS:   8%|▊         | 81/1000 [1:47:03 > 09:24]
L-BFGS:   8%|▊         | 82/1000 [1:47:24 > 09:31]
L-BFGS:   8%|▊         | 83/1000 [1:47:37 > 09:38]
L-BFGS:   8%|▊         | 84/1000 [1:47:44 > 09:45]
L-BFGS:   8%|▊         | 85/1000 [1:46:36 > 09:52]
L-BFGS:   9%|▊         | 86/1000 [1:46:52 > 09:59]
L-BFGS:   9%|▊         | 87/1000 [1:47:14 > 10:06]
L-BFGS:   9%|▉         | 88/1000 [1:47:25 > 10:13]
L-BFGS:   9%|▉         | 89/1000 [1:47:22 > 10:20]
L-BFGS:   9%|▉         | 90/1000 [1:46:07 > 10:27]
L-BFGS:   9%|▉         | 91/1000 [1:45:14 > 10:34]
L-BFGS:   9%|▉         | 92/1000 [1:44:30 > 10:41]
L-BFGS:   9%|▉         | 93/1000 [1:45:16 > 10:48]
L-BFGS:   9%|▉         | 94/1000 [1:44:31 > 10:55]
L-BFGS:  10%|▉         | 95/1000 [1:45:10 > 11:02]
L-BFGS:  10%|▉         | 96/1000 [1:44:24 > 11:09]
L-BFGS:  10%|▉         | 97/1000 [1:43:46 > 11:16]
L-BFGS:  10%|▉         | 98/1000 [1:44:55 > 11:23]
L-BFGS:  10%|▉         | 99/1000 [1:44:50 > 11:30]
L-BFGS:  10%|█         | 100/1000 [1:44:44 > 11:37]
L-BFGS:  10%|█         | 101/1000 [1:44:40 > 11:44]
L-BFGS:  10%|█         | 102/1000 [1:44:40 > 11:51]
L-BFGS:  10%|█         | 103/1000 [1:44:29 > 11:58]
L-BFGS:  10%|█         | 104/1000 [1:44:28 > 12:05]
L-BFGS:  10%|█         | 105/1000 [1:44:25 > 12:12]
L-BFGS:  11%|█         | 106/1000 [1:44:13 > 12:19]
L-BFGS:  11%|█         | 107/1000 [1:44:08 > 12:26]
L-BFGS:  11%|█         | 108/1000 [1:45:09 > 12:33]
L-BFGS:  11%|█         | 109/1000 [1:45:11 > 12:40]
L-BFGS:  11%|█         | 110/1000 [1:43:51 > 12:47]
L-BFGS:  11%|█         | 111/1000 [1:42:54 > 12:54]
L-BFGS:  11%|█         | 112/1000 [1:43:26 > 13:01]
L-BFGS:  11%|█▏        | 113/1000 [1:43:46 > 13:08]
L-BFGS:  11%|█▏        | 114/1000 [1:44:52 > 13:15]
L-BFGS:  12%|█▏        | 115/1000 [1:44:43 > 13:22]
L-BFGS:  12%|█▏        | 116/1000 [1:43:29 > 13:29]
L-BFGS:  12%|█▏        | 117/1000 [1:42:26 > 13:36]
L-BFGS:  12%|█▏        | 118/1000 [1:41:40 > 13:43]
L-BFGS:  12%|█▏        | 119/1000 [1:41:09 > 13:50]
L-BFGS:  12%|█▏        | 120/1000 [1:40:45 > 13:56]
L-BFGS:  12%|█▏        | 121/1000 [1:40:28 > 14:03]
L-BFGS:  12%|█▏        | 122/1000 [1:40:16 > 14:10]
L-BFGS:  12%|█▏        | 123/1000 [1:40:04 > 14:17]
L-BFGS:  12%|█▏        | 124/1000 [1:39:52 > 14:24]
L-BFGS:  12%|█▎        | 125/1000 [1:39:39 > 14:31]
L-BFGS:  13%|█▎        | 126/1000 [1:40:49 > 14:38]
L-BFGS:  13%|█▎        | 127/1000 [1:40:13 > 14:44]
L-BFGS:  13%|█▎        | 128/1000 [1:41:50 > 14:52]
L-BFGS:  13%|█▎        | 129/1000 [1:41:38 > 14:59]
L-BFGS:  13%|█▎        | 130/1000 [1:42:39 > 15:06]
L-BFGS:  13%|█▎        | 131/1000 [1:43:14 > 15:13]
L-BFGS:  13%|█▎        | 132/1000 [1:43:45 > 15:21]
L-BFGS:  13%|█▎        | 133/1000 [1:42:52 > 15:28]
L-BFGS:  13%|█▎        | 134/1000 [1:43:21 > 15:35]
L-BFGS:  14%|█▎        | 135/1000 [1:42:29 > 15:42]
L-BFGS:  14%|█▎        | 136/1000 [1:43:01 > 15:49]
L-BFGS:  14%|█▎        | 137/1000 [1:42:07 > 15:56]
L-BFGS:  14%|█▍        | 138/1000 [1:41:09 > 16:03]
L-BFGS:  14%|█▍        | 139/1000 [1:40:06 > 16:10]
L-BFGS:  14%|█▍        | 140/1000 [1:40:32 > 16:17]
L-BFGS:  14%|█▍        | 141/1000 [1:39:37 > 16:24]
L-BFGS:  14%|█▍        | 142/1000 [1:40:09 > 16:31]
L-BFGS:  14%|█▍        | 143/1000 [1:40:26 > 16:38]
L-BFGS:  14%|█▍        | 144/1000 [1:39:25 > 16:45]
L-BFGS:  14%|█▍        | 145/1000 [1:38:38 > 16:52]
L-BFGS:  15%|█▍        | 146/1000 [1:37:59 > 16:58]
L-BFGS:  15%|█▍        | 147/1000 [1:38:46 > 17:05]
L-BFGS:  15%|█▍        | 148/1000 [1:38:11 > 17:12]
L-BFGS:  15%|█▍        | 149/1000 [1:38:52 > 17:19]
L-BFGS:  15%|█▌        | 150/1000 [1:38:14 > 17:26]
L-BFGS:  15%|█▌        | 151/1000 [1:38:51 > 17:33]
L-BFGS:  15%|█▌        | 152/1000 [1:38:01 > 17:40]
L-BFGS:  15%|█▌        | 153/1000 [1:37:21 > 17:47]
L-BFGS:  15%|█▌        | 154/1000 [1:36:50 > 17:54]
L-BFGS:  16%|█▌        | 155/1000 [1:37:43 > 18:01]
L-BFGS:  16%|█▌        | 156/1000 [1:37:08 > 18:08]
L-BFGS:  16%|█▌        | 157/1000 [1:38:14 > 18:15]
L-BFGS:  16%|█▌        | 158/1000 [1:38:00 > 18:22]
L-BFGS:  16%|█▌        | 159/1000 [1:37:50 > 18:29]
L-BFGS:  16%|█▌        | 160/1000 [1:37:42 > 18:36]
L-BFGS:  16%|█▌        | 161/1000 [1:37:38 > 18:43]
L-BFGS:  16%|█▌        | 162/1000 [1:37:32 > 18:50]
L-BFGS:  16%|█▋        | 163/1000 [1:37:25 > 18:57]
L-BFGS:  16%|█▋        | 164/1000 [1:37:19 > 19:04]
L-BFGS:  16%|█▋        | 165/1000 [1:38:18 > 19:11]
L-BFGS:  17%|█▋        | 166/1000 [1:37:48 > 19:18]
L-BFGS:  17%|█▋        | 167/1000 [1:38:40 > 19:25]
L-BFGS:  17%|█▋        | 168/1000 [1:38:33 > 19:32]
L-BFGS:  17%|█▋        | 169/1000 [1:38:20 > 19:39]
L-BFGS:  17%|█▋        | 170/1000 [1:38:13 > 19:46]
L-BFGS:  17%|█▋        | 171/1000 [1:36:59 > 19:53]
L-BFGS:  17%|█▋        | 172/1000 [1:37:12 > 20:00]
L-BFGS:  17%|█▋        | 173/1000 [1:36:13 > 20:07]
L-BFGS:  17%|█▋        | 174/1000 [1:36:33 > 20:14]
L-BFGS:  18%|█▊        | 175/1000 [1:36:48 > 20:21]
L-BFGS:  18%|█▊        | 176/1000 [1:35:48 > 20:28]
L-BFGS:  18%|█▊        | 177/1000 [1:35:04 > 20:35]
L-BFGS:  18%|█▊        | 178/1000 [1:35:39 > 20:42]
L-BFGS:  18%|█▊        | 179/1000 [1:35:55 > 20:49]
L-BFGS:  18%|█▊        | 180/1000 [1:36:07 > 20:56]
L-BFGS:  18%|█▊        | 181/1000 [1:35:06 > 21:03]
L-BFGS:  18%|█▊        | 182/1000 [1:35:25 > 21:10]
L-BFGS:  18%|█▊        | 183/1000 [1:34:33 > 21:17]
L-BFGS:  18%|█▊        | 184/1000 [1:35:02 > 21:24]
L-BFGS:  18%|█▊        | 185/1000 [1:34:12 > 21:31]
L-BFGS:  19%|█▊        | 186/1000 [1:34:49 > 21:38]
L-BFGS:  19%|█▊        | 187/1000 [1:35:49 > 21:45]
L-BFGS:  19%|█▉        | 188/1000 [1:36:27 > 21:53]
L-BFGS:  19%|█▉        | 189/1000 [1:35:42 > 22:00]
L-BFGS:  19%|█▉        | 190/1000 [1:36:14 > 22:07]
L-BFGS:  19%|█▉        | 191/1000 [1:35:27 > 22:14]
L-BFGS:  19%|█▉        | 192/1000 [1:36:05 > 22:21]
L-BFGS:  19%|█▉        | 193/1000 [1:36:27 > 22:28]
L-BFGS:  19%|█▉        | 194/1000 [1:36:38 > 22:36]
L-BFGS:  20%|█▉        | 195/1000 [1:35:40 > 22:43]
L-BFGS:  20%|█▉        | 196/1000 [1:34:55 > 22:50]
L-BFGS:  20%|█▉        | 197/1000 [1:35:00 > 22:57]
L-BFGS:  20%|█▉        | 198/1000 [1:33:43 > 23:03]
L-BFGS:  20%|█▉        | 199/1000 [1:32:48 > 23:10]
L-BFGS:  20%|██        | 200/1000 [1:33:18 > 23:17]
L-BFGS:  20%|██        | 201/1000 [1:33:34 > 23:24]
L-BFGS:  20%|██        | 202/1000 [1:32:35 > 23:31]
L-BFGS:  20%|██        | 203/1000 [1:31:52 > 23:38]
L-BFGS:  20%|██        | 204/1000 [1:31:20 > 23:45]
L-BFGS:  20%|██        | 205/1000 [1:30:57 > 23:52]
L-BFGS:  21%|██        | 206/1000 [1:30:36 > 23:59]
L-BFGS:  21%|██        | 207/1000 [1:31:23 > 24:06]
L-BFGS:  21%|██        | 208/1000 [1:31:58 > 24:13]
L-BFGS:  21%|██        | 209/1000 [1:31:16 > 24:20]
L-BFGS:  21%|██        | 210/1000 [1:31:48 > 24:27]
L-BFGS:  21%|██        | 211/1000 [1:31:02 > 24:33]
L-BFGS:  21%|██        | 212/1000 [1:30:30 > 24:40]
L-BFGS:  21%|██▏       | 213/1000 [1:30:04 > 24:47]
L-BFGS:  21%|██▏       | 214/1000 [1:30:55 > 24:54]
L-BFGS:  22%|██▏       | 215/1000 [1:30:24 > 25:01]
L-BFGS:  22%|██▏       | 216/1000 [1:31:27 > 25:08]
L-BFGS:  22%|██▏       | 217/1000 [1:31:12 > 25:15]
L-BFGS:  22%|██▏       | 218/1000 [1:31:05 > 25:22]
L-BFGS:  22%|██▏       | 219/1000 [1:32:02 > 25:29]
L-BFGS:  22%|██▏       | 220/1000 [1:32:39 > 25:37]
L-BFGS:  22%|██▏       | 221/1000 [1:33:02 > 25:44]
L-BFGS:  22%|██▏       | 222/1000 [1:33:21 > 25:51]
L-BFGS:  22%|██▏       | 223/1000 [1:32:17 > 25:58]
L-BFGS:  22%|██▏       | 224/1000 [1:32:41 > 26:05]
L-BFGS:  22%|██▎       | 225/1000 [1:31:46 > 26:12]
L-BFGS:  23%|██▎       | 226/1000 [1:30:59 > 26:19]
L-BFGS:  23%|██▎       | 227/1000 [1:29:59 > 26:26]
L-BFGS:  23%|██▎       | 228/1000 [1:30:11 > 26:33]
L-BFGS:  23%|██▎       | 229/1000 [1:30:28 > 26:40]
L-BFGS:  23%|██▎       | 230/1000 [1:29:32 > 26:47]
L-BFGS:  23%|██▎       | 231/1000 [1:28:48 > 26:54]
L-BFGS:  23%|██▎       | 232/1000 [1:29:18 > 27:01]
L-BFGS:  23%|██▎       | 233/1000 [1:28:37 > 27:08]
L-BFGS:  23%|██▎       | 234/1000 [1:29:09 > 27:15]
L-BFGS:  24%|██▎       | 235/1000 [1:29:24 > 27:22]
L-BFGS:  24%|██▎       | 236/1000 [1:29:37 > 27:29]
L-BFGS:  24%|██▎       | 237/1000 [1:29:43 > 27:36]
L-BFGS:  24%|██▍       | 238/1000 [1:28:46 > 27:43]
L-BFGS:  24%|██▍       | 239/1000 [1:28:59 > 27:50]
L-BFGS:  24%|██▍       | 240/1000 [1:29:05 > 27:57]
L-BFGS:  24%|██▍       | 241/1000 [1:28:12 > 28:04]
L-BFGS:  24%|██▍       | 242/1000 [1:27:29 > 28:11]
L-BFGS:  24%|██▍       | 243/1000 [1:27:02 > 28:18]
L-BFGS:  24%|██▍       | 244/1000 [1:27:36 > 28:25]
L-BFGS:  24%|██▍       | 245/1000 [1:28:20 > 28:32]
L-BFGS:  25%|██▍       | 246/1000 [1:28:01 > 28:39]
L-BFGS:  25%|██▍       | 247/1000 [1:27:50 > 28:46]
L-BFGS:  25%|██▍       | 248/1000 [1:28:42 > 28:53]
L-BFGS:  25%|██▍       | 249/1000 [1:29:22 > 29:01]
L-BFGS:  25%|██▌       | 250/1000 [1:28:38 > 29:07]
L-BFGS:  25%|██▌       | 251/1000 [1:28:01 > 29:14]
L-BFGS:  25%|██▌       | 252/1000 [1:28:38 > 29:22]
L-BFGS:  25%|██▌       | 253/1000 [1:28:02 > 29:29]
L-BFGS:  25%|██▌       | 254/1000 [1:28:38 > 29:36]
L-BFGS:  26%|██▌       | 255/1000 [1:27:54 > 29:43]
L-BFGS:  26%|██▌       | 256/1000 [1:27:51 > 29:50]
L-BFGS:  26%|██▌       | 257/1000 [1:27:47 > 29:57]
L-BFGS:  26%|██▌       | 258/1000 [1:26:38 > 30:04]
L-BFGS:  26%|██▌       | 259/1000 [1:26:47 > 30:11]
L-BFGS:  26%|██▌       | 260/1000 [1:25:55 > 30:18]
L-BFGS:  26%|██▌       | 261/1000 [1:25:19 > 30:25]
L-BFGS:  26%|██▌       | 262/1000 [1:24:55 > 30:31]
L-BFGS:  26%|██▋       | 263/1000 [1:24:27 > 30:38]
L-BFGS:  26%|██▋       | 264/1000 [1:25:04 > 30:45]
L-BFGS:  26%|██▋       | 265/1000 [1:25:28 > 30:52]
L-BFGS:  27%|██▋       | 266/1000 [1:24:44 > 30:59]
L-BFGS:  27%|██▋       | 267/1000 [1:24:13 > 31:06]
L-BFGS:  27%|██▋       | 268/1000 [1:23:53 > 31:13]
L-BFGS:  27%|██▋       | 269/1000 [1:23:33 > 31:20]
L-BFGS:  27%|██▋       | 270/1000 [1:23:19 > 31:27]
L-BFGS:  27%|██▋       | 271/1000 [1:24:06 > 31:34]
L-BFGS:  27%|██▋       | 272/1000 [1:24:39 > 31:41]
L-BFGS:  27%|██▋       | 273/1000 [1:23:56 > 31:48]
L-BFGS:  27%|██▋       | 274/1000 [1:24:28 > 31:55]
L-BFGS:  28%|██▊       | 275/1000 [1:25:25 > 32:02]
L-BFGS:  28%|██▊       | 276/1000 [1:24:56 > 32:09]
L-BFGS:  28%|██▊       | 277/1000 [1:24:43 > 32:16]
L-BFGS:  28%|██▊       | 278/1000 [1:25:25 > 32:23]
L-BFGS:  28%|██▊       | 279/1000 [1:25:55 > 32:30]
L-BFGS:  28%|██▊       | 280/1000 [1:25:09 > 32:37]
L-BFGS:  28%|██▊       | 281/1000 [1:24:35 > 32:44]
L-BFGS:  28%|██▊       | 282/1000 [1:25:11 > 32:52]
L-BFGS:  28%|██▊       | 283/1000 [1:24:32 > 32:59]
L-BFGS:  28%|██▊       | 284/1000 [1:25:09 > 33:06]
L-BFGS:  28%|██▊       | 285/1000 [1:24:07 > 33:13]
L-BFGS:  29%|██▊       | 286/1000 [1:24:11 > 33:20]
L-BFGS:  29%|██▊       | 287/1000 [1:23:12 > 33:27]
L-BFGS:  29%|██▉       | 288/1000 [1:23:22 > 33:34]
L-BFGS:  29%|██▉       | 289/1000 [1:22:33 > 33:41]
L-BFGS:  29%|██▉       | 290/1000 [1:21:56 > 33:47]
L-BFGS:  29%|██▉       | 291/1000 [1:21:31 > 33:54]
L-BFGS:  29%|██▉       | 292/1000 [1:21:14 > 34:01]
L-BFGS:  29%|██▉       | 293/1000 [1:22:00 > 34:08]
L-BFGS:  29%|██▉       | 294/1000 [1:22:22 > 34:15]
L-BFGS:  30%|██▉       | 295/1000 [1:21:36 > 34:22]
L-BFGS:  30%|██▉       | 296/1000 [1:22:04 > 34:29]
L-BFGS:  30%|██▉       | 297/1000 [1:22:19 > 34:36]
L-BFGS:  30%|██▉       | 298/1000 [1:22:31 > 34:44]
L-BFGS:  30%|██▉       | 299/1000 [1:22:38 > 34:51]
L-BFGS:  30%|███       | 300/1000 [1:21:44 > 34:58]
L-BFGS:  30%|███       | 301/1000 [1:22:04 > 35:05]
L-BFGS:  30%|███       | 302/1000 [1:22:07 > 35:12]
L-BFGS:  30%|███       | 303/1000 [1:21:13 > 35:19]
L-BFGS:  30%|███       | 304/1000 [1:21:02 > 35:26]
L-BFGS:  30%|███       | 305/1000 [1:21:48 > 35:33]
L-BFGS:  31%|███       | 306/1000 [1:21:26 > 35:40]
L-BFGS:  31%|███       | 307/1000 [1:22:07 > 35:47]
L-BFGS:  31%|███       | 308/1000 [1:22:32 > 35:54]
L-BFGS:  31%|███       | 309/1000 [1:21:51 > 36:01]
L-BFGS:  31%|███       | 310/1000 [1:22:16 > 36:09]
L-BFGS:  31%|███       | 311/1000 [1:21:32 > 36:16]
L-BFGS:  31%|███       | 312/1000 [1:21:01 > 36:23]
L-BFGS:  31%|███▏      | 313/1000 [1:20:36 > 36:30]
L-BFGS:  31%|███▏      | 314/1000 [1:20:47 > 36:37]
L-BFGS:  32%|███▏      | 315/1000 [1:19:48 > 36:43]
L-BFGS:  32%|███▏      | 316/1000 [1:20:02 > 36:51]
L-BFGS:  32%|███▏      | 317/1000 [1:20:06 > 36:58]
L-BFGS:  32%|███▏      | 318/1000 [1:20:08 > 37:05]
L-BFGS:  32%|███▏      | 319/1000 [1:20:10 > 37:12]
L-BFGS:  32%|███▏      | 320/1000 [1:19:13 > 37:19]
L-BFGS:  32%|███▏      | 321/1000 [1:19:32 > 37:26]
L-BFGS:  32%|███▏      | 322/1000 [1:18:44 > 37:33]
L-BFGS:  32%|███▏      | 323/1000 [1:18:07 > 37:39]
L-BFGS:  32%|███▏      | 324/1000 [1:18:40 > 37:46]
L-BFGS:  32%|███▎      | 325/1000 [1:18:00 > 37:53]
L-BFGS:  33%|███▎      | 326/1000 [1:18:24 > 38:00]
L-BFGS:  33%|███▎      | 327/1000 [1:17:44 > 38:07]
L-BFGS:  33%|███▎      | 328/1000 [1:17:13 > 38:14]
L-BFGS:  33%|███▎      | 329/1000 [1:16:52 > 38:21]
L-BFGS:  33%|███▎      | 330/1000 [1:17:33 > 38:28]
L-BFGS:  33%|███▎      | 331/1000 [1:16:59 > 38:35]
L-BFGS:  33%|███▎      | 332/1000 [1:16:37 > 38:42]
L-BFGS:  33%|███▎      | 333/1000 [1:17:40 > 38:49]
L-BFGS:  33%|███▎      | 334/1000 [1:18:23 > 38:56]
L-BFGS:  34%|███▎      | 335/1000 [1:18:05 > 39:03]
L-BFGS:  34%|███▎      | 336/1000 [1:17:45 > 39:10]
L-BFGS:  34%|███▎      | 337/1000 [1:17:27 > 39:17]
L-BFGS:  34%|███▍      | 338/1000 [1:18:10 > 39:24]
L-BFGS:  34%|███▍      | 339/1000 [1:17:44 > 39:31]
L-BFGS:  34%|███▍      | 340/1000 [1:17:25 > 39:38]
L-BFGS:  34%|███▍      | 341/1000 [1:18:00 > 39:46]
L-BFGS:  34%|███▍      | 342/1000 [1:18:23 > 39:53]
L-BFGS:  34%|███▍      | 343/1000 [1:18:18 > 40:00]
L-BFGS:  34%|███▍      | 344/1000 [1:17:07 > 40:07]
L-BFGS:  34%|███▍      | 345/1000 [1:16:18 > 40:14]
L-BFGS:  35%|███▍      | 346/1000 [1:15:38 > 40:20]
L-BFGS:  35%|███▍      | 347/1000 [1:15:07 > 40:27]
L-BFGS:  35%|███▍      | 348/1000 [1:15:34 > 40:34]
L-BFGS:  35%|███▍      | 349/1000 [1:15:54 > 40:41]
L-BFGS:  35%|███▌      | 350/1000 [1:15:13 > 40:48]
L-BFGS:  35%|███▌      | 351/1000 [1:15:31 > 40:55]
L-BFGS:  35%|███▌      | 352/1000 [1:14:52 > 41:02]
L-BFGS:  35%|███▌      | 353/1000 [1:15:17 > 41:09]
L-BFGS:  35%|███▌      | 354/1000 [1:14:44 > 41:16]
L-BFGS:  36%|███▌      | 355/1000 [1:15:03 > 41:23]
L-BFGS:  36%|███▌      | 356/1000 [1:14:26 > 41:30]
L-BFGS:  36%|███▌      | 357/1000 [1:13:55 > 41:37]
L-BFGS:  36%|███▌      | 358/1000 [1:14:25 > 41:44]
L-BFGS:  36%|███▌      | 359/1000 [1:13:50 > 41:51]
L-BFGS:  36%|███▌      | 360/1000 [1:14:17 > 41:58]
L-BFGS:  36%|███▌      | 361/1000 [1:14:35 > 42:05]
L-BFGS:  36%|███▌      | 362/1000 [1:15:06 > 42:12]
L-BFGS:  36%|███▋      | 363/1000 [1:15:36 > 42:19]
L-BFGS:  36%|███▋      | 364/1000 [1:15:03 > 42:26]
L-BFGS:  36%|███▋      | 365/1000 [1:15:30 > 42:34]
L-BFGS:  37%|███▋      | 366/1000 [1:14:52 > 42:41]
L-BFGS:  37%|███▋      | 367/1000 [1:15:14 > 42:48]
L-BFGS:  37%|███▋      | 368/1000 [1:15:29 > 42:55]
L-BFGS:  37%|███▋      | 369/1000 [1:15:38 > 43:02]
L-BFGS:  37%|███▋      | 370/1000 [1:15:42 > 43:10]
L-BFGS:  37%|███▋      | 371/1000 [1:14:53 > 43:17]
L-BFGS:  37%|███▋      | 372/1000 [1:14:56 > 43:24]
L-BFGS:  37%|███▋      | 373/1000 [1:13:47 > 43:31]
L-BFGS:  37%|███▋      | 374/1000 [1:12:56 > 43:37]
L-BFGS:  38%|███▊      | 375/1000 [1:12:18 > 43:44]
L-BFGS:  38%|███▊      | 376/1000 [1:11:56 > 43:51]
L-BFGS:  38%|███▊      | 377/1000 [1:12:18 > 43:58]
L-BFGS:  38%|███▊      | 378/1000 [1:12:37 > 44:05]
L-BFGS:  38%|███▊      | 379/1000 [1:12:47 > 44:12]
L-BFGS:  38%|███▊      | 380/1000 [1:11:59 > 44:19]
L-BFGS:  38%|███▊      | 381/1000 [1:12:15 > 44:26]
L-BFGS:  38%|███▊      | 382/1000 [1:11:33 > 44:33]
L-BFGS:  38%|███▊      | 383/1000 [1:11:55 > 44:40]
L-BFGS:  38%|███▊      | 384/1000 [1:12:06 > 44:47]
L-BFGS:  38%|███▊      | 385/1000 [1:12:08 > 44:54]
L-BFGS:  39%|███▊      | 386/1000 [1:11:22 > 45:01]
L-BFGS:  39%|███▊      | 387/1000 [1:11:36 > 45:08]
L-BFGS:  39%|███▉      | 388/1000 [1:10:53 > 45:15]
L-BFGS:  39%|███▉      | 389/1000 [1:10:24 > 45:22]
L-BFGS:  39%|███▉      | 390/1000 [1:10:03 > 45:29]
L-BFGS:  39%|███▉      | 391/1000 [1:10:47 > 45:36]
L-BFGS:  39%|███▉      | 392/1000 [1:10:43 > 45:43]
L-BFGS:  39%|███▉      | 393/1000 [1:10:35 > 45:50]
L-BFGS:  39%|███▉      | 394/1000 [1:10:30 > 45:57]
L-BFGS:  40%|███▉      | 395/1000 [1:11:14 > 46:04]
L-BFGS:  40%|███▉      | 396/1000 [1:10:52 > 46:11]
L-BFGS:  40%|███▉      | 397/1000 [1:10:32 > 46:18]
L-BFGS:  40%|███▉      | 398/1000 [1:10:22 > 46:25]
L-BFGS:  40%|███▉      | 399/1000 [1:10:07 > 46:32]
L-BFGS:  40%|████      | 400/1000 [1:10:45 > 46:39]
L-BFGS:  40%|████      | 401/1000 [1:11:12 > 46:47]
L-BFGS:  40%|████      | 402/1000 [1:10:59 > 46:54]
L-BFGS:  40%|████      | 403/1000 [1:10:47 > 47:01]
L-BFGS:  40%|████      | 404/1000 [1:10:38 > 47:08]
L-BFGS:  40%|████      | 405/1000 [1:09:40 > 47:15]
L-BFGS:  41%|████      | 406/1000 [1:09:43 > 47:22]
L-BFGS:  41%|████      | 407/1000 [1:08:58 > 47:29]
L-BFGS:  41%|████      | 408/1000 [1:08:23 > 47:35]
L-BFGS:  41%|████      | 409/1000 [1:07:56 > 47:42]
L-BFGS:  41%|████      | 410/1000 [1:07:44 > 47:49]
L-BFGS:  41%|████      | 411/1000 [1:08:13 > 47:56]
L-BFGS:  41%|████      | 412/1000 [1:08:29 > 48:03]
L-BFGS:  41%|████▏     | 413/1000 [1:07:53 > 48:10]
L-BFGS:  41%|████▏     | 414/1000 [1:08:13 > 48:17]
L-BFGS:  42%|████▏     | 415/1000 [1:07:35 > 48:24]
L-BFGS:  42%|████▏     | 416/1000 [1:07:56 > 48:31]
L-BFGS:  42%|████▏     | 417/1000 [1:08:08 > 48:38]
L-BFGS:  42%|████▏     | 418/1000 [1:07:28 > 48:45]
L-BFGS:  42%|████▏     | 419/1000 [1:07:47 > 48:52]
L-BFGS:  42%|████▏     | 420/1000 [1:07:57 > 48:59]
L-BFGS:  42%|████▏     | 421/1000 [1:07:43 > 49:06]
L-BFGS:  42%|████▏     | 422/1000 [1:08:20 > 49:13]
L-BFGS:  42%|████▏     | 423/1000 [1:07:59 > 49:20]
L-BFGS:  42%|████▏     | 424/1000 [1:07:33 > 49:27]
L-BFGS:  42%|████▎     | 425/1000 [1:07:19 > 49:34]
L-BFGS:  43%|████▎     | 426/1000 [1:06:57 > 49:41]
L-BFGS:  43%|████▎     | 427/1000 [1:06:49 > 49:48]
L-BFGS:  43%|████▎     | 428/1000 [1:07:29 > 49:56]
L-BFGS:  43%|████▎     | 429/1000 [1:07:54 > 50:03]
L-BFGS:  43%|████▎     | 430/1000 [1:08:05 > 50:10]
L-BFGS:  43%|████▎     | 431/1000 [1:07:08 > 50:17]
L-BFGS:  43%|████▎     | 432/1000 [1:07:03 > 50:24]
L-BFGS:  43%|████▎     | 433/1000 [1:06:57 > 50:31]
L-BFGS:  43%|████▎     | 434/1000 [1:06:52 > 50:38]
L-BFGS:  44%|████▎     | 435/1000 [1:05:58 > 50:45]
L-BFGS:  44%|████▎     | 436/1000 [1:06:06 > 50:52]
L-BFGS:  44%|████▎     | 437/1000 [1:05:26 > 50:59]
L-BFGS:  44%|████▍     | 438/1000 [1:04:51 > 51:06]
L-BFGS:  44%|████▍     | 439/1000 [1:04:25 > 51:13]
L-BFGS:  44%|████▍     | 440/1000 [1:04:06 > 51:19]
L-BFGS:  44%|████▍     | 441/1000 [1:03:52 > 51:26]
L-BFGS:  44%|████▍     | 442/1000 [1:03:38 > 51:33]
L-BFGS:  44%|████▍     | 443/1000 [1:04:16 > 51:40]
L-BFGS:  44%|████▍     | 444/1000 [1:03:52 > 51:47]
L-BFGS:  44%|████▍     | 445/1000 [1:03:32 > 51:54]
L-BFGS:  45%|████▍     | 446/1000 [1:04:02 > 52:01]
L-BFGS:  45%|████▍     | 447/1000 [1:04:21 > 52:08]
L-BFGS:  45%|████▍     | 448/1000 [1:03:47 > 52:15]
L-BFGS:  45%|████▍     | 449/1000 [1:03:22 > 52:22]
L-BFGS:  45%|████▌     | 450/1000 [1:04:03 > 52:29]
L-BFGS:  45%|████▌     | 451/1000 [1:03:55 > 52:36]
L-BFGS:  45%|████▌     | 452/1000 [1:03:48 > 52:43]
L-BFGS:  45%|████▌     | 453/1000 [1:03:41 > 52:50]
L-BFGS:  45%|████▌     | 454/1000 [1:03:31 > 52:57]
L-BFGS:  46%|████▌     | 455/1000 [1:04:09 > 53:04]
L-BFGS:  46%|████▌     | 456/1000 [1:03:39 > 53:11]
L-BFGS:  46%|████▌     | 457/1000 [1:03:28 > 53:18]
L-BFGS:  46%|████▌     | 458/1000 [1:03:23 > 53:25]
L-BFGS:  46%|████▌     | 459/1000 [1:03:50 > 53:32]
L-BFGS:  46%|████▌     | 460/1000 [1:04:01 > 53:39]
L-BFGS:  46%|████▌     | 461/1000 [1:03:12 > 53:46]
L-BFGS:  46%|████▌     | 462/1000 [1:02:34 > 53:53]
L-BFGS:  46%|████▋     | 463/1000 [1:02:04 > 54:00]
L-BFGS:  46%|████▋     | 464/1000 [1:01:42 > 54:07]
L-BFGS:  46%|████▋     | 465/1000 [1:02:11 > 54:14]
L-BFGS:  47%|████▋     | 466/1000 [1:01:44 > 54:21]
L-BFGS:  47%|████▋     | 467/1000 [1:01:18 > 54:28]
L-BFGS:  47%|████▋     | 468/1000 [1:01:52 > 54:35]
L-BFGS:  47%|████▋     | 469/1000 [1:01:25 > 54:42]
L-BFGS:  47%|████▋     | 470/1000 [1:01:50 > 54:49]
L-BFGS:  47%|████▋     | 471/1000 [1:02:05 > 54:56]
L-BFGS:  47%|████▋     | 472/1000 [1:01:32 > 55:03]
L-BFGS:  47%|████▋     | 473/1000 [1:01:03 > 55:10]
L-BFGS:  47%|████▋     | 474/1000 [1:00:32 > 55:16]
L-BFGS:  48%|████▊     | 475/1000 [1:01:06 > 55:24]
L-BFGS:  48%|████▊     | 476/1000 [1:00:40 > 55:30]
L-BFGS:  48%|████▊     | 477/1000 [1:00:15 > 55:37]
L-BFGS:  48%|████▊     | 478/1000 [59:57 > 55:44]  
L-BFGS:  48%|████▊     | 479/1000 [1:00:20 > 55:51]
L-BFGS:  48%|████▊     | 480/1000 [1:00:57 > 55:58]
L-BFGS:  48%|████▊     | 481/1000 [1:01:24 > 56:06]
L-BFGS:  48%|████▊     | 482/1000 [1:01:01 > 56:13]
L-BFGS:  48%|████▊     | 483/1000 [1:00:42 > 56:20]
L-BFGS:  48%|████▊     | 484/1000 [1:01:06 > 56:27]
L-BFGS:  48%|████▊     | 485/1000 [1:00:39 > 56:34]
L-BFGS:  49%|████▊     | 486/1000 [1:00:17 > 56:41]
L-BFGS:  49%|████▊     | 487/1000 [59:58 > 56:48]  
L-BFGS:  49%|████▉     | 488/1000 [59:43 > 56:55]
L-BFGS:  49%|████▉     | 489/1000 [59:34 > 57:02]
L-BFGS:  49%|████▉     | 490/1000 [59:55 > 57:09]
L-BFGS:  49%|████▉     | 491/1000 [59:55 > 57:16]
L-BFGS:  49%|████▉     | 492/1000 [59:50 > 57:23]
L-BFGS:  49%|████▉     | 493/1000 [59:07 > 57:30]
L-BFGS:  49%|████▉     | 494/1000 [58:39 > 57:37]
L-BFGS:  50%|████▉     | 495/1000 [58:55 > 57:44]
L-BFGS:  50%|████▉     | 496/1000 [59:04 > 57:51]
L-BFGS:  50%|████▉     | 497/1000 [58:26 > 57:58]
L-BFGS:  50%|████▉     | 498/1000 [57:56 > 58:05]
L-BFGS:  50%|████▉     | 499/1000 [57:33 > 58:12]
L-BFGS:  50%|█████     | 500/1000 [57:15 > 58:18]
L-BFGS:  50%|█████     | 501/1000 [56:59 > 58:25]
L-BFGS:  50%|█████     | 502/1000 [57:27 > 58:32]
L-BFGS:  50%|█████     | 503/1000 [57:05 > 58:39]
L-BFGS:  50%|█████     | 504/1000 [57:29 > 58:46]
L-BFGS:  50%|█████     | 505/1000 [57:40 > 58:53]
L-BFGS:  51%|█████     | 506/1000 [57:12 > 59:00]
L-BFGS:  51%|█████     | 507/1000 [57:27 > 59:07]
L-BFGS:  51%|█████     | 508/1000 [57:39 > 59:14]
L-BFGS:  51%|█████     | 509/1000 [57:18 > 59:21]
L-BFGS:  51%|█████     | 510/1000 [57:46 > 59:28]
L-BFGS:  51%|█████     | 511/1000 [58:09 > 59:36]
L-BFGS:  51%|█████     | 512/1000 [57:37 > 59:43]
L-BFGS:  51%|█████▏    | 513/1000 [57:54 > 59:50]
L-BFGS:  51%|█████▏    | 514/1000 [57:22 > 59:57]
L-BFGS:  52%|█████▏    | 515/1000 [57:39 > 1:00:04]
L-BFGS:  52%|█████▏    | 516/1000 [57:50 > 1:00:11]
L-BFGS:  52%|█████▏    | 517/1000 [57:56 > 1:00:19]
L-BFGS:  52%|█████▏    | 518/1000 [57:17 > 1:00:26]
L-BFGS:  52%|█████▏    | 519/1000 [57:24 > 1:00:33]
L-BFGS:  52%|█████▏    | 520/1000 [57:05 > 1:00:40]
L-BFGS:  52%|█████▏    | 521/1000 [56:52 > 1:00:47]
L-BFGS:  52%|█████▏    | 522/1000 [56:40 > 1:00:54]
L-BFGS:  52%|█████▏    | 523/1000 [55:54 > 1:01:01]
L-BFGS:  52%|█████▏    | 524/1000 [55:18 > 1:01:08]
L-BFGS:  52%|█████▎    | 525/1000 [54:53 > 1:01:15]
L-BFGS:  53%|█████▎    | 526/1000 [54:31 > 1:01:22]
L-BFGS:  53%|█████▎    | 527/1000 [40:39 > 1:01:23]
L-BFGS:  53%|█████▎    | 528/1000 [45:06 > 1:01:30]
L-BFGS:  53%|█████▎    | 529/1000 [48:11 > 1:01:37]
L-BFGS:  53%|█████▎    | 530/1000 [49:38 > 1:01:44]
L-BFGS:  53%|█████▎    | 531/1000 [50:46 > 1:01:50]
L-BFGS:  53%|█████▎    | 532/1000 [51:24 > 1:01:57]
L-BFGS:  53%|█████▎    | 533/1000 [51:50 > 1:02:04]
L-BFGS:  53%|█████▎    | 534/1000 [52:47 > 1:02:11]
L-BFGS:  54%|█████▎    | 535/1000 [52:43 > 1:02:18]
L-BFGS:  54%|█████▎    | 536/1000 [52:40 > 1:02:25]
L-BFGS:  54%|█████▎    | 537/1000 [52:36 > 1:02:32]
L-BFGS:  54%|█████▍    | 538/1000 [53:08 > 1:02:39]
L-BFGS:  54%|█████▍    | 539/1000 [53:05 > 1:02:46]
L-BFGS:  54%|█████▍    | 540/1000 [53:44 > 1:02:53]
L-BFGS:  54%|█████▍    | 541/1000 [53:31 > 1:03:00]
L-BFGS:  54%|█████▍    | 542/1000 [53:19 > 1:03:07]
L-BFGS:  54%|█████▍    | 543/1000 [53:49 > 1:03:14]
L-BFGS:  54%|█████▍    | 544/1000 [53:33 > 1:03:21]
L-BFGS:  55%|█████▍    | 545/1000 [53:18 > 1:03:28]
L-BFGS:  55%|█████▍    | 546/1000 [53:01 > 1:03:35]
L-BFGS:  55%|█████▍    | 547/1000 [53:28 > 1:03:42]
L-BFGS:  55%|█████▍    | 548/1000 [53:43 > 1:03:50]
L-BFGS:  55%|█████▍    | 549/1000 [53:14 > 1:03:57]
L-BFGS:  55%|█████▌    | 550/1000 [53:12 > 1:04:04]
L-BFGS:  55%|█████▌    | 551/1000 [52:32 > 1:04:11]
L-BFGS:  55%|█████▌    | 552/1000 [52:03 > 1:04:17]
L-BFGS:  55%|█████▌    | 553/1000 [52:16 > 1:04:25]
L-BFGS:  55%|█████▌    | 554/1000 [52:24 > 1:04:32]
L-BFGS:  56%|█████▌    | 555/1000 [51:49 > 1:04:38]
L-BFGS:  56%|█████▌    | 556/1000 [51:27 > 1:04:45]
L-BFGS:  56%|█████▌    | 557/1000 [51:07 > 1:04:52]
L-BFGS:  56%|█████▌    | 558/1000 [51:28 > 1:04:59]
L-BFGS:  56%|█████▌    | 559/1000 [51:06 > 1:05:06]
L-BFGS:  56%|█████▌    | 560/1000 [50:42 > 1:05:13]
L-BFGS:  56%|█████▌    | 561/1000 [50:28 > 1:05:20]
L-BFGS:  56%|█████▌    | 562/1000 [50:13 > 1:05:27]
L-BFGS:  56%|█████▋    | 563/1000 [50:03 > 1:05:34]
L-BFGS:  56%|█████▋    | 564/1000 [50:25 > 1:05:41]
L-BFGS:  56%|█████▋    | 565/1000 [50:08 > 1:05:48]
L-BFGS:  57%|█████▋    | 566/1000 [49:55 > 1:05:54]
L-BFGS:  57%|█████▋    | 567/1000 [48:28 > 1:06:01]
L-BFGS:  57%|█████▋    | 568/1000 [48:40 > 1:06:08]
L-BFGS:  57%|█████▋    | 569/1000 [49:23 > 1:06:15]
L-BFGS:  57%|█████▋    | 570/1000 [49:17 > 1:06:22]
L-BFGS:  57%|█████▋    | 571/1000 [49:15 > 1:06:29]
L-BFGS:  57%|█████▋    | 572/1000 [49:13 > 1:06:35]
L-BFGS:  57%|█████▋    | 573/1000 [49:53 > 1:06:43]
L-BFGS:  57%|█████▋    | 574/1000 [49:41 > 1:06:50]
L-BFGS:  57%|█████▊    | 575/1000 [49:25 > 1:06:57]
L-BFGS:  58%|█████▊    | 576/1000 [49:50 > 1:07:04]
L-BFGS:  58%|█████▊    | 577/1000 [49:37 > 1:07:11]
L-BFGS:  58%|█████▊    | 578/1000 [49:23 > 1:07:18]
L-BFGS:  58%|█████▊    | 579/1000 [49:11 > 1:07:25]
L-BFGS:  58%|█████▊    | 580/1000 [49:24 > 1:07:32]
L-BFGS:  58%|█████▊    | 581/1000 [49:22 > 1:07:39]
L-BFGS:  58%|█████▊    | 582/1000 [48:44 > 1:07:46]
L-BFGS:  58%|█████▊    | 583/1000 [48:16 > 1:07:53]
L-BFGS:  58%|█████▊    | 584/1000 [47:54 > 1:08:00]
L-BFGS:  58%|█████▊    | 585/1000 [47:35 > 1:08:06]
L-BFGS:  59%|█████▊    | 586/1000 [47:25 > 1:08:13]
L-BFGS:  59%|█████▊    | 587/1000 [47:12 > 1:08:20]
L-BFGS:  59%|█████▉    | 588/1000 [46:58 > 1:08:27]
L-BFGS:  59%|█████▉    | 589/1000 [46:49 > 1:08:34]
L-BFGS:  59%|█████▉    | 590/1000 [46:40 > 1:08:40]
L-BFGS:  59%|█████▉    | 591/1000 [47:05 > 1:08:48]
L-BFGS:  59%|█████▉    | 592/1000 [46:47 > 1:08:54]
L-BFGS:  59%|█████▉    | 593/1000 [46:34 > 1:09:01]
L-BFGS:  59%|█████▉    | 594/1000 [46:22 > 1:09:08]
L-BFGS:  60%|█████▉    | 595/1000 [46:43 > 1:09:15]
L-BFGS:  60%|█████▉    | 596/1000 [46:55 > 1:09:22]
L-BFGS:  60%|█████▉    | 597/1000 [46:30 > 1:09:29]
L-BFGS:  60%|█████▉    | 598/1000 [46:13 > 1:09:36]
L-BFGS:  60%|█████▉    | 599/1000 [46:33 > 1:09:43]
L-BFGS:  60%|██████    | 600/1000 [46:25 > 1:09:50]
L-BFGS:  60%|██████    | 601/1000 [46:19 > 1:09:57]
L-BFGS:  60%|██████    | 602/1000 [46:14 > 1:10:04]
L-BFGS:  60%|██████    | 603/1000 [46:09 > 1:10:11]
L-BFGS:  60%|██████    | 604/1000 [46:03 > 1:10:18]
L-BFGS:  60%|██████    | 605/1000 [45:59 > 1:10:25]
L-BFGS:  61%|██████    | 606/1000 [45:52 > 1:10:32]
L-BFGS:  61%|██████    | 607/1000 [45:43 > 1:10:39]
L-BFGS:  61%|██████    | 608/1000 [45:34 > 1:10:46]
L-BFGS:  61%|██████    | 609/1000 [46:00 > 1:10:53]
L-BFGS:  61%|██████    | 610/1000 [46:07 > 1:11:00]
L-BFGS:  61%|██████    | 611/1000 [45:27 > 1:11:07]
L-BFGS:  61%|██████    | 612/1000 [45:01 > 1:11:14]
L-BFGS:  61%|██████▏   | 613/1000 [44:37 > 1:11:21]
L-BFGS:  61%|██████▏   | 614/1000 [44:49 > 1:11:28]
L-BFGS:  62%|██████▏   | 615/1000 [44:58 > 1:11:35]
L-BFGS:  62%|██████▏   | 616/1000 [45:01 > 1:11:42]
L-BFGS:  62%|██████▏   | 617/1000 [45:02 > 1:11:49]
L-BFGS:  62%|██████▏   | 618/1000 [44:28 > 1:11:56]
L-BFGS:  62%|██████▏   | 619/1000 [44:03 > 1:12:03]
L-BFGS:  62%|██████▏   | 620/1000 [43:42 > 1:12:10]
L-BFGS:  62%|██████▏   | 621/1000 [43:27 > 1:12:16]
L-BFGS:  62%|██████▏   | 622/1000 [43:46 > 1:12:24]
L-BFGS:  62%|██████▏   | 623/1000 [43:25 > 1:12:30]
L-BFGS:  62%|██████▏   | 624/1000 [43:38 > 1:12:37]
L-BFGS:  62%|██████▎   | 625/1000 [43:15 > 1:12:44]
L-BFGS:  63%|██████▎   | 626/1000 [43:27 > 1:12:51]
L-BFGS:  63%|██████▎   | 627/1000 [43:33 > 1:12:58]
L-BFGS:  63%|██████▎   | 628/1000 [43:07 > 1:13:05]
L-BFGS:  63%|██████▎   | 629/1000 [43:24 > 1:13:12]
L-BFGS:  63%|██████▎   | 630/1000 [43:11 > 1:13:19]
L-BFGS:  63%|██████▎   | 631/1000 [43:02 > 1:13:26]
L-BFGS:  63%|██████▎   | 632/1000 [42:54 > 1:13:33]
L-BFGS:  63%|██████▎   | 633/1000 [42:47 > 1:13:40]
L-BFGS:  63%|██████▎   | 634/1000 [43:09 > 1:13:48]
L-BFGS:  64%|██████▎   | 635/1000 [42:52 > 1:13:55]
L-BFGS:  64%|██████▎   | 636/1000 [43:07 > 1:14:02]
L-BFGS:  64%|██████▎   | 637/1000 [42:46 > 1:14:09]
L-BFGS:  64%|██████▍   | 638/1000 [42:28 > 1:14:16]
L-BFGS:  64%|██████▍   | 639/1000 [42:15 > 1:14:23]
L-BFGS:  64%|██████▍   | 640/1000 [41:48 > 1:14:30]
L-BFGS:  64%|██████▍   | 641/1000 [41:28 > 1:14:36]
L-BFGS:  64%|██████▍   | 642/1000 [41:08 > 1:14:43]
L-BFGS:  64%|██████▍   | 643/1000 [41:21 > 1:14:50]
L-BFGS:  64%|██████▍   | 644/1000 [41:30 > 1:14:57]
L-BFGS:  64%|██████▍   | 645/1000 [41:36 > 1:15:05]
L-BFGS:  65%|██████▍   | 646/1000 [41:36 > 1:15:12]
L-BFGS:  65%|██████▍   | 647/1000 [41:34 > 1:15:19]
L-BFGS:  65%|██████▍   | 648/1000 [41:04 > 1:15:26]
L-BFGS:  65%|██████▍   | 649/1000 [40:39 > 1:15:32]
L-BFGS:  65%|██████▌   | 650/1000 [40:19 > 1:15:39]
L-BFGS:  65%|██████▌   | 651/1000 [40:05 > 1:15:46]
L-BFGS:  65%|██████▌   | 652/1000 [40:17 > 1:15:53]
L-BFGS:  65%|██████▌   | 653/1000 [39:56 > 1:16:00]
L-BFGS:  65%|██████▌   | 654/1000 [39:42 > 1:16:07]
L-BFGS:  66%|██████▌   | 655/1000 [39:29 > 1:16:14]
L-BFGS:  66%|██████▌   | 656/1000 [39:18 > 1:16:21]
L-BFGS:  66%|██████▌   | 657/1000 [39:36 > 1:16:28]
L-BFGS:  66%|██████▌   | 658/1000 [39:19 > 1:16:34]
L-BFGS:  66%|██████▌   | 659/1000 [39:47 > 1:16:42]
L-BFGS:  66%|██████▌   | 660/1000 [40:07 > 1:16:49]
L-BFGS:  66%|██████▌   | 661/1000 [39:50 > 1:16:56]
L-BFGS:  66%|██████▌   | 662/1000 [40:04 > 1:17:03]
L-BFGS:  66%|██████▋   | 663/1000 [39:43 > 1:17:10]
L-BFGS:  66%|██████▋   | 664/1000 [39:54 > 1:17:17]
L-BFGS:  66%|██████▋   | 665/1000 [39:35 > 1:17:24]
L-BFGS:  67%|██████▋   | 666/1000 [39:16 > 1:17:31]
L-BFGS:  67%|██████▋   | 667/1000 [39:30 > 1:17:39]
L-BFGS:  67%|██████▋   | 668/1000 [39:37 > 1:17:46]
L-BFGS:  67%|██████▋   | 669/1000 [39:27 > 1:17:53]
L-BFGS:  67%|██████▋   | 670/1000 [38:48 > 1:18:00]
L-BFGS:  67%|██████▋   | 671/1000 [38:17 > 1:18:07]
L-BFGS:  67%|██████▋   | 672/1000 [38:22 > 1:18:14]
L-BFGS:  67%|██████▋   | 673/1000 [37:58 > 1:18:21]
L-BFGS:  67%|██████▋   | 674/1000 [38:04 > 1:18:28]
L-BFGS:  68%|██████▊   | 675/1000 [37:40 > 1:18:35]
L-BFGS:  68%|██████▊   | 676/1000 [37:47 > 1:18:42]
L-BFGS:  68%|██████▊   | 677/1000 [37:23 > 1:18:49]
L-BFGS:  68%|██████▊   | 678/1000 [37:03 > 1:18:55]
L-BFGS:  68%|██████▊   | 679/1000 [36:48 > 1:19:02]
L-BFGS:  68%|██████▊   | 680/1000 [37:02 > 1:19:09]
L-BFGS:  68%|██████▊   | 681/1000 [36:45 > 1:19:16]
L-BFGS:  68%|██████▊   | 682/1000 [36:31 > 1:19:23]
L-BFGS:  68%|██████▊   | 683/1000 [36:22 > 1:19:30]
L-BFGS:  68%|██████▊   | 684/1000 [36:07 > 1:19:37]
L-BFGS:  68%|██████▊   | 685/1000 [35:58 > 1:19:43]
L-BFGS:  69%|██████▊   | 686/1000 [35:47 > 1:19:50]
L-BFGS:  69%|██████▊   | 687/1000 [35:38 > 1:19:57]
L-BFGS:  69%|██████▉   | 688/1000 [36:11 > 1:20:04]
L-BFGS:  69%|██████▉   | 689/1000 [36:31 > 1:20:12]
L-BFGS:  69%|██████▉   | 690/1000 [36:45 > 1:20:19]
L-BFGS:  69%|██████▉   | 691/1000 [36:53 > 1:20:26]
L-BFGS:  69%|██████▉   | 692/1000 [36:54 > 1:20:33]
L-BFGS:  69%|██████▉   | 693/1000 [36:29 > 1:20:40]
L-BFGS:  69%|██████▉   | 694/1000 [36:09 > 1:20:47]
L-BFGS:  70%|██████▉   | 695/1000 [35:51 > 1:20:54]
L-BFGS:  70%|██████▉   | 696/1000 [36:04 > 1:21:02]
L-BFGS:  70%|██████▉   | 697/1000 [35:46 > 1:21:09]
L-BFGS:  70%|██████▉   | 698/1000 [35:46 > 1:21:16]
L-BFGS:  70%|██████▉   | 699/1000 [35:38 > 1:21:23]
L-BFGS:  70%|███████   | 700/1000 [35:32 > 1:21:30]
L-BFGS:  70%|███████   | 701/1000 [35:00 > 1:21:37]
L-BFGS:  70%|███████   | 702/1000 [34:34 > 1:21:44]
L-BFGS:  70%|███████   | 703/1000 [34:13 > 1:21:50]
L-BFGS:  70%|███████   | 704/1000 [34:22 > 1:21:58]
L-BFGS:  70%|███████   | 705/1000 [34:01 > 1:22:04]
L-BFGS:  71%|███████   | 706/1000 [33:48 > 1:22:11]
L-BFGS:  71%|███████   | 707/1000 [33:35 > 1:22:18]
L-BFGS:  71%|███████   | 708/1000 [33:23 > 1:22:25]
L-BFGS:  71%|███████   | 709/1000 [33:14 > 1:22:32]
L-BFGS:  71%|███████   | 710/1000 [33:05 > 1:22:38]
L-BFGS:  71%|███████   | 711/1000 [32:56 > 1:22:45]
L-BFGS:  71%|███████   | 712/1000 [32:47 > 1:22:52]
L-BFGS:  71%|███████▏  | 713/1000 [32:41 > 1:22:59]
L-BFGS:  71%|███████▏  | 714/1000 [32:56 > 1:23:06]
L-BFGS:  72%|███████▏  | 715/1000 [32:41 > 1:23:13]
L-BFGS:  72%|███████▏  | 716/1000 [32:53 > 1:23:20]
L-BFGS:  72%|███████▏  | 717/1000 [33:08 > 1:23:27]
L-BFGS:  72%|███████▏  | 718/1000 [33:21 > 1:23:34]
L-BFGS:  72%|███████▏  | 719/1000 [33:26 > 1:23:42]
L-BFGS:  72%|███████▏  | 720/1000 [33:07 > 1:23:49]
L-BFGS:  72%|███████▏  | 721/1000 [33:12 > 1:23:56]
L-BFGS:  72%|███████▏  | 722/1000 [32:49 > 1:24:03]
L-BFGS:  72%|███████▏  | 723/1000 [32:34 > 1:24:10]
L-BFGS:  72%|███████▏  | 724/1000 [32:45 > 1:24:17]
L-BFGS:  72%|███████▎  | 725/1000 [26:17 > 1:24:20]
L-BFGS:  73%|███████▎  | 726/1000 [27:53 > 1:24:27]
L-BFGS:  73%|███████▎  | 727/1000 [28:59 > 1:24:34]
L-BFGS:  73%|███████▎  | 728/1000 [29:58 > 1:24:41]
L-BFGS:  73%|███████▎  | 729/1000 [30:09 > 1:24:48]
L-BFGS:  73%|███████▎  | 730/1000 [30:35 > 1:24:55]
L-BFGS:  73%|███████▎  | 731/1000 [30:30 > 1:25:02]
L-BFGS:  73%|███████▎  | 732/1000 [30:25 > 1:25:08]
L-BFGS:  73%|███████▎  | 733/1000 [30:42 > 1:25:15]
L-BFGS:  73%|███████▎  | 734/1000 [30:31 > 1:25:22]
L-BFGS:  74%|███████▎  | 735/1000 [30:41 > 1:25:29]
L-BFGS:  74%|███████▎  | 736/1000 [30:25 > 1:25:36]
L-BFGS:  74%|███████▎  | 737/1000 [30:11 > 1:25:43]
L-BFGS:  74%|███████▍  | 738/1000 [30:19 > 1:25:50]
L-BFGS:  74%|███████▍  | 739/1000 [30:02 > 1:25:57]
L-BFGS:  74%|███████▍  | 740/1000 [30:11 > 1:26:04]
L-BFGS:  74%|███████▍  | 741/1000 [30:14 > 1:26:11]
L-BFGS:  74%|███████▍  | 742/1000 [30:16 > 1:26:18]
L-BFGS:  74%|███████▍  | 743/1000 [29:53 > 1:26:25]
L-BFGS:  74%|███████▍  | 744/1000 [29:38 > 1:26:32]
L-BFGS:  74%|███████▍  | 745/1000 [29:21 > 1:26:39]
L-BFGS:  75%|███████▍  | 746/1000 [29:27 > 1:26:46]
L-BFGS:  75%|███████▍  | 747/1000 [29:41 > 1:26:53]
L-BFGS:  75%|███████▍  | 748/1000 [29:50 > 1:27:00]
L-BFGS:  75%|███████▍  | 749/1000 [29:32 > 1:27:07]
L-BFGS:  75%|███████▌  | 750/1000 [29:39 > 1:27:15]
L-BFGS:  75%|███████▌  | 751/1000 [29:41 > 1:27:22]
L-BFGS:  75%|███████▌  | 752/1000 [29:23 > 1:27:29]
L-BFGS:  75%|███████▌  | 753/1000 [29:25 > 1:27:36]
L-BFGS:  75%|███████▌  | 754/1000 [29:07 > 1:27:43]
L-BFGS:  76%|███████▌  | 755/1000 [28:50 > 1:27:50]
L-BFGS:  76%|███████▌  | 756/1000 [28:38 > 1:27:57]
L-BFGS:  76%|███████▌  | 757/1000 [28:22 > 1:28:04]
L-BFGS:  76%|███████▌  | 758/1000 [28:21 > 1:28:11]
L-BFGS:  76%|███████▌  | 759/1000 [27:58 > 1:28:18]
L-BFGS:  76%|███████▌  | 760/1000 [27:40 > 1:28:25]
L-BFGS:  76%|███████▌  | 761/1000 [27:45 > 1:28:32]
L-BFGS:  76%|███████▌  | 762/1000 [27:49 > 1:28:39]
L-BFGS:  76%|███████▋  | 763/1000 [27:47 > 1:28:46]
L-BFGS:  76%|███████▋  | 764/1000 [27:44 > 1:28:53]
L-BFGS:  76%|███████▋  | 765/1000 [27:41 > 1:29:00]
L-BFGS:  77%|███████▋  | 766/1000 [27:18 > 1:29:07]
L-BFGS:  77%|███████▋  | 767/1000 [27:19 > 1:29:14]
L-BFGS:  77%|███████▋  | 768/1000 [22:50 > 1:29:17]
L-BFGS:  77%|███████▋  | 769/1000 [23:48 > 1:29:24]
L-BFGS:  77%|███████▋  | 770/1000 [24:25 > 1:29:31]
L-BFGS:  77%|███████▋  | 771/1000 [24:51 > 1:29:38]
L-BFGS:  77%|███████▋  | 772/1000 [25:24 > 1:29:45]
L-BFGS:  77%|███████▋  | 773/1000 [25:44 > 1:29:52]
L-BFGS:  77%|███████▋  | 774/1000 [25:39 > 1:29:59]
L-BFGS:  78%|███████▊  | 775/1000 [25:31 > 1:30:06]
L-BFGS:  78%|███████▊  | 776/1000 [25:44 > 1:30:13]
L-BFGS:  78%|███████▊  | 777/1000 [25:42 > 1:30:20]
L-BFGS:  78%|███████▊  | 778/1000 [25:38 > 1:30:27]
L-BFGS:  78%|███████▊  | 779/1000 [25:54 > 1:30:34]
L-BFGS:  78%|███████▊  | 780/1000 [25:45 > 1:30:41]
L-BFGS:  78%|███████▊  | 781/1000 [25:34 > 1:30:48]
L-BFGS:  78%|███████▊  | 782/1000 [25:44 > 1:30:55]
L-BFGS:  78%|███████▊  | 783/1000 [25:48 > 1:31:02]
L-BFGS:  78%|███████▊  | 784/1000 [25:49 > 1:31:10]
L-BFGS:  78%|███████▊  | 785/1000 [25:30 > 1:31:17]
L-BFGS:  79%|███████▊  | 786/1000 [25:14 > 1:31:24]
L-BFGS:  79%|███████▊  | 787/1000 [25:13 > 1:31:31]
L-BFGS:  79%|███████▉  | 788/1000 [24:47 > 1:31:38]
L-BFGS:  79%|███████▉  | 789/1000 [24:45 > 1:31:45]
L-BFGS:  79%|███████▉  | 790/1000 [24:41 > 1:31:52]
L-BFGS:  79%|███████▉  | 791/1000 [24:35 > 1:31:59]
L-BFGS:  79%|███████▉  | 792/1000 [24:30 > 1:32:06]
L-BFGS:  79%|███████▉  | 793/1000 [24:09 > 1:32:13]
L-BFGS:  79%|███████▉  | 794/1000 [24:08 > 1:32:20]
L-BFGS:  80%|███████▉  | 795/1000 [23:47 > 1:32:27]
L-BFGS:  80%|███████▉  | 796/1000 [23:48 > 1:32:34]
L-BFGS:  80%|███████▉  | 797/1000 [23:29 > 1:32:41]
L-BFGS:  80%|███████▉  | 798/1000 [23:32 > 1:32:48]
L-BFGS:  80%|███████▉  | 799/1000 [23:31 > 1:32:55]
L-BFGS:  80%|████████  | 800/1000 [23:12 > 1:33:02]
L-BFGS:  80%|████████  | 801/1000 [23:13 > 1:33:09]
L-BFGS:  80%|████████  | 802/1000 [23:11 > 1:33:16]
L-BFGS:  80%|████████  | 803/1000 [23:07 > 1:33:23]
L-BFGS:  80%|████████  | 804/1000 [23:02 > 1:33:30]
L-BFGS:  80%|████████  | 805/1000 [22:41 > 1:33:37]
L-BFGS:  81%|████████  | 806/1000 [22:48 > 1:33:44]
L-BFGS:  81%|████████  | 807/1000 [22:35 > 1:33:51]
L-BFGS:  81%|████████  | 808/1000 [22:19 > 1:33:58]
L-BFGS:  81%|████████  | 809/1000 [22:20 > 1:34:05]
L-BFGS:  81%|████████  | 810/1000 [22:22 > 1:34:12]
L-BFGS:  81%|████████  | 811/1000 [22:07 > 1:34:19]
L-BFGS:  81%|████████  | 812/1000 [21:52 > 1:34:26]
L-BFGS:  81%|████████▏ | 813/1000 [22:00 > 1:34:33]
L-BFGS:  81%|████████▏ | 814/1000 [21:47 > 1:34:40]
L-BFGS:  82%|████████▏ | 815/1000 [21:37 > 1:34:47]
L-BFGS:  82%|████████▏ | 816/1000 [21:43 > 1:34:54]
L-BFGS:  82%|████████▏ | 817/1000 [21:31 > 1:35:01]
L-BFGS:  82%|████████▏ | 818/1000 [21:31 > 1:35:09]
L-BFGS:  82%|████████▏ | 819/1000 [21:09 > 1:35:15]
L-BFGS:  82%|████████▏ | 820/1000 [21:05 > 1:35:22]
L-BFGS:  82%|████████▏ | 821/1000 [20:47 > 1:35:29]
L-BFGS:  82%|████████▏ | 822/1000 [20:31 > 1:35:36]
L-BFGS:  82%|████████▏ | 823/1000 [20:21 > 1:35:43]
L-BFGS:  82%|████████▏ | 824/1000 [20:24 > 1:35:50]
L-BFGS:  82%|████████▎ | 825/1000 [20:24 > 1:35:57]
L-BFGS:  83%|████████▎ | 826/1000 [20:23 > 1:36:04]
L-BFGS:  83%|████████▎ | 827/1000 [20:05 > 1:36:11]
L-BFGS:  83%|████████▎ | 828/1000 [19:52 > 1:36:18]
L-BFGS:  83%|████████▎ | 829/1000 [19:39 > 1:36:25]
L-BFGS:  83%|████████▎ | 830/1000 [19:42 > 1:36:32]
L-BFGS:  83%|████████▎ | 831/1000 [19:29 > 1:36:39]
L-BFGS:  83%|████████▎ | 832/1000 [19:31 > 1:36:46]
L-BFGS:  83%|████████▎ | 833/1000 [19:16 > 1:36:53]
L-BFGS:  83%|████████▎ | 834/1000 [19:17 > 1:37:00]
L-BFGS:  84%|████████▎ | 835/1000 [19:16 > 1:37:07]
L-BFGS:  84%|████████▎ | 836/1000 [19:00 > 1:37:14]
L-BFGS:  84%|████████▎ | 837/1000 [19:02 > 1:37:21]
L-BFGS:  84%|████████▍ | 838/1000 [19:06 > 1:37:28]
L-BFGS:  84%|████████▍ | 839/1000 [19:07 > 1:37:35]
L-BFGS:  84%|████████▍ | 840/1000 [19:06 > 1:37:42]
L-BFGS:  84%|████████▍ | 841/1000 [19:03 > 1:37:50]
L-BFGS:  84%|████████▍ | 842/1000 [19:00 > 1:37:57]
L-BFGS:  84%|████████▍ | 843/1000 [18:40 > 1:38:04]
L-BFGS:  84%|████████▍ | 844/1000 [18:26 > 1:38:11]
L-BFGS:  84%|████████▍ | 845/1000 [18:13 > 1:38:18]
L-BFGS:  85%|████████▍ | 846/1000 [18:01 > 1:38:25]
L-BFGS:  85%|████████▍ | 847/1000 [18:05 > 1:38:32]
L-BFGS:  85%|████████▍ | 848/1000 [17:46 > 1:38:39]
L-BFGS:  85%|████████▍ | 849/1000 [17:30 > 1:38:46]
L-BFGS:  85%|████████▌ | 850/1000 [17:18 > 1:38:53]
L-BFGS:  85%|████████▌ | 851/1000 [17:07 > 1:38:59]
L-BFGS:  85%|████████▌ | 852/1000 [17:10 > 1:39:07]
L-BFGS:  85%|████████▌ | 853/1000 [17:10 > 1:39:14]
L-BFGS:  85%|████████▌ | 854/1000 [17:08 > 1:39:21]
L-BFGS:  86%|████████▌ | 855/1000 [17:02 > 1:39:28]
L-BFGS:  86%|████████▌ | 856/1000 [16:44 > 1:39:35]
L-BFGS:  86%|████████▌ | 857/1000 [16:42 > 1:39:42]
L-BFGS:  86%|████████▌ | 858/1000 [16:27 > 1:39:49]
L-BFGS:  86%|████████▌ | 859/1000 [16:25 > 1:39:56]
L-BFGS:  86%|████████▌ | 860/1000 [16:11 > 1:40:02]
L-BFGS:  86%|████████▌ | 861/1000 [16:00 > 1:40:09]
L-BFGS:  86%|████████▌ | 862/1000 [15:49 > 1:40:16]
L-BFGS:  86%|████████▋ | 863/1000 [15:52 > 1:40:23]
L-BFGS:  86%|████████▋ | 864/1000 [15:39 > 1:40:30]
L-BFGS:  86%|████████▋ | 865/1000 [15:40 > 1:40:37]
L-BFGS:  87%|████████▋ | 866/1000 [15:27 > 1:40:44]
L-BFGS:  87%|████████▋ | 867/1000 [15:22 > 1:40:51]
L-BFGS:  87%|████████▋ | 868/1000 [15:17 > 1:40:58]
L-BFGS:  87%|████████▋ | 869/1000 [15:22 > 1:41:05]
L-BFGS:  87%|████████▋ | 870/1000 [15:12 > 1:41:12]
L-BFGS:  87%|████████▋ | 871/1000 [15:04 > 1:41:19]
L-BFGS:  87%|████████▋ | 872/1000 [14:55 > 1:41:26]
L-BFGS:  87%|████████▋ | 873/1000 [14:59 > 1:41:33]
L-BFGS:  87%|████████▋ | 874/1000 [14:48 > 1:41:40]
L-BFGS:  88%|████████▊ | 875/1000 [14:38 > 1:41:47]
L-BFGS:  88%|████████▊ | 876/1000 [14:29 > 1:41:54]
L-BFGS:  88%|████████▊ | 877/1000 [14:28 > 1:42:01]
L-BFGS:  88%|████████▊ | 878/1000 [14:23 > 1:42:09]
L-BFGS:  88%|████████▊ | 879/1000 [14:06 > 1:42:15]
L-BFGS:  88%|████████▊ | 880/1000 [14:03 > 1:42:23]
L-BFGS:  88%|████████▊ | 881/1000 [13:58 > 1:42:30]
L-BFGS:  88%|████████▊ | 882/1000 [13:52 > 1:42:37]
L-BFGS:  88%|████████▊ | 883/1000 [13:37 > 1:42:44]
L-BFGS:  88%|████████▊ | 884/1000 [13:34 > 1:42:51]
L-BFGS:  88%|████████▊ | 885/1000 [13:20 > 1:42:57]
L-BFGS:  89%|████████▊ | 886/1000 [13:17 > 1:43:05]
L-BFGS:  89%|████████▊ | 887/1000 [13:14 > 1:43:12]
L-BFGS:  89%|████████▉ | 888/1000 [13:09 > 1:43:19]
L-BFGS:  89%|████████▉ | 889/1000 [13:03 > 1:43:26]
L-BFGS:  89%|████████▉ | 890/1000 [12:58 > 1:43:33]
L-BFGS:  89%|████████▉ | 891/1000 [12:51 > 1:43:40]
L-BFGS:  89%|████████▉ | 892/1000 [12:44 > 1:43:47]
L-BFGS:  89%|████████▉ | 893/1000 [12:37 > 1:43:54]
L-BFGS:  89%|████████▉ | 894/1000 [12:22 > 1:44:01]
L-BFGS:  90%|████████▉ | 895/1000 [12:18 > 1:44:08]
L-BFGS:  90%|████████▉ | 896/1000 [12:17 > 1:44:15]
L-BFGS:  90%|████████▉ | 897/1000 [12:15 > 1:44:23]
L-BFGS:  90%|████████▉ | 898/1000 [12:11 > 1:44:30]
L-BFGS:  90%|████████▉ | 899/1000 [11:59 > 1:44:37]
L-BFGS:  90%|█████████ | 900/1000 [11:48 > 1:44:44]
L-BFGS:  90%|█████████ | 901/1000 [11:47 > 1:44:51]
L-BFGS:  90%|█████████ | 902/1000 [11:35 > 1:44:58]
L-BFGS:  90%|█████████ | 903/1000 [11:33 > 1:45:05]
L-BFGS:  90%|█████████ | 904/1000 [11:21 > 1:45:12]
L-BFGS:  90%|█████████ | 905/1000 [11:18 > 1:45:20]
L-BFGS:  91%|█████████ | 906/1000 [11:11 > 1:45:27]
L-BFGS:  91%|█████████ | 907/1000 [11:03 > 1:45:34]
L-BFGS:  91%|█████████ | 908/1000 [10:47 > 1:45:41]
L-BFGS:  91%|█████████ | 909/1000 [10:42 > 1:45:48]
L-BFGS:  91%|█████████ | 910/1000 [10:28 > 1:45:55]
L-BFGS:  91%|█████████ | 911/1000 [10:24 > 1:46:02]
L-BFGS:  91%|█████████ | 912/1000 [10:19 > 1:46:09]
L-BFGS:  91%|█████████▏| 913/1000 [10:14 > 1:46:16]
L-BFGS:  91%|█████████▏| 914/1000 [10:08 > 1:46:23]
L-BFGS:  92%|█████████▏| 915/1000 [10:01 > 1:46:30]
L-BFGS:  92%|█████████▏| 916/1000 [09:47 > 1:46:37]
L-BFGS:  92%|█████████▏| 917/1000 [09:43 > 1:46:44]
L-BFGS:  92%|█████████▏| 918/1000 [09:31 > 1:46:51]
L-BFGS:  92%|█████████▏| 919/1000 [09:27 > 1:46:58]
L-BFGS:  92%|█████████▏| 920/1000 [09:23 > 1:47:05]
L-BFGS:  92%|█████████▏| 921/1000 [09:11 > 1:47:12]
L-BFGS:  92%|█████████▏| 922/1000 [09:00 > 1:47:19]
L-BFGS:  92%|█████████▏| 923/1000 [08:58 > 1:47:26]
L-BFGS:  92%|█████████▏| 924/1000 [08:53 > 1:47:33]
L-BFGS:  92%|█████████▎| 925/1000 [08:44 > 1:47:40]
L-BFGS:  93%|█████████▎| 926/1000 [08:37 > 1:47:47]
L-BFGS:  93%|█████████▎| 927/1000 [08:30 > 1:47:54]
L-BFGS:  93%|█████████▎| 928/1000 [08:23 > 1:48:01]
L-BFGS:  93%|█████████▎| 929/1000 [08:22 > 1:48:08]
L-BFGS:  93%|█████████▎| 930/1000 [08:19 > 1:48:15]
L-BFGS:  93%|█████████▎| 931/1000 [08:14 > 1:48:23]
L-BFGS:  93%|█████████▎| 932/1000 [08:04 > 1:48:30]
L-BFGS:  93%|█████████▎| 933/1000 [07:59 > 1:48:37]
L-BFGS:  93%|█████████▎| 934/1000 [07:54 > 1:48:44]
L-BFGS:  94%|█████████▎| 935/1000 [07:47 > 1:48:51]
L-BFGS:  94%|█████████▎| 936/1000 [07:32 > 1:48:58]
L-BFGS:  94%|█████████▎| 937/1000 [07:20 > 1:49:05]
L-BFGS:  94%|█████████▍| 938/1000 [07:10 > 1:49:12]
L-BFGS:  94%|█████████▍| 939/1000 [07:01 > 1:49:19]
L-BFGS:  94%|█████████▍| 940/1000 [06:53 > 1:49:25]
L-BFGS:  94%|█████████▍| 941/1000 [06:45 > 1:49:32]
L-BFGS:  94%|█████████▍| 942/1000 [06:42 > 1:49:39]
L-BFGS:  94%|█████████▍| 943/1000 [06:33 > 1:49:46]
L-BFGS:  94%|█████████▍| 944/1000 [06:25 > 1:49:53]
L-BFGS:  94%|█████████▍| 945/1000 [06:21 > 1:50:00]
L-BFGS:  95%|█████████▍| 946/1000 [06:17 > 1:50:07]
L-BFGS:  95%|█████████▍| 947/1000 [06:12 > 1:50:14]
L-BFGS:  95%|█████████▍| 948/1000 [06:02 > 1:50:21]
L-BFGS:  95%|█████████▍| 949/1000 [05:57 > 1:50:28]
L-BFGS:  95%|█████████▌| 950/1000 [05:47 > 1:50:35]
L-BFGS:  95%|█████████▌| 951/1000 [05:43 > 1:50:42]
L-BFGS:  95%|█████████▌| 952/1000 [05:33 > 1:50:49]
L-BFGS:  95%|█████████▌| 953/1000 [05:25 > 1:50:56]
L-BFGS:  95%|█████████▌| 954/1000 [05:22 > 1:51:03]
L-BFGS:  96%|█████████▌| 955/1000 [05:14 > 1:51:10]
L-BFGS:  96%|█████████▌| 956/1000 [05:11 > 1:51:17]
L-BFGS:  96%|█████████▌| 957/1000 [05:06 > 1:51:25]
L-BFGS:  96%|█████████▌| 958/1000 [04:57 > 1:51:31]
L-BFGS:  96%|█████████▌| 959/1000 [04:52 > 1:51:39]
L-BFGS:  96%|█████████▌| 960/1000 [04:43 > 1:51:46]
L-BFGS:  96%|█████████▌| 961/1000 [04:38 > 1:51:53]
L-BFGS:  96%|█████████▌| 962/1000 [04:32 > 1:52:00]
L-BFGS:  96%|█████████▋| 963/1000 [04:23 > 1:52:07]
L-BFGS:  96%|█████████▋| 964/1000 [04:14 > 1:52:14]
L-BFGS:  96%|█████████▋| 965/1000 [04:05 > 1:52:21]
L-BFGS:  97%|█████████▋| 966/1000 [03:56 > 1:52:28]
L-BFGS:  97%|█████████▋| 967/1000 [03:50 > 1:52:35]
L-BFGS:  97%|█████████▋| 968/1000 [03:44 > 1:52:42]
L-BFGS:  97%|█████████▋| 969/1000 [03:38 > 1:52:49]
L-BFGS:  97%|█████████▋| 970/1000 [03:31 > 1:52:56]
L-BFGS:  97%|█████████▋| 971/1000 [03:22 > 1:53:03]
L-BFGS:  97%|█████████▋| 972/1000 [03:16 > 1:53:10]
L-BFGS:  97%|█████████▋| 973/1000 [03:07 > 1:53:17]
L-BFGS:  97%|█████████▋| 974/1000 [03:02 > 1:53:24]
L-BFGS:  98%|█████████▊| 975/1000 [02:55 > 1:53:31]
L-BFGS:  98%|█████████▊| 976/1000 [02:49 > 1:53:38]
L-BFGS:  98%|█████████▊| 977/1000 [02:42 > 1:53:45]
L-BFGS:  98%|█████████▊| 978/1000 [02:35 > 1:53:53]
L-BFGS:  98%|█████████▊| 979/1000 [02:27 > 1:53:59]
L-BFGS:  98%|█████████▊| 980/1000 [02:20 > 1:54:06]
L-BFGS:  98%|█████████▊| 981/1000 [02:12 > 1:54:13]
L-BFGS:  98%|█████████▊| 982/1000 [02:04 > 1:54:20]
L-BFGS:  98%|█████████▊| 983/1000 [01:59 > 1:54:27]
L-BFGS:  98%|█████████▊| 984/1000 [01:51 > 1:54:34]
L-BFGS:  98%|█████████▊| 985/1000 [01:46 > 1:54:42]
L-BFGS:  99%|█████████▊| 986/1000 [01:40 > 1:54:49]
L-BFGS:  99%|█████████▊| 987/1000 [01:32 > 1:54:56]
L-BFGS:  99%|█████████▉| 988/1000 [01:24 > 1:55:03]
L-BFGS:  99%|█████████▉| 989/1000 [01:17 > 1:55:10]
L-BFGS:  99%|█████████▉| 990/1000 [01:10 > 1:55:17]
L-BFGS:  99%|█████████▉| 991/1000 [01:03 > 1:55:24]
L-BFGS:  99%|█████████▉| 992/1000 [00:56 > 1:55:31]
L-BFGS:  99%|█████████▉| 993/1000 [00:49 > 1:55:38]
L-BFGS:  99%|█████████▉| 994/1000 [00:42 > 1:55:45]
L-BFGS: 100%|█████████▉| 995/1000 [00:34 > 1:55:52]
L-BFGS: 100%|█████████▉| 996/1000 [00:28 > 1:55:59]
L-BFGS: 100%|█████████▉| 997/1000 [00:20 > 1:56:06]
L-BFGS: 100%|█████████▉| 998/1000 [00:13 > 1:56:13]
L-BFGS: 100%|█████████▉| 999/1000 [00:06 > 1:56:19]
L-BFGS: 100%|██████████| 1000/1000 [00:00 > 1:56:27]
L-BFGS: 100%|██████████| 1000/1000 [00:00 > 1:56:27]
Training saved: C:\Ali Computation\pinn\code\heterogeneous\pino_heterogeneous\results\exp_Vb_piecewise_K100_N250_z1to5_min10pct_w32_float64_lbfgs1000_maxiter20\pino_heterogeneous_concentration.png C:\Ali Computation\pinn\code\heterogeneous\pino_heterogeneous\results\exp_Vb_piecewise_K100_N250_z1to5_min10pct_w32_float64_lbfgs1000_maxiter20\pino_heterogeneous_loss.png C:\Ali Computation\pinn\code\heterogeneous\pino_heterogeneous\results\exp_Vb_piecewise_K100_N250_z1to5_min10pct_w32_float64_lbfgs1000_maxiter20\pino_heterogeneous_model.pt
COMSOL validation: 81 media -> C:\Ali Computation\pinn\code\heterogeneous\pino_heterogeneous\results\exp_Vb_piecewise_K100_N250_z1to5_min10pct_w32_float64_lbfgs1000_maxiter20\comsol_validation  (x* collocation n=86)

COMSOL vs PINO:   0%|          | 0/81 [00:00<?, ?it/s]
COMSOL vs PINO:   1%|          | 1/81 [00:01<01:23,  1.04s/it]
COMSOL vs PINO:   2%|▏         | 2/81 [00:02<01:21,  1.04s/it]
COMSOL vs PINO:   4%|▎         | 3/81 [00:03<01:20,  1.03s/it]
COMSOL vs PINO:   5%|▍         | 4/81 [00:04<01:19,  1.03s/it]
COMSOL vs PINO:   6%|▌         | 5/81 [00:05<01:24,  1.12s/it]
COMSOL vs PINO:   7%|▋         | 6/81 [00:06<01:21,  1.08s/it]
COMSOL vs PINO:   9%|▊         | 7/81 [00:07<01:18,  1.07s/it]
COMSOL vs PINO:  10%|▉         | 8/81 [00:08<01:16,  1.05s/it]
COMSOL vs PINO:  11%|█         | 9/81 [00:09<01:15,  1.05s/it]
COMSOL vs PINO:  12%|█▏        | 10/81 [00:10<01:14,  1.05s/it]
COMSOL vs PINO:  14%|█▎        | 11/81 [00:11<01:12,  1.04s/it]
COMSOL vs PINO:  15%|█▍        | 12/81 [00:12<01:12,  1.04s/it]
COMSOL vs PINO:  16%|█▌        | 13/81 [00:13<01:10,  1.04s/it]
COMSOL vs PINO:  17%|█▋        | 14/81 [00:14<01:09,  1.04s/it]
COMSOL vs PINO:  19%|█▊        | 15/81 [00:15<01:08,  1.04s/it]
COMSOL vs PINO:  20%|█▉        | 16/81 [00:16<01:07,  1.04s/it]
COMSOL vs PINO:  21%|██        | 17/81 [00:17<01:06,  1.05s/it]
COMSOL vs PINO:  22%|██▏       | 18/81 [00:18<01:05,  1.04s/it]
COMSOL vs PINO:  23%|██▎       | 19/81 [00:20<01:11,  1.15s/it]
COMSOL vs PINO:  25%|██▍       | 20/81 [00:21<01:08,  1.12s/it]
COMSOL vs PINO:  26%|██▌       | 21/81 [00:22<01:06,  1.10s/it]
COMSOL vs PINO:  27%|██▋       | 22/81 [00:23<01:04,  1.09s/it]
COMSOL vs PINO:  28%|██▊       | 23/81 [00:24<01:02,  1.08s/it]
COMSOL vs PINO:  30%|██▉       | 24/81 [00:25<01:00,  1.07s/it]
COMSOL vs PINO:  31%|███       | 25/81 [00:26<00:59,  1.06s/it]
COMSOL vs PINO:  32%|███▏      | 26/81 [00:27<00:58,  1.06s/it]
COMSOL vs PINO:  33%|███▎      | 27/81 [00:28<00:57,  1.06s/it]
COMSOL vs PINO:  35%|███▍      | 28/81 [00:29<00:56,  1.06s/it]
COMSOL vs PINO:  36%|███▌      | 29/81 [00:30<00:54,  1.05s/it]
COMSOL vs PINO:  37%|███▋      | 30/81 [00:31<00:53,  1.05s/it]
COMSOL vs PINO:  38%|███▊      | 31/81 [00:32<00:52,  1.05s/it]
COMSOL vs PINO:  40%|███▉      | 32/81 [00:33<00:51,  1.05s/it]
COMSOL vs PINO:  41%|████      | 33/81 [00:35<00:54,  1.14s/it]
COMSOL vs PINO:  42%|████▏     | 34/81 [00:36<00:52,  1.11s/it]
COMSOL vs PINO:  43%|████▎     | 35/81 [00:37<00:50,  1.09s/it]
COMSOL vs PINO:  44%|████▍     | 36/81 [00:38<00:48,  1.09s/it]
COMSOL vs PINO:  46%|████▌     | 37/81 [00:39<00:47,  1.08s/it]
COMSOL vs PINO:  47%|████▋     | 38/81 [00:40<00:45,  1.07s/it]
COMSOL vs PINO:  48%|████▊     | 39/81 [00:41<00:44,  1.06s/it]
COMSOL vs PINO:  49%|████▉     | 40/81 [00:42<00:43,  1.06s/it]
COMSOL vs PINO:  51%|█████     | 41/81 [00:43<00:41,  1.05s/it]
COMSOL vs PINO:  52%|█████▏    | 42/81 [00:44<00:40,  1.04s/it]
COMSOL vs PINO:  53%|█████▎    | 43/81 [00:45<00:39,  1.04s/it]
COMSOL vs PINO:  54%|█████▍    | 44/81 [00:46<00:38,  1.05s/it]
COMSOL vs PINO:  56%|█████▌    | 45/81 [00:47<00:37,  1.04s/it]
COMSOL vs PINO:  57%|█████▋    | 46/81 [00:49<00:39,  1.13s/it]
COMSOL vs PINO:  58%|█████▊    | 47/81 [00:50<00:37,  1.11s/it]
COMSOL vs PINO:  59%|█████▉    | 48/81 [00:51<00:36,  1.09s/it]
COMSOL vs PINO:  60%|██████    | 49/81 [00:52<00:34,  1.08s/it]
COMSOL vs PINO:  62%|██████▏   | 50/81 [00:53<00:33,  1.07s/it]
COMSOL vs PINO:  63%|██████▎   | 51/81 [00:54<00:31,  1.06s/it]
COMSOL vs PINO:  64%|██████▍   | 52/81 [00:55<00:30,  1.06s/it]
COMSOL vs PINO:  65%|██████▌   | 53/81 [00:56<00:29,  1.06s/it]
COMSOL vs PINO:  67%|██████▋   | 54/81 [00:57<00:28,  1.06s/it]
COMSOL vs PINO:  68%|██████▊   | 55/81 [00:58<00:27,  1.06s/it]
COMSOL vs PINO:  69%|██████▉   | 56/81 [00:59<00:26,  1.07s/it]
COMSOL vs PINO:  70%|███████   | 57/81 [01:00<00:25,  1.06s/it]
COMSOL vs PINO:  72%|███████▏  | 58/81 [01:01<00:24,  1.06s/it]
COMSOL vs PINO:  73%|███████▎  | 59/81 [01:02<00:23,  1.06s/it]
COMSOL vs PINO:  74%|███████▍  | 60/81 [01:03<00:22,  1.06s/it]
COMSOL vs PINO:  75%|███████▌  | 61/81 [01:05<00:22,  1.15s/it]
COMSOL vs PINO:  77%|███████▋  | 62/81 [01:06<00:21,  1.12s/it]
COMSOL vs PINO:  78%|███████▊  | 63/81 [01:07<00:19,  1.10s/it]
COMSOL vs PINO:  79%|███████▉  | 64/81 [01:08<00:18,  1.09s/it]
COMSOL vs PINO:  80%|████████  | 65/81 [01:09<00:17,  1.08s/it]
COMSOL vs PINO:  81%|████████▏ | 66/81 [01:10<00:16,  1.07s/it]
COMSOL vs PINO:  83%|████████▎ | 67/81 [01:11<00:14,  1.06s/it]
COMSOL vs PINO:  84%|████████▍ | 68/81 [01:12<00:13,  1.06s/it]
COMSOL vs PINO:  85%|████████▌ | 69/81 [01:13<00:12,  1.07s/it]
COMSOL vs PINO:  86%|████████▋ | 70/81 [01:14<00:11,  1.06s/it]
COMSOL vs PINO:  88%|████████▊ | 71/81 [01:15<00:10,  1.06s/it]
COMSOL vs PINO:  89%|████████▉ | 72/81 [01:16<00:09,  1.05s/it]
COMSOL vs PINO:  90%|█████████ | 73/81 [01:17<00:08,  1.05s/it]
COMSOL vs PINO:  91%|█████████▏| 74/81 [01:19<00:07,  1.05s/it]
COMSOL vs PINO:  93%|█████████▎| 75/81 [01:20<00:06,  1.05s/it]
COMSOL vs PINO:  94%|█████████▍| 76/81 [01:21<00:05,  1.16s/it]
COMSOL vs PINO:  95%|█████████▌| 77/81 [01:22<00:04,  1.12s/it]
COMSOL vs PINO:  96%|█████████▋| 78/81 [01:23<00:03,  1.10s/it]
COMSOL vs PINO:  98%|█████████▊| 79/81 [01:24<00:02,  1.08s/it]
COMSOL vs PINO:  99%|█████████▉| 80/81 [01:25<00:01,  1.08s/it]
COMSOL vs PINO: 100%|██████████| 81/81 [01:26<00:00,  1.07s/it]
COMSOL vs PINO: 100%|██████████| 81/81 [01:26<00:00,  1.07s/it]
COMSOL validation summary: n=81  mean=4.714870e-02  max=1.692164e-01  min=1.132677e-02
Wrote C:\Ali Computation\pinn\code\heterogeneous\pino_heterogeneous\results\exp_Vb_piecewise_K100_N250_z1to5_min10pct_w32_float64_lbfgs1000_maxiter20\comsol_validation\comsol_validation_summary.csv
Run metadata: C:\Ali Computation\pinn\code\heterogeneous\pino_heterogeneous\results\exp_Vb_piecewise_K100_N250_z1to5_min10pct_w32_float64_lbfgs1000_maxiter20\run_meta.json
Wall-clock train: 6988.2 s
Wall-clock validation: 86.8 s
Wall-clock total: 7084.4 s  device=cuda

# exit 0 after 1:58:08.747335
