# code/heterogeneous/pino_heterogeneous/pinn1d_heterogeneous_parametric_neural_operator.py --design grf --n-sensors 100 --n-grf 0 --n-piecewise-per-zones 50 --piecewise-zone-counts 1,2,3,4,5 --min-zone-frac 0.1 --arch w16 --dtype float64 --early-stop-patience 150 --lr-lbfgs 0.1 --lbfgs-max-iter 20 --epochs 1000 --out-dir results/exp_Vc_piecewise_K100_N250_z1to5_min10pct_w16_float64_lbfgs1000_maxiter20
# started 2026-06-30 17:29:36
# cwd C:\Ali Computation\pinn\code\heterogeneous\pino_heterogeneous

Using GPU: NVIDIA GeForce RTX 3090 (cuda:0, dtype=torch.float64)
PE (computed) = 0.010368
design=grf  media_mode=grf  n_train_requested=250  n_corner_anchors=16  arch=w16  batch_mode=True
branch=[100, 16, 16, 16]  trunk=[2, 16, 16, 16, 16]
results_dir=C:\Ali Computation\pinn\code\heterogeneous\pino_heterogeneous\results\exp_Vc_piecewise_K100_N250_z1to5_min10pct_w16_float64_lbfgs1000_maxiter20
Training: 250 piecewise (50 each for zones [1, 2, 3, 4, 5]), min_zone_frac=0.1 = 250 total; K=100 uniform sensors, grid_n=201
  saved/loaded: C:\Ali Computation\pinn\code\heterogeneous\pino_heterogeneous\results\exp_Vc_piecewise_K100_N250_z1to5_min10pct_w16_float64_lbfgs1000_maxiter20\train_grf_cases.npz
  branch CFL range [0.120358, 0.599469]
PDE mesh: bulk 50x50x250 (no interface bands in GRF mode)
COMSOL validation: 81 fixed grid cases from comsol_4zones.txt -> C:\Ali Computation\pinn\code\heterogeneous\pino_heterogeneous\results\exp_Vc_piecewise_K100_N250_z1to5_min10pct_w16_float64_lbfgs1000_maxiter20\comsol_validation
run_training=True  run_comsol_validation=True  validate_only=False  skip_validation_plots=False
L-BFGS early stopping: patience=150 (max steps=1000)
L-BFGS: lr=0.1  max_iter=20  outer_steps=1000
PDE collocation points: 625,000 (bulk 625,000, interface 0)
Collocation mesh plot (pre-train): C:\Ali Computation\pinn\code\heterogeneous\pino_heterogeneous\results\exp_Vc_piecewise_K100_N250_z1to5_min10pct_w16_float64_lbfgs1000_maxiter20\pino_heterogeneous_collocation_points.png
LBFGS (
Parameter Group 0
    history_size: 50
    line_search_fn: strong_wolfe
    lr: 0.1
    max_eval: 25
    max_iter: 20
    tolerance_change: 1e-09
    tolerance_grad: 1e-07
)
Early stopping: patience=150 L-BFGS steps (no total-loss improvement, rtol=1e-12)

L-BFGS:   0%|          | 0/1000 [? > 00:00]
L-BFGS:   0%|          | 1/1000 [1:12:02 > 00:04]
L-BFGS:   0%|          | 2/1000 [1:08:37 > 00:08]
L-BFGS:   0%|          | 3/1000 [1:09:04 > 00:12]
L-BFGS:   0%|          | 4/1000 [1:08:30 > 00:16]
L-BFGS:   0%|          | 5/1000 [1:08:18 > 00:20]
L-BFGS:   1%|          | 6/1000 [1:08:10 > 00:24]
L-BFGS:   1%|          | 7/1000 [1:08:08 > 00:28]
L-BFGS:   1%|          | 8/1000 [1:08:01 > 00:33]
L-BFGS:   1%|          | 9/1000 [1:08:03 > 00:37]
L-BFGS:   1%|          | 10/1000 [1:08:42 > 00:41]
L-BFGS:   1%|          | 11/1000 [1:10:13 > 00:45]
L-BFGS:   1%|          | 12/1000 [1:11:18 > 00:50]
L-BFGS:   1%|▏         | 13/1000 [1:11:47 > 00:54]
L-BFGS:   1%|▏         | 14/1000 [1:12:17 > 00:59]
L-BFGS:   2%|▏         | 15/1000 [1:11:48 > 01:03]
L-BFGS:   2%|▏         | 16/1000 [1:12:13 > 01:08]
L-BFGS:   2%|▏         | 17/1000 [1:11:45 > 01:12]
L-BFGS:   2%|▏         | 18/1000 [1:12:00 > 01:16]
L-BFGS:   2%|▏         | 19/1000 [1:12:10 > 01:21]
L-BFGS:   2%|▏         | 20/1000 [1:11:53 > 01:25]
L-BFGS:   2%|▏         | 21/1000 [1:11:18 > 01:29]
L-BFGS:   2%|▏         | 22/1000 [1:10:03 > 01:34]
L-BFGS:   2%|▏         | 23/1000 [1:09:22 > 01:38]
L-BFGS:   2%|▏         | 24/1000 [1:08:57 > 01:42]
L-BFGS:   2%|▎         | 25/1000 [1:08:23 > 01:46]
L-BFGS:   3%|▎         | 26/1000 [1:08:53 > 01:50]
L-BFGS:   3%|▎         | 27/1000 [1:08:14 > 01:55]
L-BFGS:   3%|▎         | 28/1000 [1:08:33 > 01:59]
L-BFGS:   3%|▎         | 29/1000 [1:08:01 > 02:03]
L-BFGS:   3%|▎         | 30/1000 [1:07:42 > 02:07]
L-BFGS:   3%|▎         | 31/1000 [1:07:20 > 02:11]
L-BFGS:   3%|▎         | 32/1000 [1:08:02 > 02:16]
L-BFGS:   3%|▎         | 33/1000 [1:07:40 > 02:20]
L-BFGS:   3%|▎         | 34/1000 [1:07:27 > 02:24]
L-BFGS:   4%|▎         | 35/1000 [1:07:11 > 02:28]
L-BFGS:   4%|▎         | 36/1000 [1:07:00 > 02:32]
L-BFGS:   4%|▎         | 37/1000 [1:07:38 > 02:37]
L-BFGS:   4%|▍         | 38/1000 [1:08:03 > 02:41]
L-BFGS:   4%|▍         | 39/1000 [1:08:14 > 02:45]
L-BFGS:   4%|▍         | 40/1000 [1:09:11 > 02:50]
L-BFGS:   4%|▍         | 41/1000 [1:09:51 > 02:54]
L-BFGS:   4%|▍         | 42/1000 [1:09:26 > 02:58]
L-BFGS:   4%|▍         | 43/1000 [1:09:53 > 03:03]
L-BFGS:   4%|▍         | 44/1000 [1:09:15 > 03:07]
L-BFGS:   4%|▍         | 45/1000 [1:08:47 > 03:11]
L-BFGS:   5%|▍         | 46/1000 [1:08:37 > 03:16]
L-BFGS:   5%|▍         | 47/1000 [1:08:26 > 03:20]
L-BFGS:   5%|▍         | 48/1000 [1:08:18 > 03:24]
L-BFGS:   5%|▍         | 49/1000 [1:08:15 > 03:29]
L-BFGS:   5%|▌         | 50/1000 [1:07:27 > 03:33]
L-BFGS:   5%|▌         | 51/1000 [1:07:39 > 03:37]
L-BFGS:   5%|▌         | 52/1000 [1:07:03 > 03:41]
L-BFGS:   5%|▌         | 53/1000 [1:06:41 > 03:45]
L-BFGS:   5%|▌         | 54/1000 [1:07:08 > 03:50]
L-BFGS:   6%|▌         | 55/1000 [1:07:24 > 03:54]
L-BFGS:   6%|▌         | 56/1000 [1:07:26 > 03:58]
L-BFGS:   6%|▌         | 57/1000 [1:06:48 > 04:03]
L-BFGS:   6%|▌         | 58/1000 [1:06:21 > 04:07]
L-BFGS:   6%|▌         | 59/1000 [1:05:58 > 04:11]
L-BFGS:   6%|▌         | 60/1000 [1:05:35 > 04:15]
L-BFGS:   6%|▌         | 61/1000 [1:05:25 > 04:19]
L-BFGS:   6%|▌         | 62/1000 [1:06:00 > 04:24]
L-BFGS:   6%|▋         | 63/1000 [1:05:30 > 04:28]
L-BFGS:   6%|▋         | 64/1000 [1:05:10 > 04:32]
L-BFGS:   6%|▋         | 65/1000 [1:05:52 > 04:36]
L-BFGS:   7%|▋         | 66/1000 [1:06:06 > 04:40]
L-BFGS:   7%|▋         | 67/1000 [1:06:21 > 04:45]
L-BFGS:   7%|▋         | 68/1000 [1:05:58 > 04:49]
L-BFGS:   7%|▋         | 69/1000 [1:06:47 > 04:53]
L-BFGS:   7%|▋         | 70/1000 [1:06:42 > 04:58]
L-BFGS:   7%|▋         | 71/1000 [1:06:37 > 05:02]
L-BFGS:   7%|▋         | 72/1000 [1:07:23 > 05:06]
L-BFGS:   7%|▋         | 73/1000 [1:07:47 > 05:11]
L-BFGS:   7%|▋         | 74/1000 [1:07:20 > 05:15]
L-BFGS:   8%|▊         | 75/1000 [1:07:46 > 05:20]
L-BFGS:   8%|▊         | 76/1000 [1:08:04 > 05:24]
L-BFGS:   8%|▊         | 77/1000 [1:07:18 > 05:28]
L-BFGS:   8%|▊         | 78/1000 [1:06:57 > 05:33]
L-BFGS:   8%|▊         | 79/1000 [1:06:04 > 05:37]
L-BFGS:   8%|▊         | 80/1000 [1:05:34 > 05:41]
L-BFGS:   8%|▊         | 81/1000 [1:05:51 > 05:46]
L-BFGS:   8%|▊         | 82/1000 [1:05:07 > 05:50]
L-BFGS:   8%|▊         | 83/1000 [1:04:28 > 05:54]
L-BFGS:   8%|▊         | 84/1000 [1:04:07 > 05:58]
L-BFGS:   8%|▊         | 85/1000 [1:03:54 > 06:02]
L-BFGS:   9%|▊         | 86/1000 [1:04:36 > 06:06]
L-BFGS:   9%|▊         | 87/1000 [1:04:52 > 06:11]
L-BFGS:   9%|▉         | 88/1000 [1:04:17 > 06:15]
L-BFGS:   9%|▉         | 89/1000 [1:03:48 > 06:19]
L-BFGS:   9%|▉         | 90/1000 [1:04:13 > 06:23]
L-BFGS:   9%|▉         | 91/1000 [1:04:26 > 06:28]
L-BFGS:   9%|▉         | 92/1000 [1:03:48 > 06:32]
L-BFGS:   9%|▉         | 93/1000 [1:03:27 > 06:36]
L-BFGS:   9%|▉         | 94/1000 [1:03:52 > 06:40]
L-BFGS:  10%|▉         | 95/1000 [1:04:11 > 06:45]
L-BFGS:  10%|▉         | 96/1000 [1:03:36 > 06:49]
L-BFGS:  10%|▉         | 97/1000 [1:04:04 > 06:53]
L-BFGS:  10%|▉         | 98/1000 [1:04:51 > 06:58]
L-BFGS:  10%|▉         | 99/1000 [1:04:38 > 07:02]
L-BFGS:  10%|█         | 100/1000 [1:05:18 > 07:06]
L-BFGS:  10%|█         | 101/1000 [1:05:41 > 07:11]
L-BFGS:  10%|█         | 102/1000 [1:05:20 > 07:15]
L-BFGS:  10%|█         | 103/1000 [1:04:55 > 07:19]
L-BFGS:  10%|█         | 104/1000 [1:04:39 > 07:24]
L-BFGS:  10%|█         | 105/1000 [1:04:24 > 07:28]
L-BFGS:  11%|█         | 106/1000 [1:05:01 > 07:32]
L-BFGS:  11%|█         | 107/1000 [1:04:37 > 07:37]
L-BFGS:  11%|█         | 108/1000 [1:04:45 > 07:41]
L-BFGS:  11%|█         | 109/1000 [1:04:26 > 07:45]
L-BFGS:  11%|█         | 110/1000 [1:03:35 > 07:50]
L-BFGS:  11%|█         | 111/1000 [1:03:43 > 07:54]
L-BFGS:  11%|█         | 112/1000 [1:03:03 > 07:58]
L-BFGS:  11%|█▏        | 113/1000 [1:02:31 > 08:02]
L-BFGS:  11%|█▏        | 114/1000 [1:02:08 > 08:06]
L-BFGS:  12%|█▏        | 115/1000 [1:01:47 > 08:11]
L-BFGS:  12%|█▏        | 116/1000 [1:01:34 > 08:15]
L-BFGS:  12%|█▏        | 117/1000 [1:01:22 > 08:19]
L-BFGS:  12%|█▏        | 118/1000 [1:01:50 > 08:23]
L-BFGS:  12%|█▏        | 119/1000 [1:01:30 > 08:27]
L-BFGS:  12%|█▏        | 120/1000 [1:01:59 > 08:32]
L-BFGS:  12%|█▏        | 121/1000 [1:02:30 > 08:36]
L-BFGS:  12%|█▏        | 122/1000 [1:02:49 > 08:40]
L-BFGS:  12%|█▏        | 123/1000 [1:02:46 > 08:45]
L-BFGS:  12%|█▏        | 124/1000 [1:02:48 > 08:49]
L-BFGS:  12%|█▎        | 125/1000 [1:02:03 > 08:53]
L-BFGS:  13%|█▎        | 126/1000 [1:01:25 > 08:57]
L-BFGS:  13%|█▎        | 127/1000 [1:02:24 > 09:02]
L-BFGS:  13%|█▎        | 128/1000 [1:02:59 > 09:06]
L-BFGS:  13%|█▎        | 129/1000 [1:02:40 > 09:10]
L-BFGS:  13%|█▎        | 130/1000 [1:02:33 > 09:15]
L-BFGS:  13%|█▎        | 131/1000 [1:03:02 > 09:19]
L-BFGS:  13%|█▎        | 132/1000 [1:03:25 > 09:24]
L-BFGS:  13%|█▎        | 133/1000 [1:02:51 > 09:28]
L-BFGS:  13%|█▎        | 134/1000 [1:02:34 > 09:32]
L-BFGS:  14%|█▎        | 135/1000 [1:02:22 > 09:36]
L-BFGS:  14%|█▎        | 136/1000 [1:02:06 > 09:41]
L-BFGS:  14%|█▎        | 137/1000 [1:01:49 > 09:45]
L-BFGS:  14%|█▍        | 138/1000 [1:01:50 > 09:49]
L-BFGS:  14%|█▍        | 139/1000 [1:01:46 > 09:54]
L-BFGS:  14%|█▍        | 140/1000 [1:01:14 > 09:58]
L-BFGS:  14%|█▍        | 141/1000 [1:00:42 > 10:02]
L-BFGS:  14%|█▍        | 142/1000 [1:00:12 > 10:06]
L-BFGS:  14%|█▍        | 143/1000 [59:54 > 10:10]  
L-BFGS:  14%|█▍        | 144/1000 [59:39 > 10:14]
L-BFGS:  14%|█▍        | 145/1000 [1:00:16 > 10:19]
L-BFGS:  15%|█▍        | 146/1000 [59:50 > 10:23]  
L-BFGS:  15%|█▍        | 147/1000 [1:00:09 > 10:27]
L-BFGS:  15%|█▍        | 148/1000 [59:41 > 10:31]  
L-BFGS:  15%|█▍        | 149/1000 [59:22 > 10:35]
L-BFGS:  15%|█▌        | 150/1000 [59:12 > 10:40]
L-BFGS:  15%|█▌        | 151/1000 [58:56 > 10:44]
L-BFGS:  15%|█▌        | 152/1000 [59:32 > 10:48]
L-BFGS:  15%|█▌        | 153/1000 [59:58 > 10:52]
L-BFGS:  15%|█▌        | 154/1000 [59:33 > 10:57]
L-BFGS:  16%|█▌        | 155/1000 [59:51 > 11:01]
L-BFGS:  16%|█▌        | 156/1000 [1:00:27 > 11:05]
L-BFGS:  16%|█▌        | 157/1000 [1:00:18 > 11:10]
L-BFGS:  16%|█▌        | 158/1000 [1:00:14 > 11:14]
L-BFGS:  16%|█▌        | 159/1000 [1:00:17 > 11:18]
L-BFGS:  16%|█▌        | 160/1000 [1:00:19 > 11:23]
L-BFGS:  16%|█▌        | 161/1000 [1:00:09 > 11:27]
L-BFGS:  16%|█▌        | 162/1000 [1:00:05 > 11:31]
L-BFGS:  16%|█▋        | 163/1000 [59:59 > 11:35]  
L-BFGS:  16%|█▋        | 164/1000 [1:00:40 > 11:40]
L-BFGS:  16%|█▋        | 165/1000 [1:00:59 > 11:44]
L-BFGS:  17%|█▋        | 166/1000 [1:01:13 > 11:49]
L-BFGS:  17%|█▋        | 167/1000 [1:00:01 > 11:53]
L-BFGS:  17%|█▋        | 168/1000 [59:13 > 11:57]  
L-BFGS:  17%|█▋        | 169/1000 [59:17 > 12:01]
L-BFGS:  17%|█▋        | 170/1000 [58:42 > 12:06]
L-BFGS:  17%|█▋        | 171/1000 [58:19 > 12:10]
L-BFGS:  17%|█▋        | 172/1000 [58:38 > 12:14]
L-BFGS:  17%|█▋        | 173/1000 [58:07 > 12:18]
L-BFGS:  17%|█▋        | 174/1000 [58:29 > 12:23]
L-BFGS:  18%|█▊        | 175/1000 [58:38 > 12:27]
L-BFGS:  18%|█▊        | 176/1000 [58:03 > 12:31]
L-BFGS:  18%|█▊        | 177/1000 [57:42 > 12:35]
L-BFGS:  18%|█▊        | 178/1000 [58:00 > 12:39]
L-BFGS:  18%|█▊        | 179/1000 [57:32 > 12:44]
L-BFGS:  18%|█▊        | 180/1000 [57:54 > 12:48]
L-BFGS:  18%|█▊        | 181/1000 [58:10 > 12:52]
L-BFGS:  18%|█▊        | 182/1000 [57:38 > 12:56]
L-BFGS:  18%|█▊        | 183/1000 [57:11 > 13:00]
L-BFGS:  18%|█▊        | 184/1000 [56:53 > 13:05]
L-BFGS:  18%|█▊        | 185/1000 [57:10 > 13:09]
L-BFGS:  19%|█▊        | 186/1000 [58:04 > 13:13]
L-BFGS:  19%|█▊        | 187/1000 [58:01 > 13:18]
L-BFGS:  19%|█▉        | 188/1000 [58:43 > 13:22]
L-BFGS:  19%|█▉        | 189/1000 [58:24 > 13:26]
L-BFGS:  19%|█▉        | 190/1000 [58:10 > 13:31]
L-BFGS:  19%|█▉        | 191/1000 [58:53 > 13:35]
L-BFGS:  19%|█▉        | 192/1000 [58:25 > 13:39]
L-BFGS:  19%|█▉        | 193/1000 [58:50 > 13:44]
L-BFGS:  19%|█▉        | 194/1000 [59:07 > 13:48]
L-BFGS:  20%|█▉        | 195/1000 [59:09 > 13:53]
L-BFGS:  20%|█▉        | 196/1000 [58:01 > 13:57]
L-BFGS:  20%|█▉        | 197/1000 [57:53 > 14:01]
L-BFGS:  20%|█▉        | 198/1000 [57:50 > 14:06]
L-BFGS:  20%|█▉        | 199/1000 [57:04 > 14:10]
L-BFGS:  20%|██        | 200/1000 [57:08 > 14:14]
L-BFGS:  20%|██        | 201/1000 [56:28 > 14:18]
L-BFGS:  20%|██        | 202/1000 [56:44 > 14:22]
L-BFGS:  20%|██        | 203/1000 [56:17 > 14:27]
L-BFGS:  20%|██        | 204/1000 [56:32 > 14:31]
L-BFGS:  20%|██        | 205/1000 [56:43 > 14:35]
L-BFGS:  21%|██        | 206/1000 [56:48 > 14:40]
L-BFGS:  21%|██        | 207/1000 [56:10 > 14:44]
L-BFGS:  21%|██        | 208/1000 [55:48 > 14:48]
L-BFGS:  21%|██        | 209/1000 [55:23 > 14:52]
L-BFGS:  21%|██        | 210/1000 [55:12 > 14:56]
L-BFGS:  21%|██        | 211/1000 [55:33 > 15:01]
L-BFGS:  21%|██        | 212/1000 [55:46 > 15:05]
L-BFGS:  21%|██▏       | 213/1000 [55:19 > 15:09]
L-BFGS:  21%|██▏       | 214/1000 [55:12 > 15:13]
L-BFGS:  22%|██▏       | 215/1000 [56:09 > 15:18]
L-BFGS:  22%|██▏       | 216/1000 [56:46 > 15:22]
L-BFGS:  22%|██▏       | 217/1000 [56:30 > 15:26]
L-BFGS:  22%|██▏       | 218/1000 [56:59 > 15:31]
L-BFGS:  22%|██▏       | 219/1000 [56:38 > 15:35]
L-BFGS:  22%|██▏       | 220/1000 [56:27 > 15:40]
L-BFGS:  22%|██▏       | 221/1000 [56:12 > 15:44]
L-BFGS:  22%|██▏       | 222/1000 [55:51 > 15:48]
L-BFGS:  22%|██▏       | 223/1000 [56:28 > 15:53]
L-BFGS:  22%|██▏       | 224/1000 [56:52 > 15:57]
L-BFGS:  22%|██▎       | 225/1000 [55:53 > 16:01]
L-BFGS:  23%|██▎       | 226/1000 [55:09 > 16:05]
L-BFGS:  23%|██▎       | 227/1000 [54:34 > 16:10]
L-BFGS:  23%|██▎       | 228/1000 [54:09 > 16:14]
L-BFGS:  23%|██▎       | 229/1000 [54:29 > 16:18]
L-BFGS:  23%|██▎       | 230/1000 [54:45 > 16:22]
L-BFGS:  23%|██▎       | 231/1000 [54:16 > 16:26]
L-BFGS:  23%|██▎       | 232/1000 [54:30 > 16:31]
L-BFGS:  23%|██▎       | 233/1000 [54:02 > 16:35]
L-BFGS:  23%|██▎       | 234/1000 [53:44 > 16:39]
L-BFGS:  24%|██▎       | 235/1000 [54:03 > 16:43]
L-BFGS:  24%|██▎       | 236/1000 [54:15 > 16:48]
L-BFGS:  24%|██▎       | 237/1000 [53:49 > 16:52]
L-BFGS:  24%|██▍       | 238/1000 [53:27 > 16:56]
L-BFGS:  24%|██▍       | 239/1000 [53:43 > 17:00]
L-BFGS:  24%|██▍       | 240/1000 [53:19 > 17:05]
L-BFGS:  24%|██▍       | 241/1000 [52:59 > 17:09]
L-BFGS:  24%|██▍       | 242/1000 [52:53 > 17:13]
L-BFGS:  24%|██▍       | 243/1000 [52:47 > 17:17]
L-BFGS:  24%|██▍       | 244/1000 [53:49 > 17:21]
L-BFGS:  24%|██▍       | 245/1000 [54:27 > 17:26]
L-BFGS:  25%|██▍       | 246/1000 [54:13 > 17:30]
L-BFGS:  25%|██▍       | 247/1000 [54:03 > 17:35]
L-BFGS:  25%|██▍       | 248/1000 [54:00 > 17:39]
L-BFGS:  25%|██▍       | 249/1000 [54:31 > 17:43]
L-BFGS:  25%|██▌       | 250/1000 [54:08 > 17:48]
L-BFGS:  25%|██▌       | 251/1000 [53:53 > 17:52]
L-BFGS:  25%|██▌       | 252/1000 [53:39 > 17:56]
L-BFGS:  25%|██▌       | 253/1000 [53:31 > 18:00]
L-BFGS:  25%|██▌       | 254/1000 [53:11 > 18:05]
L-BFGS:  26%|██▌       | 255/1000 [53:18 > 18:09]
L-BFGS:  26%|██▌       | 256/1000 [52:43 > 18:13]
L-BFGS:  26%|██▌       | 257/1000 [52:17 > 18:17]
L-BFGS:  26%|██▌       | 258/1000 [52:31 > 18:22]
L-BFGS:  26%|██▌       | 259/1000 [52:06 > 18:26]
L-BFGS:  26%|██▌       | 260/1000 [51:46 > 18:30]
L-BFGS:  26%|██▌       | 261/1000 [51:30 > 18:34]
L-BFGS:  26%|██▌       | 262/1000 [51:18 > 18:38]
L-BFGS:  26%|██▋       | 263/1000 [51:48 > 18:43]
L-BFGS:  26%|██▋       | 264/1000 [51:27 > 18:47]
L-BFGS:  26%|██▋       | 265/1000 [51:49 > 18:51]
L-BFGS:  27%|██▋       | 266/1000 [51:28 > 18:55]
L-BFGS:  27%|██▋       | 267/1000 [51:09 > 18:59]
L-BFGS:  27%|██▋       | 268/1000 [50:57 > 19:03]
L-BFGS:  27%|██▋       | 269/1000 [50:47 > 19:08]
L-BFGS:  27%|██▋       | 270/1000 [50:37 > 19:12]
L-BFGS:  27%|██▋       | 271/1000 [50:27 > 19:16]
L-BFGS:  27%|██▋       | 272/1000 [50:23 > 19:20]
L-BFGS:  27%|██▋       | 273/1000 [50:39 > 19:24]
L-BFGS:  27%|██▋       | 274/1000 [51:38 > 19:29]
L-BFGS:  28%|██▊       | 275/1000 [51:42 > 19:33]
L-BFGS:  28%|██▊       | 276/1000 [52:15 > 19:37]
L-BFGS:  28%|██▊       | 277/1000 [52:40 > 19:42]
L-BFGS:  28%|██▊       | 278/1000 [52:16 > 19:46]
L-BFGS:  28%|██▊       | 279/1000 [52:09 > 19:51]
L-BFGS:  28%|██▊       | 280/1000 [51:56 > 19:55]
L-BFGS:  28%|██▊       | 281/1000 [51:41 > 19:59]
L-BFGS:  28%|██▊       | 282/1000 [51:30 > 20:03]
L-BFGS:  28%|██▊       | 283/1000 [51:55 > 20:08]
L-BFGS:  28%|██▊       | 284/1000 [51:13 > 20:12]
L-BFGS:  28%|██▊       | 285/1000 [50:40 > 20:16]
L-BFGS:  29%|██▊       | 286/1000 [50:22 > 20:20]
L-BFGS:  29%|██▊       | 287/1000 [50:33 > 20:25]
L-BFGS:  29%|██▉       | 288/1000 [50:05 > 20:29]
L-BFGS:  29%|██▉       | 289/1000 [49:43 > 20:33]
L-BFGS:  29%|██▉       | 290/1000 [50:01 > 20:37]
L-BFGS:  29%|██▉       | 291/1000 [49:42 > 20:41]
L-BFGS:  29%|██▉       | 292/1000 [50:03 > 20:46]
L-BFGS:  29%|██▉       | 293/1000 [49:35 > 20:50]
L-BFGS:  29%|██▉       | 294/1000 [49:54 > 20:54]
L-BFGS:  30%|██▉       | 295/1000 [50:05 > 20:58]
L-BFGS:  30%|██▉       | 296/1000 [50:15 > 21:03]
L-BFGS:  30%|██▉       | 297/1000 [50:19 > 21:07]
L-BFGS:  30%|██▉       | 298/1000 [50:19 > 21:11]
L-BFGS:  30%|██▉       | 299/1000 [50:14 > 21:16]
L-BFGS:  30%|███       | 300/1000 [49:39 > 21:20]
L-BFGS:  30%|███       | 301/1000 [49:49 > 21:24]
L-BFGS:  30%|███       | 302/1000 [49:36 > 21:28]
L-BFGS:  30%|███       | 303/1000 [49:30 > 21:33]
L-BFGS:  30%|███       | 304/1000 [49:30 > 21:37]
L-BFGS:  30%|███       | 305/1000 [49:34 > 21:41]
L-BFGS:  31%|███       | 306/1000 [49:35 > 21:46]
L-BFGS:  31%|███       | 307/1000 [49:33 > 21:50]
L-BFGS:  31%|███       | 308/1000 [50:02 > 21:54]
L-BFGS:  31%|███       | 309/1000 [49:45 > 21:59]
L-BFGS:  31%|███       | 310/1000 [50:15 > 22:03]
L-BFGS:  31%|███       | 311/1000 [50:29 > 22:08]
L-BFGS:  31%|███       | 312/1000 [50:38 > 22:12]
L-BFGS:  31%|███▏      | 313/1000 [49:46 > 22:16]
L-BFGS:  31%|███▏      | 314/1000 [49:35 > 22:21]
L-BFGS:  32%|███▏      | 315/1000 [48:52 > 22:25]
L-BFGS:  32%|███▏      | 316/1000 [48:54 > 22:29]
L-BFGS:  32%|███▏      | 317/1000 [48:52 > 22:33]
L-BFGS:  32%|███▏      | 318/1000 [48:57 > 22:38]
L-BFGS:  32%|███▏      | 319/1000 [48:17 > 22:42]
L-BFGS:  32%|███▏      | 320/1000 [47:51 > 22:46]
L-BFGS:  32%|███▏      | 321/1000 [47:32 > 22:50]
L-BFGS:  32%|███▏      | 322/1000 [47:21 > 22:54]
L-BFGS:  32%|███▏      | 323/1000 [47:46 > 22:59]
L-BFGS:  32%|███▏      | 324/1000 [47:25 > 23:03]
L-BFGS:  32%|███▎      | 325/1000 [47:05 > 23:07]
L-BFGS:  33%|███▎      | 326/1000 [46:52 > 23:11]
L-BFGS:  33%|███▎      | 327/1000 [47:16 > 23:15]
L-BFGS:  33%|███▎      | 328/1000 [47:00 > 23:19]
L-BFGS:  33%|███▎      | 329/1000 [46:42 > 23:24]
L-BFGS:  33%|███▎      | 330/1000 [46:29 > 23:28]
L-BFGS:  33%|███▎      | 331/1000 [46:34 > 23:32]
L-BFGS:  33%|███▎      | 332/1000 [47:27 > 23:36]
L-BFGS:  33%|███▎      | 333/1000 [47:30 > 23:41]
L-BFGS:  33%|███▎      | 334/1000 [48:03 > 23:45]
L-BFGS:  34%|███▎      | 335/1000 [48:27 > 23:50]
L-BFGS:  34%|███▎      | 336/1000 [48:36 > 23:54]
L-BFGS:  34%|███▎      | 337/1000 [48:11 > 23:58]
L-BFGS:  34%|███▍      | 338/1000 [48:29 > 24:03]
L-BFGS:  34%|███▍      | 339/1000 [48:02 > 24:07]
L-BFGS:  34%|███▍      | 340/1000 [48:17 > 24:12]
L-BFGS:  34%|███▍      | 341/1000 [48:00 > 24:16]
L-BFGS:  34%|███▍      | 342/1000 [47:12 > 24:20]
L-BFGS:  34%|███▍      | 343/1000 [46:38 > 24:24]
L-BFGS:  34%|███▍      | 344/1000 [46:43 > 24:29]
L-BFGS:  34%|███▍      | 345/1000 [46:48 > 24:33]
L-BFGS:  35%|███▍      | 346/1000 [46:57 > 24:37]
L-BFGS:  35%|███▍      | 347/1000 [46:20 > 24:41]
L-BFGS:  35%|███▍      | 348/1000 [45:53 > 24:45]
L-BFGS:  35%|███▍      | 349/1000 [46:09 > 24:50]
L-BFGS:  35%|███▌      | 350/1000 [45:40 > 24:54]
L-BFGS:  35%|███▌      | 351/1000 [45:27 > 24:58]
L-BFGS:  35%|███▌      | 352/1000 [45:41 > 25:02]
L-BFGS:  35%|███▌      | 353/1000 [45:50 > 25:07]
L-BFGS:  35%|███▌      | 354/1000 [45:27 > 25:11]
L-BFGS:  36%|███▌      | 355/1000 [45:41 > 25:15]
L-BFGS:  36%|███▌      | 356/1000 [45:48 > 25:19]
L-BFGS:  36%|███▌      | 357/1000 [45:53 > 25:24]
L-BFGS:  36%|███▌      | 358/1000 [45:54 > 25:28]
L-BFGS:  36%|███▌      | 359/1000 [45:20 > 25:32]
L-BFGS:  36%|███▌      | 360/1000 [45:42 > 25:37]
L-BFGS:  36%|███▌      | 361/1000 [45:41 > 25:41]
L-BFGS:  36%|███▌      | 362/1000 [45:39 > 25:45]
L-BFGS:  36%|███▋      | 363/1000 [46:03 > 25:50]
L-BFGS:  36%|███▋      | 364/1000 [45:51 > 25:54]
L-BFGS:  36%|███▋      | 365/1000 [45:39 > 25:58]
L-BFGS:  37%|███▋      | 366/1000 [46:02 > 26:03]
L-BFGS:  37%|███▋      | 367/1000 [46:19 > 26:07]
L-BFGS:  37%|███▋      | 368/1000 [46:29 > 26:12]
L-BFGS:  37%|███▋      | 369/1000 [45:58 > 26:16]
L-BFGS:  37%|███▋      | 370/1000 [45:40 > 26:20]
L-BFGS:  37%|███▋      | 371/1000 [45:04 > 26:24]
L-BFGS:  37%|███▋      | 372/1000 [44:32 > 26:29]
L-BFGS:  37%|███▋      | 373/1000 [44:43 > 26:33]
L-BFGS:  37%|███▋      | 374/1000 [44:43 > 26:37]
L-BFGS:  38%|███▊      | 375/1000 [44:11 > 26:41]
L-BFGS:  38%|███▊      | 376/1000 [44:21 > 26:46]
L-BFGS:  38%|███▊      | 377/1000 [43:56 > 26:50]
L-BFGS:  38%|███▊      | 378/1000 [43:36 > 26:54]
L-BFGS:  38%|███▊      | 379/1000 [43:20 > 26:58]
L-BFGS:  38%|███▊      | 380/1000 [43:36 > 27:02]
L-BFGS:  38%|███▊      | 381/1000 [43:17 > 27:07]
L-BFGS:  38%|███▊      | 382/1000 [43:33 > 27:11]
L-BFGS:  38%|███▊      | 383/1000 [43:17 > 27:15]
L-BFGS:  38%|███▊      | 384/1000 [42:58 > 27:19]
L-BFGS:  38%|███▊      | 385/1000 [42:48 > 27:23]
L-BFGS:  39%|███▊      | 386/1000 [42:39 > 27:27]
L-BFGS:  39%|███▊      | 387/1000 [42:30 > 27:32]
L-BFGS:  39%|███▉      | 388/1000 [42:27 > 27:36]
L-BFGS:  39%|███▉      | 389/1000 [42:55 > 27:40]
L-BFGS:  39%|███▉      | 390/1000 [43:08 > 27:44]
L-BFGS:  39%|███▉      | 391/1000 [43:09 > 27:49]
L-BFGS:  39%|███▉      | 392/1000 [43:36 > 27:53]
L-BFGS:  39%|███▉      | 393/1000 [43:30 > 27:57]
L-BFGS:  39%|███▉      | 394/1000 [43:56 > 28:02]
L-BFGS:  40%|███▉      | 395/1000 [43:44 > 28:06]
L-BFGS:  40%|███▉      | 396/1000 [44:03 > 28:11]
L-BFGS:  40%|███▉      | 397/1000 [44:11 > 28:15]
L-BFGS:  40%|███▉      | 398/1000 [44:21 > 28:20]
L-BFGS:  40%|███▉      | 399/1000 [43:54 > 28:24]
L-BFGS:  40%|████      | 400/1000 [43:49 > 28:28]
L-BFGS:  40%|████      | 401/1000 [43:03 > 28:32]
L-BFGS:  40%|████      | 402/1000 [43:01 > 28:37]
L-BFGS:  40%|████      | 403/1000 [42:58 > 28:41]
L-BFGS:  40%|████      | 404/1000 [42:22 > 28:45]
L-BFGS:  40%|████      | 405/1000 [42:28 > 28:50]
L-BFGS:  41%|████      | 406/1000 [42:02 > 28:54]
L-BFGS:  41%|████      | 407/1000 [42:09 > 28:58]
L-BFGS:  41%|████      | 408/1000 [41:45 > 29:02]
L-BFGS:  41%|████      | 409/1000 [41:53 > 29:06]
L-BFGS:  41%|████      | 410/1000 [42:03 > 29:11]
L-BFGS:  41%|████      | 411/1000 [41:34 > 29:15]
L-BFGS:  41%|████      | 412/1000 [41:16 > 29:19]
L-BFGS:  41%|████▏     | 413/1000 [41:00 > 29:23]
L-BFGS:  41%|████▏     | 414/1000 [41:19 > 29:28]
L-BFGS:  42%|████▏     | 415/1000 [40:59 > 29:32]
L-BFGS:  42%|████▏     | 416/1000 [40:49 > 29:36]
L-BFGS:  42%|████▏     | 417/1000 [40:40 > 29:40]
L-BFGS:  42%|████▏     | 418/1000 [40:59 > 29:44]
L-BFGS:  42%|████▏     | 419/1000 [41:03 > 29:49]
L-BFGS:  42%|████▏     | 420/1000 [41:10 > 29:53]
L-BFGS:  42%|████▏     | 421/1000 [41:17 > 29:57]
L-BFGS:  42%|████▏     | 422/1000 [41:16 > 30:02]
L-BFGS:  42%|████▏     | 423/1000 [41:16 > 30:06]
L-BFGS:  42%|████▏     | 424/1000 [41:41 > 30:10]
L-BFGS:  42%|████▎     | 425/1000 [41:56 > 30:15]
L-BFGS:  43%|████▎     | 426/1000 [41:41 > 30:19]
L-BFGS:  43%|████▎     | 427/1000 [41:24 > 30:23]
L-BFGS:  43%|████▎     | 428/1000 [41:06 > 30:28]
L-BFGS:  43%|████▎     | 429/1000 [40:51 > 30:32]
L-BFGS:  43%|████▎     | 430/1000 [40:32 > 30:36]
L-BFGS:  43%|████▎     | 431/1000 [40:40 > 30:40]
L-BFGS:  43%|████▎     | 432/1000 [40:11 > 30:45]
L-BFGS:  43%|████▎     | 433/1000 [40:20 > 30:49]
L-BFGS:  43%|████▎     | 434/1000 [40:21 > 30:53]
L-BFGS:  44%|████▎     | 435/1000 [39:58 > 30:57]
L-BFGS:  44%|████▎     | 436/1000 [39:38 > 31:01]
L-BFGS:  44%|████▎     | 437/1000 [39:52 > 31:06]
L-BFGS:  44%|████▍     | 438/1000 [39:37 > 31:10]
L-BFGS:  44%|████▍     | 439/1000 [39:53 > 31:14]
L-BFGS:  44%|████▍     | 440/1000 [39:31 > 31:19]
L-BFGS:  44%|████▍     | 441/1000 [39:19 > 31:23]
L-BFGS:  44%|████▍     | 442/1000 [39:31 > 31:27]
L-BFGS:  44%|████▍     | 443/1000 [39:09 > 31:31]
L-BFGS:  44%|████▍     | 444/1000 [39:20 > 31:35]
L-BFGS:  44%|████▍     | 445/1000 [39:00 > 31:40]
L-BFGS:  45%|████▍     | 446/1000 [38:46 > 31:44]
L-BFGS:  45%|████▍     | 447/1000 [38:29 > 31:48]
L-BFGS:  45%|████▍     | 448/1000 [38:49 > 31:52]
L-BFGS:  45%|████▍     | 449/1000 [38:53 > 31:57]
L-BFGS:  45%|████▌     | 450/1000 [39:26 > 32:01]
L-BFGS:  45%|████▌     | 451/1000 [39:23 > 32:05]
L-BFGS:  45%|████▌     | 452/1000 [39:45 > 32:10]
L-BFGS:  45%|████▌     | 453/1000 [39:33 > 32:14]
L-BFGS:  45%|████▌     | 454/1000 [39:21 > 32:18]
L-BFGS:  46%|████▌     | 455/1000 [39:13 > 32:23]
L-BFGS:  46%|████▌     | 456/1000 [39:01 > 32:27]
L-BFGS:  46%|████▌     | 457/1000 [38:58 > 32:31]
L-BFGS:  46%|████▌     | 458/1000 [39:21 > 32:36]
L-BFGS:  46%|████▌     | 459/1000 [39:20 > 32:40]
L-BFGS:  46%|████▌     | 460/1000 [38:40 > 32:44]
L-BFGS:  46%|████▌     | 461/1000 [38:43 > 32:49]
L-BFGS:  46%|████▌     | 462/1000 [38:14 > 32:53]
L-BFGS:  46%|████▋     | 463/1000 [38:18 > 32:57]
L-BFGS:  46%|████▋     | 464/1000 [38:17 > 33:01]
L-BFGS:  46%|████▋     | 465/1000 [37:53 > 33:05]
L-BFGS:  47%|████▋     | 466/1000 [37:34 > 33:10]
L-BFGS:  47%|████▋     | 467/1000 [37:44 > 33:14]
L-BFGS:  47%|████▋     | 468/1000 [37:23 > 33:18]
L-BFGS:  47%|████▋     | 469/1000 [37:06 > 33:22]
L-BFGS:  47%|████▋     | 470/1000 [37:19 > 33:27]
L-BFGS:  47%|████▋     | 471/1000 [37:01 > 33:31]
L-BFGS:  47%|████▋     | 472/1000 [36:49 > 33:35]
L-BFGS:  47%|████▋     | 473/1000 [37:07 > 33:39]
L-BFGS:  47%|████▋     | 474/1000 [37:15 > 33:43]
L-BFGS:  48%|████▊     | 475/1000 [37:23 > 33:48]
L-BFGS:  48%|████▊     | 476/1000 [36:59 > 33:52]
L-BFGS:  48%|████▊     | 477/1000 [36:37 > 33:56]
L-BFGS:  48%|████▊     | 478/1000 [36:53 > 34:00]
L-BFGS:  48%|████▊     | 479/1000 [36:55 > 34:05]
L-BFGS:  48%|████▊     | 480/1000 [37:24 > 34:09]
L-BFGS:  48%|████▊     | 481/1000 [37:17 > 34:13]
L-BFGS:  48%|████▊     | 482/1000 [37:04 > 34:18]
L-BFGS:  48%|████▊     | 483/1000 [37:26 > 34:22]
L-BFGS:  48%|████▊     | 484/1000 [37:38 > 34:27]
L-BFGS:  48%|████▊     | 485/1000 [37:24 > 34:31]
L-BFGS:  49%|████▊     | 486/1000 [37:30 > 34:35]
L-BFGS:  49%|████▊     | 487/1000 [37:12 > 34:40]
L-BFGS:  49%|████▉     | 488/1000 [36:52 > 34:44]
L-BFGS:  49%|████▉     | 489/1000 [36:47 > 34:48]
L-BFGS:  49%|████▉     | 490/1000 [36:18 > 34:52]
L-BFGS:  49%|████▉     | 491/1000 [36:23 > 34:57]
L-BFGS:  49%|████▉     | 492/1000 [36:26 > 35:01]
L-BFGS:  49%|████▉     | 493/1000 [35:57 > 35:05]
L-BFGS:  49%|████▉     | 494/1000 [36:05 > 35:10]
L-BFGS:  50%|████▉     | 495/1000 [35:42 > 35:14]
L-BFGS:  50%|████▉     | 496/1000 [35:26 > 35:18]
L-BFGS:  50%|████▉     | 497/1000 [35:38 > 35:22]
L-BFGS:  50%|████▉     | 498/1000 [35:43 > 35:26]
L-BFGS:  50%|████▉     | 499/1000 [35:22 > 35:31]
L-BFGS:  50%|█████     | 500/1000 [35:04 > 35:35]
L-BFGS:  50%|█████     | 501/1000 [35:15 > 35:39]
L-BFGS:  50%|█████     | 502/1000 [34:59 > 35:43]
L-BFGS:  50%|█████     | 503/1000 [35:08 > 35:48]
L-BFGS:  50%|█████     | 504/1000 [35:19 > 35:52]
L-BFGS:  50%|█████     | 505/1000 [34:55 > 35:56]
L-BFGS:  51%|█████     | 506/1000 [35:02 > 36:00]
L-BFGS:  51%|█████     | 507/1000 [35:24 > 36:05]
L-BFGS:  51%|█████     | 508/1000 [35:18 > 36:09]
L-BFGS:  51%|█████     | 509/1000 [35:11 > 36:13]
L-BFGS:  51%|█████     | 510/1000 [35:29 > 36:18]
L-BFGS:  51%|█████     | 511/1000 [35:16 > 36:22]
L-BFGS:  51%|█████     | 512/1000 [35:07 > 36:26]
L-BFGS:  51%|█████▏    | 513/1000 [34:57 > 36:31]
L-BFGS:  51%|█████▏    | 514/1000 [34:55 > 36:35]
L-BFGS:  52%|█████▏    | 515/1000 [35:16 > 36:39]
L-BFGS:  52%|█████▏    | 516/1000 [35:28 > 36:44]
L-BFGS:  52%|█████▏    | 517/1000 [34:58 > 36:48]
L-BFGS:  52%|█████▏    | 518/1000 [34:24 > 36:52]
L-BFGS:  52%|█████▏    | 519/1000 [34:27 > 36:57]
L-BFGS:  52%|█████▏    | 520/1000 [34:05 > 37:01]
L-BFGS:  52%|█████▏    | 521/1000 [33:43 > 37:05]
L-BFGS:  52%|█████▏    | 522/1000 [33:27 > 37:09]
L-BFGS:  52%|█████▏    | 523/1000 [33:44 > 37:13]
L-BFGS:  52%|█████▏    | 524/1000 [33:50 > 37:18]
L-BFGS:  52%|█████▎    | 525/1000 [33:30 > 37:22]
L-BFGS:  53%|█████▎    | 526/1000 [33:15 > 37:26]
L-BFGS:  53%|█████▎    | 527/1000 [33:03 > 37:30]
L-BFGS:  53%|█████▎    | 528/1000 [32:51 > 37:34]
L-BFGS:  53%|█████▎    | 529/1000 [33:05 > 37:39]
L-BFGS:  53%|█████▎    | 530/1000 [33:17 > 37:43]
L-BFGS:  53%|█████▎    | 531/1000 [33:22 > 37:47]
L-BFGS:  53%|█████▎    | 532/1000 [33:22 > 37:52]
L-BFGS:  53%|█████▎    | 533/1000 [33:24 > 37:56]
L-BFGS:  53%|█████▎    | 534/1000 [33:01 > 38:00]
L-BFGS:  54%|█████▎    | 535/1000 [33:03 > 38:04]
L-BFGS:  54%|█████▎    | 536/1000 [32:51 > 38:09]
L-BFGS:  54%|█████▎    | 537/1000 [32:55 > 38:13]
L-BFGS:  54%|█████▍    | 538/1000 [33:20 > 38:17]
L-BFGS:  54%|█████▍    | 539/1000 [33:34 > 38:22]
L-BFGS:  54%|█████▍    | 540/1000 [33:45 > 38:26]
L-BFGS:  54%|█████▍    | 541/1000 [33:26 > 38:31]
L-BFGS:  54%|█████▍    | 542/1000 [33:38 > 38:35]
L-BFGS:  54%|█████▍    | 543/1000 [33:17 > 38:39]
L-BFGS:  54%|█████▍    | 544/1000 [33:03 > 38:44]
L-BFGS:  55%|█████▍    | 545/1000 [32:51 > 38:48]
L-BFGS:  55%|█████▍    | 546/1000 [32:44 > 38:52]
L-BFGS:  55%|█████▍    | 547/1000 [32:17 > 38:57]
L-BFGS:  55%|█████▍    | 548/1000 [31:55 > 39:01]
L-BFGS:  55%|█████▍    | 549/1000 [32:00 > 39:05]
L-BFGS:  55%|█████▌    | 550/1000 [31:43 > 39:09]
L-BFGS:  55%|█████▌    | 551/1000 [31:26 > 39:13]
L-BFGS:  55%|█████▌    | 552/1000 [31:37 > 39:18]
L-BFGS:  55%|█████▌    | 553/1000 [31:19 > 39:22]
L-BFGS:  55%|█████▌    | 554/1000 [31:09 > 39:26]
L-BFGS:  56%|█████▌    | 555/1000 [31:02 > 39:30]
L-BFGS:  56%|█████▌    | 556/1000 [30:52 > 39:34]
L-BFGS:  56%|█████▌    | 557/1000 [31:08 > 39:39]
L-BFGS:  56%|█████▌    | 558/1000 [30:56 > 39:43]
L-BFGS:  56%|█████▌    | 559/1000 [31:07 > 39:47]
L-BFGS:  56%|█████▌    | 560/1000 [30:54 > 39:51]
L-BFGS:  56%|█████▌    | 561/1000 [31:02 > 39:55]
L-BFGS:  56%|█████▌    | 562/1000 [31:07 > 40:00]
L-BFGS:  56%|█████▋    | 563/1000 [31:08 > 40:04]
L-BFGS:  56%|█████▋    | 564/1000 [30:46 > 40:08]
L-BFGS:  56%|█████▋    | 565/1000 [30:40 > 40:12]
L-BFGS:  57%|█████▋    | 566/1000 [31:05 > 40:17]
L-BFGS:  57%|█████▋    | 567/1000 [31:23 > 40:21]
L-BFGS:  57%|█████▋    | 568/1000 [31:13 > 40:26]
L-BFGS:  57%|█████▋    | 569/1000 [31:00 > 40:30]
L-BFGS:  57%|█████▋    | 570/1000 [30:55 > 40:34]
L-BFGS:  57%|█████▋    | 571/1000 [30:46 > 40:39]
L-BFGS:  57%|█████▋    | 572/1000 [31:01 > 40:43]
L-BFGS:  57%|█████▋    | 573/1000 [31:07 > 40:47]
L-BFGS:  57%|█████▋    | 574/1000 [30:54 > 40:52]
L-BFGS:  57%|█████▊    | 575/1000 [31:05 > 40:56]
L-BFGS:  58%|█████▊    | 576/1000 [30:59 > 41:01]
L-BFGS:  58%|█████▊    | 577/1000 [30:45 > 41:05]
L-BFGS:  58%|█████▊    | 578/1000 [30:35 > 41:09]
L-BFGS:  58%|█████▊    | 579/1000 [30:25 > 41:13]
L-BFGS:  58%|█████▊    | 580/1000 [30:20 > 41:18]
L-BFGS:  58%|█████▊    | 581/1000 [30:11 > 41:22]
L-BFGS:  58%|█████▊    | 582/1000 [30:08 > 41:26]
L-BFGS:  58%|█████▊    | 583/1000 [29:42 > 41:31]
L-BFGS:  58%|█████▊    | 584/1000 [29:42 > 41:35]
L-BFGS:  58%|█████▊    | 585/1000 [29:21 > 41:39]
L-BFGS:  59%|█████▊    | 586/1000 [29:27 > 41:43]
L-BFGS:  59%|█████▊    | 587/1000 [29:08 > 41:48]
L-BFGS:  59%|█████▉    | 588/1000 [28:52 > 41:52]
L-BFGS:  59%|█████▉    | 589/1000 [28:42 > 41:56]
L-BFGS:  59%|█████▉    | 590/1000 [28:32 > 42:00]
L-BFGS:  59%|█████▉    | 591/1000 [28:24 > 42:04]
L-BFGS:  59%|█████▉    | 592/1000 [28:16 > 42:08]
L-BFGS:  59%|█████▉    | 593/1000 [28:11 > 42:12]
L-BFGS:  59%|█████▉    | 594/1000 [28:30 > 42:17]
L-BFGS:  60%|█████▉    | 595/1000 [28:34 > 42:21]
L-BFGS:  60%|█████▉    | 596/1000 [28:59 > 42:26]
L-BFGS:  60%|█████▉    | 597/1000 [28:51 > 42:30]
L-BFGS:  60%|█████▉    | 598/1000 [28:49 > 42:34]
L-BFGS:  60%|█████▉    | 599/1000 [28:43 > 42:38]
L-BFGS:  60%|██████    | 600/1000 [28:38 > 42:43]
L-BFGS:  60%|██████    | 601/1000 [28:34 > 42:47]
L-BFGS:  60%|██████    | 602/1000 [28:51 > 42:51]
L-BFGS:  60%|██████    | 603/1000 [29:06 > 42:56]
L-BFGS:  60%|██████    | 604/1000 [29:08 > 43:00]
L-BFGS:  60%|██████    | 605/1000 [28:54 > 43:05]
L-BFGS:  61%|██████    | 606/1000 [28:19 > 43:09]
L-BFGS:  61%|██████    | 607/1000 [27:55 > 43:13]
L-BFGS:  61%|██████    | 608/1000 [27:40 > 43:17]
L-BFGS:  61%|██████    | 609/1000 [27:26 > 43:21]
L-BFGS:  61%|██████    | 610/1000 [27:17 > 43:26]
L-BFGS:  61%|██████    | 611/1000 [27:25 > 43:30]
L-BFGS:  61%|██████    | 612/1000 [27:12 > 43:34]
L-BFGS:  61%|██████▏   | 613/1000 [27:21 > 43:38]
L-BFGS:  61%|██████▏   | 614/1000 [27:10 > 43:42]
L-BFGS:  62%|██████▏   | 615/1000 [27:15 > 43:47]
L-BFGS:  62%|██████▏   | 616/1000 [26:58 > 43:51]
L-BFGS:  62%|██████▏   | 617/1000 [26:45 > 43:55]
L-BFGS:  62%|██████▏   | 618/1000 [26:54 > 43:59]
L-BFGS:  62%|██████▏   | 619/1000 [27:00 > 44:04]
L-BFGS:  62%|██████▏   | 620/1000 [26:43 > 44:08]
L-BFGS:  62%|██████▏   | 621/1000 [26:49 > 44:12]
L-BFGS:  62%|██████▏   | 622/1000 [26:32 > 44:16]
L-BFGS:  62%|██████▏   | 623/1000 [26:22 > 44:20]
L-BFGS:  62%|██████▏   | 624/1000 [26:30 > 44:25]
L-BFGS:  62%|██████▎   | 625/1000 [26:53 > 44:29]
L-BFGS:  63%|██████▎   | 626/1000 [26:49 > 44:34]
L-BFGS:  63%|██████▎   | 627/1000 [27:04 > 44:38]
L-BFGS:  63%|██████▎   | 628/1000 [26:54 > 44:42]
L-BFGS:  63%|██████▎   | 629/1000 [26:36 > 44:47]
L-BFGS:  63%|██████▎   | 630/1000 [26:34 > 44:51]
L-BFGS:  63%|██████▎   | 631/1000 [26:46 > 44:55]
L-BFGS:  63%|██████▎   | 632/1000 [26:37 > 45:00]
L-BFGS:  63%|██████▎   | 633/1000 [26:44 > 45:04]
L-BFGS:  63%|██████▎   | 634/1000 [26:44 > 45:08]
L-BFGS:  64%|██████▎   | 635/1000 [26:31 > 45:13]
L-BFGS:  64%|██████▎   | 636/1000 [26:22 > 45:17]
L-BFGS:  64%|██████▎   | 637/1000 [26:13 > 45:21]
L-BFGS:  64%|██████▍   | 638/1000 [26:07 > 45:26]
L-BFGS:  64%|██████▍   | 639/1000 [26:02 > 45:30]
L-BFGS:  64%|██████▍   | 640/1000 [25:58 > 45:34]
L-BFGS:  64%|██████▍   | 641/1000 [25:56 > 45:39]
L-BFGS:  64%|██████▍   | 642/1000 [25:31 > 45:43]
L-BFGS:  64%|██████▍   | 643/1000 [25:14 > 45:47]
L-BFGS:  64%|██████▍   | 644/1000 [25:19 > 45:51]
L-BFGS:  64%|██████▍   | 645/1000 [25:03 > 45:56]
L-BFGS:  65%|██████▍   | 646/1000 [24:51 > 46:00]
L-BFGS:  65%|██████▍   | 647/1000 [24:41 > 46:04]
L-BFGS:  65%|██████▍   | 648/1000 [24:47 > 46:08]
L-BFGS:  65%|██████▍   | 649/1000 [24:32 > 46:12]
L-BFGS:  65%|██████▌   | 650/1000 [24:26 > 46:16]
L-BFGS:  65%|██████▌   | 651/1000 [24:17 > 46:21]
L-BFGS:  65%|██████▌   | 652/1000 [24:26 > 46:25]
L-BFGS:  65%|██████▌   | 653/1000 [24:43 > 46:29]
L-BFGS:  65%|██████▌   | 654/1000 [24:43 > 46:34]
L-BFGS:  66%|██████▌   | 655/1000 [24:56 > 46:38]
L-BFGS:  66%|██████▌   | 656/1000 [25:05 > 46:43]
L-BFGS:  66%|██████▌   | 657/1000 [25:10 > 46:47]
L-BFGS:  66%|██████▌   | 658/1000 [24:54 > 46:51]
L-BFGS:  66%|██████▌   | 659/1000 [24:42 > 46:56]
L-BFGS:  66%|██████▌   | 660/1000 [24:32 > 47:00]
L-BFGS:  66%|██████▌   | 661/1000 [24:41 > 47:04]
L-BFGS:  66%|██████▌   | 662/1000 [24:25 > 47:09]
L-BFGS:  66%|██████▋   | 663/1000 [24:32 > 47:13]
L-BFGS:  66%|██████▋   | 664/1000 [24:24 > 47:17]
L-BFGS:  66%|██████▋   | 665/1000 [24:15 > 47:22]
L-BFGS:  67%|██████▋   | 666/1000 [24:07 > 47:26]
L-BFGS:  67%|██████▋   | 667/1000 [24:01 > 47:30]
L-BFGS:  67%|██████▋   | 668/1000 [23:55 > 47:35]
L-BFGS:  67%|██████▋   | 669/1000 [23:33 > 47:39]
L-BFGS:  67%|██████▋   | 670/1000 [23:19 > 47:43]
L-BFGS:  67%|██████▋   | 671/1000 [23:22 > 47:47]
L-BFGS:  67%|██████▋   | 672/1000 [23:06 > 47:51]
L-BFGS:  67%|██████▋   | 673/1000 [23:11 > 47:56]
L-BFGS:  67%|██████▋   | 674/1000 [23:12 > 48:00]
L-BFGS:  68%|██████▊   | 675/1000 [23:13 > 48:04]
L-BFGS:  68%|██████▊   | 676/1000 [22:54 > 48:09]
L-BFGS:  68%|██████▊   | 677/1000 [22:58 > 48:13]
L-BFGS:  68%|██████▊   | 678/1000 [22:57 > 48:17]
L-BFGS:  68%|██████▊   | 679/1000 [22:42 > 48:21]
L-BFGS:  68%|██████▊   | 680/1000 [22:27 > 48:25]
L-BFGS:  68%|██████▊   | 681/1000 [22:17 > 48:30]
L-BFGS:  68%|██████▊   | 682/1000 [22:32 > 48:34]
L-BFGS:  68%|██████▊   | 683/1000 [22:49 > 48:38]
L-BFGS:  68%|██████▊   | 684/1000 [22:44 > 48:43]
L-BFGS:  68%|██████▊   | 685/1000 [22:36 > 48:47]
L-BFGS:  69%|██████▊   | 686/1000 [22:28 > 48:51]
L-BFGS:  69%|██████▊   | 687/1000 [22:40 > 48:56]
L-BFGS:  69%|██████▉   | 688/1000 [22:31 > 49:00]
L-BFGS:  69%|██████▉   | 689/1000 [22:24 > 49:04]
L-BFGS:  69%|██████▉   | 690/1000 [22:34 > 49:09]
L-BFGS:  69%|██████▉   | 691/1000 [22:39 > 49:13]
L-BFGS:  69%|██████▉   | 692/1000 [22:24 > 49:18]
L-BFGS:  69%|██████▉   | 693/1000 [22:01 > 49:22]
L-BFGS:  69%|██████▉   | 694/1000 [21:41 > 49:26]
L-BFGS:  70%|██████▉   | 695/1000 [21:28 > 49:30]
L-BFGS:  70%|██████▉   | 696/1000 [21:16 > 49:34]
L-BFGS:  70%|██████▉   | 697/1000 [21:06 > 49:38]
L-BFGS:  70%|██████▉   | 698/1000 [21:01 > 49:43]
L-BFGS:  70%|██████▉   | 699/1000 [21:10 > 49:47]
L-BFGS:  70%|███████   | 700/1000 [21:13 > 49:51]
L-BFGS:  70%|███████   | 701/1000 [21:01 > 49:55]
L-BFGS:  70%|███████   | 702/1000 [21:04 > 50:00]
L-BFGS:  70%|███████   | 703/1000 [21:05 > 50:04]
L-BFGS:  70%|███████   | 704/1000 [21:08 > 50:08]
L-BFGS:  70%|███████   | 705/1000 [20:50 > 50:12]
L-BFGS:  71%|███████   | 706/1000 [20:54 > 50:17]
L-BFGS:  71%|███████   | 707/1000 [20:38 > 50:21]
L-BFGS:  71%|███████   | 708/1000 [20:26 > 50:25]
L-BFGS:  71%|███████   | 709/1000 [20:33 > 50:29]
L-BFGS:  71%|███████   | 710/1000 [20:21 > 50:33]
L-BFGS:  71%|███████   | 711/1000 [20:16 > 50:38]
L-BFGS:  71%|███████   | 712/1000 [20:20 > 50:42]
L-BFGS:  71%|███████▏  | 713/1000 [20:34 > 50:46]
L-BFGS:  71%|███████▏  | 714/1000 [20:28 > 50:51]
L-BFGS:  72%|███████▏  | 715/1000 [20:23 > 50:55]
L-BFGS:  72%|███████▏  | 716/1000 [20:32 > 50:59]
L-BFGS:  72%|███████▏  | 717/1000 [20:23 > 51:04]
L-BFGS:  72%|███████▏  | 718/1000 [20:33 > 51:08]
L-BFGS:  72%|███████▏  | 719/1000 [20:34 > 51:13]
L-BFGS:  72%|███████▏  | 720/1000 [20:36 > 51:17]
L-BFGS:  72%|███████▏  | 721/1000 [20:19 > 51:21]
L-BFGS:  72%|███████▏  | 722/1000 [20:01 > 51:26]
L-BFGS:  72%|███████▏  | 723/1000 [19:42 > 51:30]
L-BFGS:  72%|███████▏  | 724/1000 [19:30 > 51:34]
L-BFGS:  72%|███████▎  | 725/1000 [19:20 > 51:38]
L-BFGS:  73%|███████▎  | 726/1000 [19:22 > 51:42]
L-BFGS:  73%|███████▎  | 727/1000 [19:24 > 51:47]
L-BFGS:  73%|███████▎  | 728/1000 [19:11 > 51:51]
L-BFGS:  73%|███████▎  | 729/1000 [19:00 > 51:55]
L-BFGS:  73%|███████▎  | 730/1000 [18:51 > 51:59]
L-BFGS:  73%|███████▎  | 731/1000 [18:44 > 52:03]
L-BFGS:  73%|███████▎  | 732/1000 [18:37 > 52:07]
L-BFGS:  73%|███████▎  | 733/1000 [18:31 > 52:12]
L-BFGS:  73%|███████▎  | 734/1000 [18:38 > 52:16]
L-BFGS:  74%|███████▎  | 735/1000 [18:42 > 52:20]
L-BFGS:  74%|███████▎  | 736/1000 [18:44 > 52:25]
L-BFGS:  74%|███████▎  | 737/1000 [18:30 > 52:29]
L-BFGS:  74%|███████▍  | 738/1000 [18:33 > 52:33]
L-BFGS:  74%|███████▍  | 739/1000 [18:20 > 52:37]
L-BFGS:  74%|███████▍  | 740/1000 [18:11 > 52:41]
L-BFGS:  74%|███████▍  | 741/1000 [18:30 > 52:46]
L-BFGS:  74%|███████▍  | 742/1000 [18:26 > 52:50]
L-BFGS:  74%|███████▍  | 743/1000 [18:21 > 52:54]
L-BFGS:  74%|███████▍  | 744/1000 [18:16 > 52:59]
L-BFGS:  74%|███████▍  | 745/1000 [18:13 > 53:03]
L-BFGS:  75%|███████▍  | 746/1000 [18:23 > 53:07]
L-BFGS:  75%|███████▍  | 747/1000 [18:27 > 53:12]
L-BFGS:  75%|███████▍  | 748/1000 [18:18 > 53:16]
L-BFGS:  75%|███████▍  | 749/1000 [18:07 > 53:20]
L-BFGS:  75%|███████▌  | 750/1000 [18:12 > 53:25]
L-BFGS:  75%|███████▌  | 751/1000 [18:10 > 53:29]
L-BFGS:  75%|███████▌  | 752/1000 [18:00 > 53:34]
L-BFGS:  75%|███████▌  | 753/1000 [17:40 > 53:38]
L-BFGS:  75%|███████▌  | 754/1000 [17:26 > 53:42]
L-BFGS:  76%|███████▌  | 755/1000 [17:27 > 53:46]
L-BFGS:  76%|███████▌  | 756/1000 [17:12 > 53:50]
L-BFGS:  76%|███████▌  | 757/1000 [17:14 > 53:55]
L-BFGS:  76%|███████▌  | 758/1000 [17:03 > 53:59]
L-BFGS:  76%|███████▌  | 759/1000 [16:55 > 54:03]
L-BFGS:  76%|███████▌  | 760/1000 [16:46 > 54:07]
L-BFGS:  76%|███████▌  | 761/1000 [16:38 > 54:11]
L-BFGS:  76%|███████▌  | 762/1000 [16:32 > 54:15]
L-BFGS:  76%|███████▋  | 763/1000 [16:27 > 54:20]
L-BFGS:  76%|███████▋  | 764/1000 [16:21 > 54:24]
L-BFGS:  76%|███████▋  | 765/1000 [16:29 > 54:28]
L-BFGS:  77%|███████▋  | 766/1000 [16:19 > 54:32]
L-BFGS:  77%|███████▋  | 767/1000 [16:24 > 54:37]
L-BFGS:  77%|███████▋  | 768/1000 [16:26 > 54:41]
L-BFGS:  77%|███████▋  | 769/1000 [16:14 > 54:45]
L-BFGS:  77%|███████▋  | 770/1000 [16:24 > 54:49]
L-BFGS:  77%|███████▋  | 771/1000 [16:19 > 54:54]
L-BFGS:  77%|███████▋  | 772/1000 [16:17 > 54:58]
L-BFGS:  77%|███████▋  | 773/1000 [16:25 > 55:02]
L-BFGS:  77%|███████▋  | 774/1000 [16:31 > 55:07]
L-BFGS:  78%|███████▊  | 775/1000 [16:20 > 55:11]
L-BFGS:  78%|███████▊  | 776/1000 [16:11 > 55:16]
L-BFGS:  78%|███████▊  | 777/1000 [16:16 > 55:20]
L-BFGS:  78%|███████▊  | 778/1000 [16:06 > 55:24]
L-BFGS:  78%|███████▊  | 779/1000 [15:56 > 55:29]
L-BFGS:  78%|███████▊  | 780/1000 [15:48 > 55:33]
L-BFGS:  78%|███████▊  | 781/1000 [15:33 > 55:37]
L-BFGS:  78%|███████▊  | 782/1000 [15:21 > 55:41]
L-BFGS:  78%|███████▊  | 783/1000 [15:22 > 55:45]
L-BFGS:  78%|███████▊  | 784/1000 [15:11 > 55:50]
L-BFGS:  78%|███████▊  | 785/1000 [15:13 > 55:54]
L-BFGS:  79%|███████▊  | 786/1000 [15:14 > 55:58]
L-BFGS:  79%|███████▊  | 787/1000 [15:13 > 56:03]
L-BFGS:  79%|███████▉  | 788/1000 [15:10 > 56:07]
L-BFGS:  79%|███████▉  | 789/1000 [15:06 > 56:11]
L-BFGS:  79%|███████▉  | 790/1000 [15:02 > 56:15]
L-BFGS:  79%|███████▉  | 791/1000 [14:47 > 56:20]
L-BFGS:  79%|███████▉  | 792/1000 [14:36 > 56:24]
L-BFGS:  79%|███████▉  | 793/1000 [14:37 > 56:28]
L-BFGS:  79%|███████▉  | 794/1000 [14:26 > 56:32]
L-BFGS:  80%|███████▉  | 795/1000 [14:19 > 56:36]
L-BFGS:  80%|███████▉  | 796/1000 [14:23 > 56:41]
L-BFGS:  80%|███████▉  | 797/1000 [14:24 > 56:45]
L-BFGS:  80%|███████▉  | 798/1000 [14:12 > 56:49]
L-BFGS:  80%|███████▉  | 799/1000 [14:07 > 56:53]
L-BFGS:  80%|████████  | 800/1000 [14:09 > 56:58]
L-BFGS:  80%|████████  | 801/1000 [14:07 > 57:02]
L-BFGS:  80%|████████  | 802/1000 [14:15 > 57:06]
L-BFGS:  80%|████████  | 803/1000 [14:19 > 57:11]
L-BFGS:  80%|████████  | 804/1000 [14:20 > 57:15]
L-BFGS:  80%|████████  | 805/1000 [14:20 > 57:20]
L-BFGS:  81%|████████  | 806/1000 [14:08 > 57:24]
L-BFGS:  81%|████████  | 807/1000 [14:00 > 57:28]
L-BFGS:  81%|████████  | 808/1000 [13:51 > 57:33]
L-BFGS:  81%|████████  | 809/1000 [13:45 > 57:37]
L-BFGS:  81%|████████  | 810/1000 [13:42 > 57:41]
L-BFGS:  81%|████████  | 811/1000 [13:37 > 57:46]
L-BFGS:  81%|████████  | 812/1000 [13:32 > 57:50]
L-BFGS:  81%|████████▏ | 813/1000 [13:17 > 57:54]
L-BFGS:  81%|████████▏ | 814/1000 [13:08 > 57:58]
L-BFGS:  82%|████████▏ | 815/1000 [13:00 > 58:02]
L-BFGS:  82%|████████▏ | 816/1000 [12:51 > 58:06]
L-BFGS:  82%|████████▏ | 817/1000 [12:54 > 58:11]
L-BFGS:  82%|████████▏ | 818/1000 [12:45 > 58:15]
L-BFGS:  82%|████████▏ | 819/1000 [12:37 > 58:19]
L-BFGS:  82%|████████▏ | 820/1000 [12:31 > 58:23]
L-BFGS:  82%|████████▏ | 821/1000 [12:27 > 58:27]
L-BFGS:  82%|████████▏ | 822/1000 [12:22 > 58:32]
L-BFGS:  82%|████████▏ | 823/1000 [12:25 > 58:36]
L-BFGS:  82%|████████▏ | 824/1000 [12:18 > 58:40]
L-BFGS:  82%|████████▎ | 825/1000 [12:21 > 58:44]
L-BFGS:  83%|████████▎ | 826/1000 [12:12 > 58:49]
L-BFGS:  83%|████████▎ | 827/1000 [12:05 > 58:53]
L-BFGS:  83%|████████▎ | 828/1000 [11:59 > 58:57]
L-BFGS:  83%|████████▎ | 829/1000 [12:09 > 59:01]
L-BFGS:  83%|████████▎ | 830/1000 [12:14 > 59:06]
L-BFGS:  83%|████████▎ | 831/1000 [12:09 > 59:10]
L-BFGS:  83%|████████▎ | 832/1000 [12:03 > 59:14]
L-BFGS:  83%|████████▎ | 833/1000 [12:07 > 59:19]
L-BFGS:  83%|████████▎ | 834/1000 [12:09 > 59:23]
L-BFGS:  84%|████████▎ | 835/1000 [12:00 > 59:28]
L-BFGS:  84%|████████▎ | 836/1000 [12:00 > 59:32]
L-BFGS:  84%|████████▎ | 837/1000 [12:00 > 59:37]
L-BFGS:  84%|████████▍ | 838/1000 [11:50 > 59:41]
L-BFGS:  84%|████████▍ | 839/1000 [11:36 > 59:45]
L-BFGS:  84%|████████▍ | 840/1000 [11:31 > 59:49]
L-BFGS:  84%|████████▍ | 841/1000 [11:20 > 59:54]
L-BFGS:  84%|████████▍ | 842/1000 [11:09 > 59:58]
L-BFGS:  84%|████████▍ | 843/1000 [11:09 > 1:00:02]
L-BFGS:  84%|████████▍ | 844/1000 [11:00 > 1:00:06]
L-BFGS:  84%|████████▍ | 845/1000 [10:51 > 1:00:10]
L-BFGS:  85%|████████▍ | 846/1000 [10:46 > 1:00:14]
L-BFGS:  85%|████████▍ | 847/1000 [10:46 > 1:00:19]
L-BFGS:  85%|████████▍ | 848/1000 [10:46 > 1:00:23]
L-BFGS:  85%|████████▍ | 849/1000 [10:45 > 1:00:27]
L-BFGS:  85%|████████▌ | 850/1000 [10:35 > 1:00:32]
L-BFGS:  85%|████████▌ | 851/1000 [10:34 > 1:00:36]
L-BFGS:  85%|████████▌ | 852/1000 [10:32 > 1:00:40]
L-BFGS:  85%|████████▌ | 853/1000 [10:30 > 1:00:45]
L-BFGS:  85%|████████▌ | 854/1000 [10:27 > 1:00:49]
L-BFGS:  86%|████████▌ | 855/1000 [10:24 > 1:00:53]
L-BFGS:  86%|████████▌ | 856/1000 [10:19 > 1:00:57]
L-BFGS:  86%|████████▌ | 857/1000 [10:10 > 1:01:02]
L-BFGS:  86%|████████▌ | 858/1000 [10:07 > 1:01:06]
L-BFGS:  86%|████████▌ | 859/1000 [10:11 > 1:01:10]
L-BFGS:  86%|████████▌ | 860/1000 [10:04 > 1:01:15]
L-BFGS:  86%|████████▌ | 861/1000 [10:07 > 1:01:19]
L-BFGS:  86%|████████▌ | 862/1000 [09:59 > 1:01:23]
L-BFGS:  86%|████████▋ | 863/1000 [09:53 > 1:01:28]
L-BFGS:  86%|████████▋ | 864/1000 [09:46 > 1:01:32]
L-BFGS:  86%|████████▋ | 865/1000 [09:41 > 1:01:36]
L-BFGS:  87%|████████▋ | 866/1000 [09:43 > 1:01:41]
L-BFGS:  87%|████████▋ | 867/1000 [09:37 > 1:01:45]
L-BFGS:  87%|████████▋ | 868/1000 [09:27 > 1:01:49]
L-BFGS:  87%|████████▋ | 869/1000 [09:16 > 1:01:53]
L-BFGS:  87%|████████▋ | 870/1000 [09:09 > 1:01:58]
L-BFGS:  87%|████████▋ | 871/1000 [09:02 > 1:02:02]
L-BFGS:  87%|████████▋ | 872/1000 [08:55 > 1:02:06]
L-BFGS:  87%|████████▋ | 873/1000 [08:49 > 1:02:10]
L-BFGS:  87%|████████▋ | 874/1000 [08:45 > 1:02:14]
L-BFGS:  88%|████████▊ | 875/1000 [08:47 > 1:02:19]
L-BFGS:  88%|████████▊ | 876/1000 [08:46 > 1:02:23]
L-BFGS:  88%|████████▊ | 877/1000 [06:54 > 1:02:24]
L-BFGS:  88%|████████▊ | 878/1000 [07:20 > 1:02:28]
L-BFGS:  88%|████████▊ | 879/1000 [07:42 > 1:02:33]
L-BFGS:  88%|████████▊ | 880/1000 [07:50 > 1:02:37]
L-BFGS:  88%|████████▊ | 881/1000 [07:54 > 1:02:41]
L-BFGS:  88%|████████▊ | 882/1000 [08:02 > 1:02:45]
L-BFGS:  88%|████████▊ | 883/1000 [08:05 > 1:02:50]
L-BFGS:  88%|████████▊ | 884/1000 [08:01 > 1:02:54]
L-BFGS:  88%|████████▊ | 885/1000 [05:50 > 1:02:54]
L-BFGS:  89%|████████▊ | 886/1000 [06:25 > 1:02:58]
L-BFGS:  89%|████████▊ | 887/1000 [06:52 > 1:03:03]
L-BFGS:  89%|████████▉ | 888/1000 [07:14 > 1:03:07]
L-BFGS:  89%|████████▉ | 889/1000 [07:24 > 1:03:11]
L-BFGS:  89%|████████▉ | 890/1000 [07:35 > 1:03:16]
L-BFGS:  89%|████████▉ | 891/1000 [07:41 > 1:03:20]
L-BFGS:  89%|████████▉ | 892/1000 [07:39 > 1:03:25]
L-BFGS:  89%|████████▉ | 893/1000 [07:42 > 1:03:29]
L-BFGS:  89%|████████▉ | 894/1000 [07:37 > 1:03:33]
L-BFGS:  90%|████████▉ | 895/1000 [07:37 > 1:03:38]
L-BFGS:  90%|████████▉ | 896/1000 [07:31 > 1:03:42]
L-BFGS:  90%|████████▉ | 897/1000 [07:25 > 1:03:46]
L-BFGS:  90%|████████▉ | 898/1000 [06:32 > 1:03:49]
L-BFGS:  90%|████████▉ | 899/1000 [06:46 > 1:03:54]
L-BFGS:  90%|█████████ | 900/1000 [06:50 > 1:03:58]
L-BFGS:  90%|█████████ | 901/1000 [06:47 > 1:04:02]
L-BFGS:  90%|█████████ | 902/1000 [06:44 > 1:04:06]
L-BFGS:  90%|█████████ | 903/1000 [06:41 > 1:04:10]
L-BFGS:  90%|█████████ | 904/1000 [06:42 > 1:04:15]
L-BFGS:  90%|█████████ | 905/1000 [04:47 > 1:04:15]
L-BFGS:  91%|█████████ | 906/1000 [05:21 > 1:04:19]
L-BFGS:  91%|█████████ | 907/1000 [05:38 > 1:04:23]
L-BFGS:  91%|█████████ | 908/1000 [05:49 > 1:04:28]
L-BFGS:  91%|█████████ | 909/1000 [05:59 > 1:04:32]
L-BFGS:  91%|█████████ | 910/1000 [06:05 > 1:04:36]
L-BFGS:  91%|█████████ | 911/1000 [06:03 > 1:04:40]
L-BFGS:  91%|█████████ | 912/1000 [06:01 > 1:04:45]
L-BFGS:  91%|█████████▏| 913/1000 [05:58 > 1:04:49]
L-BFGS:  91%|█████████▏| 914/1000 [05:55 > 1:04:53]
L-BFGS:  92%|█████████▏| 915/1000 [05:55 > 1:04:57]
L-BFGS:  92%|█████████▏| 916/1000 [05:51 > 1:05:01]
L-BFGS:  92%|█████████▏| 917/1000 [05:50 > 1:05:06]
L-BFGS:  92%|█████████▏| 918/1000 [05:47 > 1:05:10]
L-BFGS:  92%|█████████▏| 919/1000 [05:48 > 1:05:14]
L-BFGS:  92%|█████████▏| 920/1000 [05:44 > 1:05:19]
L-BFGS:  92%|█████████▏| 921/1000 [05:43 > 1:05:23]
L-BFGS:  92%|█████████▏| 922/1000 [05:41 > 1:05:28]
L-BFGS:  92%|█████████▏| 923/1000 [05:35 > 1:05:32]
L-BFGS:  92%|█████████▏| 924/1000 [05:33 > 1:05:36]
L-BFGS:  92%|█████████▎| 925/1000 [05:27 > 1:05:41]
L-BFGS:  93%|█████████▎| 926/1000 [05:25 > 1:05:45]
L-BFGS:  93%|█████████▎| 927/1000 [05:22 > 1:05:50]
L-BFGS:  93%|█████████▎| 928/1000 [05:15 > 1:05:54]
L-BFGS:  93%|█████████▎| 929/1000 [05:07 > 1:05:58]
L-BFGS:  93%|█████████▎| 930/1000 [05:02 > 1:06:02]
L-BFGS:  93%|█████████▎| 931/1000 [04:58 > 1:06:07]
L-BFGS:  93%|█████████▎| 932/1000 [04:50 > 1:06:11]
L-BFGS:  93%|█████████▎| 933/1000 [04:43 > 1:06:15]
L-BFGS:  93%|█████████▎| 934/1000 [04:40 > 1:06:19]
L-BFGS:  94%|█████████▎| 935/1000 [04:34 > 1:06:23]
L-BFGS:  94%|█████████▎| 936/1000 [04:32 > 1:06:28]
L-BFGS:  94%|█████████▎| 937/1000 [04:25 > 1:06:32]
L-BFGS:  94%|█████████▍| 938/1000 [04:20 > 1:06:36]
L-BFGS:  94%|█████████▍| 939/1000 [04:15 > 1:06:40]
L-BFGS:  94%|█████████▍| 940/1000 [04:13 > 1:06:45]
L-BFGS:  94%|█████████▍| 941/1000 [04:10 > 1:06:49]
L-BFGS:  94%|█████████▍| 942/1000 [03:15 > 1:06:50]
L-BFGS:  94%|█████████▍| 943/1000 [03:28 > 1:06:55]
L-BFGS:  94%|█████████▍| 944/1000 [03:35 > 1:06:59]
L-BFGS:  94%|█████████▍| 945/1000 [03:39 > 1:07:03]
L-BFGS:  95%|█████████▍| 946/1000 [03:38 > 1:07:07]
L-BFGS:  95%|█████████▍| 947/1000 [03:38 > 1:07:12]
L-BFGS:  95%|█████████▍| 948/1000 [03:34 > 1:07:16]
L-BFGS:  95%|█████████▍| 949/1000 [03:33 > 1:07:20]
L-BFGS:  95%|█████████▌| 950/1000 [03:30 > 1:07:24]
L-BFGS:  95%|█████████▌| 951/1000 [03:27 > 1:07:29]
L-BFGS:  95%|█████████▌| 952/1000 [03:26 > 1:07:33]
L-BFGS:  95%|█████████▌| 953/1000 [03:21 > 1:07:37]
L-BFGS:  95%|█████████▌| 954/1000 [03:17 > 1:07:42]
L-BFGS:  96%|█████████▌| 955/1000 [03:13 > 1:07:46]
L-BFGS:  96%|█████████▌| 956/1000 [03:11 > 1:07:50]
L-BFGS:  96%|█████████▌| 957/1000 [03:08 > 1:07:55]
L-BFGS:  96%|█████████▌| 958/1000 [03:02 > 1:07:59]
L-BFGS:  96%|█████████▌| 959/1000 [02:59 > 1:08:04]
L-BFGS:  96%|█████████▌| 960/1000 [02:52 > 1:08:08]
L-BFGS:  96%|█████████▌| 961/1000 [02:46 > 1:08:12]
L-BFGS:  96%|█████████▌| 962/1000 [02:40 > 1:08:16]
L-BFGS:  96%|█████████▋| 963/1000 [02:35 > 1:08:20]
L-BFGS:  96%|█████████▋| 964/1000 [02:30 > 1:08:24]
L-BFGS:  96%|█████████▋| 965/1000 [02:26 > 1:08:29]
L-BFGS:  97%|█████████▋| 966/1000 [02:21 > 1:08:33]
L-BFGS:  97%|█████████▋| 967/1000 [02:17 > 1:08:37]
L-BFGS:  97%|█████████▋| 968/1000 [02:13 > 1:08:41]
L-BFGS:  97%|█████████▋| 969/1000 [02:10 > 1:08:45]
L-BFGS:  97%|█████████▋| 970/1000 [02:07 > 1:08:50]
L-BFGS:  97%|█████████▋| 971/1000 [02:02 > 1:08:54]
L-BFGS:  97%|█████████▋| 972/1000 [01:58 > 1:08:58]
L-BFGS:  97%|█████████▋| 973/1000 [01:55 > 1:09:02]
L-BFGS:  97%|█████████▋| 974/1000 [01:51 > 1:09:07]
L-BFGS:  98%|█████████▊| 975/1000 [01:45 > 1:09:11]
L-BFGS:  98%|█████████▊| 976/1000 [01:41 > 1:09:15]
L-BFGS:  98%|█████████▊| 977/1000 [01:37 > 1:09:19]
L-BFGS:  98%|█████████▊| 978/1000 [01:34 > 1:09:24]
L-BFGS:  98%|█████████▊| 979/1000 [01:30 > 1:09:28]
L-BFGS:  98%|█████████▊| 980/1000 [01:27 > 1:09:33]
L-BFGS:  98%|█████████▊| 981/1000 [01:22 > 1:09:37]
L-BFGS:  98%|█████████▊| 982/1000 [01:06 > 1:09:39]
L-BFGS:  98%|█████████▊| 983/1000 [01:06 > 1:09:43]
L-BFGS:  98%|█████████▊| 984/1000 [01:05 > 1:09:48]
L-BFGS:  98%|█████████▊| 985/1000 [01:02 > 1:09:52]
L-BFGS:  99%|█████████▊| 986/1000 [00:58 > 1:09:57]
L-BFGS:  99%|█████████▊| 987/1000 [00:54 > 1:10:01]
L-BFGS:  99%|█████████▉| 988/1000 [00:51 > 1:10:05]
L-BFGS:  99%|█████████▉| 989/1000 [00:47 > 1:10:10]
L-BFGS:  99%|█████████▉| 990/1000 [00:42 > 1:10:14]
L-BFGS:  99%|█████████▉| 991/1000 [00:38 > 1:10:18]
L-BFGS:  99%|█████████▉| 992/1000 [00:34 > 1:10:22]
L-BFGS:  99%|█████████▉| 993/1000 [00:29 > 1:10:26]
L-BFGS:  99%|█████████▉| 994/1000 [00:25 > 1:10:31]
L-BFGS: 100%|█████████▉| 995/1000 [00:21 > 1:10:35]
L-BFGS: 100%|█████████▉| 996/1000 [00:17 > 1:10:39]
L-BFGS: 100%|█████████▉| 997/1000 [00:11 > 1:10:42]
L-BFGS: 100%|█████████▉| 998/1000 [00:07 > 1:10:46]
L-BFGS: 100%|█████████▉| 999/1000 [00:03 > 1:10:50]
L-BFGS: 100%|██████████| 1000/1000 [00:00 > 1:10:54]
L-BFGS: 100%|██████████| 1000/1000 [00:00 > 1:10:54]
Training saved: C:\Ali Computation\pinn\code\heterogeneous\pino_heterogeneous\results\exp_Vc_piecewise_K100_N250_z1to5_min10pct_w16_float64_lbfgs1000_maxiter20\pino_heterogeneous_concentration.png C:\Ali Computation\pinn\code\heterogeneous\pino_heterogeneous\results\exp_Vc_piecewise_K100_N250_z1to5_min10pct_w16_float64_lbfgs1000_maxiter20\pino_heterogeneous_loss.png C:\Ali Computation\pinn\code\heterogeneous\pino_heterogeneous\results\exp_Vc_piecewise_K100_N250_z1to5_min10pct_w16_float64_lbfgs1000_maxiter20\pino_heterogeneous_model.pt
COMSOL validation: 81 media -> C:\Ali Computation\pinn\code\heterogeneous\pino_heterogeneous\results\exp_Vc_piecewise_K100_N250_z1to5_min10pct_w16_float64_lbfgs1000_maxiter20\comsol_validation  (x* collocation n=86)

COMSOL vs PINO:   0%|          | 0/81 [00:00<?, ?it/s]
COMSOL vs PINO:   1%|          | 1/81 [00:01<01:22,  1.03s/it]
COMSOL vs PINO:   2%|▏         | 2/81 [00:02<01:21,  1.04s/it]
COMSOL vs PINO:   4%|▎         | 3/81 [00:03<01:20,  1.03s/it]
COMSOL vs PINO:   5%|▍         | 4/81 [00:04<01:26,  1.13s/it]
COMSOL vs PINO:   6%|▌         | 5/81 [00:05<01:22,  1.09s/it]
COMSOL vs PINO:   7%|▋         | 6/81 [00:06<01:20,  1.07s/it]
COMSOL vs PINO:   9%|▊         | 7/81 [00:07<01:18,  1.06s/it]
COMSOL vs PINO:  10%|▉         | 8/81 [00:08<01:16,  1.05s/it]
COMSOL vs PINO:  11%|█         | 9/81 [00:09<01:15,  1.05s/it]
COMSOL vs PINO:  12%|█▏        | 10/81 [00:10<01:14,  1.05s/it]
COMSOL vs PINO:  14%|█▎        | 11/81 [00:11<01:13,  1.05s/it]
COMSOL vs PINO:  15%|█▍        | 12/81 [00:12<01:12,  1.06s/it]
COMSOL vs PINO:  16%|█▌        | 13/81 [00:13<01:11,  1.06s/it]
COMSOL vs PINO:  17%|█▋        | 14/81 [00:14<01:10,  1.05s/it]
COMSOL vs PINO:  19%|█▊        | 15/81 [00:15<01:09,  1.05s/it]
COMSOL vs PINO:  20%|█▉        | 16/81 [00:16<01:08,  1.05s/it]
COMSOL vs PINO:  21%|██        | 17/81 [00:17<01:07,  1.05s/it]
COMSOL vs PINO:  22%|██▏       | 18/81 [00:19<01:12,  1.15s/it]
COMSOL vs PINO:  23%|██▎       | 19/81 [00:20<01:09,  1.12s/it]
COMSOL vs PINO:  25%|██▍       | 20/81 [00:21<01:07,  1.10s/it]
COMSOL vs PINO:  26%|██▌       | 21/81 [00:22<01:05,  1.08s/it]
COMSOL vs PINO:  27%|██▋       | 22/81 [00:23<01:03,  1.07s/it]
COMSOL vs PINO:  28%|██▊       | 23/81 [00:24<01:02,  1.08s/it]
COMSOL vs PINO:  30%|██▉       | 24/81 [00:25<01:01,  1.08s/it]
COMSOL vs PINO:  31%|███       | 25/81 [00:26<01:00,  1.07s/it]
COMSOL vs PINO:  32%|███▏      | 26/81 [00:27<00:58,  1.07s/it]
COMSOL vs PINO:  33%|███▎      | 27/81 [00:28<00:57,  1.06s/it]
COMSOL vs PINO:  35%|███▍      | 28/81 [00:29<00:55,  1.06s/it]
COMSOL vs PINO:  36%|███▌      | 29/81 [00:30<00:54,  1.05s/it]
COMSOL vs PINO:  37%|███▋      | 30/81 [00:32<00:53,  1.05s/it]
COMSOL vs PINO:  38%|███▊      | 31/81 [00:33<00:52,  1.05s/it]
COMSOL vs PINO:  40%|███▉      | 32/81 [00:34<00:55,  1.14s/it]
COMSOL vs PINO:  41%|████      | 33/81 [00:35<00:53,  1.11s/it]
COMSOL vs PINO:  42%|████▏     | 34/81 [00:36<00:51,  1.10s/it]
COMSOL vs PINO:  43%|████▎     | 35/81 [00:37<00:49,  1.08s/it]
COMSOL vs PINO:  44%|████▍     | 36/81 [00:38<00:48,  1.07s/it]
COMSOL vs PINO:  46%|████▌     | 37/81 [00:39<00:46,  1.06s/it]
COMSOL vs PINO:  47%|████▋     | 38/81 [00:40<00:45,  1.06s/it]
COMSOL vs PINO:  48%|████▊     | 39/81 [00:41<00:44,  1.05s/it]
COMSOL vs PINO:  49%|████▉     | 40/81 [00:42<00:42,  1.05s/it]
COMSOL vs PINO:  51%|█████     | 41/81 [00:43<00:41,  1.04s/it]
COMSOL vs PINO:  52%|█████▏    | 42/81 [00:44<00:40,  1.04s/it]
COMSOL vs PINO:  53%|█████▎    | 43/81 [00:45<00:39,  1.04s/it]
COMSOL vs PINO:  54%|█████▍    | 44/81 [00:46<00:38,  1.04s/it]
COMSOL vs PINO:  56%|█████▌    | 45/81 [00:48<00:40,  1.13s/it]
COMSOL vs PINO:  57%|█████▋    | 46/81 [00:49<00:38,  1.10s/it]
COMSOL vs PINO:  58%|█████▊    | 47/81 [00:50<00:37,  1.09s/it]
COMSOL vs PINO:  59%|█████▉    | 48/81 [00:51<00:35,  1.08s/it]
COMSOL vs PINO:  60%|██████    | 49/81 [00:52<00:34,  1.07s/it]
COMSOL vs PINO:  62%|██████▏   | 50/81 [00:53<00:32,  1.06s/it]
COMSOL vs PINO:  63%|██████▎   | 51/81 [00:54<00:31,  1.06s/it]
COMSOL vs PINO:  64%|██████▍   | 52/81 [00:55<00:30,  1.06s/it]
COMSOL vs PINO:  65%|██████▌   | 53/81 [00:56<00:29,  1.06s/it]
COMSOL vs PINO:  67%|██████▋   | 54/81 [00:57<00:28,  1.07s/it]
COMSOL vs PINO:  68%|██████▊   | 55/81 [00:58<00:27,  1.07s/it]
COMSOL vs PINO:  69%|██████▉   | 56/81 [00:59<00:26,  1.06s/it]
COMSOL vs PINO:  70%|███████   | 57/81 [01:00<00:25,  1.06s/it]
COMSOL vs PINO:  72%|███████▏  | 58/81 [01:01<00:24,  1.06s/it]
COMSOL vs PINO:  73%|███████▎  | 59/81 [01:03<00:23,  1.05s/it]
COMSOL vs PINO:  74%|███████▍  | 60/81 [01:04<00:24,  1.15s/it]
COMSOL vs PINO:  75%|███████▌  | 61/81 [01:05<00:22,  1.12s/it]
COMSOL vs PINO:  77%|███████▋  | 62/81 [01:06<00:20,  1.09s/it]
COMSOL vs PINO:  78%|███████▊  | 63/81 [01:07<00:19,  1.08s/it]
COMSOL vs PINO:  79%|███████▉  | 64/81 [01:08<00:18,  1.07s/it]
COMSOL vs PINO:  80%|████████  | 65/81 [01:09<00:17,  1.07s/it]
COMSOL vs PINO:  81%|████████▏ | 66/81 [01:10<00:16,  1.07s/it]
COMSOL vs PINO:  83%|████████▎ | 67/81 [01:11<00:14,  1.07s/it]
COMSOL vs PINO:  84%|████████▍ | 68/81 [01:12<00:13,  1.06s/it]
COMSOL vs PINO:  85%|████████▌ | 69/81 [01:13<00:12,  1.06s/it]
COMSOL vs PINO:  86%|████████▋ | 70/81 [01:14<00:11,  1.06s/it]
COMSOL vs PINO:  88%|████████▊ | 71/81 [01:15<00:10,  1.06s/it]
COMSOL vs PINO:  89%|████████▉ | 72/81 [01:17<00:09,  1.05s/it]
COMSOL vs PINO:  90%|█████████ | 73/81 [01:18<00:08,  1.05s/it]
COMSOL vs PINO:  91%|█████████▏| 74/81 [01:19<00:07,  1.05s/it]
COMSOL vs PINO:  93%|█████████▎| 75/81 [01:20<00:06,  1.15s/it]
COMSOL vs PINO:  94%|█████████▍| 76/81 [01:21<00:05,  1.12s/it]
COMSOL vs PINO:  95%|█████████▌| 77/81 [01:22<00:04,  1.10s/it]
COMSOL vs PINO:  96%|█████████▋| 78/81 [01:23<00:03,  1.08s/it]
COMSOL vs PINO:  98%|█████████▊| 79/81 [01:24<00:02,  1.07s/it]
COMSOL vs PINO:  99%|█████████▉| 80/81 [01:25<00:01,  1.06s/it]
COMSOL vs PINO: 100%|██████████| 81/81 [01:26<00:00,  1.06s/it]
COMSOL vs PINO: 100%|██████████| 81/81 [01:26<00:00,  1.07s/it]
COMSOL validation summary: n=81  mean=4.913499e-02  max=1.403430e-01  min=1.462019e-02
Wrote C:\Ali Computation\pinn\code\heterogeneous\pino_heterogeneous\results\exp_Vc_piecewise_K100_N250_z1to5_min10pct_w16_float64_lbfgs1000_maxiter20\comsol_validation\comsol_validation_summary.csv
Run metadata: C:\Ali Computation\pinn\code\heterogeneous\pino_heterogeneous\results\exp_Vc_piecewise_K100_N250_z1to5_min10pct_w16_float64_lbfgs1000_maxiter20\run_meta.json
Wall-clock train: 4255.6 s
Wall-clock validation: 86.8 s
Wall-clock total: 4352.2 s  device=cuda

# exit 0 after 1:12:40.099639
