# code/heterogeneous/parametric_heterogeneous_pinn/calibrate_single_instance_pinn.py --u 0.05,0.01,0.05,0.01 --out-dir results/calib_single
# started 2026-07-08 21:26:10
# cwd C:\Ali Computation\pinn\code\heterogeneous\parametric_heterogeneous_pinn

[calib] u=(0.05, 0.01, 0.05, 0.01) tag=u0p05_0p01_0p05_0p01 contrast=0.120 dtype=float64 device=cuda:0
[calib] PE=0.010368  train mesh 120x120 + interface bands | proxy mesh 401x41
[calib] params=4,285  collocation points=18,720
[calib] epoch     0 | proxy_comb=1.120e+00 pde_rms=2.185e-01 | TRUE relL2=192.189%
[calib] epoch   100 | proxy_comb=7.615e-02 pde_rms=6.940e-02 | TRUE relL2=1.699%
[calib] epoch   200 | proxy_comb=8.923e-02 pde_rms=8.414e-02 | TRUE relL2=1.476%
[calib] epoch   300 | proxy_comb=9.596e-02 pde_rms=9.128e-02 | TRUE relL2=1.359%
[calib] epoch   400 | proxy_comb=9.639e-02 pde_rms=9.175e-02 | TRUE relL2=1.191%
[calib] epoch   500 | proxy_comb=1.002e-01 pde_rms=9.594e-02 | TRUE relL2=1.057%
[calib] epoch   600 | proxy_comb=9.956e-02 pde_rms=9.524e-02 | TRUE relL2=1.063%
[calib] epoch   700 | proxy_comb=9.956e-02 pde_rms=9.524e-02 | TRUE relL2=1.063%
[calib] epoch   800 | proxy_comb=9.956e-02 pde_rms=9.524e-02 | TRUE relL2=1.063%
[calib] early stop at epoch 833 (train loss flat 300 steps).
[calib] epoch   833 | proxy_comb=9.956e-02 pde_rms=9.524e-02 | TRUE relL2=1.063%
[calib] DONE u0p05_0p01_0p05_0p01: final proxy=9.956e-02 final TRUE=1.063% best TRUE=1.057% cross@-1 in 11.9 min
[calib] wrote calib_traj_u0p05_0p01_0p05_0p01.csv, ref_field_u0p05_0p01_0p05_0p01.npz, model_u0p05_0p01_0p05_0p01.pt, and appended to calibration_results.csv

# exit 0 after 0:11:56.430742
