# code/heterogeneous/pino_heterogeneous/pinn1d_heterogeneous_parametric_neural_operator.py --design grf --n-sensors 100 --n-grf 0 --n-piecewise-per-zones 500 --piecewise-zone-counts 5 --min-zone-frac 0.1 --arch default --dtype float64 --early-stop-patience 150 --lr-lbfgs 0.1 --lbfgs-max-iter 20 --epochs 1000 --out-dir results/exp_X1_5zoneonly_K100_N500_default_float64_lbfgs1000_maxiter20
# started 2026-07-01 13:54:55
# cwd C:\Ali Computation\pinn\code\heterogeneous\pino_heterogeneous

Using GPU: NVIDIA GeForce RTX 3090 (cuda:0, dtype=torch.float64)
PE (computed) = 0.010368
design=grf  media_mode=grf  branch_mode=sensor  optimizer=lbfgs  n_train_requested=500  n_corner_anchors=16  arch=default  batch_mode=True
branch=[100, 16, 16, 32]  trunk=[2, 32, 32, 32, 32]
results_dir=C:\Ali Computation\pinn\code\heterogeneous\pino_heterogeneous\results\exp_X1_5zoneonly_K100_N500_default_float64_lbfgs1000_maxiter20
Training: 500 piecewise (500 for zones [5]), min_zone_frac=0.1 = 500 total; branch_mode=sensor, K=100 sensors, grid_n=201
  saved/loaded: C:\Ali Computation\pinn\code\heterogeneous\pino_heterogeneous\results\exp_X1_5zoneonly_K100_N500_default_float64_lbfgs1000_maxiter20\train_grf_cases.npz
  branch CFL range [0.120013, 0.599687]
PDE mesh: bulk 50x50x500 (no interface bands in GRF mode)
COMSOL validation: 81 fixed grid cases from comsol_4zones.txt -> C:\Ali Computation\pinn\code\heterogeneous\pino_heterogeneous\results\exp_X1_5zoneonly_K100_N500_default_float64_lbfgs1000_maxiter20\comsol_validation
run_training=True  run_comsol_validation=True  validate_only=False  skip_validation_plots=False
L-BFGS early stopping: patience=150 (max steps=1000)
L-BFGS: lr=0.1  max_iter=20  outer_steps=1000
PDE collocation points: 1,250,000 (bulk 1,250,000, interface 0)
Collocation mesh plot (pre-train): C:\Ali Computation\pinn\code\heterogeneous\pino_heterogeneous\results\exp_X1_5zoneonly_K100_N500_default_float64_lbfgs1000_maxiter20\pino_heterogeneous_collocation_points.png
LBFGS (
Parameter Group 0
    history_size: 50
    line_search_fn: strong_wolfe
    lr: 0.1
    max_eval: 25
    max_iter: 20
    tolerance_change: 1e-09
    tolerance_grad: 1e-07
)
Early stopping: patience=150 L-BFGS steps (no total-loss improvement, rtol=1e-12)

L-BFGS:   0%|          | 0/1000 [? > 00:00]
L-BFGS:   0%|          | 1/1000 [3:53:13 > 00:14]
L-BFGS:   0%|          | 2/1000 [3:42:05 > 00:26]
L-BFGS:   0%|          | 3/1000 [3:38:57 > 00:39]
L-BFGS:   0%|          | 4/1000 [3:41:52 > 00:53]
L-BFGS:   0%|          | 5/1000 [3:43:02 > 01:07]
L-BFGS:   1%|          | 6/1000 [3:43:47 > 01:20]
L-BFGS:   1%|          | 7/1000 [3:41:33 > 01:33]
L-BFGS:   1%|          | 8/1000 [3:40:10 > 01:47]
L-BFGS:   1%|          | 9/1000 [3:39:38 > 02:00]
L-BFGS:   1%|          | 10/1000 [3:39:15 > 02:13]
L-BFGS:   1%|          | 11/1000 [3:39:10 > 02:26]
L-BFGS:   1%|          | 12/1000 [3:38:39 > 02:40]
L-BFGS:   1%|▏         | 13/1000 [3:41:08 > 02:53]
L-BFGS:   1%|▏         | 14/1000 [3:42:46 > 03:07]
L-BFGS:   2%|▏         | 15/1000 [3:41:04 > 03:21]
L-BFGS:   2%|▏         | 16/1000 [3:42:21 > 03:34]
L-BFGS:   2%|▏         | 17/1000 [3:40:47 > 03:48]
L-BFGS:   2%|▏         | 18/1000 [3:41:52 > 04:01]
L-BFGS:   2%|▏         | 19/1000 [3:39:34 > 04:14]
L-BFGS:   2%|▏         | 20/1000 [3:40:47 > 04:28]
L-BFGS:   2%|▏         | 21/1000 [3:38:36 > 04:41]
L-BFGS:   2%|▏         | 22/1000 [3:37:09 > 04:54]
L-BFGS:   2%|▏         | 23/1000 [3:38:28 > 05:08]
L-BFGS:   2%|▏         | 24/1000 [3:39:18 > 05:22]
L-BFGS:   2%|▎         | 25/1000 [3:39:47 > 05:35]
L-BFGS:   3%|▎         | 26/1000 [3:37:34 > 05:48]
L-BFGS:   3%|▎         | 27/1000 [3:38:26 > 06:02]
L-BFGS:   3%|▎         | 28/1000 [3:36:37 > 06:15]
L-BFGS:   3%|▎         | 29/1000 [3:35:19 > 06:28]
L-BFGS:   3%|▎         | 30/1000 [3:34:09 > 06:41]
L-BFGS:   3%|▎         | 31/1000 [3:33:21 > 06:55]
L-BFGS:   3%|▎         | 32/1000 [3:35:12 > 07:08]
L-BFGS:   3%|▎         | 33/1000 [3:36:29 > 07:22]
L-BFGS:   3%|▎         | 34/1000 [3:37:23 > 07:36]
L-BFGS:   4%|▎         | 35/1000 [3:35:21 > 07:49]
L-BFGS:   4%|▎         | 36/1000 [3:36:38 > 08:02]
L-BFGS:   4%|▎         | 37/1000 [3:35:19 > 08:16]
L-BFGS:   4%|▍         | 38/1000 [3:36:52 > 08:29]
L-BFGS:   4%|▍         | 39/1000 [3:37:58 > 08:43]
L-BFGS:   4%|▍         | 40/1000 [3:38:37 > 08:57]
L-BFGS:   4%|▍         | 41/1000 [3:38:58 > 09:11]
L-BFGS:   4%|▍         | 42/1000 [3:36:35 > 09:24]
L-BFGS:   4%|▍         | 43/1000 [3:37:28 > 09:38]
L-BFGS:   4%|▍         | 44/1000 [3:38:07 > 09:52]
L-BFGS:   4%|▍         | 45/1000 [3:35:55 > 10:05]
L-BFGS:   5%|▍         | 46/1000 [3:36:32 > 10:19]
L-BFGS:   5%|▍         | 47/1000 [3:34:00 > 10:32]
L-BFGS:   5%|▍         | 48/1000 [3:32:10 > 10:45]
L-BFGS:   5%|▍         | 49/1000 [3:30:39 > 10:58]
L-BFGS:   5%|▌         | 50/1000 [3:32:15 > 11:12]
L-BFGS:   5%|▌         | 51/1000 [3:30:36 > 11:25]
L-BFGS:   5%|▌         | 52/1000 [3:31:48 > 11:38]
L-BFGS:   5%|▌         | 53/1000 [3:32:35 > 11:52]
L-BFGS:   5%|▌         | 54/1000 [3:30:40 > 12:05]
L-BFGS:   6%|▌         | 55/1000 [3:32:00 > 12:19]
L-BFGS:   6%|▌         | 56/1000 [3:30:16 > 12:32]
L-BFGS:   6%|▌         | 57/1000 [3:31:13 > 12:46]
L-BFGS:   6%|▌         | 58/1000 [3:31:54 > 12:59]
L-BFGS:   6%|▌         | 59/1000 [3:29:48 > 13:12]
L-BFGS:   6%|▌         | 60/1000 [3:30:41 > 13:26]
L-BFGS:   6%|▌         | 61/1000 [3:28:49 > 13:39]
L-BFGS:   6%|▌         | 62/1000 [3:27:31 > 13:52]
L-BFGS:   6%|▋         | 63/1000 [3:26:28 > 14:05]
L-BFGS:   6%|▋         | 64/1000 [3:28:44 > 14:19]
L-BFGS:   6%|▋         | 65/1000 [3:30:23 > 14:33]
L-BFGS:   7%|▋         | 66/1000 [3:28:58 > 14:46]
L-BFGS:   7%|▋         | 67/1000 [3:27:48 > 14:59]
L-BFGS:   7%|▋         | 68/1000 [3:29:24 > 15:13]
L-BFGS:   7%|▋         | 69/1000 [3:28:08 > 15:26]
L-BFGS:   7%|▋         | 70/1000 [3:29:28 > 15:40]
L-BFGS:   7%|▋         | 71/1000 [3:30:21 > 15:54]
L-BFGS:   7%|▋         | 72/1000 [3:28:34 > 16:07]
L-BFGS:   7%|▋         | 73/1000 [3:27:15 > 16:20]
L-BFGS:   7%|▋         | 74/1000 [3:25:52 > 16:33]
L-BFGS:   8%|▊         | 75/1000 [3:27:03 > 16:47]
L-BFGS:   8%|▊         | 76/1000 [3:27:39 > 17:01]
L-BFGS:   8%|▊         | 77/1000 [3:28:03 > 17:14]
L-BFGS:   8%|▊         | 78/1000 [3:25:58 > 17:27]
L-BFGS:   8%|▊         | 79/1000 [3:26:44 > 17:41]
L-BFGS:   8%|▊         | 80/1000 [3:27:16 > 17:55]
L-BFGS:   8%|▊         | 81/1000 [3:25:04 > 18:08]
L-BFGS:   8%|▊         | 82/1000 [3:23:28 > 18:21]
L-BFGS:   8%|▊         | 83/1000 [3:24:43 > 18:35]
L-BFGS:   8%|▊         | 84/1000 [3:23:09 > 18:48]
L-BFGS:   8%|▊         | 85/1000 [3:22:31 > 19:01]
L-BFGS:   9%|▊         | 86/1000 [3:21:41 > 19:14]
L-BFGS:   9%|▊         | 87/1000 [3:21:05 > 19:27]
L-BFGS:   9%|▉         | 88/1000 [3:20:19 > 19:40]
L-BFGS:   9%|▉         | 89/1000 [3:19:48 > 19:53]
L-BFGS:   9%|▉         | 90/1000 [3:19:15 > 20:06]
L-BFGS:   9%|▉         | 91/1000 [3:19:22 > 20:20]
L-BFGS:   9%|▉         | 92/1000 [3:21:57 > 20:33]
L-BFGS:   9%|▉         | 93/1000 [3:21:12 > 20:47]
L-BFGS:   9%|▉         | 94/1000 [3:20:37 > 21:00]
L-BFGS:  10%|▉         | 95/1000 [3:22:33 > 21:14]
L-BFGS:  10%|▉         | 96/1000 [3:21:28 > 21:27]
L-BFGS:  10%|▉         | 97/1000 [3:20:28 > 21:40]
L-BFGS:  10%|▉         | 98/1000 [3:22:16 > 21:54]
L-BFGS:  10%|▉         | 99/1000 [3:23:24 > 22:08]
L-BFGS:  10%|█         | 100/1000 [3:24:12 > 22:21]
L-BFGS:  10%|█         | 101/1000 [3:21:56 > 22:35]
L-BFGS:  10%|█         | 102/1000 [3:20:08 > 22:48]
L-BFGS:  10%|█         | 103/1000 [3:18:38 > 23:01]
L-BFGS:  10%|█         | 104/1000 [3:17:45 > 23:14]
L-BFGS:  10%|█         | 105/1000 [3:17:37 > 23:27]
L-BFGS:  11%|█         | 106/1000 [3:19:07 > 23:41]
L-BFGS:  11%|█         | 107/1000 [3:20:03 > 23:54]
L-BFGS:  11%|█         | 108/1000 [3:20:34 > 24:08]
L-BFGS:  11%|█         | 109/1000 [3:18:32 > 24:21]
L-BFGS:  11%|█         | 110/1000 [3:17:11 > 24:34]
L-BFGS:  11%|█         | 111/1000 [3:16:03 > 24:47]
L-BFGS:  11%|█         | 112/1000 [3:15:12 > 25:00]
L-BFGS:  11%|█▏        | 113/1000 [3:14:34 > 25:14]
L-BFGS:  11%|█▏        | 114/1000 [3:14:01 > 25:27]
L-BFGS:  12%|█▏        | 115/1000 [3:16:00 > 25:40]
L-BFGS:  12%|█▏        | 116/1000 [3:14:55 > 25:53]
L-BFGS:  12%|█▏        | 117/1000 [3:16:26 > 26:07]
L-BFGS:  12%|█▏        | 118/1000 [3:15:36 > 26:20]
L-BFGS:  12%|█▏        | 119/1000 [3:17:24 > 26:34]
L-BFGS:  12%|█▏        | 120/1000 [3:18:34 > 26:48]
L-BFGS:  12%|█▏        | 121/1000 [3:17:00 > 27:01]
L-BFGS:  12%|█▏        | 122/1000 [3:18:09 > 27:15]
L-BFGS:  12%|█▏        | 123/1000 [3:16:38 > 27:28]
L-BFGS:  12%|█▏        | 124/1000 [3:15:29 > 27:41]
L-BFGS:  12%|█▎        | 125/1000 [3:16:53 > 27:55]
L-BFGS:  13%|█▎        | 126/1000 [3:15:28 > 28:08]
L-BFGS:  13%|█▎        | 127/1000 [3:14:29 > 28:21]
L-BFGS:  13%|█▎        | 128/1000 [3:15:41 > 28:35]
L-BFGS:  13%|█▎        | 129/1000 [3:13:48 > 28:48]
L-BFGS:  13%|█▎        | 130/1000 [3:12:26 > 29:01]
L-BFGS:  13%|█▎        | 131/1000 [3:11:38 > 29:14]
L-BFGS:  13%|█▎        | 132/1000 [3:13:07 > 29:28]
L-BFGS:  13%|█▎        | 133/1000 [3:14:08 > 29:42]
L-BFGS:  13%|█▎        | 134/1000 [3:14:47 > 29:55]
L-BFGS:  14%|█▎        | 135/1000 [3:15:28 > 30:09]
L-BFGS:  14%|█▎        | 136/1000 [3:13:14 > 30:22]
L-BFGS:  14%|█▎        | 137/1000 [3:11:37 > 30:35]
L-BFGS:  14%|█▍        | 138/1000 [3:10:32 > 30:48]
L-BFGS:  14%|█▍        | 139/1000 [3:09:33 > 31:01]
L-BFGS:  14%|█▍        | 140/1000 [3:09:04 > 31:15]
L-BFGS:  14%|█▍        | 141/1000 [3:10:50 > 31:28]
L-BFGS:  14%|█▍        | 142/1000 [3:09:31 > 31:41]
L-BFGS:  14%|█▍        | 143/1000 [3:08:43 > 31:54]
L-BFGS:  14%|█▍        | 144/1000 [3:10:16 > 32:08]
L-BFGS:  14%|█▍        | 145/1000 [3:09:21 > 32:21]
L-BFGS:  15%|█▍        | 146/1000 [3:11:13 > 32:35]
L-BFGS:  15%|█▍        | 147/1000 [3:12:21 > 32:49]
L-BFGS:  15%|█▍        | 148/1000 [3:10:52 > 33:02]
L-BFGS:  15%|█▍        | 149/1000 [3:09:49 > 33:15]
L-BFGS:  15%|█▌        | 150/1000 [3:08:59 > 33:28]
L-BFGS:  15%|█▌        | 151/1000 [3:10:35 > 33:42]
L-BFGS:  15%|█▌        | 152/1000 [3:11:38 > 33:56]
L-BFGS:  15%|█▌        | 153/1000 [3:10:09 > 34:09]
L-BFGS:  15%|█▌        | 154/1000 [3:08:59 > 34:23]
L-BFGS:  16%|█▌        | 155/1000 [3:07:56 > 34:36]
L-BFGS:  16%|█▌        | 156/1000 [3:08:51 > 34:49]
L-BFGS:  16%|█▌        | 157/1000 [3:07:12 > 35:02]
L-BFGS:  16%|█▌        | 158/1000 [3:06:04 > 35:16]
L-BFGS:  16%|█▌        | 159/1000 [3:07:21 > 35:29]
L-BFGS:  16%|█▌        | 160/1000 [3:08:09 > 35:43]
L-BFGS:  16%|█▌        | 161/1000 [3:06:33 > 35:56]
L-BFGS:  16%|█▌        | 162/1000 [3:05:19 > 36:09]
L-BFGS:  16%|█▋        | 163/1000 [3:04:21 > 36:22]
L-BFGS:  16%|█▋        | 164/1000 [3:05:51 > 36:36]
L-BFGS:  16%|█▋        | 165/1000 [3:06:46 > 36:49]
L-BFGS:  17%|█▋        | 166/1000 [3:07:33 > 37:03]
L-BFGS:  17%|█▋        | 167/1000 [3:05:45 > 37:16]
L-BFGS:  17%|█▋        | 168/1000 [3:04:19 > 37:29]
L-BFGS:  17%|█▋        | 169/1000 [3:05:28 > 37:43]
L-BFGS:  17%|█▋        | 170/1000 [3:06:11 > 37:56]
L-BFGS:  17%|█▋        | 171/1000 [3:06:44 > 38:10]
L-BFGS:  17%|█▋        | 172/1000 [3:06:58 > 38:24]
L-BFGS:  17%|█▋        | 173/1000 [3:05:18 > 38:37]
L-BFGS:  17%|█▋        | 174/1000 [3:04:12 > 38:50]
L-BFGS:  18%|█▊        | 175/1000 [3:03:29 > 39:03]
L-BFGS:  18%|█▊        | 176/1000 [3:02:52 > 39:17]
L-BFGS:  18%|█▊        | 177/1000 [3:02:17 > 39:30]
L-BFGS:  18%|█▊        | 178/1000 [3:01:49 > 39:43]
L-BFGS:  18%|█▊        | 179/1000 [3:01:27 > 39:56]
L-BFGS:  18%|█▊        | 180/1000 [3:01:06 > 40:10]
L-BFGS:  18%|█▊        | 181/1000 [3:02:59 > 40:23]
L-BFGS:  18%|█▊        | 182/1000 [3:02:10 > 40:37]
L-BFGS:  18%|█▊        | 183/1000 [3:03:30 > 40:50]
L-BFGS:  18%|█▊        | 184/1000 [3:01:48 > 41:03]
L-BFGS:  18%|█▊        | 185/1000 [3:02:39 > 41:17]
L-BFGS:  19%|█▊        | 186/1000 [3:03:19 > 41:31]
L-BFGS:  19%|█▊        | 187/1000 [3:01:24 > 41:44]
L-BFGS:  19%|█▉        | 188/1000 [2:59:57 > 41:57]
L-BFGS:  19%|█▉        | 189/1000 [2:58:50 > 42:10]
L-BFGS:  19%|█▉        | 190/1000 [3:00:12 > 42:24]
L-BFGS:  19%|█▉        | 191/1000 [3:01:06 > 42:37]
L-BFGS:  19%|█▉        | 192/1000 [3:01:47 > 42:51]
L-BFGS:  19%|█▉        | 193/1000 [2:59:58 > 43:04]
L-BFGS:  19%|█▉        | 194/1000 [2:58:36 > 43:17]
L-BFGS:  20%|█▉        | 195/1000 [2:59:41 > 43:31]
L-BFGS:  20%|█▉        | 196/1000 [3:00:21 > 43:44]
L-BFGS:  20%|█▉        | 197/1000 [3:00:46 > 43:58]
L-BFGS:  20%|█▉        | 198/1000 [2:58:58 > 44:11]
L-BFGS:  20%|█▉        | 199/1000 [2:57:32 > 44:24]
L-BFGS:  20%|██        | 200/1000 [2:56:29 > 44:37]
L-BFGS:  20%|██        | 201/1000 [2:58:13 > 44:51]
L-BFGS:  20%|██        | 202/1000 [2:59:34 > 45:05]
L-BFGS:  20%|██        | 203/1000 [2:58:19 > 45:18]
L-BFGS:  20%|██        | 204/1000 [2:59:29 > 45:32]
L-BFGS:  20%|██        | 205/1000 [2:58:13 > 45:45]
L-BFGS:  21%|██        | 206/1000 [2:59:17 > 45:59]
L-BFGS:  21%|██        | 207/1000 [2:57:50 > 46:12]
L-BFGS:  21%|██        | 208/1000 [2:58:47 > 46:26]
L-BFGS:  21%|██        | 209/1000 [2:59:29 > 46:40]
L-BFGS:  21%|██        | 210/1000 [2:57:47 > 46:53]
L-BFGS:  21%|██        | 211/1000 [2:56:08 > 47:06]
L-BFGS:  21%|██        | 212/1000 [2:56:45 > 47:20]
L-BFGS:  21%|██▏       | 213/1000 [2:55:08 > 47:33]
L-BFGS:  21%|██▏       | 214/1000 [2:53:53 > 47:46]
L-BFGS:  22%|██▏       | 215/1000 [2:53:09 > 47:59]
L-BFGS:  22%|██▏       | 216/1000 [2:54:27 > 48:13]
L-BFGS:  22%|██▏       | 217/1000 [2:54:18 > 48:26]
L-BFGS:  22%|██▏       | 218/1000 [2:54:02 > 48:39]
L-BFGS:  22%|██▏       | 219/1000 [2:54:43 > 48:53]
L-BFGS:  22%|██▏       | 220/1000 [2:53:52 > 49:06]
L-BFGS:  22%|██▏       | 221/1000 [2:53:40 > 49:19]
L-BFGS:  22%|██▏       | 222/1000 [2:52:25 > 49:33]
L-BFGS:  22%|██▏       | 223/1000 [2:51:22 > 49:46]
L-BFGS:  22%|██▏       | 224/1000 [2:52:40 > 49:59]
L-BFGS:  22%|██▎       | 225/1000 [2:51:28 > 50:12]
L-BFGS:  23%|██▎       | 226/1000 [2:52:36 > 50:26]
L-BFGS:  23%|██▎       | 227/1000 [2:53:18 > 50:40]
L-BFGS:  23%|██▎       | 228/1000 [2:51:44 > 50:53]
L-BFGS:  23%|██▎       | 229/1000 [2:53:11 > 51:07]
L-BFGS:  23%|██▎       | 230/1000 [2:53:58 > 51:20]
L-BFGS:  23%|██▎       | 231/1000 [2:54:29 > 51:34]
L-BFGS:  23%|██▎       | 232/1000 [2:52:49 > 51:47]
L-BFGS:  23%|██▎       | 233/1000 [2:51:37 > 52:01]
L-BFGS:  23%|██▎       | 234/1000 [2:50:44 > 52:14]
L-BFGS:  24%|██▎       | 235/1000 [2:52:02 > 52:28]
L-BFGS:  24%|██▎       | 236/1000 [2:50:49 > 52:41]
L-BFGS:  24%|██▎       | 237/1000 [2:49:57 > 52:54]
L-BFGS:  24%|██▍       | 238/1000 [2:51:17 > 53:08]
L-BFGS:  24%|██▍       | 239/1000 [2:49:56 > 53:21]
L-BFGS:  24%|██▍       | 240/1000 [2:48:36 > 53:34]
L-BFGS:  24%|██▍       | 241/1000 [2:47:33 > 53:47]
L-BFGS:  24%|██▍       | 242/1000 [2:48:51 > 54:01]
L-BFGS:  24%|██▍       | 243/1000 [2:47:35 > 54:14]
L-BFGS:  24%|██▍       | 244/1000 [2:46:39 > 54:27]
L-BFGS:  24%|██▍       | 245/1000 [2:47:54 > 54:41]
L-BFGS:  25%|██▍       | 246/1000 [2:48:41 > 54:54]
L-BFGS:  25%|██▍       | 247/1000 [2:47:14 > 55:07]
L-BFGS:  25%|██▍       | 248/1000 [2:48:06 > 55:21]
L-BFGS:  25%|██▍       | 249/1000 [2:46:40 > 55:34]
L-BFGS:  25%|██▌       | 250/1000 [2:45:37 > 55:47]
L-BFGS:  25%|██▌       | 251/1000 [2:44:46 > 56:00]
L-BFGS:  25%|██▌       | 252/1000 [2:44:10 > 56:13]
L-BFGS:  25%|██▌       | 253/1000 [2:43:53 > 56:26]
L-BFGS:  25%|██▌       | 254/1000 [2:43:21 > 56:40]
L-BFGS:  26%|██▌       | 255/1000 [2:44:58 > 56:53]
L-BFGS:  26%|██▌       | 256/1000 [2:46:01 > 57:07]
L-BFGS:  26%|██▌       | 257/1000 [2:45:04 > 57:20]
L-BFGS:  26%|██▌       | 258/1000 [2:44:36 > 57:33]
L-BFGS:  26%|██▌       | 259/1000 [2:44:02 > 57:47]
L-BFGS:  26%|██▌       | 260/1000 [2:45:31 > 58:00]
L-BFGS:  26%|██▌       | 261/1000 [2:44:39 > 58:13]
L-BFGS:  26%|██▌       | 262/1000 [2:45:55 > 58:27]
L-BFGS:  26%|██▋       | 263/1000 [2:44:48 > 58:41]
L-BFGS:  26%|██▋       | 264/1000 [2:45:50 > 58:54]
L-BFGS:  26%|██▋       | 265/1000 [2:44:37 > 59:08]
L-BFGS:  27%|██▋       | 266/1000 [2:45:34 > 59:21]
L-BFGS:  27%|██▋       | 267/1000 [2:44:02 > 59:34]
L-BFGS:  27%|██▋       | 268/1000 [2:44:34 > 59:48]
L-BFGS:  27%|██▋       | 269/1000 [2:44:51 > 1:00:02]
L-BFGS:  27%|██▋       | 270/1000 [2:44:59 > 1:00:15]
L-BFGS:  27%|██▋       | 271/1000 [2:45:01 > 1:00:29]
L-BFGS:  27%|██▋       | 272/1000 [2:42:56 > 1:00:42]
L-BFGS:  27%|██▋       | 273/1000 [2:41:30 > 1:00:55]
L-BFGS:  27%|██▋       | 274/1000 [2:42:19 > 1:01:09]
L-BFGS:  28%|██▊       | 275/1000 [2:43:11 > 1:01:22]
L-BFGS:  28%|██▊       | 276/1000 [2:41:26 > 1:01:36]
L-BFGS:  28%|██▊       | 277/1000 [2:40:13 > 1:01:49]
L-BFGS:  28%|██▊       | 278/1000 [2:41:12 > 1:02:02]
L-BFGS:  28%|██▊       | 279/1000 [2:39:52 > 1:02:15]
L-BFGS:  28%|██▊       | 280/1000 [2:38:53 > 1:02:28]
L-BFGS:  28%|██▊       | 281/1000 [2:38:12 > 1:02:42]
L-BFGS:  28%|██▊       | 282/1000 [2:37:33 > 1:02:55]
L-BFGS:  28%|██▊       | 283/1000 [2:37:06 > 1:03:08]
L-BFGS:  28%|██▊       | 284/1000 [2:38:33 > 1:03:21]
L-BFGS:  28%|██▊       | 285/1000 [2:38:02 > 1:03:35]
L-BFGS:  29%|██▊       | 286/1000 [2:37:46 > 1:03:48]
L-BFGS:  29%|██▊       | 287/1000 [2:37:22 > 1:04:01]
L-BFGS:  29%|██▉       | 288/1000 [2:37:13 > 1:04:14]
L-BFGS:  29%|██▉       | 289/1000 [2:36:55 > 1:04:28]
L-BFGS:  29%|██▉       | 290/1000 [2:36:45 > 1:04:41]
L-BFGS:  29%|██▉       | 291/1000 [2:36:31 > 1:04:54]
L-BFGS:  29%|██▉       | 292/1000 [2:36:19 > 1:05:07]
L-BFGS:  29%|██▉       | 293/1000 [2:36:01 > 1:05:21]
L-BFGS:  29%|██▉       | 294/1000 [2:37:37 > 1:05:34]
L-BFGS:  30%|██▉       | 295/1000 [2:36:32 > 1:05:47]
L-BFGS:  30%|██▉       | 296/1000 [2:37:20 > 1:06:01]
L-BFGS:  30%|██▉       | 297/1000 [2:36:06 > 1:06:14]
L-BFGS:  30%|██▉       | 298/1000 [2:36:53 > 1:06:28]
L-BFGS:  30%|██▉       | 299/1000 [2:37:26 > 1:06:41]
L-BFGS:  30%|███       | 300/1000 [2:37:41 > 1:06:55]
L-BFGS:  30%|███       | 301/1000 [2:37:46 > 1:07:09]
L-BFGS:  30%|███       | 302/1000 [2:36:19 > 1:07:22]
L-BFGS:  30%|███       | 303/1000 [2:36:48 > 1:07:35]
L-BFGS:  30%|███       | 304/1000 [2:35:10 > 1:07:49]
L-BFGS:  30%|███       | 305/1000 [2:34:00 > 1:08:02]
L-BFGS:  31%|███       | 306/1000 [2:34:55 > 1:08:15]
L-BFGS:  31%|███       | 307/1000 [2:33:43 > 1:08:28]
L-BFGS:  31%|███       | 308/1000 [2:32:44 > 1:08:41]
L-BFGS:  31%|███       | 309/1000 [2:32:02 > 1:08:55]
L-BFGS:  31%|███       | 310/1000 [2:33:12 > 1:09:08]
L-BFGS:  31%|███       | 311/1000 [2:33:59 > 1:09:22]
L-BFGS:  31%|███       | 312/1000 [2:34:28 > 1:09:35]
L-BFGS:  31%|███▏      | 313/1000 [2:35:11 > 1:09:49]
L-BFGS:  31%|███▏      | 314/1000 [2:35:45 > 1:10:03]
L-BFGS:  32%|███▏      | 315/1000 [2:36:01 > 1:10:17]
L-BFGS:  32%|███▏      | 316/1000 [2:34:21 > 1:10:30]
L-BFGS:  32%|███▏      | 317/1000 [2:34:52 > 1:10:44]
L-BFGS:  32%|███▏      | 318/1000 [2:35:16 > 1:10:58]
L-BFGS:  32%|███▏      | 319/1000 [2:35:28 > 1:11:11]
L-BFGS:  32%|███▏      | 320/1000 [2:35:27 > 1:11:25]
L-BFGS:  32%|███▏      | 321/1000 [2:35:27 > 1:11:39]
L-BFGS:  32%|███▏      | 322/1000 [2:35:26 > 1:11:53]
L-BFGS:  32%|███▏      | 323/1000 [2:34:59 > 1:12:06]
L-BFGS:  32%|███▏      | 324/1000 [2:32:41 > 1:12:19]
L-BFGS:  32%|███▎      | 325/1000 [2:32:41 > 1:12:33]
L-BFGS:  33%|███▎      | 326/1000 [2:32:37 > 1:12:47]
L-BFGS:  33%|███▎      | 327/1000 [2:32:27 > 1:13:00]
L-BFGS:  33%|███▎      | 328/1000 [2:32:29 > 1:13:14]
L-BFGS:  33%|███▎      | 329/1000 [2:30:35 > 1:13:27]
L-BFGS:  33%|███▎      | 330/1000 [2:29:14 > 1:13:40]
L-BFGS:  33%|███▎      | 331/1000 [2:29:52 > 1:13:54]
L-BFGS:  33%|███▎      | 332/1000 [2:28:32 > 1:14:07]
L-BFGS:  33%|███▎      | 333/1000 [2:29:14 > 1:14:21]
L-BFGS:  33%|███▎      | 334/1000 [2:29:41 > 1:14:34]
L-BFGS:  34%|███▎      | 335/1000 [2:29:54 > 1:14:48]
L-BFGS:  34%|███▎      | 336/1000 [2:28:25 > 1:15:01]
L-BFGS:  34%|███▎      | 337/1000 [2:27:30 > 1:15:14]
L-BFGS:  34%|███▍      | 338/1000 [2:26:25 > 1:15:27]
L-BFGS:  34%|███▍      | 339/1000 [2:27:31 > 1:15:41]
L-BFGS:  34%|███▍      | 340/1000 [2:26:48 > 1:15:54]
L-BFGS:  34%|███▍      | 341/1000 [2:27:55 > 1:16:08]
L-BFGS:  34%|███▍      | 342/1000 [2:26:58 > 1:16:21]
L-BFGS:  34%|███▍      | 343/1000 [2:26:13 > 1:16:34]
L-BFGS:  34%|███▍      | 344/1000 [2:27:23 > 1:16:48]
L-BFGS:  34%|███▍      | 345/1000 [2:28:10 > 1:17:02]
L-BFGS:  35%|███▍      | 346/1000 [2:28:33 > 1:17:16]
L-BFGS:  35%|███▍      | 347/1000 [2:27:06 > 1:17:29]
L-BFGS:  35%|███▍      | 348/1000 [2:25:59 > 1:17:42]
L-BFGS:  35%|███▍      | 349/1000 [2:25:06 > 1:17:55]
L-BFGS:  35%|███▌      | 350/1000 [2:24:01 > 1:18:09]
L-BFGS:  35%|███▌      | 351/1000 [2:23:15 > 1:18:22]
L-BFGS:  35%|███▌      | 352/1000 [2:24:28 > 1:18:35]
L-BFGS:  35%|███▌      | 353/1000 [2:23:20 > 1:18:48]
L-BFGS:  35%|███▌      | 354/1000 [2:24:20 > 1:19:02]
L-BFGS:  36%|███▌      | 355/1000 [2:23:11 > 1:19:15]
L-BFGS:  36%|███▌      | 356/1000 [2:22:15 > 1:19:28]
L-BFGS:  36%|███▌      | 357/1000 [2:21:28 > 1:19:41]
L-BFGS:  36%|███▌      | 358/1000 [2:20:58 > 1:19:55]
L-BFGS:  36%|███▌      | 359/1000 [2:22:14 > 1:20:08]
L-BFGS:  36%|███▌      | 360/1000 [2:21:20 > 1:20:21]
L-BFGS:  36%|███▌      | 361/1000 [2:20:37 > 1:20:34]
L-BFGS:  36%|███▌      | 362/1000 [2:20:03 > 1:20:47]
L-BFGS:  36%|███▋      | 363/1000 [2:19:40 > 1:21:01]
L-BFGS:  36%|███▋      | 364/1000 [2:20:56 > 1:21:14]
L-BFGS:  36%|███▋      | 365/1000 [2:20:06 > 1:21:27]
L-BFGS:  37%|███▋      | 366/1000 [2:19:28 > 1:21:40]
L-BFGS:  37%|███▋      | 367/1000 [2:19:15 > 1:21:54]
L-BFGS:  37%|███▋      | 368/1000 [2:19:08 > 1:22:07]
L-BFGS:  37%|███▋      | 369/1000 [2:19:02 > 1:22:20]
L-BFGS:  37%|███▋      | 370/1000 [2:18:52 > 1:22:33]
L-BFGS:  37%|███▋      | 371/1000 [2:18:40 > 1:22:47]
L-BFGS:  37%|███▋      | 372/1000 [2:18:29 > 1:23:00]
L-BFGS:  37%|███▋      | 373/1000 [2:18:14 > 1:23:13]
L-BFGS:  37%|███▋      | 374/1000 [2:18:01 > 1:23:26]
L-BFGS:  38%|███▊      | 375/1000 [2:19:24 > 1:23:40]
L-BFGS:  38%|███▊      | 376/1000 [2:20:24 > 1:23:54]
L-BFGS:  38%|███▊      | 377/1000 [2:19:19 > 1:24:07]
L-BFGS:  38%|███▊      | 378/1000 [2:19:43 > 1:24:21]
L-BFGS:  38%|███▊      | 379/1000 [2:18:19 > 1:24:34]
L-BFGS:  38%|███▊      | 380/1000 [2:17:14 > 1:24:47]
L-BFGS:  38%|███▊      | 381/1000 [2:18:03 > 1:25:00]
L-BFGS:  38%|███▊      | 382/1000 [2:18:36 > 1:25:14]
L-BFGS:  38%|███▊      | 383/1000 [2:17:17 > 1:25:27]
L-BFGS:  38%|███▊      | 384/1000 [2:16:17 > 1:25:40]
L-BFGS:  38%|███▊      | 385/1000 [2:15:29 > 1:25:53]
L-BFGS:  39%|███▊      | 386/1000 [2:14:56 > 1:26:06]
L-BFGS:  39%|███▊      | 387/1000 [2:14:28 > 1:26:20]
L-BFGS:  39%|███▉      | 388/1000 [2:15:43 > 1:26:33]
L-BFGS:  39%|███▉      | 389/1000 [2:14:52 > 1:26:46]
L-BFGS:  39%|███▉      | 390/1000 [2:15:50 > 1:27:00]
L-BFGS:  39%|███▉      | 391/1000 [2:14:48 > 1:27:13]
L-BFGS:  39%|███▉      | 392/1000 [2:15:35 > 1:27:27]
L-BFGS:  39%|███▉      | 393/1000 [2:14:29 > 1:27:40]
L-BFGS:  39%|███▉      | 394/1000 [2:15:14 > 1:27:53]
L-BFGS:  40%|███▉      | 395/1000 [2:14:13 > 1:28:07]
L-BFGS:  40%|███▉      | 396/1000 [2:13:43 > 1:28:20]
L-BFGS:  40%|███▉      | 397/1000 [2:14:58 > 1:28:34]
L-BFGS:  40%|███▉      | 398/1000 [2:14:12 > 1:28:47]
L-BFGS:  40%|███▉      | 399/1000 [2:15:09 > 1:29:01]
L-BFGS:  40%|████      | 400/1000 [2:15:42 > 1:29:14]
L-BFGS:  40%|████      | 401/1000 [2:14:31 > 1:29:28]
L-BFGS:  40%|████      | 402/1000 [2:15:09 > 1:29:41]
L-BFGS:  40%|████      | 403/1000 [2:15:32 > 1:29:55]
L-BFGS:  40%|████      | 404/1000 [2:15:46 > 1:30:09]
L-BFGS:  40%|████      | 405/1000 [2:14:12 > 1:30:22]
L-BFGS:  41%|████      | 406/1000 [2:12:40 > 1:30:35]
L-BFGS:  41%|████      | 407/1000 [2:11:33 > 1:30:48]
L-BFGS:  41%|████      | 408/1000 [2:12:14 > 1:31:02]
L-BFGS:  41%|████      | 409/1000 [2:12:36 > 1:31:15]
L-BFGS:  41%|████      | 410/1000 [2:11:23 > 1:31:29]
L-BFGS:  41%|████      | 411/1000 [2:11:57 > 1:31:42]
L-BFGS:  41%|████      | 412/1000 [2:10:44 > 1:31:55]
L-BFGS:  41%|████▏     | 413/1000 [2:09:46 > 1:32:08]
L-BFGS:  41%|████▏     | 414/1000 [2:10:37 > 1:32:22]
L-BFGS:  42%|████▏     | 415/1000 [2:11:07 > 1:32:36]
L-BFGS:  42%|████▏     | 416/1000 [2:11:25 > 1:32:49]
L-BFGS:  42%|████▏     | 417/1000 [2:11:32 > 1:33:03]
L-BFGS:  42%|████▏     | 418/1000 [2:10:00 > 1:33:16]
L-BFGS:  42%|████▏     | 419/1000 [2:08:51 > 1:33:29]
L-BFGS:  42%|████▏     | 420/1000 [2:09:36 > 1:33:43]
L-BFGS:  42%|████▏     | 421/1000 [2:09:58 > 1:33:56]
L-BFGS:  42%|████▏     | 422/1000 [2:10:10 > 1:34:10]
L-BFGS:  42%|████▏     | 423/1000 [2:08:57 > 1:34:23]
L-BFGS:  42%|████▏     | 424/1000 [2:08:13 > 1:34:36]
L-BFGS:  42%|████▎     | 425/1000 [2:09:09 > 1:34:50]
L-BFGS:  43%|████▎     | 426/1000 [2:08:12 > 1:35:03]
L-BFGS:  43%|████▎     | 427/1000 [2:08:59 > 1:35:17]
L-BFGS:  43%|████▎     | 428/1000 [2:09:31 > 1:35:31]
L-BFGS:  43%|████▎     | 429/1000 [2:09:44 > 1:35:45]
L-BFGS:  43%|████▎     | 430/1000 [2:09:52 > 1:35:58]
L-BFGS:  43%|████▎     | 431/1000 [2:09:56 > 1:36:12]
L-BFGS:  43%|████▎     | 432/1000 [2:08:21 > 1:36:25]
L-BFGS:  43%|████▎     | 433/1000 [2:06:58 > 1:36:39]
L-BFGS:  43%|████▎     | 434/1000 [2:05:48 > 1:36:52]
L-BFGS:  44%|████▎     | 435/1000 [2:04:57 > 1:37:05]
L-BFGS:  44%|████▎     | 436/1000 [2:05:58 > 1:37:18]
L-BFGS:  44%|████▎     | 437/1000 [2:06:26 > 1:37:32]
L-BFGS:  44%|████▍     | 438/1000 [2:06:37 > 1:37:46]
L-BFGS:  44%|████▍     | 439/1000 [2:06:40 > 1:37:59]
L-BFGS:  44%|████▍     | 440/1000 [2:06:38 > 1:38:13]
L-BFGS:  44%|████▍     | 441/1000 [2:05:03 > 1:38:26]
L-BFGS:  44%|████▍     | 442/1000 [2:03:57 > 1:38:39]
L-BFGS:  44%|████▍     | 443/1000 [2:03:04 > 1:38:52]
L-BFGS:  44%|████▍     | 444/1000 [2:02:50 > 1:39:05]
L-BFGS:  44%|████▍     | 445/1000 [2:02:21 > 1:39:19]
L-BFGS:  45%|████▍     | 446/1000 [2:02:00 > 1:39:32]
L-BFGS:  45%|████▍     | 447/1000 [2:02:19 > 1:39:45]
L-BFGS:  45%|████▍     | 448/1000 [2:03:11 > 1:39:59]
L-BFGS:  45%|████▍     | 449/1000 [2:02:14 > 1:40:12]
L-BFGS:  45%|████▌     | 450/1000 [2:03:04 > 1:40:26]
L-BFGS:  45%|████▌     | 451/1000 [2:02:03 > 1:40:39]
L-BFGS:  45%|████▌     | 452/1000 [2:01:28 > 1:40:52]
L-BFGS:  45%|████▌     | 453/1000 [2:00:50 > 1:41:05]
L-BFGS:  45%|████▌     | 454/1000 [2:00:16 > 1:41:18]
L-BFGS:  46%|████▌     | 455/1000 [1:59:54 > 1:41:32]
L-BFGS:  46%|████▌     | 456/1000 [1:59:48 > 1:41:45]
L-BFGS:  46%|████▌     | 457/1000 [1:59:38 > 1:41:58]
L-BFGS:  46%|████▌     | 458/1000 [2:00:57 > 1:42:12]
L-BFGS:  46%|████▌     | 459/1000 [2:00:23 > 1:42:25]
L-BFGS:  46%|████▌     | 460/1000 [2:01:16 > 1:42:39]
L-BFGS:  46%|████▌     | 461/1000 [2:00:16 > 1:42:52]
L-BFGS:  46%|████▌     | 462/1000 [2:00:37 > 1:43:06]
L-BFGS:  46%|████▋     | 463/1000 [1:59:27 > 1:43:19]
L-BFGS:  46%|████▋     | 464/1000 [1:58:34 > 1:43:32]
L-BFGS:  46%|████▋     | 465/1000 [1:57:54 > 1:43:45]
L-BFGS:  47%|████▋     | 466/1000 [1:57:36 > 1:43:58]
L-BFGS:  47%|████▋     | 467/1000 [1:57:05 > 1:44:11]
L-BFGS:  47%|████▋     | 468/1000 [1:56:40 > 1:44:24]
L-BFGS:  47%|████▋     | 469/1000 [1:57:39 > 1:44:38]
L-BFGS:  47%|████▋     | 470/1000 [1:56:55 > 1:44:51]
L-BFGS:  47%|████▋     | 471/1000 [1:56:20 > 1:45:04]
L-BFGS:  47%|████▋     | 472/1000 [1:57:13 > 1:45:18]
L-BFGS:  47%|████▋     | 473/1000 [1:57:50 > 1:45:31]
L-BFGS:  47%|████▋     | 474/1000 [1:56:47 > 1:45:44]
L-BFGS:  48%|████▊     | 475/1000 [1:56:00 > 1:45:58]
L-BFGS:  48%|████▊     | 476/1000 [1:55:22 > 1:46:11]
L-BFGS:  48%|████▊     | 477/1000 [1:54:52 > 1:46:24]
L-BFGS:  48%|████▊     | 478/1000 [1:54:24 > 1:46:37]
L-BFGS:  48%|████▊     | 479/1000 [1:55:41 > 1:46:51]
L-BFGS:  48%|████▊     | 480/1000 [1:55:13 > 1:47:04]
L-BFGS:  48%|████▊     | 481/1000 [1:54:49 > 1:47:17]
L-BFGS:  48%|████▊     | 482/1000 [1:54:30 > 1:47:30]
L-BFGS:  48%|████▊     | 483/1000 [1:55:36 > 1:47:44]
L-BFGS:  48%|████▊     | 484/1000 [1:56:20 > 1:47:58]
L-BFGS:  48%|████▊     | 485/1000 [1:56:43 > 1:48:12]
L-BFGS:  49%|████▊     | 486/1000 [1:55:32 > 1:48:25]
L-BFGS:  49%|████▊     | 487/1000 [1:54:38 > 1:48:38]
L-BFGS:  49%|████▉     | 488/1000 [1:53:58 > 1:48:51]
L-BFGS:  49%|████▉     | 489/1000 [1:54:39 > 1:49:05]
L-BFGS:  49%|████▉     | 490/1000 [1:53:32 > 1:49:18]
L-BFGS:  49%|████▉     | 491/1000 [1:54:00 > 1:49:32]
L-BFGS:  49%|████▉     | 492/1000 [1:54:21 > 1:49:45]
L-BFGS:  49%|████▉     | 493/1000 [1:54:34 > 1:49:59]
L-BFGS:  49%|████▉     | 494/1000 [1:54:29 > 1:50:13]
L-BFGS:  50%|████▉     | 495/1000 [1:53:00 > 1:50:26]
L-BFGS:  50%|████▉     | 496/1000 [1:51:55 > 1:50:39]
L-BFGS:  50%|████▉     | 497/1000 [1:52:27 > 1:50:52]
L-BFGS:  50%|████▉     | 498/1000 [1:51:24 > 1:51:06]
L-BFGS:  50%|████▉     | 499/1000 [1:51:53 > 1:51:19]
L-BFGS:  50%|█████     | 500/1000 [1:50:53 > 1:51:32]
L-BFGS:  50%|█████     | 501/1000 [1:51:26 > 1:51:46]
L-BFGS:  50%|█████     | 502/1000 [1:50:27 > 1:51:59]
L-BFGS:  50%|█████     | 503/1000 [1:49:43 > 1:52:12]
L-BFGS:  50%|█████     | 504/1000 [1:50:26 > 1:52:26]
L-BFGS:  50%|█████     | 505/1000 [1:50:54 > 1:52:39]
L-BFGS:  51%|█████     | 506/1000 [1:49:51 > 1:52:52]
L-BFGS:  51%|█████     | 507/1000 [1:50:47 > 1:53:06]
L-BFGS:  51%|█████     | 508/1000 [1:49:58 > 1:53:20]
L-BFGS:  51%|█████     | 509/1000 [1:49:19 > 1:53:33]
L-BFGS:  51%|█████     | 510/1000 [1:48:46 > 1:53:46]
L-BFGS:  51%|█████     | 511/1000 [1:49:36 > 1:54:00]
L-BFGS:  51%|█████     | 512/1000 [1:48:51 > 1:54:13]
L-BFGS:  51%|█████▏    | 513/1000 [1:49:33 > 1:54:27]
L-BFGS:  51%|█████▏    | 514/1000 [1:50:01 > 1:54:41]
L-BFGS:  52%|█████▏    | 515/1000 [1:48:58 > 1:54:54]
L-BFGS:  52%|█████▏    | 516/1000 [1:48:13 > 1:55:07]
L-BFGS:  52%|█████▏    | 517/1000 [1:48:31 > 1:55:21]
L-BFGS:  52%|█████▏    | 518/1000 [1:47:21 > 1:55:34]
L-BFGS:  52%|█████▏    | 519/1000 [1:47:44 > 1:55:47]
L-BFGS:  52%|█████▏    | 520/1000 [1:47:55 > 1:56:01]
L-BFGS:  52%|█████▏    | 521/1000 [1:47:58 > 1:56:15]
L-BFGS:  52%|█████▏    | 522/1000 [1:46:42 > 1:56:28]
L-BFGS:  52%|█████▏    | 523/1000 [1:45:47 > 1:56:41]
L-BFGS:  52%|█████▏    | 524/1000 [1:46:16 > 1:56:54]
L-BFGS:  52%|█████▎    | 525/1000 [1:45:22 > 1:57:07]
L-BFGS:  53%|█████▎    | 526/1000 [1:44:37 > 1:57:21]
L-BFGS:  53%|█████▎    | 527/1000 [1:45:18 > 1:57:34]
L-BFGS:  53%|█████▎    | 528/1000 [1:45:48 > 1:57:48]
L-BFGS:  53%|█████▎    | 529/1000 [1:46:01 > 1:58:01]
L-BFGS:  53%|█████▎    | 530/1000 [1:44:48 > 1:58:15]
L-BFGS:  53%|█████▎    | 531/1000 [1:43:55 > 1:58:28]
L-BFGS:  53%|█████▎    | 532/1000 [1:43:11 > 1:58:41]
L-BFGS:  53%|█████▎    | 533/1000 [1:43:52 > 1:58:54]
L-BFGS:  53%|█████▎    | 534/1000 [1:44:25 > 1:59:08]
L-BFGS:  54%|█████▎    | 535/1000 [1:43:42 > 1:59:21]
L-BFGS:  54%|█████▎    | 536/1000 [1:43:08 > 1:59:35]
L-BFGS:  54%|█████▎    | 537/1000 [1:42:42 > 1:59:48]
L-BFGS:  54%|█████▍    | 538/1000 [1:42:17 > 2:00:01]
L-BFGS:  54%|█████▍    | 539/1000 [1:43:11 > 2:00:15]
L-BFGS:  54%|█████▍    | 540/1000 [1:43:44 > 2:00:29]
L-BFGS:  54%|█████▍    | 541/1000 [1:42:52 > 2:00:42]
L-BFGS:  54%|█████▍    | 542/1000 [1:43:22 > 2:00:56]
L-BFGS:  54%|█████▍    | 543/1000 [1:42:26 > 2:01:09]
L-BFGS:  54%|█████▍    | 544/1000 [1:42:56 > 2:01:23]
L-BFGS:  55%|█████▍    | 545/1000 [1:42:52 > 2:01:36]
L-BFGS:  55%|█████▍    | 546/1000 [1:41:36 > 2:01:49]
L-BFGS:  55%|█████▍    | 547/1000 [1:41:50 > 2:02:03]
L-BFGS:  55%|█████▍    | 548/1000 [1:40:42 > 2:02:16]
L-BFGS:  55%|█████▍    | 549/1000 [1:39:52 > 2:02:29]
L-BFGS:  55%|█████▌    | 550/1000 [1:39:14 > 2:02:42]
L-BFGS:  55%|█████▌    | 551/1000 [1:39:55 > 2:02:56]
L-BFGS:  55%|█████▌    | 552/1000 [1:39:07 > 2:03:09]
L-BFGS:  55%|█████▌    | 553/1000 [1:39:41 > 2:03:23]
L-BFGS:  55%|█████▌    | 554/1000 [1:39:58 > 2:03:36]
L-BFGS:  56%|█████▌    | 555/1000 [1:38:55 > 2:03:49]
L-BFGS:  56%|█████▌    | 556/1000 [1:39:17 > 2:04:03]
L-BFGS:  56%|█████▌    | 557/1000 [1:39:28 > 2:04:16]
L-BFGS:  56%|█████▌    | 558/1000 [1:38:27 > 2:04:30]
L-BFGS:  56%|█████▌    | 559/1000 [1:37:39 > 2:04:43]
L-BFGS:  56%|█████▌    | 560/1000 [1:36:59 > 2:04:56]
L-BFGS:  56%|█████▌    | 561/1000 [1:37:35 > 2:05:09]
L-BFGS:  56%|█████▌    | 562/1000 [1:38:03 > 2:05:23]
L-BFGS:  56%|█████▋    | 563/1000 [1:37:23 > 2:05:36]
L-BFGS:  56%|█████▋    | 564/1000 [1:38:06 > 2:05:50]
L-BFGS:  56%|█████▋    | 565/1000 [1:37:16 > 2:06:03]
L-BFGS:  57%|█████▋    | 566/1000 [1:36:42 > 2:06:16]
L-BFGS:  57%|█████▋    | 567/1000 [1:36:10 > 2:06:30]
L-BFGS:  57%|█████▋    | 568/1000 [1:35:50 > 2:06:43]
L-BFGS:  57%|█████▋    | 569/1000 [1:36:36 > 2:06:57]
L-BFGS:  57%|█████▋    | 570/1000 [1:35:58 > 2:07:10]
L-BFGS:  57%|█████▋    | 571/1000 [1:35:24 > 2:07:23]
L-BFGS:  57%|█████▋    | 572/1000 [1:34:56 > 2:07:36]
L-BFGS:  57%|█████▋    | 573/1000 [1:35:23 > 2:07:50]
L-BFGS:  57%|█████▋    | 574/1000 [1:35:38 > 2:08:04]
L-BFGS:  57%|█████▊    | 575/1000 [1:34:36 > 2:08:17]
L-BFGS:  58%|█████▊    | 576/1000 [1:34:56 > 2:08:30]
L-BFGS:  58%|█████▊    | 577/1000 [1:33:59 > 2:08:44]
L-BFGS:  58%|█████▊    | 578/1000 [1:33:18 > 2:08:57]
L-BFGS:  58%|█████▊    | 579/1000 [1:33:48 > 2:09:10]
L-BFGS:  58%|█████▊    | 580/1000 [1:33:00 > 2:09:23]
L-BFGS:  58%|█████▊    | 581/1000 [1:33:30 > 2:09:37]
L-BFGS:  58%|█████▊    | 582/1000 [1:32:45 > 2:09:50]
L-BFGS:  58%|█████▊    | 583/1000 [1:33:09 > 2:10:04]
L-BFGS:  58%|█████▊    | 584/1000 [1:33:20 > 2:10:17]
L-BFGS:  58%|█████▊    | 585/1000 [1:32:19 > 2:10:30]
L-BFGS:  59%|█████▊    | 586/1000 [1:32:40 > 2:10:44]
L-BFGS:  59%|█████▊    | 587/1000 [1:31:53 > 2:10:57]
L-BFGS:  59%|█████▉    | 588/1000 [1:32:13 > 2:11:11]
L-BFGS:  59%|█████▉    | 589/1000 [1:31:18 > 2:11:24]
L-BFGS:  59%|█████▉    | 590/1000 [1:31:52 > 2:11:38]
L-BFGS:  59%|█████▉    | 591/1000 [1:32:18 > 2:11:51]
L-BFGS:  59%|█████▉    | 592/1000 [1:31:32 > 2:12:05]
L-BFGS:  59%|█████▉    | 593/1000 [1:31:58 > 2:12:18]
L-BFGS:  59%|█████▉    | 594/1000 [1:32:11 > 2:12:32]
L-BFGS:  60%|█████▉    | 595/1000 [1:31:09 > 2:12:45]
L-BFGS:  60%|█████▉    | 596/1000 [1:30:23 > 2:12:59]
L-BFGS:  60%|█████▉    | 597/1000 [1:30:54 > 2:13:12]
L-BFGS:  60%|█████▉    | 598/1000 [1:31:04 > 2:13:26]
L-BFGS:  60%|█████▉    | 599/1000 [1:31:12 > 2:13:40]
L-BFGS:  60%|██████    | 600/1000 [1:30:06 > 2:13:53]
L-BFGS:  60%|██████    | 601/1000 [1:29:03 > 2:14:06]
L-BFGS:  60%|██████    | 602/1000 [1:28:19 > 2:14:19]
L-BFGS:  60%|██████    | 603/1000 [1:27:39 > 2:14:33]
L-BFGS:  60%|██████    | 604/1000 [1:28:10 > 2:14:46]
L-BFGS:  60%|██████    | 605/1000 [1:27:26 > 2:14:59]
L-BFGS:  61%|██████    | 606/1000 [1:27:50 > 2:15:13]
L-BFGS:  61%|██████    | 607/1000 [1:27:04 > 2:15:26]
L-BFGS:  61%|██████    | 608/1000 [1:26:27 > 2:15:39]
L-BFGS:  61%|██████    | 609/1000 [1:27:00 > 2:15:53]
L-BFGS:  61%|██████    | 610/1000 [1:26:16 > 2:16:06]
L-BFGS:  61%|██████    | 611/1000 [1:25:42 > 2:16:19]
L-BFGS:  61%|██████    | 612/1000 [1:25:14 > 2:16:32]
L-BFGS:  61%|██████▏   | 613/1000 [1:24:56 > 2:16:45]
L-BFGS:  61%|██████▏   | 614/1000 [1:24:39 > 2:16:58]
L-BFGS:  62%|██████▏   | 615/1000 [1:25:19 > 2:17:12]
L-BFGS:  62%|██████▏   | 616/1000 [1:23:56 > 2:17:25]
L-BFGS:  62%|██████▏   | 617/1000 [1:23:55 > 2:17:38]
L-BFGS:  62%|██████▏   | 618/1000 [1:24:51 > 2:17:52]
L-BFGS:  62%|██████▏   | 619/1000 [1:24:27 > 2:18:05]
L-BFGS:  62%|██████▏   | 620/1000 [1:25:09 > 2:18:19]
L-BFGS:  62%|██████▏   | 621/1000 [1:25:32 > 2:18:32]
L-BFGS:  62%|██████▏   | 622/1000 [1:24:45 > 2:18:46]
L-BFGS:  62%|██████▏   | 623/1000 [1:24:07 > 2:18:59]
L-BFGS:  62%|██████▏   | 624/1000 [1:23:37 > 2:19:12]
L-BFGS:  62%|██████▎   | 625/1000 [1:24:13 > 2:19:26]
L-BFGS:  63%|██████▎   | 626/1000 [1:23:31 > 2:19:39]
L-BFGS:  63%|██████▎   | 627/1000 [1:22:52 > 2:19:52]
L-BFGS:  63%|██████▎   | 628/1000 [1:22:15 > 2:20:05]
L-BFGS:  63%|██████▎   | 629/1000 [1:21:42 > 2:20:18]
L-BFGS:  63%|██████▎   | 630/1000 [1:22:12 > 2:20:32]
L-BFGS:  63%|██████▎   | 631/1000 [1:22:32 > 2:20:46]
L-BFGS:  63%|██████▎   | 632/1000 [1:21:42 > 2:20:59]
L-BFGS:  63%|██████▎   | 633/1000 [1:21:05 > 2:21:12]
L-BFGS:  63%|██████▎   | 634/1000 [1:21:33 > 2:21:25]
L-BFGS:  64%|██████▎   | 635/1000 [1:20:50 > 2:21:39]
L-BFGS:  64%|██████▎   | 636/1000 [1:20:15 > 2:21:52]
L-BFGS:  64%|██████▎   | 637/1000 [1:20:44 > 2:22:05]
L-BFGS:  64%|██████▍   | 638/1000 [1:21:00 > 2:22:19]
L-BFGS:  64%|██████▍   | 639/1000 [1:20:09 > 2:22:32]
L-BFGS:  64%|██████▍   | 640/1000 [1:20:27 > 2:22:46]
L-BFGS:  64%|██████▍   | 641/1000 [1:19:46 > 2:22:59]
L-BFGS:  64%|██████▍   | 642/1000 [1:20:07 > 2:23:12]
L-BFGS:  64%|██████▍   | 643/1000 [1:19:17 > 2:23:25]
L-BFGS:  64%|██████▍   | 644/1000 [1:18:39 > 2:23:39]
L-BFGS:  64%|██████▍   | 645/1000 [1:18:22 > 2:23:52]
L-BFGS:  65%|██████▍   | 646/1000 [1:19:04 > 2:24:06]
L-BFGS:  65%|██████▍   | 647/1000 [1:18:33 > 2:24:19]
L-BFGS:  65%|██████▍   | 648/1000 [1:18:12 > 2:24:32]
L-BFGS:  65%|██████▍   | 649/1000 [1:17:52 > 2:24:45]
L-BFGS:  65%|██████▌   | 650/1000 [1:17:30 > 2:24:59]
L-BFGS:  65%|██████▌   | 651/1000 [1:18:05 > 2:25:12]
L-BFGS:  65%|██████▌   | 652/1000 [1:17:30 > 2:25:26]
L-BFGS:  65%|██████▌   | 653/1000 [1:17:04 > 2:25:39]
L-BFGS:  65%|██████▌   | 654/1000 [1:16:40 > 2:25:52]
L-BFGS:  66%|██████▌   | 655/1000 [1:16:12 > 2:26:05]
L-BFGS:  66%|██████▌   | 656/1000 [1:15:41 > 2:26:18]
L-BFGS:  66%|██████▌   | 657/1000 [1:15:19 > 2:26:31]
L-BFGS:  66%|██████▌   | 658/1000 [1:14:59 > 2:26:44]
L-BFGS:  66%|██████▌   | 659/1000 [1:15:35 > 2:26:58]
L-BFGS:  66%|██████▌   | 660/1000 [1:15:17 > 2:27:11]
L-BFGS:  66%|██████▌   | 661/1000 [1:15:37 > 2:27:25]
L-BFGS:  66%|██████▌   | 662/1000 [1:14:53 > 2:27:38]
L-BFGS:  66%|██████▋   | 663/1000 [1:14:19 > 2:27:51]
L-BFGS:  66%|██████▋   | 664/1000 [1:13:54 > 2:28:04]
L-BFGS:  66%|██████▋   | 665/1000 [1:13:29 > 2:28:17]
L-BFGS:  67%|██████▋   | 666/1000 [1:13:11 > 2:28:30]
L-BFGS:  67%|██████▋   | 667/1000 [1:12:53 > 2:28:44]
L-BFGS:  67%|██████▋   | 668/1000 [1:12:36 > 2:28:57]
L-BFGS:  67%|██████▋   | 669/1000 [1:12:19 > 2:29:10]
L-BFGS:  67%|██████▋   | 670/1000 [1:12:55 > 2:29:23]
L-BFGS:  67%|██████▋   | 671/1000 [1:13:18 > 2:29:37]
L-BFGS:  67%|██████▋   | 672/1000 [1:13:34 > 2:29:51]
L-BFGS:  67%|██████▋   | 673/1000 [1:13:50 > 2:30:04]
L-BFGS:  67%|██████▋   | 674/1000 [1:13:57 > 2:30:18]
L-BFGS:  68%|██████▊   | 675/1000 [1:13:08 > 2:30:31]
L-BFGS:  68%|██████▊   | 676/1000 [1:13:20 > 2:30:45]
L-BFGS:  68%|██████▊   | 677/1000 [1:12:33 > 2:30:58]
L-BFGS:  68%|██████▊   | 678/1000 [1:12:48 > 2:31:12]
L-BFGS:  68%|██████▊   | 679/1000 [1:12:02 > 2:31:25]
L-BFGS:  68%|██████▊   | 680/1000 [1:11:22 > 2:31:39]
L-BFGS:  68%|██████▊   | 681/1000 [1:11:39 > 2:31:52]
L-BFGS:  68%|██████▊   | 682/1000 [1:11:55 > 2:32:06]
L-BFGS:  68%|██████▊   | 683/1000 [1:11:04 > 2:32:19]
L-BFGS:  68%|██████▊   | 684/1000 [1:10:17 > 2:32:32]
L-BFGS:  68%|██████▊   | 685/1000 [1:09:45 > 2:32:46]
L-BFGS:  69%|██████▊   | 686/1000 [1:09:20 > 2:32:59]
L-BFGS:  69%|██████▊   | 687/1000 [1:08:55 > 2:33:12]
L-BFGS:  69%|██████▉   | 688/1000 [1:09:22 > 2:33:25]
L-BFGS:  69%|██████▉   | 689/1000 [1:08:50 > 2:33:39]
L-BFGS:  69%|██████▉   | 690/1000 [1:08:27 > 2:33:52]
L-BFGS:  69%|██████▉   | 691/1000 [1:08:48 > 2:34:05]
L-BFGS:  69%|██████▉   | 692/1000 [1:08:59 > 2:34:19]
L-BFGS:  69%|██████▉   | 693/1000 [1:09:05 > 2:34:33]
L-BFGS:  69%|██████▉   | 694/1000 [1:08:19 > 2:34:46]
L-BFGS:  70%|██████▉   | 695/1000 [1:08:27 > 2:34:59]
L-BFGS:  70%|██████▉   | 696/1000 [1:07:43 > 2:35:13]
L-BFGS:  70%|██████▉   | 697/1000 [1:07:53 > 2:35:26]
L-BFGS:  70%|██████▉   | 698/1000 [1:07:58 > 2:35:40]
L-BFGS:  70%|██████▉   | 699/1000 [1:07:56 > 2:35:53]
L-BFGS:  70%|███████   | 700/1000 [1:07:05 > 2:36:07]
L-BFGS:  70%|███████   | 701/1000 [1:07:22 > 2:36:20]
L-BFGS:  70%|███████   | 702/1000 [1:06:45 > 2:36:34]
L-BFGS:  70%|███████   | 703/1000 [1:06:12 > 2:36:47]
L-BFGS:  70%|███████   | 704/1000 [1:06:25 > 2:37:01]
L-BFGS:  70%|███████   | 705/1000 [1:05:48 > 2:37:14]
L-BFGS:  71%|███████   | 706/1000 [1:06:01 > 2:37:27]
L-BFGS:  71%|███████   | 707/1000 [1:06:10 > 2:37:41]
L-BFGS:  71%|███████   | 708/1000 [1:06:14 > 2:37:55]
L-BFGS:  71%|███████   | 709/1000 [1:06:14 > 2:38:09]
L-BFGS:  71%|███████   | 710/1000 [1:05:27 > 2:38:22]
L-BFGS:  71%|███████   | 711/1000 [1:05:31 > 2:38:36]
L-BFGS:  71%|███████   | 712/1000 [1:04:37 > 2:38:49]
L-BFGS:  71%|███████▏  | 713/1000 [1:03:53 > 2:39:02]
L-BFGS:  71%|███████▏  | 714/1000 [1:03:16 > 2:39:15]
L-BFGS:  72%|███████▏  | 715/1000 [1:03:31 > 2:39:29]
L-BFGS:  72%|███████▏  | 716/1000 [1:02:56 > 2:39:42]
L-BFGS:  72%|███████▏  | 717/1000 [1:02:36 > 2:39:55]
L-BFGS:  72%|███████▏  | 718/1000 [1:02:10 > 2:40:08]
L-BFGS:  72%|███████▏  | 719/1000 [1:02:31 > 2:40:22]
L-BFGS:  72%|███████▏  | 720/1000 [1:02:40 > 2:40:35]
L-BFGS:  72%|███████▏  | 721/1000 [1:02:42 > 2:40:49]
L-BFGS:  72%|███████▏  | 722/1000 [1:01:57 > 2:41:02]
L-BFGS:  72%|███████▏  | 723/1000 [1:01:21 > 2:41:15]
L-BFGS:  72%|███████▏  | 724/1000 [1:00:55 > 2:41:28]
L-BFGS:  72%|███████▎  | 725/1000 [1:00:32 > 2:41:41]
L-BFGS:  73%|███████▎  | 726/1000 [1:00:56 > 2:41:55]
L-BFGS:  73%|███████▎  | 727/1000 [1:00:25 > 2:42:08]
L-BFGS:  73%|███████▎  | 728/1000 [1:00:41 > 2:42:22]
L-BFGS:  73%|███████▎  | 729/1000 [1:00:51 > 2:42:36]
L-BFGS:  73%|███████▎  | 730/1000 [1:00:10 > 2:42:49]
L-BFGS:  73%|███████▎  | 731/1000 [1:00:28 > 2:43:02]
L-BFGS:  73%|███████▎  | 732/1000 [1:00:35 > 2:43:16]
L-BFGS:  73%|███████▎  | 733/1000 [1:00:30 > 2:43:30]
L-BFGS:  73%|███████▎  | 734/1000 [59:39 > 2:43:43]  
L-BFGS:  74%|███████▎  | 735/1000 [59:00 > 2:43:56]
L-BFGS:  74%|███████▎  | 736/1000 [59:16 > 2:44:10]
L-BFGS:  74%|███████▎  | 737/1000 [58:42 > 2:44:23]
L-BFGS:  74%|███████▍  | 738/1000 [58:14 > 2:44:36]
L-BFGS:  74%|███████▍  | 739/1000 [57:53 > 2:44:49]
L-BFGS:  74%|███████▍  | 740/1000 [57:35 > 2:45:03]
L-BFGS:  74%|███████▍  | 741/1000 [57:16 > 2:45:16]
L-BFGS:  74%|███████▍  | 742/1000 [57:30 > 2:45:30]
L-BFGS:  74%|███████▍  | 743/1000 [57:36 > 2:45:43]
L-BFGS:  74%|███████▍  | 744/1000 [57:35 > 2:45:57]
L-BFGS:  74%|███████▍  | 745/1000 [56:50 > 2:46:10]
L-BFGS:  75%|███████▍  | 746/1000 [56:16 > 2:46:23]
L-BFGS:  75%|███████▍  | 747/1000 [56:27 > 2:46:37]
L-BFGS:  75%|███████▍  | 748/1000 [55:54 > 2:46:50]
L-BFGS:  75%|███████▍  | 749/1000 [55:25 > 2:47:03]
L-BFGS:  75%|███████▌  | 750/1000 [55:00 > 2:47:16]
L-BFGS:  75%|███████▌  | 751/1000 [54:40 > 2:47:29]
L-BFGS:  75%|███████▌  | 752/1000 [54:21 > 2:47:42]
L-BFGS:  75%|███████▌  | 753/1000 [54:41 > 2:47:56]
L-BFGS:  75%|███████▌  | 754/1000 [54:15 > 2:48:09]
L-BFGS:  76%|███████▌  | 755/1000 [53:51 > 2:48:22]
L-BFGS:  76%|███████▌  | 756/1000 [54:10 > 2:48:36]
L-BFGS:  76%|███████▌  | 757/1000 [54:19 > 2:48:49]
L-BFGS:  76%|███████▌  | 758/1000 [54:21 > 2:49:03]
L-BFGS:  76%|███████▌  | 759/1000 [54:23 > 2:49:16]
L-BFGS:  76%|███████▌  | 760/1000 [54:27 > 2:49:30]
L-BFGS:  76%|███████▌  | 761/1000 [53:47 > 2:49:44]
L-BFGS:  76%|███████▌  | 762/1000 [53:53 > 2:49:57]
L-BFGS:  76%|███████▋  | 763/1000 [53:53 > 2:50:11]
L-BFGS:  76%|███████▋  | 764/1000 [53:48 > 2:50:25]
L-BFGS:  76%|███████▋  | 765/1000 [53:02 > 2:50:38]
L-BFGS:  77%|███████▋  | 766/1000 [52:29 > 2:50:51]
L-BFGS:  77%|███████▋  | 767/1000 [52:39 > 2:51:05]
L-BFGS:  77%|███████▋  | 768/1000 [52:03 > 2:51:18]
L-BFGS:  77%|███████▋  | 769/1000 [52:06 > 2:51:32]
L-BFGS:  77%|███████▋  | 770/1000 [51:24 > 2:51:45]
L-BFGS:  77%|███████▋  | 771/1000 [50:49 > 2:51:58]
L-BFGS:  77%|███████▋  | 772/1000 [50:58 > 2:52:12]
L-BFGS:  77%|███████▋  | 773/1000 [50:23 > 2:52:25]
L-BFGS:  77%|███████▋  | 774/1000 [49:56 > 2:52:38]
L-BFGS:  78%|███████▊  | 775/1000 [50:08 > 2:52:52]
L-BFGS:  78%|███████▊  | 776/1000 [49:36 > 2:53:05]
L-BFGS:  78%|███████▊  | 777/1000 [49:49 > 2:53:19]
L-BFGS:  78%|███████▊  | 778/1000 [49:15 > 2:53:32]
L-BFGS:  78%|███████▊  | 779/1000 [49:24 > 2:53:45]
L-BFGS:  78%|███████▊  | 780/1000 [49:24 > 2:53:59]
L-BFGS:  78%|███████▊  | 781/1000 [48:46 > 2:54:12]
L-BFGS:  78%|███████▊  | 782/1000 [48:51 > 2:54:26]
L-BFGS:  78%|███████▊  | 783/1000 [48:56 > 2:54:39]
L-BFGS:  78%|███████▊  | 784/1000 [48:47 > 2:54:53]
L-BFGS:  78%|███████▊  | 785/1000 [48:38 > 2:55:07]
L-BFGS:  79%|███████▊  | 786/1000 [47:58 > 2:55:20]
L-BFGS:  79%|███████▊  | 787/1000 [48:04 > 2:55:34]
L-BFGS:  79%|███████▉  | 788/1000 [47:30 > 2:55:47]
L-BFGS:  79%|███████▉  | 789/1000 [47:03 > 2:56:00]
L-BFGS:  79%|███████▉  | 790/1000 [47:12 > 2:56:14]
L-BFGS:  79%|███████▉  | 791/1000 [47:15 > 2:56:27]
L-BFGS:  79%|███████▉  | 792/1000 [47:12 > 2:56:41]
L-BFGS:  79%|███████▉  | 793/1000 [46:34 > 2:56:54]
L-BFGS:  79%|███████▉  | 794/1000 [46:39 > 2:57:08]
L-BFGS:  80%|███████▉  | 795/1000 [46:05 > 2:57:21]
L-BFGS:  80%|███████▉  | 796/1000 [45:37 > 2:57:35]
L-BFGS:  80%|███████▉  | 797/1000 [45:04 > 2:57:48]
L-BFGS:  80%|███████▉  | 798/1000 [44:37 > 2:58:01]
L-BFGS:  80%|███████▉  | 799/1000 [44:45 > 2:58:15]
L-BFGS:  80%|████████  | 800/1000 [44:18 > 2:58:28]
L-BFGS:  80%|████████  | 801/1000 [44:24 > 2:58:41]
L-BFGS:  80%|████████  | 802/1000 [44:25 > 2:58:55]
L-BFGS:  80%|████████  | 803/1000 [44:22 > 2:59:09]
L-BFGS:  80%|████████  | 804/1000 [44:16 > 2:59:22]
L-BFGS:  80%|████████  | 805/1000 [43:37 > 2:59:35]
L-BFGS:  81%|████████  | 806/1000 [43:36 > 2:59:49]
L-BFGS:  81%|████████  | 807/1000 [43:30 > 3:00:03]
L-BFGS:  81%|████████  | 808/1000 [43:22 > 3:00:16]
L-BFGS:  81%|████████  | 809/1000 [42:43 > 3:00:29]
L-BFGS:  81%|████████  | 810/1000 [42:11 > 3:00:42]
L-BFGS:  81%|████████  | 811/1000 [41:45 > 3:00:56]
L-BFGS:  81%|████████  | 812/1000 [41:23 > 3:01:09]
L-BFGS:  81%|████████▏ | 813/1000 [41:03 > 3:01:22]
L-BFGS:  81%|████████▏ | 814/1000 [41:17 > 3:01:35]
L-BFGS:  82%|████████▏ | 815/1000 [41:27 > 3:01:49]
L-BFGS:  82%|████████▏ | 816/1000 [41:01 > 3:02:02]
L-BFGS:  82%|████████▏ | 817/1000 [41:10 > 3:02:16]
L-BFGS:  82%|████████▏ | 818/1000 [40:43 > 3:02:29]
L-BFGS:  82%|████████▏ | 819/1000 [40:21 > 3:02:43]
L-BFGS:  82%|████████▏ | 820/1000 [40:29 > 3:02:56]
L-BFGS:  82%|████████▏ | 821/1000 [40:04 > 3:03:10]
L-BFGS:  82%|████████▏ | 822/1000 [39:40 > 3:03:23]
L-BFGS:  82%|████████▏ | 823/1000 [39:19 > 3:03:36]
L-BFGS:  82%|████████▏ | 824/1000 [39:01 > 3:03:49]
L-BFGS:  82%|████████▎ | 825/1000 [38:37 > 3:04:02]
L-BFGS:  83%|████████▎ | 826/1000 [38:44 > 3:04:16]
L-BFGS:  83%|████████▎ | 827/1000 [38:17 > 3:04:29]
L-BFGS:  83%|████████▎ | 828/1000 [38:21 > 3:04:43]
L-BFGS:  83%|████████▎ | 829/1000 [38:26 > 3:04:57]
L-BFGS:  83%|████████▎ | 830/1000 [37:54 > 3:05:10]
L-BFGS:  83%|████████▎ | 831/1000 [37:53 > 3:05:23]
L-BFGS:  83%|████████▎ | 832/1000 [37:48 > 3:05:37]
L-BFGS:  83%|████████▎ | 833/1000 [37:41 > 3:05:51]
L-BFGS:  83%|████████▎ | 834/1000 [37:31 > 3:06:04]
L-BFGS:  84%|████████▎ | 835/1000 [36:54 > 3:06:17]
L-BFGS:  84%|████████▎ | 836/1000 [36:52 > 3:06:31]
L-BFGS:  84%|████████▎ | 837/1000 [36:19 > 3:06:44]
L-BFGS:  84%|████████▍ | 838/1000 [35:52 > 3:06:57]
L-BFGS:  84%|████████▍ | 839/1000 [35:56 > 3:07:11]
L-BFGS:  84%|████████▍ | 840/1000 [35:28 > 3:07:24]
L-BFGS:  84%|████████▍ | 841/1000 [35:07 > 3:07:37]
L-BFGS:  84%|████████▍ | 842/1000 [35:18 > 3:07:51]
L-BFGS:  84%|████████▍ | 843/1000 [35:23 > 3:08:05]
L-BFGS:  84%|████████▍ | 844/1000 [35:20 > 3:08:18]
L-BFGS:  84%|████████▍ | 845/1000 [35:13 > 3:08:32]
L-BFGS:  85%|████████▍ | 846/1000 [34:40 > 3:08:45]
L-BFGS:  85%|████████▍ | 847/1000 [34:40 > 3:08:59]
L-BFGS:  85%|████████▍ | 848/1000 [34:10 > 3:09:12]
L-BFGS:  85%|████████▍ | 849/1000 [34:09 > 3:09:26]
L-BFGS:  85%|████████▌ | 850/1000 [34:03 > 3:09:40]
L-BFGS:  85%|████████▌ | 851/1000 [33:56 > 3:09:54]
L-BFGS:  85%|████████▌ | 852/1000 [33:42 > 3:10:07]
L-BFGS:  85%|████████▌ | 853/1000 [33:27 > 3:10:21]
L-BFGS:  85%|████████▌ | 854/1000 [33:11 > 3:10:34]
L-BFGS:  86%|████████▌ | 855/1000 [32:33 > 3:10:48]
L-BFGS:  86%|████████▌ | 856/1000 [32:26 > 3:11:01]
L-BFGS:  86%|████████▌ | 857/1000 [31:56 > 3:11:14]
L-BFGS:  86%|████████▌ | 858/1000 [31:53 > 3:11:28]
L-BFGS:  86%|████████▌ | 859/1000 [31:24 > 3:11:41]
L-BFGS:  86%|████████▌ | 860/1000 [30:59 > 3:11:54]
L-BFGS:  86%|████████▌ | 861/1000 [31:00 > 3:12:08]
L-BFGS:  86%|████████▌ | 862/1000 [30:35 > 3:12:21]
L-BFGS:  86%|████████▋ | 863/1000 [30:36 > 3:12:35]
L-BFGS:  86%|████████▋ | 864/1000 [30:34 > 3:12:48]
L-BFGS:  86%|████████▋ | 865/1000 [30:05 > 3:13:01]
L-BFGS:  87%|████████▋ | 866/1000 [29:41 > 3:13:14]
L-BFGS:  87%|████████▋ | 867/1000 [29:20 > 3:13:28]
L-BFGS:  87%|████████▋ | 868/1000 [29:01 > 3:13:41]
L-BFGS:  87%|████████▋ | 869/1000 [29:06 > 3:13:54]
L-BFGS:  87%|████████▋ | 870/1000 [28:49 > 3:14:08]
L-BFGS:  87%|████████▋ | 871/1000 [28:54 > 3:14:21]
L-BFGS:  87%|████████▋ | 872/1000 [28:56 > 3:14:35]
L-BFGS:  87%|████████▋ | 873/1000 [28:51 > 3:14:49]
L-BFGS:  87%|████████▋ | 874/1000 [28:43 > 3:15:03]
L-BFGS:  88%|████████▊ | 875/1000 [28:13 > 3:15:16]
L-BFGS:  88%|████████▊ | 876/1000 [28:07 > 3:15:30]
L-BFGS:  88%|████████▊ | 877/1000 [27:59 > 3:15:44]
L-BFGS:  88%|████████▊ | 878/1000 [27:32 > 3:15:57]
L-BFGS:  88%|████████▊ | 879/1000 [27:06 > 3:16:10]
L-BFGS:  88%|████████▊ | 880/1000 [26:41 > 3:16:23]
L-BFGS:  88%|████████▊ | 881/1000 [26:18 > 3:16:36]
L-BFGS:  88%|████████▊ | 882/1000 [25:59 > 3:16:49]
L-BFGS:  88%|████████▊ | 883/1000 [25:42 > 3:17:02]
L-BFGS:  88%|████████▊ | 884/1000 [25:27 > 3:17:16]
L-BFGS:  88%|████████▊ | 885/1000 [25:30 > 3:17:29]
L-BFGS:  89%|████████▊ | 886/1000 [25:27 > 3:17:43]
L-BFGS:  89%|████████▊ | 887/1000 [25:04 > 3:17:56]
L-BFGS:  89%|████████▉ | 888/1000 [24:44 > 3:18:09]
L-BFGS:  89%|████████▉ | 889/1000 [24:25 > 3:18:22]
L-BFGS:  89%|████████▉ | 890/1000 [24:08 > 3:18:35]
L-BFGS:  89%|████████▉ | 891/1000 [23:53 > 3:18:48]
L-BFGS:  89%|████████▉ | 892/1000 [23:39 > 3:19:01]
L-BFGS:  89%|████████▉ | 893/1000 [23:42 > 3:19:15]
L-BFGS:  89%|████████▉ | 894/1000 [23:23 > 3:19:28]
L-BFGS:  90%|████████▉ | 895/1000 [23:06 > 3:19:41]
L-BFGS:  90%|████████▉ | 896/1000 [23:06 > 3:19:55]
L-BFGS:  90%|████████▉ | 897/1000 [22:48 > 3:20:08]
L-BFGS:  90%|████████▉ | 898/1000 [22:33 > 3:20:21]
L-BFGS:  90%|████████▉ | 899/1000 [22:35 > 3:20:35]
L-BFGS:  90%|█████████ | 900/1000 [22:32 > 3:20:49]
L-BFGS:  90%|█████████ | 901/1000 [22:11 > 3:21:02]
L-BFGS:  90%|█████████ | 902/1000 [21:51 > 3:21:15]
L-BFGS:  90%|█████████ | 903/1000 [21:34 > 3:21:29]
L-BFGS:  90%|█████████ | 904/1000 [21:17 > 3:21:42]
L-BFGS:  90%|█████████ | 905/1000 [21:02 > 3:21:55]
L-BFGS:  91%|█████████ | 906/1000 [21:03 > 3:22:09]
L-BFGS:  91%|█████████ | 907/1000 [20:58 > 3:22:23]
L-BFGS:  91%|█████████ | 908/1000 [20:47 > 3:22:36]
L-BFGS:  91%|█████████ | 909/1000 [20:21 > 3:22:49]
L-BFGS:  91%|█████████ | 910/1000 [19:59 > 3:23:02]
L-BFGS:  91%|█████████ | 911/1000 [19:39 > 3:23:16]
L-BFGS:  91%|█████████ | 912/1000 [19:36 > 3:23:29]
L-BFGS:  91%|█████████▏| 913/1000 [19:29 > 3:23:43]
L-BFGS:  91%|█████████▏| 914/1000 [19:06 > 3:23:56]
L-BFGS:  92%|█████████▏| 915/1000 [19:00 > 3:24:10]
L-BFGS:  92%|█████████▏| 916/1000 [18:52 > 3:24:23]
L-BFGS:  92%|█████████▏| 917/1000 [18:42 > 3:24:37]
L-BFGS:  92%|█████████▏| 918/1000 [18:31 > 3:24:50]
L-BFGS:  92%|█████████▏| 919/1000 [18:07 > 3:25:04]
L-BFGS:  92%|█████████▏| 920/1000 [17:46 > 3:25:17]
L-BFGS:  92%|█████████▏| 921/1000 [17:39 > 3:25:30]
L-BFGS:  92%|█████████▏| 922/1000 [17:19 > 3:25:43]
L-BFGS:  92%|█████████▏| 923/1000 [17:01 > 3:25:57]
L-BFGS:  92%|█████████▏| 924/1000 [16:45 > 3:26:10]
L-BFGS:  92%|█████████▎| 925/1000 [16:31 > 3:26:23]
L-BFGS:  93%|█████████▎| 926/1000 [16:18 > 3:26:36]
L-BFGS:  93%|█████████▎| 927/1000 [16:16 > 3:26:50]
L-BFGS:  93%|█████████▎| 928/1000 [16:00 > 3:27:03]
L-BFGS:  93%|█████████▎| 929/1000 [15:56 > 3:27:17]
L-BFGS:  93%|█████████▎| 930/1000 [15:37 > 3:27:30]
L-BFGS:  93%|█████████▎| 931/1000 [15:21 > 3:27:43]
L-BFGS:  93%|█████████▎| 932/1000 [11:29 > 3:27:46]
L-BFGS:  93%|█████████▎| 933/1000 [12:21 > 3:27:59]
L-BFGS:  93%|█████████▎| 934/1000 [12:53 > 3:28:12]
L-BFGS:  94%|█████████▎| 935/1000 [13:21 > 3:28:26]
L-BFGS:  94%|█████████▎| 936/1000 [13:35 > 3:28:40]
L-BFGS:  94%|█████████▎| 937/1000 [13:29 > 3:28:53]
L-BFGS:  94%|█████████▍| 938/1000 [13:31 > 3:29:07]
L-BFGS:  94%|█████████▍| 939/1000 [13:28 > 3:29:20]
L-BFGS:  94%|█████████▍| 940/1000 [13:21 > 3:29:34]
L-BFGS:  94%|█████████▍| 941/1000 [13:12 > 3:29:48]
L-BFGS:  94%|█████████▍| 942/1000 [12:53 > 3:30:01]
L-BFGS:  94%|█████████▍| 943/1000 [12:45 > 3:30:14]
L-BFGS:  94%|█████████▍| 944/1000 [12:35 > 3:30:28]
L-BFGS:  94%|█████████▍| 945/1000 [12:15 > 3:30:41]
L-BFGS:  95%|█████████▍| 946/1000 [11:57 > 3:30:54]
L-BFGS:  95%|█████████▍| 947/1000 [11:49 > 3:31:08]
L-BFGS:  95%|█████████▍| 948/1000 [11:31 > 3:31:21]
L-BFGS:  95%|█████████▍| 949/1000 [11:15 > 3:31:34]
L-BFGS:  95%|█████████▌| 950/1000 [11:00 > 3:31:47]
L-BFGS:  95%|█████████▌| 951/1000 [10:53 > 3:32:01]
L-BFGS:  95%|█████████▌| 952/1000 [10:44 > 3:32:14]
L-BFGS:  95%|█████████▌| 953/1000 [10:26 > 3:32:27]
L-BFGS:  95%|█████████▌| 954/1000 [10:11 > 3:32:41]
L-BFGS:  96%|█████████▌| 955/1000 [10:04 > 3:32:54]
L-BFGS:  96%|█████████▌| 956/1000 [09:48 > 3:33:08]
L-BFGS:  96%|█████████▌| 957/1000 [09:40 > 3:33:21]
L-BFGS:  96%|█████████▌| 958/1000 [09:30 > 3:33:35]
L-BFGS:  96%|█████████▌| 959/1000 [09:18 > 3:33:49]
L-BFGS:  96%|█████████▌| 960/1000 [09:00 > 3:34:02]
L-BFGS:  96%|█████████▌| 961/1000 [08:50 > 3:34:16]
L-BFGS:  96%|█████████▌| 962/1000 [08:32 > 3:34:29]
L-BFGS:  96%|█████████▋| 963/1000 [08:16 > 3:34:42]
L-BFGS:  96%|█████████▋| 964/1000 [07:59 > 3:34:56]
L-BFGS:  96%|█████████▋| 965/1000 [07:43 > 3:35:09]
L-BFGS:  97%|█████████▋| 966/1000 [07:34 > 3:35:22]
L-BFGS:  97%|█████████▋| 967/1000 [07:23 > 3:35:36]
L-BFGS:  97%|█████████▋| 968/1000 [07:12 > 3:35:50]
L-BFGS:  97%|█████████▋| 969/1000 [06:54 > 3:36:03]
L-BFGS:  97%|█████████▋| 970/1000 [06:43 > 3:36:16]
L-BFGS:  97%|█████████▋| 971/1000 [06:27 > 3:36:29]
L-BFGS:  97%|█████████▋| 972/1000 [06:11 > 3:36:42]
L-BFGS:  97%|█████████▋| 973/1000 [06:01 > 3:36:56]
L-BFGS:  97%|█████████▋| 974/1000 [05:49 > 3:37:10]
L-BFGS:  98%|█████████▊| 975/1000 [05:37 > 3:37:23]
L-BFGS:  98%|█████████▊| 976/1000 [05:24 > 3:37:37]
L-BFGS:  98%|█████████▊| 977/1000 [05:11 > 3:37:51]
L-BFGS:  98%|█████████▊| 978/1000 [04:55 > 3:38:04]
L-BFGS:  98%|█████████▊| 979/1000 [04:43 > 3:38:17]
L-BFGS:  98%|█████████▊| 980/1000 [04:30 > 3:38:31]
L-BFGS:  98%|█████████▊| 981/1000 [04:15 > 3:38:44]
L-BFGS:  98%|█████████▊| 982/1000 [04:00 > 3:38:57]
L-BFGS:  98%|█████████▊| 983/1000 [03:46 > 3:39:11]
L-BFGS:  98%|█████████▊| 984/1000 [03:32 > 3:39:24]
L-BFGS:  98%|█████████▊| 985/1000 [03:21 > 3:39:38]
L-BFGS:  99%|█████████▊| 986/1000 [03:07 > 3:39:51]
L-BFGS:  99%|█████████▊| 987/1000 [02:53 > 3:40:04]
L-BFGS:  99%|█████████▉| 988/1000 [02:39 > 3:40:17]
L-BFGS:  99%|█████████▉| 989/1000 [02:26 > 3:40:31]
L-BFGS:  99%|█████████▉| 990/1000 [02:12 > 3:40:44]
L-BFGS:  99%|█████████▉| 991/1000 [01:59 > 3:40:57]
L-BFGS:  99%|█████████▉| 992/1000 [01:45 > 3:41:10]
L-BFGS:  99%|█████████▉| 993/1000 [01:33 > 3:41:24]
L-BFGS:  99%|█████████▉| 994/1000 [01:20 > 3:41:37]
L-BFGS: 100%|█████████▉| 995/1000 [01:07 > 3:41:51]
L-BFGS: 100%|█████████▉| 996/1000 [00:53 > 3:42:04]
L-BFGS: 100%|█████████▉| 997/1000 [00:39 > 3:42:17]
L-BFGS: 100%|█████████▉| 998/1000 [00:26 > 3:42:31]
L-BFGS: 100%|█████████▉| 999/1000 [00:13 > 3:42:45]
L-BFGS: 100%|██████████| 1000/1000 [00:00 > 3:42:58]
L-BFGS: 100%|██████████| 1000/1000 [00:00 > 3:42:58]
Training saved: C:\Ali Computation\pinn\code\heterogeneous\pino_heterogeneous\results\exp_X1_5zoneonly_K100_N500_default_float64_lbfgs1000_maxiter20\pino_heterogeneous_concentration.png C:\Ali Computation\pinn\code\heterogeneous\pino_heterogeneous\results\exp_X1_5zoneonly_K100_N500_default_float64_lbfgs1000_maxiter20\pino_heterogeneous_loss.png C:\Ali Computation\pinn\code\heterogeneous\pino_heterogeneous\results\exp_X1_5zoneonly_K100_N500_default_float64_lbfgs1000_maxiter20\pino_heterogeneous_model.pt
COMSOL validation: 81 media -> C:\Ali Computation\pinn\code\heterogeneous\pino_heterogeneous\results\exp_X1_5zoneonly_K100_N500_default_float64_lbfgs1000_maxiter20\comsol_validation  (x* collocation n=86)

COMSOL vs PINO:   0%|          | 0/81 [00:00<?, ?it/s]
COMSOL vs PINO:   1%|          | 1/81 [00:01<01:21,  1.02s/it]
COMSOL vs PINO:   2%|▏         | 2/81 [00:02<01:21,  1.03s/it]
COMSOL vs PINO:   4%|▎         | 3/81 [00:03<01:19,  1.02s/it]
COMSOL vs PINO:   5%|▍         | 4/81 [00:04<01:18,  1.02s/it]
COMSOL vs PINO:   6%|▌         | 5/81 [00:05<01:24,  1.11s/it]
COMSOL vs PINO:   7%|▋         | 6/81 [00:06<01:20,  1.08s/it]
COMSOL vs PINO:   9%|▊         | 7/81 [00:07<01:19,  1.07s/it]
COMSOL vs PINO:  10%|▉         | 8/81 [00:08<01:17,  1.06s/it]
COMSOL vs PINO:  11%|█         | 9/81 [00:09<01:15,  1.05s/it]
COMSOL vs PINO:  12%|█▏        | 10/81 [00:10<01:14,  1.05s/it]
COMSOL vs PINO:  14%|█▎        | 11/81 [00:11<01:13,  1.04s/it]
COMSOL vs PINO:  15%|█▍        | 12/81 [00:12<01:11,  1.04s/it]
COMSOL vs PINO:  16%|█▌        | 13/81 [00:13<01:10,  1.04s/it]
COMSOL vs PINO:  17%|█▋        | 14/81 [00:14<01:09,  1.04s/it]
COMSOL vs PINO:  19%|█▊        | 15/81 [00:15<01:08,  1.04s/it]
COMSOL vs PINO:  20%|█▉        | 16/81 [00:16<01:07,  1.04s/it]
COMSOL vs PINO:  21%|██        | 17/81 [00:17<01:06,  1.04s/it]
COMSOL vs PINO:  22%|██▏       | 18/81 [00:18<01:05,  1.04s/it]
COMSOL vs PINO:  23%|██▎       | 19/81 [00:19<01:04,  1.04s/it]
COMSOL vs PINO:  25%|██▍       | 20/81 [00:21<01:09,  1.14s/it]
COMSOL vs PINO:  26%|██▌       | 21/81 [00:22<01:06,  1.11s/it]
COMSOL vs PINO:  27%|██▋       | 22/81 [00:23<01:04,  1.09s/it]
COMSOL vs PINO:  28%|██▊       | 23/81 [00:24<01:02,  1.08s/it]
COMSOL vs PINO:  30%|██▉       | 24/81 [00:25<01:00,  1.06s/it]
COMSOL vs PINO:  31%|███       | 25/81 [00:26<00:59,  1.06s/it]
COMSOL vs PINO:  32%|███▏      | 26/81 [00:27<00:57,  1.05s/it]
COMSOL vs PINO:  33%|███▎      | 27/81 [00:28<00:56,  1.05s/it]
COMSOL vs PINO:  35%|███▍      | 28/81 [00:29<00:55,  1.04s/it]
COMSOL vs PINO:  36%|███▌      | 29/81 [00:30<00:54,  1.05s/it]
COMSOL vs PINO:  37%|███▋      | 30/81 [00:31<00:53,  1.05s/it]
COMSOL vs PINO:  38%|███▊      | 31/81 [00:32<00:52,  1.05s/it]
COMSOL vs PINO:  40%|███▉      | 32/81 [00:33<00:51,  1.05s/it]
COMSOL vs PINO:  41%|████      | 33/81 [00:34<00:50,  1.05s/it]
COMSOL vs PINO:  42%|████▏     | 34/81 [00:35<00:49,  1.06s/it]
COMSOL vs PINO:  43%|████▎     | 35/81 [00:37<00:53,  1.15s/it]
COMSOL vs PINO:  44%|████▍     | 36/81 [00:38<00:50,  1.12s/it]
COMSOL vs PINO:  46%|████▌     | 37/81 [00:39<00:48,  1.10s/it]
COMSOL vs PINO:  47%|████▋     | 38/81 [00:40<00:46,  1.08s/it]
COMSOL vs PINO:  48%|████▊     | 39/81 [00:41<00:44,  1.07s/it]
COMSOL vs PINO:  49%|████▉     | 40/81 [00:42<00:43,  1.05s/it]
COMSOL vs PINO:  51%|█████     | 41/81 [00:43<00:41,  1.05s/it]
COMSOL vs PINO:  52%|█████▏    | 42/81 [00:44<00:40,  1.04s/it]
COMSOL vs PINO:  53%|█████▎    | 43/81 [00:45<00:39,  1.04s/it]
COMSOL vs PINO:  54%|█████▍    | 44/81 [00:46<00:38,  1.04s/it]
COMSOL vs PINO:  56%|█████▌    | 45/81 [00:47<00:37,  1.04s/it]
COMSOL vs PINO:  57%|█████▋    | 46/81 [00:48<00:36,  1.05s/it]
COMSOL vs PINO:  58%|█████▊    | 47/81 [00:49<00:35,  1.05s/it]
COMSOL vs PINO:  59%|█████▉    | 48/81 [00:51<00:37,  1.14s/it]
COMSOL vs PINO:  60%|██████    | 49/81 [00:52<00:35,  1.11s/it]
COMSOL vs PINO:  62%|██████▏   | 50/81 [00:53<00:33,  1.09s/it]
COMSOL vs PINO:  63%|██████▎   | 51/81 [00:54<00:32,  1.08s/it]
COMSOL vs PINO:  64%|██████▍   | 52/81 [00:55<00:31,  1.07s/it]
COMSOL vs PINO:  65%|██████▌   | 53/81 [00:56<00:29,  1.06s/it]
COMSOL vs PINO:  67%|██████▋   | 54/81 [00:57<00:28,  1.06s/it]
COMSOL vs PINO:  68%|██████▊   | 55/81 [00:58<00:27,  1.06s/it]
COMSOL vs PINO:  69%|██████▉   | 56/81 [00:59<00:26,  1.05s/it]
COMSOL vs PINO:  70%|███████   | 57/81 [01:00<00:25,  1.06s/it]
COMSOL vs PINO:  72%|███████▏  | 58/81 [01:01<00:24,  1.06s/it]
COMSOL vs PINO:  73%|███████▎  | 59/81 [01:02<00:23,  1.06s/it]
COMSOL vs PINO:  74%|███████▍  | 60/81 [01:03<00:22,  1.06s/it]
COMSOL vs PINO:  75%|███████▌  | 61/81 [01:04<00:21,  1.06s/it]
COMSOL vs PINO:  77%|███████▋  | 62/81 [01:05<00:20,  1.06s/it]
COMSOL vs PINO:  78%|███████▊  | 63/81 [01:07<00:20,  1.15s/it]
COMSOL vs PINO:  79%|███████▉  | 64/81 [01:08<00:19,  1.12s/it]
COMSOL vs PINO:  80%|████████  | 65/81 [01:09<00:17,  1.10s/it]
COMSOL vs PINO:  81%|████████▏ | 66/81 [01:10<00:16,  1.08s/it]
COMSOL vs PINO:  83%|████████▎ | 67/81 [01:11<00:14,  1.07s/it]
COMSOL vs PINO:  84%|████████▍ | 68/81 [01:12<00:13,  1.06s/it]
COMSOL vs PINO:  85%|████████▌ | 69/81 [01:13<00:12,  1.06s/it]
COMSOL vs PINO:  86%|████████▋ | 70/81 [01:14<00:11,  1.06s/it]
COMSOL vs PINO:  88%|████████▊ | 71/81 [01:15<00:10,  1.05s/it]
COMSOL vs PINO:  89%|████████▉ | 72/81 [01:16<00:09,  1.06s/it]
COMSOL vs PINO:  90%|█████████ | 73/81 [01:17<00:08,  1.05s/it]
COMSOL vs PINO:  91%|█████████▏| 74/81 [01:18<00:07,  1.05s/it]
COMSOL vs PINO:  93%|█████████▎| 75/81 [01:19<00:06,  1.05s/it]
COMSOL vs PINO:  94%|█████████▍| 76/81 [01:20<00:05,  1.05s/it]
COMSOL vs PINO:  95%|█████████▌| 77/81 [01:22<00:04,  1.14s/it]
COMSOL vs PINO:  96%|█████████▋| 78/81 [01:23<00:03,  1.11s/it]
COMSOL vs PINO:  98%|█████████▊| 79/81 [01:24<00:02,  1.09s/it]
COMSOL vs PINO:  99%|█████████▉| 80/81 [01:25<00:01,  1.08s/it]
COMSOL vs PINO: 100%|██████████| 81/81 [01:26<00:00,  1.08s/it]
COMSOL vs PINO: 100%|██████████| 81/81 [01:26<00:00,  1.07s/it]
COMSOL validation summary: n=81  mean=3.742531e-02  max=2.260502e-01  min=1.411828e-02
Wrote C:\Ali Computation\pinn\code\heterogeneous\pino_heterogeneous\results\exp_X1_5zoneonly_K100_N500_default_float64_lbfgs1000_maxiter20\comsol_validation\comsol_validation_summary.csv
Run metadata: C:\Ali Computation\pinn\code\heterogeneous\pino_heterogeneous\results\exp_X1_5zoneonly_K100_N500_default_float64_lbfgs1000_maxiter20\run_meta.json
Wall-clock train: 13379.4 s
Wall-clock validation: 86.5 s
Wall-clock total: 13478.9 s  device=cuda

# exit 0 after 3:44:43.350812
