# code/heterogeneous/pino_heterogeneous/pinn1d_heterogeneous_parametric_neural_operator.py --design grf --n-sensors 100 --n-grf 0 --n-piecewise-per-zones 100 --piecewise-zone-counts 1,2,3,4,5 --min-zone-frac 0.1 --arch default --dtype float64 --early-stop-patience 150 --lr-lbfgs 0.1 --lbfgs-max-iter 20 --epochs 1000 --out-dir results/exp_X2_uniform_K100_N500_default_float64_lbfgs1000_maxiter20
# started 2026-07-01 17:39:39
# cwd C:\Ali Computation\pinn\code\heterogeneous\pino_heterogeneous

Using GPU: NVIDIA GeForce RTX 3090 (cuda:0, dtype=torch.float64)
PE (computed) = 0.010368
design=grf  media_mode=grf  branch_mode=sensor  optimizer=lbfgs  n_train_requested=500  n_corner_anchors=16  arch=default  batch_mode=True
branch=[100, 16, 16, 32]  trunk=[2, 32, 32, 32, 32]
results_dir=C:\Ali Computation\pinn\code\heterogeneous\pino_heterogeneous\results\exp_X2_uniform_K100_N500_default_float64_lbfgs1000_maxiter20
Training: 500 piecewise (100, 100, 100, 100, 100 for zones [1, 2, 3, 4, 5]), min_zone_frac=0.1 = 500 total; branch_mode=sensor, K=100 sensors, grid_n=201
  saved/loaded: C:\Ali Computation\pinn\code\heterogeneous\pino_heterogeneous\results\exp_X2_uniform_K100_N500_default_float64_lbfgs1000_maxiter20\train_grf_cases.npz
  branch CFL range [0.120459, 0.599738]
PDE mesh: bulk 50x50x500 (no interface bands in GRF mode)
COMSOL validation: 81 fixed grid cases from comsol_4zones.txt -> C:\Ali Computation\pinn\code\heterogeneous\pino_heterogeneous\results\exp_X2_uniform_K100_N500_default_float64_lbfgs1000_maxiter20\comsol_validation
run_training=True  run_comsol_validation=True  validate_only=False  skip_validation_plots=False
L-BFGS early stopping: patience=150 (max steps=1000)
L-BFGS: lr=0.1  max_iter=20  outer_steps=1000
PDE collocation points: 1,250,000 (bulk 1,250,000, interface 0)
Collocation mesh plot (pre-train): C:\Ali Computation\pinn\code\heterogeneous\pino_heterogeneous\results\exp_X2_uniform_K100_N500_default_float64_lbfgs1000_maxiter20\pino_heterogeneous_collocation_points.png
LBFGS (
Parameter Group 0
    history_size: 50
    line_search_fn: strong_wolfe
    lr: 0.1
    max_eval: 25
    max_iter: 20
    tolerance_change: 1e-09
    tolerance_grad: 1e-07
)
Early stopping: patience=150 L-BFGS steps (no total-loss improvement, rtol=1e-12)

L-BFGS:   0%|          | 0/1000 [? > 00:00]
L-BFGS:   0%|          | 1/1000 [3:52:30 > 00:13]
L-BFGS:   0%|          | 2/1000 [3:41:18 > 00:26]
L-BFGS:   0%|          | 3/1000 [3:42:12 > 00:40]
L-BFGS:   0%|          | 4/1000 [3:42:52 > 00:53]
L-BFGS:   0%|          | 5/1000 [3:40:21 > 01:06]
L-BFGS:   1%|          | 6/1000 [3:38:58 > 01:19]
L-BFGS:   1%|          | 7/1000 [3:38:15 > 01:33]
L-BFGS:   1%|          | 8/1000 [3:40:19 > 01:46]
L-BFGS:   1%|          | 9/1000 [3:39:39 > 01:59]
L-BFGS:   1%|          | 10/1000 [3:41:50 > 02:13]
L-BFGS:   1%|          | 11/1000 [3:40:40 > 02:26]
L-BFGS:   1%|          | 12/1000 [3:42:19 > 02:40]
L-BFGS:   1%|▏         | 13/1000 [3:40:58 > 02:53]
L-BFGS:   1%|▏         | 14/1000 [3:42:34 > 03:07]
L-BFGS:   2%|▏         | 15/1000 [3:43:37 > 03:21]
L-BFGS:   2%|▏         | 16/1000 [3:41:35 > 03:34]
L-BFGS:   2%|▏         | 17/1000 [3:42:41 > 03:48]
L-BFGS:   2%|▏         | 18/1000 [3:43:26 > 04:02]
L-BFGS:   2%|▏         | 19/1000 [3:43:34 > 04:16]
L-BFGS:   2%|▏         | 20/1000 [3:43:22 > 04:29]
L-BFGS:   2%|▏         | 21/1000 [3:40:27 > 04:42]
L-BFGS:   2%|▏         | 22/1000 [3:40:57 > 04:56]
L-BFGS:   2%|▏         | 23/1000 [3:38:36 > 05:09]
L-BFGS:   2%|▏         | 24/1000 [3:36:56 > 05:22]
L-BFGS:   2%|▎         | 25/1000 [3:35:46 > 05:35]
L-BFGS:   3%|▎         | 26/1000 [3:34:49 > 05:49]
L-BFGS:   3%|▎         | 27/1000 [3:34:06 > 06:02]
L-BFGS:   3%|▎         | 28/1000 [3:36:02 > 06:15]
L-BFGS:   3%|▎         | 29/1000 [3:37:14 > 06:29]
L-BFGS:   3%|▎         | 30/1000 [3:35:40 > 06:42]
L-BFGS:   3%|▎         | 31/1000 [3:37:01 > 06:56]
L-BFGS:   3%|▎         | 32/1000 [3:37:51 > 07:09]
L-BFGS:   3%|▎         | 33/1000 [3:38:20 > 07:23]
L-BFGS:   3%|▎         | 34/1000 [3:38:44 > 07:37]
L-BFGS:   4%|▎         | 35/1000 [3:39:05 > 07:51]
L-BFGS:   4%|▎         | 36/1000 [3:38:57 > 08:04]
L-BFGS:   4%|▎         | 37/1000 [3:36:58 > 08:17]
L-BFGS:   4%|▍         | 38/1000 [3:38:04 > 08:31]
L-BFGS:   4%|▍         | 39/1000 [3:36:15 > 08:44]
L-BFGS:   4%|▍         | 40/1000 [3:34:49 > 08:58]
L-BFGS:   4%|▍         | 41/1000 [3:33:42 > 09:11]
L-BFGS:   4%|▍         | 42/1000 [3:35:21 > 09:25]
L-BFGS:   4%|▍         | 43/1000 [3:34:00 > 09:38]
L-BFGS:   4%|▍         | 44/1000 [3:33:05 > 09:51]
L-BFGS:   4%|▍         | 45/1000 [3:35:04 > 10:05]
L-BFGS:   5%|▍         | 46/1000 [3:33:42 > 10:18]
L-BFGS:   5%|▍         | 47/1000 [3:34:53 > 10:32]
L-BFGS:   5%|▍         | 48/1000 [3:32:41 > 10:45]
L-BFGS:   5%|▍         | 49/1000 [3:31:06 > 10:58]
L-BFGS:   5%|▌         | 50/1000 [3:32:27 > 11:12]
L-BFGS:   5%|▌         | 51/1000 [3:30:49 > 11:25]
L-BFGS:   5%|▌         | 52/1000 [3:29:49 > 11:38]
L-BFGS:   5%|▌         | 53/1000 [3:31:18 > 11:52]
L-BFGS:   5%|▌         | 54/1000 [3:32:20 > 12:06]
L-BFGS:   6%|▌         | 55/1000 [3:30:25 > 12:19]
L-BFGS:   6%|▌         | 56/1000 [3:29:05 > 12:32]
L-BFGS:   6%|▌         | 57/1000 [3:30:37 > 12:45]
L-BFGS:   6%|▌         | 58/1000 [3:29:11 > 12:59]
L-BFGS:   6%|▌         | 59/1000 [3:30:28 > 13:12]
L-BFGS:   6%|▌         | 60/1000 [3:31:24 > 13:26]
L-BFGS:   6%|▌         | 61/1000 [3:31:52 > 13:40]
L-BFGS:   6%|▌         | 62/1000 [3:32:05 > 13:53]
L-BFGS:   6%|▋         | 63/1000 [3:32:17 > 14:07]
L-BFGS:   6%|▋         | 64/1000 [3:29:48 > 14:20]
L-BFGS:   6%|▋         | 65/1000 [3:30:56 > 14:34]
L-BFGS:   7%|▋         | 66/1000 [3:31:57 > 14:47]
L-BFGS:   7%|▋         | 67/1000 [3:32:36 > 15:01]
L-BFGS:   7%|▋         | 68/1000 [3:30:27 > 15:15]
L-BFGS:   7%|▋         | 69/1000 [3:28:51 > 15:28]
L-BFGS:   7%|▋         | 70/1000 [3:30:07 > 15:42]
L-BFGS:   7%|▋         | 71/1000 [3:31:00 > 15:55]
L-BFGS:   7%|▋         | 72/1000 [3:29:02 > 16:09]
L-BFGS:   7%|▋         | 73/1000 [3:30:04 > 16:22]
L-BFGS:   7%|▋         | 74/1000 [3:30:44 > 16:36]
L-BFGS:   8%|▊         | 75/1000 [3:30:50 > 16:50]
L-BFGS:   8%|▊         | 76/1000 [3:28:04 > 17:03]
L-BFGS:   8%|▊         | 77/1000 [3:26:00 > 17:16]
L-BFGS:   8%|▊         | 78/1000 [3:26:53 > 17:30]
L-BFGS:   8%|▊         | 79/1000 [3:27:54 > 17:44]
L-BFGS:   8%|▊         | 80/1000 [3:25:46 > 17:57]
L-BFGS:   8%|▊         | 81/1000 [3:26:37 > 18:10]
L-BFGS:   8%|▊         | 82/1000 [3:27:06 > 18:24]
L-BFGS:   8%|▊         | 83/1000 [3:24:57 > 18:37]
L-BFGS:   8%|▊         | 84/1000 [3:25:47 > 18:51]
L-BFGS:   8%|▊         | 85/1000 [3:23:59 > 19:04]
L-BFGS:   9%|▊         | 86/1000 [3:22:37 > 19:17]
L-BFGS:   9%|▊         | 87/1000 [3:23:57 > 19:31]
L-BFGS:   9%|▉         | 88/1000 [3:24:58 > 19:44]
L-BFGS:   9%|▉         | 89/1000 [3:25:31 > 19:58]
L-BFGS:   9%|▉         | 90/1000 [3:25:48 > 20:12]
L-BFGS:   9%|▉         | 91/1000 [3:26:02 > 20:25]
L-BFGS:   9%|▉         | 92/1000 [3:26:09 > 20:39]
L-BFGS:   9%|▉         | 93/1000 [3:26:42 > 20:53]
L-BFGS:   9%|▉         | 94/1000 [3:24:30 > 21:06]
L-BFGS:  10%|▉         | 95/1000 [3:23:00 > 21:19]
L-BFGS:  10%|▉         | 96/1000 [3:21:58 > 21:33]
L-BFGS:  10%|▉         | 97/1000 [3:23:29 > 21:46]
L-BFGS:  10%|▉         | 98/1000 [3:24:26 > 22:00]
L-BFGS:  10%|▉         | 99/1000 [3:22:42 > 22:13]
L-BFGS:  10%|█         | 100/1000 [3:23:49 > 22:27]
L-BFGS:  10%|█         | 101/1000 [3:22:05 > 22:40]
L-BFGS:  10%|█         | 102/1000 [3:20:55 > 22:54]
L-BFGS:  10%|█         | 103/1000 [3:19:27 > 23:07]
L-BFGS:  10%|█         | 104/1000 [3:18:21 > 23:20]
L-BFGS:  10%|█         | 105/1000 [3:17:23 > 23:33]
L-BFGS:  11%|█         | 106/1000 [3:16:37 > 23:46]
L-BFGS:  11%|█         | 107/1000 [3:18:25 > 24:00]
L-BFGS:  11%|█         | 108/1000 [3:19:43 > 24:14]
L-BFGS:  11%|█         | 109/1000 [3:20:28 > 24:27]
L-BFGS:  11%|█         | 110/1000 [3:20:53 > 24:41]
L-BFGS:  11%|█         | 111/1000 [3:21:07 > 24:54]
L-BFGS:  11%|█         | 112/1000 [3:21:18 > 25:08]
L-BFGS:  11%|█▏        | 113/1000 [3:18:58 > 25:21]
L-BFGS:  11%|█▏        | 114/1000 [3:17:11 > 25:34]
L-BFGS:  12%|█▏        | 115/1000 [3:15:58 > 25:48]
L-BFGS:  12%|█▏        | 116/1000 [3:15:02 > 26:01]
L-BFGS:  12%|█▏        | 117/1000 [3:16:36 > 26:14]
L-BFGS:  12%|█▏        | 118/1000 [3:17:37 > 26:28]
L-BFGS:  12%|█▏        | 119/1000 [3:16:07 > 26:41]
L-BFGS:  12%|█▏        | 120/1000 [3:14:54 > 26:54]
L-BFGS:  12%|█▏        | 121/1000 [3:14:26 > 27:07]
L-BFGS:  12%|█▏        | 122/1000 [3:14:11 > 27:21]
L-BFGS:  12%|█▏        | 123/1000 [3:16:07 > 27:34]
L-BFGS:  12%|█▏        | 124/1000 [3:17:27 > 27:48]
L-BFGS:  12%|█▎        | 125/1000 [3:16:04 > 28:02]
L-BFGS:  13%|█▎        | 126/1000 [3:15:07 > 28:15]
L-BFGS:  13%|█▎        | 127/1000 [3:14:17 > 28:28]
L-BFGS:  13%|█▎        | 128/1000 [3:13:45 > 28:41]
L-BFGS:  13%|█▎        | 129/1000 [3:15:36 > 28:55]
L-BFGS:  13%|█▎        | 130/1000 [3:14:31 > 29:08]
L-BFGS:  13%|█▎        | 131/1000 [3:13:32 > 29:22]
L-BFGS:  13%|█▎        | 132/1000 [3:14:32 > 29:35]
L-BFGS:  13%|█▎        | 133/1000 [3:12:52 > 29:48]
L-BFGS:  13%|█▎        | 134/1000 [3:13:52 > 30:02]
L-BFGS:  14%|█▎        | 135/1000 [3:12:23 > 30:15]
L-BFGS:  14%|█▎        | 136/1000 [3:11:13 > 30:28]
L-BFGS:  14%|█▎        | 137/1000 [3:10:23 > 30:41]
L-BFGS:  14%|█▍        | 138/1000 [3:09:38 > 30:55]
L-BFGS:  14%|█▍        | 139/1000 [3:11:22 > 31:08]
L-BFGS:  14%|█▍        | 140/1000 [3:12:30 > 31:22]
L-BFGS:  14%|█▍        | 141/1000 [3:11:01 > 31:35]
L-BFGS:  14%|█▍        | 142/1000 [3:12:06 > 31:49]
L-BFGS:  14%|█▍        | 143/1000 [3:10:31 > 32:02]
L-BFGS:  14%|█▍        | 144/1000 [3:11:39 > 32:15]
L-BFGS:  14%|█▍        | 145/1000 [3:12:18 > 32:29]
L-BFGS:  15%|█▍        | 146/1000 [3:10:31 > 32:42]
L-BFGS:  15%|█▍        | 147/1000 [3:09:06 > 32:55]
L-BFGS:  15%|█▍        | 148/1000 [3:08:07 > 33:08]
L-BFGS:  15%|█▍        | 149/1000 [3:07:36 > 33:22]
L-BFGS:  15%|█▌        | 150/1000 [3:09:41 > 33:35]
L-BFGS:  15%|█▌        | 151/1000 [3:11:12 > 33:49]
L-BFGS:  15%|█▌        | 152/1000 [3:12:08 > 34:03]
L-BFGS:  15%|█▌        | 153/1000 [3:10:28 > 34:16]
L-BFGS:  15%|█▌        | 154/1000 [3:09:23 > 34:29]
L-BFGS:  16%|█▌        | 155/1000 [3:10:44 > 34:43]
L-BFGS:  16%|█▌        | 156/1000 [3:09:18 > 34:57]
L-BFGS:  16%|█▌        | 157/1000 [3:10:28 > 35:10]
L-BFGS:  16%|█▌        | 158/1000 [3:11:09 > 35:24]
L-BFGS:  16%|█▌        | 159/1000 [3:09:09 > 35:37]
L-BFGS:  16%|█▌        | 160/1000 [3:07:18 > 35:50]
L-BFGS:  16%|█▌        | 161/1000 [3:06:02 > 36:04]
L-BFGS:  16%|█▌        | 162/1000 [3:05:05 > 36:17]
L-BFGS:  16%|█▋        | 163/1000 [3:04:21 > 36:30]
L-BFGS:  16%|█▋        | 164/1000 [3:05:54 > 36:43]
L-BFGS:  16%|█▋        | 165/1000 [3:04:44 > 36:57]
L-BFGS:  17%|█▋        | 166/1000 [3:06:05 > 37:10]
L-BFGS:  17%|█▋        | 167/1000 [3:04:43 > 37:23]
L-BFGS:  17%|█▋        | 168/1000 [3:05:56 > 37:37]
L-BFGS:  17%|█▋        | 169/1000 [3:06:43 > 37:51]
L-BFGS:  17%|█▋        | 170/1000 [3:05:02 > 38:04]
L-BFGS:  17%|█▋        | 171/1000 [3:03:43 > 38:17]
L-BFGS:  17%|█▋        | 172/1000 [3:04:58 > 38:31]
L-BFGS:  17%|█▋        | 173/1000 [3:03:43 > 38:44]
L-BFGS:  17%|█▋        | 174/1000 [3:04:47 > 38:57]
L-BFGS:  18%|█▊        | 175/1000 [3:05:36 > 39:11]
L-BFGS:  18%|█▊        | 176/1000 [3:03:52 > 39:24]
L-BFGS:  18%|█▊        | 177/1000 [3:02:32 > 39:37]
L-BFGS:  18%|█▊        | 178/1000 [3:04:04 > 39:51]
L-BFGS:  18%|█▊        | 179/1000 [3:05:03 > 40:05]
L-BFGS:  18%|█▊        | 180/1000 [3:03:40 > 40:18]
L-BFGS:  18%|█▊        | 181/1000 [3:02:40 > 40:31]
L-BFGS:  18%|█▊        | 182/1000 [3:04:11 > 40:45]
L-BFGS:  18%|█▊        | 183/1000 [3:05:10 > 40:59]
L-BFGS:  18%|█▊        | 184/1000 [3:05:50 > 41:13]
L-BFGS:  18%|█▊        | 185/1000 [3:06:09 > 41:26]
L-BFGS:  19%|█▊        | 186/1000 [3:04:09 > 41:40]
L-BFGS:  19%|█▊        | 187/1000 [3:02:43 > 41:53]
L-BFGS:  19%|█▉        | 188/1000 [3:01:12 > 42:06]
L-BFGS:  19%|█▉        | 189/1000 [3:02:04 > 42:20]
L-BFGS:  19%|█▉        | 190/1000 [3:00:32 > 42:33]
L-BFGS:  19%|█▉        | 191/1000 [3:01:25 > 42:47]
L-BFGS:  19%|█▉        | 192/1000 [3:02:09 > 43:00]
L-BFGS:  19%|█▉        | 193/1000 [3:02:25 > 43:14]
L-BFGS:  19%|█▉        | 194/1000 [3:00:19 > 43:27]
L-BFGS:  20%|█▉        | 195/1000 [3:01:02 > 43:41]
L-BFGS:  20%|█▉        | 196/1000 [2:59:21 > 43:54]
L-BFGS:  20%|█▉        | 197/1000 [3:00:08 > 44:07]
L-BFGS:  20%|█▉        | 198/1000 [2:58:33 > 44:21]
L-BFGS:  20%|█▉        | 199/1000 [2:59:30 > 44:34]
L-BFGS:  20%|██        | 200/1000 [3:00:06 > 44:48]
L-BFGS:  20%|██        | 201/1000 [2:58:25 > 45:01]
L-BFGS:  20%|██        | 202/1000 [2:59:14 > 45:15]
L-BFGS:  20%|██        | 203/1000 [2:57:36 > 45:28]
L-BFGS:  20%|██        | 204/1000 [2:58:33 > 45:41]
L-BFGS:  20%|██        | 205/1000 [2:57:01 > 45:55]
L-BFGS:  21%|██        | 206/1000 [2:56:25 > 46:08]
L-BFGS:  21%|██        | 207/1000 [2:58:02 > 46:22]
L-BFGS:  21%|██        | 208/1000 [2:56:56 > 46:35]
L-BFGS:  21%|██        | 209/1000 [2:58:09 > 46:49]
L-BFGS:  21%|██        | 210/1000 [2:59:01 > 47:02]
L-BFGS:  21%|██        | 211/1000 [3:00:37 > 47:17]
L-BFGS:  21%|██        | 212/1000 [3:02:08 > 47:31]
L-BFGS:  21%|██▏       | 213/1000 [3:00:52 > 47:44]
L-BFGS:  21%|██▏       | 214/1000 [3:05:01 > 47:59]
L-BFGS:  22%|██▏       | 215/1000 [3:07:20 > 48:14]
L-BFGS:  22%|██▏       | 216/1000 [3:05:23 > 48:28]
L-BFGS:  22%|██▏       | 217/1000 [3:01:23 > 48:41]
L-BFGS:  22%|██▏       | 218/1000 [2:58:13 > 48:54]
L-BFGS:  22%|██▏       | 219/1000 [2:55:51 > 49:07]
L-BFGS:  22%|██▏       | 220/1000 [2:54:08 > 49:21]
L-BFGS:  22%|██▏       | 221/1000 [2:54:54 > 49:34]
L-BFGS:  22%|██▏       | 222/1000 [2:53:20 > 49:47]
L-BFGS:  22%|██▏       | 223/1000 [2:52:08 > 50:00]
L-BFGS:  22%|██▏       | 224/1000 [2:53:18 > 50:14]
L-BFGS:  22%|██▎       | 225/1000 [2:51:58 > 50:27]
L-BFGS:  23%|██▎       | 226/1000 [2:53:02 > 50:41]
L-BFGS:  23%|██▎       | 227/1000 [2:51:41 > 50:54]
L-BFGS:  23%|██▎       | 228/1000 [2:52:42 > 51:08]
L-BFGS:  23%|██▎       | 229/1000 [2:51:19 > 51:21]
L-BFGS:  23%|██▎       | 230/1000 [2:52:19 > 51:34]
L-BFGS:  23%|██▎       | 231/1000 [2:52:57 > 51:48]
L-BFGS:  23%|██▎       | 232/1000 [2:51:20 > 52:01]
L-BFGS:  23%|██▎       | 233/1000 [2:50:03 > 52:14]
L-BFGS:  23%|██▎       | 234/1000 [2:51:14 > 52:28]
L-BFGS:  24%|██▎       | 235/1000 [2:52:00 > 52:42]
L-BFGS:  24%|██▎       | 236/1000 [2:52:48 > 52:55]
L-BFGS:  24%|██▎       | 237/1000 [2:51:28 > 53:09]
L-BFGS:  24%|██▍       | 238/1000 [2:52:26 > 53:22]
L-BFGS:  24%|██▍       | 239/1000 [2:51:00 > 53:36]
L-BFGS:  24%|██▍       | 240/1000 [2:49:53 > 53:49]
L-BFGS:  24%|██▍       | 241/1000 [2:50:59 > 54:03]
L-BFGS:  24%|██▍       | 242/1000 [2:51:57 > 54:17]
L-BFGS:  24%|██▍       | 243/1000 [2:52:27 > 54:30]
L-BFGS:  24%|██▍       | 244/1000 [2:52:42 > 54:44]
L-BFGS:  24%|██▍       | 245/1000 [2:50:44 > 54:57]
L-BFGS:  25%|██▍       | 246/1000 [2:48:57 > 55:11]
L-BFGS:  25%|██▍       | 247/1000 [2:47:25 > 55:24]
L-BFGS:  25%|██▍       | 248/1000 [2:48:22 > 55:37]
L-BFGS:  25%|██▍       | 249/1000 [2:47:03 > 55:50]
L-BFGS:  25%|██▌       | 250/1000 [2:47:57 > 56:04]
L-BFGS:  25%|██▌       | 251/1000 [2:48:35 > 56:18]
L-BFGS:  25%|██▌       | 252/1000 [2:47:02 > 56:31]
L-BFGS:  25%|██▌       | 253/1000 [2:45:47 > 56:44]
L-BFGS:  25%|██▌       | 254/1000 [2:45:03 > 56:57]
L-BFGS:  26%|██▌       | 255/1000 [2:44:29 > 57:10]
L-BFGS:  26%|██▌       | 256/1000 [2:45:49 > 57:24]
L-BFGS:  26%|██▌       | 257/1000 [2:44:41 > 57:37]
L-BFGS:  26%|██▌       | 258/1000 [2:45:44 > 57:51]
L-BFGS:  26%|██▌       | 259/1000 [2:46:24 > 58:04]
L-BFGS:  26%|██▌       | 260/1000 [2:45:14 > 58:18]
L-BFGS:  26%|██▌       | 261/1000 [2:44:25 > 58:31]
L-BFGS:  26%|██▌       | 262/1000 [2:43:47 > 58:44]
L-BFGS:  26%|██▋       | 263/1000 [2:45:21 > 58:58]
L-BFGS:  26%|██▋       | 264/1000 [2:46:19 > 59:12]
L-BFGS:  26%|██▋       | 265/1000 [2:44:56 > 59:25]
L-BFGS:  27%|██▋       | 266/1000 [2:44:00 > 59:38]
L-BFGS:  27%|██▋       | 267/1000 [2:43:21 > 59:52]
L-BFGS:  27%|██▋       | 268/1000 [2:44:41 > 1:00:05]
L-BFGS:  27%|██▋       | 269/1000 [2:43:39 > 1:00:19]
L-BFGS:  27%|██▋       | 270/1000 [2:42:48 > 1:00:32]
L-BFGS:  27%|██▋       | 271/1000 [2:44:06 > 1:00:46]
L-BFGS:  27%|██▋       | 272/1000 [2:44:38 > 1:00:59]
L-BFGS:  27%|██▋       | 273/1000 [2:42:50 > 1:01:13]
L-BFGS:  27%|██▋       | 274/1000 [2:43:20 > 1:01:26]
L-BFGS:  28%|██▊       | 275/1000 [2:41:43 > 1:01:39]
L-BFGS:  28%|██▊       | 276/1000 [2:40:30 > 1:01:52]
L-BFGS:  28%|██▊       | 277/1000 [2:41:39 > 1:02:06]
L-BFGS:  28%|██▊       | 278/1000 [2:42:20 > 1:02:20]
L-BFGS:  28%|██▊       | 279/1000 [2:42:38 > 1:02:33]
L-BFGS:  28%|██▊       | 280/1000 [2:40:59 > 1:02:47]
L-BFGS:  28%|██▊       | 281/1000 [2:41:32 > 1:03:00]
L-BFGS:  28%|██▊       | 282/1000 [2:39:56 > 1:03:13]
L-BFGS:  28%|██▊       | 283/1000 [2:40:47 > 1:03:27]
L-BFGS:  28%|██▊       | 284/1000 [2:41:15 > 1:03:41]
L-BFGS:  28%|██▊       | 285/1000 [2:41:33 > 1:03:54]
L-BFGS:  29%|██▊       | 286/1000 [2:39:40 > 1:04:07]
L-BFGS:  29%|██▊       | 287/1000 [2:38:17 > 1:04:20]
L-BFGS:  29%|██▉       | 288/1000 [2:39:21 > 1:04:34]
L-BFGS:  29%|██▉       | 289/1000 [2:38:03 > 1:04:47]
L-BFGS:  29%|██▉       | 290/1000 [2:37:33 > 1:05:00]
L-BFGS:  29%|██▉       | 291/1000 [2:37:08 > 1:05:14]
L-BFGS:  29%|██▉       | 292/1000 [2:38:40 > 1:05:28]
L-BFGS:  29%|██▉       | 293/1000 [2:37:45 > 1:05:41]
L-BFGS:  29%|██▉       | 294/1000 [2:37:04 > 1:05:54]
L-BFGS:  30%|██▉       | 295/1000 [2:38:27 > 1:06:08]
L-BFGS:  30%|██▉       | 296/1000 [2:37:26 > 1:06:21]
L-BFGS:  30%|██▉       | 297/1000 [2:36:38 > 1:06:34]
L-BFGS:  30%|██▉       | 298/1000 [2:37:53 > 1:06:48]
L-BFGS:  30%|██▉       | 299/1000 [2:36:50 > 1:07:01]
L-BFGS:  30%|███       | 300/1000 [2:37:52 > 1:07:15]
L-BFGS:  30%|███       | 301/1000 [2:37:59 > 1:07:29]
L-BFGS:  30%|███       | 302/1000 [2:38:03 > 1:07:42]
L-BFGS:  30%|███       | 303/1000 [2:38:02 > 1:07:56]
L-BFGS:  30%|███       | 304/1000 [2:36:03 > 1:08:09]
L-BFGS:  30%|███       | 305/1000 [2:34:39 > 1:08:22]
L-BFGS:  31%|███       | 306/1000 [2:35:27 > 1:08:36]
L-BFGS:  31%|███       | 307/1000 [2:35:52 > 1:08:50]
L-BFGS:  31%|███       | 308/1000 [2:36:08 > 1:09:03]
L-BFGS:  31%|███       | 309/1000 [2:36:19 > 1:09:17]
L-BFGS:  31%|███       | 310/1000 [2:34:27 > 1:09:30]
L-BFGS:  31%|███       | 311/1000 [2:35:06 > 1:09:44]
L-BFGS:  31%|███       | 312/1000 [2:33:33 > 1:09:57]
L-BFGS:  31%|███▏      | 313/1000 [2:32:29 > 1:10:10]
L-BFGS:  31%|███▏      | 314/1000 [2:33:20 > 1:10:24]
L-BFGS:  32%|███▏      | 315/1000 [2:32:06 > 1:10:37]
L-BFGS:  32%|███▏      | 316/1000 [2:31:12 > 1:10:50]
L-BFGS:  32%|███▏      | 317/1000 [2:32:23 > 1:11:04]
L-BFGS:  32%|███▏      | 318/1000 [2:31:46 > 1:11:17]
L-BFGS:  32%|███▏      | 319/1000 [2:31:17 > 1:11:30]
L-BFGS:  32%|███▏      | 320/1000 [2:30:52 > 1:11:43]
L-BFGS:  32%|███▏      | 321/1000 [2:30:25 > 1:11:57]
L-BFGS:  32%|███▏      | 322/1000 [2:30:11 > 1:12:10]
L-BFGS:  32%|███▏      | 323/1000 [2:29:51 > 1:12:23]
L-BFGS:  32%|███▏      | 324/1000 [2:29:35 > 1:12:36]
L-BFGS:  32%|███▎      | 325/1000 [2:31:06 > 1:12:50]
L-BFGS:  33%|███▎      | 326/1000 [2:30:16 > 1:13:03]
L-BFGS:  33%|███▎      | 327/1000 [2:29:35 > 1:13:17]
L-BFGS:  33%|███▎      | 328/1000 [2:28:48 > 1:13:30]
L-BFGS:  33%|███▎      | 329/1000 [2:29:44 > 1:13:43]
L-BFGS:  33%|███▎      | 330/1000 [2:30:24 > 1:13:57]
L-BFGS:  33%|███▎      | 331/1000 [2:31:11 > 1:14:11]
L-BFGS:  33%|███▎      | 332/1000 [2:31:17 > 1:14:25]
L-BFGS:  33%|███▎      | 333/1000 [2:31:11 > 1:14:38]
L-BFGS:  33%|███▎      | 334/1000 [2:29:24 > 1:14:51]
L-BFGS:  34%|███▎      | 335/1000 [2:28:03 > 1:15:04]
L-BFGS:  34%|███▎      | 336/1000 [2:28:46 > 1:15:18]
L-BFGS:  34%|███▎      | 337/1000 [2:29:11 > 1:15:32]
L-BFGS:  34%|███▍      | 338/1000 [2:29:28 > 1:15:45]
L-BFGS:  34%|███▍      | 339/1000 [2:29:31 > 1:15:59]
L-BFGS:  34%|███▍      | 340/1000 [2:27:52 > 1:16:12]
L-BFGS:  34%|███▍      | 341/1000 [2:26:38 > 1:16:25]
L-BFGS:  34%|███▍      | 342/1000 [2:27:26 > 1:16:39]
L-BFGS:  34%|███▍      | 343/1000 [2:27:56 > 1:16:53]
L-BFGS:  34%|███▍      | 344/1000 [2:26:26 > 1:17:06]
L-BFGS:  34%|███▍      | 345/1000 [2:25:43 > 1:17:19]
L-BFGS:  35%|███▍      | 346/1000 [2:26:55 > 1:17:33]
L-BFGS:  35%|███▍      | 347/1000 [2:25:57 > 1:17:46]
L-BFGS:  35%|███▍      | 348/1000 [2:25:14 > 1:17:59]
L-BFGS:  35%|███▍      | 349/1000 [2:26:23 > 1:18:13]
L-BFGS:  35%|███▌      | 350/1000 [2:25:25 > 1:18:26]
L-BFGS:  35%|███▌      | 351/1000 [2:26:23 > 1:18:40]
L-BFGS:  35%|███▌      | 352/1000 [2:26:59 > 1:18:54]
L-BFGS:  35%|███▌      | 353/1000 [2:27:20 > 1:19:08]
L-BFGS:  35%|███▌      | 354/1000 [2:25:52 > 1:19:21]
L-BFGS:  36%|███▌      | 355/1000 [2:24:34 > 1:19:34]
L-BFGS:  36%|███▌      | 356/1000 [2:24:59 > 1:19:48]
L-BFGS:  36%|███▌      | 357/1000 [2:23:28 > 1:20:01]
L-BFGS:  36%|███▌      | 358/1000 [2:24:05 > 1:20:15]
L-BFGS:  36%|███▌      | 359/1000 [2:24:27 > 1:20:28]
L-BFGS:  36%|███▌      | 360/1000 [2:22:58 > 1:20:41]
L-BFGS:  36%|███▌      | 361/1000 [2:23:30 > 1:20:55]
L-BFGS:  36%|███▌      | 362/1000 [2:22:08 > 1:21:08]
L-BFGS:  36%|███▋      | 363/1000 [2:22:49 > 1:21:22]
L-BFGS:  36%|███▋      | 364/1000 [2:23:13 > 1:21:35]
L-BFGS:  36%|███▋      | 365/1000 [2:21:43 > 1:21:49]
L-BFGS:  37%|███▋      | 366/1000 [2:20:39 > 1:22:02]
L-BFGS:  37%|███▋      | 367/1000 [2:21:32 > 1:22:15]
L-BFGS:  37%|███▋      | 368/1000 [2:22:02 > 1:22:29]
L-BFGS:  37%|███▋      | 369/1000 [2:22:16 > 1:22:43]
L-BFGS:  37%|███▋      | 370/1000 [2:22:24 > 1:22:56]
L-BFGS:  37%|███▋      | 371/1000 [2:20:50 > 1:23:09]
L-BFGS:  37%|███▋      | 372/1000 [2:21:15 > 1:23:23]
L-BFGS:  37%|███▋      | 373/1000 [2:20:03 > 1:23:36]
L-BFGS:  37%|███▋      | 374/1000 [2:19:23 > 1:23:49]
L-BFGS:  38%|███▊      | 375/1000 [2:18:54 > 1:24:03]
L-BFGS:  38%|███▊      | 376/1000 [2:18:11 > 1:24:16]
L-BFGS:  38%|███▊      | 377/1000 [2:17:52 > 1:24:29]
L-BFGS:  38%|███▊      | 378/1000 [2:17:36 > 1:24:42]
L-BFGS:  38%|███▊      | 379/1000 [2:19:00 > 1:24:56]
L-BFGS:  38%|███▊      | 380/1000 [2:18:14 > 1:25:09]
L-BFGS:  38%|███▊      | 381/1000 [2:19:20 > 1:25:23]
L-BFGS:  38%|███▊      | 382/1000 [2:20:01 > 1:25:37]
L-BFGS:  38%|███▊      | 383/1000 [2:18:46 > 1:25:50]
L-BFGS:  38%|███▊      | 384/1000 [2:17:28 > 1:26:04]
L-BFGS:  38%|███▊      | 385/1000 [2:18:04 > 1:26:17]
L-BFGS:  39%|███▊      | 386/1000 [2:16:43 > 1:26:30]
L-BFGS:  39%|███▊      | 387/1000 [2:17:26 > 1:26:44]
L-BFGS:  39%|███▉      | 388/1000 [2:16:14 > 1:26:57]
L-BFGS:  39%|███▉      | 389/1000 [2:16:53 > 1:27:11]
L-BFGS:  39%|███▉      | 390/1000 [2:17:19 > 1:27:24]
L-BFGS:  39%|███▉      | 391/1000 [2:15:55 > 1:27:37]
L-BFGS:  39%|███▉      | 392/1000 [2:14:54 > 1:27:51]
L-BFGS:  39%|███▉      | 393/1000 [2:14:33 > 1:28:04]
L-BFGS:  39%|███▉      | 394/1000 [2:14:16 > 1:28:17]
L-BFGS:  40%|███▉      | 395/1000 [2:15:12 > 1:28:31]
L-BFGS:  40%|███▉      | 396/1000 [2:15:40 > 1:28:44]
L-BFGS:  40%|███▉      | 397/1000 [2:14:26 > 1:28:58]
L-BFGS:  40%|███▉      | 398/1000 [2:14:57 > 1:29:11]
L-BFGS:  40%|███▉      | 399/1000 [2:13:43 > 1:29:24]
L-BFGS:  40%|████      | 400/1000 [2:14:38 > 1:29:38]
L-BFGS:  40%|████      | 401/1000 [2:15:23 > 1:29:52]
L-BFGS:  40%|████      | 402/1000 [2:15:51 > 1:30:06]
L-BFGS:  40%|████      | 403/1000 [2:14:30 > 1:30:19]
L-BFGS:  40%|████      | 404/1000 [2:13:29 > 1:30:32]
L-BFGS:  40%|████      | 405/1000 [2:14:19 > 1:30:46]
L-BFGS:  41%|████      | 406/1000 [2:13:15 > 1:30:59]
L-BFGS:  41%|████      | 407/1000 [2:13:59 > 1:31:13]
L-BFGS:  41%|████      | 408/1000 [2:12:54 > 1:31:26]
L-BFGS:  41%|████      | 409/1000 [2:12:09 > 1:31:40]
L-BFGS:  41%|████      | 410/1000 [2:11:28 > 1:31:53]
L-BFGS:  41%|████      | 411/1000 [2:12:07 > 1:32:07]
L-BFGS:  41%|████      | 412/1000 [2:10:52 > 1:32:20]
L-BFGS:  41%|████▏     | 413/1000 [2:11:29 > 1:32:33]
L-BFGS:  41%|████▏     | 414/1000 [2:11:49 > 1:32:47]
L-BFGS:  42%|████▏     | 415/1000 [2:12:03 > 1:33:01]
L-BFGS:  42%|████▏     | 416/1000 [2:10:45 > 1:33:14]
L-BFGS:  42%|████▏     | 417/1000 [2:09:59 > 1:33:27]
L-BFGS:  42%|████▏     | 418/1000 [2:09:10 > 1:33:40]
L-BFGS:  42%|████▏     | 419/1000 [2:09:51 > 1:33:54]
L-BFGS:  42%|████▏     | 420/1000 [2:10:27 > 1:34:07]
L-BFGS:  42%|████▏     | 421/1000 [2:09:10 > 1:34:21]
L-BFGS:  42%|████▏     | 422/1000 [2:09:43 > 1:34:34]
L-BFGS:  42%|████▏     | 423/1000 [2:08:34 > 1:34:47]
L-BFGS:  42%|████▏     | 424/1000 [2:09:10 > 1:35:01]
L-BFGS:  42%|████▎     | 425/1000 [2:09:31 > 1:35:15]
L-BFGS:  43%|████▎     | 426/1000 [2:09:39 > 1:35:28]
L-BFGS:  43%|████▎     | 427/1000 [2:08:28 > 1:35:42]
L-BFGS:  43%|████▎     | 428/1000 [2:07:37 > 1:35:55]
L-BFGS:  43%|████▎     | 429/1000 [2:08:34 > 1:36:09]
L-BFGS:  43%|████▎     | 430/1000 [2:09:06 > 1:36:22]
L-BFGS:  43%|████▎     | 431/1000 [2:08:01 > 1:36:36]
L-BFGS:  43%|████▎     | 432/1000 [2:07:12 > 1:36:49]
L-BFGS:  43%|████▎     | 433/1000 [2:08:03 > 1:37:03]
L-BFGS:  43%|████▎     | 434/1000 [2:07:00 > 1:37:16]
L-BFGS:  44%|████▎     | 435/1000 [2:06:13 > 1:37:29]
L-BFGS:  44%|████▎     | 436/1000 [2:07:05 > 1:37:43]
L-BFGS:  44%|████▎     | 437/1000 [2:06:00 > 1:37:56]
L-BFGS:  44%|████▍     | 438/1000 [2:04:53 > 1:38:09]
L-BFGS:  44%|████▍     | 439/1000 [2:04:06 > 1:38:23]
L-BFGS:  44%|████▍     | 440/1000 [2:03:27 > 1:38:36]
L-BFGS:  44%|████▍     | 441/1000 [2:04:25 > 1:38:49]
L-BFGS:  44%|████▍     | 442/1000 [2:03:48 > 1:39:03]
L-BFGS:  44%|████▍     | 443/1000 [2:03:10 > 1:39:16]
L-BFGS:  44%|████▍     | 444/1000 [2:03:58 > 1:39:29]
L-BFGS:  44%|████▍     | 445/1000 [2:04:28 > 1:39:43]
L-BFGS:  45%|████▍     | 446/1000 [2:03:22 > 1:39:56]
L-BFGS:  45%|████▍     | 447/1000 [2:02:28 > 1:40:09]
L-BFGS:  45%|████▍     | 448/1000 [2:01:51 > 1:40:22]
L-BFGS:  45%|████▍     | 449/1000 [2:02:45 > 1:40:36]
L-BFGS:  45%|████▌     | 450/1000 [2:03:21 > 1:40:50]
L-BFGS:  45%|████▌     | 451/1000 [2:03:39 > 1:41:03]
L-BFGS:  45%|████▌     | 452/1000 [2:03:47 > 1:41:17]
L-BFGS:  45%|████▌     | 453/1000 [2:02:24 > 1:41:30]
L-BFGS:  45%|████▌     | 454/1000 [2:02:54 > 1:41:44]
L-BFGS:  46%|████▌     | 455/1000 [2:02:02 > 1:41:57]
L-BFGS:  46%|████▌     | 456/1000 [2:01:23 > 1:42:10]
L-BFGS:  46%|████▌     | 457/1000 [2:02:16 > 1:42:24]
L-BFGS:  46%|████▌     | 458/1000 [2:02:51 > 1:42:38]
L-BFGS:  46%|████▌     | 459/1000 [2:01:43 > 1:42:51]
L-BFGS:  46%|████▌     | 460/1000 [2:00:48 > 1:43:04]
L-BFGS:  46%|████▌     | 461/1000 [2:01:40 > 1:43:18]
L-BFGS:  46%|████▌     | 462/1000 [2:00:41 > 1:43:32]
L-BFGS:  46%|████▋     | 463/1000 [1:59:58 > 1:43:45]
L-BFGS:  46%|████▋     | 464/1000 [2:00:47 > 1:43:59]
L-BFGS:  46%|████▋     | 465/1000 [2:00:56 > 1:44:12]
L-BFGS:  47%|████▋     | 466/1000 [2:00:53 > 1:44:26]
L-BFGS:  47%|████▋     | 467/1000 [2:00:47 > 1:44:40]
L-BFGS:  47%|████▋     | 468/1000 [1:59:25 > 1:44:53]
L-BFGS:  47%|████▋     | 469/1000 [1:58:22 > 1:45:06]
L-BFGS:  47%|████▋     | 470/1000 [1:59:00 > 1:45:20]
L-BFGS:  47%|████▋     | 471/1000 [1:57:48 > 1:45:33]
L-BFGS:  47%|████▋     | 472/1000 [1:56:59 > 1:45:46]
L-BFGS:  47%|████▋     | 473/1000 [1:56:23 > 1:45:59]
L-BFGS:  47%|████▋     | 474/1000 [1:57:11 > 1:46:13]
L-BFGS:  48%|████▊     | 475/1000 [1:57:46 > 1:46:26]
L-BFGS:  48%|████▊     | 476/1000 [1:56:39 > 1:46:39]
L-BFGS:  48%|████▊     | 477/1000 [1:55:47 > 1:46:53]
L-BFGS:  48%|████▊     | 478/1000 [1:56:29 > 1:47:06]
L-BFGS:  48%|████▊     | 479/1000 [1:57:01 > 1:47:20]
L-BFGS:  48%|████▊     | 480/1000 [1:57:16 > 1:47:34]
L-BFGS:  48%|████▊     | 481/1000 [1:56:02 > 1:47:47]
L-BFGS:  48%|████▊     | 482/1000 [1:56:32 > 1:48:00]
L-BFGS:  48%|████▊     | 483/1000 [1:55:44 > 1:48:14]
L-BFGS:  48%|████▊     | 484/1000 [1:56:28 > 1:48:27]
L-BFGS:  48%|████▊     | 485/1000 [1:56:49 > 1:48:41]
L-BFGS:  49%|████▊     | 486/1000 [1:56:57 > 1:48:55]
L-BFGS:  49%|████▊     | 487/1000 [1:55:39 > 1:49:08]
L-BFGS:  49%|████▉     | 488/1000 [1:56:00 > 1:49:22]
L-BFGS:  49%|████▉     | 489/1000 [1:54:57 > 1:49:35]
L-BFGS:  49%|████▉     | 490/1000 [1:55:26 > 1:49:49]
L-BFGS:  49%|████▉     | 491/1000 [1:55:48 > 1:50:03]
L-BFGS:  49%|████▉     | 492/1000 [1:54:35 > 1:50:16]
L-BFGS:  49%|████▉     | 493/1000 [1:54:43 > 1:50:30]
L-BFGS:  49%|████▉     | 494/1000 [1:53:20 > 1:50:43]
L-BFGS:  50%|████▉     | 495/1000 [1:53:39 > 1:50:57]
L-BFGS:  50%|████▉     | 496/1000 [1:53:52 > 1:51:10]
L-BFGS:  50%|████▉     | 497/1000 [1:52:36 > 1:51:23]
L-BFGS:  50%|████▉     | 498/1000 [1:51:37 > 1:51:36]
L-BFGS:  50%|████▉     | 499/1000 [1:52:07 > 1:51:50]
L-BFGS:  50%|█████     | 500/1000 [1:52:24 > 1:52:04]
L-BFGS:  50%|█████     | 501/1000 [1:51:14 > 1:52:17]
L-BFGS:  50%|█████     | 502/1000 [1:50:19 > 1:52:30]
L-BFGS:  50%|█████     | 503/1000 [1:50:56 > 1:52:44]
L-BFGS:  50%|█████     | 504/1000 [1:50:03 > 1:52:57]
L-BFGS:  50%|█████     | 505/1000 [1:49:21 > 1:53:10]
L-BFGS:  51%|█████     | 506/1000 [1:48:48 > 1:53:23]
L-BFGS:  51%|█████     | 507/1000 [1:48:23 > 1:53:36]
L-BFGS:  51%|█████     | 508/1000 [1:48:00 > 1:53:49]
L-BFGS:  51%|█████     | 509/1000 [1:47:38 > 1:54:02]
L-BFGS:  51%|█████     | 510/1000 [1:47:24 > 1:54:15]
L-BFGS:  51%|█████     | 511/1000 [1:48:43 > 1:54:29]
L-BFGS:  51%|█████     | 512/1000 [1:48:17 > 1:54:42]
L-BFGS:  51%|█████▏    | 513/1000 [1:49:10 > 1:54:56]
L-BFGS:  51%|█████▏    | 514/1000 [1:48:23 > 1:55:09]
L-BFGS:  52%|█████▏    | 515/1000 [1:49:06 > 1:55:23]
L-BFGS:  52%|█████▏    | 516/1000 [1:49:33 > 1:55:37]
L-BFGS:  52%|█████▏    | 517/1000 [1:49:54 > 1:55:51]
L-BFGS:  52%|█████▏    | 518/1000 [1:50:06 > 1:56:05]
L-BFGS:  52%|█████▏    | 519/1000 [1:48:49 > 1:56:18]
L-BFGS:  52%|█████▏    | 520/1000 [1:49:07 > 1:56:32]
L-BFGS:  52%|█████▏    | 521/1000 [1:47:44 > 1:56:45]
L-BFGS:  52%|█████▏    | 522/1000 [1:46:42 > 1:56:58]
L-BFGS:  52%|█████▏    | 523/1000 [1:45:47 > 1:57:11]
L-BFGS:  52%|█████▏    | 524/1000 [1:45:06 > 1:57:24]
L-BFGS:  52%|█████▎    | 525/1000 [1:44:37 > 1:57:37]
L-BFGS:  53%|█████▎    | 526/1000 [1:45:28 > 1:57:51]
L-BFGS:  53%|█████▎    | 527/1000 [1:44:39 > 1:58:04]
L-BFGS:  53%|█████▎    | 528/1000 [1:44:08 > 1:58:17]
L-BFGS:  53%|█████▎    | 529/1000 [1:43:39 > 1:58:30]
L-BFGS:  53%|█████▎    | 530/1000 [1:44:25 > 1:58:44]
L-BFGS:  53%|█████▎    | 531/1000 [1:43:46 > 1:58:57]
L-BFGS:  53%|█████▎    | 532/1000 [1:43:10 > 1:59:10]
L-BFGS:  53%|█████▎    | 533/1000 [1:42:51 > 1:59:24]
L-BFGS:  53%|█████▎    | 534/1000 [1:42:23 > 1:59:37]
L-BFGS:  54%|█████▎    | 535/1000 [1:43:15 > 1:59:50]
L-BFGS:  54%|█████▎    | 536/1000 [1:42:36 > 2:00:03]
L-BFGS:  54%|█████▎    | 537/1000 [1:42:03 > 2:00:17]
L-BFGS:  54%|█████▍    | 538/1000 [1:41:59 > 2:00:30]
L-BFGS:  54%|█████▍    | 539/1000 [1:43:03 > 2:00:44]
L-BFGS:  54%|█████▍    | 540/1000 [1:42:33 > 2:00:57]
L-BFGS:  54%|█████▍    | 541/1000 [1:43:14 > 2:01:11]
L-BFGS:  54%|█████▍    | 542/1000 [1:43:42 > 2:01:25]
L-BFGS:  54%|█████▍    | 543/1000 [1:43:58 > 2:01:38]
L-BFGS:  54%|█████▍    | 544/1000 [1:42:46 > 2:01:52]
L-BFGS:  55%|█████▍    | 545/1000 [1:43:08 > 2:02:05]
L-BFGS:  55%|█████▍    | 546/1000 [1:43:19 > 2:02:19]
L-BFGS:  55%|█████▍    | 547/1000 [1:43:24 > 2:02:33]
L-BFGS:  55%|█████▍    | 548/1000 [1:43:18 > 2:02:47]
L-BFGS:  55%|█████▍    | 549/1000 [1:42:57 > 2:03:00]
L-BFGS:  55%|█████▌    | 550/1000 [1:41:28 > 2:03:13]
L-BFGS:  55%|█████▌    | 551/1000 [1:41:35 > 2:03:27]
L-BFGS:  55%|█████▌    | 552/1000 [1:41:30 > 2:03:41]
L-BFGS:  55%|█████▌    | 553/1000 [1:40:11 > 2:03:54]
L-BFGS:  55%|█████▌    | 554/1000 [1:40:24 > 2:04:08]
L-BFGS:  56%|█████▌    | 555/1000 [1:13:36 > 2:04:09]
L-BFGS:  56%|█████▌    | 556/1000 [1:21:41 > 2:04:23]
L-BFGS:  56%|█████▌    | 557/1000 [1:27:13 > 2:04:36]
L-BFGS:  56%|█████▌    | 558/1000 [1:29:55 > 2:04:49]
L-BFGS:  56%|█████▌    | 559/1000 [1:32:53 > 2:05:03]
L-BFGS:  56%|█████▌    | 560/1000 [1:33:45 > 2:05:16]
L-BFGS:  56%|█████▌    | 561/1000 [1:35:27 > 2:05:30]
L-BFGS:  56%|█████▌    | 562/1000 [1:35:22 > 2:05:43]
L-BFGS:  56%|█████▋    | 563/1000 [1:35:17 > 2:05:56]
L-BFGS:  56%|█████▋    | 564/1000 [1:35:14 > 2:06:09]
L-BFGS:  56%|█████▋    | 565/1000 [1:36:11 > 2:06:23]
L-BFGS:  57%|█████▋    | 566/1000 [1:35:39 > 2:06:36]
L-BFGS:  57%|█████▋    | 567/1000 [1:35:20 > 2:06:49]
L-BFGS:  57%|█████▋    | 568/1000 [1:36:22 > 2:07:03]
L-BFGS:  57%|█████▋    | 569/1000 [1:37:02 > 2:07:17]
L-BFGS:  57%|█████▋    | 570/1000 [1:36:13 > 2:07:30]
L-BFGS:  57%|█████▋    | 571/1000 [1:35:39 > 2:07:43]
L-BFGS:  57%|█████▋    | 572/1000 [1:35:09 > 2:07:57]
L-BFGS:  57%|█████▋    | 573/1000 [1:35:59 > 2:08:10]
L-BFGS:  57%|█████▋    | 574/1000 [1:36:22 > 2:08:24]
L-BFGS:  57%|█████▊    | 575/1000 [1:29:53 > 2:08:35]
L-BFGS:  58%|█████▊    | 576/1000 [1:11:46 > 2:08:39]
L-BFGS:  58%|█████▊    | 577/1000 [1:19:18 > 2:08:53]
L-BFGS:  58%|█████▊    | 578/1000 [1:23:19 > 2:09:06]
L-BFGS:  58%|█████▊    | 579/1000 [1:26:53 > 2:09:20]
L-BFGS:  58%|█████▊    | 580/1000 [1:29:20 > 2:09:33]
L-BFGS:  58%|█████▊    | 581/1000 [1:29:53 > 2:09:47]
L-BFGS:  58%|█████▊    | 582/1000 [1:31:19 > 2:10:00]
L-BFGS:  58%|█████▊    | 583/1000 [1:32:18 > 2:10:14]
L-BFGS:  58%|█████▊    | 584/1000 [1:31:43 > 2:10:27]
L-BFGS:  58%|█████▊    | 585/1000 [1:31:17 > 2:10:40]
L-BFGS:  59%|█████▊    | 586/1000 [1:32:02 > 2:10:54]
L-BFGS:  59%|█████▊    | 587/1000 [1:32:28 > 2:11:07]
L-BFGS:  59%|█████▉    | 588/1000 [1:31:38 > 2:11:21]
L-BFGS:  59%|█████▉    | 589/1000 [1:32:05 > 2:11:34]
L-BFGS:  59%|█████▉    | 590/1000 [1:32:14 > 2:11:48]
L-BFGS:  59%|█████▉    | 591/1000 [1:10:50 > 2:11:51]
L-BFGS:  59%|█████▉    | 592/1000 [1:16:13 > 2:12:04]
L-BFGS:  59%|█████▉    | 593/1000 [1:20:57 > 2:12:18]
L-BFGS:  59%|█████▉    | 594/1000 [1:24:15 > 2:12:31]
L-BFGS:  60%|█████▉    | 595/1000 [1:26:28 > 2:12:45]
L-BFGS:  60%|█████▉    | 596/1000 [1:26:52 > 2:12:58]
L-BFGS:  60%|█████▉    | 597/1000 [1:28:20 > 2:13:12]
L-BFGS:  60%|█████▉    | 598/1000 [1:28:21 > 2:13:25]
L-BFGS:  60%|█████▉    | 599/1000 [1:28:15 > 2:13:38]
L-BFGS:  60%|██████    | 600/1000 [1:28:04 > 2:13:52]
L-BFGS:  60%|██████    | 601/1000 [1:27:59 > 2:14:05]
L-BFGS:  60%|██████    | 602/1000 [1:27:51 > 2:14:18]
L-BFGS:  60%|██████    | 603/1000 [1:28:43 > 2:14:32]
L-BFGS:  60%|██████    | 604/1000 [1:29:16 > 2:14:46]
L-BFGS:  60%|██████    | 605/1000 [1:28:31 > 2:14:59]
L-BFGS:  61%|██████    | 606/1000 [1:27:54 > 2:15:12]
L-BFGS:  61%|██████    | 607/1000 [1:27:25 > 2:15:26]
L-BFGS:  61%|██████    | 608/1000 [1:26:44 > 2:15:39]
L-BFGS:  61%|██████    | 609/1000 [1:27:15 > 2:15:52]
L-BFGS:  61%|██████    | 610/1000 [1:26:31 > 2:16:05]
L-BFGS:  61%|██████    | 611/1000 [1:26:59 > 2:16:19]
L-BFGS:  61%|██████    | 612/1000 [1:26:15 > 2:16:32]
L-BFGS:  61%|██████▏   | 613/1000 [1:25:37 > 2:16:45]
L-BFGS:  61%|██████▏   | 614/1000 [1:26:05 > 2:16:59]
L-BFGS:  62%|██████▏   | 615/1000 [1:25:23 > 2:17:12]
L-BFGS:  62%|██████▏   | 616/1000 [1:25:48 > 2:17:26]
L-BFGS:  62%|██████▏   | 617/1000 [1:26:05 > 2:17:39]
L-BFGS:  62%|██████▏   | 618/1000 [1:25:10 > 2:17:53]
L-BFGS:  62%|██████▏   | 619/1000 [1:25:27 > 2:18:06]
L-BFGS:  62%|██████▏   | 620/1000 [1:24:36 > 2:18:19]
L-BFGS:  62%|██████▏   | 621/1000 [1:23:56 > 2:18:33]
L-BFGS:  62%|██████▏   | 622/1000 [1:23:27 > 2:18:46]
L-BFGS:  62%|██████▏   | 623/1000 [1:23:00 > 2:18:59]
L-BFGS:  62%|██████▏   | 624/1000 [1:23:37 > 2:19:12]
L-BFGS:  62%|██████▎   | 625/1000 [1:24:05 > 2:19:26]
L-BFGS:  63%|██████▎   | 626/1000 [1:23:31 > 2:19:39]
L-BFGS:  63%|██████▎   | 627/1000 [1:23:01 > 2:19:53]
L-BFGS:  63%|██████▎   | 628/1000 [1:22:36 > 2:20:06]
L-BFGS:  63%|██████▎   | 629/1000 [1:23:15 > 2:20:20]
L-BFGS:  63%|██████▎   | 630/1000 [1:22:40 > 2:20:33]
L-BFGS:  63%|██████▎   | 631/1000 [1:22:12 > 2:20:46]
L-BFGS:  63%|██████▎   | 632/1000 [1:22:45 > 2:21:00]
L-BFGS:  63%|██████▎   | 633/1000 [1:23:05 > 2:21:14]
L-BFGS:  63%|██████▎   | 634/1000 [1:22:16 > 2:21:27]
L-BFGS:  64%|██████▎   | 635/1000 [1:22:36 > 2:21:41]
L-BFGS:  64%|██████▎   | 636/1000 [1:21:34 > 2:21:54]
L-BFGS:  64%|██████▎   | 637/1000 [1:20:42 > 2:22:07]
L-BFGS:  64%|██████▍   | 638/1000 [1:21:04 > 2:22:21]
L-BFGS:  64%|██████▍   | 639/1000 [1:21:14 > 2:22:34]
L-BFGS:  64%|██████▍   | 640/1000 [1:20:18 > 2:22:48]
L-BFGS:  64%|██████▍   | 641/1000 [1:20:36 > 2:23:01]
L-BFGS:  64%|██████▍   | 642/1000 [1:19:44 > 2:23:14]
L-BFGS:  64%|██████▍   | 643/1000 [1:20:02 > 2:23:28]
L-BFGS:  64%|██████▍   | 644/1000 [1:20:17 > 2:23:42]
L-BFGS:  64%|██████▍   | 645/1000 [1:19:18 > 2:23:55]
L-BFGS:  65%|██████▍   | 646/1000 [1:11:11 > 2:24:04]
L-BFGS:  65%|██████▍   | 647/1000 [1:12:52 > 2:24:17]
L-BFGS:  65%|██████▍   | 648/1000 [1:14:56 > 2:24:31]
L-BFGS:  65%|██████▍   | 649/1000 [1:15:19 > 2:24:44]
L-BFGS:  65%|██████▌   | 650/1000 [1:15:33 > 2:24:57]
L-BFGS:  65%|██████▌   | 651/1000 [1:15:37 > 2:25:10]
L-BFGS:  65%|██████▌   | 652/1000 [1:15:39 > 2:25:23]
L-BFGS:  65%|██████▌   | 653/1000 [1:15:40 > 2:25:36]
L-BFGS:  65%|██████▌   | 654/1000 [1:16:40 > 2:25:50]
L-BFGS:  66%|██████▌   | 655/1000 [1:16:22 > 2:26:03]
L-BFGS:  66%|██████▌   | 656/1000 [1:16:07 > 2:26:17]
L-BFGS:  66%|██████▌   | 657/1000 [1:15:53 > 2:26:30]
L-BFGS:  66%|██████▌   | 658/1000 [1:16:33 > 2:26:44]
L-BFGS:  66%|██████▌   | 659/1000 [1:16:59 > 2:26:57]
L-BFGS:  66%|██████▌   | 660/1000 [1:16:16 > 2:27:11]
L-BFGS:  66%|██████▌   | 661/1000 [1:15:42 > 2:27:24]
L-BFGS:  66%|██████▌   | 662/1000 [1:15:04 > 2:27:37]
L-BFGS:  66%|██████▋   | 663/1000 [1:14:39 > 2:27:50]
L-BFGS:  66%|██████▋   | 664/1000 [1:15:10 > 2:28:04]
L-BFGS:  66%|██████▋   | 665/1000 [1:15:20 > 2:28:18]
L-BFGS:  67%|██████▋   | 666/1000 [1:15:25 > 2:28:31]
L-BFGS:  67%|██████▋   | 667/1000 [1:14:28 > 2:28:45]
L-BFGS:  67%|██████▋   | 668/1000 [1:13:46 > 2:28:58]
L-BFGS:  67%|██████▋   | 669/1000 [1:14:04 > 2:29:11]
L-BFGS:  67%|██████▋   | 670/1000 [1:14:10 > 2:29:25]
L-BFGS:  67%|██████▋   | 671/1000 [1:14:13 > 2:29:39]
L-BFGS:  67%|██████▋   | 672/1000 [1:13:20 > 2:29:52]
L-BFGS:  67%|██████▋   | 673/1000 [1:12:42 > 2:30:05]
L-BFGS:  67%|██████▋   | 674/1000 [1:12:06 > 2:30:18]
L-BFGS:  68%|██████▊   | 675/1000 [1:12:30 > 2:30:32]
L-BFGS:  68%|██████▊   | 676/1000 [1:11:50 > 2:30:45]
L-BFGS:  68%|██████▊   | 677/1000 [1:12:09 > 2:30:58]
L-BFGS:  68%|██████▊   | 678/1000 [1:11:28 > 2:31:12]
L-BFGS:  68%|██████▊   | 679/1000 [1:10:59 > 2:31:25]
L-BFGS:  68%|██████▊   | 680/1000 [1:10:31 > 2:31:38]
L-BFGS:  68%|██████▊   | 681/1000 [1:10:09 > 2:31:51]
L-BFGS:  68%|██████▊   | 682/1000 [1:09:55 > 2:32:04]
L-BFGS:  68%|██████▊   | 683/1000 [1:10:37 > 2:32:18]
L-BFGS:  68%|██████▊   | 684/1000 [1:10:16 > 2:32:31]
L-BFGS:  68%|██████▊   | 685/1000 [1:10:45 > 2:32:45]
L-BFGS:  69%|██████▊   | 686/1000 [1:10:12 > 2:32:58]
L-BFGS:  69%|██████▊   | 687/1000 [1:09:47 > 2:33:12]
L-BFGS:  69%|██████▉   | 688/1000 [1:09:23 > 2:33:25]
L-BFGS:  69%|██████▉   | 689/1000 [1:09:05 > 2:33:38]
L-BFGS:  69%|██████▉   | 690/1000 [1:08:47 > 2:33:51]
L-BFGS:  69%|██████▉   | 691/1000 [1:09:18 > 2:34:05]
L-BFGS:  69%|██████▉   | 692/1000 [1:09:31 > 2:34:19]
L-BFGS:  69%|██████▉   | 693/1000 [1:08:38 > 2:34:32]
L-BFGS:  69%|██████▉   | 694/1000 [1:07:57 > 2:34:45]
L-BFGS:  70%|██████▉   | 695/1000 [1:08:14 > 2:34:59]
L-BFGS:  70%|██████▉   | 696/1000 [1:07:33 > 2:35:12]
L-BFGS:  70%|██████▉   | 697/1000 [1:07:48 > 2:35:26]
L-BFGS:  70%|██████▉   | 698/1000 [1:07:55 > 2:35:39]
L-BFGS:  70%|██████▉   | 699/1000 [1:07:10 > 2:35:52]
L-BFGS:  70%|███████   | 700/1000 [1:06:33 > 2:36:06]
L-BFGS:  70%|███████   | 701/1000 [1:06:04 > 2:36:19]
L-BFGS:  70%|███████   | 702/1000 [1:05:37 > 2:36:32]
L-BFGS:  70%|███████   | 703/1000 [1:05:18 > 2:36:45]
L-BFGS:  70%|███████   | 704/1000 [1:04:58 > 2:36:58]
L-BFGS:  70%|███████   | 705/1000 [1:05:28 > 2:37:12]
L-BFGS:  71%|███████   | 706/1000 [1:04:58 > 2:37:25]
L-BFGS:  71%|███████   | 707/1000 [1:04:35 > 2:37:38]
L-BFGS:  71%|███████   | 708/1000 [1:04:57 > 2:37:52]
L-BFGS:  71%|███████   | 709/1000 [1:04:24 > 2:38:05]
L-BFGS:  71%|███████   | 710/1000 [1:04:02 > 2:38:18]
L-BFGS:  71%|███████   | 711/1000 [1:03:50 > 2:38:31]
L-BFGS:  71%|███████   | 712/1000 [1:03:38 > 2:38:44]
L-BFGS:  71%|███████▏  | 713/1000 [1:04:11 > 2:38:58]
L-BFGS:  71%|███████▏  | 714/1000 [1:03:43 > 2:39:11]
L-BFGS:  72%|███████▏  | 715/1000 [1:04:06 > 2:39:25]
L-BFGS:  72%|███████▏  | 716/1000 [1:04:15 > 2:39:39]
L-BFGS:  72%|███████▏  | 717/1000 [1:03:37 > 2:39:52]
L-BFGS:  72%|███████▏  | 718/1000 [1:03:04 > 2:40:06]
L-BFGS:  72%|███████▏  | 719/1000 [1:02:39 > 2:40:19]
L-BFGS:  72%|███████▏  | 720/1000 [1:03:00 > 2:40:33]
L-BFGS:  72%|███████▏  | 721/1000 [1:02:58 > 2:40:46]
L-BFGS:  72%|███████▏  | 722/1000 [1:02:13 > 2:40:59]
L-BFGS:  72%|███████▏  | 723/1000 [1:02:18 > 2:41:13]
L-BFGS:  72%|███████▏  | 724/1000 [1:01:35 > 2:41:26]
L-BFGS:  72%|███████▎  | 725/1000 [1:01:01 > 2:41:39]
L-BFGS:  73%|███████▎  | 726/1000 [1:01:19 > 2:41:53]
L-BFGS:  73%|███████▎  | 727/1000 [1:00:39 > 2:42:06]
L-BFGS:  73%|███████▎  | 728/1000 [1:00:51 > 2:42:20]
L-BFGS:  73%|███████▎  | 729/1000 [1:00:55 > 2:42:33]
L-BFGS:  73%|███████▎  | 730/1000 [1:00:12 > 2:42:47]
L-BFGS:  73%|███████▎  | 731/1000 [1:00:28 > 2:43:00]
L-BFGS:  73%|███████▎  | 732/1000 [59:55 > 2:43:14]  
L-BFGS:  73%|███████▎  | 733/1000 [59:20 > 2:43:27]
L-BFGS:  73%|███████▎  | 734/1000 [59:33 > 2:43:40]
L-BFGS:  74%|███████▎  | 735/1000 [59:39 > 2:43:54]
L-BFGS:  74%|███████▎  | 736/1000 [59:37 > 2:44:08]
L-BFGS:  74%|███████▎  | 737/1000 [58:59 > 2:44:21]
L-BFGS:  74%|███████▍  | 738/1000 [58:33 > 2:44:34]
L-BFGS:  74%|███████▍  | 739/1000 [58:07 > 2:44:48]
L-BFGS:  74%|███████▍  | 740/1000 [57:47 > 2:45:01]
L-BFGS:  74%|███████▍  | 741/1000 [57:26 > 2:45:14]
L-BFGS:  74%|███████▍  | 742/1000 [57:47 > 2:45:28]
L-BFGS:  74%|███████▍  | 743/1000 [57:20 > 2:45:41]
L-BFGS:  74%|███████▍  | 744/1000 [56:59 > 2:45:54]
L-BFGS:  74%|███████▍  | 745/1000 [56:38 > 2:46:08]
L-BFGS:  75%|███████▍  | 746/1000 [56:58 > 2:46:21]
L-BFGS:  75%|███████▍  | 747/1000 [56:28 > 2:46:35]
L-BFGS:  75%|███████▍  | 748/1000 [55:55 > 2:46:48]
L-BFGS:  75%|███████▍  | 749/1000 [55:28 > 2:47:01]
L-BFGS:  75%|███████▌  | 750/1000 [55:04 > 2:47:14]
L-BFGS:  75%|███████▌  | 751/1000 [54:43 > 2:47:27]
L-BFGS:  75%|███████▌  | 752/1000 [55:04 > 2:47:41]
L-BFGS:  75%|███████▌  | 753/1000 [55:14 > 2:47:54]
L-BFGS:  75%|███████▌  | 754/1000 [54:38 > 2:48:07]
L-BFGS:  76%|███████▌  | 755/1000 [54:10 > 2:48:21]
L-BFGS:  76%|███████▌  | 756/1000 [54:25 > 2:48:34]
L-BFGS:  76%|███████▌  | 757/1000 [53:53 > 2:48:47]
L-BFGS:  76%|███████▌  | 758/1000 [53:27 > 2:49:01]
L-BFGS:  76%|███████▌  | 759/1000 [53:41 > 2:49:14]
L-BFGS:  76%|███████▌  | 760/1000 [53:49 > 2:49:28]
L-BFGS:  76%|███████▌  | 761/1000 [53:13 > 2:49:41]
L-BFGS:  76%|███████▌  | 762/1000 [53:21 > 2:49:55]
L-BFGS:  76%|███████▋  | 763/1000 [53:21 > 2:50:08]
L-BFGS:  76%|███████▋  | 764/1000 [53:19 > 2:50:22]
L-BFGS:  76%|███████▋  | 765/1000 [53:14 > 2:50:36]
L-BFGS:  77%|███████▋  | 766/1000 [53:14 > 2:50:49]
L-BFGS:  77%|███████▋  | 767/1000 [52:31 > 2:51:03]
L-BFGS:  77%|███████▋  | 768/1000 [51:54 > 2:51:16]
L-BFGS:  77%|███████▋  | 769/1000 [51:30 > 2:51:29]
L-BFGS:  77%|███████▋  | 770/1000 [51:09 > 2:51:42]
L-BFGS:  77%|███████▋  | 771/1000 [51:28 > 2:51:56]
L-BFGS:  77%|███████▋  | 772/1000 [51:37 > 2:52:10]
L-BFGS:  77%|███████▋  | 773/1000 [51:38 > 2:52:24]
L-BFGS:  77%|███████▋  | 774/1000 [51:34 > 2:52:38]
L-BFGS:  78%|███████▊  | 775/1000 [50:52 > 2:52:51]
L-BFGS:  78%|███████▊  | 776/1000 [50:48 > 2:53:05]
L-BFGS:  78%|███████▊  | 777/1000 [50:03 > 2:53:18]
L-BFGS:  78%|███████▊  | 778/1000 [50:02 > 2:53:31]
L-BFGS:  78%|███████▊  | 779/1000 [49:59 > 2:53:45]
L-BFGS:  78%|███████▊  | 780/1000 [49:51 > 2:53:59]
L-BFGS:  78%|███████▊  | 781/1000 [49:41 > 2:54:12]
L-BFGS:  78%|███████▊  | 782/1000 [48:54 > 2:54:25]
L-BFGS:  78%|███████▊  | 783/1000 [48:18 > 2:54:39]
L-BFGS:  78%|███████▊  | 784/1000 [47:48 > 2:54:52]
L-BFGS:  78%|███████▊  | 785/1000 [47:25 > 2:55:05]
L-BFGS:  79%|███████▊  | 786/1000 [47:06 > 2:55:18]
L-BFGS:  79%|███████▊  | 787/1000 [47:22 > 2:55:32]
L-BFGS:  79%|███████▉  | 788/1000 [46:54 > 2:55:45]
L-BFGS:  79%|███████▉  | 789/1000 [47:03 > 2:55:58]
L-BFGS:  79%|███████▉  | 790/1000 [46:34 > 2:56:11]
L-BFGS:  79%|███████▉  | 791/1000 [46:09 > 2:56:25]
L-BFGS:  79%|███████▉  | 792/1000 [45:50 > 2:56:38]
L-BFGS:  79%|███████▉  | 793/1000 [45:30 > 2:56:51]
L-BFGS:  79%|███████▉  | 794/1000 [45:21 > 2:57:04]
L-BFGS:  80%|███████▉  | 795/1000 [45:11 > 2:57:17]
L-BFGS:  80%|███████▉  | 796/1000 [45:01 > 2:57:31]
L-BFGS:  80%|███████▉  | 797/1000 [44:50 > 2:57:44]
L-BFGS:  80%|███████▉  | 798/1000 [45:10 > 2:57:58]
L-BFGS:  80%|███████▉  | 799/1000 [44:48 > 2:58:11]
L-BFGS:  80%|████████  | 800/1000 [44:27 > 2:58:24]
L-BFGS:  80%|████████  | 801/1000 [44:09 > 2:58:38]
L-BFGS:  80%|████████  | 802/1000 [43:52 > 2:58:51]
L-BFGS:  80%|████████  | 803/1000 [44:08 > 2:59:05]
L-BFGS:  80%|████████  | 804/1000 [44:11 > 2:59:18]
L-BFGS:  80%|████████  | 805/1000 [43:33 > 2:59:31]
L-BFGS:  81%|████████  | 806/1000 [43:34 > 2:59:45]
L-BFGS:  81%|████████  | 807/1000 [43:01 > 2:59:58]
L-BFGS:  81%|████████  | 808/1000 [43:02 > 3:00:12]
L-BFGS:  81%|████████  | 809/1000 [42:31 > 3:00:25]
L-BFGS:  81%|████████  | 810/1000 [42:03 > 3:00:38]
L-BFGS:  81%|████████  | 811/1000 [42:10 > 3:00:52]
L-BFGS:  81%|████████  | 812/1000 [41:43 > 3:01:05]
L-BFGS:  81%|████████▏ | 813/1000 [41:18 > 3:01:18]
L-BFGS:  81%|████████▏ | 814/1000 [40:57 > 3:01:31]
L-BFGS:  82%|████████▏ | 815/1000 [41:08 > 3:01:45]
L-BFGS:  82%|████████▏ | 816/1000 [40:43 > 3:01:58]
L-BFGS:  82%|████████▏ | 817/1000 [40:49 > 3:02:12]
L-BFGS:  82%|████████▏ | 818/1000 [40:49 > 3:02:25]
L-BFGS:  82%|████████▏ | 819/1000 [40:17 > 3:02:38]
L-BFGS:  82%|████████▏ | 820/1000 [39:51 > 3:02:51]
L-BFGS:  82%|████████▏ | 821/1000 [39:56 > 3:03:05]
L-BFGS:  82%|████████▏ | 822/1000 [39:59 > 3:03:19]
L-BFGS:  82%|████████▏ | 823/1000 [40:02 > 3:03:32]
L-BFGS:  82%|████████▏ | 824/1000 [39:33 > 3:03:46]
L-BFGS:  82%|████████▎ | 825/1000 [39:35 > 3:04:00]
L-BFGS:  83%|████████▎ | 826/1000 [39:05 > 3:04:13]
L-BFGS:  83%|████████▎ | 827/1000 [39:09 > 3:04:27]
L-BFGS:  83%|████████▎ | 828/1000 [38:41 > 3:04:40]
L-BFGS:  83%|████████▎ | 829/1000 [38:17 > 3:04:53]
L-BFGS:  83%|████████▎ | 830/1000 [37:55 > 3:05:07]
L-BFGS:  83%|████████▎ | 831/1000 [37:35 > 3:05:20]
L-BFGS:  83%|████████▎ | 832/1000 [37:44 > 3:05:34]
L-BFGS:  83%|████████▎ | 833/1000 [37:13 > 3:05:47]
L-BFGS:  83%|████████▎ | 834/1000 [37:13 > 3:06:00]
L-BFGS:  84%|████████▎ | 835/1000 [36:45 > 3:06:13]
L-BFGS:  84%|████████▎ | 836/1000 [36:46 > 3:06:27]
L-BFGS:  84%|████████▎ | 837/1000 [36:16 > 3:06:40]
L-BFGS:  84%|████████▍ | 838/1000 [36:17 > 3:06:54]
L-BFGS:  84%|████████▍ | 839/1000 [36:12 > 3:07:08]
L-BFGS:  84%|████████▍ | 840/1000 [35:41 > 3:07:21]
L-BFGS:  84%|████████▍ | 841/1000 [35:39 > 3:07:34]
L-BFGS:  84%|████████▍ | 842/1000 [35:35 > 3:07:48]
L-BFGS:  84%|████████▍ | 843/1000 [35:27 > 3:08:02]
L-BFGS:  84%|████████▍ | 844/1000 [34:53 > 3:08:15]
L-BFGS:  84%|████████▍ | 845/1000 [34:26 > 3:08:28]
L-BFGS:  85%|████████▍ | 846/1000 [34:03 > 3:08:41]
L-BFGS:  85%|████████▍ | 847/1000 [34:06 > 3:08:55]
L-BFGS:  85%|████████▍ | 848/1000 [34:05 > 3:09:08]
L-BFGS:  85%|████████▍ | 849/1000 [34:00 > 3:09:22]
L-BFGS:  85%|████████▌ | 850/1000 [33:30 > 3:09:35]
L-BFGS:  85%|████████▌ | 851/1000 [33:35 > 3:09:49]
L-BFGS:  85%|████████▌ | 852/1000 [33:09 > 3:10:02]
L-BFGS:  85%|████████▌ | 853/1000 [32:50 > 3:10:15]
L-BFGS:  85%|████████▌ | 854/1000 [32:54 > 3:10:29]
L-BFGS:  86%|████████▌ | 855/1000 [32:28 > 3:10:42]
L-BFGS:  86%|████████▌ | 856/1000 [32:30 > 3:10:56]
L-BFGS:  86%|████████▌ | 857/1000 [32:03 > 3:11:09]
L-BFGS:  86%|████████▌ | 858/1000 [31:42 > 3:11:23]
L-BFGS:  86%|████████▌ | 859/1000 [31:45 > 3:11:36]
L-BFGS:  86%|████████▌ | 860/1000 [31:21 > 3:11:50]
L-BFGS:  86%|████████▌ | 861/1000 [30:56 > 3:12:03]
L-BFGS:  86%|████████▌ | 862/1000 [30:55 > 3:12:17]
L-BFGS:  86%|████████▋ | 863/1000 [30:50 > 3:12:30]
L-BFGS:  86%|████████▋ | 864/1000 [30:20 > 3:12:43]
L-BFGS:  86%|████████▋ | 865/1000 [29:56 > 3:12:56]
L-BFGS:  87%|████████▋ | 866/1000 [29:56 > 3:13:10]
L-BFGS:  87%|████████▋ | 867/1000 [29:54 > 3:13:24]
L-BFGS:  87%|████████▋ | 868/1000 [29:47 > 3:13:37]
L-BFGS:  87%|████████▋ | 869/1000 [29:16 > 3:13:51]
L-BFGS:  87%|████████▋ | 870/1000 [29:12 > 3:14:04]
L-BFGS:  87%|████████▋ | 871/1000 [28:44 > 3:14:17]
L-BFGS:  87%|████████▋ | 872/1000 [28:43 > 3:14:31]
L-BFGS:  87%|████████▋ | 873/1000 [28:36 > 3:14:45]
L-BFGS:  87%|████████▋ | 874/1000 [28:08 > 3:14:58]
L-BFGS:  88%|████████▊ | 875/1000 [27:45 > 3:15:11]
L-BFGS:  88%|████████▊ | 876/1000 [27:24 > 3:15:24]
L-BFGS:  88%|████████▊ | 877/1000 [27:24 > 3:15:38]
L-BFGS:  88%|████████▊ | 878/1000 [27:21 > 3:15:51]
L-BFGS:  88%|████████▊ | 879/1000 [27:00 > 3:16:05]
L-BFGS:  88%|████████▊ | 880/1000 [26:42 > 3:16:18]
L-BFGS:  88%|████████▊ | 881/1000 [26:44 > 3:16:32]
L-BFGS:  88%|████████▊ | 882/1000 [26:23 > 3:16:45]
L-BFGS:  88%|████████▊ | 883/1000 [26:03 > 3:16:58]
L-BFGS:  88%|████████▊ | 884/1000 [26:05 > 3:17:12]
L-BFGS:  88%|████████▊ | 885/1000 [25:44 > 3:17:25]
L-BFGS:  89%|████████▊ | 886/1000 [25:43 > 3:17:39]
L-BFGS:  89%|████████▊ | 887/1000 [25:20 > 3:17:52]
L-BFGS:  89%|████████▉ | 888/1000 [25:00 > 3:18:05]
L-BFGS:  89%|████████▉ | 889/1000 [24:56 > 3:18:19]
L-BFGS:  89%|████████▉ | 890/1000 [24:48 > 3:18:33]
L-BFGS:  89%|████████▉ | 891/1000 [24:21 > 3:18:46]
L-BFGS:  89%|████████▉ | 892/1000 [23:59 > 3:18:59]
L-BFGS:  89%|████████▉ | 893/1000 [23:58 > 3:19:13]
L-BFGS:  89%|████████▉ | 894/1000 [23:35 > 3:19:26]
L-BFGS:  90%|████████▉ | 895/1000 [23:31 > 3:19:40]
L-BFGS:  90%|████████▉ | 896/1000 [23:07 > 3:19:53]
L-BFGS:  90%|████████▉ | 897/1000 [23:04 > 3:20:06]
L-BFGS:  90%|████████▉ | 898/1000 [22:56 > 3:20:20]
L-BFGS:  90%|████████▉ | 899/1000 [22:47 > 3:20:34]
L-BFGS:  90%|█████████ | 900/1000 [22:36 > 3:20:47]
L-BFGS:  90%|█████████ | 901/1000 [22:27 > 3:21:01]
L-BFGS:  90%|█████████ | 902/1000 [22:15 > 3:21:15]
L-BFGS:  90%|█████████ | 903/1000 [22:01 > 3:21:28]
L-BFGS:  90%|█████████ | 904/1000 [21:33 > 3:21:41]
L-BFGS:  90%|█████████ | 905/1000 [21:09 > 3:21:54]
L-BFGS:  91%|█████████ | 906/1000 [20:50 > 3:22:08]
L-BFGS:  91%|█████████ | 907/1000 [20:36 > 3:22:21]
L-BFGS:  91%|█████████ | 908/1000 [20:21 > 3:22:34]
L-BFGS:  91%|█████████ | 909/1000 [20:08 > 3:22:47]
L-BFGS:  91%|█████████ | 910/1000 [20:08 > 3:23:01]
L-BFGS:  91%|█████████ | 911/1000 [20:04 > 3:23:15]
L-BFGS:  91%|█████████ | 912/1000 [19:43 > 3:23:28]
L-BFGS:  91%|█████████▏| 913/1000 [19:39 > 3:23:42]
L-BFGS:  91%|█████████▏| 914/1000 [19:18 > 3:23:55]
L-BFGS:  92%|█████████▏| 915/1000 [19:13 > 3:24:09]
L-BFGS:  92%|█████████▏| 916/1000 [18:52 > 3:24:22]
L-BFGS:  92%|█████████▏| 917/1000 [18:30 > 3:24:36]
L-BFGS:  92%|█████████▏| 918/1000 [18:23 > 3:24:49]
L-BFGS:  92%|█████████▏| 919/1000 [18:01 > 3:25:02]
L-BFGS:  92%|█████████▏| 920/1000 [17:42 > 3:25:15]
L-BFGS:  92%|█████████▏| 921/1000 [17:26 > 3:25:29]
L-BFGS:  92%|█████████▏| 922/1000 [17:10 > 3:25:42]
L-BFGS:  92%|█████████▏| 923/1000 [16:55 > 3:25:55]
L-BFGS:  92%|█████████▏| 924/1000 [16:52 > 3:26:08]
L-BFGS:  92%|█████████▎| 925/1000 [16:34 > 3:26:22]
L-BFGS:  93%|█████████▎| 926/1000 [16:29 > 3:26:35]
L-BFGS:  93%|█████████▎| 927/1000 [16:22 > 3:26:49]
L-BFGS:  93%|█████████▎| 928/1000 [16:02 > 3:27:02]
L-BFGS:  93%|█████████▎| 929/1000 [15:43 > 3:27:15]
L-BFGS:  93%|█████████▎| 930/1000 [15:26 > 3:27:28]
L-BFGS:  93%|█████████▎| 931/1000 [15:14 > 3:27:41]
L-BFGS:  93%|█████████▎| 932/1000 [15:09 > 3:27:55]
L-BFGS:  93%|█████████▎| 933/1000 [14:53 > 3:28:08]
L-BFGS:  93%|█████████▎| 934/1000 [14:38 > 3:28:22]
L-BFGS:  94%|█████████▎| 935/1000 [14:24 > 3:28:35]
L-BFGS:  94%|█████████▎| 936/1000 [14:20 > 3:28:49]
L-BFGS:  94%|█████████▎| 937/1000 [14:13 > 3:29:02]
L-BFGS:  94%|█████████▍| 938/1000 [13:54 > 3:29:16]
L-BFGS:  94%|█████████▍| 939/1000 [13:46 > 3:29:30]
L-BFGS:  94%|█████████▍| 940/1000 [13:37 > 3:29:43]
L-BFGS:  94%|█████████▍| 941/1000 [13:17 > 3:29:57]
L-BFGS:  94%|█████████▍| 942/1000 [12:59 > 3:30:10]
L-BFGS:  94%|█████████▍| 943/1000 [12:43 > 3:30:23]
L-BFGS:  94%|█████████▍| 944/1000 [12:33 > 3:30:37]
L-BFGS:  94%|█████████▍| 945/1000 [12:15 > 3:30:50]
L-BFGS:  95%|█████████▍| 946/1000 [11:59 > 3:31:03]
L-BFGS:  95%|█████████▍| 947/1000 [11:53 > 3:31:17]
L-BFGS:  95%|█████████▍| 948/1000 [11:34 > 3:31:30]
L-BFGS:  95%|█████████▍| 949/1000 [11:17 > 3:31:43]
L-BFGS:  95%|█████████▌| 950/1000 [11:09 > 3:31:57]
L-BFGS:  95%|█████████▌| 951/1000 [10:52 > 3:32:10]
L-BFGS:  95%|█████████▌| 952/1000 [10:43 > 3:32:23]
L-BFGS:  95%|█████████▌| 953/1000 [10:33 > 3:32:37]
L-BFGS:  95%|█████████▌| 954/1000 [10:14 > 3:32:50]
L-BFGS:  96%|█████████▌| 955/1000 [09:58 > 3:33:03]
L-BFGS:  96%|█████████▌| 956/1000 [09:42 > 3:33:17]
L-BFGS:  96%|█████████▌| 957/1000 [09:28 > 3:33:30]
L-BFGS:  96%|█████████▌| 958/1000 [09:13 > 3:33:43]
L-BFGS:  96%|█████████▌| 959/1000 [09:06 > 3:33:56]
L-BFGS:  96%|█████████▌| 960/1000 [08:57 > 3:34:10]
L-BFGS:  96%|█████████▌| 961/1000 [08:41 > 3:34:23]
L-BFGS:  96%|█████████▌| 962/1000 [08:33 > 3:34:37]
L-BFGS:  96%|█████████▋| 963/1000 [08:17 > 3:34:50]
L-BFGS:  96%|█████████▋| 964/1000 [08:07 > 3:35:04]
L-BFGS:  96%|█████████▋| 965/1000 [07:50 > 3:35:17]
L-BFGS:  97%|█████████▋| 966/1000 [07:40 > 3:35:31]
L-BFGS:  97%|█████████▋| 967/1000 [07:29 > 3:35:45]
L-BFGS:  97%|█████████▋| 968/1000 [07:11 > 3:35:58]
L-BFGS:  97%|█████████▋| 969/1000 [06:59 > 3:36:12]
L-BFGS:  97%|█████████▋| 970/1000 [06:47 > 3:36:26]
L-BFGS:  97%|█████████▋| 971/1000 [06:30 > 3:36:39]
L-BFGS:  97%|█████████▋| 972/1000 [06:14 > 3:36:52]
L-BFGS:  97%|█████████▋| 973/1000 [05:58 > 3:37:05]
L-BFGS:  97%|█████████▋| 974/1000 [05:48 > 3:37:19]
L-BFGS:  98%|█████████▊| 975/1000 [05:32 > 3:37:32]
L-BFGS:  98%|█████████▊| 976/1000 [05:18 > 3:37:45]
L-BFGS:  98%|█████████▊| 977/1000 [05:07 > 3:37:59]
L-BFGS:  98%|█████████▊| 978/1000 [04:52 > 3:38:12]
L-BFGS:  98%|█████████▊| 979/1000 [04:41 > 3:38:25]
L-BFGS:  98%|█████████▊| 980/1000 [04:29 > 3:38:39]
L-BFGS:  98%|█████████▊| 981/1000 [04:16 > 3:38:53]
L-BFGS:  98%|█████████▊| 982/1000 [04:01 > 3:39:06]
L-BFGS:  98%|█████████▊| 983/1000 [03:49 > 3:39:19]
L-BFGS:  98%|█████████▊| 984/1000 [03:36 > 3:39:33]
L-BFGS:  98%|█████████▊| 985/1000 [03:21 > 3:39:46]
L-BFGS:  99%|█████████▊| 986/1000 [03:06 > 3:39:59]
L-BFGS:  99%|█████████▊| 987/1000 [02:52 > 3:40:12]
L-BFGS:  99%|█████████▉| 988/1000 [02:40 > 3:40:26]
L-BFGS:  99%|█████████▉| 989/1000 [02:26 > 3:40:39]
L-BFGS:  99%|█████████▉| 990/1000 [02:14 > 3:40:53]
L-BFGS:  99%|█████████▉| 991/1000 [02:02 > 3:41:07]
L-BFGS:  99%|█████████▉| 992/1000 [01:47 > 3:41:20]
L-BFGS:  99%|█████████▉| 993/1000 [01:33 > 3:41:33]
L-BFGS:  99%|█████████▉| 994/1000 [01:21 > 3:41:47]
L-BFGS: 100%|█████████▉| 995/1000 [01:07 > 3:42:00]
L-BFGS: 100%|█████████▉| 996/1000 [00:53 > 3:42:13]
L-BFGS: 100%|█████████▉| 997/1000 [00:40 > 3:42:27]
L-BFGS: 100%|█████████▉| 998/1000 [00:26 > 3:42:41]
L-BFGS: 100%|█████████▉| 999/1000 [00:13 > 3:42:54]
L-BFGS: 100%|██████████| 1000/1000 [00:00 > 3:43:07]
L-BFGS: 100%|██████████| 1000/1000 [00:00 > 3:43:07]
Training saved: C:\Ali Computation\pinn\code\heterogeneous\pino_heterogeneous\results\exp_X2_uniform_K100_N500_default_float64_lbfgs1000_maxiter20\pino_heterogeneous_concentration.png C:\Ali Computation\pinn\code\heterogeneous\pino_heterogeneous\results\exp_X2_uniform_K100_N500_default_float64_lbfgs1000_maxiter20\pino_heterogeneous_loss.png C:\Ali Computation\pinn\code\heterogeneous\pino_heterogeneous\results\exp_X2_uniform_K100_N500_default_float64_lbfgs1000_maxiter20\pino_heterogeneous_model.pt
COMSOL validation: 81 media -> C:\Ali Computation\pinn\code\heterogeneous\pino_heterogeneous\results\exp_X2_uniform_K100_N500_default_float64_lbfgs1000_maxiter20\comsol_validation  (x* collocation n=86)

COMSOL vs PINO:   0%|          | 0/81 [00:00<?, ?it/s]
COMSOL vs PINO:   1%|          | 1/81 [00:01<01:22,  1.04s/it]
COMSOL vs PINO:   2%|▏         | 2/81 [00:02<01:21,  1.03s/it]
COMSOL vs PINO:   4%|▎         | 3/81 [00:03<01:20,  1.03s/it]
COMSOL vs PINO:   5%|▍         | 4/81 [00:04<01:26,  1.13s/it]
COMSOL vs PINO:   6%|▌         | 5/81 [00:05<01:23,  1.09s/it]
COMSOL vs PINO:   7%|▋         | 6/81 [00:06<01:20,  1.07s/it]
COMSOL vs PINO:   9%|▊         | 7/81 [00:07<01:18,  1.06s/it]
COMSOL vs PINO:  10%|▉         | 8/81 [00:08<01:16,  1.05s/it]
COMSOL vs PINO:  11%|█         | 9/81 [00:09<01:15,  1.05s/it]
COMSOL vs PINO:  12%|█▏        | 10/81 [00:10<01:14,  1.05s/it]
COMSOL vs PINO:  14%|█▎        | 11/81 [00:11<01:12,  1.04s/it]
COMSOL vs PINO:  15%|█▍        | 12/81 [00:12<01:11,  1.04s/it]
COMSOL vs PINO:  16%|█▌        | 13/81 [00:13<01:10,  1.04s/it]
COMSOL vs PINO:  17%|█▋        | 14/81 [00:14<01:09,  1.04s/it]
COMSOL vs PINO:  19%|█▊        | 15/81 [00:15<01:08,  1.03s/it]
COMSOL vs PINO:  20%|█▉        | 16/81 [00:16<01:07,  1.04s/it]
COMSOL vs PINO:  21%|██        | 17/81 [00:17<01:06,  1.04s/it]
COMSOL vs PINO:  22%|██▏       | 18/81 [00:19<01:12,  1.15s/it]
COMSOL vs PINO:  23%|██▎       | 19/81 [00:20<01:09,  1.12s/it]
COMSOL vs PINO:  25%|██▍       | 20/81 [00:21<01:07,  1.11s/it]
COMSOL vs PINO:  26%|██▌       | 21/81 [00:22<01:05,  1.09s/it]
COMSOL vs PINO:  27%|██▋       | 22/81 [00:23<01:03,  1.08s/it]
COMSOL vs PINO:  28%|██▊       | 23/81 [00:24<01:01,  1.07s/it]
COMSOL vs PINO:  30%|██▉       | 24/81 [00:25<01:00,  1.06s/it]
COMSOL vs PINO:  31%|███       | 25/81 [00:26<00:59,  1.06s/it]
COMSOL vs PINO:  32%|███▏      | 26/81 [00:27<00:58,  1.06s/it]
COMSOL vs PINO:  33%|███▎      | 27/81 [00:28<00:57,  1.07s/it]
COMSOL vs PINO:  35%|███▍      | 28/81 [00:29<00:56,  1.06s/it]
COMSOL vs PINO:  36%|███▌      | 29/81 [00:30<00:54,  1.06s/it]
COMSOL vs PINO:  37%|███▋      | 30/81 [00:31<00:53,  1.05s/it]
COMSOL vs PINO:  38%|███▊      | 31/81 [00:32<00:52,  1.05s/it]
COMSOL vs PINO:  40%|███▉      | 32/81 [00:34<00:56,  1.16s/it]
COMSOL vs PINO:  41%|████      | 33/81 [00:35<00:54,  1.13s/it]
COMSOL vs PINO:  42%|████▏     | 34/81 [00:36<00:51,  1.10s/it]
COMSOL vs PINO:  43%|████▎     | 35/81 [00:37<00:50,  1.10s/it]
COMSOL vs PINO:  44%|████▍     | 36/81 [00:38<00:49,  1.09s/it]
COMSOL vs PINO:  46%|████▌     | 37/81 [00:39<00:47,  1.08s/it]
COMSOL vs PINO:  47%|████▋     | 38/81 [00:40<00:46,  1.07s/it]
COMSOL vs PINO:  48%|████▊     | 39/81 [00:41<00:44,  1.05s/it]
COMSOL vs PINO:  49%|████▉     | 40/81 [00:42<00:43,  1.05s/it]
COMSOL vs PINO:  51%|█████     | 41/81 [00:43<00:41,  1.04s/it]
COMSOL vs PINO:  52%|█████▏    | 42/81 [00:44<00:40,  1.04s/it]
COMSOL vs PINO:  53%|█████▎    | 43/81 [00:45<00:39,  1.04s/it]
COMSOL vs PINO:  54%|█████▍    | 44/81 [00:46<00:38,  1.04s/it]
COMSOL vs PINO:  56%|█████▌    | 45/81 [00:48<00:40,  1.13s/it]
COMSOL vs PINO:  57%|█████▋    | 46/81 [00:49<00:38,  1.11s/it]
COMSOL vs PINO:  58%|█████▊    | 47/81 [00:50<00:37,  1.10s/it]
COMSOL vs PINO:  59%|█████▉    | 48/81 [00:51<00:35,  1.09s/it]
COMSOL vs PINO:  60%|██████    | 49/81 [00:52<00:34,  1.07s/it]
COMSOL vs PINO:  62%|██████▏   | 50/81 [00:53<00:33,  1.07s/it]
COMSOL vs PINO:  63%|██████▎   | 51/81 [00:54<00:31,  1.06s/it]
COMSOL vs PINO:  64%|██████▍   | 52/81 [00:55<00:30,  1.07s/it]
COMSOL vs PINO:  65%|██████▌   | 53/81 [00:56<00:29,  1.06s/it]
COMSOL vs PINO:  67%|██████▋   | 54/81 [00:57<00:28,  1.06s/it]
COMSOL vs PINO:  68%|██████▊   | 55/81 [00:58<00:27,  1.06s/it]
COMSOL vs PINO:  69%|██████▉   | 56/81 [00:59<00:26,  1.06s/it]
COMSOL vs PINO:  70%|███████   | 57/81 [01:00<00:25,  1.06s/it]
COMSOL vs PINO:  72%|███████▏  | 58/81 [01:02<00:24,  1.06s/it]
COMSOL vs PINO:  73%|███████▎  | 59/81 [01:03<00:23,  1.06s/it]
COMSOL vs PINO:  74%|███████▍  | 60/81 [01:04<00:24,  1.15s/it]
COMSOL vs PINO:  75%|███████▌  | 61/81 [01:05<00:22,  1.13s/it]
COMSOL vs PINO:  77%|███████▋  | 62/81 [01:06<00:20,  1.10s/it]
COMSOL vs PINO:  78%|███████▊  | 63/81 [01:07<00:19,  1.09s/it]
COMSOL vs PINO:  79%|███████▉  | 64/81 [01:08<00:18,  1.08s/it]
COMSOL vs PINO:  80%|████████  | 65/81 [01:09<00:17,  1.07s/it]
COMSOL vs PINO:  81%|████████▏ | 66/81 [01:10<00:15,  1.06s/it]
COMSOL vs PINO:  83%|████████▎ | 67/81 [01:11<00:14,  1.06s/it]
COMSOL vs PINO:  84%|████████▍ | 68/81 [01:12<00:13,  1.06s/it]
COMSOL vs PINO:  85%|████████▌ | 69/81 [01:13<00:12,  1.06s/it]
COMSOL vs PINO:  86%|████████▋ | 70/81 [01:14<00:11,  1.06s/it]
COMSOL vs PINO:  88%|████████▊ | 71/81 [01:16<00:10,  1.06s/it]
COMSOL vs PINO:  89%|████████▉ | 72/81 [01:17<00:09,  1.05s/it]
COMSOL vs PINO:  90%|█████████ | 73/81 [01:18<00:08,  1.05s/it]
COMSOL vs PINO:  91%|█████████▏| 74/81 [01:19<00:07,  1.05s/it]
COMSOL vs PINO:  93%|█████████▎| 75/81 [01:20<00:06,  1.15s/it]
COMSOL vs PINO:  94%|█████████▍| 76/81 [01:21<00:05,  1.12s/it]
COMSOL vs PINO:  95%|█████████▌| 77/81 [01:22<00:04,  1.10s/it]
COMSOL vs PINO:  96%|█████████▋| 78/81 [01:23<00:03,  1.08s/it]
COMSOL vs PINO:  98%|█████████▊| 79/81 [01:24<00:02,  1.08s/it]
COMSOL vs PINO:  99%|█████████▉| 80/81 [01:25<00:01,  1.07s/it]
COMSOL vs PINO: 100%|██████████| 81/81 [01:26<00:00,  1.06s/it]
COMSOL vs PINO: 100%|██████████| 81/81 [01:26<00:00,  1.07s/it]
COMSOL validation summary: n=81  mean=3.837946e-02  max=7.773766e-02  min=1.386057e-02
Wrote C:\Ali Computation\pinn\code\heterogeneous\pino_heterogeneous\results\exp_X2_uniform_K100_N500_default_float64_lbfgs1000_maxiter20\comsol_validation\comsol_validation_summary.csv
Run metadata: C:\Ali Computation\pinn\code\heterogeneous\pino_heterogeneous\results\exp_X2_uniform_K100_N500_default_float64_lbfgs1000_maxiter20\run_meta.json
Wall-clock train: 13388.5 s
Wall-clock validation: 86.9 s
Wall-clock total: 13487.9 s  device=cuda

# exit 0 after 3:44:52.559560
