# code/heterogeneous/pino_heterogeneous/pinn1d_heterogeneous_parametric_neural_operator.py --design grf --n-sensors 100 --n-grf 0 --n-piecewise-per-zones 500 --piecewise-zone-counts 5 --min-zone-frac 0.1 --arch w64 --dtype float64 --early-stop-patience 150 --lr-lbfgs 0.1 --lbfgs-max-iter 20 --epochs 1000 --out-dir results/exp_X5_5zoneonly_K100_N500_w64_float64_lbfgs1000_maxiter20
# started 2026-07-01 21:24:31
# cwd C:\Ali Computation\pinn\code\heterogeneous\pino_heterogeneous

Using GPU: NVIDIA GeForce RTX 3090 (cuda:0, dtype=torch.float64)
PE (computed) = 0.010368
design=grf  media_mode=grf  branch_mode=sensor  optimizer=lbfgs  n_train_requested=500  n_corner_anchors=16  arch=w64  batch_mode=True
branch=[100, 64, 64, 64]  trunk=[2, 64, 64, 64, 64]
results_dir=C:\Ali Computation\pinn\code\heterogeneous\pino_heterogeneous\results\exp_X5_5zoneonly_K100_N500_w64_float64_lbfgs1000_maxiter20
Training: 500 piecewise (500 for zones [5]), min_zone_frac=0.1 = 500 total; branch_mode=sensor, K=100 sensors, grid_n=201
  saved/loaded: C:\Ali Computation\pinn\code\heterogeneous\pino_heterogeneous\results\exp_X5_5zoneonly_K100_N500_w64_float64_lbfgs1000_maxiter20\train_grf_cases.npz
  branch CFL range [0.120013, 0.599687]
PDE mesh: bulk 50x50x500 (no interface bands in GRF mode)
COMSOL validation: 81 fixed grid cases from comsol_4zones.txt -> C:\Ali Computation\pinn\code\heterogeneous\pino_heterogeneous\results\exp_X5_5zoneonly_K100_N500_w64_float64_lbfgs1000_maxiter20\comsol_validation
run_training=True  run_comsol_validation=True  validate_only=False  skip_validation_plots=False
L-BFGS early stopping: patience=150 (max steps=1000)
L-BFGS: lr=0.1  max_iter=20  outer_steps=1000
PDE collocation points: 1,250,000 (bulk 1,250,000, interface 0)
Collocation mesh plot (pre-train): C:\Ali Computation\pinn\code\heterogeneous\pino_heterogeneous\results\exp_X5_5zoneonly_K100_N500_w64_float64_lbfgs1000_maxiter20\pino_heterogeneous_collocation_points.png
LBFGS (
Parameter Group 0
    history_size: 50
    line_search_fn: strong_wolfe
    lr: 0.1
    max_eval: 25
    max_iter: 20
    tolerance_change: 1e-09
    tolerance_grad: 1e-07
)
Early stopping: patience=150 L-BFGS steps (no total-loss improvement, rtol=1e-12)

L-BFGS:   0%|          | 0/1000 [? > 00:00]
L-BFGS:   0%|          | 1/1000 [32:43:26 > 01:57]
L-BFGS:   0%|          | 2/1000 [32:32:36 > 03:54]
L-BFGS:   0%|          | 3/1000 [33:14:05 > 05:58]
L-BFGS:   0%|          | 4/1000 [33:29:29 > 08:00]
L-BFGS:   0%|          | 5/1000 [33:36:04 > 10:03]
L-BFGS:   1%|          | 6/1000 [33:11:35 > 12:00]
L-BFGS:   1%|          | 7/1000 [33:23:00 > 14:03]
L-BFGS:   1%|          | 8/1000 [33:02:45 > 16:01]
L-BFGS:   1%|          | 9/1000 [32:47:59 > 17:58]
L-BFGS:   1%|          | 10/1000 [32:37:56 > 19:56]
L-BFGS:   1%|          | 11/1000 [32:29:41 > 21:53]
L-BFGS:   1%|          | 12/1000 [32:46:57 > 23:55]
L-BFGS:   1%|▏         | 13/1000 [32:33:12 > 25:52]
L-BFGS:   1%|▏         | 14/1000 [32:49:22 > 27:55]
L-BFGS:   2%|▏         | 15/1000 [32:39:29 > 29:53]
L-BFGS:   2%|▏         | 16/1000 [32:25:06 > 31:50]
L-BFGS:   2%|▏         | 17/1000 [32:41:09 > 33:52]
L-BFGS:   2%|▏         | 18/1000 [32:47:25 > 35:53]
L-BFGS:   2%|▏         | 19/1000 [32:33:39 > 37:51]
L-BFGS:   2%|▏         | 20/1000 [32:20:15 > 39:48]
L-BFGS:   2%|▏         | 21/1000 [32:33:48 > 41:50]
L-BFGS:   2%|▏         | 22/1000 [32:19:38 > 43:48]
L-BFGS:   2%|▏         | 23/1000 [32:11:25 > 45:45]
L-BFGS:   2%|▏         | 24/1000 [32:24:10 > 47:47]
L-BFGS:   2%|▎         | 25/1000 [32:15:52 > 49:45]
L-BFGS:   3%|▎         | 26/1000 [32:02:48 > 51:42]
L-BFGS:   3%|▎         | 27/1000 [32:16:20 > 53:44]
L-BFGS:   3%|▎         | 28/1000 [32:29:35 > 55:46]
L-BFGS:   3%|▎         | 29/1000 [32:13:07 > 57:44]
L-BFGS:   3%|▎         | 30/1000 [32:02:51 > 59:41]
L-BFGS:   3%|▎         | 31/1000 [32:15:18 > 1:01:43]
L-BFGS:   3%|▎         | 32/1000 [32:03:33 > 1:03:41]
L-BFGS:   3%|▎         | 33/1000 [31:52:00 > 1:05:38]
L-BFGS:   3%|▎         | 34/1000 [31:45:56 > 1:07:36]
L-BFGS:   4%|▎         | 35/1000 [32:04:06 > 1:09:39]
L-BFGS:   4%|▎         | 36/1000 [31:52:47 > 1:11:36]
L-BFGS:   4%|▎         | 37/1000 [31:42:42 > 1:13:34]
L-BFGS:   4%|▍         | 38/1000 [31:36:40 > 1:15:31]
L-BFGS:   4%|▍         | 39/1000 [31:56:11 > 1:17:34]
L-BFGS:   4%|▍         | 40/1000 [32:07:25 > 1:19:37]
L-BFGS:   4%|▍         | 41/1000 [32:17:23 > 1:21:39]
L-BFGS:   4%|▍         | 42/1000 [32:18:03 > 1:23:41]
L-BFGS:   4%|▍         | 43/1000 [32:20:36 > 1:25:44]
L-BFGS:   4%|▍         | 44/1000 [31:57:44 > 1:27:41]
L-BFGS:   4%|▍         | 45/1000 [32:04:46 > 1:29:43]
L-BFGS:   5%|▍         | 46/1000 [31:43:22 > 1:31:40]
L-BFGS:   5%|▍         | 47/1000 [31:33:57 > 1:33:38]
L-BFGS:   5%|▍         | 48/1000 [31:43:23 > 1:35:40]
L-BFGS:   5%|▍         | 49/1000 [31:27:15 > 1:37:37]
L-BFGS:   5%|▌         | 50/1000 [31:20:34 > 1:39:35]
L-BFGS:   5%|▌         | 51/1000 [31:28:37 > 1:41:36]
L-BFGS:   5%|▌         | 52/1000 [31:39:21 > 1:43:38]
L-BFGS:   5%|▌         | 53/1000 [31:46:27 > 1:45:40]
L-BFGS:   5%|▌         | 54/1000 [31:53:02 > 1:47:43]
L-BFGS:   6%|▌         | 55/1000 [31:31:44 > 1:49:40]
L-BFGS:   6%|▌         | 56/1000 [31:18:24 > 1:51:38]
L-BFGS:   6%|▌         | 57/1000 [31:06:31 > 1:53:35]
L-BFGS:   6%|▌         | 58/1000 [30:59:41 > 1:55:33]
L-BFGS:   6%|▌         | 59/1000 [31:21:36 > 1:57:36]
L-BFGS:   6%|▌         | 60/1000 [31:29:56 > 1:59:38]
L-BFGS:   6%|▌         | 61/1000 [31:13:58 > 2:01:36]
L-BFGS:   6%|▌         | 62/1000 [31:25:16 > 2:03:39]
L-BFGS:   6%|▋         | 63/1000 [31:09:27 > 2:05:36]
L-BFGS:   6%|▋         | 64/1000 [30:56:22 > 2:07:34]
L-BFGS:   6%|▋         | 65/1000 [30:48:12 > 2:09:31]
L-BFGS:   7%|▋         | 66/1000 [31:05:19 > 2:11:34]
L-BFGS:   7%|▋         | 67/1000 [30:52:50 > 2:13:31]
L-BFGS:   7%|▋         | 68/1000 [31:02:15 > 2:15:33]
L-BFGS:   7%|▋         | 69/1000 [31:12:02 > 2:17:35]
L-BFGS:   7%|▋         | 70/1000 [31:17:26 > 2:19:38]
L-BFGS:   7%|▋         | 71/1000 [31:16:48 > 2:21:39]
L-BFGS:   7%|▋         | 72/1000 [30:59:21 > 2:23:37]
L-BFGS:   7%|▋         | 73/1000 [31:02:46 > 2:25:38]
L-BFGS:   7%|▋         | 74/1000 [31:10:16 > 2:27:41]
L-BFGS:   8%|▊         | 75/1000 [31:09:11 > 2:29:42]
L-BFGS:   8%|▊         | 76/1000 [31:10:21 > 2:31:44]
L-BFGS:   8%|▊         | 77/1000 [30:50:58 > 2:33:42]
L-BFGS:   8%|▊         | 78/1000 [30:56:34 > 2:35:44]
L-BFGS:   8%|▊         | 79/1000 [30:40:29 > 2:37:42]
L-BFGS:   8%|▊         | 80/1000 [30:50:54 > 2:39:44]
L-BFGS:   8%|▊         | 81/1000 [31:01:46 > 2:41:48]
L-BFGS:   8%|▊         | 82/1000 [30:39:12 > 2:43:45]
L-BFGS:   8%|▊         | 83/1000 [30:27:10 > 2:45:43]
L-BFGS:   8%|▊         | 84/1000 [30:38:19 > 2:47:45]
L-BFGS:   8%|▊         | 85/1000 [30:43:54 > 2:49:48]
L-BFGS:   9%|▊         | 86/1000 [30:48:03 > 2:51:50]
L-BFGS:   9%|▊         | 87/1000 [30:27:26 > 2:53:47]
L-BFGS:   9%|▉         | 88/1000 [30:14:44 > 2:55:45]
L-BFGS:   9%|▉         | 89/1000 [30:03:22 > 2:57:42]
L-BFGS:   9%|▉         | 90/1000 [30:17:46 > 2:59:44]
L-BFGS:   9%|▉         | 91/1000 [30:23:06 > 3:01:46]
L-BFGS:   9%|▉         | 92/1000 [30:27:28 > 3:03:48]
L-BFGS:   9%|▉         | 93/1000 [30:29:34 > 3:05:49]
L-BFGS:   9%|▉         | 94/1000 [30:29:51 > 3:07:51]
L-BFGS:  10%|▉         | 95/1000 [30:12:21 > 3:09:49]
L-BFGS:  10%|▉         | 96/1000 [30:18:44 > 3:11:51]
L-BFGS:  10%|▉         | 97/1000 [30:25:27 > 3:13:53]
L-BFGS:  10%|▉         | 98/1000 [30:05:11 > 3:15:51]
L-BFGS:  10%|▉         | 99/1000 [29:52:33 > 3:17:48]
L-BFGS:  10%|█         | 100/1000 [29:41:22 > 3:19:46]
L-BFGS:  10%|█         | 101/1000 [29:34:52 > 3:21:43]
L-BFGS:  10%|█         | 102/1000 [29:27:39 > 3:23:41]
L-BFGS:  10%|█         | 103/1000 [29:24:06 > 3:25:38]
L-BFGS:  10%|█         | 104/1000 [29:18:51 > 3:27:36]
L-BFGS:  10%|█         | 105/1000 [29:41:39 > 3:29:39]
L-BFGS:  11%|█         | 106/1000 [29:33:06 > 3:31:37]
L-BFGS:  11%|█         | 107/1000 [29:22:36 > 3:33:34]
L-BFGS:  11%|█         | 108/1000 [29:18:34 > 3:35:32]
L-BFGS:  11%|█         | 109/1000 [29:34:02 > 3:37:34]
L-BFGS:  11%|█         | 110/1000 [29:23:52 > 3:39:32]
L-BFGS:  11%|█         | 111/1000 [29:14:57 > 3:41:29]
L-BFGS:  11%|█         | 112/1000 [29:09:45 > 3:43:27]
L-BFGS:  11%|█▏        | 113/1000 [29:03:51 > 3:45:24]
L-BFGS:  11%|█▏        | 114/1000 [29:00:31 > 3:47:22]
L-BFGS:  12%|█▏        | 115/1000 [28:56:23 > 3:49:19]
L-BFGS:  12%|█▏        | 116/1000 [28:53:55 > 3:51:17]
L-BFGS:  12%|█▏        | 117/1000 [28:50:28 > 3:53:14]
L-BFGS:  12%|█▏        | 118/1000 [29:12:05 > 3:55:17]
L-BFGS:  12%|█▏        | 119/1000 [29:02:05 > 3:57:15]
L-BFGS:  12%|█▏        | 120/1000 [28:55:39 > 3:59:12]
L-BFGS:  12%|█▏        | 121/1000 [29:12:59 > 4:01:15]
L-BFGS:  12%|█▏        | 122/1000 [29:01:54 > 4:03:12]
L-BFGS:  12%|█▏        | 123/1000 [29:11:00 > 4:05:14]
L-BFGS:  12%|█▏        | 124/1000 [29:20:10 > 4:07:16]
L-BFGS:  12%|█▎        | 125/1000 [29:25:29 > 4:09:19]
L-BFGS:  13%|█▎        | 126/1000 [29:06:18 > 4:11:16]
L-BFGS:  13%|█▎        | 127/1000 [28:55:36 > 4:13:14]
L-BFGS:  13%|█▎        | 128/1000 [28:44:04 > 4:15:11]
L-BFGS:  13%|█▎        | 129/1000 [28:39:06 > 4:17:09]
L-BFGS:  13%|█▎        | 130/1000 [28:49:59 > 4:19:10]
L-BFGS:  13%|█▎        | 131/1000 [28:41:33 > 4:21:08]
L-BFGS:  13%|█▎        | 132/1000 [28:32:32 > 4:23:05]
L-BFGS:  13%|█▎        | 133/1000 [28:28:21 > 4:25:03]
L-BFGS:  13%|█▎        | 134/1000 [28:21:48 > 4:27:00]
L-BFGS:  14%|█▎        | 135/1000 [28:19:52 > 4:28:58]
L-BFGS:  14%|█▎        | 136/1000 [28:32:34 > 4:30:59]
L-BFGS:  14%|█▎        | 137/1000 [28:46:27 > 4:33:02]
L-BFGS:  14%|█▍        | 138/1000 [28:50:28 > 4:35:03]
L-BFGS:  14%|█▍        | 139/1000 [28:34:18 > 4:37:01]
L-BFGS:  14%|█▍        | 140/1000 [28:45:10 > 4:39:03]
L-BFGS:  14%|█▍        | 141/1000 [28:50:04 > 4:41:05]
L-BFGS:  14%|█▍        | 142/1000 [28:34:49 > 4:43:03]
L-BFGS:  14%|█▍        | 143/1000 [28:21:09 > 4:45:00]
L-BFGS:  14%|█▍        | 144/1000 [28:36:02 > 4:47:03]
L-BFGS:  14%|█▍        | 145/1000 [28:45:11 > 4:49:06]
L-BFGS:  15%|█▍        | 146/1000 [28:48:52 > 4:51:08]
L-BFGS:  15%|█▍        | 147/1000 [28:32:15 > 4:53:06]
L-BFGS:  15%|█▍        | 148/1000 [28:37:29 > 4:55:09]
L-BFGS:  15%|█▍        | 149/1000 [28:22:18 > 4:57:06]
L-BFGS:  15%|█▌        | 150/1000 [28:08:12 > 4:59:04]
L-BFGS:  15%|█▌        | 151/1000 [28:00:20 > 5:01:01]
L-BFGS:  15%|█▌        | 152/1000 [27:51:56 > 5:02:59]
L-BFGS:  15%|█▌        | 153/1000 [28:06:59 > 5:05:01]
L-BFGS:  15%|█▌        | 154/1000 [27:55:47 > 5:06:58]
L-BFGS:  16%|█▌        | 155/1000 [28:08:16 > 5:09:00]
L-BFGS:  16%|█▌        | 156/1000 [28:13:02 > 5:11:02]
L-BFGS:  16%|█▌        | 157/1000 [28:16:51 > 5:13:04]
L-BFGS:  16%|█▌        | 158/1000 [28:18:16 > 5:15:05]
L-BFGS:  16%|█▌        | 159/1000 [28:18:27 > 5:17:07]
L-BFGS:  16%|█▌        | 160/1000 [28:22:04 > 5:19:09]
L-BFGS:  16%|█▌        | 161/1000 [28:02:26 > 5:21:07]
L-BFGS:  16%|█▌        | 162/1000 [27:49:28 > 5:23:04]
L-BFGS:  16%|█▋        | 163/1000 [27:58:35 > 5:25:07]
L-BFGS:  16%|█▋        | 164/1000 [27:45:56 > 5:27:04]
L-BFGS:  16%|█▋        | 165/1000 [28:00:29 > 5:29:08]
L-BFGS:  17%|█▋        | 166/1000 [28:04:24 > 5:31:10]
L-BFGS:  17%|█▋        | 167/1000 [28:09:25 > 5:33:13]
L-BFGS:  17%|█▋        | 168/1000 [27:49:30 > 5:35:10]
L-BFGS:  17%|█▋        | 169/1000 [27:35:51 > 5:37:08]
L-BFGS:  17%|█▋        | 170/1000 [27:24:47 > 5:39:05]
L-BFGS:  17%|█▋        | 171/1000 [27:17:36 > 5:41:03]
L-BFGS:  17%|█▋        | 172/1000 [27:11:03 > 5:43:00]
L-BFGS:  17%|█▋        | 173/1000 [27:06:50 > 5:44:58]
L-BFGS:  17%|█▋        | 174/1000 [27:24:03 > 5:47:01]
L-BFGS:  18%|█▊        | 175/1000 [27:14:29 > 5:48:58]
L-BFGS:  18%|█▊        | 176/1000 [27:23:45 > 5:51:00]
L-BFGS:  18%|█▊        | 177/1000 [27:33:04 > 5:53:02]
L-BFGS:  18%|█▊        | 178/1000 [27:38:07 > 5:55:05]
L-BFGS:  18%|█▊        | 179/1000 [27:37:45 > 5:57:06]
L-BFGS:  18%|█▊        | 180/1000 [27:22:06 > 5:59:04]
L-BFGS:  18%|█▊        | 181/1000 [27:07:52 > 6:01:01]
L-BFGS:  18%|█▊        | 182/1000 [27:00:15 > 6:02:59]
L-BFGS:  18%|█▊        | 183/1000 [27:08:34 > 6:05:00]
L-BFGS:  18%|█▊        | 184/1000 [26:58:52 > 6:06:58]
L-BFGS:  18%|█▊        | 185/1000 [26:49:35 > 6:08:55]
L-BFGS:  19%|█▊        | 186/1000 [27:04:13 > 6:10:58]
L-BFGS:  19%|█▊        | 187/1000 [26:50:22 > 6:12:55]
L-BFGS:  19%|█▉        | 188/1000 [26:59:40 > 6:14:56]
L-BFGS:  19%|█▉        | 189/1000 [26:50:46 > 6:16:54]
L-BFGS:  19%|█▉        | 190/1000 [26:40:40 > 6:18:51]
L-BFGS:  19%|█▉        | 191/1000 [26:36:00 > 6:20:49]
L-BFGS:  19%|█▉        | 192/1000 [26:48:17 > 6:22:51]
L-BFGS:  19%|█▉        | 193/1000 [26:58:14 > 6:24:54]
L-BFGS:  19%|█▉        | 194/1000 [26:43:57 > 6:26:51]
L-BFGS:  20%|█▉        | 195/1000 [26:35:17 > 6:28:49]
L-BFGS:  20%|█▉        | 196/1000 [26:48:14 > 6:30:51]
L-BFGS:  20%|█▉        | 197/1000 [26:37:08 > 6:32:49]
L-BFGS:  20%|█▉        | 198/1000 [26:48:50 > 6:34:52]
L-BFGS:  20%|█▉        | 199/1000 [26:37:25 > 6:36:50]
L-BFGS:  20%|██        | 200/1000 [26:46:30 > 6:38:52]
L-BFGS:  20%|██        | 201/1000 [26:50:50 > 6:40:54]
L-BFGS:  20%|██        | 202/1000 [26:36:20 > 6:42:52]
L-BFGS:  20%|██        | 203/1000 [26:41:12 > 6:44:54]
L-BFGS:  20%|██        | 204/1000 [26:28:05 > 6:46:52]
L-BFGS:  20%|██        | 205/1000 [26:34:38 > 6:48:53]
L-BFGS:  21%|██        | 206/1000 [26:22:11 > 6:50:51]
L-BFGS:  21%|██        | 207/1000 [26:27:39 > 6:52:53]
L-BFGS:  21%|██        | 208/1000 [26:17:40 > 6:54:51]
L-BFGS:  21%|██        | 209/1000 [26:24:27 > 6:56:52]
L-BFGS:  21%|██        | 210/1000 [26:25:06 > 6:58:53]
L-BFGS:  21%|██        | 211/1000 [26:12:38 > 7:00:51]
L-BFGS:  21%|██        | 212/1000 [26:01:22 > 7:02:48]
L-BFGS:  21%|██▏       | 213/1000 [26:11:37 > 7:04:50]
L-BFGS:  21%|██▏       | 214/1000 [25:59:42 > 7:06:48]
L-BFGS:  22%|██▏       | 215/1000 [25:52:38 > 7:08:45]
L-BFGS:  22%|██▏       | 216/1000 [25:45:07 > 7:10:43]
L-BFGS:  22%|██▏       | 217/1000 [25:59:44 > 7:12:45]
L-BFGS:  22%|██▏       | 218/1000 [26:08:36 > 7:14:47]
L-BFGS:  22%|██▏       | 219/1000 [25:56:21 > 7:16:45]
L-BFGS:  22%|██▏       | 220/1000 [25:45:08 > 7:18:42]
L-BFGS:  22%|██▏       | 221/1000 [25:38:52 > 7:20:40]
L-BFGS:  22%|██▏       | 222/1000 [25:32:15 > 7:22:37]
L-BFGS:  22%|██▏       | 223/1000 [25:50:14 > 7:24:41]
L-BFGS:  22%|██▏       | 224/1000 [25:41:27 > 7:26:39]
L-BFGS:  22%|██▎       | 225/1000 [25:51:00 > 7:28:41]
L-BFGS:  23%|██▎       | 226/1000 [25:59:43 > 7:30:44]
L-BFGS:  23%|██▎       | 227/1000 [26:04:36 > 7:32:46]
L-BFGS:  23%|██▎       | 228/1000 [26:05:17 > 7:34:48]
L-BFGS:  23%|██▎       | 229/1000 [25:45:38 > 7:36:46]
L-BFGS:  23%|██▎       | 230/1000 [25:34:54 > 7:38:44]
L-BFGS:  23%|██▎       | 231/1000 [25:23:06 > 7:40:41]
L-BFGS:  23%|██▎       | 232/1000 [25:17:50 > 7:42:39]
L-BFGS:  23%|██▎       | 233/1000 [25:10:07 > 7:44:36]
L-BFGS:  23%|██▎       | 234/1000 [25:24:30 > 7:46:38]
L-BFGS:  24%|██▎       | 235/1000 [25:17:41 > 7:48:36]
L-BFGS:  24%|██▎       | 236/1000 [25:23:53 > 7:50:37]
L-BFGS:  24%|██▎       | 237/1000 [25:15:10 > 7:52:35]
L-BFGS:  24%|██▍       | 238/1000 [25:21:55 > 7:54:37]
L-BFGS:  24%|██▍       | 239/1000 [25:12:16 > 7:56:35]
L-BFGS:  24%|██▍       | 240/1000 [25:02:27 > 7:58:32]
L-BFGS:  24%|██▍       | 241/1000 [24:57:18 > 8:00:30]
L-BFGS:  24%|██▍       | 242/1000 [25:06:44 > 8:02:31]
L-BFGS:  24%|██▍       | 243/1000 [25:17:05 > 8:04:33]
L-BFGS:  24%|██▍       | 244/1000 [25:02:17 > 8:06:30]
L-BFGS:  24%|██▍       | 245/1000 [24:56:21 > 8:08:28]
L-BFGS:  25%|██▍       | 246/1000 [24:46:40 > 8:10:25]
L-BFGS:  25%|██▍       | 247/1000 [24:44:13 > 8:12:24]
L-BFGS:  25%|██▍       | 248/1000 [24:54:12 > 8:14:25]
L-BFGS:  25%|██▍       | 249/1000 [24:44:30 > 8:16:22]
L-BFGS:  25%|██▌       | 250/1000 [24:56:56 > 8:18:25]
L-BFGS:  25%|██▌       | 251/1000 [25:02:56 > 8:20:26]
L-BFGS:  25%|██▌       | 252/1000 [25:11:00 > 8:22:30]
L-BFGS:  25%|██▌       | 253/1000 [24:54:30 > 8:24:27]
L-BFGS:  25%|██▌       | 254/1000 [25:05:12 > 8:26:30]
L-BFGS:  26%|██▌       | 255/1000 [24:48:13 > 8:28:27]
L-BFGS:  26%|██▌       | 256/1000 [24:55:45 > 8:30:30]
L-BFGS:  26%|██▌       | 257/1000 [24:44:12 > 8:32:28]
L-BFGS:  26%|██▌       | 258/1000 [24:31:33 > 8:34:25]
L-BFGS:  26%|██▌       | 259/1000 [24:26:00 > 8:36:23]
L-BFGS:  26%|██▌       | 260/1000 [24:17:40 > 8:38:20]
L-BFGS:  26%|██▌       | 261/1000 [24:15:03 > 8:40:18]
L-BFGS:  26%|██▌       | 262/1000 [24:27:42 > 8:42:20]
L-BFGS:  26%|██▋       | 263/1000 [24:20:03 > 8:44:18]
L-BFGS:  26%|██▋       | 264/1000 [24:28:30 > 8:46:19]
L-BFGS:  26%|██▋       | 265/1000 [24:36:03 > 8:48:22]
L-BFGS:  27%|██▋       | 266/1000 [24:22:15 > 8:50:19]
L-BFGS:  27%|██▋       | 267/1000 [24:13:28 > 8:52:17]
L-BFGS:  27%|██▋       | 268/1000 [24:05:06 > 8:54:14]
L-BFGS:  27%|██▋       | 269/1000 [24:00:35 > 8:56:12]
L-BFGS:  27%|██▋       | 270/1000 [23:55:06 > 8:58:09]
L-BFGS:  27%|██▋       | 271/1000 [23:52:12 > 9:00:07]
L-BFGS:  27%|██▋       | 272/1000 [23:48:01 > 9:02:04]
L-BFGS:  27%|██▋       | 273/1000 [23:46:13 > 9:04:02]
L-BFGS:  27%|██▋       | 274/1000 [23:57:52 > 9:06:03]
L-BFGS:  28%|██▊       | 275/1000 [23:53:28 > 9:08:01]
L-BFGS:  28%|██▊       | 276/1000 [24:02:43 > 9:10:03]
L-BFGS:  28%|██▊       | 277/1000 [24:05:24 > 9:12:04]
L-BFGS:  28%|██▊       | 278/1000 [23:55:43 > 9:14:02]
L-BFGS:  28%|██▊       | 279/1000 [24:01:49 > 9:16:03]
L-BFGS:  28%|██▊       | 280/1000 [24:09:07 > 9:18:06]
L-BFGS:  28%|██▊       | 281/1000 [23:55:06 > 9:20:03]
L-BFGS:  28%|██▊       | 282/1000 [24:03:28 > 9:22:06]
L-BFGS:  28%|██▊       | 283/1000 [23:49:27 > 9:24:03]
L-BFGS:  28%|██▊       | 284/1000 [23:40:45 > 9:26:01]
L-BFGS:  28%|██▊       | 285/1000 [23:32:11 > 9:27:58]
L-BFGS:  29%|██▊       | 286/1000 [23:47:28 > 9:30:02]
L-BFGS:  29%|██▊       | 287/1000 [23:55:36 > 9:32:04]
L-BFGS:  29%|██▉       | 288/1000 [23:41:17 > 9:34:02]
L-BFGS:  29%|██▉       | 289/1000 [23:31:49 > 9:35:59]
L-BFGS:  29%|██▉       | 290/1000 [23:42:03 > 9:38:02]
L-BFGS:  29%|██▉       | 291/1000 [23:49:48 > 9:40:05]
L-BFGS:  29%|██▉       | 292/1000 [23:35:16 > 9:42:02]
L-BFGS:  29%|██▉       | 293/1000 [23:40:59 > 9:44:04]
L-BFGS:  29%|██▉       | 294/1000 [23:26:28 > 9:46:01]
L-BFGS:  30%|██▉       | 295/1000 [23:34:30 > 9:48:04]
L-BFGS:  30%|██▉       | 296/1000 [23:24:42 > 9:50:02]
L-BFGS:  30%|██▉       | 297/1000 [23:12:36 > 9:51:59]
L-BFGS:  30%|██▉       | 298/1000 [23:08:16 > 9:53:57]
L-BFGS:  30%|██▉       | 299/1000 [23:15:04 > 9:55:58]
L-BFGS:  30%|███       | 300/1000 [23:22:37 > 9:58:00]
L-BFGS:  30%|███       | 301/1000 [23:24:41 > 10:00:02]
L-BFGS:  30%|███       | 302/1000 [23:12:59 > 10:02:00]
L-BFGS:  30%|███       | 303/1000 [23:02:09 > 10:03:57]
L-BFGS:  30%|███       | 304/1000 [23:12:31 > 10:05:59]
L-BFGS:  30%|███       | 305/1000 [23:15:16 > 10:08:01]
L-BFGS:  31%|███       | 306/1000 [23:18:08 > 10:10:03]
L-BFGS:  31%|███       | 307/1000 [23:05:00 > 10:12:00]
L-BFGS:  31%|███       | 308/1000 [22:54:02 > 10:13:58]
L-BFGS:  31%|███       | 309/1000 [23:03:32 > 10:16:00]
L-BFGS:  31%|███       | 310/1000 [22:51:31 > 10:17:57]
L-BFGS:  31%|███       | 311/1000 [22:44:30 > 10:19:55]
L-BFGS:  31%|███       | 312/1000 [22:37:00 > 10:21:52]
L-BFGS:  31%|███▏      | 313/1000 [22:33:15 > 10:23:50]
L-BFGS:  31%|███▏      | 314/1000 [22:46:30 > 10:25:53]
L-BFGS:  32%|███▏      | 315/1000 [22:58:01 > 10:27:56]
L-BFGS:  32%|███▏      | 316/1000 [22:43:23 > 10:29:53]
L-BFGS:  32%|███▏      | 317/1000 [22:51:03 > 10:31:56]
L-BFGS:  32%|███▏      | 318/1000 [22:40:47 > 10:33:54]
L-BFGS:  32%|███▏      | 319/1000 [22:46:49 > 10:35:56]
L-BFGS:  32%|███▏      | 320/1000 [22:50:59 > 10:37:58]
L-BFGS:  32%|███▏      | 321/1000 [22:51:54 > 10:40:00]
L-BFGS:  32%|███▏      | 322/1000 [22:53:28 > 10:42:02]
L-BFGS:  32%|███▏      | 323/1000 [22:51:51 > 10:44:04]
L-BFGS:  32%|███▏      | 324/1000 [22:47:15 > 10:46:05]
L-BFGS:  32%|███▎      | 325/1000 [22:47:37 > 10:48:07]
L-BFGS:  33%|███▎      | 326/1000 [22:47:33 > 10:50:09]
L-BFGS:  33%|███▎      | 327/1000 [22:31:33 > 10:52:06]
L-BFGS:  33%|███▎      | 328/1000 [22:35:24 > 10:54:09]
L-BFGS:  33%|███▎      | 329/1000 [22:41:08 > 10:56:12]
L-BFGS:  33%|███▎      | 330/1000 [22:42:32 > 10:58:15]
L-BFGS:  33%|███▎      | 331/1000 [22:25:00 > 11:00:12]
L-BFGS:  33%|███▎      | 332/1000 [22:30:25 > 11:02:15]
L-BFGS:  33%|███▎      | 333/1000 [22:15:20 > 11:04:12]
L-BFGS:  33%|███▎      | 334/1000 [22:04:51 > 11:06:10]
L-BFGS:  34%|███▎      | 335/1000 [22:13:48 > 11:08:12]
L-BFGS:  34%|███▎      | 336/1000 [22:17:36 > 11:10:15]
L-BFGS:  34%|███▎      | 337/1000 [22:03:03 > 11:12:12]
L-BFGS:  34%|███▍      | 338/1000 [22:10:02 > 11:14:14]
L-BFGS:  34%|███▍      | 339/1000 [22:00:16 > 11:16:12]
L-BFGS:  34%|███▍      | 340/1000 [22:02:48 > 11:18:14]
L-BFGS:  34%|███▍      | 341/1000 [21:53:04 > 11:20:11]
L-BFGS:  34%|███▍      | 342/1000 [21:43:10 > 11:22:09]
L-BFGS:  34%|███▍      | 343/1000 [21:38:20 > 11:24:07]
L-BFGS:  34%|███▍      | 344/1000 [21:31:36 > 11:26:04]
L-BFGS:  34%|███▍      | 345/1000 [21:42:50 > 11:28:06]
L-BFGS:  35%|███▍      | 346/1000 [21:33:45 > 11:30:03]
L-BFGS:  35%|███▍      | 347/1000 [21:28:51 > 11:32:01]
L-BFGS:  35%|███▍      | 348/1000 [21:22:53 > 11:33:58]
L-BFGS:  35%|███▍      | 349/1000 [21:33:41 > 11:36:00]
L-BFGS:  35%|███▌      | 350/1000 [21:39:37 > 11:38:02]
L-BFGS:  35%|███▌      | 351/1000 [21:39:59 > 11:40:02]
L-BFGS:  35%|███▌      | 352/1000 [21:41:58 > 11:42:04]
L-BFGS:  35%|███▌      | 353/1000 [21:44:16 > 11:44:06]
L-BFGS:  35%|███▌      | 354/1000 [21:39:33 > 11:46:06]
L-BFGS:  36%|███▌      | 355/1000 [21:51:06 > 11:48:11]
L-BFGS:  36%|███▌      | 356/1000 [21:43:58 > 11:50:11]
L-BFGS:  36%|███▌      | 357/1000 [21:37:21 > 11:52:11]
L-BFGS:  36%|███▌      | 358/1000 [21:47:58 > 11:54:16]
L-BFGS:  36%|███▌      | 359/1000 [21:38:53 > 11:56:16]
L-BFGS:  36%|███▌      | 360/1000 [21:32:54 > 11:58:16]
L-BFGS:  36%|███▌      | 361/1000 [21:26:49 > 12:00:16]
L-BFGS:  36%|███▌      | 362/1000 [21:23:21 > 12:02:17]
L-BFGS:  36%|███▋      | 363/1000 [21:35:51 > 12:04:22]
L-BFGS:  36%|███▋      | 364/1000 [21:28:47 > 12:06:23]
L-BFGS:  36%|███▋      | 365/1000 [21:39:21 > 12:08:28]
L-BFGS:  37%|███▋      | 366/1000 [21:30:50 > 12:10:29]
L-BFGS:  37%|███▋      | 367/1000 [21:38:41 > 12:12:34]
L-BFGS:  37%|███▋      | 368/1000 [21:42:17 > 12:14:39]
L-BFGS:  37%|███▋      | 369/1000 [21:44:46 > 12:16:44]
L-BFGS:  37%|███▋      | 370/1000 [21:44:19 > 12:18:49]
L-BFGS:  37%|███▋      | 371/1000 [21:30:22 > 12:20:49]
L-BFGS:  37%|███▋      | 372/1000 [21:18:43 > 12:22:49]
L-BFGS:  37%|███▋      | 373/1000 [21:25:28 > 12:24:54]
L-BFGS:  37%|███▋      | 374/1000 [21:27:46 > 12:26:58]
L-BFGS:  38%|███▊      | 375/1000 [21:13:51 > 12:28:58]
L-BFGS:  38%|███▊      | 376/1000 [21:06:47 > 12:30:59]
L-BFGS:  38%|███▊      | 377/1000 [21:10:17 > 12:33:02]
L-BFGS:  38%|███▊      | 378/1000 [21:16:15 > 12:35:07]
L-BFGS:  38%|███▊      | 379/1000 [21:19:51 > 12:37:12]
L-BFGS:  38%|███▊      | 380/1000 [21:23:20 > 12:39:18]
L-BFGS:  38%|███▊      | 381/1000 [21:07:50 > 12:41:18]
L-BFGS:  38%|███▊      | 382/1000 [21:15:18 > 12:43:24]
L-BFGS:  38%|███▊      | 383/1000 [21:17:46 > 12:45:29]
L-BFGS:  38%|███▊      | 384/1000 [21:21:22 > 12:47:35]
L-BFGS:  38%|███▊      | 385/1000 [21:05:15 > 12:49:35]
L-BFGS:  39%|███▊      | 386/1000 [20:52:36 > 12:51:35]
L-BFGS:  39%|███▊      | 387/1000 [20:43:44 > 12:53:35]
L-BFGS:  39%|███▉      | 388/1000 [20:53:18 > 12:55:41]
L-BFGS:  39%|███▉      | 389/1000 [20:56:55 > 12:57:46]
L-BFGS:  39%|███▉      | 390/1000 [20:43:11 > 12:59:45]
L-BFGS:  39%|███▉      | 391/1000 [20:35:45 > 13:01:46]
L-BFGS:  39%|███▉      | 392/1000 [20:44:39 > 13:03:51]
L-BFGS:  39%|███▉      | 393/1000 [20:45:25 > 13:05:55]
L-BFGS:  39%|███▉      | 394/1000 [20:49:01 > 13:08:00]
L-BFGS:  40%|███▉      | 395/1000 [20:35:02 > 13:09:59]
L-BFGS:  40%|███▉      | 396/1000 [20:27:10 > 13:12:00]
L-BFGS:  40%|███▉      | 397/1000 [20:31:56 > 13:14:04]
L-BFGS:  40%|███▉      | 398/1000 [20:23:28 > 13:16:05]
L-BFGS:  40%|███▉      | 399/1000 [20:15:03 > 13:18:04]
L-BFGS:  40%|████      | 400/1000 [20:10:19 > 13:20:05]
L-BFGS:  40%|████      | 401/1000 [20:05:04 > 13:22:05]
L-BFGS:  40%|████      | 402/1000 [20:02:13 > 13:24:05]
L-BFGS:  40%|████      | 403/1000 [20:11:13 > 13:26:10]
L-BFGS:  40%|████      | 404/1000 [20:06:26 > 13:28:10]
L-BFGS:  40%|████      | 405/1000 [19:58:29 > 13:30:10]
L-BFGS:  41%|████      | 406/1000 [20:07:18 > 13:32:14]
L-BFGS:  41%|████      | 407/1000 [20:15:13 > 13:34:20]
L-BFGS:  41%|████      | 408/1000 [20:18:06 > 13:36:24]
L-BFGS:  41%|████      | 409/1000 [20:23:03 > 13:38:30]
L-BFGS:  41%|████      | 410/1000 [20:08:33 > 13:40:30]
L-BFGS:  41%|████      | 411/1000 [19:59:01 > 13:42:30]
L-BFGS:  41%|████      | 412/1000 [19:50:27 > 13:44:30]
L-BFGS:  41%|████▏     | 413/1000 [20:02:00 > 13:46:36]
L-BFGS:  41%|████▏     | 414/1000 [20:07:18 > 13:48:42]
L-BFGS:  42%|████▏     | 415/1000 [20:08:37 > 13:50:47]
L-BFGS:  42%|████▏     | 416/1000 [19:56:36 > 13:52:47]
L-BFGS:  42%|████▏     | 417/1000 [19:59:06 > 13:54:52]
L-BFGS:  42%|████▏     | 418/1000 [19:48:37 > 13:56:52]
L-BFGS:  42%|████▏     | 419/1000 [19:52:47 > 13:58:57]
L-BFGS:  42%|████▏     | 420/1000 [19:42:25 > 14:00:57]
L-BFGS:  42%|████▏     | 421/1000 [19:33:20 > 14:02:57]
L-BFGS:  42%|████▏     | 422/1000 [19:41:27 > 14:05:02]
L-BFGS:  42%|████▏     | 423/1000 [19:30:18 > 14:07:02]
L-BFGS:  42%|████▏     | 424/1000 [19:36:08 > 14:09:06]
L-BFGS:  42%|████▎     | 425/1000 [19:39:43 > 14:11:10]
L-BFGS:  43%|████▎     | 426/1000 [19:41:02 > 14:13:15]
L-BFGS:  43%|████▎     | 427/1000 [19:44:15 > 14:15:20]
L-BFGS:  43%|████▎     | 428/1000 [19:45:26 > 14:17:25]
L-BFGS:  43%|████▎     | 429/1000 [19:32:29 > 14:19:26]
L-BFGS:  43%|████▎     | 430/1000 [19:39:03 > 14:21:32]
L-BFGS:  43%|████▎     | 431/1000 [19:24:36 > 14:23:32]
L-BFGS:  43%|████▎     | 432/1000 [19:16:01 > 14:25:32]
L-BFGS:  43%|████▎     | 433/1000 [19:21:50 > 14:27:37]
L-BFGS:  43%|████▎     | 434/1000 [19:27:23 > 14:29:43]
L-BFGS:  44%|████▎     | 435/1000 [19:14:43 > 14:31:43]
L-BFGS:  44%|████▎     | 436/1000 [19:32:40 > 14:33:52]
L-BFGS:  44%|████▎     | 437/1000 [19:29:34 > 14:35:57]
L-BFGS:  44%|████▍     | 438/1000 [19:16:10 > 14:37:57]
L-BFGS:  44%|████▍     | 439/1000 [19:19:22 > 14:40:03]
L-BFGS:  44%|████▍     | 440/1000 [19:04:14 > 14:42:02]
L-BFGS:  44%|████▍     | 441/1000 [18:57:37 > 14:44:03]
L-BFGS:  44%|████▍     | 442/1000 [18:48:13 > 14:46:03]
L-BFGS:  44%|████▍     | 443/1000 [18:45:09 > 14:48:03]
L-BFGS:  44%|████▍     | 444/1000 [18:38:23 > 14:50:03]
L-BFGS:  44%|████▍     | 445/1000 [18:36:47 > 14:52:04]
L-BFGS:  45%|████▍     | 446/1000 [18:30:54 > 14:54:03]
L-BFGS:  45%|████▍     | 447/1000 [18:41:55 > 14:56:08]
L-BFGS:  45%|████▍     | 448/1000 [18:34:36 > 14:58:08]
L-BFGS:  45%|████▍     | 449/1000 [18:31:12 > 15:00:09]
L-BFGS:  45%|████▌     | 450/1000 [18:37:43 > 15:02:13]
L-BFGS:  45%|████▌     | 451/1000 [18:31:41 > 15:04:13]
L-BFGS:  45%|████▌     | 452/1000 [18:25:08 > 15:06:13]
L-BFGS:  45%|████▌     | 453/1000 [18:21:52 > 15:08:14]
L-BFGS:  45%|████▌     | 454/1000 [18:28:20 > 15:10:18]
L-BFGS:  46%|████▌     | 455/1000 [18:36:20 > 15:12:23]
L-BFGS:  46%|████▌     | 456/1000 [18:37:26 > 15:14:27]
L-BFGS:  46%|████▌     | 457/1000 [18:39:28 > 15:16:32]
L-BFGS:  46%|████▌     | 458/1000 [18:28:16 > 15:18:32]
L-BFGS:  46%|████▌     | 459/1000 [18:31:38 > 15:20:37]
L-BFGS:  46%|████▌     | 460/1000 [18:21:35 > 15:22:37]
L-BFGS:  46%|████▌     | 461/1000 [18:12:45 > 15:24:37]
L-BFGS:  46%|████▌     | 462/1000 [18:07:20 > 15:26:37]
L-BFGS:  46%|████▋     | 463/1000 [18:16:19 > 15:28:43]
L-BFGS:  46%|████▋     | 464/1000 [18:08:35 > 15:30:43]
L-BFGS:  46%|████▋     | 465/1000 [18:16:31 > 15:32:49]
L-BFGS:  47%|████▋     | 466/1000 [18:20:25 > 15:34:54]
L-BFGS:  47%|████▋     | 467/1000 [18:10:57 > 15:36:55]
L-BFGS:  47%|████▋     | 468/1000 [18:14:12 > 15:39:00]
L-BFGS:  47%|████▋     | 469/1000 [18:16:22 > 15:41:05]
L-BFGS:  47%|████▋     | 470/1000 [18:16:14 > 15:43:09]
L-BFGS:  47%|████▋     | 471/1000 [18:16:25 > 15:45:14]
L-BFGS:  47%|████▋     | 472/1000 [18:01:31 > 15:47:14]
L-BFGS:  47%|████▋     | 473/1000 [17:53:57 > 15:49:14]
L-BFGS:  47%|████▋     | 474/1000 [17:44:51 > 15:51:14]
L-BFGS:  48%|████▊     | 475/1000 [17:51:08 > 15:53:19]
L-BFGS:  48%|████▊     | 476/1000 [17:54:21 > 15:55:23]
L-BFGS:  48%|████▊     | 477/1000 [17:43:50 > 15:57:23]
L-BFGS:  48%|████▊     | 478/1000 [17:49:03 > 15:59:28]
L-BFGS:  48%|████▊     | 479/1000 [17:39:14 > 16:01:28]
L-BFGS:  48%|████▊     | 480/1000 [17:45:43 > 16:03:33]
L-BFGS:  48%|████▊     | 481/1000 [17:35:43 > 16:05:33]
L-BFGS:  48%|████▊     | 482/1000 [17:42:40 > 16:07:38]
L-BFGS:  48%|████▊     | 483/1000 [17:48:39 > 16:09:45]
L-BFGS:  48%|████▊     | 484/1000 [17:35:25 > 16:11:44]
L-BFGS:  48%|████▊     | 485/1000 [17:27:55 > 16:13:45]
L-BFGS:  49%|████▊     | 486/1000 [17:20:02 > 16:15:45]
L-BFGS:  49%|████▊     | 487/1000 [17:28:05 > 16:17:50]
L-BFGS:  49%|████▉     | 488/1000 [17:19:34 > 16:19:50]
L-BFGS:  49%|████▉     | 489/1000 [17:13:53 > 16:21:50]
L-BFGS:  49%|████▉     | 490/1000 [17:22:10 > 16:23:56]
L-BFGS:  49%|████▉     | 491/1000 [17:27:48 > 16:26:01]
L-BFGS:  49%|████▉     | 492/1000 [17:28:00 > 16:28:06]
L-BFGS:  49%|████▉     | 493/1000 [17:29:35 > 16:30:11]
L-BFGS:  49%|████▉     | 494/1000 [17:19:09 > 16:32:12]
L-BFGS:  50%|████▉     | 495/1000 [17:08:03 > 16:34:12]
L-BFGS:  50%|████▉     | 496/1000 [17:13:14 > 16:36:17]
L-BFGS:  50%|████▉     | 497/1000 [17:03:09 > 16:38:16]
L-BFGS:  50%|████▉     | 498/1000 [17:08:02 > 16:40:21]
L-BFGS:  50%|████▉     | 499/1000 [16:58:25 > 16:42:21]
L-BFGS:  50%|█████     | 500/1000 [16:52:41 > 16:44:22]
L-BFGS:  50%|█████     | 501/1000 [16:56:58 > 16:46:26]
L-BFGS:  50%|█████     | 502/1000 [17:02:22 > 16:48:31]
L-BFGS:  50%|█████     | 503/1000 [17:02:35 > 16:50:35]
L-BFGS:  50%|█████     | 504/1000 [17:03:30 > 16:52:40]
L-BFGS:  50%|█████     | 505/1000 [16:52:50 > 16:54:40]
L-BFGS:  51%|█████     | 506/1000 [16:55:31 > 16:56:45]
L-BFGS:  51%|█████     | 507/1000 [16:46:24 > 16:58:45]
L-BFGS:  51%|█████     | 508/1000 [16:51:17 > 17:00:50]
L-BFGS:  51%|█████     | 509/1000 [16:42:32 > 17:02:51]
L-BFGS:  51%|█████     | 510/1000 [16:34:17 > 17:04:51]
L-BFGS:  51%|█████     | 511/1000 [16:28:56 > 17:06:51]
L-BFGS:  51%|█████     | 512/1000 [16:23:44 > 17:08:51]
L-BFGS:  51%|█████▏    | 513/1000 [16:34:37 > 17:10:58]
L-BFGS:  51%|█████▏    | 514/1000 [16:25:27 > 17:12:57]
L-BFGS:  52%|█████▏    | 515/1000 [16:21:07 > 17:14:58]
L-BFGS:  52%|█████▏    | 516/1000 [16:15:04 > 17:16:58]
L-BFGS:  52%|█████▏    | 517/1000 [16:12:22 > 17:18:58]
L-BFGS:  52%|█████▏    | 518/1000 [16:21:09 > 17:21:04]
L-BFGS:  52%|█████▏    | 519/1000 [16:13:14 > 17:23:03]
L-BFGS:  52%|█████▏    | 520/1000 [16:21:41 > 17:25:09]
L-BFGS:  52%|█████▏    | 521/1000 [16:24:06 > 17:27:14]
L-BFGS:  52%|█████▏    | 522/1000 [16:15:18 > 17:29:14]
L-BFGS:  52%|█████▏    | 523/1000 [16:07:07 > 17:31:14]
L-BFGS:  52%|█████▏    | 524/1000 [16:13:35 > 17:33:19]
L-BFGS:  52%|█████▎    | 525/1000 [16:14:59 > 17:35:23]
L-BFGS:  53%|█████▎    | 526/1000 [16:07:29 > 17:37:24]
L-BFGS:  53%|█████▎    | 527/1000 [16:10:24 > 17:39:29]
L-BFGS:  53%|█████▎    | 528/1000 [16:00:06 > 17:41:28]
L-BFGS:  53%|█████▎    | 529/1000 [15:55:14 > 17:43:29]
L-BFGS:  53%|█████▎    | 530/1000 [15:48:40 > 17:45:29]
L-BFGS:  53%|█████▎    | 531/1000 [15:54:23 > 17:47:33]
L-BFGS:  53%|█████▎    | 532/1000 [15:57:20 > 17:49:38]
L-BFGS:  53%|█████▎    | 533/1000 [16:01:09 > 17:51:43]
L-BFGS:  53%|█████▎    | 534/1000 [16:02:25 > 17:53:48]
L-BFGS:  54%|█████▎    | 535/1000 [15:52:18 > 17:55:48]
L-BFGS:  54%|█████▎    | 536/1000 [15:43:22 > 17:57:48]
L-BFGS:  54%|█████▎    | 537/1000 [15:50:43 > 17:59:54]
L-BFGS:  54%|█████▍    | 538/1000 [15:53:57 > 18:02:00]
L-BFGS:  54%|█████▍    | 539/1000 [15:43:01 > 18:04:00]
L-BFGS:  54%|█████▍    | 540/1000 [15:35:31 > 18:06:00]
L-BFGS:  54%|█████▍    | 541/1000 [15:29:04 > 18:08:00]
L-BFGS:  54%|█████▍    | 542/1000 [15:24:31 > 18:10:01]
L-BFGS:  54%|█████▍    | 543/1000 [15:32:23 > 18:12:06]
L-BFGS:  54%|█████▍    | 544/1000 [15:37:47 > 18:14:12]
L-BFGS:  55%|█████▍    | 545/1000 [15:38:12 > 18:16:16]
L-BFGS:  55%|█████▍    | 546/1000 [15:29:18 > 18:18:17]
L-BFGS:  55%|█████▍    | 547/1000 [15:20:32 > 18:20:17]
L-BFGS:  55%|█████▍    | 548/1000 [15:15:41 > 18:22:17]
L-BFGS:  55%|█████▍    | 549/1000 [15:09:31 > 18:24:17]
L-BFGS:  55%|█████▌    | 550/1000 [15:06:40 > 18:26:18]
L-BFGS:  55%|█████▌    | 551/1000 [15:20:53 > 18:28:26]
L-BFGS:  55%|█████▌    | 552/1000 [15:13:32 > 18:30:27]
L-BFGS:  55%|█████▌    | 553/1000 [15:31:52 > 18:32:38]
L-BFGS:  55%|█████▌    | 554/1000 [15:21:31 > 18:34:39]
L-BFGS:  56%|█████▌    | 555/1000 [15:16:57 > 18:36:42]
L-BFGS:  56%|█████▌    | 556/1000 [15:15:58 > 18:38:46]
L-BFGS:  56%|█████▌    | 557/1000 [15:06:50 > 18:40:47]
L-BFGS:  56%|█████▌    | 558/1000 [14:58:14 > 18:42:47]
L-BFGS:  56%|█████▌    | 559/1000 [14:53:08 > 18:44:47]
L-BFGS:  56%|█████▌    | 560/1000 [14:56:43 > 18:46:51]
L-BFGS:  56%|█████▌    | 561/1000 [14:50:28 > 18:48:52]
L-BFGS:  56%|█████▌    | 562/1000 [14:54:17 > 18:50:56]
L-BFGS:  56%|█████▋    | 563/1000 [14:56:27 > 18:53:01]
L-BFGS:  56%|█████▋    | 564/1000 [14:59:14 > 18:55:06]
L-BFGS:  56%|█████▋    | 565/1000 [14:59:21 > 18:57:11]
L-BFGS:  57%|█████▋    | 566/1000 [14:49:27 > 18:59:11]
L-BFGS:  57%|█████▋    | 567/1000 [14:52:37 > 19:01:16]
L-BFGS:  57%|█████▋    | 568/1000 [14:55:58 > 19:03:23]
L-BFGS:  57%|█████▋    | 569/1000 [14:43:33 > 19:05:22]
L-BFGS:  57%|█████▋    | 570/1000 [14:46:07 > 19:07:27]
L-BFGS:  57%|█████▋    | 571/1000 [14:48:25 > 19:09:33]
L-BFGS:  57%|█████▋    | 572/1000 [14:36:50 > 19:11:33]
L-BFGS:  57%|█████▋    | 573/1000 [14:30:29 > 19:13:34]
L-BFGS:  57%|█████▋    | 574/1000 [14:23:24 > 19:15:34]
L-BFGS:  57%|█████▊    | 575/1000 [14:28:33 > 19:17:39]
L-BFGS:  58%|█████▊    | 576/1000 [14:30:30 > 19:19:43]
L-BFGS:  58%|█████▊    | 577/1000 [14:32:29 > 19:21:48]
L-BFGS:  58%|█████▊    | 578/1000 [14:21:32 > 19:23:48]
L-BFGS:  58%|█████▊    | 579/1000 [14:15:54 > 19:25:49]
L-BFGS:  58%|█████▊    | 580/1000 [14:08:43 > 19:27:48]
L-BFGS:  58%|█████▊    | 581/1000 [14:13:13 > 19:29:53]
L-BFGS:  58%|█████▊    | 582/1000 [14:08:02 > 19:31:53]
L-BFGS:  58%|█████▊    | 583/1000 [14:10:02 > 19:33:57]
L-BFGS:  58%|█████▊    | 584/1000 [14:13:36 > 19:36:02]
L-BFGS:  58%|█████▊    | 585/1000 [14:04:47 > 19:38:02]
L-BFGS:  59%|█████▊    | 586/1000 [13:59:16 > 19:40:02]
L-BFGS:  59%|█████▊    | 587/1000 [14:04:01 > 19:42:07]
L-BFGS:  59%|█████▉    | 588/1000 [13:57:14 > 19:44:07]
L-BFGS:  59%|█████▉    | 589/1000 [13:51:19 > 19:46:07]
L-BFGS:  59%|█████▉    | 590/1000 [13:47:12 > 19:48:08]
L-BFGS:  59%|█████▉    | 591/1000 [13:53:15 > 19:50:13]
L-BFGS:  59%|█████▉    | 592/1000 [13:59:04 > 19:52:19]
L-BFGS:  59%|█████▉    | 593/1000 [13:51:18 > 19:54:19]
L-BFGS:  59%|█████▉    | 594/1000 [13:43:44 > 19:56:19]
L-BFGS:  60%|█████▉    | 595/1000 [13:49:19 > 19:58:25]
L-BFGS:  60%|█████▉    | 596/1000 [13:41:44 > 20:00:25]
L-BFGS:  60%|█████▉    | 597/1000 [13:35:59 > 20:02:25]
L-BFGS:  60%|█████▉    | 598/1000 [13:41:46 > 20:04:30]
L-BFGS:  60%|█████▉    | 599/1000 [13:45:47 > 20:06:36]
L-BFGS:  60%|██████    | 600/1000 [13:36:54 > 20:08:36]
L-BFGS:  60%|██████    | 601/1000 [13:30:03 > 20:10:36]
L-BFGS:  60%|██████    | 602/1000 [13:32:58 > 20:12:41]
L-BFGS:  60%|██████    | 603/1000 [13:36:05 > 20:14:46]
L-BFGS:  60%|██████    | 604/1000 [13:28:59 > 20:16:47]
L-BFGS:  60%|██████    | 605/1000 [13:29:20 > 20:18:50]
L-BFGS:  61%|██████    | 606/1000 [13:31:22 > 20:20:55]
L-BFGS:  61%|██████    | 607/1000 [13:22:03 > 20:22:55]
L-BFGS:  61%|██████    | 608/1000 [13:16:13 > 20:24:56]
L-BFGS:  61%|██████    | 609/1000 [13:18:26 > 20:27:00]
L-BFGS:  61%|██████    | 610/1000 [13:12:44 > 20:29:01]
L-BFGS:  61%|██████    | 611/1000 [13:06:44 > 20:31:00]
L-BFGS:  61%|██████    | 612/1000 [13:12:44 > 20:33:06]
L-BFGS:  61%|██████▏   | 613/1000 [13:13:24 > 20:35:10]
L-BFGS:  61%|██████▏   | 614/1000 [13:05:12 > 20:37:10]
L-BFGS:  62%|██████▏   | 615/1000 [13:00:26 > 20:39:10]
L-BFGS:  62%|██████▏   | 616/1000 [13:04:23 > 20:41:15]
L-BFGS:  62%|██████▏   | 617/1000 [12:58:19 > 20:43:16]
L-BFGS:  62%|██████▏   | 618/1000 [12:52:35 > 20:45:16]
L-BFGS:  62%|██████▏   | 619/1000 [12:48:36 > 20:47:16]
L-BFGS:  62%|██████▏   | 620/1000 [12:53:38 > 20:49:21]
L-BFGS:  62%|██████▏   | 621/1000 [12:48:14 > 20:51:21]
L-BFGS:  62%|██████▏   | 622/1000 [12:53:24 > 20:53:26]
L-BFGS:  62%|██████▏   | 623/1000 [12:57:38 > 20:55:33]
L-BFGS:  62%|██████▏   | 624/1000 [12:47:48 > 20:57:32]
L-BFGS:  62%|██████▎   | 625/1000 [12:42:19 > 20:59:33]
L-BFGS:  63%|██████▎   | 626/1000 [12:46:39 > 21:01:38]
L-BFGS:  63%|██████▎   | 627/1000 [12:38:08 > 21:03:38]
L-BFGS:  63%|██████▎   | 628/1000 [12:33:58 > 21:05:39]
L-BFGS:  63%|██████▎   | 629/1000 [12:38:17 > 21:07:44]
L-BFGS:  63%|██████▎   | 630/1000 [12:32:14 > 21:09:44]
L-BFGS:  63%|██████▎   | 631/1000 [12:26:32 > 21:11:44]
L-BFGS:  63%|██████▎   | 632/1000 [12:31:09 > 21:13:49]
L-BFGS:  63%|██████▎   | 633/1000 [12:33:11 > 21:15:54]
L-BFGS:  63%|██████▎   | 634/1000 [12:34:39 > 21:17:59]
L-BFGS:  64%|██████▎   | 635/1000 [12:33:54 > 21:20:03]
L-BFGS:  64%|██████▎   | 636/1000 [12:24:00 > 21:22:03]
L-BFGS:  64%|██████▎   | 637/1000 [12:25:19 > 21:24:07]
L-BFGS:  64%|██████▍   | 638/1000 [12:17:10 > 21:26:07]
L-BFGS:  64%|██████▍   | 639/1000 [12:12:09 > 21:28:08]
L-BFGS:  64%|██████▍   | 640/1000 [12:15:00 > 21:30:12]
L-BFGS:  64%|██████▍   | 641/1000 [12:09:11 > 21:32:13]
L-BFGS:  64%|██████▍   | 642/1000 [12:03:32 > 21:34:12]
L-BFGS:  64%|██████▍   | 643/1000 [12:00:10 > 21:36:13]
L-BFGS:  64%|██████▍   | 644/1000 [11:56:12 > 21:38:13]
L-BFGS:  64%|██████▍   | 645/1000 [11:53:47 > 21:40:13]
L-BFGS:  65%|██████▍   | 646/1000 [11:59:26 > 21:42:18]
L-BFGS:  65%|██████▍   | 647/1000 [12:03:33 > 21:44:24]
L-BFGS:  65%|██████▍   | 648/1000 [11:56:08 > 21:46:24]
L-BFGS:  65%|██████▍   | 649/1000 [11:50:59 > 21:48:24]
L-BFGS:  65%|██████▌   | 650/1000 [11:46:03 > 21:50:24]
L-BFGS:  65%|██████▌   | 651/1000 [11:52:50 > 21:52:30]
L-BFGS:  65%|██████▌   | 652/1000 [11:47:24 > 21:54:31]
L-BFGS:  65%|██████▌   | 653/1000 [11:41:24 > 21:56:30]
L-BFGS:  65%|██████▌   | 654/1000 [11:46:47 > 21:58:36]
L-BFGS:  66%|██████▌   | 655/1000 [11:49:41 > 22:00:41]
L-BFGS:  66%|██████▌   | 656/1000 [11:42:15 > 22:02:41]
L-BFGS:  66%|██████▌   | 657/1000 [11:45:24 > 22:04:47]
L-BFGS:  66%|██████▌   | 658/1000 [11:46:00 > 22:06:52]
L-BFGS:  66%|██████▌   | 659/1000 [11:36:54 > 22:08:52]
L-BFGS:  66%|██████▌   | 660/1000 [11:39:02 > 22:10:57]
L-BFGS:  66%|██████▌   | 661/1000 [11:32:46 > 22:12:58]
L-BFGS:  66%|██████▌   | 662/1000 [11:25:25 > 22:14:57]
L-BFGS:  66%|██████▋   | 663/1000 [11:29:02 > 22:17:02]
L-BFGS:  66%|██████▋   | 664/1000 [11:29:27 > 22:19:06]
L-BFGS:  66%|██████▋   | 665/1000 [11:30:15 > 22:21:11]
L-BFGS:  67%|██████▋   | 666/1000 [11:21:53 > 22:23:11]
L-BFGS:  67%|██████▋   | 667/1000 [11:16:31 > 22:25:11]
L-BFGS:  67%|██████▋   | 668/1000 [11:11:08 > 22:27:11]
L-BFGS:  67%|██████▋   | 669/1000 [11:07:50 > 22:29:12]
L-BFGS:  67%|██████▋   | 670/1000 [11:03:58 > 22:31:12]
L-BFGS:  67%|██████▋   | 671/1000 [11:09:33 > 22:33:17]
L-BFGS:  67%|██████▋   | 672/1000 [11:03:08 > 22:35:17]
L-BFGS:  67%|██████▋   | 673/1000 [11:00:35 > 22:37:18]
L-BFGS:  67%|██████▋   | 674/1000 [11:03:22 > 22:39:22]
L-BFGS:  68%|██████▊   | 675/1000 [10:57:45 > 22:41:22]
L-BFGS:  68%|██████▊   | 676/1000 [11:01:51 > 22:43:27]
L-BFGS:  68%|██████▊   | 677/1000 [10:55:45 > 22:45:27]
L-BFGS:  68%|██████▊   | 678/1000 [10:59:04 > 22:47:32]
L-BFGS:  68%|██████▊   | 679/1000 [11:01:05 > 22:49:37]
L-BFGS:  68%|██████▊   | 680/1000 [10:53:57 > 22:51:38]
L-BFGS:  68%|██████▊   | 681/1000 [10:47:44 > 22:53:38]
L-BFGS:  68%|██████▊   | 682/1000 [10:52:55 > 22:55:44]
L-BFGS:  68%|██████▊   | 683/1000 [10:45:08 > 22:57:44]
L-BFGS:  68%|██████▊   | 684/1000 [10:40:49 > 22:59:44]
L-BFGS:  68%|██████▊   | 685/1000 [10:35:41 > 23:01:44]
L-BFGS:  69%|██████▊   | 686/1000 [10:40:23 > 23:03:49]
L-BFGS:  69%|██████▊   | 687/1000 [10:44:50 > 23:05:56]
L-BFGS:  69%|██████▉   | 688/1000 [10:44:03 > 23:08:00]
L-BFGS:  69%|██████▉   | 689/1000 [10:36:44 > 23:10:01]
L-BFGS:  69%|██████▉   | 690/1000 [10:30:11 > 23:12:01]
L-BFGS:  69%|██████▉   | 691/1000 [10:25:44 > 23:14:01]
L-BFGS:  69%|██████▉   | 692/1000 [10:21:22 > 23:16:01]
L-BFGS:  69%|██████▉   | 693/1000 [10:18:26 > 23:18:02]
L-BFGS:  69%|██████▉   | 694/1000 [10:14:56 > 23:20:02]
L-BFGS:  70%|██████▉   | 695/1000 [10:19:44 > 23:22:07]
L-BFGS:  70%|██████▉   | 696/1000 [10:21:21 > 23:24:11]
L-BFGS:  70%|██████▉   | 697/1000 [10:22:05 > 23:26:15]
L-BFGS:  70%|██████▉   | 698/1000 [10:16:14 > 23:28:16]
L-BFGS:  70%|██████▉   | 699/1000 [10:10:08 > 23:30:16]
L-BFGS:  70%|███████   | 700/1000 [10:06:40 > 23:32:16]
L-BFGS:  70%|███████   | 701/1000 [10:08:02 > 23:34:20]
L-BFGS:  70%|███████   | 702/1000 [10:03:41 > 23:36:20]
L-BFGS:  70%|███████   | 703/1000 [10:05:50 > 23:38:25]
L-BFGS:  70%|███████   | 704/1000 [10:08:02 > 23:40:30]
L-BFGS:  70%|███████   | 705/1000 [10:08:35 > 23:42:35]
L-BFGS:  71%|███████   | 706/1000 [10:01:39 > 23:44:36]
L-BFGS:  71%|███████   | 707/1000 [9:55:21 > 23:46:35] 
L-BFGS:  71%|███████   | 708/1000 [9:59:30 > 23:48:42]
L-BFGS:  71%|███████   | 709/1000 [9:53:50 > 23:50:42]
L-BFGS:  71%|███████   | 710/1000 [9:47:57 > 23:52:42]
L-BFGS:  71%|███████   | 711/1000 [9:44:18 > 23:54:43]
L-BFGS:  71%|███████   | 712/1000 [9:47:46 > 23:56:48]
L-BFGS:  71%|███████▏  | 713/1000 [9:42:51 > 23:58:48]
L-BFGS:  71%|███████▏  | 714/1000 [9:38:09 > 24:00:48]
L-BFGS:  72%|███████▏  | 715/1000 [9:42:28 > 24:02:54]
L-BFGS:  72%|███████▏  | 716/1000 [9:44:29 > 24:04:59]
L-BFGS:  72%|███████▏  | 717/1000 [9:37:45 > 24:07:00]
L-BFGS:  72%|███████▏  | 718/1000 [9:32:20 > 24:09:00]
L-BFGS:  72%|███████▏  | 719/1000 [9:28:13 > 24:11:00]
L-BFGS:  72%|███████▏  | 720/1000 [9:30:33 > 24:13:04]
L-BFGS:  72%|███████▏  | 721/1000 [9:32:32 > 24:15:10]
L-BFGS:  72%|███████▏  | 722/1000 [9:27:16 > 24:17:10]
L-BFGS:  72%|███████▏  | 723/1000 [9:21:13 > 24:19:10]
L-BFGS:  72%|███████▏  | 724/1000 [9:18:23 > 24:21:11]
L-BFGS:  72%|███████▎  | 725/1000 [9:13:51 > 24:23:10]
L-BFGS:  73%|███████▎  | 726/1000 [9:11:50 > 24:25:11]
L-BFGS:  73%|███████▎  | 727/1000 [9:08:01 > 24:27:11]
L-BFGS:  73%|███████▎  | 728/1000 [9:06:35 > 24:29:12]
L-BFGS:  73%|███████▎  | 729/1000 [9:03:07 > 24:31:11]
L-BFGS:  73%|███████▎  | 730/1000 [9:01:59 > 24:33:12]
L-BFGS:  73%|███████▎  | 731/1000 [8:58:40 > 24:35:12]
L-BFGS:  73%|███████▎  | 732/1000 [8:57:48 > 24:37:13]
L-BFGS:  73%|███████▎  | 733/1000 [8:54:28 > 24:39:12]
L-BFGS:  73%|███████▎  | 734/1000 [8:59:06 > 24:41:17]
L-BFGS:  74%|███████▎  | 735/1000 [9:00:22 > 24:43:21]
L-BFGS:  74%|███████▎  | 736/1000 [9:01:35 > 24:45:26]
L-BFGS:  74%|███████▎  | 737/1000 [8:55:20 > 24:47:26]
L-BFGS:  74%|███████▍  | 738/1000 [8:51:17 > 24:49:26]
L-BFGS:  74%|███████▍  | 739/1000 [8:46:56 > 24:51:26]
L-BFGS:  74%|███████▍  | 740/1000 [8:50:36 > 24:53:32]
L-BFGS:  74%|███████▍  | 741/1000 [8:44:48 > 24:55:31]
L-BFGS:  74%|███████▍  | 742/1000 [8:41:56 > 24:57:32]
L-BFGS:  74%|███████▍  | 743/1000 [8:37:29 > 24:59:32]
L-BFGS:  74%|███████▍  | 744/1000 [8:35:37 > 25:01:33]
L-BFGS:  74%|███████▍  | 745/1000 [8:37:57 > 25:03:37]
L-BFGS:  75%|███████▍  | 746/1000 [8:33:19 > 25:05:37]
L-BFGS:  75%|███████▍  | 747/1000 [8:30:24 > 25:07:37]
L-BFGS:  75%|███████▍  | 748/1000 [8:26:51 > 25:09:37]
L-BFGS:  75%|███████▍  | 749/1000 [8:24:44 > 25:11:38]
L-BFGS:  75%|███████▌  | 750/1000 [8:27:46 > 25:13:42]
L-BFGS:  75%|███████▌  | 751/1000 [8:29:44 > 25:15:48]
L-BFGS:  75%|███████▌  | 752/1000 [8:30:41 > 25:17:53]
L-BFGS:  75%|███████▌  | 753/1000 [8:31:56 > 25:19:59]
L-BFGS:  75%|███████▌  | 754/1000 [8:24:14 > 25:21:59]
L-BFGS:  76%|███████▌  | 755/1000 [8:19:26 > 25:24:00]
L-BFGS:  76%|███████▌  | 756/1000 [8:14:11 > 25:25:59]
L-BFGS:  76%|███████▌  | 757/1000 [8:16:24 > 25:28:04]
L-BFGS:  76%|███████▌  | 758/1000 [8:18:15 > 25:30:10]
L-BFGS:  76%|███████▌  | 759/1000 [8:17:24 > 25:32:15]
L-BFGS:  76%|███████▌  | 760/1000 [8:16:49 > 25:34:20]
L-BFGS:  76%|███████▌  | 761/1000 [8:09:46 > 25:36:20]
L-BFGS:  76%|███████▌  | 762/1000 [8:04:52 > 25:38:20]
L-BFGS:  76%|███████▋  | 763/1000 [8:05:18 > 25:40:25]
L-BFGS:  76%|███████▋  | 764/1000 [8:05:23 > 25:42:29]
L-BFGS:  76%|███████▋  | 765/1000 [8:00:05 > 25:44:30]
L-BFGS:  77%|███████▋  | 766/1000 [7:54:31 > 25:46:29]
L-BFGS:  77%|███████▋  | 767/1000 [7:51:19 > 25:48:30]
L-BFGS:  77%|███████▋  | 768/1000 [7:51:46 > 25:50:34]
L-BFGS:  77%|███████▋  | 769/1000 [7:53:07 > 25:52:39]
L-BFGS:  77%|███████▋  | 770/1000 [7:47:33 > 25:54:38]
L-BFGS:  77%|███████▋  | 771/1000 [7:43:50 > 25:56:39]
L-BFGS:  77%|███████▋  | 772/1000 [7:45:34 > 25:58:44]
L-BFGS:  77%|███████▋  | 773/1000 [7:41:03 > 26:00:44]
L-BFGS:  77%|███████▋  | 774/1000 [7:42:32 > 26:02:49]
L-BFGS:  78%|███████▊  | 775/1000 [7:37:48 > 26:04:49]
L-BFGS:  78%|███████▊  | 776/1000 [7:40:30 > 26:06:56]
L-BFGS:  78%|███████▊  | 777/1000 [7:40:19 > 26:09:01]
L-BFGS:  78%|███████▊  | 778/1000 [7:40:22 > 26:11:07]
L-BFGS:  78%|███████▊  | 779/1000 [7:33:31 > 26:13:07]
L-BFGS:  78%|███████▊  | 780/1000 [7:28:29 > 26:15:07]
L-BFGS:  78%|███████▊  | 781/1000 [7:30:00 > 26:17:13]
L-BFGS:  78%|███████▊  | 782/1000 [7:29:47 > 26:19:18]
L-BFGS:  78%|███████▊  | 783/1000 [7:23:19 > 26:21:17]
L-BFGS:  78%|███████▊  | 784/1000 [7:19:01 > 26:23:18]
L-BFGS:  78%|███████▊  | 785/1000 [7:20:37 > 26:25:23]
L-BFGS:  79%|███████▊  | 786/1000 [7:14:56 > 26:27:23]
L-BFGS:  79%|███████▊  | 787/1000 [7:16:11 > 26:29:28]
L-BFGS:  79%|███████▉  | 788/1000 [7:15:29 > 26:31:32]
L-BFGS:  79%|███████▉  | 789/1000 [7:14:50 > 26:33:36]
L-BFGS:  79%|███████▉  | 790/1000 [7:08:45 > 26:35:36]
L-BFGS:  79%|███████▉  | 791/1000 [7:04:37 > 26:37:37]
L-BFGS:  79%|███████▉  | 792/1000 [7:05:15 > 26:39:41]
L-BFGS:  79%|███████▉  | 793/1000 [7:05:04 > 26:41:46]
L-BFGS:  79%|███████▉  | 794/1000 [7:00:18 > 26:43:46]
L-BFGS:  80%|███████▉  | 795/1000 [7:00:34 > 26:45:51]
L-BFGS:  80%|███████▉  | 796/1000 [7:00:39 > 26:47:56]
L-BFGS:  80%|███████▉  | 797/1000 [7:00:16 > 26:50:02]
L-BFGS:  80%|███████▉  | 798/1000 [6:54:18 > 26:52:02]
L-BFGS:  80%|███████▉  | 799/1000 [6:54:44 > 26:54:07]
L-BFGS:  80%|████████  | 800/1000 [6:49:34 > 26:56:08]
L-BFGS:  80%|████████  | 801/1000 [6:49:57 > 26:58:13]
L-BFGS:  80%|████████  | 802/1000 [6:44:01 > 27:00:13]
L-BFGS:  80%|████████  | 803/1000 [6:40:20 > 27:02:14]
L-BFGS:  80%|████████  | 804/1000 [6:36:03 > 27:04:14]
L-BFGS:  80%|████████  | 805/1000 [6:33:31 > 27:06:14]
L-BFGS:  81%|████████  | 806/1000 [6:35:12 > 27:08:19]
L-BFGS:  81%|████████  | 807/1000 [6:35:50 > 27:10:24]
L-BFGS:  81%|████████  | 808/1000 [6:35:17 > 27:12:29]
L-BFGS:  81%|████████  | 809/1000 [6:30:16 > 27:14:29]
L-BFGS:  81%|████████  | 810/1000 [6:25:48 > 27:16:29]
L-BFGS:  81%|████████  | 811/1000 [6:22:26 > 27:18:30]
L-BFGS:  81%|████████  | 812/1000 [6:23:08 > 27:20:34]
L-BFGS:  81%|████████▏ | 813/1000 [6:19:40 > 27:22:35]
L-BFGS:  81%|████████▏ | 814/1000 [6:15:36 > 27:24:34]
L-BFGS:  82%|████████▏ | 815/1000 [6:13:09 > 27:26:35]
L-BFGS:  82%|████████▏ | 816/1000 [6:14:20 > 27:28:40]
L-BFGS:  82%|████████▏ | 817/1000 [6:13:38 > 27:30:43]
L-BFGS:  82%|████████▏ | 818/1000 [6:13:10 > 27:32:47]
L-BFGS:  82%|████████▏ | 819/1000 [6:13:30 > 27:34:53]
L-BFGS:  82%|████████▏ | 820/1000 [6:14:01 > 27:37:00]
L-BFGS:  82%|████████▏ | 821/1000 [6:13:58 > 27:39:07]
L-BFGS:  82%|████████▏ | 822/1000 [6:21:49 > 27:41:23]
L-BFGS:  82%|████████▏ | 823/1000 [6:16:50 > 27:43:29]
L-BFGS:  82%|████████▏ | 824/1000 [6:12:43 > 27:45:34]
L-BFGS:  82%|████████▎ | 825/1000 [6:04:44 > 27:47:35]
L-BFGS:  83%|████████▎ | 826/1000 [5:58:17 > 27:49:35]
L-BFGS:  83%|████████▎ | 827/1000 [5:58:08 > 27:51:40]
L-BFGS:  83%|████████▎ | 828/1000 [5:52:32 > 27:53:40]
L-BFGS:  83%|████████▎ | 829/1000 [5:52:11 > 27:55:45]
L-BFGS:  83%|████████▎ | 830/1000 [5:46:50 > 27:57:45]
L-BFGS:  83%|████████▎ | 831/1000 [5:43:19 > 27:59:46]
L-BFGS:  83%|████████▎ | 832/1000 [5:44:12 > 28:01:51]
L-BFGS:  83%|████████▎ | 833/1000 [5:39:17 > 28:03:51]
L-BFGS:  83%|████████▎ | 834/1000 [5:39:51 > 28:05:56]
L-BFGS:  84%|████████▎ | 835/1000 [5:42:01 > 28:08:04]
L-BFGS:  84%|████████▎ | 836/1000 [5:40:45 > 28:10:09]
L-BFGS:  84%|████████▎ | 837/1000 [5:34:51 > 28:12:09]
L-BFGS:  84%|████████▍ | 838/1000 [5:34:29 > 28:14:14]
L-BFGS:  84%|████████▍ | 839/1000 [5:28:48 > 28:16:14]
L-BFGS:  84%|████████▍ | 840/1000 [5:25:27 > 28:18:15]
L-BFGS:  84%|████████▍ | 841/1000 [5:21:23 > 28:20:14]
L-BFGS:  84%|████████▍ | 842/1000 [5:21:49 > 28:22:18]
L-BFGS:  84%|████████▍ | 843/1000 [5:18:26 > 28:24:19]
L-BFGS:  84%|████████▍ | 844/1000 [5:14:50 > 28:26:19]
L-BFGS:  84%|████████▍ | 845/1000 [5:12:26 > 28:28:19]
L-BFGS:  85%|████████▍ | 846/1000 [5:09:31 > 28:30:19]
L-BFGS:  85%|████████▍ | 847/1000 [5:07:32 > 28:32:20]
L-BFGS:  85%|████████▍ | 848/1000 [5:04:58 > 28:34:19]
L-BFGS:  85%|████████▍ | 849/1000 [5:06:38 > 28:36:25]
L-BFGS:  85%|████████▌ | 850/1000 [5:03:11 > 28:38:25]
L-BFGS:  85%|████████▌ | 851/1000 [5:04:04 > 28:40:30]
L-BFGS:  85%|████████▌ | 852/1000 [5:00:08 > 28:42:30]
L-BFGS:  85%|████████▌ | 853/1000 [4:57:13 > 28:44:30]
L-BFGS:  85%|████████▌ | 854/1000 [4:54:08 > 28:46:30]
L-BFGS:  86%|████████▌ | 855/1000 [4:51:53 > 28:48:31]
L-BFGS:  86%|████████▌ | 856/1000 [4:49:15 > 28:50:31]
L-BFGS:  86%|████████▌ | 857/1000 [4:47:15 > 28:52:31]
L-BFGS:  86%|████████▌ | 858/1000 [4:44:49 > 28:54:31]
L-BFGS:  86%|████████▌ | 859/1000 [4:42:54 > 28:56:32]
L-BFGS:  86%|████████▌ | 860/1000 [4:44:23 > 28:58:37]
L-BFGS:  86%|████████▌ | 861/1000 [4:45:24 > 29:00:43]
L-BFGS:  86%|████████▌ | 862/1000 [4:40:56 > 29:02:43]
L-BFGS:  86%|████████▋ | 863/1000 [4:41:05 > 29:04:48]
L-BFGS:  86%|████████▋ | 864/1000 [4:37:21 > 29:06:49]
L-BFGS:  86%|████████▋ | 865/1000 [4:33:29 > 29:08:48]
L-BFGS:  87%|████████▋ | 866/1000 [4:34:12 > 29:10:54]
L-BFGS:  87%|████████▋ | 867/1000 [4:30:15 > 29:12:54]
L-BFGS:  87%|████████▋ | 868/1000 [4:30:17 > 29:14:59]
L-BFGS:  87%|████████▋ | 869/1000 [4:26:18 > 29:16:59]
L-BFGS:  87%|████████▋ | 870/1000 [4:23:16 > 29:18:59]
L-BFGS:  87%|████████▋ | 871/1000 [4:20:14 > 29:20:59]
L-BFGS:  87%|████████▋ | 872/1000 [4:17:46 > 29:23:00]
L-BFGS:  87%|████████▋ | 873/1000 [4:18:09 > 29:25:04]
L-BFGS:  87%|████████▋ | 874/1000 [4:18:07 > 29:27:09]
L-BFGS:  88%|████████▊ | 875/1000 [4:14:02 > 29:29:09]
L-BFGS:  88%|████████▊ | 876/1000 [4:13:35 > 29:31:14]
L-BFGS:  88%|████████▊ | 877/1000 [4:10:17 > 29:33:14]
L-BFGS:  88%|████████▊ | 878/1000 [4:09:13 > 29:35:18]
L-BFGS:  88%|████████▊ | 879/1000 [4:05:52 > 29:37:18]
L-BFGS:  88%|████████▊ | 880/1000 [4:02:39 > 29:39:18]
L-BFGS:  88%|████████▊ | 881/1000 [4:00:07 > 29:41:19]
L-BFGS:  88%|████████▊ | 882/1000 [3:57:23 > 29:43:19]
L-BFGS:  88%|████████▊ | 883/1000 [3:57:50 > 29:45:24]
L-BFGS:  88%|████████▊ | 884/1000 [3:54:39 > 29:47:24]
L-BFGS:  88%|████████▊ | 885/1000 [3:54:54 > 29:49:29]
L-BFGS:  89%|████████▊ | 886/1000 [3:51:26 > 29:51:29]
L-BFGS:  89%|████████▊ | 887/1000 [3:48:32 > 29:53:29]
L-BFGS:  89%|████████▉ | 888/1000 [3:45:51 > 29:55:29]
L-BFGS:  89%|████████▉ | 889/1000 [3:43:26 > 29:57:30]
L-BFGS:  89%|████████▉ | 890/1000 [3:41:02 > 29:59:30]
L-BFGS:  89%|████████▉ | 891/1000 [3:38:51 > 30:01:30]
L-BFGS:  89%|████████▉ | 892/1000 [3:36:38 > 30:03:30]
L-BFGS:  89%|████████▉ | 893/1000 [3:34:34 > 30:05:30]
L-BFGS:  89%|████████▉ | 894/1000 [3:35:04 > 30:07:35]
L-BFGS:  90%|████████▉ | 895/1000 [3:35:23 > 30:09:42]
L-BFGS:  90%|████████▉ | 896/1000 [3:34:36 > 30:11:47]
L-BFGS:  90%|████████▉ | 897/1000 [3:30:38 > 30:13:47]
L-BFGS:  90%|████████▉ | 898/1000 [3:30:07 > 30:15:53]
L-BFGS:  90%|████████▉ | 899/1000 [3:29:01 > 30:17:58]
L-BFGS:  90%|█████████ | 900/1000 [3:27:18 > 30:20:03]
L-BFGS:  90%|█████████ | 901/1000 [3:25:43 > 30:22:09]
L-BFGS:  90%|█████████ | 902/1000 [3:21:05 > 30:24:08]
L-BFGS:  90%|█████████ | 903/1000 [3:20:01 > 30:26:13]
L-BFGS:  90%|█████████ | 904/1000 [3:18:06 > 30:28:17]
L-BFGS:  90%|█████████ | 905/1000 [3:14:33 > 30:30:18]
L-BFGS:  91%|█████████ | 906/1000 [3:11:05 > 30:32:18]
L-BFGS:  91%|█████████ | 907/1000 [3:10:22 > 30:34:23]
L-BFGS:  91%|█████████ | 908/1000 [3:06:56 > 30:36:22]
L-BFGS:  91%|█████████ | 909/1000 [3:04:15 > 30:38:23]
L-BFGS:  91%|█████████ | 910/1000 [3:01:35 > 30:40:23]
L-BFGS:  91%|█████████ | 911/1000 [3:01:29 > 30:42:28]
L-BFGS:  91%|█████████ | 912/1000 [3:00:13 > 30:44:32]
L-BFGS:  91%|█████████▏| 913/1000 [2:56:47 > 30:46:32]
L-BFGS:  91%|█████████▏| 914/1000 [2:56:14 > 30:48:38]
L-BFGS:  92%|█████████▏| 915/1000 [2:52:56 > 30:50:38]
L-BFGS:  92%|█████████▏| 916/1000 [2:52:09 > 30:52:43]
L-BFGS:  92%|█████████▏| 917/1000 [2:48:52 > 30:54:43]
L-BFGS:  92%|█████████▏| 918/1000 [2:48:22 > 30:56:48]
L-BFGS:  92%|█████████▏| 919/1000 [2:47:19 > 30:58:54]
L-BFGS:  92%|█████████▏| 920/1000 [2:43:59 > 31:00:55]
L-BFGS:  92%|█████████▏| 921/1000 [2:42:51 > 31:03:00]
L-BFGS:  92%|█████████▏| 922/1000 [2:41:17 > 31:05:05]
L-BFGS:  92%|█████████▏| 923/1000 [2:39:37 > 31:07:10]
L-BFGS:  92%|█████████▏| 924/1000 [2:35:51 > 31:09:10]
L-BFGS:  92%|█████████▎| 925/1000 [2:34:33 > 31:11:15]
L-BFGS:  93%|█████████▎| 926/1000 [2:31:08 > 31:13:15]
L-BFGS:  93%|█████████▎| 927/1000 [2:28:19 > 31:15:16]
L-BFGS:  93%|█████████▎| 928/1000 [2:25:35 > 31:17:16]
L-BFGS:  93%|█████████▎| 929/1000 [2:23:13 > 31:19:16]
L-BFGS:  93%|█████████▎| 930/1000 [2:20:49 > 31:21:16]
L-BFGS:  93%|█████████▎| 931/1000 [2:20:17 > 31:23:21]
L-BFGS:  93%|█████████▎| 932/1000 [2:17:25 > 31:25:20]
L-BFGS:  93%|█████████▎| 933/1000 [2:15:14 > 31:27:21]
L-BFGS:  93%|█████████▎| 934/1000 [2:12:42 > 31:29:21]
L-BFGS:  94%|█████████▎| 935/1000 [2:10:42 > 31:31:22]
L-BFGS:  94%|█████████▎| 936/1000 [2:09:54 > 31:33:26]
L-BFGS:  94%|█████████▎| 937/1000 [2:07:11 > 31:35:26]
L-BFGS:  94%|█████████▍| 938/1000 [2:05:03 > 31:37:26]
L-BFGS:  94%|█████████▍| 939/1000 [2:02:39 > 31:39:26]
L-BFGS:  94%|█████████▍| 940/1000 [2:01:44 > 31:41:30]
L-BFGS:  94%|█████████▍| 941/1000 [1:59:10 > 31:43:30]
L-BFGS:  94%|█████████▍| 942/1000 [1:56:58 > 31:45:31]
L-BFGS:  94%|█████████▍| 943/1000 [1:55:55 > 31:47:35]
L-BFGS:  94%|█████████▍| 944/1000 [1:53:30 > 31:49:36]
L-BFGS:  94%|█████████▍| 945/1000 [1:51:01 > 31:51:36]
L-BFGS:  95%|█████████▍| 946/1000 [1:50:08 > 31:53:41]
L-BFGS:  95%|█████████▍| 947/1000 [1:48:49 > 31:55:46]
L-BFGS:  95%|█████████▍| 948/1000 [1:46:03 > 31:57:47]
L-BFGS:  95%|█████████▍| 949/1000 [1:43:20 > 31:59:47]
L-BFGS:  95%|█████████▌| 950/1000 [1:41:02 > 32:01:47]
L-BFGS:  95%|█████████▌| 951/1000 [1:38:43 > 32:03:47]
L-BFGS:  95%|█████████▌| 952/1000 [1:36:35 > 32:05:47]
L-BFGS:  95%|█████████▌| 953/1000 [1:35:55 > 32:07:54]
L-BFGS:  95%|█████████▌| 954/1000 [1:34:29 > 32:09:59]
L-BFGS:  96%|█████████▌| 955/1000 [1:31:46 > 32:11:59]
L-BFGS:  96%|█████████▌| 956/1000 [1:30:26 > 32:14:05]
L-BFGS:  96%|█████████▌| 957/1000 [1:27:44 > 32:16:05]
L-BFGS:  96%|█████████▌| 958/1000 [1:25:12 > 32:18:05]
L-BFGS:  96%|█████████▌| 959/1000 [1:24:00 > 32:20:11]
L-BFGS:  96%|█████████▌| 960/1000 [1:21:25 > 32:22:11]
L-BFGS:  96%|█████████▌| 961/1000 [1:19:01 > 32:24:12]
L-BFGS:  96%|█████████▌| 962/1000 [1:17:31 > 32:26:16]
L-BFGS:  96%|█████████▋| 963/1000 [1:15:59 > 32:28:21]
L-BFGS:  96%|█████████▋| 964/1000 [1:13:32 > 32:30:22]
L-BFGS:  96%|█████████▋| 965/1000 [1:10:57 > 32:32:22]
L-BFGS:  97%|█████████▋| 966/1000 [1:09:29 > 32:34:27]
L-BFGS:  97%|█████████▋| 967/1000 [1:07:41 > 32:36:31]
L-BFGS:  97%|█████████▋| 968/1000 [1:05:55 > 32:38:35]
L-BFGS:  97%|█████████▋| 969/1000 [1:03:18 > 32:40:36]
L-BFGS:  97%|█████████▋| 970/1000 [1:00:57 > 32:42:36]
L-BFGS:  97%|█████████▋| 971/1000 [59:17 > 32:44:40]  
L-BFGS:  97%|█████████▋| 972/1000 [57:00 > 32:46:41]
L-BFGS:  97%|█████████▋| 973/1000 [54:36 > 32:48:41]
L-BFGS:  97%|█████████▋| 974/1000 [52:31 > 32:50:42]
L-BFGS:  98%|█████████▊| 975/1000 [50:17 > 32:52:41]
L-BFGS:  98%|█████████▊| 976/1000 [48:18 > 32:54:42]
L-BFGS:  98%|█████████▊| 977/1000 [46:09 > 32:56:42]
L-BFGS:  98%|█████████▊| 978/1000 [44:35 > 32:58:46]
L-BFGS:  98%|█████████▊| 979/1000 [42:28 > 33:00:47]
L-BFGS:  98%|█████████▊| 980/1000 [40:18 > 33:02:47]
L-BFGS:  98%|█████████▊| 981/1000 [38:15 > 33:04:47]
L-BFGS:  98%|█████████▊| 982/1000 [36:08 > 33:06:47]
L-BFGS:  98%|█████████▊| 983/1000 [34:08 > 33:08:48]
L-BFGS:  98%|█████████▊| 984/1000 [30:23 > 33:10:26]
L-BFGS:  98%|█████████▊| 985/1000 [29:14 > 33:12:30]
L-BFGS:  99%|█████████▊| 986/1000 [27:32 > 33:14:31]
L-BFGS:  99%|█████████▊| 987/1000 [25:58 > 33:16:35]
L-BFGS:  99%|█████████▉| 988/1000 [24:01 > 33:18:36]
L-BFGS:  99%|█████████▉| 989/1000 [22:00 > 33:20:35]
L-BFGS:  99%|█████████▉| 990/1000 [20:01 > 33:22:36]
L-BFGS:  99%|█████████▉| 991/1000 [18:12 > 33:24:40]
L-BFGS:  99%|█████████▉| 992/1000 [16:08 > 33:26:40]
L-BFGS:  99%|█████████▉| 993/1000 [14:14 > 33:28:45]
L-BFGS:  99%|█████████▉| 994/1000 [12:10 > 33:30:46]
L-BFGS: 100%|█████████▉| 995/1000 [10:12 > 33:32:50]
L-BFGS: 100%|█████████▉| 996/1000 [08:12 > 33:34:54]
L-BFGS: 100%|█████████▉| 997/1000 [06:06 > 33:36:55]
L-BFGS: 100%|█████████▉| 998/1000 [04:06 > 33:39:00]
L-BFGS: 100%|█████████▉| 999/1000 [02:02 > 33:41:00]
L-BFGS: 100%|██████████| 1000/1000 [00:00 > 33:43:06]
L-BFGS: 100%|██████████| 1000/1000 [00:00 > 33:43:06]
Training saved: C:\Ali Computation\pinn\code\heterogeneous\pino_heterogeneous\results\exp_X5_5zoneonly_K100_N500_w64_float64_lbfgs1000_maxiter20\pino_heterogeneous_concentration.png C:\Ali Computation\pinn\code\heterogeneous\pino_heterogeneous\results\exp_X5_5zoneonly_K100_N500_w64_float64_lbfgs1000_maxiter20\pino_heterogeneous_loss.png C:\Ali Computation\pinn\code\heterogeneous\pino_heterogeneous\results\exp_X5_5zoneonly_K100_N500_w64_float64_lbfgs1000_maxiter20\pino_heterogeneous_model.pt
COMSOL validation: 81 media -> C:\Ali Computation\pinn\code\heterogeneous\pino_heterogeneous\results\exp_X5_5zoneonly_K100_N500_w64_float64_lbfgs1000_maxiter20\comsol_validation  (x* collocation n=86)

COMSOL vs PINO:   0%|          | 0/81 [00:00<?, ?it/s]
COMSOL vs PINO:   1%|          | 1/81 [00:01<01:23,  1.04s/it]
COMSOL vs PINO:   2%|▏         | 2/81 [00:02<01:22,  1.04s/it]
COMSOL vs PINO:   4%|▎         | 3/81 [00:03<01:20,  1.03s/it]
COMSOL vs PINO:   5%|▍         | 4/81 [00:04<01:19,  1.03s/it]
COMSOL vs PINO:   6%|▌         | 5/81 [00:05<01:24,  1.12s/it]
COMSOL vs PINO:   7%|▋         | 6/81 [00:06<01:21,  1.08s/it]
COMSOL vs PINO:   9%|▊         | 7/81 [00:07<01:20,  1.08s/it]
COMSOL vs PINO:  10%|▉         | 8/81 [00:08<01:17,  1.07s/it]
COMSOL vs PINO:  11%|█         | 9/81 [00:09<01:17,  1.07s/it]
COMSOL vs PINO:  12%|█▏        | 10/81 [00:10<01:15,  1.06s/it]
COMSOL vs PINO:  14%|█▎        | 11/81 [00:11<01:13,  1.05s/it]
COMSOL vs PINO:  15%|█▍        | 12/81 [00:12<01:12,  1.05s/it]
COMSOL vs PINO:  16%|█▌        | 13/81 [00:13<01:11,  1.05s/it]
COMSOL vs PINO:  17%|█▋        | 14/81 [00:14<01:10,  1.06s/it]
COMSOL vs PINO:  19%|█▊        | 15/81 [00:15<01:09,  1.05s/it]
COMSOL vs PINO:  20%|█▉        | 16/81 [00:16<01:08,  1.05s/it]
COMSOL vs PINO:  21%|██        | 17/81 [00:17<01:07,  1.05s/it]
COMSOL vs PINO:  22%|██▏       | 18/81 [00:19<01:06,  1.06s/it]
COMSOL vs PINO:  23%|██▎       | 19/81 [00:20<01:05,  1.05s/it]
COMSOL vs PINO:  25%|██▍       | 20/81 [00:21<01:10,  1.15s/it]
COMSOL vs PINO:  26%|██▌       | 21/81 [00:22<01:06,  1.12s/it]
COMSOL vs PINO:  27%|██▋       | 22/81 [00:23<01:05,  1.11s/it]
COMSOL vs PINO:  28%|██▊       | 23/81 [00:24<01:02,  1.09s/it]
COMSOL vs PINO:  30%|██▉       | 24/81 [00:25<01:01,  1.08s/it]
COMSOL vs PINO:  31%|███       | 25/81 [00:26<00:59,  1.07s/it]
COMSOL vs PINO:  32%|███▏      | 26/81 [00:27<00:58,  1.06s/it]
COMSOL vs PINO:  33%|███▎      | 27/81 [00:28<00:56,  1.05s/it]
COMSOL vs PINO:  35%|███▍      | 28/81 [00:29<00:55,  1.05s/it]
COMSOL vs PINO:  36%|███▌      | 29/81 [00:30<00:54,  1.05s/it]
COMSOL vs PINO:  37%|███▋      | 30/81 [00:31<00:53,  1.04s/it]
COMSOL vs PINO:  38%|███▊      | 31/81 [00:32<00:52,  1.04s/it]
COMSOL vs PINO:  40%|███▉      | 32/81 [00:34<00:51,  1.04s/it]
COMSOL vs PINO:  41%|████      | 33/81 [00:35<00:54,  1.13s/it]
COMSOL vs PINO:  42%|████▏     | 34/81 [00:36<00:52,  1.11s/it]
COMSOL vs PINO:  43%|████▎     | 35/81 [00:37<00:49,  1.09s/it]
COMSOL vs PINO:  44%|████▍     | 36/81 [00:38<00:48,  1.07s/it]
COMSOL vs PINO:  46%|████▌     | 37/81 [00:39<00:46,  1.06s/it]
COMSOL vs PINO:  47%|████▋     | 38/81 [00:40<00:45,  1.05s/it]
COMSOL vs PINO:  48%|████▊     | 39/81 [00:41<00:43,  1.04s/it]
COMSOL vs PINO:  49%|████▉     | 40/81 [00:42<00:43,  1.06s/it]
COMSOL vs PINO:  51%|█████     | 41/81 [00:43<00:41,  1.05s/it]
COMSOL vs PINO:  52%|█████▏    | 42/81 [00:44<00:40,  1.05s/it]
COMSOL vs PINO:  53%|█████▎    | 43/81 [00:45<00:39,  1.04s/it]
COMSOL vs PINO:  54%|█████▍    | 44/81 [00:46<00:38,  1.05s/it]
COMSOL vs PINO:  56%|█████▌    | 45/81 [00:47<00:37,  1.04s/it]
COMSOL vs PINO:  57%|█████▋    | 46/81 [00:48<00:36,  1.05s/it]
COMSOL vs PINO:  58%|█████▊    | 47/81 [00:49<00:35,  1.04s/it]
COMSOL vs PINO:  59%|█████▉    | 48/81 [00:51<00:37,  1.14s/it]
COMSOL vs PINO:  60%|██████    | 49/81 [00:52<00:35,  1.11s/it]
COMSOL vs PINO:  62%|██████▏   | 50/81 [00:53<00:33,  1.09s/it]
COMSOL vs PINO:  63%|██████▎   | 51/81 [00:54<00:32,  1.08s/it]
COMSOL vs PINO:  64%|██████▍   | 52/81 [00:55<00:30,  1.07s/it]
COMSOL vs PINO:  65%|██████▌   | 53/81 [00:56<00:29,  1.06s/it]
COMSOL vs PINO:  67%|██████▋   | 54/81 [00:57<00:28,  1.05s/it]
COMSOL vs PINO:  68%|██████▊   | 55/81 [00:58<00:27,  1.05s/it]
COMSOL vs PINO:  69%|██████▉   | 56/81 [00:59<00:26,  1.05s/it]
COMSOL vs PINO:  70%|███████   | 57/81 [01:00<00:25,  1.05s/it]
COMSOL vs PINO:  72%|███████▏  | 58/81 [01:01<00:24,  1.05s/it]
COMSOL vs PINO:  73%|███████▎  | 59/81 [01:02<00:23,  1.05s/it]
COMSOL vs PINO:  74%|███████▍  | 60/81 [01:03<00:21,  1.04s/it]
COMSOL vs PINO:  75%|███████▌  | 61/81 [01:04<00:21,  1.05s/it]
COMSOL vs PINO:  77%|███████▋  | 62/81 [01:05<00:20,  1.06s/it]
COMSOL vs PINO:  78%|███████▊  | 63/81 [01:07<00:20,  1.15s/it]
COMSOL vs PINO:  79%|███████▉  | 64/81 [01:08<00:18,  1.12s/it]
COMSOL vs PINO:  80%|████████  | 65/81 [01:09<00:17,  1.11s/it]
COMSOL vs PINO:  81%|████████▏ | 66/81 [01:10<00:16,  1.09s/it]
COMSOL vs PINO:  83%|████████▎ | 67/81 [01:11<00:15,  1.08s/it]
COMSOL vs PINO:  84%|████████▍ | 68/81 [01:12<00:14,  1.08s/it]
COMSOL vs PINO:  85%|████████▌ | 69/81 [01:13<00:12,  1.07s/it]
COMSOL vs PINO:  86%|████████▋ | 70/81 [01:14<00:11,  1.07s/it]
COMSOL vs PINO:  88%|████████▊ | 71/81 [01:15<00:10,  1.07s/it]
COMSOL vs PINO:  89%|████████▉ | 72/81 [01:16<00:09,  1.06s/it]
COMSOL vs PINO:  90%|█████████ | 73/81 [01:17<00:08,  1.05s/it]
COMSOL vs PINO:  91%|█████████▏| 74/81 [01:18<00:07,  1.06s/it]
COMSOL vs PINO:  93%|█████████▎| 75/81 [01:20<00:06,  1.06s/it]
COMSOL vs PINO:  94%|█████████▍| 76/81 [01:21<00:05,  1.15s/it]
COMSOL vs PINO:  95%|█████████▌| 77/81 [01:22<00:04,  1.11s/it]
COMSOL vs PINO:  96%|█████████▋| 78/81 [01:23<00:03,  1.10s/it]
COMSOL vs PINO:  98%|█████████▊| 79/81 [01:24<00:02,  1.08s/it]
COMSOL vs PINO:  99%|█████████▉| 80/81 [01:25<00:01,  1.07s/it]
COMSOL vs PINO: 100%|██████████| 81/81 [01:26<00:00,  1.07s/it]
COMSOL vs PINO: 100%|██████████| 81/81 [01:26<00:00,  1.07s/it]
COMSOL validation summary: n=81  mean=2.712334e-02  max=5.971836e-02  min=1.043823e-02
Wrote C:\Ali Computation\pinn\code\heterogeneous\pino_heterogeneous\results\exp_X5_5zoneonly_K100_N500_w64_float64_lbfgs1000_maxiter20\comsol_validation\comsol_validation_summary.csv
Run metadata: C:\Ali Computation\pinn\code\heterogeneous\pino_heterogeneous\results\exp_X5_5zoneonly_K100_N500_w64_float64_lbfgs1000_maxiter20\run_meta.json
Wall-clock train: 121387.3 s
Wall-clock validation: 86.7 s
Wall-clock total: 121486.8 s  device=cuda

# exit 0 after 1 day, 9:44:55.950106
