# code/heterogeneous/parametric_heterogeneous_pinn/generate_reference_pinn.py --zones 0.05,0.03,0.01 --out-dir results/gen_ref
# started 2026-07-09 10:33:04
# cwd C:\Ali Computation\pinn\code\heterogeneous\parametric_heterogeneous_pinn

[gen] 3-zone u=[0.05, 0.03, 0.01] interfaces=[0.3333333333333333, 0.6666666666666666] contrast=0.040 dtype=float64 device=cuda:0 tag=z0p05_0p03_0p01__i0p333333_0p666667
[gen] arch=[5, 36, 36, 36, 36, 1] params=4,249 collocation=17,280
[gen] epoch     0 | p90=8.814e-01 combined=1.574e+00 (best 1.574e+00@0)
[gen] epoch   100 | p90=2.745e-02 combined=4.121e-02 (best 4.121e-02@100)
[gen] epoch   200 | p90=2.271e-02 combined=3.693e-02 (best 3.693e-02@200)
[gen] epoch   300 | p90=1.962e-02 combined=3.479e-02 (best 3.479e-02@300)
[gen] epoch   400 | p90=1.819e-02 combined=3.329e-02 (best 3.329e-02@400)
[gen] epoch   500 | p90=1.709e-02 combined=3.288e-02 (best 3.288e-02@500)
[gen] epoch   600 | p90=1.673e-02 combined=3.247e-02 (best 3.247e-02@600)
[gen] epoch   700 | p90=1.673e-02 combined=3.247e-02 (best 3.247e-02@600)
[gen] epoch   800 | p90=1.673e-02 combined=3.247e-02 (best 3.247e-02@600)
[gen] epoch   900 | p90=1.673e-02 combined=3.247e-02 (best 3.247e-02@600)
[gen] early stop at 972 (train loss flat 400).
[gen] epoch   972 | p90=1.673e-02 combined=3.247e-02 (best 3.247e-02@600)
[gen] DONE z0p05_0p03_0p01__i0p333333_0p666667: best p90-combined=3.247e-02@600 -> NOT certified (p90 above threshold)
[gen] wrote ref_field_z0p05_0p03_0p01__i0p333333_0p666667.npz, model_z0p05_0p03_0p01__i0p333333_0p666667.pt, gen_traj_z0p05_0p03_0p01__i0p333333_0p666667.csv, appended generated_references.csv in 11.6 min

# exit 0 after 0:11:42.957198
