# code/heterogeneous/pino_heterogeneous/pinn1d_heterogeneous_parametric_neural_operator.py 
# started 2026-06-10 06:59:23
# cwd C:\Ali Computation\pinn\code\heterogeneous\pino_heterogeneous

Using CPU (CUDA not available, dtype=torch.float32)
PE (computed) = 0.010368
Training: 500 LHC samples in [0.01, 0.05] m/d (exclude COMSOL 3^4 grid: True)
  saved/loaded: C:\Ali Computation\pinn\code\heterogeneous\pino_heterogeneous\results\lhc_train_u500.csv
  branch CFL range [0.120049, 0.599914]
PDE mesh: bulk 50x50x500 + interface bands (36 x* / band, +/-0.025 around (0.2, 0.4, 0.6))
COMSOL validation: 81 fixed grid cases from comsol_4zones.txt
run_training=True  run_comsol_validation=True
PDE collocation points: 2,150,000 (bulk 1,250,000, interface 900,000)
Collocation mesh plot (pre-train): C:\Ali Computation\pinn\code\heterogeneous\pino_heterogeneous\results\pino_heterogeneous_collocation_points.png
LBFGS (
Parameter Group 0
    history_size: 50
    line_search_fn: strong_wolfe
    lr: 1
    max_eval: 1
    max_iter: 1
    tolerance_change: 1e-09
    tolerance_grad: 1e-07
)

L-BFGS:   0%|          | 0/1000 [? > 00:00]
L-BFGS:   0%|          | 1/1000 [2:00:39 > 00:07]
L-BFGS:   0%|          | 2/1000 [1:57:31 > 00:14]
L-BFGS:   0%|          | 3/1000 [1:56:44 > 00:21]
L-BFGS:   0%|          | 4/1000 [1:55:47 > 00:28]
L-BFGS:   0%|          | 5/1000 [1:55:46 > 00:35]
L-BFGS:   1%|          | 6/1000 [1:56:31 > 00:42]
L-BFGS:   1%|          | 7/1000 [1:54:56 > 00:48]
L-BFGS:   1%|          | 8/1000 [1:52:04 > 00:55]
L-BFGS:   1%|          | 9/1000 [1:49:55 > 01:01]
L-BFGS:   1%|          | 10/1000 [1:48:16 > 01:08]
L-BFGS:   1%|          | 11/1000 [1:47:13 > 01:14]
L-BFGS:   1%|          | 12/1000 [1:46:39 > 01:20]
L-BFGS:   1%|▏         | 13/1000 [1:46:01 > 01:27]
L-BFGS:   1%|▏         | 14/1000 [1:45:34 > 01:33]
L-BFGS:   2%|▏         | 15/1000 [1:45:12 > 01:40]
L-BFGS:   2%|▏         | 16/1000 [1:45:06 > 01:46]
L-BFGS:   2%|▏         | 17/1000 [1:44:51 > 01:52]
L-BFGS:   2%|▏         | 18/1000 [1:44:32 > 01:59]
L-BFGS:   2%|▏         | 19/1000 [1:44:27 > 02:05]
L-BFGS:   2%|▏         | 20/1000 [1:44:12 > 02:11]
L-BFGS:   2%|▏         | 21/1000 [1:44:12 > 02:18]
L-BFGS:   2%|▏         | 22/1000 [1:44:05 > 02:24]
L-BFGS:   2%|▏         | 23/1000 [1:44:07 > 02:31]
L-BFGS:   2%|▏         | 24/1000 [1:43:46 > 02:37]
L-BFGS:   2%|▎         | 25/1000 [1:43:28 > 02:43]
L-BFGS:   3%|▎         | 26/1000 [1:43:26 > 02:50]
L-BFGS:   3%|▎         | 27/1000 [1:43:25 > 02:56]
L-BFGS:   3%|▎         | 28/1000 [1:43:11 > 03:02]
L-BFGS:   3%|▎         | 29/1000 [1:43:04 > 03:09]
L-BFGS:   3%|▎         | 30/1000 [1:42:37 > 03:15]
L-BFGS:   3%|▎         | 31/1000 [1:42:43 > 03:21]
L-BFGS:   3%|▎         | 32/1000 [1:42:48 > 03:28]
L-BFGS:   3%|▎         | 33/1000 [1:42:37 > 03:34]
L-BFGS:   3%|▎         | 34/1000 [1:42:29 > 03:41]
L-BFGS:   4%|▎         | 35/1000 [1:42:33 > 03:47]
L-BFGS:   4%|▎         | 36/1000 [1:42:29 > 03:53]
L-BFGS:   4%|▎         | 37/1000 [1:42:33 > 04:00]
L-BFGS:   4%|▍         | 38/1000 [1:42:23 > 04:06]
L-BFGS:   4%|▍         | 39/1000 [1:42:02 > 04:13]
L-BFGS:   4%|▍         | 40/1000 [1:42:00 > 04:19]
L-BFGS:   4%|▍         | 41/1000 [1:41:44 > 04:25]
L-BFGS:   4%|▍         | 42/1000 [1:41:39 > 04:32]
L-BFGS:   4%|▍         | 43/1000 [1:41:39 > 04:38]
L-BFGS:   4%|▍         | 44/1000 [1:42:49 > 04:45]
L-BFGS:   4%|▍         | 45/1000 [1:42:24 > 04:51]
L-BFGS:   5%|▍         | 46/1000 [1:41:52 > 04:57]
L-BFGS:   5%|▍         | 47/1000 [1:41:39 > 05:04]
L-BFGS:   5%|▍         | 48/1000 [1:41:22 > 05:10]
L-BFGS:   5%|▍         | 49/1000 [1:41:07 > 05:16]
L-BFGS:   5%|▌         | 50/1000 [1:40:53 > 05:23]
L-BFGS:   5%|▌         | 51/1000 [1:40:29 > 05:29]
L-BFGS:   5%|▌         | 52/1000 [1:40:30 > 05:36]
L-BFGS:   5%|▌         | 53/1000 [1:40:28 > 05:42]
L-BFGS:   5%|▌         | 54/1000 [1:40:35 > 05:48]
L-BFGS:   6%|▌         | 55/1000 [1:40:19 > 05:55]
L-BFGS:   6%|▌         | 56/1000 [1:40:06 > 06:01]
L-BFGS:   6%|▌         | 57/1000 [1:39:56 > 06:07]
L-BFGS:   6%|▌         | 58/1000 [1:39:49 > 06:14]
L-BFGS:   6%|▌         | 59/1000 [1:39:40 > 06:20]
L-BFGS:   6%|▌         | 60/1000 [1:39:18 > 06:26]
L-BFGS:   6%|▌         | 61/1000 [1:39:14 > 06:33]
L-BFGS:   6%|▌         | 62/1000 [1:39:10 > 06:39]
L-BFGS:   6%|▋         | 63/1000 [1:39:15 > 06:45]
L-BFGS:   6%|▋         | 64/1000 [1:39:07 > 06:52]
L-BFGS:   6%|▋         | 65/1000 [1:38:56 > 06:58]
L-BFGS:   7%|▋         | 66/1000 [1:39:07 > 07:05]
L-BFGS:   7%|▋         | 67/1000 [1:40:20 > 07:11]
L-BFGS:   7%|▋         | 68/1000 [1:39:43 > 07:18]
L-BFGS:   7%|▋         | 69/1000 [1:39:20 > 07:24]
L-BFGS:   7%|▋         | 70/1000 [1:39:07 > 07:30]
L-BFGS:   7%|▋         | 71/1000 [1:38:48 > 07:37]
L-BFGS:   7%|▋         | 72/1000 [1:38:45 > 07:43]
L-BFGS:   7%|▋         | 73/1000 [1:38:28 > 07:49]
L-BFGS:   7%|▋         | 74/1000 [1:38:15 > 07:56]
L-BFGS:   8%|▊         | 75/1000 [1:38:13 > 08:02]
L-BFGS:   8%|▊         | 76/1000 [1:38:05 > 08:08]
L-BFGS:   8%|▊         | 77/1000 [1:37:57 > 08:15]
L-BFGS:   8%|▊         | 78/1000 [1:37:46 > 08:21]
L-BFGS:   8%|▊         | 79/1000 [1:37:35 > 08:28]
L-BFGS:   8%|▊         | 80/1000 [1:37:49 > 08:34]
L-BFGS:   8%|▊         | 81/1000 [1:37:42 > 08:40]
L-BFGS:   8%|▊         | 82/1000 [1:37:31 > 08:47]
L-BFGS:   8%|▊         | 83/1000 [1:37:26 > 08:53]
L-BFGS:   8%|▊         | 84/1000 [1:37:11 > 08:59]
L-BFGS:   8%|▊         | 85/1000 [1:37:13 > 09:06]
L-BFGS:   9%|▊         | 86/1000 [1:36:57 > 09:12]
L-BFGS:   9%|▊         | 87/1000 [1:36:50 > 09:19]
L-BFGS:   9%|▉         | 88/1000 [1:36:47 > 09:25]
L-BFGS:   9%|▉         | 89/1000 [1:36:26 > 09:31]
L-BFGS:   9%|▉         | 90/1000 [1:36:31 > 09:38]
L-BFGS:   9%|▉         | 91/1000 [1:36:17 > 09:44]
L-BFGS:   9%|▉         | 92/1000 [1:37:42 > 09:51]
L-BFGS:   9%|▉         | 93/1000 [1:37:08 > 09:57]
L-BFGS:   9%|▉         | 94/1000 [1:36:48 > 10:03]
L-BFGS:  10%|▉         | 95/1000 [1:36:15 > 10:10]
L-BFGS:  10%|▉         | 96/1000 [1:35:52 > 10:16]
L-BFGS:  10%|▉         | 97/1000 [1:35:57 > 10:22]
L-BFGS:  10%|▉         | 98/1000 [1:35:45 > 10:29]
L-BFGS:  10%|▉         | 99/1000 [1:35:38 > 10:35]
L-BFGS:  10%|█         | 100/1000 [1:35:28 > 10:41]
L-BFGS:  10%|█         | 101/1000 [1:35:25 > 10:48]
L-BFGS:  10%|█         | 102/1000 [1:35:17 > 10:54]
L-BFGS:  10%|█         | 103/1000 [1:35:06 > 11:01]
L-BFGS:  10%|█         | 104/1000 [1:34:58 > 11:07]
L-BFGS:  10%|█         | 105/1000 [1:34:36 > 11:13]
L-BFGS:  11%|█         | 106/1000 [1:34:40 > 11:20]
L-BFGS:  11%|█         | 107/1000 [1:34:39 > 11:26]
L-BFGS:  11%|█         | 108/1000 [1:34:32 > 11:32]
L-BFGS:  11%|█         | 109/1000 [1:34:25 > 11:39]
L-BFGS:  11%|█         | 110/1000 [1:34:19 > 11:45]
L-BFGS:  11%|█         | 111/1000 [1:34:07 > 11:51]
L-BFGS:  11%|█         | 112/1000 [1:33:47 > 11:58]
L-BFGS:  11%|█▏        | 113/1000 [1:33:32 > 12:04]
L-BFGS:  11%|█▏        | 114/1000 [1:33:30 > 12:10]
L-BFGS:  12%|█▏        | 115/1000 [1:33:31 > 12:17]
L-BFGS:  12%|█▏        | 116/1000 [1:33:33 > 12:23]
L-BFGS:  12%|█▏        | 117/1000 [1:33:35 > 12:29]
L-BFGS:  12%|█▏        | 118/1000 [1:33:16 > 12:36]
L-BFGS:  12%|█▏        | 119/1000 [1:33:07 > 12:42]
L-BFGS:  12%|█▏        | 120/1000 [1:33:03 > 12:48]
L-BFGS:  12%|█▏        | 121/1000 [1:32:54 > 12:55]
L-BFGS:  12%|█▏        | 122/1000 [1:32:53 > 13:01]
L-BFGS:  12%|█▏        | 123/1000 [1:32:48 > 13:08]
L-BFGS:  12%|█▏        | 124/1000 [1:32:36 > 13:14]
L-BFGS:  12%|█▎        | 125/1000 [1:32:43 > 13:20]
L-BFGS:  13%|█▎        | 126/1000 [1:32:46 > 13:27]
L-BFGS:  13%|█▎        | 127/1000 [1:32:34 > 13:33]
L-BFGS:  13%|█▎        | 128/1000 [1:32:21 > 13:39]
L-BFGS:  13%|█▎        | 129/1000 [1:32:15 > 13:46]
L-BFGS:  13%|█▎        | 130/1000 [1:32:08 > 13:52]
L-BFGS:  13%|█▎        | 131/1000 [1:31:57 > 13:58]
L-BFGS:  13%|█▎        | 132/1000 [1:32:07 > 14:05]
L-BFGS:  13%|█▎        | 133/1000 [1:31:50 > 14:11]
L-BFGS:  13%|█▎        | 134/1000 [1:31:40 > 14:17]
L-BFGS:  14%|█▎        | 135/1000 [1:31:33 > 14:24]
L-BFGS:  14%|█▎        | 136/1000 [1:31:26 > 14:30]
L-BFGS:  14%|█▎        | 137/1000 [1:31:10 > 14:36]
L-BFGS:  14%|█▍        | 138/1000 [1:30:56 > 14:43]
L-BFGS:  14%|█▍        | 139/1000 [1:30:57 > 14:49]
L-BFGS:  14%|█▍        | 140/1000 [1:30:48 > 14:55]
L-BFGS:  14%|█▍        | 141/1000 [1:30:57 > 15:02]
L-BFGS:  14%|█▍        | 142/1000 [1:30:44 > 15:08]
L-BFGS:  14%|█▍        | 143/1000 [1:30:28 > 15:14]
L-BFGS:  14%|█▍        | 144/1000 [1:30:43 > 15:21]
L-BFGS:  14%|█▍        | 145/1000 [1:30:31 > 15:27]
L-BFGS:  15%|█▍        | 146/1000 [1:30:27 > 15:34]
L-BFGS:  15%|█▍        | 147/1000 [1:30:18 > 15:40]
L-BFGS:  15%|█▍        | 148/1000 [1:30:26 > 15:46]
L-BFGS:  15%|█▍        | 149/1000 [1:30:31 > 15:53]
L-BFGS:  15%|█▌        | 150/1000 [1:30:15 > 15:59]
L-BFGS:  15%|█▌        | 151/1000 [1:30:09 > 16:05]
L-BFGS:  15%|█▌        | 152/1000 [1:29:58 > 16:12]
L-BFGS:  15%|█▌        | 153/1000 [1:29:56 > 16:18]
L-BFGS:  15%|█▌        | 154/1000 [1:30:04 > 16:25]
L-BFGS:  16%|█▌        | 155/1000 [1:29:38 > 16:31]
L-BFGS:  16%|█▌        | 156/1000 [1:29:31 > 16:37]
L-BFGS:  16%|█▌        | 157/1000 [1:29:44 > 16:44]
L-BFGS:  16%|█▌        | 158/1000 [1:29:27 > 16:50]
L-BFGS:  16%|█▌        | 159/1000 [1:29:24 > 16:56]
L-BFGS:  16%|█▌        | 160/1000 [1:29:10 > 17:03]
L-BFGS:  16%|█▌        | 161/1000 [1:30:18 > 17:10]
L-BFGS:  16%|█▌        | 162/1000 [1:30:02 > 17:16]
L-BFGS:  16%|█▋        | 163/1000 [1:29:26 > 17:22]
L-BFGS:  16%|█▋        | 164/1000 [1:29:13 > 17:29]
L-BFGS:  16%|█▋        | 165/1000 [1:28:55 > 17:35]
L-BFGS:  17%|█▋        | 166/1000 [1:28:36 > 17:41]
L-BFGS:  17%|█▋        | 167/1000 [1:28:27 > 17:48]
L-BFGS:  17%|█▋        | 168/1000 [1:28:16 > 17:54]
L-BFGS:  17%|█▋        | 169/1000 [1:28:11 > 18:00]
L-BFGS:  17%|█▋        | 170/1000 [1:27:54 > 18:07]
L-BFGS:  17%|█▋        | 171/1000 [1:28:00 > 18:13]
L-BFGS:  17%|█▋        | 172/1000 [1:28:00 > 18:20]
L-BFGS:  17%|█▋        | 173/1000 [1:27:49 > 18:26]
L-BFGS:  17%|█▋        | 174/1000 [1:27:34 > 18:32]
L-BFGS:  18%|█▊        | 175/1000 [1:27:27 > 18:39]
L-BFGS:  18%|█▊        | 176/1000 [1:27:25 > 18:45]
L-BFGS:  18%|█▊        | 177/1000 [1:27:11 > 18:51]
L-BFGS:  18%|█▊        | 178/1000 [1:27:07 > 18:58]
L-BFGS:  18%|█▊        | 179/1000 [1:26:43 > 19:04]
L-BFGS:  18%|█▊        | 180/1000 [1:26:42 > 19:10]
L-BFGS:  18%|█▊        | 181/1000 [1:26:37 > 19:17]
L-BFGS:  18%|█▊        | 182/1000 [1:26:45 > 19:23]
L-BFGS:  18%|█▊        | 183/1000 [1:26:43 > 19:29]
L-BFGS:  18%|█▊        | 184/1000 [1:26:25 > 19:36]
L-BFGS:  18%|█▊        | 185/1000 [1:26:35 > 19:42]
L-BFGS:  19%|█▊        | 186/1000 [1:26:20 > 19:49]
L-BFGS:  19%|█▊        | 187/1000 [1:26:06 > 19:55]
L-BFGS:  19%|█▉        | 188/1000 [1:25:56 > 20:01]
L-BFGS:  19%|█▉        | 189/1000 [1:25:54 > 20:08]
L-BFGS:  19%|█▉        | 190/1000 [1:25:48 > 20:14]
L-BFGS:  19%|█▉        | 191/1000 [1:25:44 > 20:20]
L-BFGS:  19%|█▉        | 192/1000 [1:25:35 > 20:27]
L-BFGS:  19%|█▉        | 193/1000 [1:25:32 > 20:33]
L-BFGS:  19%|█▉        | 194/1000 [1:25:26 > 20:39]
L-BFGS:  20%|█▉        | 195/1000 [1:25:19 > 20:46]
L-BFGS:  20%|█▉        | 196/1000 [1:25:13 > 20:52]
L-BFGS:  20%|█▉        | 197/1000 [1:25:00 > 20:58]
L-BFGS:  20%|█▉        | 198/1000 [1:25:08 > 21:05]
L-BFGS:  20%|█▉        | 199/1000 [1:24:57 > 21:11]
L-BFGS:  20%|██        | 200/1000 [1:24:33 > 21:17]
L-BFGS:  20%|██        | 201/1000 [1:24:36 > 21:24]
L-BFGS:  20%|██        | 202/1000 [1:24:47 > 21:30]
L-BFGS:  20%|██        | 203/1000 [1:24:28 > 21:37]
L-BFGS:  20%|██        | 204/1000 [1:24:26 > 21:43]
L-BFGS:  20%|██        | 205/1000 [1:24:10 > 21:49]
L-BFGS:  21%|██        | 206/1000 [1:23:58 > 21:56]
L-BFGS:  21%|██        | 207/1000 [1:24:00 > 22:02]
L-BFGS:  21%|██        | 208/1000 [1:23:45 > 22:08]
L-BFGS:  21%|██        | 209/1000 [1:23:44 > 22:15]
L-BFGS:  21%|██        | 210/1000 [1:23:29 > 22:21]
L-BFGS:  21%|██        | 211/1000 [1:23:25 > 22:27]
L-BFGS:  21%|██        | 212/1000 [1:23:19 > 22:34]
L-BFGS:  21%|██▏       | 213/1000 [1:23:22 > 22:40]
L-BFGS:  21%|██▏       | 214/1000 [1:23:11 > 22:46]
L-BFGS:  22%|██▏       | 215/1000 [1:23:06 > 22:53]
L-BFGS:  22%|██▏       | 216/1000 [1:22:59 > 22:59]
L-BFGS:  22%|██▏       | 217/1000 [1:22:57 > 23:06]
L-BFGS:  22%|██▏       | 218/1000 [1:22:51 > 23:12]
L-BFGS:  22%|██▏       | 219/1000 [1:22:37 > 23:18]
L-BFGS:  22%|██▏       | 220/1000 [1:22:34 > 23:25]
L-BFGS:  22%|██▏       | 221/1000 [1:22:24 > 23:31]
L-BFGS:  22%|██▏       | 222/1000 [1:22:19 > 23:37]
L-BFGS:  22%|██▏       | 223/1000 [1:22:29 > 23:44]
L-BFGS:  22%|██▏       | 224/1000 [1:22:36 > 23:50]
L-BFGS:  22%|██▎       | 225/1000 [1:22:15 > 23:56]
L-BFGS:  23%|██▎       | 226/1000 [1:22:10 > 24:03]
L-BFGS:  23%|██▎       | 227/1000 [1:21:50 > 24:09]
L-BFGS:  23%|██▎       | 228/1000 [1:21:34 > 24:15]
L-BFGS:  23%|██▎       | 229/1000 [1:21:20 > 24:22]
L-BFGS:  23%|██▎       | 230/1000 [1:21:26 > 24:28]
L-BFGS:  23%|██▎       | 231/1000 [1:21:15 > 24:34]
L-BFGS:  23%|██▎       | 232/1000 [1:21:15 > 24:41]
L-BFGS:  23%|██▎       | 233/1000 [1:21:11 > 24:47]
L-BFGS:  23%|██▎       | 234/1000 [1:21:03 > 24:54]
L-BFGS:  24%|██▎       | 235/1000 [1:20:48 > 25:00]
L-BFGS:  24%|██▎       | 236/1000 [1:20:52 > 25:06]
L-BFGS:  24%|██▎       | 237/1000 [1:20:47 > 25:13]
L-BFGS:  24%|██▍       | 238/1000 [1:20:44 > 25:19]
L-BFGS:  24%|██▍       | 239/1000 [1:20:27 > 25:25]
L-BFGS:  24%|██▍       | 240/1000 [1:20:33 > 25:32]
L-BFGS:  24%|██▍       | 241/1000 [1:20:19 > 25:38]
L-BFGS:  24%|██▍       | 242/1000 [1:20:21 > 25:44]
L-BFGS:  24%|██▍       | 243/1000 [1:20:11 > 25:51]
L-BFGS:  24%|██▍       | 244/1000 [1:20:01 > 25:57]
L-BFGS:  24%|██▍       | 245/1000 [1:20:06 > 26:03]
L-BFGS:  25%|██▍       | 246/1000 [1:19:55 > 26:10]
L-BFGS:  25%|██▍       | 247/1000 [1:19:44 > 26:16]
L-BFGS:  25%|██▍       | 248/1000 [1:19:42 > 26:23]
L-BFGS:  25%|██▍       | 249/1000 [1:19:37 > 26:29]
L-BFGS:  25%|██▌       | 250/1000 [1:19:29 > 26:35]
L-BFGS:  25%|██▌       | 251/1000 [1:19:28 > 26:42]
L-BFGS:  25%|██▌       | 252/1000 [1:19:17 > 26:48]
L-BFGS:  25%|██▌       | 253/1000 [1:19:05 > 26:54]
L-BFGS:  25%|██▌       | 254/1000 [1:18:48 > 27:01]
L-BFGS:  26%|██▌       | 255/1000 [1:19:03 > 27:07]
L-BFGS:  26%|██▌       | 256/1000 [1:19:52 > 27:14]
L-BFGS:  26%|██▌       | 257/1000 [1:19:22 > 27:20]
L-BFGS:  26%|██▌       | 258/1000 [1:19:07 > 27:26]
L-BFGS:  26%|██▌       | 259/1000 [1:18:51 > 27:33]
L-BFGS:  26%|██▌       | 260/1000 [1:18:32 > 27:39]
L-BFGS:  26%|██▌       | 261/1000 [1:18:19 > 27:45]
L-BFGS:  26%|██▌       | 262/1000 [1:17:57 > 27:52]
L-BFGS:  26%|██▋       | 263/1000 [1:17:48 > 27:58]
L-BFGS:  26%|██▋       | 264/1000 [1:17:52 > 28:04]
L-BFGS:  26%|██▋       | 265/1000 [1:17:52 > 28:11]
L-BFGS:  27%|██▋       | 266/1000 [1:17:40 > 28:17]
L-BFGS:  27%|██▋       | 267/1000 [1:17:31 > 28:23]
L-BFGS:  27%|██▋       | 268/1000 [1:17:25 > 28:30]
L-BFGS:  27%|██▋       | 269/1000 [1:17:23 > 28:36]
L-BFGS:  27%|██▋       | 270/1000 [1:17:19 > 28:43]
L-BFGS:  27%|██▋       | 271/1000 [1:17:18 > 28:49]
L-BFGS:  27%|██▋       | 272/1000 [1:17:13 > 28:55]
L-BFGS:  27%|██▋       | 273/1000 [1:17:04 > 29:02]
L-BFGS:  27%|██▋       | 274/1000 [1:16:59 > 29:08]
L-BFGS:  28%|██▊       | 275/1000 [1:16:49 > 29:14]
L-BFGS:  28%|██▊       | 276/1000 [1:16:42 > 29:21]
L-BFGS:  28%|██▊       | 277/1000 [1:16:33 > 29:27]
L-BFGS:  28%|██▊       | 278/1000 [1:16:22 > 29:33]
L-BFGS:  28%|██▊       | 279/1000 [1:16:16 > 29:40]
L-BFGS:  28%|██▊       | 280/1000 [1:16:30 > 29:46]
L-BFGS:  28%|██▊       | 281/1000 [1:16:14 > 29:52]
L-BFGS:  28%|██▊       | 282/1000 [1:16:00 > 29:59]
L-BFGS:  28%|██▊       | 283/1000 [1:15:57 > 30:05]
L-BFGS:  28%|██▊       | 284/1000 [1:16:04 > 30:12]
L-BFGS:  28%|██▊       | 285/1000 [1:15:48 > 30:18]
L-BFGS:  29%|██▊       | 286/1000 [1:15:48 > 30:24]
L-BFGS:  29%|██▊       | 287/1000 [1:15:33 > 30:31]
L-BFGS:  29%|██▉       | 288/1000 [1:15:28 > 30:37]
L-BFGS:  29%|██▉       | 289/1000 [1:15:14 > 30:43]
L-BFGS:  29%|██▉       | 290/1000 [1:15:14 > 30:50]
L-BFGS:  29%|██▉       | 291/1000 [1:15:25 > 30:56]
L-BFGS:  29%|██▉       | 292/1000 [1:15:06 > 31:02]
L-BFGS:  29%|██▉       | 293/1000 [1:15:00 > 31:09]
L-BFGS:  29%|██▉       | 294/1000 [1:14:54 > 31:15]
L-BFGS:  30%|██▉       | 295/1000 [1:14:39 > 31:22]
L-BFGS:  30%|██▉       | 296/1000 [1:14:30 > 31:28]
L-BFGS:  30%|██▉       | 297/1000 [1:14:34 > 31:34]
L-BFGS:  30%|██▉       | 298/1000 [1:14:32 > 31:41]
L-BFGS:  30%|██▉       | 299/1000 [1:14:45 > 31:47]
L-BFGS:  30%|███       | 300/1000 [1:14:24 > 31:53]
L-BFGS:  30%|███       | 301/1000 [1:14:11 > 32:00]
L-BFGS:  30%|███       | 302/1000 [1:14:01 > 32:06]
L-BFGS:  30%|███       | 303/1000 [1:13:43 > 32:12]
L-BFGS:  30%|███       | 304/1000 [1:13:39 > 32:19]
L-BFGS:  30%|███       | 305/1000 [1:13:25 > 32:25]
L-BFGS:  31%|███       | 306/1000 [1:13:21 > 32:31]
L-BFGS:  31%|███       | 307/1000 [1:13:16 > 32:38]
L-BFGS:  31%|███       | 308/1000 [1:13:14 > 32:44]
L-BFGS:  31%|███       | 309/1000 [1:13:08 > 32:51]
L-BFGS:  31%|███       | 310/1000 [1:13:01 > 32:57]
L-BFGS:  31%|███       | 311/1000 [1:12:52 > 33:03]
L-BFGS:  31%|███       | 312/1000 [1:12:39 > 33:10]
L-BFGS:  31%|███▏      | 313/1000 [1:12:45 > 33:16]
L-BFGS:  31%|███▏      | 314/1000 [1:12:40 > 33:22]
L-BFGS:  32%|███▏      | 315/1000 [1:12:31 > 33:29]
L-BFGS:  32%|███▏      | 316/1000 [1:12:21 > 33:35]
L-BFGS:  32%|███▏      | 317/1000 [1:12:13 > 33:41]
L-BFGS:  32%|███▏      | 318/1000 [1:12:00 > 33:48]
L-BFGS:  32%|███▏      | 319/1000 [1:11:57 > 33:54]
L-BFGS:  32%|███▏      | 320/1000 [1:11:45 > 34:00]
L-BFGS:  32%|███▏      | 321/1000 [1:11:42 > 34:07]
L-BFGS:  32%|███▏      | 322/1000 [1:11:39 > 34:13]
L-BFGS:  32%|███▏      | 323/1000 [1:11:26 > 34:19]
L-BFGS:  32%|███▏      | 324/1000 [1:11:18 > 34:26]
L-BFGS:  32%|███▎      | 325/1000 [1:11:15 > 34:32]
L-BFGS:  33%|███▎      | 326/1000 [1:11:14 > 34:38]
L-BFGS:  33%|███▎      | 327/1000 [1:11:10 > 34:45]
L-BFGS:  33%|███▎      | 328/1000 [1:11:05 > 34:51]
L-BFGS:  33%|███▎      | 329/1000 [1:10:47 > 34:57]
L-BFGS:  33%|███▎      | 330/1000 [1:10:38 > 35:04]
L-BFGS:  33%|███▎      | 331/1000 [1:10:36 > 35:10]
L-BFGS:  33%|███▎      | 332/1000 [1:10:39 > 35:16]
L-BFGS:  33%|███▎      | 333/1000 [1:10:28 > 35:23]
L-BFGS:  33%|███▎      | 334/1000 [1:10:16 > 35:29]
L-BFGS:  34%|███▎      | 335/1000 [1:10:11 > 35:35]
L-BFGS:  34%|███▎      | 336/1000 [1:10:07 > 35:42]
L-BFGS:  34%|███▎      | 337/1000 [1:10:14 > 35:48]
L-BFGS:  34%|███▍      | 338/1000 [1:10:02 > 35:54]
L-BFGS:  34%|███▍      | 339/1000 [1:09:46 > 36:01]
L-BFGS:  34%|███▍      | 340/1000 [1:09:40 > 36:07]
L-BFGS:  34%|███▍      | 341/1000 [1:09:37 > 36:13]
L-BFGS:  34%|███▍      | 342/1000 [1:09:30 > 36:20]
L-BFGS:  34%|███▍      | 343/1000 [1:09:24 > 36:26]
L-BFGS:  34%|███▍      | 344/1000 [1:09:29 > 36:32]
L-BFGS:  34%|███▍      | 345/1000 [1:09:20 > 36:39]
L-BFGS:  35%|███▍      | 346/1000 [1:09:09 > 36:45]
L-BFGS:  35%|███▍      | 347/1000 [1:09:05 > 36:52]
L-BFGS:  35%|███▍      | 348/1000 [1:08:54 > 36:58]
L-BFGS:  35%|███▍      | 349/1000 [1:08:53 > 37:04]
L-BFGS:  35%|███▌      | 350/1000 [1:09:45 > 37:11]
L-BFGS:  35%|███▌      | 351/1000 [1:09:13 > 37:17]
L-BFGS:  35%|███▌      | 352/1000 [1:08:48 > 37:23]
L-BFGS:  35%|███▌      | 353/1000 [1:08:42 > 37:30]
L-BFGS:  35%|███▌      | 354/1000 [1:08:36 > 37:36]
L-BFGS:  36%|███▌      | 355/1000 [1:08:26 > 37:43]
L-BFGS:  36%|███▌      | 356/1000 [1:08:24 > 37:49]
L-BFGS:  36%|███▌      | 357/1000 [1:08:03 > 37:55]
L-BFGS:  36%|███▌      | 358/1000 [1:08:01 > 38:02]
L-BFGS:  36%|███▌      | 359/1000 [1:07:50 > 38:08]
L-BFGS:  36%|███▌      | 360/1000 [1:07:40 > 38:14]
L-BFGS:  36%|███▌      | 361/1000 [1:07:32 > 38:21]
L-BFGS:  36%|███▌      | 362/1000 [1:07:22 > 38:27]
L-BFGS:  36%|███▋      | 363/1000 [1:07:17 > 38:33]
L-BFGS:  36%|███▋      | 364/1000 [1:07:19 > 38:40]
L-BFGS:  36%|███▋      | 365/1000 [1:07:26 > 38:46]
L-BFGS:  37%|███▋      | 366/1000 [1:07:27 > 38:52]
L-BFGS:  37%|███▋      | 367/1000 [1:07:22 > 38:59]
L-BFGS:  37%|███▋      | 368/1000 [1:07:12 > 39:05]
L-BFGS:  37%|███▋      | 369/1000 [1:07:05 > 39:12]
L-BFGS:  37%|███▋      | 370/1000 [1:06:48 > 39:18]
L-BFGS:  37%|███▋      | 371/1000 [1:06:46 > 39:24]
L-BFGS:  37%|███▋      | 372/1000 [1:06:33 > 39:31]
L-BFGS:  37%|███▋      | 373/1000 [1:06:17 > 39:37]
L-BFGS:  37%|███▋      | 374/1000 [1:06:26 > 39:43]
L-BFGS:  38%|███▊      | 375/1000 [1:06:19 > 39:50]
L-BFGS:  38%|███▊      | 376/1000 [1:06:12 > 39:56]
L-BFGS:  38%|███▊      | 377/1000 [1:06:03 > 40:02]
L-BFGS:  38%|███▊      | 378/1000 [1:05:45 > 40:09]
L-BFGS:  38%|███▊      | 379/1000 [1:05:32 > 40:15]
L-BFGS:  38%|███▊      | 380/1000 [1:05:29 > 40:21]
L-BFGS:  38%|███▊      | 381/1000 [1:05:23 > 40:28]
L-BFGS:  38%|███▊      | 382/1000 [1:05:15 > 40:34]
L-BFGS:  38%|███▊      | 383/1000 [1:05:10 > 40:40]
L-BFGS:  38%|███▊      | 384/1000 [1:05:00 > 40:47]
L-BFGS:  38%|███▊      | 385/1000 [1:04:52 > 40:53]
L-BFGS:  39%|███▊      | 386/1000 [1:04:44 > 40:59]
L-BFGS:  39%|███▊      | 387/1000 [1:04:41 > 41:06]
L-BFGS:  39%|███▉      | 388/1000 [1:04:27 > 41:12]
L-BFGS:  39%|███▉      | 389/1000 [1:04:27 > 41:18]
L-BFGS:  39%|███▉      | 390/1000 [1:04:29 > 41:25]
L-BFGS:  39%|███▉      | 391/1000 [1:04:21 > 41:31]
L-BFGS:  39%|███▉      | 392/1000 [1:04:14 > 41:37]
L-BFGS:  39%|███▉      | 393/1000 [1:04:43 > 41:44]
L-BFGS:  39%|███▉      | 394/1000 [1:04:20 > 41:50]
L-BFGS:  40%|███▉      | 395/1000 [1:04:08 > 41:57]
L-BFGS:  40%|███▉      | 396/1000 [1:03:59 > 42:03]
L-BFGS:  40%|███▉      | 397/1000 [1:03:48 > 42:09]
L-BFGS:  40%|███▉      | 398/1000 [1:04:03 > 42:16]
L-BFGS:  40%|███▉      | 399/1000 [1:05:40 > 42:23]
L-BFGS:  40%|████      | 400/1000 [1:04:58 > 42:29]
L-BFGS:  40%|████      | 401/1000 [1:04:26 > 42:35]
L-BFGS:  40%|████      | 402/1000 [1:03:57 > 42:42]
L-BFGS:  40%|████      | 403/1000 [1:03:39 > 42:48]
L-BFGS:  40%|████      | 404/1000 [1:03:30 > 42:55]
L-BFGS:  40%|████      | 405/1000 [1:03:16 > 43:01]
L-BFGS:  41%|████      | 406/1000 [1:02:56 > 43:07]
L-BFGS:  41%|████      | 407/1000 [1:02:48 > 43:14]
L-BFGS:  41%|████      | 408/1000 [1:02:52 > 43:20]
L-BFGS:  41%|████      | 409/1000 [1:02:36 > 43:26]
L-BFGS:  41%|████      | 410/1000 [1:02:26 > 43:33]
L-BFGS:  41%|████      | 411/1000 [1:02:18 > 43:39]
L-BFGS:  41%|████      | 412/1000 [1:02:17 > 43:45]
L-BFGS:  41%|████▏     | 413/1000 [1:02:03 > 43:52]
L-BFGS:  41%|████▏     | 414/1000 [1:01:58 > 43:58]
L-BFGS:  42%|████▏     | 415/1000 [1:01:47 > 44:04]
L-BFGS:  42%|████▏     | 416/1000 [1:01:42 > 44:11]
L-BFGS:  42%|████▏     | 417/1000 [1:01:40 > 44:17]
L-BFGS:  42%|████▏     | 418/1000 [1:01:29 > 44:23]
L-BFGS:  42%|████▏     | 419/1000 [1:01:23 > 44:30]
L-BFGS:  42%|████▏     | 420/1000 [1:01:19 > 44:36]
L-BFGS:  42%|████▏     | 421/1000 [1:01:11 > 44:42]
L-BFGS:  42%|████▏     | 422/1000 [1:01:08 > 44:49]
L-BFGS:  42%|████▏     | 423/1000 [1:01:04 > 44:55]
L-BFGS:  42%|████▏     | 424/1000 [1:00:52 > 45:01]
L-BFGS:  42%|████▎     | 425/1000 [1:00:41 > 45:08]
L-BFGS:  43%|████▎     | 426/1000 [1:00:31 > 45:14]
L-BFGS:  43%|████▎     | 427/1000 [1:00:23 > 45:20]
L-BFGS:  43%|████▎     | 428/1000 [1:00:20 > 45:27]
L-BFGS:  43%|████▎     | 429/1000 [1:00:20 > 45:33]
L-BFGS:  43%|████▎     | 430/1000 [1:00:10 > 45:39]
L-BFGS:  43%|████▎     | 431/1000 [1:00:05 > 45:46]
L-BFGS:  43%|████▎     | 432/1000 [1:00:04 > 45:52]
L-BFGS:  43%|████▎     | 433/1000 [1:00:04 > 45:58]
L-BFGS:  43%|████▎     | 434/1000 [59:58 > 46:05]  
L-BFGS:  44%|████▎     | 435/1000 [59:42 > 46:11]
L-BFGS:  44%|████▎     | 436/1000 [59:42 > 46:17]
L-BFGS:  44%|████▎     | 437/1000 [1:00:04 > 46:24]
L-BFGS:  44%|████▍     | 438/1000 [1:00:20 > 46:31]
L-BFGS:  44%|████▍     | 439/1000 [1:00:06 > 46:37]
L-BFGS:  44%|████▍     | 440/1000 [59:45 > 46:43]  
L-BFGS:  44%|████▍     | 441/1000 [59:37 > 46:50]
L-BFGS:  44%|████▍     | 442/1000 [59:25 > 46:56]
L-BFGS:  44%|████▍     | 443/1000 [59:11 > 47:02]
L-BFGS:  44%|████▍     | 444/1000 [59:24 > 47:09]
L-BFGS:  44%|████▍     | 445/1000 [59:35 > 47:15]
L-BFGS:  45%|████▍     | 446/1000 [59:13 > 47:22]
L-BFGS:  45%|████▍     | 447/1000 [59:02 > 47:28]
L-BFGS:  45%|████▍     | 448/1000 [58:44 > 47:34]
L-BFGS:  45%|████▍     | 449/1000 [58:33 > 47:41]
L-BFGS:  45%|████▌     | 450/1000 [58:26 > 47:47]
L-BFGS:  45%|████▌     | 451/1000 [58:15 > 47:54]
L-BFGS:  45%|████▌     | 452/1000 [58:05 > 48:00]
L-BFGS:  45%|████▌     | 453/1000 [57:55 > 48:06]
L-BFGS:  45%|████▌     | 454/1000 [57:57 > 48:13]
L-BFGS:  46%|████▌     | 455/1000 [57:50 > 48:19]
L-BFGS:  46%|████▌     | 456/1000 [57:37 > 48:25]
L-BFGS:  46%|████▌     | 457/1000 [57:16 > 48:32]
L-BFGS:  46%|████▌     | 458/1000 [57:21 > 48:38]
L-BFGS:  46%|████▌     | 459/1000 [57:10 > 48:44]
L-BFGS:  46%|████▌     | 460/1000 [57:07 > 48:51]
L-BFGS:  46%|████▌     | 461/1000 [57:08 > 48:57]
L-BFGS:  46%|████▌     | 462/1000 [56:58 > 49:03]
L-BFGS:  46%|████▋     | 463/1000 [57:21 > 49:10]
L-BFGS:  46%|████▋     | 464/1000 [57:08 > 49:16]
L-BFGS:  46%|████▋     | 465/1000 [56:54 > 49:23]
L-BFGS:  47%|████▋     | 466/1000 [56:42 > 49:29]
L-BFGS:  47%|████▋     | 467/1000 [56:38 > 49:35]
L-BFGS:  47%|████▋     | 468/1000 [56:32 > 49:42]
L-BFGS:  47%|████▋     | 469/1000 [56:21 > 49:48]
L-BFGS:  47%|████▋     | 470/1000 [56:13 > 49:54]
L-BFGS:  47%|████▋     | 471/1000 [55:58 > 50:01]
L-BFGS:  47%|████▋     | 472/1000 [55:55 > 50:07]
L-BFGS:  47%|████▋     | 473/1000 [55:53 > 50:14]
L-BFGS:  47%|████▋     | 474/1000 [55:52 > 50:20]
L-BFGS:  48%|████▊     | 475/1000 [55:42 > 50:26]
L-BFGS:  48%|████▊     | 476/1000 [55:29 > 50:33]
L-BFGS:  48%|████▊     | 477/1000 [55:20 > 50:39]
L-BFGS:  48%|████▊     | 478/1000 [55:21 > 50:45]
L-BFGS:  48%|████▊     | 479/1000 [55:16 > 50:52]
L-BFGS:  48%|████▊     | 480/1000 [55:05 > 50:58]
L-BFGS:  48%|████▊     | 481/1000 [54:57 > 51:04]
L-BFGS:  48%|████▊     | 482/1000 [54:52 > 51:11]
L-BFGS:  48%|████▊     | 483/1000 [54:47 > 51:17]
L-BFGS:  48%|████▊     | 484/1000 [54:42 > 51:23]
L-BFGS:  48%|████▊     | 485/1000 [54:34 > 51:30]
L-BFGS:  49%|████▊     | 486/1000 [54:28 > 51:36]
L-BFGS:  49%|████▊     | 487/1000 [54:23 > 51:43]
L-BFGS:  49%|████▉     | 488/1000 [54:16 > 51:49]
L-BFGS:  49%|████▉     | 489/1000 [54:15 > 51:55]
L-BFGS:  49%|████▉     | 490/1000 [54:09 > 52:02]
L-BFGS:  49%|████▉     | 491/1000 [53:55 > 52:08]
L-BFGS:  49%|████▉     | 492/1000 [53:43 > 52:14]
L-BFGS:  49%|████▉     | 493/1000 [53:43 > 52:21]
L-BFGS:  49%|████▉     | 494/1000 [53:36 > 52:27]
L-BFGS:  50%|████▉     | 495/1000 [53:25 > 52:33]
L-BFGS:  50%|████▉     | 496/1000 [53:27 > 52:40]
L-BFGS:  50%|████▉     | 497/1000 [53:22 > 52:46]
L-BFGS:  50%|████▉     | 498/1000 [53:14 > 52:53]
L-BFGS:  50%|████▉     | 499/1000 [53:04 > 52:59]
L-BFGS:  50%|█████     | 500/1000 [52:49 > 53:05]
L-BFGS:  50%|█████     | 501/1000 [52:47 > 53:12]
L-BFGS:  50%|█████     | 502/1000 [52:50 > 53:18]
L-BFGS:  50%|█████     | 503/1000 [52:46 > 53:24]
L-BFGS:  50%|█████     | 504/1000 [52:34 > 53:31]
L-BFGS:  50%|█████     | 505/1000 [52:29 > 53:37]
L-BFGS:  51%|█████     | 506/1000 [52:15 > 53:43]
L-BFGS:  51%|█████     | 507/1000 [52:15 > 53:50]
L-BFGS:  51%|█████     | 508/1000 [52:04 > 53:56]
L-BFGS:  51%|█████     | 509/1000 [52:01 > 54:02]
L-BFGS:  51%|█████     | 510/1000 [51:44 > 54:09]
L-BFGS:  51%|█████     | 511/1000 [51:46 > 54:15]
L-BFGS:  51%|█████     | 512/1000 [51:37 > 54:21]
L-BFGS:  51%|█████▏    | 513/1000 [51:28 > 54:28]
L-BFGS:  51%|█████▏    | 514/1000 [51:27 > 54:34]
L-BFGS:  52%|█████▏    | 515/1000 [51:25 > 54:41]
L-BFGS:  52%|█████▏    | 516/1000 [51:18 > 54:47]
L-BFGS:  52%|█████▏    | 517/1000 [51:03 > 54:53]
L-BFGS:  52%|█████▏    | 518/1000 [50:56 > 55:00]
L-BFGS:  52%|█████▏    | 519/1000 [50:47 > 55:06]
L-BFGS:  52%|█████▏    | 520/1000 [50:42 > 55:12]
L-BFGS:  52%|█████▏    | 521/1000 [50:33 > 55:19]
L-BFGS:  52%|█████▏    | 522/1000 [50:23 > 55:25]
L-BFGS:  52%|█████▏    | 523/1000 [50:20 > 55:31]
L-BFGS:  52%|█████▏    | 524/1000 [50:13 > 55:38]
L-BFGS:  52%|█████▎    | 525/1000 [50:11 > 55:44]
L-BFGS:  53%|█████▎    | 526/1000 [50:22 > 55:50]
L-BFGS:  53%|█████▎    | 527/1000 [50:13 > 55:57]
L-BFGS:  53%|█████▎    | 528/1000 [50:08 > 56:03]
L-BFGS:  53%|█████▎    | 529/1000 [49:55 > 56:09]
L-BFGS:  53%|█████▎    | 530/1000 [49:54 > 56:16]
L-BFGS:  53%|█████▎    | 531/1000 [49:49 > 56:22]
L-BFGS:  53%|█████▎    | 532/1000 [49:39 > 56:29]
L-BFGS:  53%|█████▎    | 533/1000 [49:36 > 56:35]
L-BFGS:  53%|█████▎    | 534/1000 [49:22 > 56:41]
L-BFGS:  54%|█████▎    | 535/1000 [49:13 > 56:48]
L-BFGS:  54%|█████▎    | 536/1000 [49:12 > 56:54]
L-BFGS:  54%|█████▎    | 537/1000 [49:04 > 57:00]
L-BFGS:  54%|█████▍    | 538/1000 [48:57 > 57:07]
L-BFGS:  54%|█████▍    | 539/1000 [49:32 > 57:13]
L-BFGS:  54%|█████▍    | 540/1000 [49:15 > 57:20]
L-BFGS:  54%|█████▍    | 541/1000 [48:55 > 57:26]
L-BFGS:  54%|█████▍    | 542/1000 [48:47 > 57:32]
L-BFGS:  54%|█████▍    | 543/1000 [48:38 > 57:39]
L-BFGS:  54%|█████▍    | 544/1000 [48:30 > 57:45]
L-BFGS:  55%|█████▍    | 545/1000 [48:19 > 57:52]
L-BFGS:  55%|█████▍    | 546/1000 [48:12 > 57:58]
L-BFGS:  55%|█████▍    | 547/1000 [47:57 > 58:04]
L-BFGS:  55%|█████▍    | 548/1000 [48:31 > 58:11]
L-BFGS:  55%|█████▍    | 549/1000 [49:03 > 58:18]
L-BFGS:  55%|█████▌    | 550/1000 [49:36 > 58:24]
L-BFGS:  55%|█████▌    | 551/1000 [50:42 > 58:32]
L-BFGS:  55%|█████▌    | 552/1000 [50:27 > 58:38]
L-BFGS:  55%|█████▌    | 553/1000 [50:37 > 58:45]
L-BFGS:  55%|█████▌    | 554/1000 [51:18 > 58:52]
L-BFGS:  56%|█████▌    | 555/1000 [50:22 > 58:59]
L-BFGS:  56%|█████▌    | 556/1000 [49:18 > 59:05]
L-BFGS:  56%|█████▌    | 557/1000 [48:28 > 59:12]
L-BFGS:  56%|█████▌    | 558/1000 [47:58 > 59:18]
L-BFGS:  56%|█████▌    | 559/1000 [47:33 > 59:24]
L-BFGS:  56%|█████▌    | 560/1000 [47:12 > 59:31]
L-BFGS:  56%|█████▌    | 561/1000 [46:57 > 59:37]
L-BFGS:  56%|█████▌    | 562/1000 [46:48 > 59:43]
L-BFGS:  56%|█████▋    | 563/1000 [46:37 > 59:50]
L-BFGS:  56%|█████▋    | 564/1000 [46:22 > 59:56]
L-BFGS:  56%|█████▋    | 565/1000 [46:16 > 1:00:03]
L-BFGS:  57%|█████▋    | 566/1000 [46:05 > 1:00:09]
L-BFGS:  57%|█████▋    | 567/1000 [45:54 > 1:00:15]
L-BFGS:  57%|█████▋    | 568/1000 [45:43 > 1:00:22]
L-BFGS:  57%|█████▋    | 569/1000 [45:41 > 1:00:28]
L-BFGS:  57%|█████▋    | 570/1000 [45:36 > 1:00:34]
L-BFGS:  57%|█████▋    | 571/1000 [45:20 > 1:00:41]
L-BFGS:  57%|█████▋    | 572/1000 [45:18 > 1:00:47]
L-BFGS:  57%|█████▋    | 573/1000 [45:12 > 1:00:53]
L-BFGS:  57%|█████▋    | 574/1000 [45:02 > 1:01:00]
L-BFGS:  57%|█████▊    | 575/1000 [44:54 > 1:01:06]
L-BFGS:  58%|█████▊    | 576/1000 [44:47 > 1:01:12]
L-BFGS:  58%|█████▊    | 577/1000 [44:46 > 1:01:19]
L-BFGS:  58%|█████▊    | 578/1000 [44:40 > 1:01:25]
L-BFGS:  58%|█████▊    | 579/1000 [44:39 > 1:01:31]
L-BFGS:  58%|█████▊    | 580/1000 [44:31 > 1:01:38]
L-BFGS:  58%|█████▊    | 581/1000 [44:28 > 1:01:44]
L-BFGS:  58%|█████▊    | 582/1000 [44:12 > 1:01:50]
L-BFGS:  58%|█████▊    | 583/1000 [44:06 > 1:01:57]
L-BFGS:  58%|█████▊    | 584/1000 [43:57 > 1:02:03]
L-BFGS:  58%|█████▊    | 585/1000 [43:51 > 1:02:09]
L-BFGS:  59%|█████▊    | 586/1000 [43:44 > 1:02:16]
L-BFGS:  59%|█████▊    | 587/1000 [43:36 > 1:02:22]
L-BFGS:  59%|█████▉    | 588/1000 [43:28 > 1:02:28]
L-BFGS:  59%|█████▉    | 589/1000 [43:27 > 1:02:35]
L-BFGS:  59%|█████▉    | 590/1000 [43:30 > 1:02:41]
L-BFGS:  59%|█████▉    | 591/1000 [43:18 > 1:02:48]
L-BFGS:  59%|█████▉    | 592/1000 [43:11 > 1:02:54]
L-BFGS:  59%|█████▉    | 593/1000 [43:01 > 1:03:00]
L-BFGS:  59%|█████▉    | 594/1000 [42:57 > 1:03:07]
L-BFGS:  60%|█████▉    | 595/1000 [42:48 > 1:03:13]
L-BFGS:  60%|█████▉    | 596/1000 [42:43 > 1:03:19]
L-BFGS:  60%|█████▉    | 597/1000 [42:38 > 1:03:26]
L-BFGS:  60%|█████▉    | 598/1000 [42:37 > 1:03:32]
L-BFGS:  60%|█████▉    | 599/1000 [42:27 > 1:03:38]
L-BFGS:  60%|██████    | 600/1000 [42:19 > 1:03:45]
L-BFGS:  60%|██████    | 601/1000 [42:18 > 1:03:51]
L-BFGS:  60%|██████    | 602/1000 [42:10 > 1:03:57]
L-BFGS:  60%|██████    | 603/1000 [42:00 > 1:04:04]
L-BFGS:  60%|██████    | 604/1000 [41:50 > 1:04:10]
L-BFGS:  60%|██████    | 605/1000 [41:56 > 1:04:17]
L-BFGS:  61%|██████    | 606/1000 [41:52 > 1:04:23]
L-BFGS:  61%|██████    | 607/1000 [41:40 > 1:04:29]
L-BFGS:  61%|██████    | 608/1000 [41:33 > 1:04:36]
L-BFGS:  61%|██████    | 609/1000 [41:20 > 1:04:42]
L-BFGS:  61%|██████    | 610/1000 [41:22 > 1:04:48]
L-BFGS:  61%|██████    | 611/1000 [41:14 > 1:04:55]
L-BFGS:  61%|██████    | 612/1000 [41:01 > 1:05:01]
L-BFGS:  61%|██████▏   | 613/1000 [40:56 > 1:05:07]
L-BFGS:  61%|██████▏   | 614/1000 [40:49 > 1:05:14]
L-BFGS:  62%|██████▏   | 615/1000 [40:46 > 1:05:20]
L-BFGS:  62%|██████▏   | 616/1000 [40:44 > 1:05:26]
L-BFGS:  62%|██████▏   | 617/1000 [40:40 > 1:05:33]
L-BFGS:  62%|██████▏   | 618/1000 [40:29 > 1:05:39]
L-BFGS:  62%|██████▏   | 619/1000 [40:19 > 1:05:45]
L-BFGS:  62%|██████▏   | 620/1000 [40:15 > 1:05:52]
L-BFGS:  62%|██████▏   | 621/1000 [40:07 > 1:05:58]
L-BFGS:  62%|██████▏   | 622/1000 [40:04 > 1:06:05]
L-BFGS:  62%|██████▏   | 623/1000 [40:01 > 1:06:11]
L-BFGS:  62%|██████▏   | 624/1000 [39:55 > 1:06:17]
L-BFGS:  62%|██████▎   | 625/1000 [39:42 > 1:06:24]
L-BFGS:  63%|██████▎   | 626/1000 [39:37 > 1:06:30]
L-BFGS:  63%|██████▎   | 627/1000 [39:34 > 1:06:36]
L-BFGS:  63%|██████▎   | 628/1000 [39:30 > 1:06:43]
L-BFGS:  63%|██████▎   | 629/1000 [39:26 > 1:06:49]
L-BFGS:  63%|██████▎   | 630/1000 [39:19 > 1:06:56]
L-BFGS:  63%|██████▎   | 631/1000 [39:08 > 1:07:02]
L-BFGS:  63%|██████▎   | 632/1000 [39:23 > 1:07:08]
L-BFGS:  63%|██████▎   | 633/1000 [39:36 > 1:07:15]
L-BFGS:  63%|██████▎   | 634/1000 [39:22 > 1:07:21]
L-BFGS:  64%|██████▎   | 635/1000 [39:08 > 1:07:28]
L-BFGS:  64%|██████▎   | 636/1000 [38:49 > 1:07:34]
L-BFGS:  64%|██████▎   | 637/1000 [38:37 > 1:07:41]
L-BFGS:  64%|██████▍   | 638/1000 [38:31 > 1:07:47]
L-BFGS:  64%|██████▍   | 639/1000 [38:19 > 1:07:53]
L-BFGS:  64%|██████▍   | 640/1000 [38:13 > 1:08:00]
L-BFGS:  64%|██████▍   | 641/1000 [38:07 > 1:08:06]
L-BFGS:  64%|██████▍   | 642/1000 [38:02 > 1:08:12]
L-BFGS:  64%|██████▍   | 643/1000 [37:56 > 1:08:19]
L-BFGS:  64%|██████▍   | 644/1000 [37:44 > 1:08:25]
L-BFGS:  64%|██████▍   | 645/1000 [37:34 > 1:08:31]
L-BFGS:  65%|██████▍   | 646/1000 [37:35 > 1:08:38]
L-BFGS:  65%|██████▍   | 647/1000 [37:24 > 1:08:44]
L-BFGS:  65%|██████▍   | 648/1000 [37:21 > 1:08:51]
L-BFGS:  65%|██████▍   | 649/1000 [37:08 > 1:08:57]
L-BFGS:  65%|██████▌   | 650/1000 [37:08 > 1:09:03]
L-BFGS:  65%|██████▌   | 651/1000 [36:57 > 1:09:10]
L-BFGS:  65%|██████▌   | 652/1000 [36:48 > 1:09:16]
L-BFGS:  65%|██████▌   | 653/1000 [36:38 > 1:09:22]
L-BFGS:  65%|██████▌   | 654/1000 [36:35 > 1:09:29]
L-BFGS:  66%|██████▌   | 655/1000 [36:28 > 1:09:35]
L-BFGS:  66%|██████▌   | 656/1000 [36:24 > 1:09:41]
L-BFGS:  66%|██████▌   | 657/1000 [36:26 > 1:09:48]
L-BFGS:  66%|██████▌   | 658/1000 [36:43 > 1:09:54]
L-BFGS:  66%|██████▌   | 659/1000 [36:27 > 1:10:01]
L-BFGS:  66%|██████▌   | 660/1000 [36:14 > 1:10:07]
L-BFGS:  66%|██████▌   | 661/1000 [36:04 > 1:10:13]
L-BFGS:  66%|██████▌   | 662/1000 [35:58 > 1:10:20]
L-BFGS:  66%|██████▋   | 663/1000 [35:43 > 1:10:26]
L-BFGS:  66%|██████▋   | 664/1000 [35:41 > 1:10:32]
L-BFGS:  66%|██████▋   | 665/1000 [35:36 > 1:10:39]
L-BFGS:  67%|██████▋   | 666/1000 [35:24 > 1:10:45]
L-BFGS:  67%|██████▋   | 667/1000 [35:24 > 1:10:52]
L-BFGS:  67%|██████▋   | 668/1000 [35:12 > 1:10:58]
L-BFGS:  67%|██████▋   | 669/1000 [35:02 > 1:11:04]
L-BFGS:  67%|██████▋   | 670/1000 [34:54 > 1:11:11]
L-BFGS:  67%|██████▋   | 671/1000 [34:49 > 1:11:17]
L-BFGS:  67%|██████▋   | 672/1000 [34:42 > 1:11:23]
L-BFGS:  67%|██████▋   | 673/1000 [34:38 > 1:11:30]
L-BFGS:  67%|██████▋   | 674/1000 [34:31 > 1:11:36]
L-BFGS:  68%|██████▊   | 675/1000 [34:25 > 1:11:42]
L-BFGS:  68%|██████▊   | 676/1000 [34:19 > 1:11:49]
L-BFGS:  68%|██████▊   | 677/1000 [34:15 > 1:11:55]
L-BFGS:  68%|██████▊   | 678/1000 [34:09 > 1:12:01]
L-BFGS:  68%|██████▊   | 679/1000 [33:57 > 1:12:08]
L-BFGS:  68%|██████▊   | 680/1000 [33:55 > 1:12:14]
L-BFGS:  68%|██████▊   | 681/1000 [33:47 > 1:12:21]
L-BFGS:  68%|██████▊   | 682/1000 [33:35 > 1:12:27]
L-BFGS:  68%|██████▊   | 683/1000 [33:31 > 1:12:33]
L-BFGS:  68%|██████▊   | 684/1000 [33:28 > 1:12:40]
L-BFGS:  68%|██████▊   | 685/1000 [33:22 > 1:12:46]
L-BFGS:  69%|██████▊   | 686/1000 [33:15 > 1:12:52]
L-BFGS:  69%|██████▊   | 687/1000 [33:07 > 1:12:59]
L-BFGS:  69%|██████▉   | 688/1000 [33:02 > 1:13:05]
L-BFGS:  69%|██████▉   | 689/1000 [32:57 > 1:13:11]
L-BFGS:  69%|██████▉   | 690/1000 [32:50 > 1:13:18]
L-BFGS:  69%|██████▉   | 691/1000 [32:42 > 1:13:24]
L-BFGS:  69%|██████▉   | 692/1000 [32:39 > 1:13:30]
L-BFGS:  69%|██████▉   | 693/1000 [32:34 > 1:13:37]
L-BFGS:  69%|██████▉   | 694/1000 [32:27 > 1:13:43]
L-BFGS:  70%|██████▉   | 695/1000 [32:16 > 1:13:49]
L-BFGS:  70%|██████▉   | 696/1000 [32:11 > 1:13:56]
L-BFGS:  70%|██████▉   | 697/1000 [32:06 > 1:14:02]
L-BFGS:  70%|██████▉   | 698/1000 [32:02 > 1:14:09]
L-BFGS:  70%|██████▉   | 699/1000 [31:55 > 1:14:15]
L-BFGS:  70%|███████   | 700/1000 [31:47 > 1:14:21]
L-BFGS:  70%|███████   | 701/1000 [31:38 > 1:14:28]
L-BFGS:  70%|███████   | 702/1000 [31:34 > 1:14:34]
L-BFGS:  70%|███████   | 703/1000 [31:24 > 1:14:40]
L-BFGS:  70%|███████   | 704/1000 [31:17 > 1:14:47]
L-BFGS:  70%|███████   | 705/1000 [31:11 > 1:14:53]
L-BFGS:  71%|███████   | 706/1000 [31:08 > 1:14:59]
L-BFGS:  71%|███████   | 707/1000 [31:00 > 1:15:06]
L-BFGS:  71%|███████   | 708/1000 [30:56 > 1:15:12]
L-BFGS:  71%|███████   | 709/1000 [30:46 > 1:15:18]
L-BFGS:  71%|███████   | 710/1000 [30:38 > 1:15:25]
L-BFGS:  71%|███████   | 711/1000 [30:38 > 1:15:31]
L-BFGS:  71%|███████   | 712/1000 [30:27 > 1:15:37]
L-BFGS:  71%|███████▏  | 713/1000 [30:21 > 1:15:44]
L-BFGS:  71%|███████▏  | 714/1000 [30:17 > 1:15:50]
L-BFGS:  72%|███████▏  | 715/1000 [30:18 > 1:15:57]
L-BFGS:  72%|███████▏  | 716/1000 [30:14 > 1:16:03]
L-BFGS:  72%|███████▏  | 717/1000 [30:06 > 1:16:09]
L-BFGS:  72%|███████▏  | 718/1000 [29:57 > 1:16:16]
L-BFGS:  72%|███████▏  | 719/1000 [29:58 > 1:16:22]
L-BFGS:  72%|███████▏  | 720/1000 [29:50 > 1:16:29]
L-BFGS:  72%|███████▏  | 721/1000 [29:39 > 1:16:35]
L-BFGS:  72%|███████▏  | 722/1000 [29:32 > 1:16:41]
L-BFGS:  72%|███████▏  | 723/1000 [29:26 > 1:16:48]
L-BFGS:  72%|███████▏  | 724/1000 [29:20 > 1:16:54]
L-BFGS:  72%|███████▎  | 725/1000 [29:08 > 1:17:00]
L-BFGS:  73%|███████▎  | 726/1000 [28:58 > 1:17:07]
L-BFGS:  73%|███████▎  | 727/1000 [29:18 > 1:17:13]
L-BFGS:  73%|███████▎  | 728/1000 [29:03 > 1:17:20]
L-BFGS:  73%|███████▎  | 729/1000 [28:55 > 1:17:26]
L-BFGS:  73%|███████▎  | 730/1000 [28:47 > 1:17:32]
L-BFGS:  73%|███████▎  | 731/1000 [28:39 > 1:17:39]
L-BFGS:  73%|███████▎  | 732/1000 [28:26 > 1:17:45]
L-BFGS:  73%|███████▎  | 733/1000 [28:21 > 1:17:52]
L-BFGS:  73%|███████▎  | 734/1000 [28:13 > 1:17:58]
L-BFGS:  74%|███████▎  | 735/1000 [28:06 > 1:18:04]
L-BFGS:  74%|███████▎  | 736/1000 [27:59 > 1:18:11]
L-BFGS:  74%|███████▎  | 737/1000 [27:54 > 1:18:17]
L-BFGS:  74%|███████▍  | 738/1000 [27:43 > 1:18:23]
L-BFGS:  74%|███████▍  | 739/1000 [27:34 > 1:18:30]
L-BFGS:  74%|███████▍  | 740/1000 [27:32 > 1:18:36]
L-BFGS:  74%|███████▍  | 741/1000 [27:29 > 1:18:42]
L-BFGS:  74%|███████▍  | 742/1000 [27:23 > 1:18:49]
L-BFGS:  74%|███████▍  | 743/1000 [27:19 > 1:18:55]
L-BFGS:  74%|███████▍  | 744/1000 [27:07 > 1:19:01]
L-BFGS:  74%|███████▍  | 745/1000 [26:59 > 1:19:08]
L-BFGS:  75%|███████▍  | 746/1000 [26:55 > 1:19:14]
L-BFGS:  75%|███████▍  | 747/1000 [26:49 > 1:19:21]
L-BFGS:  75%|███████▍  | 748/1000 [26:37 > 1:19:27]
L-BFGS:  75%|███████▍  | 749/1000 [26:31 > 1:19:33]
L-BFGS:  75%|███████▌  | 750/1000 [26:24 > 1:19:40]
L-BFGS:  75%|███████▌  | 751/1000 [26:16 > 1:19:46]
L-BFGS:  75%|███████▌  | 752/1000 [26:14 > 1:19:52]
L-BFGS:  75%|███████▌  | 753/1000 [26:07 > 1:19:59]
L-BFGS:  75%|███████▌  | 754/1000 [26:01 > 1:20:05]
L-BFGS:  76%|███████▌  | 755/1000 [25:53 > 1:20:11]
L-BFGS:  76%|███████▌  | 756/1000 [25:48 > 1:20:18]
L-BFGS:  76%|███████▌  | 757/1000 [25:45 > 1:20:24]
L-BFGS:  76%|███████▌  | 758/1000 [25:35 > 1:20:30]
L-BFGS:  76%|███████▌  | 759/1000 [25:32 > 1:20:37]
L-BFGS:  76%|███████▌  | 760/1000 [25:20 > 1:20:43]
L-BFGS:  76%|███████▌  | 761/1000 [25:15 > 1:20:49]
L-BFGS:  76%|███████▌  | 762/1000 [25:12 > 1:20:56]
L-BFGS:  76%|███████▋  | 763/1000 [25:03 > 1:21:02]
L-BFGS:  76%|███████▋  | 764/1000 [24:59 > 1:21:08]
L-BFGS:  76%|███████▋  | 765/1000 [24:55 > 1:21:15]
L-BFGS:  77%|███████▋  | 766/1000 [24:47 > 1:21:21]
L-BFGS:  77%|███████▋  | 767/1000 [24:49 > 1:21:28]
L-BFGS:  77%|███████▋  | 768/1000 [24:39 > 1:21:34]
L-BFGS:  77%|███████▋  | 769/1000 [24:31 > 1:21:40]
L-BFGS:  77%|███████▋  | 770/1000 [24:23 > 1:21:47]
L-BFGS:  77%|███████▋  | 771/1000 [24:16 > 1:21:53]
L-BFGS:  77%|███████▋  | 772/1000 [24:10 > 1:21:59]
L-BFGS:  77%|███████▋  | 773/1000 [24:03 > 1:22:06]
L-BFGS:  77%|███████▋  | 774/1000 [23:55 > 1:22:12]
L-BFGS:  78%|███████▊  | 775/1000 [23:48 > 1:22:18]
L-BFGS:  78%|███████▊  | 776/1000 [23:44 > 1:22:25]
L-BFGS:  78%|███████▊  | 777/1000 [23:39 > 1:22:31]
L-BFGS:  78%|███████▊  | 778/1000 [23:32 > 1:22:38]
L-BFGS:  78%|███████▊  | 779/1000 [23:26 > 1:22:44]
L-BFGS:  78%|███████▊  | 780/1000 [23:21 > 1:22:50]
L-BFGS:  78%|███████▊  | 781/1000 [23:14 > 1:22:57]
L-BFGS:  78%|███████▊  | 782/1000 [23:04 > 1:23:03]
L-BFGS:  78%|███████▊  | 783/1000 [22:58 > 1:23:09]
L-BFGS:  78%|███████▊  | 784/1000 [22:52 > 1:23:16]
L-BFGS:  78%|███████▊  | 785/1000 [22:47 > 1:23:22]
L-BFGS:  79%|███████▊  | 786/1000 [22:40 > 1:23:28]
L-BFGS:  79%|███████▊  | 787/1000 [22:36 > 1:23:35]
L-BFGS:  79%|███████▉  | 788/1000 [22:30 > 1:23:41]
L-BFGS:  79%|███████▉  | 789/1000 [22:21 > 1:23:47]
L-BFGS:  79%|███████▉  | 790/1000 [22:16 > 1:23:54]
L-BFGS:  79%|███████▉  | 791/1000 [22:06 > 1:24:00]
L-BFGS:  79%|███████▉  | 792/1000 [22:00 > 1:24:07]
L-BFGS:  79%|███████▉  | 793/1000 [21:52 > 1:24:13]
L-BFGS:  79%|███████▉  | 794/1000 [21:49 > 1:24:19]
L-BFGS:  80%|███████▉  | 795/1000 [21:43 > 1:24:26]
L-BFGS:  80%|███████▉  | 796/1000 [21:39 > 1:24:32]
L-BFGS:  80%|███████▉  | 797/1000 [21:31 > 1:24:38]
L-BFGS:  80%|███████▉  | 798/1000 [21:26 > 1:24:45]
L-BFGS:  80%|███████▉  | 799/1000 [21:20 > 1:24:51]
L-BFGS:  80%|████████  | 800/1000 [21:14 > 1:24:57]
L-BFGS:  80%|████████  | 801/1000 [21:07 > 1:25:04]
L-BFGS:  80%|████████  | 802/1000 [21:01 > 1:25:10]
L-BFGS:  80%|████████  | 803/1000 [20:53 > 1:25:17]
L-BFGS:  80%|████████  | 804/1000 [20:44 > 1:25:23]
L-BFGS:  80%|████████  | 805/1000 [20:43 > 1:25:29]
L-BFGS:  81%|████████  | 806/1000 [21:14 > 1:25:36]
L-BFGS:  81%|████████  | 807/1000 [21:10 > 1:25:43]
L-BFGS:  81%|████████  | 808/1000 [20:53 > 1:25:49]
L-BFGS:  81%|████████  | 809/1000 [20:39 > 1:25:56]
L-BFGS:  81%|████████  | 810/1000 [20:24 > 1:26:02]
L-BFGS:  81%|████████  | 811/1000 [20:12 > 1:26:08]
L-BFGS:  81%|████████  | 812/1000 [20:01 > 1:26:15]
L-BFGS:  81%|████████▏ | 813/1000 [19:53 > 1:26:21]
L-BFGS:  81%|████████▏ | 814/1000 [19:44 > 1:26:27]
L-BFGS:  82%|████████▏ | 815/1000 [19:37 > 1:26:34]
L-BFGS:  82%|████████▏ | 816/1000 [19:30 > 1:26:40]
L-BFGS:  82%|████████▏ | 817/1000 [19:21 > 1:26:46]
L-BFGS:  82%|████████▏ | 818/1000 [19:15 > 1:26:53]
L-BFGS:  82%|████████▏ | 819/1000 [19:11 > 1:26:59]
L-BFGS:  82%|████████▏ | 820/1000 [19:06 > 1:27:06]
L-BFGS:  82%|████████▏ | 821/1000 [19:14 > 1:27:12]
L-BFGS:  82%|████████▏ | 822/1000 [19:03 > 1:27:19]
L-BFGS:  82%|████████▏ | 823/1000 [18:52 > 1:27:25]
L-BFGS:  82%|████████▏ | 824/1000 [18:43 > 1:27:31]
L-BFGS:  82%|████████▎ | 825/1000 [18:34 > 1:27:38]
L-BFGS:  83%|████████▎ | 826/1000 [18:25 > 1:27:44]
L-BFGS:  83%|████████▎ | 827/1000 [18:19 > 1:27:50]
L-BFGS:  83%|████████▎ | 828/1000 [18:14 > 1:27:57]
L-BFGS:  83%|████████▎ | 829/1000 [18:07 > 1:28:03]
L-BFGS:  83%|████████▎ | 830/1000 [18:00 > 1:28:09]
L-BFGS:  83%|████████▎ | 831/1000 [17:52 > 1:28:16]
L-BFGS:  83%|████████▎ | 832/1000 [17:48 > 1:28:22]
L-BFGS:  83%|████████▎ | 833/1000 [17:40 > 1:28:28]
L-BFGS:  83%|████████▎ | 834/1000 [17:32 > 1:28:35]
L-BFGS:  84%|████████▎ | 835/1000 [17:27 > 1:28:41]
L-BFGS:  84%|████████▎ | 836/1000 [17:19 > 1:28:47]
L-BFGS:  84%|████████▎ | 837/1000 [17:13 > 1:28:54]
L-BFGS:  84%|████████▍ | 838/1000 [17:07 > 1:29:00]
L-BFGS:  84%|████████▍ | 839/1000 [17:00 > 1:29:06]
L-BFGS:  84%|████████▍ | 840/1000 [16:56 > 1:29:13]
L-BFGS:  84%|████████▍ | 841/1000 [16:50 > 1:29:19]
L-BFGS:  84%|████████▍ | 842/1000 [16:43 > 1:29:26]
L-BFGS:  84%|████████▍ | 843/1000 [16:34 > 1:29:32]
L-BFGS:  84%|████████▍ | 844/1000 [16:28 > 1:29:38]
L-BFGS:  84%|████████▍ | 845/1000 [16:24 > 1:29:45]
L-BFGS:  85%|████████▍ | 846/1000 [16:17 > 1:29:51]
L-BFGS:  85%|████████▍ | 847/1000 [16:11 > 1:29:57]
L-BFGS:  85%|████████▍ | 848/1000 [16:06 > 1:30:04]
L-BFGS:  85%|████████▍ | 849/1000 [16:00 > 1:30:10]
L-BFGS:  85%|████████▌ | 850/1000 [15:54 > 1:30:16]
L-BFGS:  85%|████████▌ | 851/1000 [15:47 > 1:30:23]
L-BFGS:  85%|████████▌ | 852/1000 [15:40 > 1:30:29]
L-BFGS:  85%|████████▌ | 853/1000 [15:34 > 1:30:35]
L-BFGS:  85%|████████▌ | 854/1000 [15:27 > 1:30:42]
L-BFGS:  86%|████████▌ | 855/1000 [15:19 > 1:30:48]
L-BFGS:  86%|████████▌ | 856/1000 [15:14 > 1:30:54]
L-BFGS:  86%|████████▌ | 857/1000 [15:09 > 1:31:01]
L-BFGS:  86%|████████▌ | 858/1000 [15:01 > 1:31:07]
L-BFGS:  86%|████████▌ | 859/1000 [14:53 > 1:31:13]
L-BFGS:  86%|████████▌ | 860/1000 [14:47 > 1:31:20]
L-BFGS:  86%|████████▌ | 861/1000 [14:41 > 1:31:26]
L-BFGS:  86%|████████▌ | 862/1000 [14:37 > 1:31:33]
L-BFGS:  86%|████████▋ | 863/1000 [14:28 > 1:31:39]
L-BFGS:  86%|████████▋ | 864/1000 [14:27 > 1:31:45]
L-BFGS:  86%|████████▋ | 865/1000 [14:21 > 1:31:52]
L-BFGS:  87%|████████▋ | 866/1000 [14:13 > 1:31:58]
L-BFGS:  87%|████████▋ | 867/1000 [14:05 > 1:32:04]
L-BFGS:  87%|████████▋ | 868/1000 [14:00 > 1:32:11]
L-BFGS:  87%|████████▋ | 869/1000 [13:54 > 1:32:17]
L-BFGS:  87%|████████▋ | 870/1000 [13:47 > 1:32:24]
L-BFGS:  87%|████████▋ | 871/1000 [13:38 > 1:32:30]
L-BFGS:  87%|████████▋ | 872/1000 [13:32 > 1:32:36]
L-BFGS:  87%|████████▋ | 873/1000 [13:25 > 1:32:43]
L-BFGS:  87%|████████▋ | 874/1000 [13:19 > 1:32:49]
L-BFGS:  88%|████████▊ | 875/1000 [13:12 > 1:32:55]
L-BFGS:  88%|████████▊ | 876/1000 [13:07 > 1:33:02]
L-BFGS:  88%|████████▊ | 877/1000 [13:00 > 1:33:08]
L-BFGS:  88%|████████▊ | 878/1000 [12:54 > 1:33:14]
L-BFGS:  88%|████████▊ | 879/1000 [12:47 > 1:33:21]
L-BFGS:  88%|████████▊ | 880/1000 [12:41 > 1:33:27]
L-BFGS:  88%|████████▊ | 881/1000 [12:35 > 1:33:33]
L-BFGS:  88%|████████▊ | 882/1000 [12:28 > 1:33:40]
L-BFGS:  88%|████████▊ | 883/1000 [12:21 > 1:33:46]
L-BFGS:  88%|████████▊ | 884/1000 [12:15 > 1:33:52]
L-BFGS:  88%|████████▊ | 885/1000 [12:08 > 1:33:59]
L-BFGS:  89%|████████▊ | 886/1000 [12:01 > 1:34:05]
L-BFGS:  89%|████████▊ | 887/1000 [11:54 > 1:34:11]
L-BFGS:  89%|████████▉ | 888/1000 [11:48 > 1:34:18]
L-BFGS:  89%|████████▉ | 889/1000 [11:43 > 1:34:24]
L-BFGS:  89%|████████▉ | 890/1000 [11:35 > 1:34:30]
L-BFGS:  89%|████████▉ | 891/1000 [11:30 > 1:34:37]
L-BFGS:  89%|████████▉ | 892/1000 [11:24 > 1:34:43]
L-BFGS:  89%|████████▉ | 893/1000 [11:17 > 1:34:49]
L-BFGS:  89%|████████▉ | 894/1000 [11:12 > 1:34:56]
L-BFGS:  90%|████████▉ | 895/1000 [11:04 > 1:35:02]
L-BFGS:  90%|████████▉ | 896/1000 [10:59 > 1:35:08]
L-BFGS:  90%|████████▉ | 897/1000 [10:52 > 1:35:15]
L-BFGS:  90%|████████▉ | 898/1000 [10:45 > 1:35:21]
L-BFGS:  90%|████████▉ | 899/1000 [10:39 > 1:35:27]
L-BFGS:  90%|█████████ | 900/1000 [10:34 > 1:35:34]
L-BFGS:  90%|█████████ | 901/1000 [10:27 > 1:35:40]
L-BFGS:  90%|█████████ | 902/1000 [10:22 > 1:35:46]
L-BFGS:  90%|█████████ | 903/1000 [10:16 > 1:35:53]
L-BFGS:  90%|█████████ | 904/1000 [10:08 > 1:35:59]
L-BFGS:  90%|█████████ | 905/1000 [10:02 > 1:36:05]
L-BFGS:  91%|█████████ | 906/1000 [09:55 > 1:36:12]
L-BFGS:  91%|█████████ | 907/1000 [09:49 > 1:36:18]
L-BFGS:  91%|█████████ | 908/1000 [09:43 > 1:36:24]
L-BFGS:  91%|█████████ | 909/1000 [09:37 > 1:36:31]
L-BFGS:  91%|█████████ | 910/1000 [09:31 > 1:36:37]
L-BFGS:  91%|█████████ | 911/1000 [09:25 > 1:36:43]
L-BFGS:  91%|█████████ | 912/1000 [09:18 > 1:36:50]
L-BFGS:  91%|█████████▏| 913/1000 [09:12 > 1:36:56]
L-BFGS:  91%|█████████▏| 914/1000 [09:06 > 1:37:03]
L-BFGS:  92%|█████████▏| 915/1000 [09:06 > 1:37:09]
L-BFGS:  92%|█████████▏| 916/1000 [09:17 > 1:37:16]
L-BFGS:  92%|█████████▏| 917/1000 [09:24 > 1:37:23]
L-BFGS:  92%|█████████▏| 918/1000 [09:12 > 1:37:30]
L-BFGS:  92%|█████████▏| 919/1000 [08:56 > 1:37:36]
L-BFGS:  92%|█████████▏| 920/1000 [08:43 > 1:37:43]
L-BFGS:  92%|█████████▏| 921/1000 [08:32 > 1:37:49]
L-BFGS:  92%|█████████▏| 922/1000 [08:23 > 1:37:55]
L-BFGS:  92%|█████████▏| 923/1000 [08:13 > 1:38:02]
L-BFGS:  92%|█████████▏| 924/1000 [08:05 > 1:38:08]
L-BFGS:  92%|█████████▎| 925/1000 [07:58 > 1:38:14]
L-BFGS:  93%|█████████▎| 926/1000 [07:51 > 1:38:21]
L-BFGS:  93%|█████████▎| 927/1000 [07:44 > 1:38:27]
L-BFGS:  93%|█████████▎| 928/1000 [07:37 > 1:38:34]
L-BFGS:  93%|█████████▎| 929/1000 [07:34 > 1:38:40]
L-BFGS:  93%|█████████▎| 930/1000 [07:27 > 1:38:46]
L-BFGS:  93%|█████████▎| 931/1000 [07:19 > 1:38:53]
L-BFGS:  93%|█████████▎| 932/1000 [07:13 > 1:38:59]
L-BFGS:  93%|█████████▎| 933/1000 [07:05 > 1:39:05]
L-BFGS:  93%|█████████▎| 934/1000 [06:59 > 1:39:12]
L-BFGS:  94%|█████████▎| 935/1000 [06:53 > 1:39:18]
L-BFGS:  94%|█████████▎| 936/1000 [06:46 > 1:39:24]
L-BFGS:  94%|█████████▎| 937/1000 [06:39 > 1:39:31]
L-BFGS:  94%|█████████▍| 938/1000 [06:34 > 1:39:37]
L-BFGS:  94%|█████████▍| 939/1000 [06:28 > 1:39:44]
L-BFGS:  94%|█████████▍| 940/1000 [06:21 > 1:39:50]
L-BFGS:  94%|█████████▍| 941/1000 [06:15 > 1:39:56]
L-BFGS:  94%|█████████▍| 942/1000 [06:08 > 1:40:03]
L-BFGS:  94%|█████████▍| 943/1000 [06:01 > 1:40:09]
L-BFGS:  94%|█████████▍| 944/1000 [05:55 > 1:40:15]
L-BFGS:  94%|█████████▍| 945/1000 [05:49 > 1:40:22]
L-BFGS:  95%|█████████▍| 946/1000 [05:41 > 1:40:28]
L-BFGS:  95%|█████████▍| 947/1000 [05:35 > 1:40:34]
L-BFGS:  95%|█████████▍| 948/1000 [05:28 > 1:40:41]
L-BFGS:  95%|█████████▍| 949/1000 [05:23 > 1:40:47]
L-BFGS:  95%|█████████▌| 950/1000 [05:16 > 1:40:53]
L-BFGS:  95%|█████████▌| 951/1000 [05:10 > 1:41:00]
L-BFGS:  95%|█████████▌| 952/1000 [05:04 > 1:41:06]
L-BFGS:  95%|█████████▌| 953/1000 [04:58 > 1:41:12]
L-BFGS:  95%|█████████▌| 954/1000 [04:53 > 1:41:19]
L-BFGS:  96%|█████████▌| 955/1000 [04:46 > 1:41:25]
L-BFGS:  96%|█████████▌| 956/1000 [04:39 > 1:41:31]
L-BFGS:  96%|█████████▌| 957/1000 [04:32 > 1:41:38]
L-BFGS:  96%|█████████▌| 958/1000 [04:26 > 1:41:44]
L-BFGS:  96%|█████████▌| 959/1000 [04:19 > 1:41:50]
L-BFGS:  96%|█████████▌| 960/1000 [04:13 > 1:41:57]
L-BFGS:  96%|█████████▌| 961/1000 [04:07 > 1:42:03]
L-BFGS:  96%|█████████▌| 962/1000 [04:01 > 1:42:09]
L-BFGS:  96%|█████████▋| 963/1000 [03:54 > 1:42:16]
L-BFGS:  96%|█████████▋| 964/1000 [03:48 > 1:42:22]
L-BFGS:  96%|█████████▋| 965/1000 [03:42 > 1:42:29]
L-BFGS:  97%|█████████▋| 966/1000 [03:36 > 1:42:35]
L-BFGS:  97%|█████████▋| 967/1000 [03:29 > 1:42:41]
L-BFGS:  97%|█████████▋| 968/1000 [03:22 > 1:42:48]
L-BFGS:  97%|█████████▋| 969/1000 [03:16 > 1:42:54]
L-BFGS:  97%|█████████▋| 970/1000 [03:10 > 1:43:00]
L-BFGS:  97%|█████████▋| 971/1000 [03:04 > 1:43:07]
L-BFGS:  97%|█████████▋| 972/1000 [02:57 > 1:43:13]
L-BFGS:  97%|█████████▋| 973/1000 [02:51 > 1:43:19]
L-BFGS:  97%|█████████▋| 974/1000 [02:45 > 1:43:26]
L-BFGS:  98%|█████████▊| 975/1000 [02:39 > 1:43:32]
L-BFGS:  98%|█████████▊| 976/1000 [02:32 > 1:43:38]
L-BFGS:  98%|█████████▊| 977/1000 [02:26 > 1:43:45]
L-BFGS:  98%|█████████▊| 978/1000 [02:19 > 1:43:51]
L-BFGS:  98%|█████████▊| 979/1000 [02:13 > 1:43:57]
L-BFGS:  98%|█████████▊| 980/1000 [02:06 > 1:44:04]
L-BFGS:  98%|█████████▊| 981/1000 [02:00 > 1:44:10]
L-BFGS:  98%|█████████▊| 982/1000 [01:54 > 1:44:16]
L-BFGS:  98%|█████████▊| 983/1000 [01:47 > 1:44:23]
L-BFGS:  98%|█████████▊| 984/1000 [01:41 > 1:44:29]
L-BFGS:  98%|█████████▊| 985/1000 [01:35 > 1:44:36]
L-BFGS:  99%|█████████▊| 986/1000 [01:28 > 1:44:42]
L-BFGS:  99%|█████████▊| 987/1000 [01:22 > 1:44:48]
L-BFGS:  99%|█████████▉| 988/1000 [01:16 > 1:44:55]
L-BFGS:  99%|█████████▉| 989/1000 [01:09 > 1:45:01]
L-BFGS:  99%|█████████▉| 990/1000 [01:03 > 1:45:07]
L-BFGS:  99%|█████████▉| 991/1000 [00:57 > 1:45:14]
L-BFGS:  99%|█████████▉| 992/1000 [00:50 > 1:45:20]
L-BFGS:  99%|█████████▉| 993/1000 [00:44 > 1:45:26]
L-BFGS:  99%|█████████▉| 994/1000 [00:38 > 1:45:33]
L-BFGS: 100%|█████████▉| 995/1000 [00:31 > 1:45:39]
L-BFGS: 100%|█████████▉| 996/1000 [00:25 > 1:45:45]
L-BFGS: 100%|█████████▉| 997/1000 [00:19 > 1:45:52]
L-BFGS: 100%|█████████▉| 998/1000 [00:12 > 1:45:58]
L-BFGS: 100%|█████████▉| 999/1000 [00:06 > 1:46:04]
L-BFGS: 100%|██████████| 1000/1000 [00:00 > 1:46:11]
L-BFGS: 100%|██████████| 1000/1000 [00:00 > 1:46:11]
Training saved: C:\Ali Computation\pinn\code\heterogeneous\pino_heterogeneous\results\pino_heterogeneous_concentration.png C:\Ali Computation\pinn\code\heterogeneous\pino_heterogeneous\results\pino_heterogeneous_loss.png C:\Ali Computation\pinn\code\heterogeneous\pino_heterogeneous\results\pino_heterogeneous_model.pt
COMSOL validation: 81 media -> C:\Ali Computation\pinn\code\heterogeneous\pino_heterogeneous\results\comsol_validation  (x* collocation n=86)

COMSOL vs PINO:   0%|          | 0/81 [00:00<?, ?it/s]
COMSOL vs PINO:   1%|          | 1/81 [00:00<01:18,  1.02it/s]
COMSOL vs PINO:   2%|▏         | 2/81 [00:01<01:17,  1.02it/s]
COMSOL vs PINO:   4%|▎         | 3/81 [00:02<01:16,  1.02it/s]
COMSOL vs PINO:   5%|▍         | 4/81 [00:04<01:23,  1.08s/it]
COMSOL vs PINO:   6%|▌         | 5/81 [00:05<01:19,  1.05s/it]
COMSOL vs PINO:   7%|▋         | 6/81 [00:06<01:16,  1.02s/it]
COMSOL vs PINO:   9%|▊         | 7/81 [00:07<01:15,  1.02s/it]
COMSOL vs PINO:  10%|▉         | 8/81 [00:08<01:13,  1.01s/it]
COMSOL vs PINO:  11%|█         | 9/81 [00:09<01:12,  1.00s/it]
COMSOL vs PINO:  12%|█▏        | 10/81 [00:10<01:10,  1.01it/s]
COMSOL vs PINO:  14%|█▎        | 11/81 [00:11<01:08,  1.02it/s]
COMSOL vs PINO:  15%|█▍        | 12/81 [00:12<01:07,  1.02it/s]
COMSOL vs PINO:  16%|█▌        | 13/81 [00:12<01:06,  1.02it/s]
COMSOL vs PINO:  17%|█▋        | 14/81 [00:14<01:06,  1.01it/s]
COMSOL vs PINO:  19%|█▊        | 15/81 [00:15<01:06,  1.00s/it]
COMSOL vs PINO:  20%|█▉        | 16/81 [00:16<01:04,  1.00it/s]
COMSOL vs PINO:  21%|██        | 17/81 [00:17<01:03,  1.00it/s]
COMSOL vs PINO:  22%|██▏       | 18/81 [00:18<01:02,  1.00it/s]
COMSOL vs PINO:  23%|██▎       | 19/81 [00:19<01:08,  1.10s/it]
COMSOL vs PINO:  25%|██▍       | 20/81 [00:20<01:04,  1.06s/it]
COMSOL vs PINO:  26%|██▌       | 21/81 [00:21<01:02,  1.04s/it]
COMSOL vs PINO:  27%|██▋       | 22/81 [00:22<01:00,  1.02s/it]
COMSOL vs PINO:  28%|██▊       | 23/81 [00:23<00:58,  1.01s/it]
COMSOL vs PINO:  30%|██▉       | 24/81 [00:24<00:57,  1.00s/it]
COMSOL vs PINO:  31%|███       | 25/81 [00:25<00:55,  1.00it/s]
COMSOL vs PINO:  32%|███▏      | 26/81 [00:26<00:54,  1.00it/s]
COMSOL vs PINO:  33%|███▎      | 27/81 [00:27<00:53,  1.01it/s]
COMSOL vs PINO:  35%|███▍      | 28/81 [00:28<00:52,  1.01it/s]
COMSOL vs PINO:  36%|███▌      | 29/81 [00:29<00:51,  1.01it/s]
COMSOL vs PINO:  37%|███▋      | 30/81 [00:30<00:50,  1.01it/s]
COMSOL vs PINO:  38%|███▊      | 31/81 [00:31<00:49,  1.01it/s]
COMSOL vs PINO:  40%|███▉      | 32/81 [00:32<00:52,  1.08s/it]
COMSOL vs PINO:  41%|████      | 33/81 [00:33<00:50,  1.05s/it]
COMSOL vs PINO:  42%|████▏     | 34/81 [00:34<00:48,  1.04s/it]
COMSOL vs PINO:  43%|████▎     | 35/81 [00:35<00:46,  1.02s/it]
COMSOL vs PINO:  44%|████▍     | 36/81 [00:36<00:45,  1.01s/it]
COMSOL vs PINO:  46%|████▌     | 37/81 [00:37<00:44,  1.00s/it]
COMSOL vs PINO:  47%|████▋     | 38/81 [00:38<00:42,  1.01it/s]
COMSOL vs PINO:  48%|████▊     | 39/81 [00:39<00:41,  1.00it/s]
COMSOL vs PINO:  49%|████▉     | 40/81 [00:40<00:41,  1.00s/it]
COMSOL vs PINO:  51%|█████     | 41/81 [00:41<00:40,  1.01s/it]
COMSOL vs PINO:  52%|█████▏    | 42/81 [00:42<00:39,  1.00s/it]
COMSOL vs PINO:  53%|█████▎    | 43/81 [00:43<00:37,  1.01it/s]
COMSOL vs PINO:  54%|█████▍    | 44/81 [00:44<00:37,  1.00s/it]
COMSOL vs PINO:  56%|█████▌    | 45/81 [00:45<00:36,  1.01s/it]
COMSOL vs PINO:  57%|█████▋    | 46/81 [00:46<00:35,  1.01s/it]
COMSOL vs PINO:  58%|█████▊    | 47/81 [00:47<00:37,  1.10s/it]
COMSOL vs PINO:  59%|█████▉    | 48/81 [00:48<00:35,  1.06s/it]
COMSOL vs PINO:  60%|██████    | 49/81 [00:49<00:33,  1.04s/it]
COMSOL vs PINO:  62%|██████▏   | 50/81 [00:50<00:31,  1.03s/it]
COMSOL vs PINO:  63%|██████▎   | 51/81 [00:51<00:30,  1.01s/it]
COMSOL vs PINO:  64%|██████▍   | 52/81 [00:52<00:29,  1.02s/it]
COMSOL vs PINO:  65%|██████▌   | 53/81 [00:53<00:28,  1.01s/it]
COMSOL vs PINO:  67%|██████▋   | 54/81 [00:54<00:27,  1.00s/it]
COMSOL vs PINO:  68%|██████▊   | 55/81 [00:55<00:25,  1.00it/s]
COMSOL vs PINO:  69%|██████▉   | 56/81 [00:56<00:24,  1.00it/s]
COMSOL vs PINO:  70%|███████   | 57/81 [00:57<00:23,  1.01it/s]
COMSOL vs PINO:  72%|███████▏  | 58/81 [00:58<00:22,  1.01it/s]
COMSOL vs PINO:  73%|███████▎  | 59/81 [00:59<00:21,  1.01it/s]
COMSOL vs PINO:  74%|███████▍  | 60/81 [01:00<00:20,  1.02it/s]
COMSOL vs PINO:  75%|███████▌  | 61/81 [01:01<00:19,  1.01it/s]
COMSOL vs PINO:  77%|███████▋  | 62/81 [01:03<00:21,  1.11s/it]
COMSOL vs PINO:  78%|███████▊  | 63/81 [01:04<00:19,  1.09s/it]
COMSOL vs PINO:  79%|███████▉  | 64/81 [01:05<00:18,  1.07s/it]
COMSOL vs PINO:  80%|████████  | 65/81 [01:06<00:16,  1.05s/it]
COMSOL vs PINO:  81%|████████▏ | 66/81 [01:07<00:15,  1.05s/it]
COMSOL vs PINO:  83%|████████▎ | 67/81 [01:08<00:14,  1.03s/it]
COMSOL vs PINO:  84%|████████▍ | 68/81 [01:09<00:13,  1.02s/it]
COMSOL vs PINO:  85%|████████▌ | 69/81 [01:10<00:12,  1.01s/it]
COMSOL vs PINO:  86%|████████▋ | 70/81 [01:11<00:11,  1.00s/it]
COMSOL vs PINO:  88%|████████▊ | 71/81 [01:12<00:09,  1.01it/s]
COMSOL vs PINO:  89%|████████▉ | 72/81 [01:13<00:08,  1.00it/s]
COMSOL vs PINO:  90%|█████████ | 73/81 [01:14<00:07,  1.01it/s]
COMSOL vs PINO:  91%|█████████▏| 74/81 [01:15<00:07,  1.00s/it]
COMSOL vs PINO:  93%|█████████▎| 75/81 [01:16<00:06,  1.10s/it]
COMSOL vs PINO:  94%|█████████▍| 76/81 [01:17<00:05,  1.06s/it]
COMSOL vs PINO:  95%|█████████▌| 77/81 [01:18<00:04,  1.04s/it]
COMSOL vs PINO:  96%|█████████▋| 78/81 [01:19<00:03,  1.03s/it]
COMSOL vs PINO:  98%|█████████▊| 79/81 [01:20<00:02,  1.02s/it]
COMSOL vs PINO:  99%|█████████▉| 80/81 [01:21<00:01,  1.01s/it]
COMSOL vs PINO: 100%|██████████| 81/81 [01:22<00:00,  1.01s/it]
COMSOL vs PINO: 100%|██████████| 81/81 [01:22<00:00,  1.02s/it]
COMSOL validation summary: n=81  mean=1.369286e-01  max=2.376775e-01  min=8.076797e-02
Wrote C:\Ali Computation\pinn\code\heterogeneous\pino_heterogeneous\results\comsol_validation\comsol_validation_summary.csv

# exit 0 after 1:47:54.688196
