# code/heterogeneous/parametric_heterogeneous_pinn/pinn1d_heterogeneous_parametric_pinn.py --design maximin --n-train 500 --dtype float64 --early-stop-patience 150 --lr-lbfgs 0.1 --lbfgs-max-iter 20 --epochs 1000 --out-dir results/exp_J_maximin_N500_float64_lr01_maxiter20_pinn --skip-validation-plots
# started 2026-06-13 15:21:56
# cwd C:\Ali Computation\pinn\code\heterogeneous\parametric_heterogeneous_pinn

Using GPU: NVIDIA GeForce RTX 3090 (cuda:0, dtype=torch.float64)
PE (computed) = 0.010368
design=maximin  n_train_requested=500  n_corner_anchors=16  batch_mode=True
pinn_architecture=[6, 36, 36, 36, 36, 1]
results_dir=C:\Ali Computation\pinn\code\heterogeneous\parametric_heterogeneous_pinn\results\exp_J_maximin_N500_float64_lr01_maxiter20_pinn
Training: 500 maximin samples in [0.01, 0.05] m/d
  saved/loaded: C:\Ali Computation\pinn\code\heterogeneous\parametric_heterogeneous_pinn\results\exp_J_maximin_N500_float64_lr01_maxiter20_pinn\train_u_cases.csv
  branch CFL range [0.120085, 0.599848]
PDE mesh: bulk 50x50x500 + interface bands (36 x* / band, +/-0.025 around (0.2, 0.4, 0.6))
COMSOL validation: 81 fixed grid cases from comsol_4zones.txt -> C:\Ali Computation\pinn\code\heterogeneous\parametric_heterogeneous_pinn\results\exp_J_maximin_N500_float64_lr01_maxiter20_pinn
run_training=True  run_comsol_validation=True  validate_only=False  skip_validation_plots=True
L-BFGS early stopping: patience=150 (max steps=1000)
L-BFGS: lr=0.1  max_iter=20  outer_steps=1000
Trainable parameters: 4,285
PDE collocation points: 2,150,000 (bulk 1,250,000, interface 900,000)
Collocation mesh plot (pre-train): C:\Ali Computation\pinn\code\heterogeneous\parametric_heterogeneous_pinn\results\exp_J_maximin_N500_float64_lr01_maxiter20_pinn\parametric_heterogeneous_pinn_collocation_points.png
LBFGS (
Parameter Group 0
    history_size: 50
    line_search_fn: strong_wolfe
    lr: 0.1
    max_eval: 25
    max_iter: 20
    tolerance_change: 1e-09
    tolerance_grad: 1e-07
)
Early stopping: patience=150 L-BFGS steps (no total-loss improvement, rtol=1e-12)

L-BFGS:   0%|          | 0/1000 [? > 00:00]
L-BFGS:   0%|          | 1/1000 [50:07:23 > 03:00]
L-BFGS:   0%|          | 2/1000 [48:11:40 > 05:49]
L-BFGS:   0%|          | 3/1000 [47:46:13 > 08:40]
L-BFGS:   0%|          | 4/1000 [47:35:51 > 11:31]
L-BFGS:   0%|          | 5/1000 [47:11:36 > 14:20]
L-BFGS:   1%|          | 6/1000 [47:18:02 > 17:12]
L-BFGS:   1%|          | 7/1000 [47:07:48 > 20:02]
L-BFGS:   1%|          | 8/1000 [47:06:12 > 22:53]
L-BFGS:   1%|          | 9/1000 [47:42:01 > 25:52]
L-BFGS:   1%|          | 10/1000 [47:40:45 > 28:45]
L-BFGS:   1%|          | 11/1000 [47:20:35 > 31:35]
L-BFGS:   1%|          | 12/1000 [47:42:43 > 34:33]
L-BFGS:   1%|▏         | 13/1000 [47:17:25 > 37:22]
L-BFGS:   1%|▏         | 14/1000 [47:03:04 > 40:12]
L-BFGS:   2%|▏         | 15/1000 [47:21:51 > 43:08]
L-BFGS:   2%|▏         | 16/1000 [46:54:43 > 45:57]
L-BFGS:   2%|▏         | 17/1000 [47:20:02 > 48:54]
L-BFGS:   2%|▏         | 18/1000 [47:29:04 > 51:50]
L-BFGS:   2%|▏         | 19/1000 [47:39:16 > 54:46]
L-BFGS:   2%|▏         | 20/1000 [47:46:25 > 57:43]
L-BFGS:   2%|▏         | 21/1000 [47:08:02 > 1:00:32]
L-BFGS:   2%|▏         | 22/1000 [47:20:06 > 1:03:28]
L-BFGS:   2%|▏         | 23/1000 [47:40:40 > 1:06:27]
L-BFGS:   2%|▏         | 24/1000 [47:32:49 > 1:09:22]
L-BFGS:   2%|▎         | 25/1000 [47:33:12 > 1:12:18]
L-BFGS:   3%|▎         | 26/1000 [47:00:08 > 1:15:07]
L-BFGS:   3%|▎         | 27/1000 [46:36:53 > 1:17:57]
L-BFGS:   3%|▎         | 28/1000 [46:27:33 > 1:20:48]
L-BFGS:   3%|▎         | 29/1000 [46:43:29 > 1:23:44]
L-BFGS:   3%|▎         | 30/1000 [46:48:57 > 1:26:39]
L-BFGS:   3%|▎         | 31/1000 [46:30:27 > 1:29:29]
L-BFGS:   3%|▎         | 32/1000 [46:08:37 > 1:32:18]
L-BFGS:   3%|▎         | 33/1000 [46:31:49 > 1:35:15]
L-BFGS:   3%|▎         | 34/1000 [46:53:51 > 1:38:14]
L-BFGS:   4%|▎         | 35/1000 [46:45:10 > 1:41:07]
L-BFGS:   4%|▎         | 36/1000 [46:53:23 > 1:44:04]
L-BFGS:   4%|▎         | 37/1000 [47:05:40 > 1:47:02]
L-BFGS:   4%|▍         | 38/1000 [46:24:53 > 1:49:50]
L-BFGS:   4%|▍         | 39/1000 [46:35:57 > 1:52:47]
L-BFGS:   4%|▍         | 40/1000 [46:41:18 > 1:55:43]
L-BFGS:   4%|▍         | 41/1000 [46:40:19 > 1:58:39]
L-BFGS:   4%|▍         | 42/1000 [46:49:43 > 2:01:36]
L-BFGS:   4%|▍         | 43/1000 [46:15:14 > 2:04:26]
L-BFGS:   4%|▍         | 44/1000 [46:16:59 > 2:07:21]
L-BFGS:   4%|▍         | 45/1000 [45:56:40 > 2:10:11]
L-BFGS:   5%|▍         | 46/1000 [45:32:49 > 2:13:00]
L-BFGS:   5%|▍         | 47/1000 [45:17:39 > 2:15:50]
L-BFGS:   5%|▍         | 48/1000 [45:18:47 > 2:18:41]
L-BFGS:   5%|▍         | 49/1000 [45:00:40 > 2:21:30]
L-BFGS:   5%|▌         | 50/1000 [45:27:30 > 2:24:26]
L-BFGS:   5%|▌         | 51/1000 [45:43:58 > 2:27:23]
L-BFGS:   5%|▌         | 52/1000 [45:17:59 > 2:30:11]
L-BFGS:   5%|▌         | 53/1000 [45:43:42 > 2:33:09]
L-BFGS:   5%|▌         | 54/1000 [45:50:31 > 2:36:05]
L-BFGS:   6%|▌         | 55/1000 [45:50:09 > 2:39:00]
L-BFGS:   6%|▌         | 56/1000 [45:28:06 > 2:41:51]
L-BFGS:   6%|▌         | 57/1000 [45:03:38 > 2:44:39]
L-BFGS:   6%|▌         | 58/1000 [45:23:39 > 2:47:36]
L-BFGS:   6%|▌         | 59/1000 [45:10:30 > 2:50:28]
L-BFGS:   6%|▌         | 60/1000 [44:44:39 > 2:53:16]
L-BFGS:   6%|▌         | 61/1000 [45:03:29 > 2:56:12]
L-BFGS:   6%|▌         | 62/1000 [44:47:57 > 2:59:02]
L-BFGS:   6%|▋         | 63/1000 [44:29:40 > 3:01:50]
L-BFGS:   6%|▋         | 64/1000 [44:27:14 > 3:04:41]
L-BFGS:   6%|▋         | 65/1000 [44:12:19 > 3:07:30]
L-BFGS:   7%|▋         | 66/1000 [44:09:46 > 3:10:20]
L-BFGS:   7%|▋         | 67/1000 [44:12:34 > 3:13:11]
L-BFGS:   7%|▋         | 68/1000 [44:23:22 > 3:16:05]
L-BFGS:   7%|▋         | 69/1000 [44:44:59 > 3:19:02]
L-BFGS:   7%|▋         | 70/1000 [45:06:14 > 3:22:00]
L-BFGS:   7%|▋         | 71/1000 [45:04:53 > 3:24:55]
L-BFGS:   7%|▋         | 72/1000 [45:08:15 > 3:27:51]
L-BFGS:   7%|▋         | 73/1000 [45:09:35 > 3:30:47]
L-BFGS:   7%|▋         | 74/1000 [44:39:38 > 3:33:36]
L-BFGS:   8%|▊         | 75/1000 [44:55:56 > 3:36:34]
L-BFGS:   8%|▊         | 76/1000 [44:27:27 > 3:39:24]
L-BFGS:   8%|▊         | 77/1000 [44:04:46 > 3:42:12]
L-BFGS:   8%|▊         | 78/1000 [43:53:35 > 3:45:03]
L-BFGS:   8%|▊         | 79/1000 [43:36:29 > 3:47:51]
L-BFGS:   8%|▊         | 80/1000 [44:00:28 > 3:50:47]
L-BFGS:   8%|▊         | 81/1000 [44:28:57 > 3:53:46]
L-BFGS:   8%|▊         | 82/1000 [43:57:24 > 3:56:34]
L-BFGS:   8%|▊         | 83/1000 [44:10:59 > 3:59:30]
L-BFGS:   8%|▊         | 84/1000 [44:19:59 > 4:02:26]
L-BFGS:   8%|▊         | 85/1000 [44:30:21 > 4:05:23]
L-BFGS:   9%|▊         | 86/1000 [44:04:55 > 4:08:14]
L-BFGS:   9%|▊         | 87/1000 [44:13:36 > 4:11:10]
L-BFGS:   9%|▉         | 88/1000 [43:42:19 > 4:13:58]
L-BFGS:   9%|▉         | 89/1000 [44:01:25 > 4:16:55]
L-BFGS:   9%|▉         | 90/1000 [44:06:19 > 4:19:51]
L-BFGS:   9%|▉         | 91/1000 [43:44:25 > 4:22:41]
L-BFGS:   9%|▉         | 92/1000 [43:33:12 > 4:25:33]
L-BFGS:   9%|▉         | 93/1000 [43:07:04 > 4:28:20]
L-BFGS:   9%|▉         | 94/1000 [42:56:38 > 4:31:10]
L-BFGS:  10%|▉         | 95/1000 [42:51:14 > 4:34:00]
L-BFGS:  10%|▉         | 96/1000 [43:11:17 > 4:36:55]
L-BFGS:  10%|▉         | 97/1000 [43:34:36 > 4:39:53]
L-BFGS:  10%|▉         | 98/1000 [43:11:50 > 4:42:42]
L-BFGS:  10%|▉         | 99/1000 [43:20:45 > 4:45:37]
L-BFGS:  10%|█         | 100/1000 [43:36:28 > 4:48:35]
L-BFGS:  10%|█         | 101/1000 [43:07:45 > 4:51:23]
L-BFGS:  10%|█         | 102/1000 [43:25:37 > 4:54:21]
L-BFGS:  10%|█         | 103/1000 [43:10:31 > 4:57:12]
L-BFGS:  10%|█         | 104/1000 [42:41:44 > 5:00:00]
L-BFGS:  10%|█         | 105/1000 [42:58:59 > 5:02:56]
L-BFGS:  11%|█         | 106/1000 [43:15:31 > 5:05:53]
L-BFGS:  11%|█         | 107/1000 [43:19:58 > 5:08:49]
L-BFGS:  11%|█         | 108/1000 [42:58:32 > 5:11:39]
L-BFGS:  11%|█         | 109/1000 [43:07:56 > 5:14:35]
L-BFGS:  11%|█         | 110/1000 [42:33:49 > 5:17:23]
L-BFGS:  11%|█         | 111/1000 [42:59:23 > 5:20:21]
L-BFGS:  11%|█         | 112/1000 [43:03:00 > 5:23:17]
L-BFGS:  11%|█▏        | 113/1000 [43:08:35 > 5:26:13]
L-BFGS:  11%|█▏        | 114/1000 [43:16:32 > 5:29:11]
L-BFGS:  12%|█▏        | 115/1000 [42:42:55 > 5:32:00]
L-BFGS:  12%|█▏        | 116/1000 [42:54:45 > 5:34:57]
L-BFGS:  12%|█▏        | 117/1000 [42:36:42 > 5:37:48]
L-BFGS:  12%|█▏        | 118/1000 [42:37:34 > 5:40:43]
L-BFGS:  12%|█▏        | 119/1000 [42:14:23 > 5:43:32]
L-BFGS:  12%|█▏        | 120/1000 [42:00:23 > 5:46:22]
L-BFGS:  12%|█▏        | 121/1000 [41:43:18 > 5:49:11]
L-BFGS:  12%|█▏        | 122/1000 [42:12:12 > 5:52:09]
L-BFGS:  12%|█▏        | 123/1000 [42:22:00 > 5:55:05]
L-BFGS:  12%|█▏        | 124/1000 [41:57:20 > 5:57:54]
L-BFGS:  12%|█▎        | 125/1000 [41:44:21 > 6:00:44]
L-BFGS:  13%|█▎        | 126/1000 [41:57:46 > 6:03:39]
L-BFGS:  13%|█▎        | 127/1000 [41:39:30 > 6:06:29]
L-BFGS:  13%|█▎        | 128/1000 [41:37:14 > 6:09:21]
L-BFGS:  13%|█▎        | 129/1000 [41:48:32 > 6:12:16]
L-BFGS:  13%|█▎        | 130/1000 [41:59:31 > 6:15:12]
L-BFGS:  13%|█▎        | 131/1000 [41:40:20 > 6:18:02]
L-BFGS:  13%|█▎        | 132/1000 [41:19:58 > 6:20:50]
L-BFGS:  13%|█▎        | 133/1000 [41:15:35 > 6:23:41]
L-BFGS:  13%|█▎        | 134/1000 [41:00:10 > 6:26:30]
L-BFGS:  14%|█▎        | 135/1000 [40:56:30 > 6:29:20]
L-BFGS:  14%|█▎        | 136/1000 [41:24:59 > 6:32:18]
L-BFGS:  14%|█▎        | 137/1000 [41:28:24 > 6:35:12]
L-BFGS:  14%|█▍        | 138/1000 [41:39:46 > 6:38:08]
L-BFGS:  14%|█▍        | 139/1000 [41:28:14 > 6:41:00]
L-BFGS:  14%|█▍        | 140/1000 [41:32:32 > 6:43:55]
L-BFGS:  14%|█▍        | 141/1000 [41:11:33 > 6:46:45]
L-BFGS:  14%|█▍        | 142/1000 [40:58:13 > 6:49:35]
L-BFGS:  14%|█▍        | 143/1000 [40:35:33 > 6:52:22]
L-BFGS:  14%|█▍        | 144/1000 [40:35:43 > 6:55:13]
L-BFGS:  14%|█▍        | 145/1000 [40:54:24 > 6:58:09]
L-BFGS:  15%|█▍        | 146/1000 [40:43:13 > 7:01:00]
L-BFGS:  15%|█▍        | 147/1000 [41:05:57 > 7:03:57]
L-BFGS:  15%|█▍        | 148/1000 [40:37:02 > 7:06:45]
L-BFGS:  15%|█▍        | 149/1000 [40:26:52 > 7:09:34]
L-BFGS:  15%|█▌        | 150/1000 [40:50:38 > 7:12:32]
L-BFGS:  15%|█▌        | 151/1000 [41:00:07 > 7:15:28]
L-BFGS:  15%|█▌        | 152/1000 [40:43:14 > 7:18:18]
L-BFGS:  15%|█▌        | 153/1000 [40:54:20 > 7:21:14]
L-BFGS:  15%|█▌        | 154/1000 [40:55:34 > 7:24:09]
L-BFGS:  16%|█▌        | 155/1000 [40:39:21 > 7:27:00]
L-BFGS:  16%|█▌        | 156/1000 [40:46:16 > 7:29:56]
L-BFGS:  16%|█▌        | 157/1000 [40:25:17 > 7:32:45]
L-BFGS:  16%|█▌        | 158/1000 [40:40:43 > 7:35:42]
L-BFGS:  16%|█▌        | 159/1000 [40:43:41 > 7:38:38]
L-BFGS:  16%|█▌        | 160/1000 [40:19:37 > 7:41:27]
L-BFGS:  16%|█▌        | 161/1000 [40:42:51 > 7:44:26]
L-BFGS:  16%|█▌        | 162/1000 [40:39:28 > 7:47:21]
L-BFGS:  16%|█▋        | 163/1000 [40:14:39 > 7:50:10]
L-BFGS:  16%|█▋        | 164/1000 [39:58:49 > 7:53:00]
L-BFGS:  16%|█▋        | 165/1000 [39:41:16 > 7:55:49]
L-BFGS:  17%|█▋        | 166/1000 [39:38:06 > 7:58:40]
L-BFGS:  17%|█▋        | 167/1000 [39:24:10 > 8:01:28]
L-BFGS:  17%|█▋        | 168/1000 [39:48:16 > 8:04:25]
L-BFGS:  17%|█▋        | 169/1000 [40:04:57 > 8:07:22]
L-BFGS:  17%|█▋        | 170/1000 [39:40:05 > 8:10:10]
L-BFGS:  17%|█▋        | 171/1000 [39:29:01 > 8:13:00]
L-BFGS:  17%|█▋        | 172/1000 [39:54:18 > 8:15:59]
L-BFGS:  17%|█▋        | 173/1000 [39:29:17 > 8:18:47]
L-BFGS:  17%|█▋        | 174/1000 [39:20:38 > 8:21:37]
L-BFGS:  18%|█▊        | 175/1000 [39:08:04 > 8:24:26]
L-BFGS:  18%|█▊        | 176/1000 [38:54:41 > 8:27:15]
L-BFGS:  18%|█▊        | 177/1000 [38:54:07 > 8:30:05]
L-BFGS:  18%|█▊        | 178/1000 [38:46:07 > 8:32:54]
L-BFGS:  18%|█▊        | 179/1000 [39:12:41 > 8:35:51]
L-BFGS:  18%|█▊        | 180/1000 [39:36:09 > 8:38:49]
L-BFGS:  18%|█▊        | 181/1000 [39:07:04 > 8:41:37]
L-BFGS:  18%|█▊        | 182/1000 [39:20:48 > 8:44:33]
L-BFGS:  18%|█▊        | 183/1000 [39:02:52 > 8:47:22]
L-BFGS:  18%|█▊        | 184/1000 [39:21:02 > 8:50:19]
L-BFGS:  18%|█▊        | 185/1000 [39:32:52 > 8:53:17]
L-BFGS:  19%|█▊        | 186/1000 [39:07:19 > 8:56:06]
L-BFGS:  19%|█▊        | 187/1000 [38:44:46 > 8:58:54]
L-BFGS:  19%|█▉        | 188/1000 [38:37:51 > 9:01:45]
L-BFGS:  19%|█▉        | 189/1000 [38:52:24 > 9:04:40]
L-BFGS:  19%|█▉        | 190/1000 [39:08:47 > 9:07:37]
L-BFGS:  19%|█▉        | 191/1000 [39:20:38 > 9:10:35]
L-BFGS:  19%|█▉        | 192/1000 [39:13:41 > 9:13:29]
L-BFGS:  19%|█▉        | 193/1000 [38:51:50 > 9:16:19]
L-BFGS:  19%|█▉        | 194/1000 [38:37:04 > 9:19:10]
L-BFGS:  20%|█▉        | 195/1000 [38:47:59 > 9:22:06]
L-BFGS:  20%|█▉        | 196/1000 [38:57:39 > 9:25:02]
L-BFGS:  20%|█▉        | 197/1000 [38:37:41 > 9:27:52]
L-BFGS:  20%|█▉        | 198/1000 [38:11:16 > 9:30:40]
L-BFGS:  20%|█▉        | 199/1000 [38:37:00 > 9:33:38]
L-BFGS:  20%|██        | 200/1000 [38:13:14 > 9:36:27]
L-BFGS:  20%|██        | 201/1000 [38:29:20 > 9:39:23]
L-BFGS:  20%|██        | 202/1000 [38:17:22 > 9:42:15]
L-BFGS:  20%|██        | 203/1000 [37:53:01 > 9:45:02]
L-BFGS:  20%|██        | 204/1000 [37:45:22 > 9:47:52]
L-BFGS:  20%|██        | 205/1000 [38:08:27 > 9:50:49]
L-BFGS:  21%|██        | 206/1000 [37:52:11 > 9:53:38]
L-BFGS:  21%|██        | 207/1000 [38:11:17 > 9:56:36]
L-BFGS:  21%|██        | 208/1000 [37:51:27 > 9:59:25]
L-BFGS:  21%|██        | 209/1000 [37:57:24 > 10:02:19]
L-BFGS:  21%|██        | 210/1000 [38:17:25 > 10:05:18]
L-BFGS:  21%|██        | 211/1000 [38:19:01 > 10:08:13]
L-BFGS:  21%|██        | 212/1000 [37:55:30 > 10:11:03]
L-BFGS:  21%|██▏       | 213/1000 [38:07:20 > 10:14:00]
L-BFGS:  21%|██▏       | 214/1000 [37:40:37 > 10:16:48]
L-BFGS:  22%|██▏       | 215/1000 [37:52:44 > 10:19:45]
L-BFGS:  22%|██▏       | 216/1000 [37:43:19 > 10:22:37]
L-BFGS:  22%|██▏       | 217/1000 [37:47:31 > 10:25:32]
L-BFGS:  22%|██▏       | 218/1000 [37:28:56 > 10:28:21]
L-BFGS:  22%|██▏       | 219/1000 [37:16:20 > 10:31:11]
L-BFGS:  22%|██▏       | 220/1000 [36:56:04 > 10:33:59]
L-BFGS:  22%|██▏       | 221/1000 [37:24:47 > 10:36:57]
L-BFGS:  22%|██▏       | 222/1000 [37:32:25 > 10:39:53]
L-BFGS:  22%|██▏       | 223/1000 [37:40:22 > 10:42:49]
L-BFGS:  22%|██▏       | 224/1000 [37:20:19 > 10:45:40]
L-BFGS:  22%|██▎       | 225/1000 [36:58:22 > 10:48:28]
L-BFGS:  23%|██▎       | 226/1000 [36:49:03 > 10:51:18]
L-BFGS:  23%|██▎       | 227/1000 [36:43:44 > 10:54:09]
L-BFGS:  23%|██▎       | 228/1000 [36:34:22 > 10:56:58]
L-BFGS:  23%|██▎       | 229/1000 [36:29:55 > 10:59:48]
L-BFGS:  23%|██▎       | 230/1000 [36:23:15 > 11:02:37]
L-BFGS:  23%|██▎       | 231/1000 [36:15:53 > 11:05:26]
L-BFGS:  23%|██▎       | 232/1000 [36:39:28 > 11:08:23]
L-BFGS:  23%|██▎       | 233/1000 [36:24:51 > 11:11:12]
L-BFGS:  23%|██▎       | 234/1000 [36:15:38 > 11:14:01]
L-BFGS:  24%|██▎       | 235/1000 [36:18:37 > 11:16:53]
L-BFGS:  24%|██▎       | 236/1000 [36:31:20 > 11:19:48]
L-BFGS:  24%|██▎       | 237/1000 [36:19:26 > 11:22:38]
L-BFGS:  24%|██▍       | 238/1000 [36:35:21 > 11:25:34]
L-BFGS:  24%|██▍       | 239/1000 [36:42:42 > 11:28:30]
L-BFGS:  24%|██▍       | 240/1000 [36:30:29 > 11:31:21]
L-BFGS:  24%|██▍       | 241/1000 [36:10:42 > 11:34:09]
L-BFGS:  24%|██▍       | 242/1000 [36:26:17 > 11:37:06]
L-BFGS:  24%|██▍       | 243/1000 [36:12:04 > 11:39:56]
L-BFGS:  24%|██▍       | 244/1000 [35:54:35 > 11:42:44]
L-BFGS:  24%|██▍       | 245/1000 [35:48:05 > 11:45:34]
L-BFGS:  25%|██▍       | 246/1000 [35:44:15 > 11:48:25]
L-BFGS:  25%|██▍       | 247/1000 [35:36:29 > 11:51:14]
L-BFGS:  25%|██▍       | 248/1000 [35:59:51 > 11:54:11]
L-BFGS:  25%|██▍       | 249/1000 [36:11:12 > 11:57:07]
L-BFGS:  25%|██▌       | 250/1000 [35:44:55 > 11:59:54]
L-BFGS:  25%|██▌       | 251/1000 [35:40:32 > 12:02:46]
L-BFGS:  25%|██▌       | 252/1000 [35:53:37 > 12:05:41]
L-BFGS:  25%|██▌       | 253/1000 [36:05:32 > 12:08:38]
L-BFGS:  25%|██▌       | 254/1000 [36:13:38 > 12:11:35]
L-BFGS:  26%|██▌       | 255/1000 [36:12:33 > 12:14:30]
L-BFGS:  26%|██▌       | 256/1000 [35:48:26 > 12:17:20]
L-BFGS:  26%|██▌       | 257/1000 [35:41:00 > 12:20:12]
L-BFGS:  26%|██▌       | 258/1000 [35:20:42 > 12:23:00]
L-BFGS:  26%|██▌       | 259/1000 [35:14:39 > 12:25:50]
L-BFGS:  26%|██▌       | 260/1000 [35:04:07 > 12:28:40]
L-BFGS:  26%|██▌       | 261/1000 [35:15:05 > 12:31:34]
L-BFGS:  26%|██▌       | 262/1000 [35:10:20 > 12:34:25]
L-BFGS:  26%|██▋       | 263/1000 [35:22:49 > 12:37:21]
L-BFGS:  26%|██▋       | 264/1000 [35:10:32 > 12:40:11]
L-BFGS:  26%|██▋       | 265/1000 [35:28:13 > 12:43:09]
L-BFGS:  27%|██▋       | 266/1000 [35:02:13 > 12:45:56]
L-BFGS:  27%|██▋       | 267/1000 [35:17:12 > 12:48:53]
L-BFGS:  27%|██▋       | 268/1000 [35:32:39 > 12:51:51]
L-BFGS:  27%|██▋       | 269/1000 [35:30:37 > 12:54:46]
L-BFGS:  27%|██▋       | 270/1000 [35:31:58 > 12:57:42]
L-BFGS:  27%|██▋       | 271/1000 [35:10:11 > 13:00:32]
L-BFGS:  27%|██▋       | 272/1000 [34:49:03 > 13:03:21]
L-BFGS:  27%|██▋       | 273/1000 [34:41:59 > 13:06:12]
L-BFGS:  27%|██▋       | 274/1000 [34:26:33 > 13:09:00]
L-BFGS:  28%|██▊       | 275/1000 [34:45:12 > 13:11:57]
L-BFGS:  28%|██▊       | 276/1000 [34:37:14 > 13:14:48]
L-BFGS:  28%|██▊       | 277/1000 [34:41:23 > 13:17:42]
L-BFGS:  28%|██▊       | 278/1000 [34:51:41 > 13:20:39]
L-BFGS:  28%|██▊       | 279/1000 [34:42:21 > 13:23:31]
L-BFGS:  28%|██▊       | 280/1000 [34:20:54 > 13:26:19]
L-BFGS:  28%|██▊       | 281/1000 [34:35:16 > 13:29:15]
L-BFGS:  28%|██▊       | 282/1000 [34:21:17 > 13:32:06]
L-BFGS:  28%|██▊       | 283/1000 [34:27:34 > 13:35:00]
L-BFGS:  28%|██▊       | 284/1000 [34:17:14 > 13:37:51]
L-BFGS:  28%|██▊       | 285/1000 [34:00:03 > 13:40:40]
L-BFGS:  29%|██▊       | 286/1000 [34:16:49 > 13:43:36]
L-BFGS:  29%|██▊       | 287/1000 [34:07:59 > 13:46:28]
L-BFGS:  29%|██▉       | 288/1000 [33:47:23 > 13:49:15]
L-BFGS:  29%|██▉       | 289/1000 [33:41:35 > 13:52:05]
L-BFGS:  29%|██▉       | 290/1000 [33:34:46 > 13:54:54]
L-BFGS:  29%|██▉       | 291/1000 [33:29:22 > 13:57:44]
L-BFGS:  29%|██▉       | 292/1000 [33:53:45 > 14:00:42]
L-BFGS:  29%|██▉       | 293/1000 [33:40:17 > 14:03:31]
L-BFGS:  29%|██▉       | 294/1000 [33:28:44 > 14:06:20]
L-BFGS:  30%|██▉       | 295/1000 [33:23:43 > 14:09:10]
L-BFGS:  30%|██▉       | 296/1000 [33:37:50 > 14:12:06]
L-BFGS:  30%|██▉       | 297/1000 [33:25:41 > 14:14:55]
L-BFGS:  30%|██▉       | 298/1000 [33:25:46 > 14:17:47]
L-BFGS:  30%|██▉       | 299/1000 [33:11:25 > 14:20:35]
L-BFGS:  30%|███       | 300/1000 [33:09:04 > 14:23:26]
L-BFGS:  30%|███       | 301/1000 [33:26:04 > 14:26:22]
L-BFGS:  30%|███       | 302/1000 [33:32:10 > 14:29:17]
L-BFGS:  30%|███       | 303/1000 [33:22:37 > 14:32:08]
L-BFGS:  30%|███       | 304/1000 [33:31:12 > 14:35:03]
L-BFGS:  30%|███       | 305/1000 [33:15:14 > 14:37:53]
L-BFGS:  31%|███       | 306/1000 [33:28:38 > 14:40:50]
L-BFGS:  31%|███       | 307/1000 [33:31:55 > 14:43:45]
L-BFGS:  31%|███       | 308/1000 [33:38:34 > 14:46:42]
L-BFGS:  31%|███       | 309/1000 [33:23:03 > 14:49:34]
L-BFGS:  31%|███       | 310/1000 [33:22:27 > 14:52:28]
L-BFGS:  31%|███       | 311/1000 [33:03:09 > 14:55:18]
L-BFGS:  31%|███       | 312/1000 [33:11:44 > 14:58:14]
L-BFGS:  31%|███▏      | 313/1000 [33:21:05 > 15:01:11]
L-BFGS:  31%|███▏      | 314/1000 [33:26:21 > 15:04:08]
L-BFGS:  32%|███▏      | 315/1000 [33:25:44 > 15:07:04]
L-BFGS:  32%|███▏      | 316/1000 [32:54:02 > 15:09:51]
L-BFGS:  32%|███▏      | 317/1000 [33:09:31 > 15:12:50]
L-BFGS:  32%|███▏      | 318/1000 [32:44:50 > 15:15:38]
L-BFGS:  32%|███▏      | 319/1000 [32:33:14 > 15:18:29]
L-BFGS:  32%|███▏      | 320/1000 [32:28:18 > 15:21:20]
L-BFGS:  32%|███▏      | 321/1000 [32:31:17 > 15:24:14]
L-BFGS:  32%|███▏      | 322/1000 [32:43:03 > 15:27:11]
L-BFGS:  32%|███▏      | 323/1000 [32:29:16 > 15:30:01]
L-BFGS:  32%|███▏      | 324/1000 [32:37:10 > 15:32:57]
L-BFGS:  32%|███▎      | 325/1000 [32:44:10 > 15:35:54]
L-BFGS:  33%|███▎      | 326/1000 [32:26:16 > 15:38:44]
L-BFGS:  33%|███▎      | 327/1000 [32:28:25 > 15:41:39]
L-BFGS:  33%|███▎      | 328/1000 [32:16:27 > 15:44:30]
L-BFGS:  33%|███▎      | 329/1000 [31:58:25 > 15:47:18]
L-BFGS:  33%|███▎      | 330/1000 [31:51:30 > 15:50:08]
L-BFGS:  33%|███▎      | 331/1000 [31:49:26 > 15:53:00]
L-BFGS:  33%|███▎      | 332/1000 [31:54:25 > 15:55:53]
L-BFGS:  33%|███▎      | 333/1000 [31:44:55 > 15:58:43]
L-BFGS:  33%|███▎      | 334/1000 [32:01:58 > 16:01:41]
L-BFGS:  34%|███▎      | 335/1000 [32:08:17 > 16:04:36]
L-BFGS:  34%|███▎      | 336/1000 [32:14:02 > 16:07:33]
L-BFGS:  34%|███▎      | 337/1000 [31:56:01 > 16:10:23]
L-BFGS:  34%|███▍      | 338/1000 [31:32:57 > 16:13:11]
L-BFGS:  34%|███▍      | 339/1000 [31:28:51 > 16:16:02]
L-BFGS:  34%|███▍      | 340/1000 [31:16:52 > 16:18:50]
L-BFGS:  34%|███▍      | 341/1000 [31:13:04 > 16:21:41]
L-BFGS:  34%|███▍      | 342/1000 [31:12:45 > 16:24:32]
L-BFGS:  34%|███▍      | 343/1000 [31:27:47 > 16:27:28]
L-BFGS:  34%|███▍      | 344/1000 [31:12:30 > 16:30:17]
L-BFGS:  34%|███▍      | 345/1000 [31:02:45 > 16:33:06]
L-BFGS:  35%|███▍      | 346/1000 [31:13:02 > 16:36:01]
L-BFGS:  35%|███▍      | 347/1000 [31:26:54 > 16:38:58]
L-BFGS:  35%|███▍      | 348/1000 [31:30:20 > 16:41:53]
L-BFGS:  35%|███▍      | 349/1000 [31:05:53 > 16:44:40]
L-BFGS:  35%|███▌      | 350/1000 [31:17:36 > 16:47:37]
L-BFGS:  35%|███▌      | 351/1000 [30:57:08 > 16:50:25]
L-BFGS:  35%|███▌      | 352/1000 [30:47:21 > 16:53:14]
L-BFGS:  35%|███▌      | 353/1000 [30:42:37 > 16:56:05]
L-BFGS:  35%|███▌      | 354/1000 [30:27:48 > 16:58:52]
L-BFGS:  36%|███▌      | 355/1000 [30:22:17 > 17:01:41]
L-BFGS:  36%|███▌      | 356/1000 [30:38:44 > 17:04:36]
L-BFGS:  36%|███▌      | 357/1000 [30:46:36 > 17:07:31]
L-BFGS:  36%|███▌      | 358/1000 [30:37:25 > 17:10:21]
L-BFGS:  36%|███▌      | 359/1000 [30:45:22 > 17:13:16]
L-BFGS:  36%|███▌      | 360/1000 [30:27:51 > 17:16:05]
L-BFGS:  36%|███▌      | 361/1000 [30:18:02 > 17:18:54]
L-BFGS:  36%|███▌      | 362/1000 [30:27:22 > 17:21:48]
L-BFGS:  36%|███▋      | 363/1000 [30:38:19 > 17:24:44]
L-BFGS:  36%|███▋      | 364/1000 [30:27:00 > 17:27:35]
L-BFGS:  36%|███▋      | 365/1000 [30:07:36 > 17:30:22]
L-BFGS:  37%|███▋      | 366/1000 [29:58:40 > 17:33:11]
L-BFGS:  37%|███▋      | 367/1000 [29:53:04 > 17:36:00]
L-BFGS:  37%|███▋      | 368/1000 [29:39:35 > 17:38:47]
L-BFGS:  37%|███▋      | 369/1000 [30:04:13 > 17:41:45]
L-BFGS:  37%|███▋      | 370/1000 [30:11:16 > 17:44:39]
L-BFGS:  37%|███▋      | 371/1000 [30:18:06 > 17:47:35]
L-BFGS:  37%|███▋      | 372/1000 [30:22:33 > 17:50:31]
L-BFGS:  37%|███▋      | 373/1000 [30:00:32 > 17:53:19]
L-BFGS:  37%|███▋      | 374/1000 [30:09:52 > 17:56:15]
L-BFGS:  38%|███▊      | 375/1000 [29:57:43 > 17:59:05]
L-BFGS:  38%|███▊      | 376/1000 [29:37:57 > 18:01:53]
L-BFGS:  38%|███▊      | 377/1000 [29:48:24 > 18:04:48]
L-BFGS:  38%|███▊      | 378/1000 [29:54:35 > 18:07:43]
L-BFGS:  38%|███▊      | 379/1000 [30:01:48 > 18:10:39]
L-BFGS:  38%|███▊      | 380/1000 [29:44:14 > 18:13:29]
L-BFGS:  38%|███▊      | 381/1000 [29:28:33 > 18:16:17]
L-BFGS:  38%|███▊      | 382/1000 [29:34:04 > 18:19:11]
L-BFGS:  38%|███▊      | 383/1000 [29:44:19 > 18:22:08]
L-BFGS:  38%|███▊      | 384/1000 [29:45:42 > 18:25:03]
L-BFGS:  38%|███▊      | 385/1000 [29:48:45 > 18:27:59]
L-BFGS:  39%|███▊      | 386/1000 [29:50:46 > 18:30:55]
L-BFGS:  39%|███▊      | 387/1000 [29:25:04 > 18:33:42]
L-BFGS:  39%|███▉      | 388/1000 [29:30:23 > 18:36:38]
L-BFGS:  39%|███▉      | 389/1000 [29:20:06 > 18:39:29]
L-BFGS:  39%|███▉      | 390/1000 [29:21:17 > 18:42:23]
L-BFGS:  39%|███▉      | 391/1000 [29:05:10 > 18:45:12]
L-BFGS:  39%|███▉      | 392/1000 [28:54:22 > 18:48:01]
L-BFGS:  39%|███▉      | 393/1000 [28:37:13 > 18:50:48]
L-BFGS:  39%|███▉      | 394/1000 [28:36:11 > 18:53:38]
L-BFGS:  40%|███▉      | 395/1000 [28:27:06 > 18:56:26]
L-BFGS:  40%|███▉      | 396/1000 [28:46:00 > 18:59:22]
L-BFGS:  40%|███▉      | 397/1000 [28:40:33 > 19:02:13]
L-BFGS:  40%|███▉      | 398/1000 [28:42:26 > 19:05:06]
L-BFGS:  40%|███▉      | 399/1000 [28:31:44 > 19:07:55]
L-BFGS:  40%|████      | 400/1000 [28:21:59 > 19:10:43]
L-BFGS:  40%|████      | 401/1000 [28:14:43 > 19:13:32]
L-BFGS:  40%|████      | 402/1000 [28:13:47 > 19:16:23]
L-BFGS:  40%|████      | 403/1000 [28:04:03 > 19:19:10]
L-BFGS:  40%|████      | 404/1000 [28:20:06 > 19:22:06]
L-BFGS:  40%|████      | 405/1000 [28:30:58 > 19:25:02]
L-BFGS:  41%|████      | 406/1000 [28:14:32 > 19:27:49]
L-BFGS:  41%|████      | 407/1000 [28:26:54 > 19:30:46]
L-BFGS:  41%|████      | 408/1000 [28:17:41 > 19:33:36]
L-BFGS:  41%|████      | 409/1000 [28:00:26 > 19:36:24]
L-BFGS:  41%|████      | 410/1000 [27:52:20 > 19:39:12]
L-BFGS:  41%|████      | 411/1000 [27:47:17 > 19:42:02]
L-BFGS:  41%|████      | 412/1000 [27:34:25 > 19:44:48]
L-BFGS:  41%|████▏     | 413/1000 [27:35:53 > 19:47:38]
L-BFGS:  41%|████▏     | 414/1000 [27:49:36 > 19:50:33]
L-BFGS:  42%|████▏     | 415/1000 [28:01:09 > 19:53:29]
L-BFGS:  42%|████▏     | 416/1000 [28:08:49 > 19:56:25]
L-BFGS:  42%|████▏     | 417/1000 [27:48:17 > 19:59:13]
L-BFGS:  42%|████▏     | 418/1000 [27:56:27 > 20:02:08]
L-BFGS:  42%|████▏     | 419/1000 [27:48:38 > 20:04:59]
L-BFGS:  42%|████▏     | 420/1000 [27:31:14 > 20:07:47]
L-BFGS:  42%|████▏     | 421/1000 [27:42:40 > 20:10:42]
L-BFGS:  42%|████▏     | 422/1000 [27:31:10 > 20:13:32]
L-BFGS:  42%|████▏     | 423/1000 [27:14:00 > 20:16:18]
L-BFGS:  42%|████▏     | 424/1000 [27:12:30 > 20:19:08]
L-BFGS:  42%|████▎     | 425/1000 [27:23:50 > 20:22:03]
L-BFGS:  43%|████▎     | 426/1000 [27:14:58 > 20:24:53]
L-BFGS:  43%|████▎     | 427/1000 [27:29:00 > 20:27:50]
L-BFGS:  43%|████▎     | 428/1000 [27:08:48 > 20:30:36]
L-BFGS:  43%|████▎     | 429/1000 [27:20:15 > 20:33:32]
L-BFGS:  43%|████▎     | 430/1000 [27:31:42 > 20:36:30]
L-BFGS:  43%|████▎     | 431/1000 [27:10:08 > 20:39:17]
L-BFGS:  43%|████▎     | 432/1000 [27:18:06 > 20:42:13]
L-BFGS:  43%|████▎     | 433/1000 [27:22:12 > 20:45:08]
L-BFGS:  43%|████▎     | 434/1000 [27:21:49 > 20:48:03]
L-BFGS:  44%|████▎     | 435/1000 [27:27:11 > 20:51:00]
L-BFGS:  44%|████▎     | 436/1000 [27:06:07 > 20:53:48]
L-BFGS:  44%|████▎     | 437/1000 [27:06:21 > 20:56:42]
L-BFGS:  44%|████▍     | 438/1000 [26:53:29 > 20:59:32]
L-BFGS:  44%|████▍     | 439/1000 [26:57:07 > 21:02:27]
L-BFGS:  44%|████▍     | 440/1000 [26:44:40 > 21:05:16]
L-BFGS:  44%|████▍     | 441/1000 [26:37:54 > 21:08:07]
L-BFGS:  44%|████▍     | 442/1000 [26:22:54 > 21:10:54]
L-BFGS:  44%|████▍     | 443/1000 [26:33:51 > 21:13:49]
L-BFGS:  44%|████▍     | 444/1000 [26:24:05 > 21:16:38]
L-BFGS:  44%|████▍     | 445/1000 [26:12:31 > 21:19:26]
L-BFGS:  45%|████▍     | 446/1000 [26:29:48 > 21:22:23]
L-BFGS:  45%|████▍     | 447/1000 [26:35:05 > 21:25:18]
L-BFGS:  45%|████▍     | 448/1000 [26:35:01 > 21:28:13]
L-BFGS:  45%|████▍     | 449/1000 [26:40:38 > 21:31:09]
L-BFGS:  45%|████▌     | 450/1000 [26:20:13 > 21:33:57]
L-BFGS:  45%|████▌     | 451/1000 [26:28:23 > 21:36:53]
L-BFGS:  45%|████▌     | 452/1000 [26:34:05 > 21:39:50]
L-BFGS:  45%|████▌     | 453/1000 [26:09:34 > 21:42:37]
L-BFGS:  45%|████▌     | 454/1000 [25:58:25 > 21:45:26]
L-BFGS:  46%|████▌     | 455/1000 [26:09:41 > 21:48:22]
L-BFGS:  46%|████▌     | 456/1000 [25:54:54 > 21:51:11]
L-BFGS:  46%|████▌     | 457/1000 [26:05:11 > 21:54:07]
L-BFGS:  46%|████▌     | 458/1000 [26:08:40 > 21:57:02]
L-BFGS:  46%|████▌     | 459/1000 [25:46:28 > 21:59:49]
L-BFGS:  46%|████▌     | 460/1000 [25:40:27 > 22:02:39]
L-BFGS:  46%|████▌     | 461/1000 [25:47:38 > 22:05:34]
L-BFGS:  46%|████▌     | 462/1000 [25:54:31 > 22:08:30]
L-BFGS:  46%|████▋     | 463/1000 [25:58:49 > 22:11:26]
L-BFGS:  46%|████▋     | 464/1000 [25:56:52 > 22:14:21]
L-BFGS:  46%|████▋     | 465/1000 [25:38:31 > 22:17:09]
L-BFGS:  47%|████▋     | 466/1000 [25:31:47 > 22:20:00]
L-BFGS:  47%|████▋     | 467/1000 [25:34:24 > 22:22:54]
L-BFGS:  47%|████▋     | 468/1000 [25:37:50 > 22:25:49]
L-BFGS:  47%|████▋     | 469/1000 [25:39:31 > 22:28:45]
L-BFGS:  47%|████▋     | 470/1000 [25:22:46 > 22:31:33]
L-BFGS:  47%|████▋     | 471/1000 [25:14:38 > 22:34:24]
L-BFGS:  47%|████▋     | 472/1000 [25:00:46 > 22:37:11]
L-BFGS:  47%|████▋     | 473/1000 [25:11:11 > 22:40:07]
L-BFGS:  47%|████▋     | 474/1000 [25:00:59 > 22:42:56]
L-BFGS:  48%|████▊     | 475/1000 [25:06:46 > 22:45:51]
L-BFGS:  48%|████▊     | 476/1000 [24:54:13 > 22:48:39]
L-BFGS:  48%|████▊     | 477/1000 [24:51:30 > 22:51:30]
L-BFGS:  48%|████▊     | 478/1000 [24:40:18 > 22:54:18]
L-BFGS:  48%|████▊     | 479/1000 [24:36:44 > 22:57:08]
L-BFGS:  48%|████▊     | 480/1000 [24:29:27 > 22:59:56]
L-BFGS:  48%|████▊     | 481/1000 [24:36:40 > 23:02:50]
L-BFGS:  48%|████▊     | 482/1000 [24:32:48 > 23:05:40]
L-BFGS:  48%|████▊     | 483/1000 [24:22:51 > 23:08:28]
L-BFGS:  48%|████▊     | 484/1000 [24:19:28 > 23:11:18]
L-BFGS:  48%|████▊     | 485/1000 [24:36:46 > 23:14:15]
L-BFGS:  49%|████▊     | 486/1000 [24:35:42 > 23:17:08]
L-BFGS:  49%|████▊     | 487/1000 [24:24:49 > 23:19:57]
L-BFGS:  49%|████▉     | 488/1000 [24:15:02 > 23:22:46]
L-BFGS:  49%|████▉     | 489/1000 [24:07:44 > 23:25:34]
L-BFGS:  49%|████▉     | 490/1000 [24:05:47 > 23:28:25]
L-BFGS:  49%|████▉     | 491/1000 [23:56:53 > 23:31:12]
L-BFGS:  49%|████▉     | 492/1000 [24:09:46 > 23:34:08]
L-BFGS:  49%|████▉     | 493/1000 [24:18:18 > 23:37:04]
L-BFGS:  49%|████▉     | 494/1000 [24:20:34 > 23:39:58]
L-BFGS:  50%|████▉     | 495/1000 [24:08:29 > 23:42:48]
L-BFGS:  50%|████▉     | 496/1000 [24:01:30 > 23:45:38]
L-BFGS:  50%|████▉     | 497/1000 [24:03:57 > 23:48:32]
L-BFGS:  50%|████▉     | 498/1000 [24:08:20 > 23:51:27]
L-BFGS:  50%|████▉     | 499/1000 [23:54:17 > 23:54:16]
L-BFGS:  50%|█████     | 500/1000 [24:02:46 > 23:57:12]
L-BFGS:  50%|█████     | 501/1000 [24:07:47 > 24:00:08]
L-BFGS:  50%|█████     | 502/1000 [23:50:35 > 24:02:57]
L-BFGS:  50%|█████     | 503/1000 [23:50:20 > 24:05:50]
L-BFGS:  50%|█████     | 504/1000 [23:41:44 > 24:08:41]
L-BFGS:  50%|█████     | 505/1000 [23:28:47 > 24:11:29]
L-BFGS:  51%|█████     | 506/1000 [23:40:03 > 24:14:25]
L-BFGS:  51%|█████     | 507/1000 [23:47:43 > 24:17:22]
L-BFGS:  51%|█████     | 508/1000 [23:27:05 > 24:20:08]
L-BFGS:  51%|█████     | 509/1000 [23:34:39 > 24:23:04]
L-BFGS:  51%|█████     | 510/1000 [23:42:50 > 24:26:02]
L-BFGS:  51%|█████     | 511/1000 [23:23:00 > 24:28:49]
L-BFGS:  51%|█████     | 512/1000 [23:14:26 > 24:31:39]
L-BFGS:  51%|█████▏    | 513/1000 [23:04:01 > 24:34:27]
L-BFGS:  51%|█████▏    | 514/1000 [22:53:30 > 24:37:14]
L-BFGS:  52%|█████▏    | 515/1000 [23:07:20 > 24:40:11]
L-BFGS:  52%|█████▏    | 516/1000 [22:55:28 > 24:42:59]
L-BFGS:  52%|█████▏    | 517/1000 [23:07:01 > 24:45:55]
L-BFGS:  52%|█████▏    | 518/1000 [23:00:02 > 24:48:46]
L-BFGS:  52%|█████▏    | 519/1000 [22:44:53 > 24:51:32]
L-BFGS:  52%|█████▏    | 520/1000 [22:53:54 > 24:54:28]
L-BFGS:  52%|█████▏    | 521/1000 [23:02:22 > 24:57:24]
L-BFGS:  52%|█████▏    | 522/1000 [23:04:00 > 25:00:19]
L-BFGS:  52%|█████▏    | 523/1000 [23:06:01 > 25:03:15]
L-BFGS:  52%|█████▏    | 524/1000 [23:05:51 > 25:06:10]
L-BFGS:  52%|█████▎    | 525/1000 [22:46:37 > 25:08:58]
L-BFGS:  53%|█████▎    | 526/1000 [19:56:51 > 25:10:40]
L-BFGS:  53%|█████▎    | 527/1000 [20:32:57 > 25:13:28]
L-BFGS:  53%|█████▎    | 528/1000 [21:02:47 > 25:16:18]
L-BFGS:  53%|█████▎    | 529/1000 [21:16:48 > 25:19:06]
L-BFGS:  53%|█████▎    | 530/1000 [21:45:09 > 25:22:02]
L-BFGS:  53%|█████▎    | 531/1000 [21:51:14 > 25:24:52]
L-BFGS:  53%|█████▎    | 532/1000 [22:01:08 > 25:27:46]
L-BFGS:  53%|█████▎    | 533/1000 [22:12:47 > 25:30:41]
L-BFGS:  53%|█████▎    | 534/1000 [22:09:41 > 25:33:32]
L-BFGS:  54%|█████▎    | 535/1000 [21:57:45 > 25:36:20]
L-BFGS:  54%|█████▎    | 536/1000 [22:08:14 > 25:39:15]
L-BFGS:  54%|█████▎    | 537/1000 [22:13:57 > 25:42:11]
L-BFGS:  54%|█████▍    | 538/1000 [21:59:31 > 25:44:59]
L-BFGS:  54%|█████▍    | 539/1000 [22:10:09 > 25:47:56]
L-BFGS:  54%|█████▍    | 540/1000 [21:54:52 > 25:50:44]
L-BFGS:  54%|█████▍    | 541/1000 [22:01:14 > 25:53:39]
L-BFGS:  54%|█████▍    | 542/1000 [22:05:12 > 25:56:35]
L-BFGS:  54%|█████▍    | 543/1000 [21:49:28 > 25:59:23]
L-BFGS:  54%|█████▍    | 544/1000 [21:56:13 > 26:02:19]
L-BFGS:  55%|█████▍    | 545/1000 [22:03:20 > 26:05:17]
L-BFGS:  55%|█████▍    | 546/1000 [21:42:40 > 26:08:03]
L-BFGS:  55%|█████▍    | 547/1000 [21:46:36 > 26:10:58]
L-BFGS:  55%|█████▍    | 548/1000 [21:51:29 > 26:13:55]
L-BFGS:  55%|█████▍    | 549/1000 [21:35:59 > 26:16:43]
L-BFGS:  55%|█████▌    | 550/1000 [21:26:09 > 26:19:33]
L-BFGS:  55%|█████▌    | 551/1000 [21:16:33 > 26:22:21]
L-BFGS:  55%|█████▌    | 552/1000 [21:08:16 > 26:25:09]
L-BFGS:  55%|█████▌    | 553/1000 [21:04:05 > 26:27:59]
L-BFGS:  55%|█████▌    | 554/1000 [21:12:05 > 26:30:53]
L-BFGS:  56%|█████▌    | 555/1000 [21:20:21 > 26:33:49]
L-BFGS:  56%|█████▌    | 556/1000 [21:28:25 > 26:36:47]
L-BFGS:  56%|█████▌    | 557/1000 [21:09:02 > 26:39:33]
L-BFGS:  56%|█████▌    | 558/1000 [20:58:50 > 26:42:22]
L-BFGS:  56%|█████▌    | 559/1000 [21:05:34 > 26:45:17]
L-BFGS:  56%|█████▌    | 560/1000 [20:55:05 > 26:48:06]
L-BFGS:  56%|█████▌    | 561/1000 [21:04:58 > 26:51:03]
L-BFGS:  56%|█████▌    | 562/1000 [21:07:21 > 26:53:58]
L-BFGS:  56%|█████▋    | 563/1000 [21:04:01 > 26:56:52]
L-BFGS:  56%|█████▋    | 564/1000 [21:10:02 > 26:59:49]
L-BFGS:  56%|█████▋    | 565/1000 [21:07:01 > 27:02:44]
L-BFGS:  57%|█████▋    | 566/1000 [21:06:02 > 27:05:40]
L-BFGS:  57%|█████▋    | 567/1000 [21:04:33 > 27:08:35]
L-BFGS:  57%|█████▋    | 568/1000 [21:00:14 > 27:11:30]
L-BFGS:  57%|█████▋    | 569/1000 [20:45:30 > 27:14:19]
L-BFGS:  57%|█████▋    | 570/1000 [20:51:33 > 27:17:17]
L-BFGS:  57%|█████▋    | 571/1000 [20:31:38 > 27:20:04]
L-BFGS:  57%|█████▋    | 572/1000 [20:21:04 > 27:22:52]
L-BFGS:  57%|█████▋    | 573/1000 [20:26:44 > 27:25:48]
L-BFGS:  57%|█████▋    | 574/1000 [20:16:02 > 27:28:36]
L-BFGS:  57%|█████▊    | 575/1000 [20:25:22 > 27:31:33]
L-BFGS:  58%|█████▊    | 576/1000 [20:27:19 > 27:34:29]
L-BFGS:  58%|█████▊    | 577/1000 [20:11:00 > 27:37:16]
L-BFGS:  58%|█████▊    | 578/1000 [20:17:58 > 27:40:12]
L-BFGS:  58%|█████▊    | 579/1000 [20:04:11 > 27:43:00]
L-BFGS:  58%|█████▊    | 580/1000 [19:56:54 > 27:45:50]
L-BFGS:  58%|█████▊    | 581/1000 [19:53:04 > 27:48:40]
L-BFGS:  58%|█████▊    | 582/1000 [19:42:30 > 27:51:27]
L-BFGS:  58%|█████▊    | 583/1000 [19:37:57 > 27:54:16]
L-BFGS:  58%|█████▊    | 584/1000 [19:47:36 > 27:57:12]
L-BFGS:  58%|█████▊    | 585/1000 [19:37:33 > 28:00:00]
L-BFGS:  59%|█████▊    | 586/1000 [19:49:15 > 28:02:57]
L-BFGS:  59%|█████▊    | 587/1000 [19:52:05 > 28:05:52]
L-BFGS:  59%|█████▉    | 588/1000 [19:51:09 > 28:08:46]
L-BFGS:  59%|█████▉    | 589/1000 [19:54:28 > 28:11:43]
L-BFGS:  59%|█████▉    | 590/1000 [19:52:38 > 28:14:38]
L-BFGS:  59%|█████▉    | 591/1000 [19:52:28 > 28:17:33]
L-BFGS:  59%|█████▉    | 592/1000 [19:51:50 > 28:20:30]
L-BFGS:  59%|█████▉    | 593/1000 [19:47:25 > 28:23:24]
L-BFGS:  59%|█████▉    | 594/1000 [19:31:13 > 28:26:13]
L-BFGS:  60%|█████▉    | 595/1000 [16:10:21 > 28:27:28]
L-BFGS:  60%|█████▉    | 596/1000 [16:58:47 > 28:30:17]
L-BFGS:  60%|█████▉    | 597/1000 [17:32:35 > 28:33:06]
L-BFGS:  60%|█████▉    | 598/1000 [17:49:33 > 28:35:53]
L-BFGS:  60%|█████▉    | 599/1000 [18:08:18 > 28:38:43]
L-BFGS:  60%|██████    | 600/1000 [18:15:41 > 28:41:31]
L-BFGS:  60%|██████    | 601/1000 [18:37:12 > 28:44:27]
L-BFGS:  60%|██████    | 602/1000 [18:39:32 > 28:47:18]
L-BFGS:  60%|██████    | 603/1000 [18:44:38 > 28:50:11]
L-BFGS:  60%|██████    | 604/1000 [18:53:34 > 28:53:07]
L-BFGS:  60%|██████    | 605/1000 [18:46:34 > 28:55:56]
L-BFGS:  61%|██████    | 606/1000 [18:51:27 > 28:58:51]
L-BFGS:  61%|██████    | 607/1000 [18:55:18 > 29:01:47]
L-BFGS:  61%|██████    | 608/1000 [18:44:37 > 29:04:36]
L-BFGS:  61%|██████    | 609/1000 [18:30:39 > 29:07:23]
L-BFGS:  61%|██████    | 610/1000 [18:41:57 > 29:10:21]
L-BFGS:  61%|██████    | 611/1000 [18:29:25 > 29:13:08]
L-BFGS:  61%|██████    | 612/1000 [18:35:42 > 29:16:04]
L-BFGS:  61%|██████▏   | 613/1000 [18:28:40 > 29:18:54]
L-BFGS:  61%|██████▏   | 614/1000 [18:28:22 > 29:21:48]
L-BFGS:  62%|██████▏   | 615/1000 [18:31:49 > 29:24:43]
L-BFGS:  62%|██████▏   | 616/1000 [18:38:18 > 29:27:41]
L-BFGS:  62%|██████▏   | 617/1000 [18:33:32 > 29:30:35]
L-BFGS:  62%|██████▏   | 618/1000 [18:19:26 > 29:33:24]
L-BFGS:  62%|██████▏   | 619/1000 [18:09:57 > 29:36:13]
L-BFGS:  62%|██████▏   | 620/1000 [18:12:54 > 29:39:08]
L-BFGS:  62%|██████▏   | 621/1000 [18:18:20 > 29:42:05]
L-BFGS:  62%|██████▏   | 622/1000 [18:05:18 > 29:44:53]
L-BFGS:  62%|██████▏   | 623/1000 [17:54:46 > 29:47:41]
L-BFGS:  62%|██████▏   | 624/1000 [18:00:43 > 29:50:37]
L-BFGS:  62%|██████▎   | 625/1000 [17:49:31 > 29:53:25]
L-BFGS:  63%|██████▎   | 626/1000 [17:41:44 > 29:56:13]
L-BFGS:  63%|██████▎   | 627/1000 [15:05:12 > 29:57:41]
L-BFGS:  63%|██████▎   | 628/1000 [15:46:23 > 30:00:30]
L-BFGS:  63%|██████▎   | 629/1000 [16:28:03 > 30:03:27]
L-BFGS:  63%|██████▎   | 630/1000 [16:41:33 > 30:06:15]
L-BFGS:  63%|██████▎   | 631/1000 [16:51:29 > 30:09:05]
L-BFGS:  63%|██████▎   | 632/1000 [16:56:09 > 30:11:53]
L-BFGS:  63%|██████▎   | 633/1000 [17:08:57 > 30:14:47]
L-BFGS:  63%|██████▎   | 634/1000 [17:08:57 > 30:17:37]
L-BFGS:  64%|██████▎   | 635/1000 [17:04:52 > 30:20:25]
L-BFGS:  64%|██████▎   | 636/1000 [17:15:59 > 30:23:21]
L-BFGS:  64%|██████▎   | 637/1000 [17:12:45 > 30:26:12]
L-BFGS:  64%|██████▍   | 638/1000 [17:15:17 > 30:29:05]
L-BFGS:  64%|██████▍   | 639/1000 [17:07:04 > 30:31:54]
L-BFGS:  64%|██████▍   | 640/1000 [17:12:12 > 30:34:49]
L-BFGS:  64%|██████▍   | 641/1000 [17:03:23 > 30:37:38]
L-BFGS:  64%|██████▍   | 642/1000 [17:11:10 > 30:40:35]
L-BFGS:  64%|██████▍   | 643/1000 [17:00:37 > 30:43:23]
L-BFGS:  64%|██████▍   | 644/1000 [17:02:23 > 30:46:18]
L-BFGS:  64%|██████▍   | 645/1000 [16:54:55 > 30:49:07]
L-BFGS:  65%|██████▍   | 646/1000 [16:45:49 > 30:51:55]
L-BFGS:  65%|██████▍   | 647/1000 [16:52:58 > 30:54:51]
L-BFGS:  65%|██████▍   | 648/1000 [16:47:08 > 30:57:42]
L-BFGS:  65%|██████▍   | 649/1000 [16:47:48 > 31:00:36]
L-BFGS:  65%|██████▌   | 650/1000 [16:38:36 > 31:03:24]
L-BFGS:  65%|██████▌   | 651/1000 [16:32:15 > 31:06:14]
L-BFGS:  65%|██████▌   | 652/1000 [16:24:30 > 31:09:01]
L-BFGS:  65%|██████▌   | 653/1000 [16:34:39 > 31:11:59]
L-BFGS:  65%|██████▌   | 654/1000 [16:24:17 > 31:14:46]
L-BFGS:  66%|██████▌   | 655/1000 [16:29:49 > 31:17:42]
L-BFGS:  66%|██████▌   | 656/1000 [16:21:57 > 31:20:31]
L-BFGS:  66%|██████▌   | 657/1000 [16:12:38 > 31:23:18]
L-BFGS:  66%|██████▌   | 658/1000 [16:08:14 > 31:26:08]
L-BFGS:  66%|██████▌   | 659/1000 [16:05:05 > 31:28:57]
L-BFGS:  66%|██████▌   | 660/1000 [16:00:06 > 31:31:46]
L-BFGS:  66%|██████▌   | 661/1000 [15:57:04 > 31:34:35]
L-BFGS:  66%|██████▌   | 662/1000 [15:52:44 > 31:37:24]
L-BFGS:  66%|██████▋   | 663/1000 [15:48:19 > 31:40:12]
L-BFGS:  66%|██████▋   | 664/1000 [15:57:03 > 31:43:08]
L-BFGS:  66%|██████▋   | 665/1000 [16:00:24 > 31:46:02]
L-BFGS:  67%|██████▋   | 666/1000 [16:04:58 > 31:48:59]
L-BFGS:  67%|██████▋   | 667/1000 [15:57:27 > 31:51:49]
L-BFGS:  67%|██████▋   | 668/1000 [15:44:54 > 31:54:36]
L-BFGS:  67%|██████▋   | 669/1000 [15:38:24 > 31:57:24]
L-BFGS:  67%|██████▋   | 670/1000 [15:34:03 > 32:00:14]
L-BFGS:  67%|██████▋   | 671/1000 [15:39:14 > 32:03:08]
L-BFGS:  67%|██████▋   | 672/1000 [15:34:50 > 32:05:59]
L-BFGS:  67%|██████▋   | 673/1000 [15:38:37 > 32:08:54]
L-BFGS:  67%|██████▋   | 674/1000 [15:29:04 > 32:11:42]
L-BFGS:  68%|██████▊   | 675/1000 [15:33:58 > 32:14:38]
L-BFGS:  68%|██████▊   | 676/1000 [15:23:54 > 32:17:26]
L-BFGS:  68%|██████▊   | 677/1000 [15:16:52 > 32:20:14]
L-BFGS:  68%|██████▊   | 678/1000 [15:26:41 > 32:23:12]
L-BFGS:  68%|██████▊   | 679/1000 [15:25:34 > 32:26:06]
L-BFGS:  68%|██████▊   | 680/1000 [15:15:34 > 32:28:55]
L-BFGS:  68%|██████▊   | 681/1000 [15:08:48 > 32:31:44]
L-BFGS:  68%|██████▊   | 682/1000 [15:01:01 > 32:34:32]
L-BFGS:  68%|██████▊   | 683/1000 [15:09:35 > 32:37:29]
L-BFGS:  68%|██████▊   | 684/1000 [15:11:15 > 32:40:24]
L-BFGS:  68%|██████▊   | 685/1000 [15:00:40 > 32:43:12]
L-BFGS:  69%|██████▊   | 686/1000 [14:54:11 > 32:46:01]
L-BFGS:  69%|██████▊   | 687/1000 [14:56:56 > 32:48:56]
L-BFGS:  69%|██████▉   | 688/1000 [14:48:38 > 32:51:44]
L-BFGS:  69%|██████▉   | 689/1000 [14:57:09 > 32:54:42]
L-BFGS:  69%|██████▉   | 690/1000 [14:55:17 > 32:57:36]
L-BFGS:  69%|██████▉   | 691/1000 [14:45:11 > 33:00:25]
L-BFGS:  69%|██████▉   | 692/1000 [14:38:10 > 33:03:14]
L-BFGS:  69%|██████▉   | 693/1000 [14:30:21 > 33:06:02]
L-BFGS:  69%|██████▉   | 694/1000 [14:27:43 > 33:08:52]
L-BFGS:  70%|██████▉   | 695/1000 [14:31:51 > 33:11:47]
L-BFGS:  70%|██████▉   | 696/1000 [14:24:48 > 33:14:36]
L-BFGS:  70%|██████▉   | 697/1000 [14:21:27 > 33:17:26]
L-BFGS:  70%|██████▉   | 698/1000 [14:22:32 > 33:20:19]
L-BFGS:  70%|██████▉   | 699/1000 [14:16:32 > 33:23:08]
L-BFGS:  70%|███████   | 700/1000 [14:23:36 > 33:26:06]
L-BFGS:  70%|███████   | 701/1000 [14:22:48 > 33:29:00]
L-BFGS:  70%|███████   | 702/1000 [14:22:59 > 33:31:55]
L-BFGS:  70%|███████   | 703/1000 [14:22:09 > 33:34:50]
L-BFGS:  70%|███████   | 704/1000 [14:22:26 > 33:37:46]
L-BFGS:  70%|███████   | 705/1000 [14:11:28 > 33:40:36]
L-BFGS:  71%|███████   | 706/1000 [14:01:41 > 33:43:24]
L-BFGS:  71%|███████   | 707/1000 [13:53:29 > 33:46:12]
L-BFGS:  71%|███████   | 708/1000 [13:48:33 > 33:49:02]
L-BFGS:  71%|███████   | 709/1000 [13:51:51 > 33:51:56]
L-BFGS:  71%|███████   | 710/1000 [13:44:41 > 33:54:45]
L-BFGS:  71%|███████   | 711/1000 [13:42:35 > 33:57:36]
L-BFGS:  71%|███████   | 712/1000 [13:44:38 > 34:00:30]
L-BFGS:  71%|███████▏  | 713/1000 [13:37:42 > 34:03:19]
L-BFGS:  71%|███████▏  | 714/1000 [13:41:15 > 34:06:14]
L-BFGS:  72%|███████▏  | 715/1000 [13:41:50 > 34:09:09]
L-BFGS:  72%|███████▏  | 716/1000 [13:35:15 > 34:12:00]
L-BFGS:  72%|███████▏  | 717/1000 [13:36:26 > 34:14:55]
L-BFGS:  72%|███████▏  | 718/1000 [13:26:30 > 34:17:43]
L-BFGS:  72%|███████▏  | 719/1000 [13:20:22 > 34:20:32]
L-BFGS:  72%|███████▏  | 720/1000 [13:22:37 > 34:23:27]
L-BFGS:  72%|███████▏  | 721/1000 [13:14:53 > 34:26:15]
L-BFGS:  72%|███████▏  | 722/1000 [13:12:22 > 34:29:06]
L-BFGS:  72%|███████▏  | 723/1000 [13:04:25 > 34:31:54]
L-BFGS:  72%|███████▏  | 724/1000 [13:09:44 > 34:34:49]
L-BFGS:  72%|███████▎  | 725/1000 [13:03:37 > 34:37:39]
L-BFGS:  73%|███████▎  | 726/1000 [12:54:36 > 34:40:25]
L-BFGS:  73%|███████▎  | 727/1000 [12:52:48 > 34:43:16]
L-BFGS:  73%|███████▎  | 728/1000 [12:56:54 > 34:46:10]
L-BFGS:  73%|███████▎  | 729/1000 [12:51:22 > 34:49:00]
L-BFGS:  73%|███████▎  | 730/1000 [12:48:16 > 34:51:50]
L-BFGS:  73%|███████▎  | 731/1000 [12:40:06 > 34:54:37]
L-BFGS:  73%|███████▎  | 732/1000 [12:44:45 > 34:57:32]
L-BFGS:  73%|███████▎  | 733/1000 [12:48:56 > 35:00:29]
L-BFGS:  73%|███████▎  | 734/1000 [12:49:10 > 35:03:24]
L-BFGS:  74%|███████▎  | 735/1000 [12:41:19 > 35:06:14]
L-BFGS:  74%|███████▎  | 736/1000 [12:33:04 > 35:09:02]
L-BFGS:  74%|███████▎  | 737/1000 [12:25:09 > 35:11:49]
L-BFGS:  74%|███████▍  | 738/1000 [12:21:58 > 35:14:39]
L-BFGS:  74%|███████▍  | 739/1000 [12:16:39 > 35:17:27]
L-BFGS:  74%|███████▍  | 740/1000 [12:22:37 > 35:20:23]
L-BFGS:  74%|███████▍  | 741/1000 [12:18:39 > 35:23:14]
L-BFGS:  74%|███████▍  | 742/1000 [12:19:09 > 35:26:07]
L-BFGS:  74%|███████▍  | 743/1000 [12:20:27 > 35:29:03]
L-BFGS:  74%|███████▍  | 744/1000 [12:12:10 > 35:31:51]
L-BFGS:  74%|███████▍  | 745/1000 [12:05:37 > 35:34:40]
L-BFGS:  75%|███████▍  | 746/1000 [12:02:20 > 35:37:30]
L-BFGS:  75%|███████▍  | 747/1000 [12:05:09 > 35:40:25]
L-BFGS:  75%|███████▍  | 748/1000 [12:05:00 > 35:43:20]
L-BFGS:  75%|███████▍  | 749/1000 [11:58:30 > 35:46:09]
L-BFGS:  75%|███████▌  | 750/1000 [11:59:11 > 35:49:04]
L-BFGS:  75%|███████▌  | 751/1000 [11:52:29 > 35:51:53]
L-BFGS:  75%|███████▌  | 752/1000 [11:48:11 > 35:54:44]
L-BFGS:  75%|███████▌  | 753/1000 [11:40:10 > 35:57:31]
L-BFGS:  75%|███████▌  | 754/1000 [11:43:32 > 36:00:26]
L-BFGS:  76%|███████▌  | 755/1000 [11:37:44 > 36:03:15]
L-BFGS:  76%|███████▌  | 756/1000 [11:31:06 > 36:06:03]
L-BFGS:  76%|███████▌  | 757/1000 [11:28:33 > 36:08:53]
L-BFGS:  76%|███████▌  | 758/1000 [11:22:49 > 36:11:41]
L-BFGS:  76%|███████▌  | 759/1000 [11:27:54 > 36:14:37]
L-BFGS:  76%|███████▌  | 760/1000 [11:24:01 > 36:17:27]
L-BFGS:  76%|███████▌  | 761/1000 [11:23:48 > 36:20:20]
L-BFGS:  76%|███████▌  | 762/1000 [11:18:08 > 36:23:10]
L-BFGS:  76%|███████▋  | 763/1000 [11:13:45 > 36:25:59]
L-BFGS:  76%|███████▋  | 764/1000 [11:08:30 > 36:28:48]
L-BFGS:  76%|███████▋  | 765/1000 [11:13:11 > 36:31:44]
L-BFGS:  77%|███████▋  | 766/1000 [11:06:12 > 36:34:33]
L-BFGS:  77%|███████▋  | 767/1000 [10:59:16 > 36:37:20]
L-BFGS:  77%|███████▋  | 768/1000 [11:04:14 > 36:40:17]
L-BFGS:  77%|███████▋  | 769/1000 [10:18:57 > 36:42:32]
L-BFGS:  77%|███████▋  | 770/1000 [10:32:45 > 36:45:27]
L-BFGS:  77%|███████▋  | 771/1000 [10:34:43 > 36:48:16]
L-BFGS:  77%|███████▋  | 772/1000 [10:33:35 > 36:51:04]
L-BFGS:  77%|███████▋  | 773/1000 [9:33:15 > 36:53:00] 
L-BFGS:  77%|███████▋  | 774/1000 [9:57:18 > 36:55:55]
L-BFGS:  78%|███████▊  | 775/1000 [10:13:56 > 36:58:50]
L-BFGS:  78%|███████▊  | 776/1000 [10:24:22 > 37:01:46]
L-BFGS:  78%|███████▊  | 777/1000 [10:22:17 > 37:04:34]
L-BFGS:  78%|███████▊  | 778/1000 [10:22:29 > 37:07:24]
L-BFGS:  78%|███████▊  | 779/1000 [10:19:00 > 37:10:11]
L-BFGS:  78%|███████▊  | 780/1000 [10:17:47 > 37:13:01]
L-BFGS:  78%|███████▊  | 781/1000 [10:17:19 > 37:15:52]
L-BFGS:  78%|███████▊  | 782/1000 [10:11:49 > 37:18:38]
L-BFGS:  78%|███████▊  | 783/1000 [10:09:08 > 37:21:27]
L-BFGS:  78%|███████▊  | 784/1000 [10:07:13 > 37:24:16]
L-BFGS:  78%|███████▊  | 785/1000 [10:03:33 > 37:27:04]
L-BFGS:  79%|███████▊  | 786/1000 [10:02:35 > 37:29:54]
L-BFGS:  79%|███████▊  | 787/1000 [10:05:53 > 37:32:49]
L-BFGS:  79%|███████▉  | 788/1000 [10:08:16 > 37:35:44]
L-BFGS:  79%|███████▉  | 789/1000 [10:02:21 > 37:38:34]
L-BFGS:  79%|███████▉  | 790/1000 [10:02:46 > 37:41:28]
L-BFGS:  79%|███████▉  | 791/1000 [10:04:01 > 37:44:24]
L-BFGS:  79%|███████▉  | 792/1000 [10:05:22 > 37:47:22]
L-BFGS:  79%|███████▉  | 793/1000 [9:54:18 > 37:50:08] 
L-BFGS:  79%|███████▉  | 794/1000 [9:47:34 > 37:52:57]
L-BFGS:  80%|███████▉  | 795/1000 [9:42:45 > 37:55:46]
L-BFGS:  80%|███████▉  | 796/1000 [9:44:02 > 37:58:41]
L-BFGS:  80%|███████▉  | 797/1000 [9:39:44 > 38:01:31]
L-BFGS:  80%|███████▉  | 798/1000 [9:33:08 > 38:04:19]
L-BFGS:  80%|███████▉  | 799/1000 [9:28:49 > 38:07:08]
L-BFGS:  80%|████████  | 800/1000 [9:32:18 > 38:10:04]
L-BFGS:  80%|████████  | 801/1000 [9:25:14 > 38:12:51]
L-BFGS:  80%|████████  | 802/1000 [9:27:29 > 38:15:47]
L-BFGS:  80%|████████  | 803/1000 [9:30:42 > 38:18:45]
L-BFGS:  80%|████████  | 804/1000 [9:21:18 > 38:21:32]
L-BFGS:  80%|████████  | 805/1000 [9:15:33 > 38:24:21]
L-BFGS:  81%|████████  | 806/1000 [9:17:05 > 38:27:16]
L-BFGS:  81%|████████  | 807/1000 [9:09:51 > 38:30:04]
L-BFGS:  81%|████████  | 808/1000 [9:13:01 > 38:33:01]
L-BFGS:  81%|████████  | 809/1000 [9:05:12 > 38:35:49]
L-BFGS:  81%|████████  | 810/1000 [8:59:54 > 38:38:38]
L-BFGS:  81%|████████  | 811/1000 [8:51:06 > 38:41:22]
L-BFGS:  81%|████████  | 812/1000 [8:46:31 > 38:44:09]
L-BFGS:  81%|████████▏ | 813/1000 [8:50:19 > 38:47:04]
L-BFGS:  81%|████████▏ | 814/1000 [8:46:02 > 38:49:52]
L-BFGS:  82%|████████▏ | 815/1000 [8:42:18 > 38:52:41]
L-BFGS:  82%|████████▏ | 816/1000 [8:40:25 > 38:55:31]
L-BFGS:  82%|████████▏ | 817/1000 [8:42:29 > 38:58:26]
L-BFGS:  82%|████████▏ | 818/1000 [8:36:43 > 39:01:15]
L-BFGS:  82%|████████▏ | 819/1000 [8:32:56 > 39:04:04]
L-BFGS:  82%|████████▏ | 820/1000 [8:34:08 > 39:06:58]
L-BFGS:  82%|████████▏ | 821/1000 [8:35:29 > 39:09:54]
L-BFGS:  82%|████████▏ | 822/1000 [8:36:46 > 39:12:52]
L-BFGS:  82%|████████▏ | 823/1000 [8:32:39 > 39:15:45]
L-BFGS:  82%|████████▏ | 824/1000 [8:31:34 > 39:18:41]
L-BFGS:  82%|████████▎ | 825/1000 [8:24:31 > 39:21:30]
L-BFGS:  83%|████████▎ | 826/1000 [8:17:47 > 39:24:19]
L-BFGS:  83%|████████▎ | 827/1000 [8:12:57 > 39:27:08]
L-BFGS:  83%|████████▎ | 828/1000 [8:13:49 > 39:30:03]
L-BFGS:  83%|████████▎ | 829/1000 [8:11:57 > 39:32:57]
L-BFGS:  83%|████████▎ | 830/1000 [8:07:13 > 39:35:47]
L-BFGS:  83%|████████▎ | 831/1000 [8:06:51 > 39:38:42]
L-BFGS:  83%|████████▎ | 832/1000 [8:06:30 > 39:41:38]
L-BFGS:  83%|████████▎ | 833/1000 [8:05:33 > 39:44:34]
L-BFGS:  83%|████████▎ | 834/1000 [8:02:39 > 39:47:29]
L-BFGS:  84%|████████▎ | 835/1000 [8:01:12 > 39:50:25]
L-BFGS:  84%|████████▎ | 836/1000 [7:54:35 > 39:53:15]
L-BFGS:  84%|████████▎ | 837/1000 [7:46:28 > 39:56:03]
L-BFGS:  84%|████████▍ | 838/1000 [7:41:18 > 39:58:51]
L-BFGS:  84%|████████▍ | 839/1000 [7:37:12 > 40:01:41]
L-BFGS:  84%|████████▍ | 840/1000 [6:33:50 > 40:03:15]
L-BFGS:  84%|████████▍ | 841/1000 [6:47:45 > 40:06:04]
L-BFGS:  84%|████████▍ | 842/1000 [6:55:50 > 40:08:51]
L-BFGS:  84%|████████▍ | 843/1000 [7:02:32 > 40:11:41]
L-BFGS:  84%|████████▍ | 844/1000 [7:04:59 > 40:14:29]
L-BFGS:  84%|████████▍ | 845/1000 [7:06:11 > 40:17:18]
L-BFGS:  85%|████████▍ | 846/1000 [7:08:11 > 40:20:09]
L-BFGS:  85%|████████▍ | 847/1000 [7:11:00 > 40:23:03]
L-BFGS:  85%|████████▍ | 848/1000 [7:08:04 > 40:25:52]
L-BFGS:  85%|████████▍ | 849/1000 [7:10:11 > 40:28:47]
L-BFGS:  85%|████████▌ | 850/1000 [7:05:01 > 40:31:35]
L-BFGS:  85%|████████▌ | 851/1000 [7:02:20 > 40:34:25]
L-BFGS:  85%|████████▌ | 852/1000 [6:57:42 > 40:37:13]
L-BFGS:  85%|████████▌ | 853/1000 [6:59:40 > 40:40:09]
L-BFGS:  85%|████████▌ | 854/1000 [6:56:08 > 40:42:59]
L-BFGS:  86%|████████▌ | 855/1000 [6:50:06 > 40:45:46]
L-BFGS:  86%|████████▌ | 856/1000 [6:46:48 > 40:48:35]
L-BFGS:  86%|████████▌ | 857/1000 [6:43:19 > 40:51:23]
L-BFGS:  86%|████████▌ | 858/1000 [6:40:11 > 40:54:12]
L-BFGS:  86%|████████▌ | 859/1000 [6:38:15 > 40:57:02]
L-BFGS:  86%|████████▌ | 860/1000 [6:34:11 > 40:59:50]
L-BFGS:  86%|████████▌ | 861/1000 [6:35:59 > 41:02:46]
L-BFGS:  86%|████████▌ | 862/1000 [6:31:59 > 41:05:35]
L-BFGS:  86%|████████▋ | 863/1000 [6:31:55 > 41:08:30]
L-BFGS:  86%|████████▋ | 864/1000 [6:26:56 > 41:11:18]
L-BFGS:  86%|████████▋ | 865/1000 [6:24:24 > 41:14:09]
L-BFGS:  87%|████████▋ | 866/1000 [6:19:12 > 41:16:57]
L-BFGS:  87%|████████▋ | 867/1000 [6:20:16 > 41:19:52]
L-BFGS:  87%|████████▋ | 868/1000 [6:15:57 > 41:22:42]
L-BFGS:  87%|████████▋ | 869/1000 [6:15:09 > 41:25:36]
L-BFGS:  87%|████████▋ | 870/1000 [6:11:11 > 41:28:26]
L-BFGS:  87%|████████▋ | 871/1000 [6:05:56 > 41:31:13]
L-BFGS:  87%|████████▋ | 872/1000 [6:02:38 > 41:34:03]
L-BFGS:  87%|████████▋ | 873/1000 [6:00:13 > 41:36:53]
L-BFGS:  87%|████████▋ | 874/1000 [5:55:11 > 41:39:40]
L-BFGS:  88%|████████▊ | 875/1000 [5:56:05 > 41:42:35]
L-BFGS:  88%|████████▊ | 876/1000 [5:51:50 > 41:45:24]
L-BFGS:  88%|████████▊ | 877/1000 [5:48:03 > 41:48:13]
L-BFGS:  88%|████████▊ | 878/1000 [5:49:36 > 41:51:10]
L-BFGS:  88%|████████▊ | 879/1000 [5:48:48 > 41:54:05]
L-BFGS:  88%|████████▊ | 880/1000 [5:42:34 > 41:56:52]
L-BFGS:  88%|████████▊ | 881/1000 [5:38:50 > 41:59:42]
L-BFGS:  88%|████████▊ | 882/1000 [5:34:19 > 42:02:30]
L-BFGS:  88%|████████▊ | 883/1000 [5:30:35 > 42:05:19]
L-BFGS:  88%|████████▊ | 884/1000 [5:32:45 > 42:08:17]
L-BFGS:  88%|████████▊ | 885/1000 [5:27:04 > 42:11:04]
L-BFGS:  89%|████████▊ | 886/1000 [5:23:12 > 42:13:53]
L-BFGS:  89%|████████▊ | 887/1000 [5:19:54 > 42:16:42]
L-BFGS:  89%|████████▉ | 888/1000 [5:19:22 > 42:19:36]
L-BFGS:  89%|████████▉ | 889/1000 [5:16:00 > 42:22:26]
L-BFGS:  89%|████████▉ | 890/1000 [5:11:25 > 42:25:14]
L-BFGS:  89%|████████▉ | 891/1000 [5:11:49 > 42:28:10]
L-BFGS:  89%|████████▉ | 892/1000 [5:01:08 > 42:30:47]
L-BFGS:  89%|████████▉ | 893/1000 [5:01:49 > 42:33:41]
L-BFGS:  89%|████████▉ | 894/1000 [4:58:38 > 42:36:29]
L-BFGS:  90%|████████▉ | 895/1000 [4:55:54 > 42:39:18]
L-BFGS:  90%|████████▉ | 896/1000 [4:52:25 > 42:42:06]
L-BFGS:  90%|████████▉ | 897/1000 [4:50:20 > 42:44:56]
L-BFGS:  90%|████████▉ | 898/1000 [4:46:42 > 42:47:44]
L-BFGS:  90%|████████▉ | 899/1000 [4:47:34 > 42:50:40]
L-BFGS:  90%|█████████ | 900/1000 [4:47:21 > 42:53:36]
L-BFGS:  90%|█████████ | 901/1000 [4:42:00 > 42:56:23]
L-BFGS:  90%|█████████ | 902/1000 [4:38:22 > 42:59:13]
L-BFGS:  90%|█████████ | 903/1000 [3:55:40 > 43:00:41]
L-BFGS:  90%|█████████ | 904/1000 [4:04:12 > 43:03:29]
L-BFGS:  90%|█████████ | 905/1000 [4:09:32 > 43:06:19]
L-BFGS:  91%|█████████ | 906/1000 [4:11:41 > 43:09:06]
L-BFGS:  91%|█████████ | 907/1000 [4:16:43 > 43:12:04]
L-BFGS:  91%|█████████ | 908/1000 [4:18:20 > 43:14:59]
L-BFGS:  91%|█████████ | 909/1000 [4:15:21 > 43:17:47]
L-BFGS:  91%|█████████ | 910/1000 [4:15:51 > 43:20:43]
L-BFGS:  91%|█████████ | 911/1000 [3:26:42 > 43:21:49]
L-BFGS:  91%|█████████ | 912/1000 [3:41:27 > 43:24:47]
L-BFGS:  91%|█████████▏| 913/1000 [3:48:49 > 43:27:41]
L-BFGS:  91%|█████████▏| 914/1000 [3:50:51 > 43:30:30]
L-BFGS:  92%|█████████▏| 915/1000 [3:51:36 > 43:33:19]
L-BFGS:  92%|█████████▏| 916/1000 [3:53:34 > 43:36:13]
L-BFGS:  92%|█████████▏| 917/1000 [3:52:14 > 43:39:04]
L-BFGS:  92%|█████████▏| 918/1000 [3:49:20 > 43:41:51]
L-BFGS:  92%|█████████▏| 919/1000 [3:49:42 > 43:44:47]
L-BFGS:  92%|█████████▏| 920/1000 [3:49:06 > 43:47:43]
L-BFGS:  92%|█████████▏| 921/1000 [3:44:45 > 43:50:31]
L-BFGS:  92%|█████████▏| 922/1000 [3:41:02 > 43:53:19]
L-BFGS:  92%|█████████▏| 923/1000 [3:38:38 > 43:56:11]
L-BFGS:  92%|█████████▏| 924/1000 [3:34:39 > 43:58:58]
L-BFGS:  92%|█████████▎| 925/1000 [3:31:55 > 44:01:48]
L-BFGS:  93%|█████████▎| 926/1000 [3:31:14 > 44:04:43]
L-BFGS:  93%|█████████▎| 927/1000 [3:26:38 > 44:07:29]
L-BFGS:  93%|█████████▎| 928/1000 [3:23:59 > 44:10:20]
L-BFGS:  93%|█████████▎| 929/1000 [3:22:53 > 44:13:15]
L-BFGS:  93%|█████████▎| 930/1000 [3:19:20 > 44:16:04]
L-BFGS:  93%|█████████▎| 931/1000 [3:18:31 > 44:19:01]
L-BFGS:  93%|█████████▎| 932/1000 [3:15:50 > 44:21:54]
L-BFGS:  93%|█████████▎| 933/1000 [3:11:46 > 44:24:43]
L-BFGS:  93%|█████████▎| 934/1000 [3:08:14 > 44:27:33]
L-BFGS:  94%|█████████▎| 935/1000 [3:04:30 > 44:30:21]
L-BFGS:  94%|█████████▎| 936/1000 [3:03:36 > 44:33:18]
L-BFGS:  94%|█████████▎| 937/1000 [3:01:44 > 44:36:13]
L-BFGS:  94%|█████████▍| 938/1000 [2:56:47 > 44:39:00]
L-BFGS:  94%|█████████▍| 939/1000 [2:53:44 > 44:41:50]
L-BFGS:  94%|█████████▍| 940/1000 [2:49:59 > 44:44:38]
L-BFGS:  94%|█████████▍| 941/1000 [2:29:18 > 44:46:27]
L-BFGS:  94%|█████████▍| 942/1000 [2:31:21 > 44:49:15]
L-BFGS:  94%|█████████▍| 943/1000 [2:32:25 > 44:52:04]
L-BFGS:  94%|█████████▍| 944/1000 [2:34:18 > 44:55:01]
L-BFGS:  94%|█████████▍| 945/1000 [2:31:53 > 44:57:48]
L-BFGS:  95%|█████████▍| 946/1000 [1:59:23 > 44:58:43]
L-BFGS:  95%|█████████▍| 947/1000 [2:08:08 > 45:01:37]
L-BFGS:  95%|█████████▍| 948/1000 [2:12:15 > 45:04:28]
L-BFGS:  95%|█████████▍| 949/1000 [2:15:21 > 45:07:22]
L-BFGS:  95%|█████████▌| 950/1000 [2:16:47 > 45:10:18]
L-BFGS:  95%|█████████▌| 951/1000 [2:15:17 > 45:13:07]
L-BFGS:  95%|█████████▌| 952/1000 [2:14:40 > 45:16:02]
L-BFGS:  95%|█████████▌| 953/1000 [2:11:53 > 45:18:50]
L-BFGS:  95%|█████████▌| 954/1000 [2:11:19 > 45:21:48]
L-BFGS:  96%|█████████▌| 955/1000 [2:07:32 > 45:24:35]
L-BFGS:  96%|█████████▌| 956/1000 [2:04:27 > 45:27:24]
L-BFGS:  96%|█████████▌| 957/1000 [2:01:33 > 45:30:14]
L-BFGS:  96%|█████████▌| 958/1000 [1:59:38 > 45:33:08]
L-BFGS:  96%|█████████▌| 959/1000 [1:56:39 > 45:35:58]
L-BFGS:  96%|█████████▌| 960/1000 [1:54:35 > 45:38:53]
L-BFGS:  96%|█████████▌| 961/1000 [1:51:07 > 45:41:41]
L-BFGS:  96%|█████████▌| 962/1000 [1:48:09 > 45:44:32]
L-BFGS:  96%|█████████▋| 963/1000 [1:44:32 > 45:47:18]
L-BFGS:  96%|█████████▋| 964/1000 [1:41:38 > 45:50:07]
L-BFGS:  96%|█████████▋| 965/1000 [1:40:03 > 45:53:04]
L-BFGS:  97%|█████████▋| 966/1000 [1:37:49 > 45:55:59]
L-BFGS:  97%|█████████▋| 967/1000 [1:34:28 > 45:58:49]
L-BFGS:  97%|█████████▋| 968/1000 [1:31:03 > 46:01:37]
L-BFGS:  97%|█████████▋| 969/1000 [1:28:38 > 46:04:31]
L-BFGS:  97%|█████████▋| 970/1000 [1:25:35 > 46:07:21]
L-BFGS:  97%|█████████▋| 971/1000 [1:23:17 > 46:10:16]
L-BFGS:  97%|█████████▋| 972/1000 [1:20:01 > 46:13:05]
L-BFGS:  97%|█████████▋| 973/1000 [1:17:52 > 46:16:02]
L-BFGS:  97%|█████████▋| 974/1000 [1:15:00 > 46:18:55]
L-BFGS:  98%|█████████▊| 975/1000 [1:11:38 > 46:21:45]
L-BFGS:  98%|█████████▊| 976/1000 [1:09:25 > 46:24:42]
L-BFGS:  98%|█████████▊| 977/1000 [1:06:36 > 46:27:36]
L-BFGS:  98%|█████████▊| 978/1000 [1:03:51 > 46:30:31]
L-BFGS:  98%|█████████▊| 979/1000 [1:00:26 > 46:33:21]
L-BFGS:  98%|█████████▊| 980/1000 [57:04 > 46:36:08]  
L-BFGS:  98%|█████████▊| 981/1000 [54:07 > 46:38:59]
L-BFGS:  98%|█████████▊| 982/1000 [50:58 > 46:41:46]
L-BFGS:  98%|█████████▊| 983/1000 [48:39 > 46:44:42]
L-BFGS:  98%|█████████▊| 984/1000 [45:40 > 46:47:32]
L-BFGS:  98%|█████████▊| 985/1000 [42:58 > 46:50:26]
L-BFGS:  99%|█████████▊| 986/1000 [39:55 > 46:53:15]
L-BFGS:  99%|█████████▊| 987/1000 [36:58 > 46:56:04]
L-BFGS:  99%|█████████▉| 988/1000 [34:23 > 46:59:00]
L-BFGS:  99%|█████████▉| 989/1000 [31:24 > 47:01:49]
L-BFGS:  99%|█████████▉| 990/1000 [28:46 > 47:04:45]
L-BFGS:  99%|█████████▉| 991/1000 [25:58 > 47:07:39]
L-BFGS:  99%|█████████▉| 992/1000 [23:14 > 47:10:37]
L-BFGS:  99%|█████████▉| 993/1000 [20:06 > 47:13:24]
L-BFGS:  99%|█████████▉| 994/1000 [17:07 > 47:16:13]
L-BFGS: 100%|█████████▉| 995/1000 [14:23 > 47:19:09]
L-BFGS: 100%|█████████▉| 996/1000 [11:33 > 47:22:04]
L-BFGS: 100%|█████████▉| 997/1000 [08:35 > 47:24:52]
L-BFGS: 100%|█████████▉| 998/1000 [05:43 > 47:27:44]
L-BFGS: 100%|█████████▉| 999/1000 [02:52 > 47:30:38]
L-BFGS: 100%|██████████| 1000/1000 [00:00 > 47:33:27]
L-BFGS: 100%|██████████| 1000/1000 [00:00 > 47:33:27]
Training saved: C:\Ali Computation\pinn\code\heterogeneous\parametric_heterogeneous_pinn\results\exp_J_maximin_N500_float64_lr01_maxiter20_pinn\parametric_heterogeneous_pinn_concentration.png C:\Ali Computation\pinn\code\heterogeneous\parametric_heterogeneous_pinn\results\exp_J_maximin_N500_float64_lr01_maxiter20_pinn\parametric_heterogeneous_pinn_loss.png C:\Ali Computation\pinn\code\heterogeneous\parametric_heterogeneous_pinn\results\exp_J_maximin_N500_float64_lr01_maxiter20_pinn\parametric_heterogeneous_pinn_model.pt
COMSOL validation: 81 media -> C:\Ali Computation\pinn\code\heterogeneous\parametric_heterogeneous_pinn\results\exp_J_maximin_N500_float64_lr01_maxiter20_pinn  (x* collocation n=86)

COMSOL vs PINN:   0%|          | 0/81 [00:00<?, ?it/s]
COMSOL vs PINN:   6%|▌         | 5/81 [00:00<00:01, 48.84it/s]
COMSOL vs PINN:  14%|█▎        | 11/81 [00:00<00:01, 50.12it/s]
COMSOL vs PINN:  21%|██        | 17/81 [00:00<00:01, 50.75it/s]
COMSOL vs PINN:  28%|██▊       | 23/81 [00:00<00:01, 49.74it/s]
COMSOL vs PINN:  36%|███▌      | 29/81 [00:00<00:01, 50.46it/s]
COMSOL vs PINN:  43%|████▎     | 35/81 [00:00<00:00, 50.62it/s]
COMSOL vs PINN:  51%|█████     | 41/81 [00:00<00:00, 48.45it/s]
COMSOL vs PINN:  57%|█████▋    | 46/81 [00:00<00:00, 48.74it/s]
COMSOL vs PINN:  63%|██████▎   | 51/81 [00:01<00:00, 47.92it/s]
COMSOL vs PINN:  69%|██████▉   | 56/81 [00:01<00:00, 48.20it/s]
COMSOL vs PINN:  77%|███████▋  | 62/81 [00:01<00:00, 48.98it/s]
COMSOL vs PINN:  84%|████████▍ | 68/81 [00:01<00:00, 49.42it/s]
COMSOL vs PINN:  90%|█████████ | 73/81 [00:01<00:00, 48.78it/s]
COMSOL vs PINN:  98%|█████████▊| 79/81 [00:01<00:00, 49.31it/s]
COMSOL vs PINN: 100%|██████████| 81/81 [00:01<00:00, 49.24it/s]
COMSOL validation summary: n=81  mean=1.799839e-02  max=3.845082e-02  min=8.024621e-03
Wrote C:\Ali Computation\pinn\code\heterogeneous\parametric_heterogeneous_pinn\results\exp_J_maximin_N500_float64_lr01_maxiter20_pinn\comsol_validation_summary.csv
Run metadata: C:\Ali Computation\pinn\code\heterogeneous\parametric_heterogeneous_pinn\results\exp_J_maximin_N500_float64_lr01_maxiter20_pinn\run_meta.json

# exit 0 after 1 day, 23:34:01.671525
