# code/heterogeneous/pino_heterogeneous/pinn1d_heterogeneous_parametric_neural_operator.py 
# started 2026-06-10 12:27:11
# cwd C:\Ali Computation\pinn\code\heterogeneous\pino_heterogeneous

Using CPU (CUDA not available, dtype=torch.float32)
PE (computed) = 0.010368
Training: 500 LHC samples in [0.01, 0.05] m/d (exclude COMSOL 3^4 grid: True)
  saved/loaded: C:\Ali Computation\pinn\code\heterogeneous\pino_heterogeneous\results\lhc_train_u500.csv
  branch CFL range [0.120049, 0.599914]
PDE mesh: bulk 50x50x500 + interface bands (36 x* / band, +/-0.025 around (0.2, 0.4, 0.6))
COMSOL validation: 81 fixed grid cases from comsol_4zones.txt
run_training=True  run_comsol_validation=True
PDE collocation points: 2,150,000 (bulk 1,250,000, interface 900,000)
Collocation mesh plot (pre-train): C:\Ali Computation\pinn\code\heterogeneous\pino_heterogeneous\results\pino_heterogeneous_collocation_points.png
LBFGS (
Parameter Group 0
    history_size: 50
    line_search_fn: strong_wolfe
    lr: 1
    max_eval: 1
    max_iter: 1
    tolerance_change: 1e-09
    tolerance_grad: 1e-07
)

L-BFGS:   0%|          | 0/1000 [? > 00:00]
L-BFGS:   0%|          | 1/1000 [1:57:41 > 00:07]
L-BFGS:   0%|          | 2/1000 [1:53:36 > 00:13]
L-BFGS:   0%|          | 3/1000 [1:51:23 > 00:20]
L-BFGS:   0%|          | 4/1000 [1:49:05 > 00:26]
L-BFGS:   0%|          | 5/1000 [1:47:59 > 00:33]
L-BFGS:   1%|          | 6/1000 [1:47:24 > 00:39]
L-BFGS:   1%|          | 7/1000 [1:47:26 > 00:45]
L-BFGS:   1%|          | 8/1000 [1:46:47 > 00:52]
L-BFGS:   1%|          | 9/1000 [1:46:34 > 00:58]
L-BFGS:   1%|          | 10/1000 [1:46:21 > 01:05]
L-BFGS:   1%|          | 11/1000 [1:45:59 > 01:11]
L-BFGS:   1%|          | 12/1000 [1:46:14 > 01:18]
L-BFGS:   1%|▏         | 13/1000 [1:46:15 > 01:24]
L-BFGS:   1%|▏         | 14/1000 [1:45:42 > 01:30]
L-BFGS:   2%|▏         | 15/1000 [1:45:44 > 01:37]
L-BFGS:   2%|▏         | 16/1000 [1:45:35 > 01:43]
L-BFGS:   2%|▏         | 17/1000 [1:45:39 > 01:50]
L-BFGS:   2%|▏         | 18/1000 [1:45:21 > 01:56]
L-BFGS:   2%|▏         | 19/1000 [1:45:17 > 02:03]
L-BFGS:   2%|▏         | 20/1000 [1:45:00 > 02:09]
L-BFGS:   2%|▏         | 21/1000 [1:44:54 > 02:16]
L-BFGS:   2%|▏         | 22/1000 [1:44:55 > 02:22]
L-BFGS:   2%|▏         | 23/1000 [1:44:43 > 02:28]
L-BFGS:   2%|▏         | 24/1000 [1:44:36 > 02:35]
L-BFGS:   2%|▎         | 25/1000 [1:44:24 > 02:41]
L-BFGS:   3%|▎         | 26/1000 [1:44:19 > 02:48]
L-BFGS:   3%|▎         | 27/1000 [1:44:46 > 02:54]
L-BFGS:   3%|▎         | 28/1000 [1:44:55 > 03:01]
L-BFGS:   3%|▎         | 29/1000 [1:44:35 > 03:07]
L-BFGS:   3%|▎         | 30/1000 [1:44:20 > 03:14]
L-BFGS:   3%|▎         | 31/1000 [1:43:55 > 03:20]
L-BFGS:   3%|▎         | 32/1000 [1:43:52 > 03:26]
L-BFGS:   3%|▎         | 33/1000 [1:43:54 > 03:33]
L-BFGS:   3%|▎         | 34/1000 [1:43:31 > 03:39]
L-BFGS:   4%|▎         | 35/1000 [1:43:26 > 03:46]
L-BFGS:   4%|▎         | 36/1000 [1:43:33 > 03:52]
L-BFGS:   4%|▎         | 37/1000 [1:43:34 > 03:59]
L-BFGS:   4%|▍         | 38/1000 [1:43:12 > 04:05]
L-BFGS:   4%|▍         | 39/1000 [1:43:12 > 04:12]
L-BFGS:   4%|▍         | 40/1000 [1:44:00 > 04:18]
L-BFGS:   4%|▍         | 41/1000 [1:43:47 > 04:25]
L-BFGS:   4%|▍         | 42/1000 [1:43:34 > 04:31]
L-BFGS:   4%|▍         | 43/1000 [1:43:34 > 04:38]
L-BFGS:   4%|▍         | 44/1000 [1:42:53 > 04:44]
L-BFGS:   4%|▍         | 45/1000 [1:42:43 > 04:50]
L-BFGS:   5%|▍         | 46/1000 [1:42:20 > 04:57]
L-BFGS:   5%|▍         | 47/1000 [1:41:55 > 05:03]
L-BFGS:   5%|▍         | 48/1000 [1:41:45 > 05:10]
L-BFGS:   5%|▍         | 49/1000 [1:41:51 > 05:16]
L-BFGS:   5%|▌         | 50/1000 [1:41:50 > 05:23]
L-BFGS:   5%|▌         | 51/1000 [1:41:40 > 05:29]
L-BFGS:   5%|▌         | 52/1000 [1:41:41 > 05:35]
L-BFGS:   5%|▌         | 53/1000 [1:41:32 > 05:42]
L-BFGS:   5%|▌         | 54/1000 [1:42:32 > 05:49]
L-BFGS:   6%|▌         | 55/1000 [1:41:54 > 05:55]
L-BFGS:   6%|▌         | 56/1000 [1:41:48 > 06:01]
L-BFGS:   6%|▌         | 57/1000 [1:41:26 > 06:08]
L-BFGS:   6%|▌         | 58/1000 [1:41:06 > 06:14]
L-BFGS:   6%|▌         | 59/1000 [1:40:56 > 06:21]
L-BFGS:   6%|▌         | 60/1000 [1:41:10 > 06:27]
L-BFGS:   6%|▌         | 61/1000 [1:40:57 > 06:34]
L-BFGS:   6%|▌         | 62/1000 [1:40:28 > 06:40]
L-BFGS:   6%|▋         | 63/1000 [1:40:18 > 06:46]
L-BFGS:   6%|▋         | 64/1000 [1:40:19 > 06:53]
L-BFGS:   6%|▋         | 65/1000 [1:40:31 > 06:59]
L-BFGS:   7%|▋         | 66/1000 [1:40:16 > 07:06]
L-BFGS:   7%|▋         | 67/1000 [1:40:15 > 07:12]
L-BFGS:   7%|▋         | 68/1000 [1:40:21 > 07:19]
L-BFGS:   7%|▋         | 69/1000 [1:40:08 > 07:25]
L-BFGS:   7%|▋         | 70/1000 [1:40:10 > 07:32]
L-BFGS:   7%|▋         | 71/1000 [1:39:45 > 07:38]
L-BFGS:   7%|▋         | 72/1000 [1:39:21 > 07:44]
L-BFGS:   7%|▋         | 73/1000 [1:39:23 > 07:51]
L-BFGS:   7%|▋         | 74/1000 [1:39:30 > 07:57]
L-BFGS:   8%|▊         | 75/1000 [1:39:06 > 08:04]
L-BFGS:   8%|▊         | 76/1000 [1:38:45 > 08:10]
L-BFGS:   8%|▊         | 77/1000 [1:38:39 > 08:16]
L-BFGS:   8%|▊         | 78/1000 [1:38:43 > 08:23]
L-BFGS:   8%|▊         | 79/1000 [1:38:28 > 08:29]
L-BFGS:   8%|▊         | 80/1000 [1:38:43 > 08:36]
L-BFGS:   8%|▊         | 81/1000 [1:38:49 > 08:42]
L-BFGS:   8%|▊         | 82/1000 [1:38:41 > 08:49]
L-BFGS:   8%|▊         | 83/1000 [1:38:28 > 08:55]
L-BFGS:   8%|▊         | 84/1000 [1:38:24 > 09:02]
L-BFGS:   8%|▊         | 85/1000 [1:38:08 > 09:08]
L-BFGS:   9%|▊         | 86/1000 [1:37:50 > 09:14]
L-BFGS:   9%|▊         | 87/1000 [1:37:42 > 09:21]
L-BFGS:   9%|▉         | 88/1000 [1:37:36 > 09:27]
L-BFGS:   9%|▉         | 89/1000 [1:37:40 > 09:34]
L-BFGS:   9%|▉         | 90/1000 [1:37:46 > 09:40]
L-BFGS:   9%|▉         | 91/1000 [1:38:50 > 09:47]
L-BFGS:   9%|▉         | 92/1000 [1:38:16 > 09:53]
L-BFGS:   9%|▉         | 93/1000 [1:37:44 > 10:00]
L-BFGS:   9%|▉         | 94/1000 [1:37:30 > 10:06]
L-BFGS:  10%|▉         | 95/1000 [1:37:13 > 10:13]
L-BFGS:  10%|▉         | 96/1000 [1:36:56 > 10:19]
L-BFGS:  10%|▉         | 97/1000 [1:36:48 > 10:25]
L-BFGS:  10%|▉         | 98/1000 [1:36:34 > 10:32]
L-BFGS:  10%|▉         | 99/1000 [1:36:33 > 10:38]
L-BFGS:  10%|█         | 100/1000 [1:36:21 > 10:45]
L-BFGS:  10%|█         | 101/1000 [1:36:22 > 10:51]
L-BFGS:  10%|█         | 102/1000 [1:36:34 > 10:58]
L-BFGS:  10%|█         | 103/1000 [1:36:49 > 11:04]
L-BFGS:  10%|█         | 104/1000 [1:36:26 > 11:11]
L-BFGS:  10%|█         | 105/1000 [1:36:05 > 11:17]
L-BFGS:  11%|█         | 106/1000 [1:35:49 > 11:23]
L-BFGS:  11%|█         | 107/1000 [1:35:31 > 11:30]
L-BFGS:  11%|█         | 108/1000 [1:35:15 > 11:36]
L-BFGS:  11%|█         | 109/1000 [1:35:10 > 11:43]
L-BFGS:  11%|█         | 110/1000 [1:35:06 > 11:49]
L-BFGS:  11%|█         | 111/1000 [1:35:13 > 11:55]
L-BFGS:  11%|█         | 112/1000 [1:35:15 > 12:02]
L-BFGS:  11%|█▏        | 113/1000 [1:35:13 > 12:08]
L-BFGS:  11%|█▏        | 114/1000 [1:34:57 > 12:15]
L-BFGS:  12%|█▏        | 115/1000 [1:34:41 > 12:21]
L-BFGS:  12%|█▏        | 116/1000 [1:34:52 > 12:28]
L-BFGS:  12%|█▏        | 117/1000 [1:34:26 > 12:34]
L-BFGS:  12%|█▏        | 118/1000 [1:34:14 > 12:40]
L-BFGS:  12%|█▏        | 119/1000 [1:34:15 > 12:47]
L-BFGS:  12%|█▏        | 120/1000 [1:34:12 > 12:53]
L-BFGS:  12%|█▏        | 121/1000 [1:34:01 > 13:00]
L-BFGS:  12%|█▏        | 122/1000 [1:33:53 > 13:06]
L-BFGS:  12%|█▏        | 123/1000 [1:33:52 > 13:13]
L-BFGS:  12%|█▏        | 124/1000 [1:33:35 > 13:19]
L-BFGS:  12%|█▎        | 125/1000 [1:33:53 > 13:25]
L-BFGS:  13%|█▎        | 126/1000 [1:33:57 > 13:32]
L-BFGS:  13%|█▎        | 127/1000 [1:33:42 > 13:38]
L-BFGS:  13%|█▎        | 128/1000 [1:33:45 > 13:45]
L-BFGS:  13%|█▎        | 129/1000 [1:33:10 > 13:51]
L-BFGS:  13%|█▎        | 130/1000 [1:32:57 > 13:58]
L-BFGS:  13%|█▎        | 131/1000 [1:32:47 > 14:04]
L-BFGS:  13%|█▎        | 132/1000 [1:32:49 > 14:10]
L-BFGS:  13%|█▎        | 133/1000 [1:32:52 > 14:17]
L-BFGS:  13%|█▎        | 134/1000 [1:32:43 > 14:23]
L-BFGS:  14%|█▎        | 135/1000 [1:32:21 > 14:30]
L-BFGS:  14%|█▎        | 136/1000 [1:32:03 > 14:36]
L-BFGS:  14%|█▎        | 137/1000 [1:31:56 > 14:42]
L-BFGS:  14%|█▍        | 138/1000 [1:31:58 > 14:49]
L-BFGS:  14%|█▍        | 139/1000 [1:31:40 > 14:55]
L-BFGS:  14%|█▍        | 140/1000 [1:31:30 > 15:02]
L-BFGS:  14%|█▍        | 141/1000 [1:31:43 > 15:08]
L-BFGS:  14%|█▍        | 142/1000 [1:31:48 > 15:14]
L-BFGS:  14%|█▍        | 143/1000 [1:31:39 > 15:21]
L-BFGS:  14%|█▍        | 144/1000 [1:31:48 > 15:27]
L-BFGS:  14%|█▍        | 145/1000 [1:31:54 > 15:34]
L-BFGS:  15%|█▍        | 146/1000 [1:31:49 > 15:40]
L-BFGS:  15%|█▍        | 147/1000 [1:31:47 > 15:47]
L-BFGS:  15%|█▍        | 148/1000 [1:31:50 > 15:53]
L-BFGS:  15%|█▍        | 149/1000 [1:31:26 > 16:00]
L-BFGS:  15%|█▌        | 150/1000 [1:31:04 > 16:06]
L-BFGS:  15%|█▌        | 151/1000 [1:30:45 > 16:12]
L-BFGS:  15%|█▌        | 152/1000 [1:30:31 > 16:19]
L-BFGS:  15%|█▌        | 153/1000 [1:30:34 > 16:25]
L-BFGS:  15%|█▌        | 154/1000 [1:30:46 > 16:32]
L-BFGS:  16%|█▌        | 155/1000 [1:31:03 > 16:38]
L-BFGS:  16%|█▌        | 156/1000 [1:30:41 > 16:45]
L-BFGS:  16%|█▌        | 157/1000 [1:30:19 > 16:51]
L-BFGS:  16%|█▌        | 158/1000 [1:30:17 > 16:57]
L-BFGS:  16%|█▌        | 159/1000 [1:30:04 > 17:04]
L-BFGS:  16%|█▌        | 160/1000 [1:29:57 > 17:10]
L-BFGS:  16%|█▌        | 161/1000 [1:29:49 > 17:17]
L-BFGS:  16%|█▌        | 162/1000 [1:29:52 > 17:23]
L-BFGS:  16%|█▋        | 163/1000 [1:29:39 > 17:30]
L-BFGS:  16%|█▋        | 164/1000 [1:29:46 > 17:36]
L-BFGS:  16%|█▋        | 165/1000 [1:29:23 > 17:42]
L-BFGS:  17%|█▋        | 166/1000 [1:29:12 > 17:49]
L-BFGS:  17%|█▋        | 167/1000 [1:29:05 > 17:55]
L-BFGS:  17%|█▋        | 168/1000 [1:28:58 > 18:02]
L-BFGS:  17%|█▋        | 169/1000 [1:28:55 > 18:08]
L-BFGS:  17%|█▋        | 170/1000 [1:28:47 > 18:15]
L-BFGS:  17%|█▋        | 171/1000 [1:29:01 > 18:21]
L-BFGS:  17%|█▋        | 172/1000 [1:28:43 > 18:27]
L-BFGS:  17%|█▋        | 173/1000 [1:28:35 > 18:34]
L-BFGS:  17%|█▋        | 174/1000 [1:28:38 > 18:40]
L-BFGS:  18%|█▊        | 175/1000 [1:28:08 > 18:47]
L-BFGS:  18%|█▊        | 176/1000 [1:28:10 > 18:53]
L-BFGS:  18%|█▊        | 177/1000 [1:28:22 > 19:00]
L-BFGS:  18%|█▊        | 178/1000 [1:28:12 > 19:06]
L-BFGS:  18%|█▊        | 179/1000 [1:28:41 > 19:13]
L-BFGS:  18%|█▊        | 180/1000 [1:29:43 > 19:19]
L-BFGS:  18%|█▊        | 181/1000 [1:30:36 > 19:26]
L-BFGS:  18%|█▊        | 182/1000 [1:32:50 > 19:33]
L-BFGS:  18%|█▊        | 183/1000 [1:32:46 > 19:40]
L-BFGS:  18%|█▊        | 184/1000 [1:33:04 > 19:47]
L-BFGS:  18%|█▊        | 185/1000 [1:34:09 > 19:54]
L-BFGS:  19%|█▊        | 186/1000 [1:32:47 > 20:01]
L-BFGS:  19%|█▊        | 187/1000 [1:32:19 > 20:08]
L-BFGS:  19%|█▉        | 188/1000 [1:30:39 > 20:14]
L-BFGS:  19%|█▉        | 189/1000 [1:29:22 > 20:20]
L-BFGS:  19%|█▉        | 190/1000 [1:28:41 > 20:27]
L-BFGS:  19%|█▉        | 191/1000 [1:28:11 > 20:33]
L-BFGS:  19%|█▉        | 192/1000 [1:27:42 > 20:40]
L-BFGS:  19%|█▉        | 193/1000 [1:27:12 > 20:46]
L-BFGS:  19%|█▉        | 194/1000 [1:27:02 > 20:53]
L-BFGS:  20%|█▉        | 195/1000 [1:26:55 > 20:59]
L-BFGS:  20%|█▉        | 196/1000 [1:26:40 > 21:06]
L-BFGS:  20%|█▉        | 197/1000 [1:26:16 > 21:12]
L-BFGS:  20%|█▉        | 198/1000 [1:25:48 > 21:18]
L-BFGS:  20%|█▉        | 199/1000 [1:25:57 > 21:25]
L-BFGS:  20%|██        | 200/1000 [1:25:48 > 21:31]
L-BFGS:  20%|██        | 201/1000 [1:25:34 > 21:38]
L-BFGS:  20%|██        | 202/1000 [1:25:25 > 21:44]
L-BFGS:  20%|██        | 203/1000 [1:25:27 > 21:51]
L-BFGS:  20%|██        | 204/1000 [1:25:00 > 21:57]
L-BFGS:  20%|██        | 205/1000 [1:25:15 > 22:03]
L-BFGS:  21%|██        | 206/1000 [1:25:14 > 22:10]
L-BFGS:  21%|██        | 207/1000 [1:24:52 > 22:16]
L-BFGS:  21%|██        | 208/1000 [1:24:42 > 22:23]
L-BFGS:  21%|██        | 209/1000 [1:24:52 > 22:29]
L-BFGS:  21%|██        | 210/1000 [1:24:26 > 22:36]
L-BFGS:  21%|██        | 211/1000 [1:24:22 > 22:42]
L-BFGS:  21%|██        | 212/1000 [1:24:09 > 22:48]
L-BFGS:  21%|██▏       | 213/1000 [1:24:02 > 22:55]
L-BFGS:  21%|██▏       | 214/1000 [1:24:05 > 23:01]
L-BFGS:  22%|██▏       | 215/1000 [1:23:57 > 23:08]
L-BFGS:  22%|██▏       | 216/1000 [1:23:45 > 23:14]
L-BFGS:  22%|██▏       | 217/1000 [1:24:01 > 23:21]
L-BFGS:  22%|██▏       | 218/1000 [1:23:55 > 23:27]
L-BFGS:  22%|██▏       | 219/1000 [1:23:27 > 23:33]
L-BFGS:  22%|██▏       | 220/1000 [1:23:32 > 23:40]
L-BFGS:  22%|██▏       | 221/1000 [1:23:23 > 23:46]
L-BFGS:  22%|██▏       | 222/1000 [1:23:13 > 23:53]
L-BFGS:  22%|██▏       | 223/1000 [1:23:00 > 23:59]
L-BFGS:  22%|██▏       | 224/1000 [1:23:13 > 24:05]
L-BFGS:  22%|██▎       | 225/1000 [1:23:15 > 24:12]
L-BFGS:  23%|██▎       | 226/1000 [1:22:58 > 24:18]
L-BFGS:  23%|██▎       | 227/1000 [1:22:52 > 24:25]
L-BFGS:  23%|██▎       | 228/1000 [1:22:38 > 24:31]
L-BFGS:  23%|██▎       | 229/1000 [1:22:27 > 24:38]
L-BFGS:  23%|██▎       | 230/1000 [1:22:32 > 24:44]
L-BFGS:  23%|██▎       | 231/1000 [1:22:29 > 24:51]
L-BFGS:  23%|██▎       | 232/1000 [1:22:15 > 24:57]
L-BFGS:  23%|██▎       | 233/1000 [1:22:08 > 25:03]
L-BFGS:  23%|██▎       | 234/1000 [1:22:12 > 25:10]
L-BFGS:  24%|██▎       | 235/1000 [1:21:48 > 25:16]
L-BFGS:  24%|██▎       | 236/1000 [1:21:58 > 25:23]
L-BFGS:  24%|██▎       | 237/1000 [1:22:04 > 25:29]
L-BFGS:  24%|██▍       | 238/1000 [1:21:47 > 25:36]
L-BFGS:  24%|██▍       | 239/1000 [1:21:40 > 25:42]
L-BFGS:  24%|██▍       | 240/1000 [1:21:24 > 25:48]
L-BFGS:  24%|██▍       | 241/1000 [1:21:14 > 25:55]
L-BFGS:  24%|██▍       | 242/1000 [1:21:07 > 26:01]
L-BFGS:  24%|██▍       | 243/1000 [1:21:02 > 26:08]
L-BFGS:  24%|██▍       | 244/1000 [1:21:11 > 26:14]
L-BFGS:  24%|██▍       | 245/1000 [1:21:01 > 26:21]
L-BFGS:  25%|██▍       | 246/1000 [1:20:53 > 26:27]
L-BFGS:  25%|██▍       | 247/1000 [1:20:41 > 26:33]
L-BFGS:  25%|██▍       | 248/1000 [1:20:32 > 26:40]
L-BFGS:  25%|██▍       | 249/1000 [1:20:28 > 26:46]
L-BFGS:  25%|██▌       | 250/1000 [1:20:25 > 26:53]
L-BFGS:  25%|██▌       | 251/1000 [1:20:16 > 26:59]
L-BFGS:  25%|██▌       | 252/1000 [1:20:21 > 27:06]
L-BFGS:  25%|██▌       | 253/1000 [1:20:13 > 27:12]
L-BFGS:  25%|██▌       | 254/1000 [1:19:51 > 27:18]
L-BFGS:  26%|██▌       | 255/1000 [1:19:51 > 27:25]
L-BFGS:  26%|██▌       | 256/1000 [1:19:46 > 27:31]
L-BFGS:  26%|██▌       | 257/1000 [1:19:35 > 27:38]
L-BFGS:  26%|██▌       | 258/1000 [1:19:37 > 27:44]
L-BFGS:  26%|██▌       | 259/1000 [1:19:50 > 27:51]
L-BFGS:  26%|██▌       | 260/1000 [1:20:11 > 27:57]
L-BFGS:  26%|██▌       | 261/1000 [1:19:42 > 28:04]
L-BFGS:  26%|██▌       | 262/1000 [1:19:12 > 28:10]
L-BFGS:  26%|██▋       | 263/1000 [1:19:16 > 28:17]
L-BFGS:  26%|██▋       | 264/1000 [1:19:00 > 28:23]
L-BFGS:  26%|██▋       | 265/1000 [1:18:51 > 28:29]
L-BFGS:  27%|██▋       | 266/1000 [1:18:42 > 28:36]
L-BFGS:  27%|██▋       | 267/1000 [1:18:29 > 28:42]
L-BFGS:  27%|██▋       | 268/1000 [1:18:36 > 28:49]
L-BFGS:  27%|██▋       | 269/1000 [1:18:26 > 28:55]
L-BFGS:  27%|██▋       | 270/1000 [1:18:18 > 29:02]
L-BFGS:  27%|██▋       | 271/1000 [1:18:11 > 29:08]
L-BFGS:  27%|██▋       | 272/1000 [1:17:55 > 29:14]
L-BFGS:  27%|██▋       | 273/1000 [1:17:45 > 29:21]
L-BFGS:  27%|██▋       | 274/1000 [1:17:29 > 29:27]
L-BFGS:  28%|██▊       | 275/1000 [1:17:32 > 29:34]
L-BFGS:  28%|██▊       | 276/1000 [1:17:28 > 29:40]
L-BFGS:  28%|██▊       | 277/1000 [1:18:11 > 29:47]
L-BFGS:  28%|██▊       | 278/1000 [1:17:52 > 29:53]
L-BFGS:  28%|██▊       | 279/1000 [1:17:29 > 30:00]
L-BFGS:  28%|██▊       | 280/1000 [1:17:12 > 30:06]
L-BFGS:  28%|██▊       | 281/1000 [1:16:57 > 30:12]
L-BFGS:  28%|██▊       | 282/1000 [1:16:39 > 30:19]
L-BFGS:  28%|██▊       | 283/1000 [1:16:39 > 30:25]
L-BFGS:  28%|██▊       | 284/1000 [1:16:37 > 30:32]
L-BFGS:  28%|██▊       | 285/1000 [1:16:21 > 30:38]
L-BFGS:  29%|██▊       | 286/1000 [1:16:11 > 30:44]
L-BFGS:  29%|██▊       | 287/1000 [1:15:58 > 30:51]
L-BFGS:  29%|██▉       | 288/1000 [1:16:12 > 30:57]
L-BFGS:  29%|██▉       | 289/1000 [1:16:09 > 31:04]
L-BFGS:  29%|██▉       | 290/1000 [1:16:13 > 31:10]
L-BFGS:  29%|██▉       | 291/1000 [1:16:18 > 31:17]
L-BFGS:  29%|██▉       | 292/1000 [1:16:11 > 31:23]
L-BFGS:  29%|██▉       | 293/1000 [1:15:49 > 31:29]
L-BFGS:  29%|██▉       | 294/1000 [1:15:35 > 31:36]
L-BFGS:  30%|██▉       | 295/1000 [1:15:27 > 31:42]
L-BFGS:  30%|██▉       | 296/1000 [1:15:06 > 31:49]
L-BFGS:  30%|██▉       | 297/1000 [1:15:13 > 31:55]
L-BFGS:  30%|██▉       | 298/1000 [1:15:04 > 32:01]
L-BFGS:  30%|██▉       | 299/1000 [1:15:06 > 32:08]
L-BFGS:  30%|███       | 300/1000 [1:14:49 > 32:14]
L-BFGS:  30%|███       | 301/1000 [1:14:53 > 32:21]
L-BFGS:  30%|███       | 302/1000 [1:14:47 > 32:27]
L-BFGS:  30%|███       | 303/1000 [1:14:28 > 32:34]
L-BFGS:  30%|███       | 304/1000 [1:14:33 > 32:40]
L-BFGS:  30%|███       | 305/1000 [1:14:17 > 32:46]
L-BFGS:  31%|███       | 306/1000 [1:14:06 > 32:53]
L-BFGS:  31%|███       | 307/1000 [1:14:12 > 32:59]
L-BFGS:  31%|███       | 308/1000 [1:14:25 > 33:06]
L-BFGS:  31%|███       | 309/1000 [1:13:59 > 33:12]
L-BFGS:  31%|███       | 310/1000 [1:13:52 > 33:19]
L-BFGS:  31%|███       | 311/1000 [1:13:47 > 33:25]
L-BFGS:  31%|███       | 312/1000 [1:13:51 > 33:31]
L-BFGS:  31%|███▏      | 313/1000 [1:13:41 > 33:38]
L-BFGS:  31%|███▏      | 314/1000 [1:13:49 > 33:44]
L-BFGS:  32%|███▏      | 315/1000 [1:13:28 > 33:51]
L-BFGS:  32%|███▏      | 316/1000 [1:13:35 > 33:57]
L-BFGS:  32%|███▏      | 317/1000 [1:13:36 > 34:04]
L-BFGS:  32%|███▏      | 318/1000 [1:13:15 > 34:10]
L-BFGS:  32%|███▏      | 319/1000 [1:12:52 > 34:17]
L-BFGS:  32%|███▏      | 320/1000 [1:13:00 > 34:23]
L-BFGS:  32%|███▏      | 321/1000 [1:12:57 > 34:30]
L-BFGS:  32%|███▏      | 322/1000 [1:12:54 > 34:36]
L-BFGS:  32%|███▏      | 323/1000 [1:12:54 > 34:42]
L-BFGS:  32%|███▏      | 324/1000 [1:12:33 > 34:49]
L-BFGS:  32%|███▎      | 325/1000 [1:12:35 > 34:55]
L-BFGS:  33%|███▎      | 326/1000 [1:12:23 > 35:02]
L-BFGS:  33%|███▎      | 327/1000 [1:12:08 > 35:08]
L-BFGS:  33%|███▎      | 328/1000 [1:12:02 > 35:15]
L-BFGS:  33%|███▎      | 329/1000 [1:12:05 > 35:21]
L-BFGS:  33%|███▎      | 330/1000 [1:11:54 > 35:27]
L-BFGS:  33%|███▎      | 331/1000 [1:11:37 > 35:34]
L-BFGS:  33%|███▎      | 332/1000 [1:11:36 > 35:40]
L-BFGS:  33%|███▎      | 333/1000 [1:11:39 > 35:47]
L-BFGS:  33%|███▎      | 334/1000 [1:11:14 > 35:53]
L-BFGS:  34%|███▎      | 335/1000 [1:11:19 > 36:00]
L-BFGS:  34%|███▎      | 336/1000 [1:11:18 > 36:06]
L-BFGS:  34%|███▎      | 337/1000 [1:10:56 > 36:12]
L-BFGS:  34%|███▍      | 338/1000 [1:10:46 > 36:19]
L-BFGS:  34%|███▍      | 339/1000 [1:10:54 > 36:25]
L-BFGS:  34%|███▍      | 340/1000 [1:10:41 > 36:32]
L-BFGS:  34%|███▍      | 341/1000 [1:10:35 > 36:38]
L-BFGS:  34%|███▍      | 342/1000 [1:10:30 > 36:45]
L-BFGS:  34%|███▍      | 343/1000 [1:10:15 > 36:51]
L-BFGS:  34%|███▍      | 344/1000 [1:10:02 > 36:57]
L-BFGS:  34%|███▍      | 345/1000 [1:10:07 > 37:04]
L-BFGS:  35%|███▍      | 346/1000 [1:10:00 > 37:10]
L-BFGS:  35%|███▍      | 347/1000 [1:09:46 > 37:17]
L-BFGS:  35%|███▍      | 348/1000 [1:09:46 > 37:23]
L-BFGS:  35%|███▍      | 349/1000 [1:09:34 > 37:30]
L-BFGS:  35%|███▌      | 350/1000 [1:09:38 > 37:36]
L-BFGS:  35%|███▌      | 351/1000 [1:09:22 > 37:42]
L-BFGS:  35%|███▌      | 352/1000 [1:09:10 > 37:49]
L-BFGS:  35%|███▌      | 353/1000 [1:09:02 > 37:55]
L-BFGS:  35%|███▌      | 354/1000 [1:09:07 > 38:02]
L-BFGS:  36%|███▌      | 355/1000 [1:09:06 > 38:08]
L-BFGS:  36%|███▌      | 356/1000 [1:08:57 > 38:14]
L-BFGS:  36%|███▌      | 357/1000 [1:08:47 > 38:21]
L-BFGS:  36%|███▌      | 358/1000 [1:08:52 > 38:27]
L-BFGS:  36%|███▌      | 359/1000 [1:08:36 > 38:34]
L-BFGS:  36%|███▌      | 360/1000 [1:08:29 > 38:40]
L-BFGS:  36%|███▌      | 361/1000 [1:08:37 > 38:47]
L-BFGS:  36%|███▌      | 362/1000 [1:08:21 > 38:53]
L-BFGS:  36%|███▋      | 363/1000 [1:08:09 > 38:59]
L-BFGS:  36%|███▋      | 364/1000 [1:07:53 > 39:06]
L-BFGS:  36%|███▋      | 365/1000 [1:07:54 > 39:12]
L-BFGS:  37%|███▋      | 366/1000 [1:07:58 > 39:19]
L-BFGS:  37%|███▋      | 367/1000 [1:07:49 > 39:25]
L-BFGS:  37%|███▋      | 368/1000 [1:07:48 > 39:32]
L-BFGS:  37%|███▋      | 369/1000 [1:07:41 > 39:38]
L-BFGS:  37%|███▋      | 370/1000 [1:07:51 > 39:45]
L-BFGS:  37%|███▋      | 371/1000 [1:08:24 > 39:51]
L-BFGS:  37%|███▋      | 372/1000 [1:08:04 > 39:58]
L-BFGS:  37%|███▋      | 373/1000 [1:07:39 > 40:04]
L-BFGS:  37%|███▋      | 374/1000 [1:07:25 > 40:11]
L-BFGS:  38%|███▊      | 375/1000 [1:07:11 > 40:17]
L-BFGS:  38%|███▊      | 376/1000 [1:07:09 > 40:23]
L-BFGS:  38%|███▊      | 377/1000 [1:06:40 > 40:30]
L-BFGS:  38%|███▊      | 378/1000 [1:06:35 > 40:36]
L-BFGS:  38%|███▊      | 379/1000 [1:06:37 > 40:43]
L-BFGS:  38%|███▊      | 380/1000 [1:06:28 > 40:49]
L-BFGS:  38%|███▊      | 381/1000 [1:06:24 > 40:56]
L-BFGS:  38%|███▊      | 382/1000 [1:06:21 > 41:02]
L-BFGS:  38%|███▊      | 383/1000 [1:06:14 > 41:08]
L-BFGS:  38%|███▊      | 384/1000 [1:06:06 > 41:15]
L-BFGS:  38%|███▊      | 385/1000 [1:05:51 > 41:21]
L-BFGS:  39%|███▊      | 386/1000 [1:05:51 > 41:28]
L-BFGS:  39%|███▊      | 387/1000 [1:05:28 > 41:34]
L-BFGS:  39%|███▉      | 388/1000 [1:05:31 > 41:41]
L-BFGS:  39%|███▉      | 389/1000 [1:05:16 > 41:47]
L-BFGS:  39%|███▉      | 390/1000 [1:05:11 > 41:53]
L-BFGS:  39%|███▉      | 391/1000 [1:05:10 > 42:00]
L-BFGS:  39%|███▉      | 392/1000 [1:05:59 > 42:06]
L-BFGS:  39%|███▉      | 393/1000 [1:05:50 > 42:13]
L-BFGS:  39%|███▉      | 394/1000 [1:05:28 > 42:19]
L-BFGS:  40%|███▉      | 395/1000 [1:05:19 > 42:26]
L-BFGS:  40%|███▉      | 396/1000 [1:05:15 > 42:32]
L-BFGS:  40%|███▉      | 397/1000 [1:04:59 > 42:39]
L-BFGS:  40%|███▉      | 398/1000 [1:04:41 > 42:45]
L-BFGS:  40%|███▉      | 399/1000 [1:04:29 > 42:52]
L-BFGS:  40%|████      | 400/1000 [1:04:30 > 42:58]
L-BFGS:  40%|████      | 401/1000 [1:04:15 > 43:04]
L-BFGS:  40%|████      | 402/1000 [1:03:58 > 43:11]
L-BFGS:  40%|████      | 403/1000 [1:03:56 > 43:17]
L-BFGS:  40%|████      | 404/1000 [1:03:58 > 43:24]
L-BFGS:  40%|████      | 405/1000 [1:03:42 > 43:30]
L-BFGS:  41%|████      | 406/1000 [1:03:34 > 43:37]
L-BFGS:  41%|████      | 407/1000 [1:03:36 > 43:43]
L-BFGS:  41%|████      | 408/1000 [1:03:35 > 43:50]
L-BFGS:  41%|████      | 409/1000 [1:03:15 > 43:56]
L-BFGS:  41%|████      | 410/1000 [1:03:02 > 44:02]
L-BFGS:  41%|████      | 411/1000 [1:02:48 > 44:09]
L-BFGS:  41%|████      | 412/1000 [1:02:50 > 44:15]
L-BFGS:  41%|████▏     | 413/1000 [1:03:04 > 44:22]
L-BFGS:  41%|████▏     | 414/1000 [1:02:59 > 44:28]
L-BFGS:  42%|████▏     | 415/1000 [1:02:46 > 44:34]
L-BFGS:  42%|████▏     | 416/1000 [1:02:39 > 44:41]
L-BFGS:  42%|████▏     | 417/1000 [1:02:40 > 44:47]
L-BFGS:  42%|████▏     | 418/1000 [1:02:27 > 44:54]
L-BFGS:  42%|████▏     | 419/1000 [1:02:14 > 45:00]
L-BFGS:  42%|████▏     | 420/1000 [1:01:57 > 45:07]
L-BFGS:  42%|████▏     | 421/1000 [1:01:48 > 45:13]
L-BFGS:  42%|████▏     | 422/1000 [1:01:34 > 45:19]
L-BFGS:  42%|████▏     | 423/1000 [1:01:24 > 45:26]
L-BFGS:  42%|████▏     | 424/1000 [1:01:21 > 45:32]
L-BFGS:  42%|████▎     | 425/1000 [1:01:18 > 45:39]
L-BFGS:  43%|████▎     | 426/1000 [1:01:18 > 45:45]
L-BFGS:  43%|████▎     | 427/1000 [1:01:25 > 45:51]
L-BFGS:  43%|████▎     | 428/1000 [1:01:11 > 45:58]
L-BFGS:  43%|████▎     | 429/1000 [1:01:02 > 46:04]
L-BFGS:  43%|████▎     | 430/1000 [1:00:43 > 46:11]
L-BFGS:  43%|████▎     | 431/1000 [1:00:40 > 46:17]
L-BFGS:  43%|████▎     | 432/1000 [1:00:42 > 46:23]
L-BFGS:  43%|████▎     | 433/1000 [1:00:40 > 46:30]
L-BFGS:  43%|████▎     | 434/1000 [1:00:39 > 46:36]
L-BFGS:  44%|████▎     | 435/1000 [1:00:40 > 46:43]
L-BFGS:  44%|████▎     | 436/1000 [1:00:33 > 46:49]
L-BFGS:  44%|████▎     | 437/1000 [1:00:27 > 46:56]
L-BFGS:  44%|████▍     | 438/1000 [1:00:14 > 47:02]
L-BFGS:  44%|████▍     | 439/1000 [1:00:07 > 47:09]
L-BFGS:  44%|████▍     | 440/1000 [59:54 > 47:15]  
L-BFGS:  44%|████▍     | 441/1000 [59:32 > 47:21]
L-BFGS:  44%|████▍     | 442/1000 [59:48 > 47:28]
L-BFGS:  44%|████▍     | 443/1000 [59:47 > 47:34]
L-BFGS:  44%|████▍     | 444/1000 [59:37 > 47:41]
L-BFGS:  44%|████▍     | 445/1000 [59:25 > 47:47]
L-BFGS:  45%|████▍     | 446/1000 [59:25 > 47:53]
L-BFGS:  45%|████▍     | 447/1000 [59:07 > 48:00]
L-BFGS:  45%|████▍     | 448/1000 [59:29 > 48:06]
L-BFGS:  45%|████▍     | 449/1000 [59:16 > 48:13]
L-BFGS:  45%|████▌     | 450/1000 [59:14 > 48:19]
L-BFGS:  45%|████▌     | 451/1000 [59:12 > 48:26]
L-BFGS:  45%|████▌     | 452/1000 [58:58 > 48:32]
L-BFGS:  45%|████▌     | 453/1000 [58:52 > 48:39]
L-BFGS:  45%|████▌     | 454/1000 [58:41 > 48:45]
L-BFGS:  46%|████▌     | 455/1000 [58:39 > 48:52]
L-BFGS:  46%|████▌     | 456/1000 [58:47 > 48:58]
L-BFGS:  46%|████▌     | 457/1000 [58:29 > 49:05]
L-BFGS:  46%|████▌     | 458/1000 [58:12 > 49:11]
L-BFGS:  46%|████▌     | 459/1000 [57:56 > 49:17]
L-BFGS:  46%|████▌     | 460/1000 [57:50 > 49:24]
L-BFGS:  46%|████▌     | 461/1000 [57:48 > 49:30]
L-BFGS:  46%|████▌     | 462/1000 [57:41 > 49:37]
L-BFGS:  46%|████▋     | 463/1000 [57:24 > 49:43]
L-BFGS:  46%|████▋     | 464/1000 [58:08 > 49:50]
L-BFGS:  46%|████▋     | 465/1000 [57:51 > 49:56]
L-BFGS:  47%|████▋     | 466/1000 [57:29 > 50:03]
L-BFGS:  47%|████▋     | 467/1000 [57:22 > 50:09]
L-BFGS:  47%|████▋     | 468/1000 [57:16 > 50:16]
L-BFGS:  47%|████▋     | 469/1000 [57:13 > 50:22]
L-BFGS:  47%|████▋     | 470/1000 [57:10 > 50:29]
L-BFGS:  47%|████▋     | 471/1000 [57:04 > 50:35]
L-BFGS:  47%|████▋     | 472/1000 [56:41 > 50:41]
L-BFGS:  47%|████▋     | 473/1000 [56:34 > 50:48]
L-BFGS:  47%|████▋     | 474/1000 [56:19 > 50:54]
L-BFGS:  48%|████▊     | 475/1000 [56:18 > 51:01]
L-BFGS:  48%|████▊     | 476/1000 [56:16 > 51:07]
L-BFGS:  48%|████▊     | 477/1000 [56:10 > 51:14]
L-BFGS:  48%|████▊     | 478/1000 [56:11 > 51:20]
L-BFGS:  48%|████▊     | 479/1000 [56:14 > 51:27]
L-BFGS:  48%|████▊     | 480/1000 [55:59 > 51:33]
L-BFGS:  48%|████▊     | 481/1000 [55:52 > 51:39]
L-BFGS:  48%|████▊     | 482/1000 [55:40 > 51:46]
L-BFGS:  48%|████▊     | 483/1000 [55:23 > 51:52]
L-BFGS:  48%|████▊     | 484/1000 [55:19 > 51:59]
L-BFGS:  48%|████▊     | 485/1000 [55:12 > 52:05]
L-BFGS:  49%|████▊     | 486/1000 [55:10 > 52:12]
L-BFGS:  49%|████▊     | 487/1000 [55:03 > 52:18]
L-BFGS:  49%|████▉     | 488/1000 [54:53 > 52:24]
L-BFGS:  49%|████▉     | 489/1000 [54:48 > 52:31]
L-BFGS:  49%|████▉     | 490/1000 [54:37 > 52:37]
L-BFGS:  49%|████▉     | 491/1000 [54:35 > 52:44]
L-BFGS:  49%|████▉     | 492/1000 [54:27 > 52:50]
L-BFGS:  49%|████▉     | 493/1000 [54:25 > 52:57]
L-BFGS:  49%|████▉     | 494/1000 [54:08 > 53:03]
L-BFGS:  50%|████▉     | 495/1000 [54:02 > 53:09]
L-BFGS:  50%|████▉     | 496/1000 [54:06 > 53:16]
L-BFGS:  50%|████▉     | 497/1000 [53:52 > 53:22]
L-BFGS:  50%|████▉     | 498/1000 [53:44 > 53:29]
L-BFGS:  50%|████▉     | 499/1000 [53:38 > 53:35]
L-BFGS:  50%|█████     | 500/1000 [53:46 > 53:42]
L-BFGS:  50%|█████     | 501/1000 [53:40 > 53:48]
L-BFGS:  50%|█████     | 502/1000 [53:18 > 53:54]
L-BFGS:  50%|█████     | 503/1000 [53:15 > 54:01]
L-BFGS:  50%|█████     | 504/1000 [53:02 > 54:07]
L-BFGS:  50%|█████     | 505/1000 [52:52 > 54:14]
L-BFGS:  51%|█████     | 506/1000 [52:50 > 54:20]
L-BFGS:  51%|█████     | 507/1000 [52:47 > 54:27]
L-BFGS:  51%|█████     | 508/1000 [52:34 > 54:33]
L-BFGS:  51%|█████     | 509/1000 [52:26 > 54:39]
L-BFGS:  51%|█████     | 510/1000 [52:24 > 54:46]
L-BFGS:  51%|█████     | 511/1000 [52:21 > 54:52]
L-BFGS:  51%|█████     | 512/1000 [52:09 > 54:59]
L-BFGS:  51%|█████▏    | 513/1000 [52:00 > 55:05]
L-BFGS:  51%|█████▏    | 514/1000 [52:03 > 55:11]
L-BFGS:  52%|█████▏    | 515/1000 [51:55 > 55:18]
L-BFGS:  52%|█████▏    | 516/1000 [51:51 > 55:24]
L-BFGS:  52%|█████▏    | 517/1000 [51:51 > 55:31]
L-BFGS:  52%|█████▏    | 518/1000 [51:43 > 55:37]
L-BFGS:  52%|█████▏    | 519/1000 [51:24 > 55:44]
L-BFGS:  52%|█████▏    | 520/1000 [51:15 > 55:50]
L-BFGS:  52%|█████▏    | 521/1000 [51:09 > 55:56]
L-BFGS:  52%|█████▏    | 522/1000 [51:07 > 56:03]
L-BFGS:  52%|█████▏    | 523/1000 [51:00 > 56:09]
L-BFGS:  52%|█████▏    | 524/1000 [50:56 > 56:16]
L-BFGS:  52%|█████▎    | 525/1000 [50:47 > 56:22]
L-BFGS:  53%|█████▎    | 526/1000 [50:44 > 56:29]
L-BFGS:  53%|█████▎    | 527/1000 [50:34 > 56:35]
L-BFGS:  53%|█████▎    | 528/1000 [50:34 > 56:41]
L-BFGS:  53%|█████▎    | 529/1000 [50:23 > 56:48]
L-BFGS:  53%|█████▎    | 530/1000 [50:15 > 56:54]
L-BFGS:  53%|█████▎    | 531/1000 [50:16 > 57:01]
L-BFGS:  53%|█████▎    | 532/1000 [50:14 > 57:07]
L-BFGS:  53%|█████▎    | 533/1000 [50:10 > 57:14]
L-BFGS:  53%|█████▎    | 534/1000 [50:01 > 57:20]
L-BFGS:  54%|█████▎    | 535/1000 [49:57 > 57:26]
L-BFGS:  54%|█████▎    | 536/1000 [49:51 > 57:33]
L-BFGS:  54%|█████▎    | 537/1000 [49:40 > 57:39]
L-BFGS:  54%|█████▍    | 538/1000 [49:32 > 57:46]
L-BFGS:  54%|█████▍    | 539/1000 [49:26 > 57:52]
L-BFGS:  54%|█████▍    | 540/1000 [49:15 > 57:59]
L-BFGS:  54%|█████▍    | 541/1000 [49:06 > 58:05]
L-BFGS:  54%|█████▍    | 542/1000 [49:03 > 58:11]
L-BFGS:  54%|█████▍    | 543/1000 [49:02 > 58:18]
L-BFGS:  54%|█████▍    | 544/1000 [48:58 > 58:24]
L-BFGS:  55%|█████▍    | 545/1000 [48:50 > 58:31]
L-BFGS:  55%|█████▍    | 546/1000 [48:38 > 58:37]
L-BFGS:  55%|█████▍    | 547/1000 [48:25 > 58:44]
L-BFGS:  55%|█████▍    | 548/1000 [48:25 > 58:50]
L-BFGS:  55%|█████▍    | 549/1000 [48:20 > 58:56]
L-BFGS:  55%|█████▌    | 550/1000 [48:19 > 59:03]
L-BFGS:  55%|█████▌    | 551/1000 [48:11 > 59:09]
L-BFGS:  55%|█████▌    | 552/1000 [48:10 > 59:16]
L-BFGS:  55%|█████▌    | 553/1000 [48:02 > 59:22]
L-BFGS:  55%|█████▌    | 554/1000 [47:51 > 59:29]
L-BFGS:  56%|█████▌    | 555/1000 [47:44 > 59:35]
L-BFGS:  56%|█████▌    | 556/1000 [47:34 > 59:42]
L-BFGS:  56%|█████▌    | 557/1000 [48:14 > 59:48]
L-BFGS:  56%|█████▌    | 558/1000 [49:24 > 59:55]
L-BFGS:  56%|█████▌    | 559/1000 [48:53 > 1:00:02]
L-BFGS:  56%|█████▌    | 560/1000 [48:15 > 1:00:08]
L-BFGS:  56%|█████▌    | 561/1000 [47:49 > 1:00:15]
L-BFGS:  56%|█████▌    | 562/1000 [47:42 > 1:00:21]
L-BFGS:  56%|█████▋    | 563/1000 [47:19 > 1:00:28]
L-BFGS:  56%|█████▋    | 564/1000 [46:59 > 1:00:34]
L-BFGS:  56%|█████▋    | 565/1000 [46:47 > 1:00:41]
L-BFGS:  57%|█████▋    | 566/1000 [46:33 > 1:00:47]
L-BFGS:  57%|█████▋    | 567/1000 [46:24 > 1:00:53]
L-BFGS:  57%|█████▋    | 568/1000 [46:23 > 1:01:00]
L-BFGS:  57%|█████▋    | 569/1000 [46:23 > 1:01:06]
L-BFGS:  57%|█████▋    | 570/1000 [46:09 > 1:01:13]
L-BFGS:  57%|█████▋    | 571/1000 [46:01 > 1:01:19]
L-BFGS:  57%|█████▋    | 572/1000 [46:02 > 1:01:26]
L-BFGS:  57%|█████▋    | 573/1000 [45:53 > 1:01:32]
L-BFGS:  57%|█████▋    | 574/1000 [45:46 > 1:01:39]
L-BFGS:  57%|█████▊    | 575/1000 [45:37 > 1:01:45]
L-BFGS:  58%|█████▊    | 576/1000 [45:33 > 1:01:51]
L-BFGS:  58%|█████▊    | 577/1000 [45:23 > 1:01:58]
L-BFGS:  58%|█████▊    | 578/1000 [45:18 > 1:02:04]
L-BFGS:  58%|█████▊    | 579/1000 [45:06 > 1:02:11]
L-BFGS:  58%|█████▊    | 580/1000 [44:55 > 1:02:17]
L-BFGS:  58%|█████▊    | 581/1000 [44:49 > 1:02:24]
L-BFGS:  58%|█████▊    | 582/1000 [44:44 > 1:02:30]
L-BFGS:  58%|█████▊    | 583/1000 [44:34 > 1:02:36]
L-BFGS:  58%|█████▊    | 584/1000 [44:34 > 1:02:43]
L-BFGS:  58%|█████▊    | 585/1000 [44:19 > 1:02:49]
L-BFGS:  59%|█████▊    | 586/1000 [44:27 > 1:02:56]
L-BFGS:  59%|█████▊    | 587/1000 [44:18 > 1:03:02]
L-BFGS:  59%|█████▉    | 588/1000 [44:16 > 1:03:09]
L-BFGS:  59%|█████▉    | 589/1000 [44:06 > 1:03:15]
L-BFGS:  59%|█████▉    | 590/1000 [43:56 > 1:03:21]
L-BFGS:  59%|█████▉    | 591/1000 [43:49 > 1:03:28]
L-BFGS:  59%|█████▉    | 592/1000 [43:41 > 1:03:34]
L-BFGS:  59%|█████▉    | 593/1000 [43:39 > 1:03:41]
L-BFGS:  59%|█████▉    | 594/1000 [43:33 > 1:03:47]
L-BFGS:  60%|█████▉    | 595/1000 [43:56 > 1:03:54]
L-BFGS:  60%|█████▉    | 596/1000 [44:00 > 1:04:00]
L-BFGS:  60%|█████▉    | 597/1000 [43:51 > 1:04:07]
L-BFGS:  60%|█████▉    | 598/1000 [43:39 > 1:04:13]
L-BFGS:  60%|█████▉    | 599/1000 [43:32 > 1:04:20]
L-BFGS:  60%|██████    | 600/1000 [43:31 > 1:04:27]
L-BFGS:  60%|██████    | 601/1000 [43:12 > 1:04:33]
L-BFGS:  60%|██████    | 602/1000 [42:50 > 1:04:39]
L-BFGS:  60%|██████    | 603/1000 [42:35 > 1:04:46]
L-BFGS:  60%|██████    | 604/1000 [42:30 > 1:04:52]
L-BFGS:  60%|██████    | 605/1000 [42:33 > 1:04:59]
L-BFGS:  61%|██████    | 606/1000 [42:29 > 1:05:05]
L-BFGS:  61%|██████    | 607/1000 [42:22 > 1:05:12]
L-BFGS:  61%|██████    | 608/1000 [42:12 > 1:05:18]
L-BFGS:  61%|██████    | 609/1000 [42:01 > 1:05:25]
L-BFGS:  61%|██████    | 610/1000 [41:47 > 1:05:31]
L-BFGS:  61%|██████    | 611/1000 [41:44 > 1:05:37]
L-BFGS:  61%|██████    | 612/1000 [41:31 > 1:05:44]
L-BFGS:  61%|██████▏   | 613/1000 [41:19 > 1:05:50]
L-BFGS:  61%|██████▏   | 614/1000 [41:20 > 1:05:57]
L-BFGS:  62%|██████▏   | 615/1000 [41:08 > 1:06:03]
L-BFGS:  62%|██████▏   | 616/1000 [41:06 > 1:06:09]
L-BFGS:  62%|██████▏   | 617/1000 [41:03 > 1:06:16]
L-BFGS:  62%|██████▏   | 618/1000 [40:57 > 1:06:22]
L-BFGS:  62%|██████▏   | 619/1000 [40:48 > 1:06:29]
L-BFGS:  62%|██████▏   | 620/1000 [40:56 > 1:06:35]
L-BFGS:  62%|██████▏   | 621/1000 [40:49 > 1:06:42]
L-BFGS:  62%|██████▏   | 622/1000 [40:39 > 1:06:48]
L-BFGS:  62%|██████▏   | 623/1000 [40:29 > 1:06:55]
L-BFGS:  62%|██████▏   | 624/1000 [40:18 > 1:07:01]
L-BFGS:  62%|██████▎   | 625/1000 [40:17 > 1:07:07]
L-BFGS:  63%|██████▎   | 626/1000 [40:11 > 1:07:14]
L-BFGS:  63%|██████▎   | 627/1000 [40:00 > 1:07:20]
L-BFGS:  63%|██████▎   | 628/1000 [39:49 > 1:07:27]
L-BFGS:  63%|██████▎   | 629/1000 [39:45 > 1:07:33]
L-BFGS:  63%|██████▎   | 630/1000 [39:46 > 1:07:40]
L-BFGS:  63%|██████▎   | 631/1000 [39:38 > 1:07:46]
L-BFGS:  63%|██████▎   | 632/1000 [39:26 > 1:07:52]
L-BFGS:  63%|██████▎   | 633/1000 [39:30 > 1:07:59]
L-BFGS:  63%|██████▎   | 634/1000 [39:26 > 1:08:05]
L-BFGS:  64%|██████▎   | 635/1000 [39:15 > 1:08:12]
L-BFGS:  64%|██████▎   | 636/1000 [39:02 > 1:08:18]
L-BFGS:  64%|██████▎   | 637/1000 [38:49 > 1:08:25]
L-BFGS:  64%|██████▍   | 638/1000 [38:39 > 1:08:31]
L-BFGS:  64%|██████▍   | 639/1000 [38:38 > 1:08:38]
L-BFGS:  64%|██████▍   | 640/1000 [38:30 > 1:08:44]
L-BFGS:  64%|██████▍   | 641/1000 [38:33 > 1:08:50]
L-BFGS:  64%|██████▍   | 642/1000 [38:21 > 1:08:57]
L-BFGS:  64%|██████▍   | 643/1000 [38:20 > 1:09:03]
L-BFGS:  64%|██████▍   | 644/1000 [38:13 > 1:09:10]
L-BFGS:  64%|██████▍   | 645/1000 [38:01 > 1:09:16]
L-BFGS:  65%|██████▍   | 646/1000 [37:59 > 1:09:23]
L-BFGS:  65%|██████▍   | 647/1000 [37:48 > 1:09:29]
L-BFGS:  65%|██████▍   | 648/1000 [37:44 > 1:09:35]
L-BFGS:  65%|██████▍   | 649/1000 [37:34 > 1:09:42]
L-BFGS:  65%|██████▌   | 650/1000 [37:55 > 1:09:49]
L-BFGS:  65%|██████▌   | 651/1000 [38:49 > 1:09:56]
L-BFGS:  65%|██████▌   | 652/1000 [39:43 > 1:10:03]
L-BFGS:  65%|██████▌   | 653/1000 [40:20 > 1:10:10]
L-BFGS:  65%|██████▌   | 654/1000 [40:41 > 1:10:17]
L-BFGS:  66%|██████▌   | 655/1000 [40:59 > 1:10:25]
L-BFGS:  66%|██████▌   | 656/1000 [41:07 > 1:10:32]
L-BFGS:  66%|██████▌   | 657/1000 [41:10 > 1:10:39]
L-BFGS:  66%|██████▌   | 658/1000 [41:12 > 1:10:47]
L-BFGS:  66%|██████▌   | 659/1000 [41:11 > 1:10:54]
L-BFGS:  66%|██████▌   | 660/1000 [41:07 > 1:11:01]
L-BFGS:  66%|██████▌   | 661/1000 [41:01 > 1:11:08]
L-BFGS:  66%|██████▌   | 662/1000 [40:34 > 1:11:15]
L-BFGS:  66%|██████▋   | 663/1000 [40:05 > 1:11:22]
L-BFGS:  66%|██████▋   | 664/1000 [40:10 > 1:11:30]
L-BFGS:  66%|██████▋   | 665/1000 [39:49 > 1:11:37]
L-BFGS:  67%|██████▋   | 666/1000 [38:40 > 1:11:43]
L-BFGS:  67%|██████▋   | 667/1000 [37:43 > 1:11:50]
L-BFGS:  67%|██████▋   | 668/1000 [37:10 > 1:11:56]
L-BFGS:  67%|██████▋   | 669/1000 [37:21 > 1:12:03]
L-BFGS:  67%|██████▋   | 670/1000 [36:49 > 1:12:10]
L-BFGS:  67%|██████▋   | 671/1000 [36:23 > 1:12:16]
L-BFGS:  67%|██████▋   | 672/1000 [36:02 > 1:12:23]
L-BFGS:  67%|██████▋   | 673/1000 [35:41 > 1:12:29]
L-BFGS:  67%|██████▋   | 674/1000 [35:23 > 1:12:35]
L-BFGS:  68%|██████▊   | 675/1000 [36:03 > 1:12:42]
L-BFGS:  68%|██████▊   | 676/1000 [36:38 > 1:12:50]
L-BFGS:  68%|██████▊   | 677/1000 [36:35 > 1:12:56]
L-BFGS:  68%|██████▊   | 678/1000 [36:16 > 1:13:03]
L-BFGS:  68%|██████▊   | 679/1000 [35:44 > 1:13:10]
L-BFGS:  68%|██████▊   | 680/1000 [35:28 > 1:13:16]
L-BFGS:  68%|██████▊   | 681/1000 [35:19 > 1:13:23]
L-BFGS:  68%|██████▊   | 682/1000 [35:23 > 1:13:30]
L-BFGS:  68%|██████▊   | 683/1000 [35:18 > 1:13:36]
L-BFGS:  68%|██████▊   | 684/1000 [35:42 > 1:13:43]
L-BFGS:  68%|██████▊   | 685/1000 [35:36 > 1:13:50]
L-BFGS:  69%|██████▊   | 686/1000 [36:04 > 1:13:57]
L-BFGS:  69%|██████▊   | 687/1000 [35:31 > 1:14:04]
L-BFGS:  69%|██████▉   | 688/1000 [34:55 > 1:14:10]
L-BFGS:  69%|██████▉   | 689/1000 [34:22 > 1:14:17]
L-BFGS:  69%|██████▉   | 690/1000 [34:00 > 1:14:23]
L-BFGS:  69%|██████▉   | 691/1000 [33:39 > 1:14:30]
L-BFGS:  69%|██████▉   | 692/1000 [33:27 > 1:14:36]
L-BFGS:  69%|██████▉   | 693/1000 [33:14 > 1:14:43]
L-BFGS:  69%|██████▉   | 694/1000 [33:05 > 1:14:49]
L-BFGS:  70%|██████▉   | 695/1000 [33:12 > 1:14:56]
L-BFGS:  70%|██████▉   | 696/1000 [33:32 > 1:15:02]
L-BFGS:  70%|██████▉   | 697/1000 [33:39 > 1:15:09]
L-BFGS:  70%|██████▉   | 698/1000 [34:03 > 1:15:16]
L-BFGS:  70%|██████▉   | 699/1000 [34:38 > 1:15:23]
L-BFGS:  70%|███████   | 700/1000 [34:08 > 1:15:30]
L-BFGS:  70%|███████   | 701/1000 [34:23 > 1:15:37]
L-BFGS:  70%|███████   | 702/1000 [34:41 > 1:15:44]
L-BFGS:  70%|███████   | 703/1000 [33:57 > 1:15:51]
L-BFGS:  70%|███████   | 704/1000 [33:33 > 1:15:58]
L-BFGS:  70%|███████   | 705/1000 [32:55 > 1:16:04]
L-BFGS:  71%|███████   | 706/1000 [32:24 > 1:16:10]
L-BFGS:  71%|███████   | 707/1000 [31:59 > 1:16:17]
L-BFGS:  71%|███████   | 708/1000 [31:49 > 1:16:23]
L-BFGS:  71%|███████   | 709/1000 [31:39 > 1:16:30]
L-BFGS:  71%|███████   | 710/1000 [31:25 > 1:16:36]
L-BFGS:  71%|███████   | 711/1000 [31:09 > 1:16:43]
L-BFGS:  71%|███████   | 712/1000 [31:00 > 1:16:49]
L-BFGS:  71%|███████▏  | 713/1000 [30:53 > 1:16:56]
L-BFGS:  71%|███████▏  | 714/1000 [31:21 > 1:17:02]
L-BFGS:  72%|███████▏  | 715/1000 [31:01 > 1:17:09]
L-BFGS:  72%|███████▏  | 716/1000 [30:46 > 1:17:15]
L-BFGS:  72%|███████▏  | 717/1000 [30:34 > 1:17:22]
L-BFGS:  72%|███████▏  | 718/1000 [30:28 > 1:17:28]
L-BFGS:  72%|███████▏  | 719/1000 [30:26 > 1:17:35]
L-BFGS:  72%|███████▏  | 720/1000 [30:11 > 1:17:41]
L-BFGS:  72%|███████▏  | 721/1000 [30:04 > 1:17:48]
L-BFGS:  72%|███████▏  | 722/1000 [29:58 > 1:17:54]
L-BFGS:  72%|███████▏  | 723/1000 [29:51 > 1:18:01]
L-BFGS:  72%|███████▏  | 724/1000 [29:38 > 1:18:07]
L-BFGS:  72%|███████▎  | 725/1000 [29:31 > 1:18:13]
L-BFGS:  73%|███████▎  | 726/1000 [29:19 > 1:18:20]
L-BFGS:  73%|███████▎  | 727/1000 [29:10 > 1:18:26]
L-BFGS:  73%|███████▎  | 728/1000 [29:05 > 1:18:33]
L-BFGS:  73%|███████▎  | 729/1000 [28:57 > 1:18:39]
L-BFGS:  73%|███████▎  | 730/1000 [28:56 > 1:18:45]
L-BFGS:  73%|███████▎  | 731/1000 [28:49 > 1:18:52]
L-BFGS:  73%|███████▎  | 732/1000 [28:49 > 1:18:58]
L-BFGS:  73%|███████▎  | 733/1000 [28:42 > 1:19:05]
L-BFGS:  73%|███████▎  | 734/1000 [28:32 > 1:19:11]
L-BFGS:  74%|███████▎  | 735/1000 [28:19 > 1:19:18]
L-BFGS:  74%|███████▎  | 736/1000 [28:17 > 1:19:24]
L-BFGS:  74%|███████▎  | 737/1000 [28:13 > 1:19:31]
L-BFGS:  74%|███████▍  | 738/1000 [28:06 > 1:19:37]
L-BFGS:  74%|███████▍  | 739/1000 [28:02 > 1:19:43]
L-BFGS:  74%|███████▍  | 740/1000 [28:16 > 1:19:50]
L-BFGS:  74%|███████▍  | 741/1000 [28:07 > 1:19:57]
L-BFGS:  74%|███████▍  | 742/1000 [27:53 > 1:20:03]
L-BFGS:  74%|███████▍  | 743/1000 [27:44 > 1:20:10]
L-BFGS:  74%|███████▍  | 744/1000 [27:35 > 1:20:16]
L-BFGS:  74%|███████▍  | 745/1000 [27:26 > 1:20:22]
L-BFGS:  75%|███████▍  | 746/1000 [27:14 > 1:20:29]
L-BFGS:  75%|███████▍  | 747/1000 [27:09 > 1:20:35]
L-BFGS:  75%|███████▍  | 748/1000 [27:03 > 1:20:42]
L-BFGS:  75%|███████▍  | 749/1000 [26:50 > 1:20:48]
L-BFGS:  75%|███████▌  | 750/1000 [26:47 > 1:20:55]
L-BFGS:  75%|███████▌  | 751/1000 [26:40 > 1:21:01]
L-BFGS:  75%|███████▌  | 752/1000 [26:33 > 1:21:07]
L-BFGS:  75%|███████▌  | 753/1000 [26:28 > 1:21:14]
L-BFGS:  75%|███████▌  | 754/1000 [26:20 > 1:21:20]
L-BFGS:  76%|███████▌  | 755/1000 [26:10 > 1:21:27]
L-BFGS:  76%|███████▌  | 756/1000 [26:08 > 1:21:33]
L-BFGS:  76%|███████▌  | 757/1000 [26:06 > 1:21:40]
L-BFGS:  76%|███████▌  | 758/1000 [25:57 > 1:21:46]
L-BFGS:  76%|███████▌  | 759/1000 [25:51 > 1:21:52]
L-BFGS:  76%|███████▌  | 760/1000 [25:44 > 1:21:59]
L-BFGS:  76%|███████▌  | 761/1000 [25:39 > 1:22:05]
L-BFGS:  76%|███████▌  | 762/1000 [25:27 > 1:22:12]
L-BFGS:  76%|███████▋  | 763/1000 [25:19 > 1:22:18]
L-BFGS:  76%|███████▋  | 764/1000 [25:11 > 1:22:24]
L-BFGS:  76%|███████▋  | 765/1000 [25:06 > 1:22:31]
L-BFGS:  77%|███████▋  | 766/1000 [25:01 > 1:22:37]
L-BFGS:  77%|███████▋  | 767/1000 [24:57 > 1:22:44]
L-BFGS:  77%|███████▋  | 768/1000 [24:52 > 1:22:50]
L-BFGS:  77%|███████▋  | 769/1000 [24:46 > 1:22:57]
L-BFGS:  77%|███████▋  | 770/1000 [24:38 > 1:23:03]
L-BFGS:  77%|███████▋  | 771/1000 [24:36 > 1:23:10]
L-BFGS:  77%|███████▋  | 772/1000 [24:29 > 1:23:16]
L-BFGS:  77%|███████▋  | 773/1000 [24:21 > 1:23:22]
L-BFGS:  77%|███████▋  | 774/1000 [24:16 > 1:23:29]
L-BFGS:  78%|███████▊  | 775/1000 [24:13 > 1:23:35]
L-BFGS:  78%|███████▊  | 776/1000 [24:02 > 1:23:42]
L-BFGS:  78%|███████▊  | 777/1000 [23:55 > 1:23:48]
L-BFGS:  78%|███████▊  | 778/1000 [23:49 > 1:23:55]
L-BFGS:  78%|███████▊  | 779/1000 [23:40 > 1:24:01]
L-BFGS:  78%|███████▊  | 780/1000 [23:56 > 1:24:08]
L-BFGS:  78%|███████▊  | 781/1000 [23:43 > 1:24:14]
L-BFGS:  78%|███████▊  | 782/1000 [23:34 > 1:24:21]
L-BFGS:  78%|███████▊  | 783/1000 [23:20 > 1:24:27]
L-BFGS:  78%|███████▊  | 784/1000 [23:09 > 1:24:33]
L-BFGS:  78%|███████▊  | 785/1000 [23:01 > 1:24:40]
L-BFGS:  79%|███████▊  | 786/1000 [22:57 > 1:24:46]
L-BFGS:  79%|███████▊  | 787/1000 [22:47 > 1:24:53]
L-BFGS:  79%|███████▉  | 788/1000 [22:46 > 1:24:59]
L-BFGS:  79%|███████▉  | 789/1000 [22:42 > 1:25:06]
L-BFGS:  79%|███████▉  | 790/1000 [22:35 > 1:25:12]
L-BFGS:  79%|███████▉  | 791/1000 [22:28 > 1:25:19]
L-BFGS:  79%|███████▉  | 792/1000 [22:26 > 1:25:25]
L-BFGS:  79%|███████▉  | 793/1000 [22:15 > 1:25:32]
L-BFGS:  79%|███████▉  | 794/1000 [22:06 > 1:25:38]
L-BFGS:  80%|███████▉  | 795/1000 [22:01 > 1:25:44]
L-BFGS:  80%|███████▉  | 796/1000 [21:54 > 1:25:51]
L-BFGS:  80%|███████▉  | 797/1000 [21:48 > 1:25:57]
L-BFGS:  80%|███████▉  | 798/1000 [21:40 > 1:26:04]
L-BFGS:  80%|███████▉  | 799/1000 [21:33 > 1:26:10]
L-BFGS:  80%|████████  | 800/1000 [21:29 > 1:26:17]
L-BFGS:  80%|████████  | 801/1000 [21:24 > 1:26:23]
L-BFGS:  80%|████████  | 802/1000 [21:17 > 1:26:30]
L-BFGS:  80%|████████  | 803/1000 [21:10 > 1:26:36]
L-BFGS:  80%|████████  | 804/1000 [21:08 > 1:26:42]
L-BFGS:  80%|████████  | 805/1000 [21:03 > 1:26:49]
L-BFGS:  81%|████████  | 806/1000 [20:53 > 1:26:55]
L-BFGS:  81%|████████  | 807/1000 [20:44 > 1:27:02]
L-BFGS:  81%|████████  | 808/1000 [20:37 > 1:27:08]
L-BFGS:  81%|████████  | 809/1000 [20:30 > 1:27:15]
L-BFGS:  81%|████████  | 810/1000 [20:24 > 1:27:21]
L-BFGS:  81%|████████  | 811/1000 [20:19 > 1:27:28]
L-BFGS:  81%|████████  | 812/1000 [20:10 > 1:27:34]
L-BFGS:  81%|████████▏ | 813/1000 [20:00 > 1:27:40]
L-BFGS:  81%|████████▏ | 814/1000 [19:56 > 1:27:47]
L-BFGS:  82%|████████▏ | 815/1000 [19:52 > 1:27:53]
L-BFGS:  82%|████████▏ | 816/1000 [19:42 > 1:28:00]
L-BFGS:  82%|████████▏ | 817/1000 [19:36 > 1:28:06]
L-BFGS:  82%|████████▏ | 818/1000 [19:28 > 1:28:13]
L-BFGS:  82%|████████▏ | 819/1000 [19:24 > 1:28:19]
L-BFGS:  82%|████████▏ | 820/1000 [19:17 > 1:28:25]
L-BFGS:  82%|████████▏ | 821/1000 [19:11 > 1:28:32]
L-BFGS:  82%|████████▏ | 822/1000 [19:09 > 1:28:38]
L-BFGS:  82%|████████▏ | 823/1000 [18:59 > 1:28:45]
L-BFGS:  82%|████████▏ | 824/1000 [18:55 > 1:28:51]
L-BFGS:  82%|████████▎ | 825/1000 [18:48 > 1:28:58]
L-BFGS:  83%|████████▎ | 826/1000 [18:39 > 1:29:04]
L-BFGS:  83%|████████▎ | 827/1000 [18:32 > 1:29:11]
L-BFGS:  83%|████████▎ | 828/1000 [18:23 > 1:29:17]
L-BFGS:  83%|████████▎ | 829/1000 [18:16 > 1:29:23]
L-BFGS:  83%|████████▎ | 830/1000 [18:08 > 1:29:30]
L-BFGS:  83%|████████▎ | 831/1000 [18:01 > 1:29:36]
L-BFGS:  83%|████████▎ | 832/1000 [17:57 > 1:29:43]
L-BFGS:  83%|████████▎ | 833/1000 [17:58 > 1:29:49]
L-BFGS:  83%|████████▎ | 834/1000 [18:00 > 1:29:56]
L-BFGS:  84%|████████▎ | 835/1000 [17:49 > 1:30:02]
L-BFGS:  84%|████████▎ | 836/1000 [17:41 > 1:30:09]
L-BFGS:  84%|████████▎ | 837/1000 [17:32 > 1:30:15]
L-BFGS:  84%|████████▍ | 838/1000 [17:25 > 1:30:21]
L-BFGS:  84%|████████▍ | 839/1000 [17:17 > 1:30:28]
L-BFGS:  84%|████████▍ | 840/1000 [17:10 > 1:30:34]
L-BFGS:  84%|████████▍ | 841/1000 [17:04 > 1:30:41]
L-BFGS:  84%|████████▍ | 842/1000 [16:56 > 1:30:47]
L-BFGS:  84%|████████▍ | 843/1000 [16:55 > 1:30:54]
L-BFGS:  84%|████████▍ | 844/1000 [16:48 > 1:31:00]
L-BFGS:  84%|████████▍ | 845/1000 [16:41 > 1:31:07]
L-BFGS:  85%|████████▍ | 846/1000 [16:31 > 1:31:13]
L-BFGS:  85%|████████▍ | 847/1000 [16:24 > 1:31:19]
L-BFGS:  85%|████████▍ | 848/1000 [16:13 > 1:31:26]
L-BFGS:  85%|████████▍ | 849/1000 [16:10 > 1:31:32]
L-BFGS:  85%|████████▌ | 850/1000 [16:02 > 1:31:39]
L-BFGS:  85%|████████▌ | 851/1000 [15:55 > 1:31:45]
L-BFGS:  85%|████████▌ | 852/1000 [15:50 > 1:31:52]
L-BFGS:  85%|████████▌ | 853/1000 [15:45 > 1:31:58]
L-BFGS:  85%|████████▌ | 854/1000 [15:36 > 1:32:04]
L-BFGS:  86%|████████▌ | 855/1000 [15:30 > 1:32:11]
L-BFGS:  86%|████████▌ | 856/1000 [15:25 > 1:32:17]
L-BFGS:  86%|████████▌ | 857/1000 [15:18 > 1:32:24]
L-BFGS:  86%|████████▌ | 858/1000 [15:14 > 1:32:30]
L-BFGS:  86%|████████▌ | 859/1000 [15:07 > 1:32:37]
L-BFGS:  86%|████████▌ | 860/1000 [15:01 > 1:32:43]
L-BFGS:  86%|████████▌ | 861/1000 [14:52 > 1:32:49]
L-BFGS:  86%|████████▌ | 862/1000 [14:47 > 1:32:56]
L-BFGS:  86%|████████▋ | 863/1000 [14:39 > 1:33:02]
L-BFGS:  86%|████████▋ | 864/1000 [14:33 > 1:33:09]
L-BFGS:  86%|████████▋ | 865/1000 [14:28 > 1:33:15]
L-BFGS:  87%|████████▋ | 866/1000 [14:22 > 1:33:22]
L-BFGS:  87%|████████▋ | 867/1000 [14:14 > 1:33:28]
L-BFGS:  87%|████████▋ | 868/1000 [14:09 > 1:33:34]
L-BFGS:  87%|████████▋ | 869/1000 [14:03 > 1:33:41]
L-BFGS:  87%|████████▋ | 870/1000 [13:57 > 1:33:47]
L-BFGS:  87%|████████▋ | 871/1000 [13:49 > 1:33:54]
L-BFGS:  87%|████████▋ | 872/1000 [13:45 > 1:34:00]
L-BFGS:  87%|████████▋ | 873/1000 [13:35 > 1:34:07]
L-BFGS:  87%|████████▋ | 874/1000 [13:27 > 1:34:13]
L-BFGS:  88%|████████▊ | 875/1000 [13:20 > 1:34:19]
L-BFGS:  88%|████████▊ | 876/1000 [13:18 > 1:34:26]
L-BFGS:  88%|████████▊ | 877/1000 [13:13 > 1:34:32]
L-BFGS:  88%|████████▊ | 878/1000 [13:04 > 1:34:39]
L-BFGS:  88%|████████▊ | 879/1000 [12:56 > 1:34:45]
L-BFGS:  88%|████████▊ | 880/1000 [12:48 > 1:34:51]
L-BFGS:  88%|████████▊ | 881/1000 [12:42 > 1:34:58]
L-BFGS:  88%|████████▊ | 882/1000 [12:35 > 1:35:04]
L-BFGS:  88%|████████▊ | 883/1000 [12:31 > 1:35:11]
L-BFGS:  88%|████████▊ | 884/1000 [12:23 > 1:35:17]
L-BFGS:  88%|████████▊ | 885/1000 [12:20 > 1:35:24]
L-BFGS:  89%|████████▊ | 886/1000 [12:13 > 1:35:30]
L-BFGS:  89%|████████▊ | 887/1000 [12:08 > 1:35:37]
L-BFGS:  89%|████████▉ | 888/1000 [12:00 > 1:35:43]
L-BFGS:  89%|████████▉ | 889/1000 [11:53 > 1:35:49]
L-BFGS:  89%|████████▉ | 890/1000 [11:46 > 1:35:56]
L-BFGS:  89%|████████▉ | 891/1000 [11:40 > 1:36:02]
L-BFGS:  89%|████████▉ | 892/1000 [11:34 > 1:36:09]
L-BFGS:  89%|████████▉ | 893/1000 [11:29 > 1:36:15]
L-BFGS:  89%|████████▉ | 894/1000 [11:20 > 1:36:21]
L-BFGS:  90%|████████▉ | 895/1000 [11:12 > 1:36:28]
L-BFGS:  90%|████████▉ | 896/1000 [11:05 > 1:36:34]
L-BFGS:  90%|████████▉ | 897/1000 [10:59 > 1:36:41]
L-BFGS:  90%|████████▉ | 898/1000 [10:52 > 1:36:47]
L-BFGS:  90%|████████▉ | 899/1000 [10:46 > 1:36:53]
L-BFGS:  90%|█████████ | 900/1000 [10:39 > 1:37:00]
L-BFGS:  90%|█████████ | 901/1000 [10:33 > 1:37:06]
L-BFGS:  90%|█████████ | 902/1000 [10:26 > 1:37:13]
L-BFGS:  90%|█████████ | 903/1000 [10:20 > 1:37:19]
L-BFGS:  90%|█████████ | 904/1000 [10:14 > 1:37:25]
L-BFGS:  90%|█████████ | 905/1000 [10:09 > 1:37:32]
L-BFGS:  91%|█████████ | 906/1000 [10:02 > 1:37:38]
L-BFGS:  91%|█████████ | 907/1000 [09:58 > 1:37:45]
L-BFGS:  91%|█████████ | 908/1000 [09:50 > 1:37:51]
L-BFGS:  91%|█████████ | 909/1000 [09:45 > 1:37:58]
L-BFGS:  91%|█████████ | 910/1000 [09:37 > 1:38:04]
L-BFGS:  91%|█████████ | 911/1000 [09:30 > 1:38:10]
L-BFGS:  91%|█████████ | 912/1000 [09:25 > 1:38:17]
L-BFGS:  91%|█████████▏| 913/1000 [09:17 > 1:38:23]
L-BFGS:  91%|█████████▏| 914/1000 [09:10 > 1:38:30]
L-BFGS:  92%|█████████▏| 915/1000 [09:05 > 1:38:36]
L-BFGS:  92%|█████████▏| 916/1000 [08:58 > 1:38:42]
L-BFGS:  92%|█████████▏| 917/1000 [08:50 > 1:38:49]
L-BFGS:  92%|█████████▏| 918/1000 [08:46 > 1:38:55]
L-BFGS:  92%|█████████▏| 919/1000 [08:41 > 1:39:02]
L-BFGS:  92%|█████████▏| 920/1000 [08:35 > 1:39:08]
L-BFGS:  92%|█████████▏| 921/1000 [08:26 > 1:39:15]
L-BFGS:  92%|█████████▏| 922/1000 [08:18 > 1:39:21]
L-BFGS:  92%|█████████▏| 923/1000 [08:12 > 1:39:27]
L-BFGS:  92%|█████████▏| 924/1000 [08:08 > 1:39:34]
L-BFGS:  92%|█████████▎| 925/1000 [08:01 > 1:39:40]
L-BFGS:  93%|█████████▎| 926/1000 [07:55 > 1:39:47]
L-BFGS:  93%|█████████▎| 927/1000 [07:53 > 1:39:53]
L-BFGS:  93%|█████████▎| 928/1000 [07:44 > 1:40:00]
L-BFGS:  93%|█████████▎| 929/1000 [07:37 > 1:40:06]
L-BFGS:  93%|█████████▎| 930/1000 [07:29 > 1:40:12]
L-BFGS:  93%|█████████▎| 931/1000 [07:22 > 1:40:19]
L-BFGS:  93%|█████████▎| 932/1000 [07:16 > 1:40:25]
L-BFGS:  93%|█████████▎| 933/1000 [07:10 > 1:40:32]
L-BFGS:  93%|█████████▎| 934/1000 [07:03 > 1:40:38]
L-BFGS:  94%|█████████▎| 935/1000 [06:57 > 1:40:45]
L-BFGS:  94%|█████████▎| 936/1000 [06:50 > 1:40:51]
L-BFGS:  94%|█████████▎| 937/1000 [06:45 > 1:40:57]
L-BFGS:  94%|█████████▍| 938/1000 [06:38 > 1:41:04]
L-BFGS:  94%|█████████▍| 939/1000 [06:31 > 1:41:10]
L-BFGS:  94%|█████████▍| 940/1000 [06:26 > 1:41:17]
L-BFGS:  94%|█████████▍| 941/1000 [06:19 > 1:41:23]
L-BFGS:  94%|█████████▍| 942/1000 [06:12 > 1:41:30]
L-BFGS:  94%|█████████▍| 943/1000 [06:05 > 1:41:36]
L-BFGS:  94%|█████████▍| 944/1000 [05:58 > 1:41:42]
L-BFGS:  94%|█████████▍| 945/1000 [05:52 > 1:41:49]
L-BFGS:  95%|█████████▍| 946/1000 [05:46 > 1:41:55]
L-BFGS:  95%|█████████▍| 947/1000 [05:41 > 1:42:02]
L-BFGS:  95%|█████████▍| 948/1000 [05:37 > 1:42:08]
L-BFGS:  95%|█████████▍| 949/1000 [05:29 > 1:42:15]
L-BFGS:  95%|█████████▌| 950/1000 [05:22 > 1:42:21]
L-BFGS:  95%|█████████▌| 951/1000 [05:14 > 1:42:27]
L-BFGS:  95%|█████████▌| 952/1000 [05:08 > 1:42:34]
L-BFGS:  95%|█████████▌| 953/1000 [05:02 > 1:42:40]
L-BFGS:  95%|█████████▌| 954/1000 [04:56 > 1:42:47]
L-BFGS:  96%|█████████▌| 955/1000 [04:49 > 1:42:53]
L-BFGS:  96%|█████████▌| 956/1000 [04:43 > 1:43:00]
L-BFGS:  96%|█████████▌| 957/1000 [04:37 > 1:43:06]
L-BFGS:  96%|█████████▌| 958/1000 [04:30 > 1:43:12]
L-BFGS:  96%|█████████▌| 959/1000 [04:23 > 1:43:19]
L-BFGS:  96%|█████████▌| 960/1000 [04:17 > 1:43:25]
L-BFGS:  96%|█████████▌| 961/1000 [04:10 > 1:43:32]
L-BFGS:  96%|█████████▌| 962/1000 [04:04 > 1:43:38]
L-BFGS:  96%|█████████▋| 963/1000 [03:57 > 1:43:45]
L-BFGS:  96%|█████████▋| 964/1000 [03:51 > 1:43:51]
L-BFGS:  96%|█████████▋| 965/1000 [03:45 > 1:43:57]
L-BFGS:  97%|█████████▋| 966/1000 [03:38 > 1:44:04]
L-BFGS:  97%|█████████▋| 967/1000 [03:31 > 1:44:10]
L-BFGS:  97%|█████████▋| 968/1000 [03:25 > 1:44:17]
L-BFGS:  97%|█████████▋| 969/1000 [03:19 > 1:44:23]
L-BFGS:  97%|█████████▋| 970/1000 [03:12 > 1:44:30]
L-BFGS:  97%|█████████▋| 971/1000 [03:06 > 1:44:36]
L-BFGS:  97%|█████████▋| 972/1000 [03:00 > 1:44:42]
L-BFGS:  97%|█████████▋| 973/1000 [02:54 > 1:44:49]
L-BFGS:  97%|█████████▋| 974/1000 [02:47 > 1:44:55]
L-BFGS:  98%|█████████▊| 975/1000 [02:41 > 1:45:02]
L-BFGS:  98%|█████████▊| 976/1000 [02:34 > 1:45:08]
L-BFGS:  98%|█████████▊| 977/1000 [02:28 > 1:45:15]
L-BFGS:  98%|█████████▊| 978/1000 [02:21 > 1:45:21]
L-BFGS:  98%|█████████▊| 979/1000 [02:15 > 1:45:28]
L-BFGS:  98%|█████████▊| 980/1000 [02:08 > 1:45:34]
L-BFGS:  98%|█████████▊| 981/1000 [02:02 > 1:45:40]
L-BFGS:  98%|█████████▊| 982/1000 [01:55 > 1:45:47]
L-BFGS:  98%|█████████▊| 983/1000 [01:49 > 1:45:53]
L-BFGS:  98%|█████████▊| 984/1000 [01:42 > 1:46:00]
L-BFGS:  98%|█████████▊| 985/1000 [01:36 > 1:46:06]
L-BFGS:  99%|█████████▊| 986/1000 [01:30 > 1:46:13]
L-BFGS:  99%|█████████▊| 987/1000 [01:23 > 1:46:19]
L-BFGS:  99%|█████████▉| 988/1000 [01:16 > 1:46:25]
L-BFGS:  99%|█████████▉| 989/1000 [01:10 > 1:46:32]
L-BFGS:  99%|█████████▉| 990/1000 [01:04 > 1:46:38]
L-BFGS:  99%|█████████▉| 991/1000 [00:57 > 1:46:45]
L-BFGS:  99%|█████████▉| 992/1000 [00:51 > 1:46:51]
L-BFGS:  99%|█████████▉| 993/1000 [00:44 > 1:46:57]
L-BFGS:  99%|█████████▉| 994/1000 [00:38 > 1:47:04]
L-BFGS: 100%|█████████▉| 995/1000 [00:32 > 1:47:10]
L-BFGS: 100%|█████████▉| 996/1000 [00:25 > 1:47:17]
L-BFGS: 100%|█████████▉| 997/1000 [00:19 > 1:47:23]
L-BFGS: 100%|█████████▉| 998/1000 [00:12 > 1:47:30]
L-BFGS: 100%|█████████▉| 999/1000 [00:06 > 1:47:36]
L-BFGS: 100%|██████████| 1000/1000 [00:00 > 1:47:43]
L-BFGS: 100%|██████████| 1000/1000 [00:00 > 1:47:43]
Training saved: C:\Ali Computation\pinn\code\heterogeneous\pino_heterogeneous\results\pino_heterogeneous_concentration.png C:\Ali Computation\pinn\code\heterogeneous\pino_heterogeneous\results\pino_heterogeneous_loss.png C:\Ali Computation\pinn\code\heterogeneous\pino_heterogeneous\results\pino_heterogeneous_model.pt
COMSOL validation: 81 media -> C:\Ali Computation\pinn\code\heterogeneous\pino_heterogeneous\results\comsol_validation  (x* collocation n=86)

COMSOL vs PINO:   0%|          | 0/81 [00:00<?, ?it/s]
COMSOL vs PINO:   1%|          | 1/81 [00:01<01:20,  1.00s/it]
COMSOL vs PINO:   2%|▏         | 2/81 [00:02<01:19,  1.00s/it]
COMSOL vs PINO:   4%|▎         | 3/81 [00:03<01:18,  1.01s/it]
COMSOL vs PINO:   5%|▍         | 4/81 [00:04<01:24,  1.10s/it]
COMSOL vs PINO:   6%|▌         | 5/81 [00:05<01:21,  1.07s/it]
COMSOL vs PINO:   7%|▋         | 6/81 [00:06<01:17,  1.03s/it]
COMSOL vs PINO:   9%|▊         | 7/81 [00:07<01:15,  1.02s/it]
COMSOL vs PINO:  10%|▉         | 8/81 [00:08<01:13,  1.01s/it]
COMSOL vs PINO:  11%|█         | 9/81 [00:09<01:12,  1.00s/it]
COMSOL vs PINO:  12%|█▏        | 10/81 [00:10<01:10,  1.00it/s]
COMSOL vs PINO:  14%|█▎        | 11/81 [00:11<01:09,  1.01it/s]
COMSOL vs PINO:  15%|█▍        | 12/81 [00:12<01:07,  1.02it/s]
COMSOL vs PINO:  16%|█▌        | 13/81 [00:13<01:07,  1.01it/s]
COMSOL vs PINO:  17%|█▋        | 14/81 [00:14<01:06,  1.01it/s]
COMSOL vs PINO:  19%|█▊        | 15/81 [00:15<01:04,  1.02it/s]
COMSOL vs PINO:  20%|█▉        | 16/81 [00:16<01:04,  1.02it/s]
COMSOL vs PINO:  21%|██        | 17/81 [00:17<01:03,  1.01it/s]
COMSOL vs PINO:  22%|██▏       | 18/81 [00:18<01:03,  1.00s/it]
COMSOL vs PINO:  23%|██▎       | 19/81 [00:19<01:08,  1.10s/it]
COMSOL vs PINO:  25%|██▍       | 20/81 [00:20<01:05,  1.07s/it]
COMSOL vs PINO:  26%|██▌       | 21/81 [00:21<01:02,  1.04s/it]
COMSOL vs PINO:  27%|██▋       | 22/81 [00:22<01:00,  1.02s/it]
COMSOL vs PINO:  28%|██▊       | 23/81 [00:23<00:58,  1.02s/it]
COMSOL vs PINO:  30%|██▉       | 24/81 [00:24<00:57,  1.01s/it]
COMSOL vs PINO:  31%|███       | 25/81 [00:25<00:56,  1.01s/it]
COMSOL vs PINO:  32%|███▏      | 26/81 [00:26<00:54,  1.00it/s]
COMSOL vs PINO:  33%|███▎      | 27/81 [00:27<00:53,  1.01it/s]
COMSOL vs PINO:  35%|███▍      | 28/81 [00:28<00:53,  1.00s/it]
COMSOL vs PINO:  36%|███▌      | 29/81 [00:29<00:52,  1.00s/it]
COMSOL vs PINO:  37%|███▋      | 30/81 [00:30<00:51,  1.00s/it]
COMSOL vs PINO:  38%|███▊      | 31/81 [00:31<00:49,  1.00it/s]
COMSOL vs PINO:  40%|███▉      | 32/81 [00:32<00:53,  1.09s/it]
COMSOL vs PINO:  41%|████      | 33/81 [00:33<00:51,  1.07s/it]
COMSOL vs PINO:  42%|████▏     | 34/81 [00:34<00:49,  1.05s/it]
COMSOL vs PINO:  43%|████▎     | 35/81 [00:35<00:47,  1.03s/it]
COMSOL vs PINO:  44%|████▍     | 36/81 [00:36<00:45,  1.02s/it]
COMSOL vs PINO:  46%|████▌     | 37/81 [00:37<00:44,  1.01s/it]
COMSOL vs PINO:  47%|████▋     | 38/81 [00:38<00:43,  1.01s/it]
COMSOL vs PINO:  48%|████▊     | 39/81 [00:39<00:42,  1.01s/it]
COMSOL vs PINO:  49%|████▉     | 40/81 [00:40<00:40,  1.00it/s]
COMSOL vs PINO:  51%|█████     | 41/81 [00:41<00:40,  1.01s/it]
COMSOL vs PINO:  52%|█████▏    | 42/81 [00:42<00:39,  1.01s/it]
COMSOL vs PINO:  53%|█████▎    | 43/81 [00:43<00:38,  1.00s/it]
COMSOL vs PINO:  54%|█████▍    | 44/81 [00:44<00:36,  1.00it/s]
COMSOL vs PINO:  56%|█████▌    | 45/81 [00:45<00:36,  1.00s/it]
COMSOL vs PINO:  57%|█████▋    | 46/81 [00:46<00:35,  1.01s/it]
COMSOL vs PINO:  58%|█████▊    | 47/81 [00:48<00:37,  1.11s/it]
COMSOL vs PINO:  59%|█████▉    | 48/81 [00:49<00:35,  1.07s/it]
COMSOL vs PINO:  60%|██████    | 49/81 [00:50<00:33,  1.05s/it]
COMSOL vs PINO:  62%|██████▏   | 50/81 [00:51<00:32,  1.04s/it]
COMSOL vs PINO:  63%|██████▎   | 51/81 [00:52<00:30,  1.03s/it]
COMSOL vs PINO:  64%|██████▍   | 52/81 [00:53<00:29,  1.02s/it]
COMSOL vs PINO:  65%|██████▌   | 53/81 [00:54<00:28,  1.01s/it]
COMSOL vs PINO:  67%|██████▋   | 54/81 [00:55<00:27,  1.02s/it]
COMSOL vs PINO:  68%|██████▊   | 55/81 [00:56<00:26,  1.01s/it]
COMSOL vs PINO:  69%|██████▉   | 56/81 [00:57<00:25,  1.01s/it]
COMSOL vs PINO:  70%|███████   | 57/81 [00:58<00:24,  1.01s/it]
COMSOL vs PINO:  72%|███████▏  | 58/81 [00:59<00:22,  1.00it/s]
COMSOL vs PINO:  73%|███████▎  | 59/81 [01:00<00:22,  1.00s/it]
COMSOL vs PINO:  74%|███████▍  | 60/81 [01:01<00:21,  1.00s/it]
COMSOL vs PINO:  75%|███████▌  | 61/81 [01:02<00:20,  1.00s/it]
COMSOL vs PINO:  77%|███████▋  | 62/81 [01:03<00:20,  1.10s/it]
COMSOL vs PINO:  78%|███████▊  | 63/81 [01:04<00:19,  1.06s/it]
COMSOL vs PINO:  79%|███████▉  | 64/81 [01:05<00:17,  1.04s/it]
COMSOL vs PINO:  80%|████████  | 65/81 [01:06<00:16,  1.03s/it]
COMSOL vs PINO:  81%|████████▏ | 66/81 [01:07<00:15,  1.02s/it]
COMSOL vs PINO:  83%|████████▎ | 67/81 [01:08<00:14,  1.02s/it]
COMSOL vs PINO:  84%|████████▍ | 68/81 [01:09<00:13,  1.01s/it]
COMSOL vs PINO:  85%|████████▌ | 69/81 [01:10<00:12,  1.00s/it]
COMSOL vs PINO:  86%|████████▋ | 70/81 [01:11<00:11,  1.01s/it]
COMSOL vs PINO:  88%|████████▊ | 71/81 [01:12<00:10,  1.00s/it]
COMSOL vs PINO:  89%|████████▉ | 72/81 [01:13<00:09,  1.02s/it]
COMSOL vs PINO:  90%|█████████ | 73/81 [01:14<00:08,  1.03s/it]
COMSOL vs PINO:  91%|█████████▏| 74/81 [01:15<00:07,  1.02s/it]
COMSOL vs PINO:  93%|█████████▎| 75/81 [01:16<00:06,  1.11s/it]
COMSOL vs PINO:  94%|█████████▍| 76/81 [01:17<00:05,  1.09s/it]
COMSOL vs PINO:  95%|█████████▌| 77/81 [01:18<00:04,  1.07s/it]
COMSOL vs PINO:  96%|█████████▋| 78/81 [01:19<00:03,  1.05s/it]
COMSOL vs PINO:  98%|█████████▊| 79/81 [01:20<00:02,  1.03s/it]
COMSOL vs PINO:  99%|█████████▉| 80/81 [01:21<00:01,  1.02s/it]
COMSOL vs PINO: 100%|██████████| 81/81 [01:22<00:00,  1.01s/it]
COMSOL vs PINO: 100%|██████████| 81/81 [01:22<00:00,  1.02s/it]
COMSOL validation summary: n=81  mean=1.369286e-01  max=2.376775e-01  min=8.076797e-02
Wrote C:\Ali Computation\pinn\code\heterogeneous\pino_heterogeneous\results\comsol_validation\comsol_validation_summary.csv

# exit 0 after 1:49:27.025867
