# code/heterogeneous/pino_heterogeneous/pinn1d_heterogeneous_parametric_neural_operator.py --design capacity --out-dir results/exp_A_capacity --skip-validation-plots
# started 2026-06-10 19:57:34
# cwd C:\Ali Computation\pinn\code\heterogeneous\pino_heterogeneous

Using CPU (CUDA not available, dtype=torch.float32)
PE (computed) = 0.010368
design=capacity  n_train_requested=81  batch_mode=True
results_dir=C:\Ali Computation\pinn\code\heterogeneous\pino_heterogeneous\results\exp_A_capacity
Training: 81 COMSOL grid tuples (capacity / in-sample)
  saved/loaded: C:\Ali Computation\pinn\code\heterogeneous\pino_heterogeneous\results\exp_A_capacity\train_u_cases.csv
  branch CFL range [0.12, 0.6]
PDE mesh: bulk 50x50x81 + interface bands (36 x* / band, +/-0.025 around (0.2, 0.4, 0.6))
COMSOL validation: 81 fixed grid cases from comsol_4zones.txt
run_training=True  run_comsol_validation=True  skip_validation_plots=True
PDE collocation points: 348,300 (bulk 202,500, interface 145,800)
Collocation mesh plot (pre-train): C:\Ali Computation\pinn\code\heterogeneous\pino_heterogeneous\results\exp_A_capacity\pino_heterogeneous_collocation_points.png
LBFGS (
Parameter Group 0
    history_size: 50
    line_search_fn: strong_wolfe
    lr: 1
    max_eval: 1
    max_iter: 1
    tolerance_change: 1e-09
    tolerance_grad: 1e-07
)

L-BFGS:   0%|          | 0/1000 [? > 00:00]
L-BFGS:   0%|          | 1/1000 [22:08 > 00:01]
L-BFGS:   0%|          | 2/1000 [20:22 > 00:02]
L-BFGS:   0%|          | 3/1000 [20:03 > 00:03]
L-BFGS:   0%|          | 4/1000 [19:45 > 00:04]
L-BFGS:   0%|          | 5/1000 [19:35 > 00:05]
L-BFGS:   1%|          | 6/1000 [19:26 > 00:07]
L-BFGS:   1%|          | 7/1000 [19:21 > 00:08]
L-BFGS:   1%|          | 8/1000 [19:14 > 00:09]
L-BFGS:   1%|          | 9/1000 [19:16 > 00:10]
L-BFGS:   1%|          | 10/1000 [19:11 > 00:11]
L-BFGS:   1%|          | 11/1000 [19:07 > 00:12]
L-BFGS:   1%|          | 12/1000 [19:08 > 00:14]
L-BFGS:   1%|▏         | 13/1000 [19:03 > 00:15]
L-BFGS:   1%|▏         | 14/1000 [18:59 > 00:16]
L-BFGS:   2%|▏         | 15/1000 [19:03 > 00:17]
L-BFGS:   2%|▏         | 16/1000 [19:01 > 00:18]
L-BFGS:   2%|▏         | 17/1000 [19:04 > 00:19]
L-BFGS:   2%|▏         | 18/1000 [19:00 > 00:21]
L-BFGS:   2%|▏         | 19/1000 [18:59 > 00:22]
L-BFGS:   2%|▏         | 20/1000 [18:59 > 00:23]
L-BFGS:   2%|▏         | 21/1000 [18:53 > 00:24]
L-BFGS:   2%|▏         | 22/1000 [18:52 > 00:25]
L-BFGS:   2%|▏         | 23/1000 [18:51 > 00:26]
L-BFGS:   2%|▏         | 24/1000 [18:51 > 00:28]
L-BFGS:   2%|▎         | 25/1000 [18:48 > 00:29]
L-BFGS:   3%|▎         | 26/1000 [18:47 > 00:30]
L-BFGS:   3%|▎         | 27/1000 [18:45 > 00:31]
L-BFGS:   3%|▎         | 28/1000 [18:47 > 00:32]
L-BFGS:   3%|▎         | 29/1000 [18:47 > 00:33]
L-BFGS:   3%|▎         | 30/1000 [18:49 > 00:35]
L-BFGS:   3%|▎         | 31/1000 [18:54 > 00:36]
L-BFGS:   3%|▎         | 32/1000 [18:53 > 00:37]
L-BFGS:   3%|▎         | 33/1000 [18:48 > 00:38]
L-BFGS:   3%|▎         | 34/1000 [18:46 > 00:39]
L-BFGS:   4%|▎         | 35/1000 [18:45 > 00:40]
L-BFGS:   4%|▎         | 36/1000 [18:41 > 00:42]
L-BFGS:   4%|▎         | 37/1000 [18:40 > 00:43]
L-BFGS:   4%|▍         | 38/1000 [18:33 > 00:44]
L-BFGS:   4%|▍         | 39/1000 [18:33 > 00:45]
L-BFGS:   4%|▍         | 40/1000 [18:34 > 00:46]
L-BFGS:   4%|▍         | 41/1000 [18:33 > 00:47]
L-BFGS:   4%|▍         | 42/1000 [18:32 > 00:48]
L-BFGS:   4%|▍         | 43/1000 [18:27 > 00:50]
L-BFGS:   4%|▍         | 44/1000 [18:27 > 00:51]
L-BFGS:   4%|▍         | 45/1000 [18:29 > 00:52]
L-BFGS:   5%|▍         | 46/1000 [18:28 > 00:53]
L-BFGS:   5%|▍         | 47/1000 [18:26 > 00:54]
L-BFGS:   5%|▍         | 48/1000 [18:23 > 00:55]
L-BFGS:   5%|▍         | 49/1000 [18:22 > 00:57]
L-BFGS:   5%|▌         | 50/1000 [18:22 > 00:58]
L-BFGS:   5%|▌         | 51/1000 [18:21 > 00:59]
L-BFGS:   5%|▌         | 52/1000 [18:25 > 01:00]
L-BFGS:   5%|▌         | 53/1000 [18:23 > 01:01]
L-BFGS:   5%|▌         | 54/1000 [18:14 > 01:02]
L-BFGS:   6%|▌         | 55/1000 [18:09 > 01:04]
L-BFGS:   6%|▌         | 56/1000 [18:01 > 01:05]
L-BFGS:   6%|▌         | 57/1000 [18:04 > 01:06]
L-BFGS:   6%|▌         | 58/1000 [18:11 > 01:07]
L-BFGS:   6%|▌         | 59/1000 [18:09 > 01:08]
L-BFGS:   6%|▌         | 60/1000 [18:10 > 01:09]
L-BFGS:   6%|▌         | 61/1000 [18:09 > 01:10]
L-BFGS:   6%|▌         | 62/1000 [18:08 > 01:12]
L-BFGS:   6%|▋         | 63/1000 [18:03 > 01:13]
L-BFGS:   6%|▋         | 64/1000 [18:05 > 01:14]
L-BFGS:   6%|▋         | 65/1000 [18:05 > 01:15]
L-BFGS:   7%|▋         | 66/1000 [18:02 > 01:16]
L-BFGS:   7%|▋         | 67/1000 [17:57 > 01:17]
L-BFGS:   7%|▋         | 68/1000 [17:58 > 01:19]
L-BFGS:   7%|▋         | 69/1000 [18:02 > 01:20]
L-BFGS:   7%|▋         | 70/1000 [18:00 > 01:21]
L-BFGS:   7%|▋         | 71/1000 [17:55 > 01:22]
L-BFGS:   7%|▋         | 72/1000 [17:58 > 01:23]
L-BFGS:   7%|▋         | 73/1000 [17:56 > 01:24]
L-BFGS:   7%|▋         | 74/1000 [17:59 > 01:26]
L-BFGS:   8%|▊         | 75/1000 [18:01 > 01:27]
L-BFGS:   8%|▊         | 76/1000 [17:53 > 01:28]
L-BFGS:   8%|▊         | 77/1000 [17:50 > 01:29]
L-BFGS:   8%|▊         | 78/1000 [17:50 > 01:30]
L-BFGS:   8%|▊         | 79/1000 [17:50 > 01:31]
L-BFGS:   8%|▊         | 80/1000 [17:47 > 01:33]
L-BFGS:   8%|▊         | 81/1000 [17:46 > 01:34]
L-BFGS:   8%|▊         | 82/1000 [17:42 > 01:35]
L-BFGS:   8%|▊         | 83/1000 [17:44 > 01:36]
L-BFGS:   8%|▊         | 84/1000 [17:42 > 01:37]
L-BFGS:   8%|▊         | 85/1000 [17:46 > 01:38]
L-BFGS:   9%|▊         | 86/1000 [17:43 > 01:40]
L-BFGS:   9%|▊         | 87/1000 [17:37 > 01:41]
L-BFGS:   9%|▉         | 88/1000 [17:40 > 01:42]
L-BFGS:   9%|▉         | 89/1000 [17:35 > 01:43]
L-BFGS:   9%|▉         | 90/1000 [17:36 > 01:44]
L-BFGS:   9%|▉         | 91/1000 [17:35 > 01:45]
L-BFGS:   9%|▉         | 92/1000 [17:40 > 01:46]
L-BFGS:   9%|▉         | 93/1000 [17:32 > 01:48]
L-BFGS:   9%|▉         | 94/1000 [17:28 > 01:49]
L-BFGS:  10%|▉         | 95/1000 [17:23 > 01:50]
L-BFGS:  10%|▉         | 96/1000 [17:22 > 01:51]
L-BFGS:  10%|▉         | 97/1000 [17:23 > 01:52]
L-BFGS:  10%|▉         | 98/1000 [17:22 > 01:53]
L-BFGS:  10%|▉         | 99/1000 [17:22 > 01:55]
L-BFGS:  10%|█         | 100/1000 [17:21 > 01:56]
L-BFGS:  10%|█         | 101/1000 [17:16 > 01:57]
L-BFGS:  10%|█         | 102/1000 [17:18 > 01:58]
L-BFGS:  10%|█         | 103/1000 [17:18 > 01:59]
L-BFGS:  10%|█         | 104/1000 [17:17 > 02:00]
L-BFGS:  10%|█         | 105/1000 [17:16 > 02:01]
L-BFGS:  11%|█         | 106/1000 [17:15 > 02:03]
L-BFGS:  11%|█         | 107/1000 [17:14 > 02:04]
L-BFGS:  11%|█         | 108/1000 [17:16 > 02:05]
L-BFGS:  11%|█         | 109/1000 [17:11 > 02:06]
L-BFGS:  11%|█         | 110/1000 [17:14 > 02:07]
L-BFGS:  11%|█         | 111/1000 [17:17 > 02:08]
L-BFGS:  11%|█         | 112/1000 [17:12 > 02:10]
L-BFGS:  11%|█▏        | 113/1000 [17:11 > 02:11]
L-BFGS:  11%|█▏        | 114/1000 [17:15 > 02:12]
L-BFGS:  12%|█▏        | 115/1000 [17:11 > 02:13]
L-BFGS:  12%|█▏        | 116/1000 [17:04 > 02:14]
L-BFGS:  12%|█▏        | 117/1000 [17:03 > 02:15]
L-BFGS:  12%|█▏        | 118/1000 [17:05 > 02:17]
L-BFGS:  12%|█▏        | 119/1000 [16:58 > 02:18]
L-BFGS:  12%|█▏        | 120/1000 [16:56 > 02:19]
L-BFGS:  12%|█▏        | 121/1000 [16:58 > 02:20]
L-BFGS:  12%|█▏        | 122/1000 [16:54 > 02:21]
L-BFGS:  12%|█▏        | 123/1000 [16:54 > 02:22]
L-BFGS:  12%|█▏        | 124/1000 [16:52 > 02:24]
L-BFGS:  12%|█▎        | 125/1000 [16:51 > 02:25]
L-BFGS:  13%|█▎        | 126/1000 [16:51 > 02:26]
L-BFGS:  13%|█▎        | 127/1000 [16:50 > 02:27]
L-BFGS:  13%|█▎        | 128/1000 [16:54 > 02:28]
L-BFGS:  13%|█▎        | 129/1000 [16:48 > 02:29]
L-BFGS:  13%|█▎        | 130/1000 [16:46 > 02:30]
L-BFGS:  13%|█▎        | 131/1000 [16:48 > 02:32]
L-BFGS:  13%|█▎        | 132/1000 [16:53 > 02:33]
L-BFGS:  13%|█▎        | 133/1000 [16:54 > 02:34]
L-BFGS:  13%|█▎        | 134/1000 [16:49 > 02:35]
L-BFGS:  14%|█▎        | 135/1000 [16:42 > 02:36]
L-BFGS:  14%|█▎        | 136/1000 [16:38 > 02:37]
L-BFGS:  14%|█▎        | 137/1000 [16:36 > 02:39]
L-BFGS:  14%|█▍        | 138/1000 [16:38 > 02:40]
L-BFGS:  14%|█▍        | 139/1000 [16:35 > 02:41]
L-BFGS:  14%|█▍        | 140/1000 [16:30 > 02:42]
L-BFGS:  14%|█▍        | 141/1000 [16:26 > 02:43]
L-BFGS:  14%|█▍        | 142/1000 [16:28 > 02:44]
L-BFGS:  14%|█▍        | 143/1000 [16:26 > 02:46]
L-BFGS:  14%|█▍        | 144/1000 [16:27 > 02:47]
L-BFGS:  14%|█▍        | 145/1000 [16:29 > 02:48]
L-BFGS:  15%|█▍        | 146/1000 [16:28 > 02:49]
L-BFGS:  15%|█▍        | 147/1000 [16:27 > 02:50]
L-BFGS:  15%|█▍        | 148/1000 [16:32 > 02:51]
L-BFGS:  15%|█▍        | 149/1000 [16:29 > 02:53]
L-BFGS:  15%|█▌        | 150/1000 [16:28 > 02:54]
L-BFGS:  15%|█▌        | 151/1000 [16:27 > 02:55]
L-BFGS:  15%|█▌        | 152/1000 [16:21 > 02:56]
L-BFGS:  15%|█▌        | 153/1000 [16:18 > 02:57]
L-BFGS:  15%|█▌        | 154/1000 [16:17 > 02:58]
L-BFGS:  16%|█▌        | 155/1000 [16:19 > 02:59]
L-BFGS:  16%|█▌        | 156/1000 [16:14 > 03:01]
L-BFGS:  16%|█▌        | 157/1000 [16:15 > 03:02]
L-BFGS:  16%|█▌        | 158/1000 [16:15 > 03:03]
L-BFGS:  16%|█▌        | 159/1000 [16:16 > 03:04]
L-BFGS:  16%|█▌        | 160/1000 [16:15 > 03:05]
L-BFGS:  16%|█▌        | 161/1000 [16:12 > 03:06]
L-BFGS:  16%|█▌        | 162/1000 [16:16 > 03:08]
L-BFGS:  16%|█▋        | 163/1000 [16:15 > 03:09]
L-BFGS:  16%|█▋        | 164/1000 [16:18 > 03:10]
L-BFGS:  16%|█▋        | 165/1000 [16:10 > 03:11]
L-BFGS:  17%|█▋        | 166/1000 [16:11 > 03:12]
L-BFGS:  17%|█▋        | 167/1000 [16:09 > 03:13]
L-BFGS:  17%|█▋        | 168/1000 [16:08 > 03:15]
L-BFGS:  17%|█▋        | 169/1000 [16:04 > 03:16]
L-BFGS:  17%|█▋        | 170/1000 [16:06 > 03:17]
L-BFGS:  17%|█▋        | 171/1000 [16:06 > 03:18]
L-BFGS:  17%|█▋        | 172/1000 [16:05 > 03:19]
L-BFGS:  17%|█▋        | 173/1000 [16:05 > 03:20]
L-BFGS:  17%|█▋        | 174/1000 [15:56 > 03:22]
L-BFGS:  18%|█▊        | 175/1000 [15:56 > 03:23]
L-BFGS:  18%|█▊        | 176/1000 [15:59 > 03:24]
L-BFGS:  18%|█▊        | 177/1000 [15:57 > 03:25]
L-BFGS:  18%|█▊        | 178/1000 [15:54 > 03:26]
L-BFGS:  18%|█▊        | 179/1000 [15:49 > 03:27]
L-BFGS:  18%|█▊        | 180/1000 [15:44 > 03:28]
L-BFGS:  18%|█▊        | 181/1000 [15:42 > 03:30]
L-BFGS:  18%|█▊        | 182/1000 [15:41 > 03:31]
L-BFGS:  18%|█▊        | 183/1000 [15:42 > 03:32]
L-BFGS:  18%|█▊        | 184/1000 [15:40 > 03:33]
L-BFGS:  18%|█▊        | 185/1000 [15:42 > 03:34]
L-BFGS:  19%|█▊        | 186/1000 [15:43 > 03:35]
L-BFGS:  19%|█▊        | 187/1000 [15:42 > 03:37]
L-BFGS:  19%|█▉        | 188/1000 [15:43 > 03:38]
L-BFGS:  19%|█▉        | 189/1000 [15:43 > 03:39]
L-BFGS:  19%|█▉        | 190/1000 [15:36 > 03:40]
L-BFGS:  19%|█▉        | 191/1000 [15:37 > 03:41]
L-BFGS:  19%|█▉        | 192/1000 [15:38 > 03:42]
L-BFGS:  19%|█▉        | 193/1000 [15:36 > 03:44]
L-BFGS:  19%|█▉        | 194/1000 [15:31 > 03:45]
L-BFGS:  20%|█▉        | 195/1000 [15:28 > 03:46]
L-BFGS:  20%|█▉        | 196/1000 [15:30 > 03:47]
L-BFGS:  20%|█▉        | 197/1000 [15:34 > 03:48]
L-BFGS:  20%|█▉        | 198/1000 [15:32 > 03:49]
L-BFGS:  20%|█▉        | 199/1000 [15:26 > 03:50]
L-BFGS:  20%|██        | 200/1000 [15:30 > 03:52]
L-BFGS:  20%|██        | 201/1000 [15:23 > 03:53]
L-BFGS:  20%|██        | 202/1000 [15:23 > 03:54]
L-BFGS:  20%|██        | 203/1000 [15:23 > 03:55]
L-BFGS:  20%|██        | 204/1000 [15:25 > 03:56]
L-BFGS:  20%|██        | 205/1000 [15:23 > 03:57]
L-BFGS:  21%|██        | 206/1000 [15:15 > 03:59]
L-BFGS:  21%|██        | 207/1000 [15:13 > 04:00]
L-BFGS:  21%|██        | 208/1000 [15:13 > 04:01]
L-BFGS:  21%|██        | 209/1000 [15:09 > 04:02]
L-BFGS:  21%|██        | 210/1000 [15:14 > 04:03]
L-BFGS:  21%|██        | 211/1000 [15:14 > 04:04]
L-BFGS:  21%|██        | 212/1000 [15:15 > 04:06]
L-BFGS:  21%|██▏       | 213/1000 [15:15 > 04:07]
L-BFGS:  21%|██▏       | 214/1000 [15:16 > 04:08]
L-BFGS:  22%|██▏       | 215/1000 [15:15 > 04:09]
L-BFGS:  22%|██▏       | 216/1000 [15:13 > 04:10]
L-BFGS:  22%|██▏       | 217/1000 [15:07 > 04:11]
L-BFGS:  22%|██▏       | 218/1000 [15:07 > 04:13]
L-BFGS:  22%|██▏       | 219/1000 [15:03 > 04:14]
L-BFGS:  22%|██▏       | 220/1000 [15:03 > 04:15]
L-BFGS:  22%|██▏       | 221/1000 [15:00 > 04:16]
L-BFGS:  22%|██▏       | 222/1000 [14:59 > 04:17]
L-BFGS:  22%|██▏       | 223/1000 [15:02 > 04:18]
L-BFGS:  22%|██▏       | 224/1000 [14:58 > 04:19]
L-BFGS:  22%|██▎       | 225/1000 [14:58 > 04:21]
L-BFGS:  23%|██▎       | 226/1000 [14:59 > 04:22]
L-BFGS:  23%|██▎       | 227/1000 [15:01 > 04:23]
L-BFGS:  23%|██▎       | 228/1000 [14:53 > 04:24]
L-BFGS:  23%|██▎       | 229/1000 [14:54 > 04:25]
L-BFGS:  23%|██▎       | 230/1000 [14:54 > 04:26]
L-BFGS:  23%|██▎       | 231/1000 [14:52 > 04:28]
L-BFGS:  23%|██▎       | 232/1000 [14:48 > 04:29]
L-BFGS:  23%|██▎       | 233/1000 [14:47 > 04:30]
L-BFGS:  23%|██▎       | 234/1000 [14:44 > 04:31]
L-BFGS:  24%|██▎       | 235/1000 [14:45 > 04:32]
L-BFGS:  24%|██▎       | 236/1000 [14:43 > 04:33]
L-BFGS:  24%|██▎       | 237/1000 [14:44 > 04:35]
L-BFGS:  24%|██▍       | 238/1000 [14:48 > 04:36]
L-BFGS:  24%|██▍       | 239/1000 [14:40 > 04:37]
L-BFGS:  24%|██▍       | 240/1000 [14:37 > 04:38]
L-BFGS:  24%|██▍       | 241/1000 [14:38 > 04:39]
L-BFGS:  24%|██▍       | 242/1000 [14:39 > 04:40]
L-BFGS:  24%|██▍       | 243/1000 [14:40 > 04:41]
L-BFGS:  24%|██▍       | 244/1000 [14:37 > 04:43]
L-BFGS:  24%|██▍       | 245/1000 [14:35 > 04:44]
L-BFGS:  25%|██▍       | 246/1000 [14:30 > 04:45]
L-BFGS:  25%|██▍       | 247/1000 [14:25 > 04:46]
L-BFGS:  25%|██▍       | 248/1000 [14:24 > 04:47]
L-BFGS:  25%|██▍       | 249/1000 [14:23 > 04:48]
L-BFGS:  25%|██▌       | 250/1000 [14:21 > 04:50]
L-BFGS:  25%|██▌       | 251/1000 [14:24 > 04:51]
L-BFGS:  25%|██▌       | 252/1000 [14:27 > 04:52]
L-BFGS:  25%|██▌       | 253/1000 [14:24 > 04:53]
L-BFGS:  25%|██▌       | 254/1000 [14:25 > 04:54]
L-BFGS:  26%|██▌       | 255/1000 [14:23 > 04:55]
L-BFGS:  26%|██▌       | 256/1000 [14:20 > 04:57]
L-BFGS:  26%|██▌       | 257/1000 [14:21 > 04:58]
L-BFGS:  26%|██▌       | 258/1000 [14:23 > 04:59]
L-BFGS:  26%|██▌       | 259/1000 [14:23 > 05:00]
L-BFGS:  26%|██▌       | 260/1000 [14:21 > 05:01]
L-BFGS:  26%|██▌       | 261/1000 [14:15 > 05:02]
L-BFGS:  26%|██▌       | 262/1000 [14:13 > 05:03]
L-BFGS:  26%|██▋       | 263/1000 [14:10 > 05:05]
L-BFGS:  26%|██▋       | 264/1000 [14:10 > 05:06]
L-BFGS:  26%|██▋       | 265/1000 [14:11 > 05:07]
L-BFGS:  27%|██▋       | 266/1000 [14:11 > 05:08]
L-BFGS:  27%|██▋       | 267/1000 [14:06 > 05:09]
L-BFGS:  27%|██▋       | 268/1000 [14:03 > 05:10]
L-BFGS:  27%|██▋       | 269/1000 [14:07 > 05:12]
L-BFGS:  27%|██▋       | 270/1000 [14:07 > 05:13]
L-BFGS:  27%|██▋       | 271/1000 [14:07 > 05:14]
L-BFGS:  27%|██▋       | 272/1000 [14:05 > 05:15]
L-BFGS:  27%|██▋       | 273/1000 [14:05 > 05:16]
L-BFGS:  27%|██▋       | 274/1000 [14:01 > 05:17]
L-BFGS:  28%|██▊       | 275/1000 [14:01 > 05:19]
L-BFGS:  28%|██▊       | 276/1000 [13:59 > 05:20]
L-BFGS:  28%|██▊       | 277/1000 [13:59 > 05:21]
L-BFGS:  28%|██▊       | 278/1000 [13:53 > 05:22]
L-BFGS:  28%|██▊       | 279/1000 [13:57 > 05:23]
L-BFGS:  28%|██▊       | 280/1000 [13:55 > 05:24]
L-BFGS:  28%|██▊       | 281/1000 [13:52 > 05:25]
L-BFGS:  28%|██▊       | 282/1000 [13:52 > 05:27]
L-BFGS:  28%|██▊       | 283/1000 [13:52 > 05:28]
L-BFGS:  28%|██▊       | 284/1000 [13:49 > 05:29]
L-BFGS:  28%|██▊       | 285/1000 [13:44 > 05:30]
L-BFGS:  29%|██▊       | 286/1000 [13:42 > 05:31]
L-BFGS:  29%|██▊       | 287/1000 [13:39 > 05:32]
L-BFGS:  29%|██▉       | 288/1000 [13:39 > 05:34]
L-BFGS:  29%|██▉       | 289/1000 [13:37 > 05:35]
L-BFGS:  29%|██▉       | 290/1000 [13:36 > 05:36]
L-BFGS:  29%|██▉       | 291/1000 [13:39 > 05:37]
L-BFGS:  29%|██▉       | 292/1000 [13:37 > 05:38]
L-BFGS:  29%|██▉       | 293/1000 [13:34 > 05:39]
L-BFGS:  29%|██▉       | 294/1000 [13:38 > 05:41]
L-BFGS:  30%|██▉       | 295/1000 [13:32 > 05:42]
L-BFGS:  30%|██▉       | 296/1000 [13:34 > 05:43]
L-BFGS:  30%|██▉       | 297/1000 [13:30 > 05:44]
L-BFGS:  30%|██▉       | 298/1000 [13:31 > 05:45]
L-BFGS:  30%|██▉       | 299/1000 [13:31 > 05:46]
L-BFGS:  30%|███       | 300/1000 [13:29 > 05:47]
L-BFGS:  30%|███       | 301/1000 [13:29 > 05:49]
L-BFGS:  30%|███       | 302/1000 [13:26 > 05:50]
L-BFGS:  30%|███       | 303/1000 [13:23 > 05:51]
L-BFGS:  30%|███       | 304/1000 [13:20 > 05:52]
L-BFGS:  30%|███       | 305/1000 [13:25 > 05:53]
L-BFGS:  31%|███       | 306/1000 [13:28 > 05:54]
L-BFGS:  31%|███       | 307/1000 [13:26 > 05:56]
L-BFGS:  31%|███       | 308/1000 [13:20 > 05:57]
L-BFGS:  31%|███       | 309/1000 [13:23 > 05:58]
L-BFGS:  31%|███       | 310/1000 [13:17 > 05:59]
L-BFGS:  31%|███       | 311/1000 [13:16 > 06:00]
L-BFGS:  31%|███       | 312/1000 [13:14 > 06:01]
L-BFGS:  31%|███▏      | 313/1000 [13:16 > 06:02]
L-BFGS:  31%|███▏      | 314/1000 [13:14 > 06:04]
L-BFGS:  32%|███▏      | 315/1000 [13:10 > 06:05]
L-BFGS:  32%|███▏      | 316/1000 [13:11 > 06:06]
L-BFGS:  32%|███▏      | 317/1000 [13:10 > 06:07]
L-BFGS:  32%|███▏      | 318/1000 [13:06 > 06:08]
L-BFGS:  32%|███▏      | 319/1000 [13:08 > 06:09]
L-BFGS:  32%|███▏      | 320/1000 [13:08 > 06:11]
L-BFGS:  32%|███▏      | 321/1000 [13:05 > 06:12]
L-BFGS:  32%|███▏      | 322/1000 [13:01 > 06:13]
L-BFGS:  32%|███▏      | 323/1000 [13:01 > 06:14]
L-BFGS:  32%|███▏      | 324/1000 [13:02 > 06:15]
L-BFGS:  32%|███▎      | 325/1000 [13:06 > 06:16]
L-BFGS:  33%|███▎      | 326/1000 [13:08 > 06:18]
L-BFGS:  33%|███▎      | 327/1000 [13:06 > 06:19]
L-BFGS:  33%|███▎      | 328/1000 [12:59 > 06:20]
L-BFGS:  33%|███▎      | 329/1000 [12:59 > 06:21]
L-BFGS:  33%|███▎      | 330/1000 [12:58 > 06:22]
L-BFGS:  33%|███▎      | 331/1000 [12:59 > 06:23]
L-BFGS:  33%|███▎      | 332/1000 [12:58 > 06:25]
L-BFGS:  33%|███▎      | 333/1000 [13:02 > 06:26]
L-BFGS:  33%|███▎      | 334/1000 [13:00 > 06:27]
L-BFGS:  34%|███▎      | 335/1000 [12:55 > 06:28]
L-BFGS:  34%|███▎      | 336/1000 [12:51 > 06:29]
L-BFGS:  34%|███▎      | 337/1000 [12:49 > 06:30]
L-BFGS:  34%|███▍      | 338/1000 [12:46 > 06:32]
L-BFGS:  34%|███▍      | 339/1000 [12:45 > 06:33]
L-BFGS:  34%|███▍      | 340/1000 [12:45 > 06:34]
L-BFGS:  34%|███▍      | 341/1000 [12:46 > 06:35]
L-BFGS:  34%|███▍      | 342/1000 [12:44 > 06:36]
L-BFGS:  34%|███▍      | 343/1000 [12:41 > 06:37]
L-BFGS:  34%|███▍      | 344/1000 [12:37 > 06:38]
L-BFGS:  34%|███▍      | 345/1000 [12:36 > 06:40]
L-BFGS:  35%|███▍      | 346/1000 [12:34 > 06:41]
L-BFGS:  35%|███▍      | 347/1000 [12:37 > 06:42]
L-BFGS:  35%|███▍      | 348/1000 [12:37 > 06:43]
L-BFGS:  35%|███▍      | 349/1000 [12:40 > 06:44]
L-BFGS:  35%|███▌      | 350/1000 [12:37 > 06:45]
L-BFGS:  35%|███▌      | 351/1000 [12:33 > 06:47]
L-BFGS:  35%|███▌      | 352/1000 [12:29 > 06:48]
L-BFGS:  35%|███▌      | 353/1000 [12:31 > 06:49]
L-BFGS:  35%|███▌      | 354/1000 [12:34 > 06:50]
L-BFGS:  36%|███▌      | 355/1000 [12:33 > 06:51]
L-BFGS:  36%|███▌      | 356/1000 [12:28 > 06:52]
L-BFGS:  36%|███▌      | 357/1000 [12:28 > 06:54]
L-BFGS:  36%|███▌      | 358/1000 [12:26 > 06:55]
L-BFGS:  36%|███▌      | 359/1000 [12:25 > 06:56]
L-BFGS:  36%|███▌      | 360/1000 [12:25 > 06:57]
L-BFGS:  36%|███▌      | 361/1000 [12:22 > 06:58]
L-BFGS:  36%|███▌      | 362/1000 [12:18 > 06:59]
L-BFGS:  36%|███▋      | 363/1000 [12:20 > 07:01]
L-BFGS:  36%|███▋      | 364/1000 [12:15 > 07:02]
L-BFGS:  36%|███▋      | 365/1000 [12:14 > 07:03]
L-BFGS:  37%|███▋      | 366/1000 [12:14 > 07:04]
L-BFGS:  37%|███▋      | 367/1000 [12:09 > 07:05]
L-BFGS:  37%|███▋      | 368/1000 [12:08 > 07:06]
L-BFGS:  37%|███▋      | 369/1000 [12:11 > 07:07]
L-BFGS:  37%|███▋      | 370/1000 [12:08 > 07:09]
L-BFGS:  37%|███▋      | 371/1000 [12:08 > 07:10]
L-BFGS:  37%|███▋      | 372/1000 [12:10 > 07:11]
L-BFGS:  37%|███▋      | 373/1000 [12:10 > 07:12]
L-BFGS:  37%|███▋      | 374/1000 [12:11 > 07:13]
L-BFGS:  38%|███▊      | 375/1000 [12:13 > 07:15]
L-BFGS:  38%|███▊      | 376/1000 [12:12 > 07:16]
L-BFGS:  38%|███▊      | 377/1000 [12:07 > 07:17]
L-BFGS:  38%|███▊      | 378/1000 [12:02 > 07:18]
L-BFGS:  38%|███▊      | 379/1000 [12:01 > 07:19]
L-BFGS:  38%|███▊      | 380/1000 [11:59 > 07:20]
L-BFGS:  38%|███▊      | 381/1000 [11:56 > 07:21]
L-BFGS:  38%|███▊      | 382/1000 [11:55 > 07:23]
L-BFGS:  38%|███▊      | 383/1000 [11:54 > 07:24]
L-BFGS:  38%|███▊      | 384/1000 [11:56 > 07:25]
L-BFGS:  38%|███▊      | 385/1000 [11:53 > 07:26]
L-BFGS:  39%|███▊      | 386/1000 [11:54 > 07:27]
L-BFGS:  39%|███▊      | 387/1000 [11:55 > 07:28]
L-BFGS:  39%|███▉      | 388/1000 [11:54 > 07:30]
L-BFGS:  39%|███▉      | 389/1000 [11:54 > 07:31]
L-BFGS:  39%|███▉      | 390/1000 [11:49 > 07:32]
L-BFGS:  39%|███▉      | 391/1000 [11:47 > 07:33]
L-BFGS:  39%|███▉      | 392/1000 [11:43 > 07:34]
L-BFGS:  39%|███▉      | 393/1000 [11:41 > 07:35]
L-BFGS:  39%|███▉      | 394/1000 [11:40 > 07:37]
L-BFGS:  40%|███▉      | 395/1000 [11:39 > 07:38]
L-BFGS:  40%|███▉      | 396/1000 [11:37 > 07:39]
L-BFGS:  40%|███▉      | 397/1000 [11:34 > 07:40]
L-BFGS:  40%|███▉      | 398/1000 [11:34 > 07:41]
L-BFGS:  40%|███▉      | 399/1000 [11:33 > 07:42]
L-BFGS:  40%|████      | 400/1000 [11:36 > 07:43]
L-BFGS:  40%|████      | 401/1000 [11:33 > 07:45]
L-BFGS:  40%|████      | 402/1000 [11:33 > 07:46]
L-BFGS:  40%|████      | 403/1000 [11:29 > 07:47]
L-BFGS:  40%|████      | 404/1000 [11:30 > 07:48]
L-BFGS:  40%|████      | 405/1000 [11:25 > 07:49]
L-BFGS:  41%|████      | 406/1000 [11:25 > 07:50]
L-BFGS:  41%|████      | 407/1000 [11:25 > 07:52]
L-BFGS:  41%|████      | 408/1000 [11:22 > 07:53]
L-BFGS:  41%|████      | 409/1000 [11:22 > 07:54]
L-BFGS:  41%|████      | 410/1000 [11:24 > 07:55]
L-BFGS:  41%|████      | 411/1000 [11:24 > 07:56]
L-BFGS:  41%|████      | 412/1000 [11:21 > 07:57]
L-BFGS:  41%|████▏     | 413/1000 [11:19 > 07:59]
L-BFGS:  41%|████▏     | 414/1000 [11:19 > 08:00]
L-BFGS:  42%|████▏     | 415/1000 [11:18 > 08:01]
L-BFGS:  42%|████▏     | 416/1000 [11:18 > 08:02]
L-BFGS:  42%|████▏     | 417/1000 [11:16 > 08:03]
L-BFGS:  42%|████▏     | 418/1000 [11:12 > 08:04]
L-BFGS:  42%|████▏     | 419/1000 [11:12 > 08:05]
L-BFGS:  42%|████▏     | 420/1000 [11:11 > 08:07]
L-BFGS:  42%|████▏     | 421/1000 [11:12 > 08:08]
L-BFGS:  42%|████▏     | 422/1000 [11:10 > 08:09]
L-BFGS:  42%|████▏     | 423/1000 [11:07 > 08:10]
L-BFGS:  42%|████▏     | 424/1000 [11:05 > 08:11]
L-BFGS:  42%|████▎     | 425/1000 [11:05 > 08:12]
L-BFGS:  43%|████▎     | 426/1000 [11:05 > 08:14]
L-BFGS:  43%|████▎     | 427/1000 [11:07 > 08:15]
L-BFGS:  43%|████▎     | 428/1000 [11:06 > 08:16]
L-BFGS:  43%|████▎     | 429/1000 [11:03 > 08:17]
L-BFGS:  43%|████▎     | 430/1000 [11:01 > 08:18]
L-BFGS:  43%|████▎     | 431/1000 [11:00 > 08:19]
L-BFGS:  43%|████▎     | 432/1000 [10:58 > 08:21]
L-BFGS:  43%|████▎     | 433/1000 [10:57 > 08:22]
L-BFGS:  43%|████▎     | 434/1000 [10:54 > 08:23]
L-BFGS:  44%|████▎     | 435/1000 [10:54 > 08:24]
L-BFGS:  44%|████▎     | 436/1000 [10:57 > 08:25]
L-BFGS:  44%|████▎     | 437/1000 [10:54 > 08:26]
L-BFGS:  44%|████▍     | 438/1000 [10:54 > 08:28]
L-BFGS:  44%|████▍     | 439/1000 [10:54 > 08:29]
L-BFGS:  44%|████▍     | 440/1000 [10:52 > 08:30]
L-BFGS:  44%|████▍     | 441/1000 [10:47 > 08:31]
L-BFGS:  44%|████▍     | 442/1000 [10:46 > 08:32]
L-BFGS:  44%|████▍     | 443/1000 [10:41 > 08:33]
L-BFGS:  44%|████▍     | 444/1000 [10:43 > 08:34]
L-BFGS:  44%|████▍     | 445/1000 [10:41 > 08:36]
L-BFGS:  45%|████▍     | 446/1000 [10:42 > 08:37]
L-BFGS:  45%|████▍     | 447/1000 [10:41 > 08:38]
L-BFGS:  45%|████▍     | 448/1000 [10:39 > 08:39]
L-BFGS:  45%|████▍     | 449/1000 [10:35 > 08:40]
L-BFGS:  45%|████▌     | 450/1000 [10:35 > 08:41]
L-BFGS:  45%|████▌     | 451/1000 [10:34 > 08:43]
L-BFGS:  45%|████▌     | 452/1000 [10:34 > 08:44]
L-BFGS:  45%|████▌     | 453/1000 [10:36 > 08:45]
L-BFGS:  45%|████▌     | 454/1000 [10:35 > 08:46]
L-BFGS:  46%|████▌     | 455/1000 [10:34 > 08:47]
L-BFGS:  46%|████▌     | 456/1000 [10:31 > 08:48]
L-BFGS:  46%|████▌     | 457/1000 [10:30 > 08:50]
L-BFGS:  46%|████▌     | 458/1000 [10:27 > 08:51]
L-BFGS:  46%|████▌     | 459/1000 [10:26 > 08:52]
L-BFGS:  46%|████▌     | 460/1000 [10:23 > 08:53]
L-BFGS:  46%|████▌     | 461/1000 [10:23 > 08:54]
L-BFGS:  46%|████▌     | 462/1000 [10:24 > 08:55]
L-BFGS:  46%|████▋     | 463/1000 [10:24 > 08:57]
L-BFGS:  46%|████▋     | 464/1000 [10:22 > 08:58]
L-BFGS:  46%|████▋     | 465/1000 [10:18 > 08:59]
L-BFGS:  47%|████▋     | 466/1000 [10:16 > 09:00]
L-BFGS:  47%|████▋     | 467/1000 [10:16 > 09:01]
L-BFGS:  47%|████▋     | 468/1000 [10:18 > 09:02]
L-BFGS:  47%|████▋     | 469/1000 [10:18 > 09:03]
L-BFGS:  47%|████▋     | 470/1000 [10:19 > 09:05]
L-BFGS:  47%|████▋     | 471/1000 [10:18 > 09:06]
L-BFGS:  47%|████▋     | 472/1000 [10:18 > 09:07]
L-BFGS:  47%|████▋     | 473/1000 [10:12 > 09:08]
L-BFGS:  47%|████▋     | 474/1000 [10:07 > 09:09]
L-BFGS:  48%|████▊     | 475/1000 [10:08 > 09:10]
L-BFGS:  48%|████▊     | 476/1000 [10:06 > 09:12]
L-BFGS:  48%|████▊     | 477/1000 [10:05 > 09:13]
L-BFGS:  48%|████▊     | 478/1000 [10:04 > 09:14]
L-BFGS:  48%|████▊     | 479/1000 [10:05 > 09:15]
L-BFGS:  48%|████▊     | 480/1000 [10:03 > 09:16]
L-BFGS:  48%|████▊     | 481/1000 [10:01 > 09:17]
L-BFGS:  48%|████▊     | 482/1000 [10:00 > 09:19]
L-BFGS:  48%|████▊     | 483/1000 [10:00 > 09:20]
L-BFGS:  48%|████▊     | 484/1000 [09:59 > 09:21]
L-BFGS:  48%|████▊     | 485/1000 [09:57 > 09:22]
L-BFGS:  49%|████▊     | 486/1000 [09:53 > 09:23]
L-BFGS:  49%|████▊     | 487/1000 [09:52 > 09:24]
L-BFGS:  49%|████▉     | 488/1000 [09:51 > 09:25]
L-BFGS:  49%|████▉     | 489/1000 [09:46 > 09:27]
L-BFGS:  49%|████▉     | 490/1000 [09:46 > 09:28]
L-BFGS:  49%|████▉     | 491/1000 [09:46 > 09:29]
L-BFGS:  49%|████▉     | 492/1000 [09:46 > 09:30]
L-BFGS:  49%|████▉     | 493/1000 [09:43 > 09:31]
L-BFGS:  49%|████▉     | 494/1000 [09:41 > 09:32]
L-BFGS:  50%|████▉     | 495/1000 [09:41 > 09:34]
L-BFGS:  50%|████▉     | 496/1000 [09:45 > 09:35]
L-BFGS:  50%|████▉     | 497/1000 [09:40 > 09:36]
L-BFGS:  50%|████▉     | 498/1000 [09:40 > 09:37]
L-BFGS:  50%|████▉     | 499/1000 [09:39 > 09:38]
L-BFGS:  50%|█████     | 500/1000 [09:37 > 09:39]
L-BFGS:  50%|█████     | 501/1000 [09:36 > 09:40]
L-BFGS:  50%|█████     | 502/1000 [09:36 > 09:42]
L-BFGS:  50%|█████     | 503/1000 [09:32 > 09:43]
L-BFGS:  50%|█████     | 504/1000 [09:29 > 09:44]
L-BFGS:  50%|█████     | 505/1000 [09:29 > 09:45]
L-BFGS:  51%|█████     | 506/1000 [09:28 > 09:46]
L-BFGS:  51%|█████     | 507/1000 [09:27 > 09:47]
L-BFGS:  51%|█████     | 508/1000 [09:27 > 09:49]
L-BFGS:  51%|█████     | 509/1000 [09:29 > 09:50]
L-BFGS:  51%|█████     | 510/1000 [09:31 > 09:51]
L-BFGS:  51%|█████     | 511/1000 [09:28 > 09:52]
L-BFGS:  51%|█████     | 512/1000 [09:34 > 09:53]
L-BFGS:  51%|█████▏    | 513/1000 [09:36 > 09:54]
L-BFGS:  51%|█████▏    | 514/1000 [09:42 > 09:56]
L-BFGS:  52%|█████▏    | 515/1000 [09:38 > 09:57]
L-BFGS:  52%|█████▏    | 516/1000 [09:35 > 09:58]
L-BFGS:  52%|█████▏    | 517/1000 [09:28 > 09:59]
L-BFGS:  52%|█████▏    | 518/1000 [09:24 > 10:00]
L-BFGS:  52%|█████▏    | 519/1000 [09:23 > 10:02]
L-BFGS:  52%|█████▏    | 520/1000 [09:19 > 10:03]
L-BFGS:  52%|█████▏    | 521/1000 [09:21 > 10:04]
L-BFGS:  52%|█████▏    | 522/1000 [09:19 > 10:05]
L-BFGS:  52%|█████▏    | 523/1000 [09:15 > 10:06]
L-BFGS:  52%|█████▏    | 524/1000 [09:14 > 10:07]
L-BFGS:  52%|█████▎    | 525/1000 [09:10 > 10:09]
L-BFGS:  53%|█████▎    | 526/1000 [09:06 > 10:10]
L-BFGS:  53%|█████▎    | 527/1000 [09:07 > 10:11]
L-BFGS:  53%|█████▎    | 528/1000 [09:04 > 10:12]
L-BFGS:  53%|█████▎    | 529/1000 [09:05 > 10:13]
L-BFGS:  53%|█████▎    | 530/1000 [09:03 > 10:14]
L-BFGS:  53%|█████▎    | 531/1000 [09:02 > 10:15]
L-BFGS:  53%|█████▎    | 532/1000 [09:03 > 10:17]
L-BFGS:  53%|█████▎    | 533/1000 [09:03 > 10:18]
L-BFGS:  53%|█████▎    | 534/1000 [09:03 > 10:19]
L-BFGS:  54%|█████▎    | 535/1000 [09:03 > 10:20]
L-BFGS:  54%|█████▎    | 536/1000 [09:01 > 10:21]
L-BFGS:  54%|█████▎    | 537/1000 [08:57 > 10:22]
L-BFGS:  54%|█████▍    | 538/1000 [08:56 > 10:24]
L-BFGS:  54%|█████▍    | 539/1000 [08:55 > 10:25]
L-BFGS:  54%|█████▍    | 540/1000 [08:54 > 10:26]
L-BFGS:  54%|█████▍    | 541/1000 [08:52 > 10:27]
L-BFGS:  54%|█████▍    | 542/1000 [08:50 > 10:28]
L-BFGS:  54%|█████▍    | 543/1000 [08:51 > 10:29]
L-BFGS:  54%|█████▍    | 544/1000 [08:49 > 10:31]
L-BFGS:  55%|█████▍    | 545/1000 [08:48 > 10:32]
L-BFGS:  55%|█████▍    | 546/1000 [08:48 > 10:33]
L-BFGS:  55%|█████▍    | 547/1000 [08:46 > 10:34]
L-BFGS:  55%|█████▍    | 548/1000 [08:45 > 10:35]
L-BFGS:  55%|█████▍    | 549/1000 [08:45 > 10:36]
L-BFGS:  55%|█████▌    | 550/1000 [08:44 > 10:38]
L-BFGS:  55%|█████▌    | 551/1000 [08:42 > 10:39]
L-BFGS:  55%|█████▌    | 552/1000 [08:40 > 10:40]
L-BFGS:  55%|█████▌    | 553/1000 [08:36 > 10:41]
L-BFGS:  55%|█████▌    | 554/1000 [08:34 > 10:42]
L-BFGS:  56%|█████▌    | 555/1000 [08:32 > 10:43]
L-BFGS:  56%|█████▌    | 556/1000 [08:31 > 10:44]
L-BFGS:  56%|█████▌    | 557/1000 [08:30 > 10:46]
L-BFGS:  56%|█████▌    | 558/1000 [08:31 > 10:47]
L-BFGS:  56%|█████▌    | 559/1000 [08:27 > 10:48]
L-BFGS:  56%|█████▌    | 560/1000 [08:28 > 10:49]
L-BFGS:  56%|█████▌    | 561/1000 [08:30 > 10:50]
L-BFGS:  56%|█████▌    | 562/1000 [08:26 > 10:51]
L-BFGS:  56%|█████▋    | 563/1000 [08:26 > 10:53]
L-BFGS:  56%|█████▋    | 564/1000 [08:26 > 10:54]
L-BFGS:  56%|█████▋    | 565/1000 [08:24 > 10:55]
L-BFGS:  57%|█████▋    | 566/1000 [08:23 > 10:56]
L-BFGS:  57%|█████▋    | 567/1000 [08:27 > 10:57]
L-BFGS:  57%|█████▋    | 568/1000 [08:26 > 10:58]
L-BFGS:  57%|█████▋    | 569/1000 [08:21 > 11:00]
L-BFGS:  57%|█████▋    | 570/1000 [08:24 > 11:01]
L-BFGS:  57%|█████▋    | 571/1000 [08:22 > 11:02]
L-BFGS:  57%|█████▋    | 572/1000 [08:18 > 11:03]
L-BFGS:  57%|█████▋    | 573/1000 [08:17 > 11:04]
L-BFGS:  57%|█████▋    | 574/1000 [08:15 > 11:05]
L-BFGS:  57%|█████▊    | 575/1000 [08:16 > 11:07]
L-BFGS:  58%|█████▊    | 576/1000 [08:14 > 11:08]
L-BFGS:  58%|█████▊    | 577/1000 [08:12 > 11:09]
L-BFGS:  58%|█████▊    | 578/1000 [08:08 > 11:10]
L-BFGS:  58%|█████▊    | 579/1000 [08:09 > 11:11]
L-BFGS:  58%|█████▊    | 580/1000 [08:06 > 11:12]
L-BFGS:  58%|█████▊    | 581/1000 [08:04 > 11:14]
L-BFGS:  58%|█████▊    | 582/1000 [08:02 > 11:15]
L-BFGS:  58%|█████▊    | 583/1000 [08:02 > 11:16]
L-BFGS:  58%|█████▊    | 584/1000 [08:01 > 11:17]
L-BFGS:  58%|█████▊    | 585/1000 [08:01 > 11:18]
L-BFGS:  59%|█████▊    | 586/1000 [08:00 > 11:19]
L-BFGS:  59%|█████▊    | 587/1000 [07:59 > 11:20]
L-BFGS:  59%|█████▉    | 588/1000 [08:01 > 11:22]
L-BFGS:  59%|█████▉    | 589/1000 [07:59 > 11:23]
L-BFGS:  59%|█████▉    | 590/1000 [07:59 > 11:24]
L-BFGS:  59%|█████▉    | 591/1000 [07:59 > 11:25]
L-BFGS:  59%|█████▉    | 592/1000 [07:56 > 11:26]
L-BFGS:  59%|█████▉    | 593/1000 [07:54 > 11:28]
L-BFGS:  59%|█████▉    | 594/1000 [07:50 > 11:29]
L-BFGS:  60%|█████▉    | 595/1000 [07:50 > 11:30]
L-BFGS:  60%|█████▉    | 596/1000 [07:49 > 11:31]
L-BFGS:  60%|█████▉    | 597/1000 [07:50 > 11:32]
L-BFGS:  60%|█████▉    | 598/1000 [07:48 > 11:33]
L-BFGS:  60%|█████▉    | 599/1000 [07:47 > 11:34]
L-BFGS:  60%|██████    | 600/1000 [07:46 > 11:36]
L-BFGS:  60%|██████    | 601/1000 [07:43 > 11:37]
L-BFGS:  60%|██████    | 602/1000 [07:41 > 11:38]
L-BFGS:  60%|██████    | 603/1000 [07:40 > 11:39]
L-BFGS:  60%|██████    | 604/1000 [07:39 > 11:40]
L-BFGS:  60%|██████    | 605/1000 [07:39 > 11:41]
L-BFGS:  61%|██████    | 606/1000 [07:37 > 11:43]
L-BFGS:  61%|██████    | 607/1000 [07:36 > 11:44]
L-BFGS:  61%|██████    | 608/1000 [07:33 > 11:45]
L-BFGS:  61%|██████    | 609/1000 [07:32 > 11:46]
L-BFGS:  61%|██████    | 610/1000 [07:31 > 11:47]
L-BFGS:  61%|██████    | 611/1000 [07:30 > 11:48]
L-BFGS:  61%|██████    | 612/1000 [07:29 > 11:50]
L-BFGS:  61%|██████▏   | 613/1000 [07:26 > 11:51]
L-BFGS:  61%|██████▏   | 614/1000 [07:27 > 11:52]
L-BFGS:  62%|██████▏   | 615/1000 [07:26 > 11:53]
L-BFGS:  62%|██████▏   | 616/1000 [07:22 > 11:54]
L-BFGS:  62%|██████▏   | 617/1000 [07:21 > 11:55]
L-BFGS:  62%|██████▏   | 618/1000 [07:22 > 11:56]
L-BFGS:  62%|██████▏   | 619/1000 [07:22 > 11:58]
L-BFGS:  62%|██████▏   | 620/1000 [07:20 > 11:59]
L-BFGS:  62%|██████▏   | 621/1000 [07:19 > 12:00]
L-BFGS:  62%|██████▏   | 622/1000 [07:18 > 12:01]
L-BFGS:  62%|██████▏   | 623/1000 [07:16 > 12:02]
L-BFGS:  62%|██████▏   | 624/1000 [07:15 > 12:03]
L-BFGS:  62%|██████▎   | 625/1000 [07:14 > 12:05]
L-BFGS:  63%|██████▎   | 626/1000 [07:13 > 12:06]
L-BFGS:  63%|██████▎   | 627/1000 [07:11 > 12:07]
L-BFGS:  63%|██████▎   | 628/1000 [07:12 > 12:08]
L-BFGS:  63%|██████▎   | 629/1000 [07:09 > 12:09]
L-BFGS:  63%|██████▎   | 630/1000 [07:08 > 12:10]
L-BFGS:  63%|██████▎   | 631/1000 [07:07 > 12:12]
L-BFGS:  63%|██████▎   | 632/1000 [07:06 > 12:13]
L-BFGS:  63%|██████▎   | 633/1000 [07:05 > 12:14]
L-BFGS:  63%|██████▎   | 634/1000 [07:05 > 12:15]
L-BFGS:  64%|██████▎   | 635/1000 [07:04 > 12:16]
L-BFGS:  64%|██████▎   | 636/1000 [07:03 > 12:17]
L-BFGS:  64%|██████▎   | 637/1000 [07:02 > 12:19]
L-BFGS:  64%|██████▍   | 638/1000 [06:59 > 12:20]
L-BFGS:  64%|██████▍   | 639/1000 [06:59 > 12:21]
L-BFGS:  64%|██████▍   | 640/1000 [06:58 > 12:22]
L-BFGS:  64%|██████▍   | 641/1000 [06:57 > 12:23]
L-BFGS:  64%|██████▍   | 642/1000 [06:54 > 12:24]
L-BFGS:  64%|██████▍   | 643/1000 [06:52 > 12:25]
L-BFGS:  64%|██████▍   | 644/1000 [06:51 > 12:27]
L-BFGS:  64%|██████▍   | 645/1000 [06:52 > 12:28]
L-BFGS:  65%|██████▍   | 646/1000 [06:49 > 12:29]
L-BFGS:  65%|██████▍   | 647/1000 [06:49 > 12:30]
L-BFGS:  65%|██████▍   | 648/1000 [06:49 > 12:31]
L-BFGS:  65%|██████▍   | 649/1000 [06:48 > 12:32]
L-BFGS:  65%|██████▌   | 650/1000 [06:45 > 12:34]
L-BFGS:  65%|██████▌   | 651/1000 [06:42 > 12:35]
L-BFGS:  65%|██████▌   | 652/1000 [06:42 > 12:36]
L-BFGS:  65%|██████▌   | 653/1000 [06:41 > 12:37]
L-BFGS:  65%|██████▌   | 654/1000 [06:40 > 12:38]
L-BFGS:  66%|██████▌   | 655/1000 [06:39 > 12:39]
L-BFGS:  66%|██████▌   | 656/1000 [06:36 > 12:41]
L-BFGS:  66%|██████▌   | 657/1000 [06:36 > 12:42]
L-BFGS:  66%|██████▌   | 658/1000 [06:33 > 12:43]
L-BFGS:  66%|██████▌   | 659/1000 [06:30 > 12:44]
L-BFGS:  66%|██████▌   | 660/1000 [06:29 > 12:45]
L-BFGS:  66%|██████▌   | 661/1000 [06:30 > 12:46]
L-BFGS:  66%|██████▌   | 662/1000 [06:31 > 12:47]
L-BFGS:  66%|██████▋   | 663/1000 [06:30 > 12:49]
L-BFGS:  66%|██████▋   | 664/1000 [06:30 > 12:50]
L-BFGS:  66%|██████▋   | 665/1000 [06:28 > 12:51]
L-BFGS:  67%|██████▋   | 666/1000 [06:27 > 12:52]
L-BFGS:  67%|██████▋   | 667/1000 [06:25 > 12:53]
L-BFGS:  67%|██████▋   | 668/1000 [06:24 > 12:54]
L-BFGS:  67%|██████▋   | 669/1000 [06:23 > 12:56]
L-BFGS:  67%|██████▋   | 670/1000 [06:22 > 12:57]
L-BFGS:  67%|██████▋   | 671/1000 [06:20 > 12:58]
L-BFGS:  67%|██████▋   | 672/1000 [06:19 > 12:59]
L-BFGS:  67%|██████▋   | 673/1000 [06:17 > 13:00]
L-BFGS:  67%|██████▋   | 674/1000 [06:16 > 13:01]
L-BFGS:  68%|██████▊   | 675/1000 [06:15 > 13:03]
L-BFGS:  68%|██████▊   | 676/1000 [06:13 > 13:04]
L-BFGS:  68%|██████▊   | 677/1000 [06:14 > 13:05]
L-BFGS:  68%|██████▊   | 678/1000 [06:12 > 13:06]
L-BFGS:  68%|██████▊   | 679/1000 [06:12 > 13:07]
L-BFGS:  68%|██████▊   | 680/1000 [06:11 > 13:08]
L-BFGS:  68%|██████▊   | 681/1000 [06:11 > 13:09]
L-BFGS:  68%|██████▊   | 682/1000 [06:10 > 13:11]
L-BFGS:  68%|██████▊   | 683/1000 [06:07 > 13:12]
L-BFGS:  68%|██████▊   | 684/1000 [06:04 > 13:13]
L-BFGS:  68%|██████▊   | 685/1000 [06:04 > 13:14]
L-BFGS:  69%|██████▊   | 686/1000 [06:02 > 13:15]
L-BFGS:  69%|██████▊   | 687/1000 [06:02 > 13:16]
L-BFGS:  69%|██████▉   | 688/1000 [06:00 > 13:18]
L-BFGS:  69%|██████▉   | 689/1000 [05:58 > 13:19]
L-BFGS:  69%|██████▉   | 690/1000 [05:58 > 13:20]
L-BFGS:  69%|██████▉   | 691/1000 [05:56 > 13:21]
L-BFGS:  69%|██████▉   | 692/1000 [05:55 > 13:22]
L-BFGS:  69%|██████▉   | 693/1000 [05:55 > 13:23]
L-BFGS:  69%|██████▉   | 694/1000 [05:54 > 13:25]
L-BFGS:  70%|██████▉   | 695/1000 [05:55 > 13:26]
L-BFGS:  70%|██████▉   | 696/1000 [05:53 > 13:27]
L-BFGS:  70%|██████▉   | 697/1000 [05:52 > 13:28]
L-BFGS:  70%|██████▉   | 698/1000 [05:49 > 13:29]
L-BFGS:  70%|██████▉   | 699/1000 [05:49 > 13:30]
L-BFGS:  70%|███████   | 700/1000 [05:48 > 13:31]
L-BFGS:  70%|███████   | 701/1000 [05:46 > 13:33]
L-BFGS:  70%|███████   | 702/1000 [05:46 > 13:34]
L-BFGS:  70%|███████   | 703/1000 [05:44 > 13:35]
L-BFGS:  70%|███████   | 704/1000 [05:43 > 13:36]
L-BFGS:  70%|███████   | 705/1000 [05:43 > 13:37]
L-BFGS:  71%|███████   | 706/1000 [05:42 > 13:38]
L-BFGS:  71%|███████   | 707/1000 [05:40 > 13:40]
L-BFGS:  71%|███████   | 708/1000 [05:38 > 13:41]
L-BFGS:  71%|███████   | 709/1000 [05:38 > 13:42]
L-BFGS:  71%|███████   | 710/1000 [05:36 > 13:43]
L-BFGS:  71%|███████   | 711/1000 [05:34 > 13:44]
L-BFGS:  71%|███████   | 712/1000 [05:33 > 13:45]
L-BFGS:  71%|███████▏  | 713/1000 [05:31 > 13:47]
L-BFGS:  71%|███████▏  | 714/1000 [05:30 > 13:48]
L-BFGS:  72%|███████▏  | 715/1000 [05:30 > 13:49]
L-BFGS:  72%|███████▏  | 716/1000 [05:27 > 13:50]
L-BFGS:  72%|███████▏  | 717/1000 [05:27 > 13:51]
L-BFGS:  72%|███████▏  | 718/1000 [05:26 > 13:52]
L-BFGS:  72%|███████▏  | 719/1000 [05:26 > 13:54]
L-BFGS:  72%|███████▏  | 720/1000 [05:25 > 13:55]
L-BFGS:  72%|███████▏  | 721/1000 [05:24 > 13:56]
L-BFGS:  72%|███████▏  | 722/1000 [05:23 > 13:57]
L-BFGS:  72%|███████▏  | 723/1000 [05:21 > 13:58]
L-BFGS:  72%|███████▏  | 724/1000 [05:19 > 13:59]
L-BFGS:  72%|███████▎  | 725/1000 [05:18 > 14:00]
L-BFGS:  73%|███████▎  | 726/1000 [05:16 > 14:02]
L-BFGS:  73%|███████▎  | 727/1000 [05:17 > 14:03]
L-BFGS:  73%|███████▎  | 728/1000 [05:15 > 14:04]
L-BFGS:  73%|███████▎  | 729/1000 [05:13 > 14:05]
L-BFGS:  73%|███████▎  | 730/1000 [05:11 > 14:06]
L-BFGS:  73%|███████▎  | 731/1000 [05:10 > 14:07]
L-BFGS:  73%|███████▎  | 732/1000 [05:09 > 14:09]
L-BFGS:  73%|███████▎  | 733/1000 [05:08 > 14:10]
L-BFGS:  73%|███████▎  | 734/1000 [05:07 > 14:11]
L-BFGS:  74%|███████▎  | 735/1000 [05:06 > 14:12]
L-BFGS:  74%|███████▎  | 736/1000 [05:05 > 14:13]
L-BFGS:  74%|███████▎  | 737/1000 [05:05 > 14:14]
L-BFGS:  74%|███████▍  | 738/1000 [05:03 > 14:16]
L-BFGS:  74%|███████▍  | 739/1000 [05:01 > 14:17]
L-BFGS:  74%|███████▍  | 740/1000 [05:01 > 14:18]
L-BFGS:  74%|███████▍  | 741/1000 [05:00 > 14:19]
L-BFGS:  74%|███████▍  | 742/1000 [04:59 > 14:20]
L-BFGS:  74%|███████▍  | 743/1000 [04:57 > 14:21]
L-BFGS:  74%|███████▍  | 744/1000 [04:57 > 14:22]
L-BFGS:  74%|███████▍  | 745/1000 [04:55 > 14:24]
L-BFGS:  75%|███████▍  | 746/1000 [04:54 > 14:25]
L-BFGS:  75%|███████▍  | 747/1000 [04:52 > 14:26]
L-BFGS:  75%|███████▍  | 748/1000 [04:50 > 14:27]
L-BFGS:  75%|███████▍  | 749/1000 [04:49 > 14:28]
L-BFGS:  75%|███████▌  | 750/1000 [04:49 > 14:29]
L-BFGS:  75%|███████▌  | 751/1000 [04:48 > 14:31]
L-BFGS:  75%|███████▌  | 752/1000 [04:47 > 14:32]
L-BFGS:  75%|███████▌  | 753/1000 [04:46 > 14:33]
L-BFGS:  75%|███████▌  | 754/1000 [04:45 > 14:34]
L-BFGS:  76%|███████▌  | 755/1000 [04:44 > 14:35]
L-BFGS:  76%|███████▌  | 756/1000 [04:42 > 14:36]
L-BFGS:  76%|███████▌  | 757/1000 [04:41 > 14:38]
L-BFGS:  76%|███████▌  | 758/1000 [04:40 > 14:39]
L-BFGS:  76%|███████▌  | 759/1000 [04:38 > 14:40]
L-BFGS:  76%|███████▌  | 760/1000 [04:37 > 14:41]
L-BFGS:  76%|███████▌  | 761/1000 [04:36 > 14:42]
L-BFGS:  76%|███████▌  | 762/1000 [04:35 > 14:43]
L-BFGS:  76%|███████▋  | 763/1000 [04:33 > 14:44]
L-BFGS:  76%|███████▋  | 764/1000 [04:31 > 14:46]
L-BFGS:  76%|███████▋  | 765/1000 [04:30 > 14:47]
L-BFGS:  77%|███████▋  | 766/1000 [04:29 > 14:48]
L-BFGS:  77%|███████▋  | 767/1000 [04:28 > 14:49]
L-BFGS:  77%|███████▋  | 768/1000 [04:28 > 14:50]
L-BFGS:  77%|███████▋  | 769/1000 [04:27 > 14:51]
L-BFGS:  77%|███████▋  | 770/1000 [04:26 > 14:53]
L-BFGS:  77%|███████▋  | 771/1000 [04:24 > 14:54]
L-BFGS:  77%|███████▋  | 772/1000 [04:23 > 14:55]
L-BFGS:  77%|███████▋  | 773/1000 [04:23 > 14:56]
L-BFGS:  77%|███████▋  | 774/1000 [04:22 > 14:57]
L-BFGS:  78%|███████▊  | 775/1000 [04:22 > 14:58]
L-BFGS:  78%|███████▊  | 776/1000 [04:21 > 15:00]
L-BFGS:  78%|███████▊  | 777/1000 [04:20 > 15:01]
L-BFGS:  78%|███████▊  | 778/1000 [04:20 > 15:02]
L-BFGS:  78%|███████▊  | 779/1000 [04:18 > 15:03]
L-BFGS:  78%|███████▊  | 780/1000 [04:17 > 15:04]
L-BFGS:  78%|███████▊  | 781/1000 [04:16 > 15:05]
L-BFGS:  78%|███████▊  | 782/1000 [04:15 > 15:07]
L-BFGS:  78%|███████▊  | 783/1000 [04:14 > 15:08]
L-BFGS:  78%|███████▊  | 784/1000 [04:13 > 15:09]
L-BFGS:  78%|███████▊  | 785/1000 [04:11 > 15:10]
L-BFGS:  79%|███████▊  | 786/1000 [04:09 > 15:11]
L-BFGS:  79%|███████▊  | 787/1000 [04:08 > 15:12]
L-BFGS:  79%|███████▉  | 788/1000 [04:05 > 15:14]
L-BFGS:  79%|███████▉  | 789/1000 [04:05 > 15:15]
L-BFGS:  79%|███████▉  | 790/1000 [04:03 > 15:16]
L-BFGS:  79%|███████▉  | 791/1000 [04:02 > 15:17]
L-BFGS:  79%|███████▉  | 792/1000 [04:01 > 15:18]
L-BFGS:  79%|███████▉  | 793/1000 [03:59 > 15:19]
L-BFGS:  79%|███████▉  | 794/1000 [03:58 > 15:20]
L-BFGS:  80%|███████▉  | 795/1000 [03:56 > 15:22]
L-BFGS:  80%|███████▉  | 796/1000 [03:55 > 15:23]
L-BFGS:  80%|███████▉  | 797/1000 [03:55 > 15:24]
L-BFGS:  80%|███████▉  | 798/1000 [03:53 > 15:25]
L-BFGS:  80%|███████▉  | 799/1000 [03:51 > 15:26]
L-BFGS:  80%|████████  | 800/1000 [03:50 > 15:27]
L-BFGS:  80%|████████  | 801/1000 [03:51 > 15:29]
L-BFGS:  80%|████████  | 802/1000 [03:50 > 15:30]
L-BFGS:  80%|████████  | 803/1000 [03:48 > 15:31]
L-BFGS:  80%|████████  | 804/1000 [03:47 > 15:32]
L-BFGS:  80%|████████  | 805/1000 [03:46 > 15:33]
L-BFGS:  81%|████████  | 806/1000 [03:44 > 15:34]
L-BFGS:  81%|████████  | 807/1000 [03:43 > 15:36]
L-BFGS:  81%|████████  | 808/1000 [03:42 > 15:37]
L-BFGS:  81%|████████  | 809/1000 [03:42 > 15:38]
L-BFGS:  81%|████████  | 810/1000 [03:40 > 15:39]
L-BFGS:  81%|████████  | 811/1000 [03:39 > 15:40]
L-BFGS:  81%|████████  | 812/1000 [03:38 > 15:41]
L-BFGS:  81%|████████▏ | 813/1000 [03:37 > 15:43]
L-BFGS:  81%|████████▏ | 814/1000 [03:36 > 15:44]
L-BFGS:  82%|████████▏ | 815/1000 [03:34 > 15:45]
L-BFGS:  82%|████████▏ | 816/1000 [03:33 > 15:46]
L-BFGS:  82%|████████▏ | 817/1000 [03:32 > 15:47]
L-BFGS:  82%|████████▏ | 818/1000 [03:31 > 15:48]
L-BFGS:  82%|████████▏ | 819/1000 [03:29 > 15:49]
L-BFGS:  82%|████████▏ | 820/1000 [03:28 > 15:51]
L-BFGS:  82%|████████▏ | 821/1000 [03:28 > 15:52]
L-BFGS:  82%|████████▏ | 822/1000 [03:26 > 15:53]
L-BFGS:  82%|████████▏ | 823/1000 [03:25 > 15:54]
L-BFGS:  82%|████████▏ | 824/1000 [03:23 > 15:55]
L-BFGS:  82%|████████▎ | 825/1000 [03:22 > 15:56]
L-BFGS:  83%|████████▎ | 826/1000 [03:21 > 15:58]
L-BFGS:  83%|████████▎ | 827/1000 [03:20 > 15:59]
L-BFGS:  83%|████████▎ | 828/1000 [03:20 > 16:00]
L-BFGS:  83%|████████▎ | 829/1000 [03:18 > 16:01]
L-BFGS:  83%|████████▎ | 830/1000 [03:17 > 16:02]
L-BFGS:  83%|████████▎ | 831/1000 [03:15 > 16:03]
L-BFGS:  83%|████████▎ | 832/1000 [03:14 > 16:05]
L-BFGS:  83%|████████▎ | 833/1000 [03:14 > 16:06]
L-BFGS:  83%|████████▎ | 834/1000 [03:12 > 16:07]
L-BFGS:  84%|████████▎ | 835/1000 [03:11 > 16:08]
L-BFGS:  84%|████████▎ | 836/1000 [03:09 > 16:09]
L-BFGS:  84%|████████▎ | 837/1000 [03:09 > 16:10]
L-BFGS:  84%|████████▍ | 838/1000 [03:07 > 16:12]
L-BFGS:  84%|████████▍ | 839/1000 [03:06 > 16:13]
L-BFGS:  84%|████████▍ | 840/1000 [03:04 > 16:14]
L-BFGS:  84%|████████▍ | 841/1000 [03:02 > 16:15]
L-BFGS:  84%|████████▍ | 842/1000 [03:01 > 16:16]
L-BFGS:  84%|████████▍ | 843/1000 [03:00 > 16:17]
L-BFGS:  84%|████████▍ | 844/1000 [03:00 > 16:18]
L-BFGS:  84%|████████▍ | 845/1000 [02:59 > 16:20]
L-BFGS:  85%|████████▍ | 846/1000 [02:59 > 16:21]
L-BFGS:  85%|████████▍ | 847/1000 [02:57 > 16:22]
L-BFGS:  85%|████████▍ | 848/1000 [02:56 > 16:23]
L-BFGS:  85%|████████▍ | 849/1000 [02:54 > 16:24]
L-BFGS:  85%|████████▌ | 850/1000 [02:53 > 16:25]
L-BFGS:  85%|████████▌ | 851/1000 [02:51 > 16:27]
L-BFGS:  85%|████████▌ | 852/1000 [02:51 > 16:28]
L-BFGS:  85%|████████▌ | 853/1000 [02:50 > 16:29]
L-BFGS:  85%|████████▌ | 854/1000 [02:48 > 16:30]
L-BFGS:  86%|████████▌ | 855/1000 [02:47 > 16:31]
L-BFGS:  86%|████████▌ | 856/1000 [02:47 > 16:32]
L-BFGS:  86%|████████▌ | 857/1000 [02:45 > 16:34]
L-BFGS:  86%|████████▌ | 858/1000 [02:44 > 16:35]
L-BFGS:  86%|████████▌ | 859/1000 [02:43 > 16:36]
L-BFGS:  86%|████████▌ | 860/1000 [02:41 > 16:37]
L-BFGS:  86%|████████▌ | 861/1000 [02:41 > 16:38]
L-BFGS:  86%|████████▌ | 862/1000 [02:39 > 16:39]
L-BFGS:  86%|████████▋ | 863/1000 [02:38 > 16:40]
L-BFGS:  86%|████████▋ | 864/1000 [02:37 > 16:42]
L-BFGS:  86%|████████▋ | 865/1000 [02:37 > 16:43]
L-BFGS:  87%|████████▋ | 866/1000 [02:35 > 16:44]
L-BFGS:  87%|████████▋ | 867/1000 [02:34 > 16:45]
L-BFGS:  87%|████████▋ | 868/1000 [02:33 > 16:46]
L-BFGS:  87%|████████▋ | 869/1000 [02:31 > 16:47]
L-BFGS:  87%|████████▋ | 870/1000 [02:30 > 16:49]
L-BFGS:  87%|████████▋ | 871/1000 [02:28 > 16:50]
L-BFGS:  87%|████████▋ | 872/1000 [02:28 > 16:51]
L-BFGS:  87%|████████▋ | 873/1000 [02:27 > 16:52]
L-BFGS:  87%|████████▋ | 874/1000 [02:26 > 16:53]
L-BFGS:  88%|████████▊ | 875/1000 [02:25 > 16:54]
L-BFGS:  88%|████████▊ | 876/1000 [02:23 > 16:56]
L-BFGS:  88%|████████▊ | 877/1000 [02:22 > 16:57]
L-BFGS:  88%|████████▊ | 878/1000 [02:21 > 16:58]
L-BFGS:  88%|████████▊ | 879/1000 [02:20 > 16:59]
L-BFGS:  88%|████████▊ | 880/1000 [02:18 > 17:00]
L-BFGS:  88%|████████▊ | 881/1000 [02:17 > 17:01]
L-BFGS:  88%|████████▊ | 882/1000 [02:16 > 17:02]
L-BFGS:  88%|████████▊ | 883/1000 [02:15 > 17:04]
L-BFGS:  88%|████████▊ | 884/1000 [02:15 > 17:05]
L-BFGS:  88%|████████▊ | 885/1000 [02:13 > 17:06]
L-BFGS:  89%|████████▊ | 886/1000 [02:12 > 17:07]
L-BFGS:  89%|████████▊ | 887/1000 [02:10 > 17:08]
L-BFGS:  89%|████████▉ | 888/1000 [02:09 > 17:09]
L-BFGS:  89%|████████▉ | 889/1000 [02:08 > 17:11]
L-BFGS:  89%|████████▉ | 890/1000 [02:07 > 17:12]
L-BFGS:  89%|████████▉ | 891/1000 [02:06 > 17:13]
L-BFGS:  89%|████████▉ | 892/1000 [02:04 > 17:14]
L-BFGS:  89%|████████▉ | 893/1000 [02:03 > 17:15]
L-BFGS:  89%|████████▉ | 894/1000 [02:02 > 17:16]
L-BFGS:  90%|████████▉ | 895/1000 [02:00 > 17:18]
L-BFGS:  90%|████████▉ | 896/1000 [02:00 > 17:19]
L-BFGS:  90%|████████▉ | 897/1000 [01:58 > 17:20]
L-BFGS:  90%|████████▉ | 898/1000 [01:57 > 17:21]
L-BFGS:  90%|████████▉ | 899/1000 [01:55 > 17:22]
L-BFGS:  90%|█████████ | 900/1000 [01:54 > 17:23]
L-BFGS:  90%|█████████ | 901/1000 [01:53 > 17:24]
L-BFGS:  90%|█████████ | 902/1000 [01:52 > 17:26]
L-BFGS:  90%|█████████ | 903/1000 [01:51 > 17:27]
L-BFGS:  90%|█████████ | 904/1000 [01:50 > 17:28]
L-BFGS:  90%|█████████ | 905/1000 [01:49 > 17:29]
L-BFGS:  91%|█████████ | 906/1000 [01:48 > 17:30]
L-BFGS:  91%|█████████ | 907/1000 [01:48 > 17:31]
L-BFGS:  91%|█████████ | 908/1000 [01:47 > 17:33]
L-BFGS:  91%|█████████ | 909/1000 [01:46 > 17:34]
L-BFGS:  91%|█████████ | 910/1000 [01:45 > 17:35]
L-BFGS:  91%|█████████ | 911/1000 [01:43 > 17:36]
L-BFGS:  91%|█████████ | 912/1000 [01:42 > 17:37]
L-BFGS:  91%|█████████▏| 913/1000 [01:41 > 17:38]
L-BFGS:  91%|█████████▏| 914/1000 [01:39 > 17:39]
L-BFGS:  92%|█████████▏| 915/1000 [01:38 > 17:41]
L-BFGS:  92%|█████████▏| 916/1000 [01:37 > 17:42]
L-BFGS:  92%|█████████▏| 917/1000 [01:36 > 17:43]
L-BFGS:  92%|█████████▏| 918/1000 [01:34 > 17:44]
L-BFGS:  92%|█████████▏| 919/1000 [01:33 > 17:45]
L-BFGS:  92%|█████████▏| 920/1000 [01:32 > 17:46]
L-BFGS:  92%|█████████▏| 921/1000 [01:31 > 17:48]
L-BFGS:  92%|█████████▏| 922/1000 [01:30 > 17:49]
L-BFGS:  92%|█████████▏| 923/1000 [01:28 > 17:50]
L-BFGS:  92%|█████████▏| 924/1000 [01:27 > 17:51]
L-BFGS:  92%|█████████▎| 925/1000 [01:26 > 17:52]
L-BFGS:  93%|█████████▎| 926/1000 [01:25 > 17:53]
L-BFGS:  93%|█████████▎| 927/1000 [01:24 > 17:55]
L-BFGS:  93%|█████████▎| 928/1000 [01:23 > 17:56]
L-BFGS:  93%|█████████▎| 929/1000 [01:22 > 17:57]
L-BFGS:  93%|█████████▎| 930/1000 [01:20 > 17:58]
L-BFGS:  93%|█████████▎| 931/1000 [01:19 > 17:59]
L-BFGS:  93%|█████████▎| 932/1000 [01:18 > 18:00]
L-BFGS:  93%|█████████▎| 933/1000 [01:17 > 18:01]
L-BFGS:  93%|█████████▎| 934/1000 [01:16 > 18:03]
L-BFGS:  94%|█████████▎| 935/1000 [01:15 > 18:04]
L-BFGS:  94%|█████████▎| 936/1000 [01:13 > 18:05]
L-BFGS:  94%|█████████▎| 937/1000 [01:13 > 18:06]
L-BFGS:  94%|█████████▍| 938/1000 [01:11 > 18:07]
L-BFGS:  94%|█████████▍| 939/1000 [01:10 > 18:08]
L-BFGS:  94%|█████████▍| 940/1000 [01:09 > 18:10]
L-BFGS:  94%|█████████▍| 941/1000 [01:07 > 18:11]
L-BFGS:  94%|█████████▍| 942/1000 [01:07 > 18:12]
L-BFGS:  94%|█████████▍| 943/1000 [01:06 > 18:13]
L-BFGS:  94%|█████████▍| 944/1000 [01:05 > 18:14]
L-BFGS:  94%|█████████▍| 945/1000 [01:03 > 18:15]
L-BFGS:  95%|█████████▍| 946/1000 [01:02 > 18:16]
L-BFGS:  95%|█████████▍| 947/1000 [01:00 > 18:18]
L-BFGS:  95%|█████████▍| 948/1000 [00:59 > 18:19]
L-BFGS:  95%|█████████▍| 949/1000 [00:59 > 18:20]
L-BFGS:  95%|█████████▌| 950/1000 [00:58 > 18:21]
L-BFGS:  95%|█████████▌| 951/1000 [00:56 > 18:22]
L-BFGS:  95%|█████████▌| 952/1000 [00:55 > 18:23]
L-BFGS:  95%|█████████▌| 953/1000 [00:54 > 18:25]
L-BFGS:  95%|█████████▌| 954/1000 [00:53 > 18:26]
L-BFGS:  96%|█████████▌| 955/1000 [00:52 > 18:27]
L-BFGS:  96%|█████████▌| 956/1000 [00:51 > 18:28]
L-BFGS:  96%|█████████▌| 957/1000 [00:49 > 18:29]
L-BFGS:  96%|█████████▌| 958/1000 [00:48 > 18:30]
L-BFGS:  96%|█████████▌| 959/1000 [00:47 > 18:32]
L-BFGS:  96%|█████████▌| 960/1000 [00:46 > 18:33]
L-BFGS:  96%|█████████▌| 961/1000 [00:45 > 18:34]
L-BFGS:  96%|█████████▌| 962/1000 [00:44 > 18:35]
L-BFGS:  96%|█████████▋| 963/1000 [00:43 > 18:36]
L-BFGS:  96%|█████████▋| 964/1000 [00:41 > 18:37]
L-BFGS:  96%|█████████▋| 965/1000 [00:40 > 18:39]
L-BFGS:  97%|█████████▋| 966/1000 [00:39 > 18:40]
L-BFGS:  97%|█████████▋| 967/1000 [00:38 > 18:41]
L-BFGS:  97%|█████████▋| 968/1000 [00:37 > 18:42]
L-BFGS:  97%|█████████▋| 969/1000 [00:36 > 18:43]
L-BFGS:  97%|█████████▋| 970/1000 [00:34 > 18:44]
L-BFGS:  97%|█████████▋| 971/1000 [00:33 > 18:46]
L-BFGS:  97%|█████████▋| 972/1000 [00:32 > 18:47]
L-BFGS:  97%|█████████▋| 973/1000 [00:31 > 18:48]
L-BFGS:  97%|█████████▋| 974/1000 [00:30 > 18:49]
L-BFGS:  98%|█████████▊| 975/1000 [00:28 > 18:50]
L-BFGS:  98%|█████████▊| 976/1000 [00:27 > 18:51]
L-BFGS:  98%|█████████▊| 977/1000 [00:26 > 18:53]
L-BFGS:  98%|█████████▊| 978/1000 [00:25 > 18:54]
L-BFGS:  98%|█████████▊| 979/1000 [00:24 > 18:55]
L-BFGS:  98%|█████████▊| 980/1000 [00:23 > 18:56]
L-BFGS:  98%|█████████▊| 981/1000 [00:22 > 18:57]
L-BFGS:  98%|█████████▊| 982/1000 [00:20 > 18:58]
L-BFGS:  98%|█████████▊| 983/1000 [00:19 > 19:00]
L-BFGS:  98%|█████████▊| 984/1000 [00:18 > 19:01]
L-BFGS:  98%|█████████▊| 985/1000 [00:17 > 19:02]
L-BFGS:  99%|█████████▊| 986/1000 [00:16 > 19:03]
L-BFGS:  99%|█████████▊| 987/1000 [00:15 > 19:04]
L-BFGS:  99%|█████████▉| 988/1000 [00:13 > 19:05]
L-BFGS:  99%|█████████▉| 989/1000 [00:12 > 19:07]
L-BFGS:  99%|█████████▉| 990/1000 [00:11 > 19:08]
L-BFGS:  99%|█████████▉| 991/1000 [00:10 > 19:09]
L-BFGS:  99%|█████████▉| 992/1000 [00:09 > 19:10]
L-BFGS:  99%|█████████▉| 993/1000 [00:08 > 19:11]
L-BFGS:  99%|█████████▉| 994/1000 [00:06 > 19:12]
L-BFGS: 100%|█████████▉| 995/1000 [00:05 > 19:13]
L-BFGS: 100%|█████████▉| 996/1000 [00:04 > 19:15]
L-BFGS: 100%|█████████▉| 997/1000 [00:03 > 19:16]
L-BFGS: 100%|█████████▉| 998/1000 [00:02 > 19:17]
L-BFGS: 100%|█████████▉| 999/1000 [00:01 > 19:18]
L-BFGS: 100%|██████████| 1000/1000 [00:00 > 19:19]
L-BFGS: 100%|██████████| 1000/1000 [00:00 > 19:19]
Training saved: C:\Ali Computation\pinn\code\heterogeneous\pino_heterogeneous\results\exp_A_capacity\pino_heterogeneous_concentration.png C:\Ali Computation\pinn\code\heterogeneous\pino_heterogeneous\results\exp_A_capacity\pino_heterogeneous_loss.png C:\Ali Computation\pinn\code\heterogeneous\pino_heterogeneous\results\exp_A_capacity\pino_heterogeneous_model.pt
COMSOL validation: 81 media -> C:\Ali Computation\pinn\code\heterogeneous\pino_heterogeneous\results\comsol_validation  (x* collocation n=86)

COMSOL vs PINO:   0%|          | 0/81 [00:00<?, ?it/s]
COMSOL vs PINO:   7%|▋         | 6/81 [00:00<00:01, 56.27it/s]
COMSOL vs PINO:  16%|█▌        | 13/81 [00:00<00:01, 61.21it/s]
COMSOL vs PINO:  26%|██▌       | 21/81 [00:00<00:00, 65.80it/s]
COMSOL vs PINO:  36%|███▌      | 29/81 [00:00<00:00, 68.03it/s]
COMSOL vs PINO:  44%|████▍     | 36/81 [00:00<00:00, 63.03it/s]
COMSOL vs PINO:  53%|█████▎    | 43/81 [00:00<00:00, 58.08it/s]
COMSOL vs PINO:  62%|██████▏   | 50/81 [00:00<00:00, 59.25it/s]
COMSOL vs PINO:  72%|███████▏  | 58/81 [00:00<00:00, 62.84it/s]
COMSOL vs PINO:  80%|████████  | 65/81 [00:01<00:00, 64.45it/s]
COMSOL vs PINO:  90%|█████████ | 73/81 [00:01<00:00, 66.46it/s]
COMSOL vs PINO: 100%|██████████| 81/81 [00:01<00:00, 68.32it/s]
COMSOL vs PINO: 100%|██████████| 81/81 [00:01<00:00, 64.44it/s]
COMSOL validation summary: n=81  mean=1.372033e-01  max=2.167540e-01  min=9.793300e-02
Wrote C:\Ali Computation\pinn\code\heterogeneous\pino_heterogeneous\results\comsol_validation\comsol_validation_summary.csv
Run metadata: C:\Ali Computation\pinn\code\heterogeneous\pino_heterogeneous\results\exp_A_capacity\run_meta.json

# exit 0 after 0:19:33.209213
