# code/heterogeneous/pino_heterogeneous/pinn1d_heterogeneous_parametric_neural_operator.py --design lhc --n-train 500 --out-dir results/exp_B_lhc_N500 --skip-validation-plots
# started 2026-06-10 20:17:08
# cwd C:\Ali Computation\pinn\code\heterogeneous\pino_heterogeneous

Using CPU (CUDA not available, dtype=torch.float32)
PE (computed) = 0.010368
design=lhc  n_train_requested=500  batch_mode=True
results_dir=C:\Ali Computation\pinn\code\heterogeneous\pino_heterogeneous\results\exp_B_lhc_N500
Training: 500 lhc samples in [0.01, 0.05] m/d
  saved/loaded: C:\Ali Computation\pinn\code\heterogeneous\pino_heterogeneous\results\exp_B_lhc_N500\train_u_cases.csv
  branch CFL range [0.120049, 0.599914]
PDE mesh: bulk 50x50x500 + interface bands (36 x* / band, +/-0.025 around (0.2, 0.4, 0.6))
COMSOL validation: 81 fixed grid cases from comsol_4zones.txt
run_training=True  run_comsol_validation=True  skip_validation_plots=True
PDE collocation points: 2,150,000 (bulk 1,250,000, interface 900,000)
Collocation mesh plot (pre-train): C:\Ali Computation\pinn\code\heterogeneous\pino_heterogeneous\results\exp_B_lhc_N500\pino_heterogeneous_collocation_points.png
LBFGS (
Parameter Group 0
    history_size: 50
    line_search_fn: strong_wolfe
    lr: 1
    max_eval: 1
    max_iter: 1
    tolerance_change: 1e-09
    tolerance_grad: 1e-07
)

L-BFGS:   0%|          | 0/1000 [? > 00:00]
L-BFGS:   0%|          | 1/1000 [1:59:03 > 00:07]
L-BFGS:   0%|          | 2/1000 [1:54:15 > 00:13]
L-BFGS:   0%|          | 3/1000 [1:52:36 > 00:20]
L-BFGS:   0%|          | 4/1000 [1:52:33 > 00:27]
L-BFGS:   0%|          | 5/1000 [1:52:02 > 00:33]
L-BFGS:   1%|          | 6/1000 [1:51:19 > 00:40]
L-BFGS:   1%|          | 7/1000 [1:53:14 > 00:47]
L-BFGS:   1%|          | 8/1000 [1:53:12 > 00:54]
L-BFGS:   1%|          | 9/1000 [1:52:17 > 01:01]
L-BFGS:   1%|          | 10/1000 [1:51:09 > 01:07]
L-BFGS:   1%|          | 11/1000 [1:49:32 > 01:14]
L-BFGS:   1%|          | 12/1000 [1:48:49 > 01:20]
L-BFGS:   1%|▏         | 13/1000 [1:47:50 > 01:27]
L-BFGS:   1%|▏         | 14/1000 [1:47:04 > 01:33]
L-BFGS:   2%|▏         | 15/1000 [1:46:42 > 01:40]
L-BFGS:   2%|▏         | 16/1000 [1:46:06 > 01:46]
L-BFGS:   2%|▏         | 17/1000 [1:46:07 > 01:53]
L-BFGS:   2%|▏         | 18/1000 [1:45:37 > 01:59]
L-BFGS:   2%|▏         | 19/1000 [1:45:17 > 02:05]
L-BFGS:   2%|▏         | 20/1000 [1:45:21 > 02:12]
L-BFGS:   2%|▏         | 21/1000 [1:44:56 > 02:18]
L-BFGS:   2%|▏         | 22/1000 [1:44:54 > 02:25]
L-BFGS:   2%|▏         | 23/1000 [1:44:50 > 02:31]
L-BFGS:   2%|▏         | 24/1000 [1:44:30 > 02:38]
L-BFGS:   2%|▎         | 25/1000 [1:44:30 > 02:44]
L-BFGS:   3%|▎         | 26/1000 [1:44:23 > 02:50]
L-BFGS:   3%|▎         | 27/1000 [1:43:54 > 02:57]
L-BFGS:   3%|▎         | 28/1000 [1:44:11 > 03:03]
L-BFGS:   3%|▎         | 29/1000 [1:44:13 > 03:10]
L-BFGS:   3%|▎         | 30/1000 [1:44:19 > 03:16]
L-BFGS:   3%|▎         | 31/1000 [1:43:46 > 03:23]
L-BFGS:   3%|▎         | 32/1000 [1:43:39 > 03:29]
L-BFGS:   3%|▎         | 33/1000 [1:43:43 > 03:35]
L-BFGS:   3%|▎         | 34/1000 [1:43:46 > 03:42]
L-BFGS:   4%|▎         | 35/1000 [1:43:45 > 03:48]
L-BFGS:   4%|▎         | 36/1000 [1:43:37 > 03:55]
L-BFGS:   4%|▎         | 37/1000 [1:43:09 > 04:01]
L-BFGS:   4%|▍         | 38/1000 [1:43:21 > 04:08]
L-BFGS:   4%|▍         | 39/1000 [1:43:14 > 04:14]
L-BFGS:   4%|▍         | 40/1000 [1:42:55 > 04:21]
L-BFGS:   4%|▍         | 41/1000 [1:42:53 > 04:27]
L-BFGS:   4%|▍         | 42/1000 [1:42:29 > 04:33]
L-BFGS:   4%|▍         | 43/1000 [1:44:22 > 04:40]
L-BFGS:   4%|▍         | 44/1000 [1:44:42 > 04:47]
L-BFGS:   4%|▍         | 45/1000 [1:47:19 > 04:54]
L-BFGS:   5%|▍         | 46/1000 [1:49:09 > 05:01]
L-BFGS:   5%|▍         | 47/1000 [1:48:17 > 05:08]
L-BFGS:   5%|▍         | 48/1000 [1:49:30 > 05:15]
L-BFGS:   5%|▍         | 49/1000 [1:49:34 > 05:22]
L-BFGS:   5%|▌         | 50/1000 [1:47:04 > 05:28]
L-BFGS:   5%|▌         | 51/1000 [1:45:29 > 05:35]
L-BFGS:   5%|▌         | 52/1000 [1:44:18 > 05:41]
L-BFGS:   5%|▌         | 53/1000 [1:43:17 > 05:48]
L-BFGS:   5%|▌         | 54/1000 [1:42:50 > 05:54]
L-BFGS:   6%|▌         | 55/1000 [1:41:56 > 06:00]
L-BFGS:   6%|▌         | 56/1000 [1:41:51 > 06:07]
L-BFGS:   6%|▌         | 57/1000 [1:41:44 > 06:13]
L-BFGS:   6%|▌         | 58/1000 [1:41:39 > 06:20]
L-BFGS:   6%|▌         | 59/1000 [1:41:07 > 06:26]
L-BFGS:   6%|▌         | 60/1000 [1:40:58 > 06:33]
L-BFGS:   6%|▌         | 61/1000 [1:40:27 > 06:39]
L-BFGS:   6%|▌         | 62/1000 [1:40:16 > 06:45]
L-BFGS:   6%|▋         | 63/1000 [1:40:06 > 06:52]
L-BFGS:   6%|▋         | 64/1000 [1:39:58 > 06:58]
L-BFGS:   6%|▋         | 65/1000 [1:40:24 > 07:05]
L-BFGS:   7%|▋         | 66/1000 [1:40:19 > 07:11]
L-BFGS:   7%|▋         | 67/1000 [1:40:11 > 07:18]
L-BFGS:   7%|▋         | 68/1000 [1:40:07 > 07:24]
L-BFGS:   7%|▋         | 69/1000 [1:39:41 > 07:30]
L-BFGS:   7%|▋         | 70/1000 [1:39:37 > 07:37]
L-BFGS:   7%|▋         | 71/1000 [1:39:24 > 07:43]
L-BFGS:   7%|▋         | 72/1000 [1:39:34 > 07:50]
L-BFGS:   7%|▋         | 73/1000 [1:41:38 > 07:57]
L-BFGS:   7%|▋         | 74/1000 [1:42:18 > 08:03]
L-BFGS:   8%|▊         | 75/1000 [1:41:23 > 08:10]
L-BFGS:   8%|▊         | 76/1000 [1:40:42 > 08:16]
L-BFGS:   8%|▊         | 77/1000 [1:40:17 > 08:23]
L-BFGS:   8%|▊         | 78/1000 [1:39:43 > 08:29]
L-BFGS:   8%|▊         | 79/1000 [1:38:53 > 08:36]
L-BFGS:   8%|▊         | 80/1000 [1:38:46 > 08:42]
L-BFGS:   8%|▊         | 81/1000 [1:38:38 > 08:48]
L-BFGS:   8%|▊         | 82/1000 [1:38:32 > 08:55]
L-BFGS:   8%|▊         | 83/1000 [1:38:04 > 09:01]
L-BFGS:   8%|▊         | 84/1000 [1:38:24 > 09:08]
L-BFGS:   8%|▊         | 85/1000 [1:38:00 > 09:14]
L-BFGS:   9%|▊         | 86/1000 [1:37:30 > 09:20]
L-BFGS:   9%|▊         | 87/1000 [1:37:46 > 09:27]
L-BFGS:   9%|▉         | 88/1000 [1:37:46 > 09:33]
L-BFGS:   9%|▉         | 89/1000 [1:37:18 > 09:40]
L-BFGS:   9%|▉         | 90/1000 [1:37:03 > 09:46]
L-BFGS:   9%|▉         | 91/1000 [1:37:11 > 09:53]
L-BFGS:   9%|▉         | 92/1000 [1:37:17 > 09:59]
L-BFGS:   9%|▉         | 93/1000 [1:37:09 > 10:05]
L-BFGS:   9%|▉         | 94/1000 [1:37:25 > 10:12]
L-BFGS:  10%|▉         | 95/1000 [1:37:02 > 10:18]
L-BFGS:  10%|▉         | 96/1000 [1:38:21 > 10:25]
L-BFGS:  10%|▉         | 97/1000 [1:38:23 > 10:32]
L-BFGS:  10%|▉         | 98/1000 [1:37:41 > 10:38]
L-BFGS:  10%|▉         | 99/1000 [1:37:04 > 10:44]
L-BFGS:  10%|█         | 100/1000 [1:36:42 > 10:51]
L-BFGS:  10%|█         | 101/1000 [1:36:32 > 10:57]
L-BFGS:  10%|█         | 102/1000 [1:36:12 > 11:04]
L-BFGS:  10%|█         | 103/1000 [1:36:03 > 11:10]
L-BFGS:  10%|█         | 104/1000 [1:35:50 > 11:17]
L-BFGS:  10%|█         | 105/1000 [1:35:43 > 11:23]
L-BFGS:  11%|█         | 106/1000 [1:35:54 > 11:29]
L-BFGS:  11%|█         | 107/1000 [1:35:53 > 11:36]
L-BFGS:  11%|█         | 108/1000 [1:35:56 > 11:42]
L-BFGS:  11%|█         | 109/1000 [1:35:28 > 11:49]
L-BFGS:  11%|█         | 110/1000 [1:35:14 > 11:55]
L-BFGS:  11%|█         | 111/1000 [1:36:02 > 12:02]
L-BFGS:  11%|█         | 112/1000 [1:35:29 > 12:08]
L-BFGS:  11%|█▏        | 113/1000 [1:34:51 > 12:14]
L-BFGS:  11%|█▏        | 114/1000 [1:34:38 > 12:21]
L-BFGS:  12%|█▏        | 115/1000 [1:34:25 > 12:27]
L-BFGS:  12%|█▏        | 116/1000 [1:34:34 > 12:34]
L-BFGS:  12%|█▏        | 117/1000 [1:34:35 > 12:40]
L-BFGS:  12%|█▏        | 118/1000 [1:34:19 > 12:47]
L-BFGS:  12%|█▏        | 119/1000 [1:34:03 > 12:53]
L-BFGS:  12%|█▏        | 120/1000 [1:33:59 > 12:59]
L-BFGS:  12%|█▏        | 121/1000 [1:34:09 > 13:06]
L-BFGS:  12%|█▏        | 122/1000 [1:34:13 > 13:12]
L-BFGS:  12%|█▏        | 123/1000 [1:34:12 > 13:19]
L-BFGS:  12%|█▏        | 124/1000 [1:33:56 > 13:25]
L-BFGS:  12%|█▎        | 125/1000 [1:33:49 > 13:32]
L-BFGS:  13%|█▎        | 126/1000 [1:33:49 > 13:38]
L-BFGS:  13%|█▎        | 127/1000 [1:33:22 > 13:44]
L-BFGS:  13%|█▎        | 128/1000 [1:33:16 > 13:51]
L-BFGS:  13%|█▎        | 129/1000 [1:33:04 > 13:57]
L-BFGS:  13%|█▎        | 130/1000 [1:33:18 > 14:04]
L-BFGS:  13%|█▎        | 131/1000 [1:33:08 > 14:10]
L-BFGS:  13%|█▎        | 132/1000 [1:33:17 > 14:17]
L-BFGS:  13%|█▎        | 133/1000 [1:33:05 > 14:23]
L-BFGS:  13%|█▎        | 134/1000 [1:32:43 > 14:29]
L-BFGS:  14%|█▎        | 135/1000 [1:32:36 > 14:36]
L-BFGS:  14%|█▎        | 136/1000 [1:32:21 > 14:42]
L-BFGS:  14%|█▎        | 137/1000 [1:32:13 > 14:49]
L-BFGS:  14%|█▍        | 138/1000 [1:32:24 > 14:55]
L-BFGS:  14%|█▍        | 139/1000 [1:32:20 > 15:02]
L-BFGS:  14%|█▍        | 140/1000 [1:32:15 > 15:08]
L-BFGS:  14%|█▍        | 141/1000 [1:31:57 > 15:14]
L-BFGS:  14%|█▍        | 142/1000 [1:31:43 > 15:21]
L-BFGS:  14%|█▍        | 143/1000 [1:31:31 > 15:27]
L-BFGS:  14%|█▍        | 144/1000 [1:31:26 > 15:34]
L-BFGS:  14%|█▍        | 145/1000 [1:31:14 > 15:40]
L-BFGS:  15%|█▍        | 146/1000 [1:31:11 > 15:46]
L-BFGS:  15%|█▍        | 147/1000 [1:31:19 > 15:53]
L-BFGS:  15%|█▍        | 148/1000 [1:31:19 > 15:59]
L-BFGS:  15%|█▍        | 149/1000 [1:31:14 > 16:06]
L-BFGS:  15%|█▌        | 150/1000 [1:31:10 > 16:12]
L-BFGS:  15%|█▌        | 151/1000 [1:31:10 > 16:19]
L-BFGS:  15%|█▌        | 152/1000 [1:30:55 > 16:25]
L-BFGS:  15%|█▌        | 153/1000 [1:30:49 > 16:31]
L-BFGS:  15%|█▌        | 154/1000 [1:30:28 > 16:38]
L-BFGS:  16%|█▌        | 155/1000 [1:30:26 > 16:44]
L-BFGS:  16%|█▌        | 156/1000 [1:30:17 > 16:51]
L-BFGS:  16%|█▌        | 157/1000 [1:30:11 > 16:57]
L-BFGS:  16%|█▌        | 158/1000 [1:30:02 > 17:04]
L-BFGS:  16%|█▌        | 159/1000 [1:30:03 > 17:10]
L-BFGS:  16%|█▌        | 160/1000 [1:29:50 > 17:16]
L-BFGS:  16%|█▌        | 161/1000 [1:29:50 > 17:23]
L-BFGS:  16%|█▌        | 162/1000 [1:29:28 > 17:29]
L-BFGS:  16%|█▋        | 163/1000 [1:29:00 > 17:36]
L-BFGS:  16%|█▋        | 164/1000 [1:28:53 > 17:42]
L-BFGS:  16%|█▋        | 165/1000 [1:29:00 > 17:48]
L-BFGS:  17%|█▋        | 166/1000 [1:28:53 > 17:55]
L-BFGS:  17%|█▋        | 167/1000 [1:28:59 > 18:01]
L-BFGS:  17%|█▋        | 168/1000 [1:28:57 > 18:08]
L-BFGS:  17%|█▋        | 169/1000 [1:28:45 > 18:14]
L-BFGS:  17%|█▋        | 170/1000 [1:28:43 > 18:20]
L-BFGS:  17%|█▋        | 171/1000 [1:28:28 > 18:27]
L-BFGS:  17%|█▋        | 172/1000 [1:28:25 > 18:33]
L-BFGS:  17%|█▋        | 173/1000 [1:28:28 > 18:40]
L-BFGS:  17%|█▋        | 174/1000 [1:28:27 > 18:46]
L-BFGS:  18%|█▊        | 175/1000 [1:28:36 > 18:53]
L-BFGS:  18%|█▊        | 176/1000 [1:28:14 > 18:59]
L-BFGS:  18%|█▊        | 177/1000 [1:28:26 > 19:05]
L-BFGS:  18%|█▊        | 178/1000 [1:28:12 > 19:12]
L-BFGS:  18%|█▊        | 179/1000 [1:27:51 > 19:18]
L-BFGS:  18%|█▊        | 180/1000 [1:27:39 > 19:25]
L-BFGS:  18%|█▊        | 181/1000 [1:27:28 > 19:31]
L-BFGS:  18%|█▊        | 182/1000 [1:27:29 > 19:37]
L-BFGS:  18%|█▊        | 183/1000 [1:27:32 > 19:44]
L-BFGS:  18%|█▊        | 184/1000 [1:27:26 > 19:50]
L-BFGS:  18%|█▊        | 185/1000 [1:27:08 > 19:57]
L-BFGS:  19%|█▊        | 186/1000 [1:27:12 > 20:03]
L-BFGS:  19%|█▊        | 187/1000 [1:26:58 > 20:10]
L-BFGS:  19%|█▉        | 188/1000 [1:26:38 > 20:16]
L-BFGS:  19%|█▉        | 189/1000 [1:27:24 > 20:23]
L-BFGS:  19%|█▉        | 190/1000 [1:27:43 > 20:29]
L-BFGS:  19%|█▉        | 191/1000 [1:27:36 > 20:36]
L-BFGS:  19%|█▉        | 192/1000 [1:27:01 > 20:42]
L-BFGS:  19%|█▉        | 193/1000 [1:26:39 > 20:48]
L-BFGS:  19%|█▉        | 194/1000 [1:26:23 > 20:55]
L-BFGS:  20%|█▉        | 195/1000 [1:26:09 > 21:01]
L-BFGS:  20%|█▉        | 196/1000 [1:26:02 > 21:08]
L-BFGS:  20%|█▉        | 197/1000 [1:25:40 > 21:14]
L-BFGS:  20%|█▉        | 198/1000 [1:26:01 > 21:21]
L-BFGS:  20%|█▉        | 199/1000 [1:25:59 > 21:27]
L-BFGS:  20%|██        | 200/1000 [1:26:14 > 21:34]
L-BFGS:  20%|██        | 201/1000 [1:26:06 > 21:40]
L-BFGS:  20%|██        | 202/1000 [1:25:29 > 21:46]
L-BFGS:  20%|██        | 203/1000 [1:25:39 > 21:53]
L-BFGS:  20%|██        | 204/1000 [1:25:39 > 21:59]
L-BFGS:  20%|██        | 205/1000 [1:25:20 > 22:06]
L-BFGS:  21%|██        | 206/1000 [1:24:54 > 22:12]
L-BFGS:  21%|██        | 207/1000 [1:24:35 > 22:18]
L-BFGS:  21%|██        | 208/1000 [1:24:48 > 22:25]
L-BFGS:  21%|██        | 209/1000 [1:24:39 > 22:31]
L-BFGS:  21%|██        | 210/1000 [1:24:52 > 22:38]
L-BFGS:  21%|██        | 211/1000 [1:24:49 > 22:44]
L-BFGS:  21%|██        | 212/1000 [1:24:14 > 22:51]
L-BFGS:  21%|██▏       | 213/1000 [1:24:18 > 22:57]
L-BFGS:  21%|██▏       | 214/1000 [1:24:12 > 23:04]
L-BFGS:  22%|██▏       | 215/1000 [1:24:03 > 23:10]
L-BFGS:  22%|██▏       | 216/1000 [1:23:46 > 23:16]
L-BFGS:  22%|██▏       | 217/1000 [1:23:50 > 23:23]
L-BFGS:  22%|██▏       | 218/1000 [1:23:36 > 23:29]
L-BFGS:  22%|██▏       | 219/1000 [1:23:22 > 23:36]
L-BFGS:  22%|██▏       | 220/1000 [1:23:09 > 23:42]
L-BFGS:  22%|██▏       | 221/1000 [1:22:55 > 23:48]
L-BFGS:  22%|██▏       | 222/1000 [1:23:01 > 23:55]
L-BFGS:  22%|██▏       | 223/1000 [1:23:03 > 24:01]
L-BFGS:  22%|██▏       | 224/1000 [1:23:13 > 24:08]
L-BFGS:  22%|██▎       | 225/1000 [1:22:53 > 24:14]
L-BFGS:  23%|██▎       | 226/1000 [1:22:13 > 24:20]
L-BFGS:  23%|██▎       | 227/1000 [1:22:20 > 24:27]
L-BFGS:  23%|██▎       | 228/1000 [1:22:14 > 24:33]
L-BFGS:  23%|██▎       | 229/1000 [1:22:17 > 24:40]
L-BFGS:  23%|██▎       | 230/1000 [1:22:08 > 24:46]
L-BFGS:  23%|██▎       | 231/1000 [1:21:59 > 24:52]
L-BFGS:  23%|██▎       | 232/1000 [1:21:55 > 24:59]
L-BFGS:  23%|██▎       | 233/1000 [1:21:44 > 25:05]
L-BFGS:  23%|██▎       | 234/1000 [1:21:51 > 25:12]
L-BFGS:  24%|██▎       | 235/1000 [1:21:47 > 25:18]
L-BFGS:  24%|██▎       | 236/1000 [1:21:46 > 25:24]
L-BFGS:  24%|██▎       | 237/1000 [1:21:41 > 25:31]
L-BFGS:  24%|██▍       | 238/1000 [1:21:23 > 25:37]
L-BFGS:  24%|██▍       | 239/1000 [1:21:11 > 25:44]
L-BFGS:  24%|██▍       | 240/1000 [1:20:52 > 25:50]
L-BFGS:  24%|██▍       | 241/1000 [1:21:10 > 25:56]
L-BFGS:  24%|██▍       | 242/1000 [1:21:23 > 26:03]
L-BFGS:  24%|██▍       | 243/1000 [1:21:09 > 26:09]
L-BFGS:  24%|██▍       | 244/1000 [1:21:06 > 26:16]
L-BFGS:  24%|██▍       | 245/1000 [1:20:46 > 26:22]
L-BFGS:  25%|██▍       | 246/1000 [1:20:24 > 26:29]
L-BFGS:  25%|██▍       | 247/1000 [1:20:31 > 26:35]
L-BFGS:  25%|██▍       | 248/1000 [1:20:15 > 26:41]
L-BFGS:  25%|██▍       | 249/1000 [1:20:24 > 26:48]
L-BFGS:  25%|██▌       | 250/1000 [1:20:19 > 26:54]
L-BFGS:  25%|██▌       | 251/1000 [1:20:33 > 27:01]
L-BFGS:  25%|██▌       | 252/1000 [1:20:08 > 27:07]
L-BFGS:  25%|██▌       | 253/1000 [1:20:03 > 27:14]
L-BFGS:  25%|██▌       | 254/1000 [1:19:59 > 27:20]
L-BFGS:  26%|██▌       | 255/1000 [1:19:54 > 27:26]
L-BFGS:  26%|██▌       | 256/1000 [1:19:42 > 27:33]
L-BFGS:  26%|██▌       | 257/1000 [1:19:28 > 27:39]
L-BFGS:  26%|██▌       | 258/1000 [1:19:14 > 27:46]
L-BFGS:  26%|██▌       | 259/1000 [1:19:28 > 27:52]
L-BFGS:  26%|██▌       | 260/1000 [1:19:33 > 27:59]
L-BFGS:  26%|██▌       | 261/1000 [1:19:20 > 28:05]
L-BFGS:  26%|██▌       | 262/1000 [1:18:56 > 28:11]
L-BFGS:  26%|██▋       | 263/1000 [1:18:54 > 28:18]
L-BFGS:  26%|██▋       | 264/1000 [1:18:57 > 28:24]
L-BFGS:  26%|██▋       | 265/1000 [1:19:01 > 28:31]
L-BFGS:  27%|██▋       | 266/1000 [1:18:52 > 28:37]
L-BFGS:  27%|██▋       | 267/1000 [1:18:48 > 28:44]
L-BFGS:  27%|██▋       | 268/1000 [1:18:55 > 28:50]
L-BFGS:  27%|██▋       | 269/1000 [1:18:45 > 28:57]
L-BFGS:  27%|██▋       | 270/1000 [1:18:26 > 29:03]
L-BFGS:  27%|██▋       | 271/1000 [1:18:24 > 29:10]
L-BFGS:  27%|██▋       | 272/1000 [1:18:12 > 29:16]
L-BFGS:  27%|██▋       | 273/1000 [1:17:51 > 29:22]
L-BFGS:  27%|██▋       | 274/1000 [1:17:54 > 29:29]
L-BFGS:  28%|██▊       | 275/1000 [1:17:31 > 29:35]
L-BFGS:  28%|██▊       | 276/1000 [1:17:03 > 29:42]
L-BFGS:  28%|██▊       | 277/1000 [1:17:18 > 29:48]
L-BFGS:  28%|██▊       | 278/1000 [1:17:13 > 29:54]
L-BFGS:  28%|██▊       | 279/1000 [1:17:16 > 30:01]
L-BFGS:  28%|██▊       | 280/1000 [1:17:31 > 30:07]
L-BFGS:  28%|██▊       | 281/1000 [1:17:01 > 30:14]
L-BFGS:  28%|██▊       | 282/1000 [1:16:46 > 30:20]
L-BFGS:  28%|██▊       | 283/1000 [1:17:46 > 30:27]
L-BFGS:  28%|██▊       | 284/1000 [1:17:28 > 30:33]
L-BFGS:  28%|██▊       | 285/1000 [1:17:04 > 30:40]
L-BFGS:  29%|██▊       | 286/1000 [1:16:55 > 30:46]
L-BFGS:  29%|██▊       | 287/1000 [1:16:59 > 30:53]
L-BFGS:  29%|██▉       | 288/1000 [1:16:23 > 30:59]
L-BFGS:  29%|██▉       | 289/1000 [1:16:15 > 31:05]
L-BFGS:  29%|██▉       | 290/1000 [1:16:21 > 31:12]
L-BFGS:  29%|██▉       | 291/1000 [1:16:11 > 31:18]
L-BFGS:  29%|██▉       | 292/1000 [1:16:00 > 31:25]
L-BFGS:  29%|██▉       | 293/1000 [1:15:51 > 31:31]
L-BFGS:  29%|██▉       | 294/1000 [1:15:28 > 31:38]
L-BFGS:  30%|██▉       | 295/1000 [1:15:25 > 31:44]
L-BFGS:  30%|██▉       | 296/1000 [1:15:21 > 31:50]
L-BFGS:  30%|██▉       | 297/1000 [1:14:55 > 31:57]
L-BFGS:  30%|██▉       | 298/1000 [1:15:03 > 32:03]
L-BFGS:  30%|██▉       | 299/1000 [1:15:03 > 32:10]
L-BFGS:  30%|███       | 300/1000 [1:15:04 > 32:16]
L-BFGS:  30%|███       | 301/1000 [1:14:52 > 32:23]
L-BFGS:  30%|███       | 302/1000 [1:14:48 > 32:29]
L-BFGS:  30%|███       | 303/1000 [1:14:19 > 32:35]
L-BFGS:  30%|███       | 304/1000 [1:14:11 > 32:42]
L-BFGS:  30%|███       | 305/1000 [1:14:04 > 32:48]
L-BFGS:  31%|███       | 306/1000 [1:14:02 > 32:55]
L-BFGS:  31%|███       | 307/1000 [1:13:57 > 33:01]
L-BFGS:  31%|███       | 308/1000 [1:13:53 > 33:07]
L-BFGS:  31%|███       | 309/1000 [1:14:00 > 33:14]
L-BFGS:  31%|███       | 310/1000 [1:14:29 > 33:20]
L-BFGS:  31%|███       | 311/1000 [1:14:01 > 33:27]
L-BFGS:  31%|███       | 312/1000 [1:13:52 > 33:33]
L-BFGS:  31%|███▏      | 313/1000 [1:13:49 > 33:40]
L-BFGS:  31%|███▏      | 314/1000 [1:13:37 > 33:46]
L-BFGS:  32%|███▏      | 315/1000 [1:13:21 > 33:53]
L-BFGS:  32%|███▏      | 316/1000 [1:13:21 > 33:59]
L-BFGS:  32%|███▏      | 317/1000 [1:13:12 > 34:05]
L-BFGS:  32%|███▏      | 318/1000 [1:12:52 > 34:12]
L-BFGS:  32%|███▏      | 319/1000 [1:12:54 > 34:18]
L-BFGS:  32%|███▏      | 320/1000 [1:12:30 > 34:25]
L-BFGS:  32%|███▏      | 321/1000 [1:12:43 > 34:31]
L-BFGS:  32%|███▏      | 322/1000 [1:12:35 > 34:37]
L-BFGS:  32%|███▏      | 323/1000 [1:12:12 > 34:44]
L-BFGS:  32%|███▏      | 324/1000 [1:12:02 > 34:50]
L-BFGS:  32%|███▎      | 325/1000 [1:12:18 > 34:57]
L-BFGS:  33%|███▎      | 326/1000 [1:12:13 > 35:03]
L-BFGS:  33%|███▎      | 327/1000 [1:12:04 > 35:10]
L-BFGS:  33%|███▎      | 328/1000 [1:11:50 > 35:16]
L-BFGS:  33%|███▎      | 329/1000 [1:11:55 > 35:22]
L-BFGS:  33%|███▎      | 330/1000 [1:11:39 > 35:29]
L-BFGS:  33%|███▎      | 331/1000 [1:11:29 > 35:35]
L-BFGS:  33%|███▎      | 332/1000 [1:11:10 > 35:42]
L-BFGS:  33%|███▎      | 333/1000 [1:10:58 > 35:48]
L-BFGS:  33%|███▎      | 334/1000 [1:11:01 > 35:54]
L-BFGS:  34%|███▎      | 335/1000 [1:11:13 > 36:01]
L-BFGS:  34%|███▎      | 336/1000 [1:11:08 > 36:07]
L-BFGS:  34%|███▎      | 337/1000 [1:10:52 > 36:14]
L-BFGS:  34%|███▍      | 338/1000 [1:10:50 > 36:20]
L-BFGS:  34%|███▍      | 339/1000 [1:10:34 > 36:26]
L-BFGS:  34%|███▍      | 340/1000 [1:10:21 > 36:33]
L-BFGS:  34%|███▍      | 341/1000 [1:10:40 > 36:39]
L-BFGS:  34%|███▍      | 342/1000 [1:10:30 > 36:46]
L-BFGS:  34%|███▍      | 343/1000 [1:10:34 > 36:52]
L-BFGS:  34%|███▍      | 344/1000 [1:10:14 > 36:59]
L-BFGS:  34%|███▍      | 345/1000 [1:09:54 > 37:05]
L-BFGS:  35%|███▍      | 346/1000 [1:09:43 > 37:11]
L-BFGS:  35%|███▍      | 347/1000 [1:09:37 > 37:18]
L-BFGS:  35%|███▍      | 348/1000 [1:09:34 > 37:24]
L-BFGS:  35%|███▍      | 349/1000 [1:09:35 > 37:31]
L-BFGS:  35%|███▌      | 350/1000 [1:09:27 > 37:37]
L-BFGS:  35%|███▌      | 351/1000 [1:09:40 > 37:44]
L-BFGS:  35%|███▌      | 352/1000 [1:09:24 > 37:50]
L-BFGS:  35%|███▌      | 353/1000 [1:09:27 > 37:56]
L-BFGS:  35%|███▌      | 354/1000 [1:09:19 > 38:03]
L-BFGS:  36%|███▌      | 355/1000 [1:09:30 > 38:09]
L-BFGS:  36%|███▌      | 356/1000 [1:09:07 > 38:16]
L-BFGS:  36%|███▌      | 357/1000 [1:08:46 > 38:22]
L-BFGS:  36%|███▌      | 358/1000 [1:08:41 > 38:29]
L-BFGS:  36%|███▌      | 359/1000 [1:08:20 > 38:35]
L-BFGS:  36%|███▌      | 360/1000 [1:08:23 > 38:41]
L-BFGS:  36%|███▌      | 361/1000 [1:08:19 > 38:48]
L-BFGS:  36%|███▌      | 362/1000 [1:08:03 > 38:54]
L-BFGS:  36%|███▋      | 363/1000 [1:07:51 > 39:00]
L-BFGS:  36%|███▋      | 364/1000 [1:07:57 > 39:07]
L-BFGS:  36%|███▋      | 365/1000 [1:07:47 > 39:13]
L-BFGS:  37%|███▋      | 366/1000 [1:07:34 > 39:20]
L-BFGS:  37%|███▋      | 367/1000 [1:07:30 > 39:26]
L-BFGS:  37%|███▋      | 368/1000 [1:07:13 > 39:32]
L-BFGS:  37%|███▋      | 369/1000 [1:06:58 > 39:39]
L-BFGS:  37%|███▋      | 370/1000 [1:07:06 > 39:45]
L-BFGS:  37%|███▋      | 371/1000 [1:06:52 > 39:52]
L-BFGS:  37%|███▋      | 372/1000 [1:06:49 > 39:58]
L-BFGS:  37%|███▋      | 373/1000 [1:07:07 > 40:05]
L-BFGS:  37%|███▋      | 374/1000 [1:06:58 > 40:11]
L-BFGS:  38%|███▊      | 375/1000 [1:06:54 > 40:17]
L-BFGS:  38%|███▊      | 376/1000 [1:07:17 > 40:24]
L-BFGS:  38%|███▊      | 377/1000 [1:07:32 > 40:31]
L-BFGS:  38%|███▊      | 378/1000 [1:07:13 > 40:37]
L-BFGS:  38%|███▊      | 379/1000 [1:06:54 > 40:43]
L-BFGS:  38%|███▊      | 380/1000 [1:06:41 > 40:50]
L-BFGS:  38%|███▊      | 381/1000 [1:06:32 > 40:56]
L-BFGS:  38%|███▊      | 382/1000 [1:06:17 > 41:03]
L-BFGS:  38%|███▊      | 383/1000 [1:06:11 > 41:09]
L-BFGS:  38%|███▊      | 384/1000 [1:06:04 > 41:16]
L-BFGS:  38%|███▊      | 385/1000 [1:05:49 > 41:22]
L-BFGS:  39%|███▊      | 386/1000 [1:05:36 > 41:28]
L-BFGS:  39%|███▊      | 387/1000 [1:05:50 > 41:35]
L-BFGS:  39%|███▉      | 388/1000 [1:05:33 > 41:41]
L-BFGS:  39%|███▉      | 389/1000 [1:05:24 > 41:48]
L-BFGS:  39%|███▉      | 390/1000 [1:05:18 > 41:54]
L-BFGS:  39%|███▉      | 391/1000 [1:05:05 > 42:00]
L-BFGS:  39%|███▉      | 392/1000 [1:05:01 > 42:07]
L-BFGS:  39%|███▉      | 393/1000 [1:04:57 > 42:13]
L-BFGS:  39%|███▉      | 394/1000 [1:04:39 > 42:20]
L-BFGS:  40%|███▉      | 395/1000 [1:04:49 > 42:26]
L-BFGS:  40%|███▉      | 396/1000 [1:04:36 > 42:33]
L-BFGS:  40%|███▉      | 397/1000 [1:04:30 > 42:39]
L-BFGS:  40%|███▉      | 398/1000 [1:04:36 > 42:45]
L-BFGS:  40%|███▉      | 399/1000 [1:04:27 > 42:52]
L-BFGS:  40%|████      | 400/1000 [1:04:14 > 42:58]
L-BFGS:  40%|████      | 401/1000 [1:03:58 > 43:05]
L-BFGS:  40%|████      | 402/1000 [1:03:58 > 43:11]
L-BFGS:  40%|████      | 403/1000 [1:03:43 > 43:17]
L-BFGS:  40%|████      | 404/1000 [1:03:47 > 43:24]
L-BFGS:  40%|████      | 405/1000 [1:03:39 > 43:30]
L-BFGS:  41%|████      | 406/1000 [1:03:32 > 43:37]
L-BFGS:  41%|████      | 407/1000 [1:03:20 > 43:43]
L-BFGS:  41%|████      | 408/1000 [1:03:24 > 43:50]
L-BFGS:  41%|████      | 409/1000 [1:03:26 > 43:56]
L-BFGS:  41%|████      | 410/1000 [1:03:17 > 44:02]
L-BFGS:  41%|████      | 411/1000 [1:03:09 > 44:09]
L-BFGS:  41%|████      | 412/1000 [1:03:07 > 44:15]
L-BFGS:  41%|████▏     | 413/1000 [1:02:46 > 44:22]
L-BFGS:  41%|████▏     | 414/1000 [1:02:38 > 44:28]
L-BFGS:  42%|████▏     | 415/1000 [1:02:48 > 44:35]
L-BFGS:  42%|████▏     | 416/1000 [1:02:53 > 44:41]
L-BFGS:  42%|████▏     | 417/1000 [1:02:28 > 44:48]
L-BFGS:  42%|████▏     | 418/1000 [1:02:18 > 44:54]
L-BFGS:  42%|████▏     | 419/1000 [1:02:14 > 45:00]
L-BFGS:  42%|████▏     | 420/1000 [1:02:05 > 45:07]
L-BFGS:  42%|████▏     | 421/1000 [1:02:15 > 45:13]
L-BFGS:  42%|████▏     | 422/1000 [1:02:09 > 45:20]
L-BFGS:  42%|████▏     | 423/1000 [1:01:48 > 45:26]
L-BFGS:  42%|████▏     | 424/1000 [1:01:39 > 45:33]
L-BFGS:  42%|████▎     | 425/1000 [1:01:44 > 45:39]
L-BFGS:  43%|████▎     | 426/1000 [1:01:23 > 45:45]
L-BFGS:  43%|████▎     | 427/1000 [1:01:15 > 45:52]
L-BFGS:  43%|████▎     | 428/1000 [1:01:03 > 45:58]
L-BFGS:  43%|████▎     | 429/1000 [1:00:50 > 46:05]
L-BFGS:  43%|████▎     | 430/1000 [1:00:48 > 46:11]
L-BFGS:  43%|████▎     | 431/1000 [1:00:43 > 46:17]
L-BFGS:  43%|████▎     | 432/1000 [1:00:44 > 46:24]
L-BFGS:  43%|████▎     | 433/1000 [1:00:32 > 46:30]
L-BFGS:  43%|████▎     | 434/1000 [1:00:37 > 46:37]
L-BFGS:  44%|████▎     | 435/1000 [1:00:34 > 46:43]
L-BFGS:  44%|████▎     | 436/1000 [1:00:24 > 46:50]
L-BFGS:  44%|████▎     | 437/1000 [1:00:15 > 46:56]
L-BFGS:  44%|████▍     | 438/1000 [1:00:17 > 47:02]
L-BFGS:  44%|████▍     | 439/1000 [59:59 > 47:09]  
L-BFGS:  44%|████▍     | 440/1000 [59:54 > 47:15]
L-BFGS:  44%|████▍     | 441/1000 [59:59 > 47:22]
L-BFGS:  44%|████▍     | 442/1000 [59:58 > 47:28]
L-BFGS:  44%|████▍     | 443/1000 [59:48 > 47:35]
L-BFGS:  44%|████▍     | 444/1000 [59:39 > 47:41]
L-BFGS:  44%|████▍     | 445/1000 [59:27 > 47:47]
L-BFGS:  45%|████▍     | 446/1000 [59:07 > 47:54]
L-BFGS:  45%|████▍     | 447/1000 [58:57 > 48:00]
L-BFGS:  45%|████▍     | 448/1000 [58:49 > 48:07]
L-BFGS:  45%|████▍     | 449/1000 [58:31 > 48:13]
L-BFGS:  45%|████▌     | 450/1000 [58:42 > 48:19]
L-BFGS:  45%|████▌     | 451/1000 [58:41 > 48:26]
L-BFGS:  45%|████▌     | 452/1000 [58:34 > 48:32]
L-BFGS:  45%|████▌     | 453/1000 [58:34 > 48:39]
L-BFGS:  45%|████▌     | 454/1000 [58:20 > 48:45]
L-BFGS:  46%|████▌     | 455/1000 [58:14 > 48:51]
L-BFGS:  46%|████▌     | 456/1000 [58:03 > 48:58]
L-BFGS:  46%|████▌     | 457/1000 [58:15 > 49:04]
L-BFGS:  46%|████▌     | 458/1000 [57:54 > 49:11]
L-BFGS:  46%|████▌     | 459/1000 [57:54 > 49:17]
L-BFGS:  46%|████▌     | 460/1000 [57:48 > 49:24]
L-BFGS:  46%|████▌     | 461/1000 [57:34 > 49:30]
L-BFGS:  46%|████▌     | 462/1000 [57:24 > 49:36]
L-BFGS:  46%|████▋     | 463/1000 [57:08 > 49:43]
L-BFGS:  46%|████▋     | 464/1000 [57:14 > 49:49]
L-BFGS:  46%|████▋     | 465/1000 [57:07 > 49:56]
L-BFGS:  47%|████▋     | 466/1000 [57:10 > 50:02]
L-BFGS:  47%|████▋     | 467/1000 [57:00 > 50:08]
L-BFGS:  47%|████▋     | 468/1000 [56:50 > 50:15]
L-BFGS:  47%|████▋     | 469/1000 [56:42 > 50:21]
L-BFGS:  47%|████▋     | 470/1000 [57:26 > 50:28]
L-BFGS:  47%|████▋     | 471/1000 [57:03 > 50:34]
L-BFGS:  47%|████▋     | 472/1000 [56:58 > 50:41]
L-BFGS:  47%|████▋     | 473/1000 [56:42 > 50:47]
L-BFGS:  47%|████▋     | 474/1000 [56:33 > 50:54]
L-BFGS:  48%|████▊     | 475/1000 [56:22 > 51:00]
L-BFGS:  48%|████▊     | 476/1000 [56:06 > 51:06]
L-BFGS:  48%|████▊     | 477/1000 [55:57 > 51:13]
L-BFGS:  48%|████▊     | 478/1000 [55:46 > 51:19]
L-BFGS:  48%|████▊     | 479/1000 [55:42 > 51:26]
L-BFGS:  48%|████▊     | 480/1000 [55:53 > 51:32]
L-BFGS:  48%|████▊     | 481/1000 [55:35 > 51:39]
L-BFGS:  48%|████▊     | 482/1000 [55:34 > 51:45]
L-BFGS:  48%|████▊     | 483/1000 [55:25 > 51:51]
L-BFGS:  48%|████▊     | 484/1000 [55:23 > 51:58]
L-BFGS:  48%|████▊     | 485/1000 [55:05 > 52:04]
L-BFGS:  49%|████▊     | 486/1000 [55:03 > 52:11]
L-BFGS:  49%|████▊     | 487/1000 [54:52 > 52:17]
L-BFGS:  49%|████▉     | 488/1000 [54:47 > 52:24]
L-BFGS:  49%|████▉     | 489/1000 [54:32 > 52:30]
L-BFGS:  49%|████▉     | 490/1000 [54:18 > 52:36]
L-BFGS:  49%|████▉     | 491/1000 [54:22 > 52:43]
L-BFGS:  49%|████▉     | 492/1000 [54:21 > 52:49]
L-BFGS:  49%|████▉     | 493/1000 [54:17 > 52:56]
L-BFGS:  49%|████▉     | 494/1000 [54:21 > 53:02]
L-BFGS:  50%|████▉     | 495/1000 [54:12 > 53:09]
L-BFGS:  50%|████▉     | 496/1000 [54:03 > 53:15]
L-BFGS:  50%|████▉     | 497/1000 [53:38 > 53:21]
L-BFGS:  50%|████▉     | 498/1000 [53:29 > 53:28]
L-BFGS:  50%|████▉     | 499/1000 [53:26 > 53:34]
L-BFGS:  50%|█████     | 500/1000 [53:12 > 53:40]
L-BFGS:  50%|█████     | 501/1000 [53:12 > 53:47]
L-BFGS:  50%|█████     | 502/1000 [53:12 > 53:53]
L-BFGS:  50%|█████     | 503/1000 [52:54 > 54:00]
L-BFGS:  50%|█████     | 504/1000 [52:46 > 54:06]
L-BFGS:  50%|█████     | 505/1000 [52:49 > 54:12]
L-BFGS:  51%|█████     | 506/1000 [52:47 > 54:19]
L-BFGS:  51%|█████     | 507/1000 [52:37 > 54:25]
L-BFGS:  51%|█████     | 508/1000 [52:34 > 54:32]
L-BFGS:  51%|█████     | 509/1000 [52:31 > 54:38]
L-BFGS:  51%|█████     | 510/1000 [52:18 > 54:45]
L-BFGS:  51%|█████     | 511/1000 [52:07 > 54:51]
L-BFGS:  51%|█████     | 512/1000 [52:19 > 54:57]
L-BFGS:  51%|█████▏    | 513/1000 [52:13 > 55:04]
L-BFGS:  51%|█████▏    | 514/1000 [52:02 > 55:10]
L-BFGS:  52%|█████▏    | 515/1000 [51:54 > 55:17]
L-BFGS:  52%|█████▏    | 516/1000 [51:44 > 55:23]
L-BFGS:  52%|█████▏    | 517/1000 [51:40 > 55:29]
L-BFGS:  52%|█████▏    | 518/1000 [51:36 > 55:36]
L-BFGS:  52%|█████▏    | 519/1000 [51:21 > 55:42]
L-BFGS:  52%|█████▏    | 520/1000 [51:22 > 55:49]
L-BFGS:  52%|█████▏    | 521/1000 [51:17 > 55:55]
L-BFGS:  52%|█████▏    | 522/1000 [50:59 > 56:02]
L-BFGS:  52%|█████▏    | 523/1000 [51:03 > 56:08]
L-BFGS:  52%|█████▏    | 524/1000 [50:57 > 56:14]
L-BFGS:  52%|█████▎    | 525/1000 [50:33 > 56:21]
L-BFGS:  53%|█████▎    | 526/1000 [50:41 > 56:27]
L-BFGS:  53%|█████▎    | 527/1000 [50:39 > 56:34]
L-BFGS:  53%|█████▎    | 528/1000 [50:34 > 56:40]
L-BFGS:  53%|█████▎    | 529/1000 [50:29 > 56:47]
L-BFGS:  53%|█████▎    | 530/1000 [50:22 > 56:53]
L-BFGS:  53%|█████▎    | 531/1000 [50:06 > 56:59]
L-BFGS:  53%|█████▎    | 532/1000 [50:02 > 57:06]
L-BFGS:  53%|█████▎    | 533/1000 [49:59 > 57:12]
L-BFGS:  53%|█████▎    | 534/1000 [49:56 > 57:19]
L-BFGS:  54%|█████▎    | 535/1000 [49:40 > 57:25]
L-BFGS:  54%|█████▎    | 536/1000 [49:36 > 57:31]
L-BFGS:  54%|█████▎    | 537/1000 [49:26 > 57:38]
L-BFGS:  54%|█████▍    | 538/1000 [49:16 > 57:44]
L-BFGS:  54%|█████▍    | 539/1000 [49:01 > 57:51]
L-BFGS:  54%|█████▍    | 540/1000 [48:57 > 57:57]
L-BFGS:  54%|█████▍    | 541/1000 [48:51 > 58:03]
L-BFGS:  54%|█████▍    | 542/1000 [48:55 > 58:10]
L-BFGS:  54%|█████▍    | 543/1000 [48:50 > 58:16]
L-BFGS:  54%|█████▍    | 544/1000 [48:54 > 58:23]
L-BFGS:  55%|█████▍    | 545/1000 [48:48 > 58:29]
L-BFGS:  55%|█████▍    | 546/1000 [48:36 > 58:36]
L-BFGS:  55%|█████▍    | 547/1000 [48:28 > 58:42]
L-BFGS:  55%|█████▍    | 548/1000 [48:28 > 58:48]
L-BFGS:  55%|█████▍    | 549/1000 [48:20 > 58:55]
L-BFGS:  55%|█████▌    | 550/1000 [48:24 > 59:01]
L-BFGS:  55%|█████▌    | 551/1000 [48:20 > 59:08]
L-BFGS:  55%|█████▌    | 552/1000 [48:15 > 59:14]
L-BFGS:  55%|█████▌    | 553/1000 [48:03 > 59:21]
L-BFGS:  55%|█████▌    | 554/1000 [48:04 > 59:27]
L-BFGS:  56%|█████▌    | 555/1000 [47:50 > 59:34]
L-BFGS:  56%|█████▌    | 556/1000 [47:39 > 59:40]
L-BFGS:  56%|█████▌    | 557/1000 [47:37 > 59:46]
L-BFGS:  56%|█████▌    | 558/1000 [47:28 > 59:53]
L-BFGS:  56%|█████▌    | 559/1000 [47:12 > 59:59]
L-BFGS:  56%|█████▌    | 560/1000 [46:54 > 1:00:06]
L-BFGS:  56%|█████▌    | 561/1000 [47:47 > 1:00:12]
L-BFGS:  56%|█████▌    | 562/1000 [47:40 > 1:00:19]
L-BFGS:  56%|█████▋    | 563/1000 [47:47 > 1:00:26]
L-BFGS:  56%|█████▋    | 564/1000 [47:21 > 1:00:32]
L-BFGS:  56%|█████▋    | 565/1000 [47:06 > 1:00:39]
L-BFGS:  57%|█████▋    | 566/1000 [46:59 > 1:00:45]
L-BFGS:  57%|█████▋    | 567/1000 [46:41 > 1:00:51]
L-BFGS:  57%|█████▋    | 568/1000 [46:29 > 1:00:58]
L-BFGS:  57%|█████▋    | 569/1000 [46:23 > 1:01:04]
L-BFGS:  57%|█████▋    | 570/1000 [46:05 > 1:01:11]
L-BFGS:  57%|█████▋    | 571/1000 [45:59 > 1:01:17]
L-BFGS:  57%|█████▋    | 572/1000 [45:45 > 1:01:23]
L-BFGS:  57%|█████▋    | 573/1000 [45:42 > 1:01:30]
L-BFGS:  57%|█████▋    | 574/1000 [45:31 > 1:01:36]
L-BFGS:  57%|█████▊    | 575/1000 [45:24 > 1:01:43]
L-BFGS:  58%|█████▊    | 576/1000 [45:21 > 1:01:49]
L-BFGS:  58%|█████▊    | 577/1000 [45:11 > 1:01:56]
L-BFGS:  58%|█████▊    | 578/1000 [45:04 > 1:02:02]
L-BFGS:  58%|█████▊    | 579/1000 [45:06 > 1:02:08]
L-BFGS:  58%|█████▊    | 580/1000 [45:03 > 1:02:15]
L-BFGS:  58%|█████▊    | 581/1000 [44:45 > 1:02:21]
L-BFGS:  58%|█████▊    | 582/1000 [44:43 > 1:02:28]
L-BFGS:  58%|█████▊    | 583/1000 [44:32 > 1:02:34]
L-BFGS:  58%|█████▊    | 584/1000 [44:30 > 1:02:40]
L-BFGS:  58%|█████▊    | 585/1000 [44:28 > 1:02:47]
L-BFGS:  59%|█████▊    | 586/1000 [44:19 > 1:02:53]
L-BFGS:  59%|█████▊    | 587/1000 [44:13 > 1:03:00]
L-BFGS:  59%|█████▉    | 588/1000 [44:06 > 1:03:06]
L-BFGS:  59%|█████▉    | 589/1000 [43:57 > 1:03:13]
L-BFGS:  59%|█████▉    | 590/1000 [43:49 > 1:03:19]
L-BFGS:  59%|█████▉    | 591/1000 [43:49 > 1:03:25]
L-BFGS:  59%|█████▉    | 592/1000 [43:39 > 1:03:32]
L-BFGS:  59%|█████▉    | 593/1000 [43:34 > 1:03:38]
L-BFGS:  59%|█████▉    | 594/1000 [43:19 > 1:03:45]
L-BFGS:  60%|█████▉    | 595/1000 [43:29 > 1:03:51]
L-BFGS:  60%|█████▉    | 596/1000 [43:15 > 1:03:58]
L-BFGS:  60%|█████▉    | 597/1000 [43:01 > 1:04:04]
L-BFGS:  60%|█████▉    | 598/1000 [42:52 > 1:04:10]
L-BFGS:  60%|█████▉    | 599/1000 [42:40 > 1:04:17]
L-BFGS:  60%|██████    | 600/1000 [42:35 > 1:04:23]
L-BFGS:  60%|██████    | 601/1000 [42:33 > 1:04:30]
L-BFGS:  60%|██████    | 602/1000 [42:27 > 1:04:36]
L-BFGS:  60%|██████    | 603/1000 [42:24 > 1:04:42]
L-BFGS:  60%|██████    | 604/1000 [42:25 > 1:04:49]
L-BFGS:  60%|██████    | 605/1000 [42:44 > 1:04:55]
L-BFGS:  61%|██████    | 606/1000 [43:11 > 1:05:02]
L-BFGS:  61%|██████    | 607/1000 [43:46 > 1:05:09]
L-BFGS:  61%|██████    | 608/1000 [44:30 > 1:05:16]
L-BFGS:  61%|██████    | 609/1000 [45:05 > 1:05:23]
L-BFGS:  61%|██████    | 610/1000 [44:13 > 1:05:30]
L-BFGS:  61%|██████    | 611/1000 [44:44 > 1:05:37]
L-BFGS:  61%|██████    | 612/1000 [44:53 > 1:05:44]
L-BFGS:  61%|██████▏   | 613/1000 [43:55 > 1:05:51]
L-BFGS:  61%|██████▏   | 614/1000 [43:03 > 1:05:57]
L-BFGS:  62%|██████▏   | 615/1000 [42:21 > 1:06:03]
L-BFGS:  62%|██████▏   | 616/1000 [42:00 > 1:06:10]
L-BFGS:  62%|██████▏   | 617/1000 [41:30 > 1:06:16]
L-BFGS:  62%|██████▏   | 618/1000 [41:17 > 1:06:23]
L-BFGS:  62%|██████▏   | 619/1000 [41:04 > 1:06:29]
L-BFGS:  62%|██████▏   | 620/1000 [40:56 > 1:06:36]
L-BFGS:  62%|██████▏   | 621/1000 [40:49 > 1:06:42]
L-BFGS:  62%|██████▏   | 622/1000 [40:40 > 1:06:49]
L-BFGS:  62%|██████▏   | 623/1000 [40:29 > 1:06:55]
L-BFGS:  62%|██████▏   | 624/1000 [40:22 > 1:07:01]
L-BFGS:  62%|██████▎   | 625/1000 [40:19 > 1:07:08]
L-BFGS:  63%|██████▎   | 626/1000 [40:03 > 1:07:14]
L-BFGS:  63%|██████▎   | 627/1000 [39:59 > 1:07:21]
L-BFGS:  63%|██████▎   | 628/1000 [39:51 > 1:07:27]
L-BFGS:  63%|██████▎   | 629/1000 [39:36 > 1:07:33]
L-BFGS:  63%|██████▎   | 630/1000 [39:24 > 1:07:40]
L-BFGS:  63%|██████▎   | 631/1000 [39:18 > 1:07:46]
L-BFGS:  63%|██████▎   | 632/1000 [39:11 > 1:07:53]
L-BFGS:  63%|██████▎   | 633/1000 [39:05 > 1:07:59]
L-BFGS:  63%|██████▎   | 634/1000 [39:08 > 1:08:05]
L-BFGS:  64%|██████▎   | 635/1000 [39:05 > 1:08:12]
L-BFGS:  64%|██████▎   | 636/1000 [39:07 > 1:08:18]
L-BFGS:  64%|██████▎   | 637/1000 [40:18 > 1:08:26]
L-BFGS:  64%|██████▍   | 638/1000 [40:37 > 1:08:32]
L-BFGS:  64%|██████▍   | 639/1000 [39:55 > 1:08:39]
L-BFGS:  64%|██████▍   | 640/1000 [39:29 > 1:08:45]
L-BFGS:  64%|██████▍   | 641/1000 [39:19 > 1:08:52]
L-BFGS:  64%|██████▍   | 642/1000 [39:01 > 1:08:58]
L-BFGS:  64%|██████▍   | 643/1000 [38:42 > 1:09:05]
L-BFGS:  64%|██████▍   | 644/1000 [38:31 > 1:09:11]
L-BFGS:  64%|██████▍   | 645/1000 [38:22 > 1:09:18]
L-BFGS:  65%|██████▍   | 646/1000 [38:05 > 1:09:24]
L-BFGS:  65%|██████▍   | 647/1000 [37:57 > 1:09:31]
L-BFGS:  65%|██████▍   | 648/1000 [37:57 > 1:09:37]
L-BFGS:  65%|██████▍   | 649/1000 [37:38 > 1:09:43]
L-BFGS:  65%|██████▌   | 650/1000 [37:30 > 1:09:50]
L-BFGS:  65%|██████▌   | 651/1000 [37:29 > 1:09:56]
L-BFGS:  65%|██████▌   | 652/1000 [37:20 > 1:10:03]
L-BFGS:  65%|██████▌   | 653/1000 [37:10 > 1:10:09]
L-BFGS:  65%|██████▌   | 654/1000 [37:05 > 1:10:16]
L-BFGS:  66%|██████▌   | 655/1000 [36:55 > 1:10:22]
L-BFGS:  66%|██████▌   | 656/1000 [37:19 > 1:10:29]
L-BFGS:  66%|██████▌   | 657/1000 [37:12 > 1:10:35]
L-BFGS:  66%|██████▌   | 658/1000 [36:55 > 1:10:42]
L-BFGS:  66%|██████▌   | 659/1000 [36:37 > 1:10:48]
L-BFGS:  66%|██████▌   | 660/1000 [36:30 > 1:10:54]
L-BFGS:  66%|██████▌   | 661/1000 [36:22 > 1:11:01]
L-BFGS:  66%|██████▌   | 662/1000 [36:10 > 1:11:07]
L-BFGS:  66%|██████▋   | 663/1000 [36:10 > 1:11:14]
L-BFGS:  66%|██████▋   | 664/1000 [35:56 > 1:11:20]
L-BFGS:  66%|██████▋   | 665/1000 [35:55 > 1:11:27]
L-BFGS:  67%|██████▋   | 666/1000 [35:58 > 1:11:33]
L-BFGS:  67%|██████▋   | 667/1000 [35:49 > 1:11:39]
L-BFGS:  67%|██████▋   | 668/1000 [35:44 > 1:11:46]
L-BFGS:  67%|██████▋   | 669/1000 [35:24 > 1:11:52]
L-BFGS:  67%|██████▋   | 670/1000 [35:25 > 1:11:59]
L-BFGS:  67%|██████▋   | 671/1000 [35:16 > 1:12:05]
L-BFGS:  67%|██████▋   | 672/1000 [35:05 > 1:12:12]
L-BFGS:  67%|██████▋   | 673/1000 [34:58 > 1:12:18]
L-BFGS:  67%|██████▋   | 674/1000 [34:55 > 1:12:24]
L-BFGS:  68%|██████▊   | 675/1000 [34:42 > 1:12:31]
L-BFGS:  68%|██████▊   | 676/1000 [34:41 > 1:12:37]
L-BFGS:  68%|██████▊   | 677/1000 [34:34 > 1:12:44]
L-BFGS:  68%|██████▊   | 678/1000 [34:23 > 1:12:50]
L-BFGS:  68%|██████▊   | 679/1000 [34:13 > 1:12:56]
L-BFGS:  68%|██████▊   | 680/1000 [34:12 > 1:13:03]
L-BFGS:  68%|██████▊   | 681/1000 [34:07 > 1:13:09]
L-BFGS:  68%|██████▊   | 682/1000 [34:03 > 1:13:16]
L-BFGS:  68%|██████▊   | 683/1000 [33:56 > 1:13:22]
L-BFGS:  68%|██████▊   | 684/1000 [33:40 > 1:13:28]
L-BFGS:  68%|██████▊   | 685/1000 [33:38 > 1:13:35]
L-BFGS:  69%|██████▊   | 686/1000 [33:33 > 1:13:41]
L-BFGS:  69%|██████▊   | 687/1000 [33:35 > 1:13:48]
L-BFGS:  69%|██████▉   | 688/1000 [33:21 > 1:13:54]
L-BFGS:  69%|██████▉   | 689/1000 [33:08 > 1:14:01]
L-BFGS:  69%|██████▉   | 690/1000 [33:29 > 1:14:07]
L-BFGS:  69%|██████▉   | 691/1000 [33:25 > 1:14:14]
L-BFGS:  69%|██████▉   | 692/1000 [33:16 > 1:14:20]
L-BFGS:  69%|██████▉   | 693/1000 [33:06 > 1:14:27]
L-BFGS:  69%|██████▉   | 694/1000 [32:58 > 1:14:33]
L-BFGS:  70%|██████▉   | 695/1000 [33:01 > 1:14:40]
L-BFGS:  70%|██████▉   | 696/1000 [32:54 > 1:14:46]
L-BFGS:  70%|██████▉   | 697/1000 [32:45 > 1:14:53]
L-BFGS:  70%|██████▉   | 698/1000 [32:35 > 1:14:59]
L-BFGS:  70%|██████▉   | 699/1000 [32:34 > 1:15:06]
L-BFGS:  70%|███████   | 700/1000 [32:28 > 1:15:12]
L-BFGS:  70%|███████   | 701/1000 [32:13 > 1:15:19]
L-BFGS:  70%|███████   | 702/1000 [32:05 > 1:15:25]
L-BFGS:  70%|███████   | 703/1000 [31:47 > 1:15:31]
L-BFGS:  70%|███████   | 704/1000 [31:44 > 1:15:38]
L-BFGS:  70%|███████   | 705/1000 [31:41 > 1:15:44]
L-BFGS:  71%|███████   | 706/1000 [31:36 > 1:15:51]
L-BFGS:  71%|███████   | 707/1000 [31:27 > 1:15:57]
L-BFGS:  71%|███████   | 708/1000 [31:23 > 1:16:04]
L-BFGS:  71%|███████   | 709/1000 [31:10 > 1:16:10]
L-BFGS:  71%|███████   | 710/1000 [31:10 > 1:16:16]
L-BFGS:  71%|███████   | 711/1000 [31:00 > 1:16:23]
L-BFGS:  71%|███████   | 712/1000 [30:52 > 1:16:29]
L-BFGS:  71%|███████▏  | 713/1000 [30:48 > 1:16:36]
L-BFGS:  71%|███████▏  | 714/1000 [30:35 > 1:16:42]
L-BFGS:  72%|███████▏  | 715/1000 [30:27 > 1:16:49]
L-BFGS:  72%|███████▏  | 716/1000 [30:22 > 1:16:55]
L-BFGS:  72%|███████▏  | 717/1000 [30:15 > 1:17:01]
L-BFGS:  72%|███████▏  | 718/1000 [30:07 > 1:17:08]
L-BFGS:  72%|███████▏  | 719/1000 [30:04 > 1:17:14]
L-BFGS:  72%|███████▏  | 720/1000 [30:03 > 1:17:21]
L-BFGS:  72%|███████▏  | 721/1000 [29:59 > 1:17:27]
L-BFGS:  72%|███████▏  | 722/1000 [29:56 > 1:17:34]
L-BFGS:  72%|███████▏  | 723/1000 [29:47 > 1:17:40]
L-BFGS:  72%|███████▏  | 724/1000 [29:37 > 1:17:46]
L-BFGS:  72%|███████▎  | 725/1000 [29:33 > 1:17:53]
L-BFGS:  73%|███████▎  | 726/1000 [29:23 > 1:17:59]
L-BFGS:  73%|███████▎  | 727/1000 [29:15 > 1:18:06]
L-BFGS:  73%|███████▎  | 728/1000 [29:11 > 1:18:12]
L-BFGS:  73%|███████▎  | 729/1000 [29:04 > 1:18:19]
L-BFGS:  73%|███████▎  | 730/1000 [28:50 > 1:18:25]
L-BFGS:  73%|███████▎  | 731/1000 [28:45 > 1:18:31]
L-BFGS:  73%|███████▎  | 732/1000 [28:48 > 1:18:38]
L-BFGS:  73%|███████▎  | 733/1000 [28:40 > 1:18:44]
L-BFGS:  73%|███████▎  | 734/1000 [28:40 > 1:18:51]
L-BFGS:  74%|███████▎  | 735/1000 [28:34 > 1:18:57]
L-BFGS:  74%|███████▎  | 736/1000 [28:26 > 1:19:04]
L-BFGS:  74%|███████▎  | 737/1000 [28:19 > 1:19:10]
L-BFGS:  74%|███████▍  | 738/1000 [28:10 > 1:19:17]
L-BFGS:  74%|███████▍  | 739/1000 [27:58 > 1:19:23]
L-BFGS:  74%|███████▍  | 740/1000 [27:50 > 1:19:30]
L-BFGS:  74%|███████▍  | 741/1000 [27:41 > 1:19:36]
L-BFGS:  74%|███████▍  | 742/1000 [27:36 > 1:19:42]
L-BFGS:  74%|███████▍  | 743/1000 [27:28 > 1:19:49]
L-BFGS:  74%|███████▍  | 744/1000 [27:19 > 1:19:55]
L-BFGS:  74%|███████▍  | 745/1000 [27:20 > 1:20:02]
L-BFGS:  75%|███████▍  | 746/1000 [27:13 > 1:20:08]
L-BFGS:  75%|███████▍  | 747/1000 [27:03 > 1:20:14]
L-BFGS:  75%|███████▍  | 748/1000 [26:59 > 1:20:21]
L-BFGS:  75%|███████▍  | 749/1000 [27:14 > 1:20:28]
L-BFGS:  75%|███████▌  | 750/1000 [26:53 > 1:20:34]
L-BFGS:  75%|███████▌  | 751/1000 [26:46 > 1:20:40]
L-BFGS:  75%|███████▌  | 752/1000 [26:44 > 1:20:47]
L-BFGS:  75%|███████▌  | 753/1000 [26:36 > 1:20:53]
L-BFGS:  75%|███████▌  | 754/1000 [26:26 > 1:21:00]
L-BFGS:  76%|███████▌  | 755/1000 [26:16 > 1:21:06]
L-BFGS:  76%|███████▌  | 756/1000 [26:12 > 1:21:13]
L-BFGS:  76%|███████▌  | 757/1000 [26:02 > 1:21:19]
L-BFGS:  76%|███████▌  | 758/1000 [25:54 > 1:21:25]
L-BFGS:  76%|███████▌  | 759/1000 [25:48 > 1:21:32]
L-BFGS:  76%|███████▌  | 760/1000 [25:41 > 1:21:38]
L-BFGS:  76%|███████▌  | 761/1000 [25:37 > 1:21:45]
L-BFGS:  76%|███████▌  | 762/1000 [25:27 > 1:21:51]
L-BFGS:  76%|███████▋  | 763/1000 [25:20 > 1:21:58]
L-BFGS:  76%|███████▋  | 764/1000 [25:14 > 1:22:04]
L-BFGS:  76%|███████▋  | 765/1000 [25:08 > 1:22:10]
L-BFGS:  77%|███████▋  | 766/1000 [25:02 > 1:22:17]
L-BFGS:  77%|███████▋  | 767/1000 [24:56 > 1:22:23]
L-BFGS:  77%|███████▋  | 768/1000 [24:55 > 1:22:30]
L-BFGS:  77%|███████▋  | 769/1000 [24:46 > 1:22:36]
L-BFGS:  77%|███████▋  | 770/1000 [24:38 > 1:22:43]
L-BFGS:  77%|███████▋  | 771/1000 [24:33 > 1:22:49]
L-BFGS:  77%|███████▋  | 772/1000 [24:21 > 1:22:55]
L-BFGS:  77%|███████▋  | 773/1000 [24:16 > 1:23:02]
L-BFGS:  77%|███████▋  | 774/1000 [24:13 > 1:23:08]
L-BFGS:  78%|███████▊  | 775/1000 [24:10 > 1:23:15]
L-BFGS:  78%|███████▊  | 776/1000 [24:01 > 1:23:21]
L-BFGS:  78%|███████▊  | 777/1000 [23:48 > 1:23:27]
L-BFGS:  78%|███████▊  | 778/1000 [23:39 > 1:23:34]
L-BFGS:  78%|███████▊  | 779/1000 [23:34 > 1:23:40]
L-BFGS:  78%|███████▊  | 780/1000 [23:28 > 1:23:47]
L-BFGS:  78%|███████▊  | 781/1000 [23:20 > 1:23:53]
L-BFGS:  78%|███████▊  | 782/1000 [23:13 > 1:23:59]
L-BFGS:  78%|███████▊  | 783/1000 [23:15 > 1:24:06]
L-BFGS:  78%|███████▊  | 784/1000 [23:09 > 1:24:12]
L-BFGS:  78%|███████▊  | 785/1000 [23:18 > 1:24:19]
L-BFGS:  79%|███████▊  | 786/1000 [23:05 > 1:24:25]
L-BFGS:  79%|███████▊  | 787/1000 [22:59 > 1:24:32]
L-BFGS:  79%|███████▉  | 788/1000 [22:48 > 1:24:38]
L-BFGS:  79%|███████▉  | 789/1000 [22:39 > 1:24:45]
L-BFGS:  79%|███████▉  | 790/1000 [22:36 > 1:24:51]
L-BFGS:  79%|███████▉  | 791/1000 [22:30 > 1:24:58]
L-BFGS:  79%|███████▉  | 792/1000 [22:18 > 1:25:04]
L-BFGS:  79%|███████▉  | 793/1000 [22:14 > 1:25:11]
L-BFGS:  79%|███████▉  | 794/1000 [22:05 > 1:25:17]
L-BFGS:  80%|███████▉  | 795/1000 [21:57 > 1:25:23]
L-BFGS:  80%|███████▉  | 796/1000 [21:52 > 1:25:30]
L-BFGS:  80%|███████▉  | 797/1000 [21:45 > 1:25:36]
L-BFGS:  80%|███████▉  | 798/1000 [21:41 > 1:25:43]
L-BFGS:  80%|███████▉  | 799/1000 [21:33 > 1:25:49]
L-BFGS:  80%|████████  | 800/1000 [21:24 > 1:25:56]
L-BFGS:  80%|████████  | 801/1000 [21:18 > 1:26:02]
L-BFGS:  80%|████████  | 802/1000 [21:10 > 1:26:08]
L-BFGS:  80%|████████  | 803/1000 [21:17 > 1:26:15]
L-BFGS:  80%|████████  | 804/1000 [21:19 > 1:26:22]
L-BFGS:  80%|████████  | 805/1000 [21:07 > 1:26:28]
L-BFGS:  81%|████████  | 806/1000 [20:53 > 1:26:34]
L-BFGS:  81%|████████  | 807/1000 [20:44 > 1:26:41]
L-BFGS:  81%|████████  | 808/1000 [20:40 > 1:26:47]
L-BFGS:  81%|████████  | 809/1000 [20:29 > 1:26:54]
L-BFGS:  81%|████████  | 810/1000 [20:23 > 1:27:00]
L-BFGS:  81%|████████  | 811/1000 [20:12 > 1:27:07]
L-BFGS:  81%|████████  | 812/1000 [20:04 > 1:27:13]
L-BFGS:  81%|████████▏ | 813/1000 [20:02 > 1:27:19]
L-BFGS:  81%|████████▏ | 814/1000 [19:53 > 1:27:26]
L-BFGS:  82%|████████▏ | 815/1000 [19:47 > 1:27:32]
L-BFGS:  82%|████████▏ | 816/1000 [19:43 > 1:27:39]
L-BFGS:  82%|████████▏ | 817/1000 [19:36 > 1:27:45]
L-BFGS:  82%|████████▏ | 818/1000 [19:30 > 1:27:52]
L-BFGS:  82%|████████▏ | 819/1000 [19:22 > 1:27:58]
L-BFGS:  82%|████████▏ | 820/1000 [19:14 > 1:28:04]
L-BFGS:  82%|████████▏ | 821/1000 [19:09 > 1:28:11]
L-BFGS:  82%|████████▏ | 822/1000 [19:00 > 1:28:17]
L-BFGS:  82%|████████▏ | 823/1000 [18:53 > 1:28:24]
L-BFGS:  82%|████████▏ | 824/1000 [18:48 > 1:28:30]
L-BFGS:  82%|████████▎ | 825/1000 [18:41 > 1:28:36]
L-BFGS:  83%|████████▎ | 826/1000 [18:35 > 1:28:43]
L-BFGS:  83%|████████▎ | 827/1000 [18:29 > 1:28:49]
L-BFGS:  83%|████████▎ | 828/1000 [18:24 > 1:28:56]
L-BFGS:  83%|████████▎ | 829/1000 [18:17 > 1:29:02]
L-BFGS:  83%|████████▎ | 830/1000 [18:14 > 1:29:09]
L-BFGS:  83%|████████▎ | 831/1000 [18:12 > 1:29:15]
L-BFGS:  83%|████████▎ | 832/1000 [17:59 > 1:29:21]
L-BFGS:  83%|████████▎ | 833/1000 [17:54 > 1:29:28]
L-BFGS:  83%|████████▎ | 834/1000 [17:48 > 1:29:34]
L-BFGS:  84%|████████▎ | 835/1000 [17:41 > 1:29:41]
L-BFGS:  84%|████████▎ | 836/1000 [17:35 > 1:29:47]
L-BFGS:  84%|████████▎ | 837/1000 [17:28 > 1:29:54]
L-BFGS:  84%|████████▍ | 838/1000 [17:22 > 1:30:00]
L-BFGS:  84%|████████▍ | 839/1000 [17:12 > 1:30:06]
L-BFGS:  84%|████████▍ | 840/1000 [17:09 > 1:30:13]
L-BFGS:  84%|████████▍ | 841/1000 [17:06 > 1:30:19]
L-BFGS:  84%|████████▍ | 842/1000 [17:04 > 1:30:26]
L-BFGS:  84%|████████▍ | 843/1000 [17:04 > 1:30:33]
L-BFGS:  84%|████████▍ | 844/1000 [16:52 > 1:30:39]
L-BFGS:  84%|████████▍ | 845/1000 [16:47 > 1:30:45]
L-BFGS:  85%|████████▍ | 846/1000 [16:35 > 1:30:52]
L-BFGS:  85%|████████▍ | 847/1000 [16:26 > 1:30:58]
L-BFGS:  85%|████████▍ | 848/1000 [16:20 > 1:31:05]
L-BFGS:  85%|████████▍ | 849/1000 [16:11 > 1:31:11]
L-BFGS:  85%|████████▌ | 850/1000 [16:06 > 1:31:18]
L-BFGS:  85%|████████▌ | 851/1000 [16:01 > 1:31:24]
L-BFGS:  85%|████████▌ | 852/1000 [15:53 > 1:31:31]
L-BFGS:  85%|████████▌ | 853/1000 [15:43 > 1:31:37]
L-BFGS:  85%|████████▌ | 854/1000 [15:37 > 1:31:43]
L-BFGS:  86%|████████▌ | 855/1000 [15:30 > 1:31:50]
L-BFGS:  86%|████████▌ | 856/1000 [15:22 > 1:31:56]
L-BFGS:  86%|████████▌ | 857/1000 [15:15 > 1:32:02]
L-BFGS:  86%|████████▌ | 858/1000 [15:12 > 1:32:09]
L-BFGS:  86%|████████▌ | 859/1000 [15:08 > 1:32:15]
L-BFGS:  86%|████████▌ | 860/1000 [15:01 > 1:32:22]
L-BFGS:  86%|████████▌ | 861/1000 [14:54 > 1:32:28]
L-BFGS:  86%|████████▌ | 862/1000 [14:46 > 1:32:35]
L-BFGS:  86%|████████▋ | 863/1000 [14:35 > 1:32:41]
L-BFGS:  86%|████████▋ | 864/1000 [14:29 > 1:32:47]
L-BFGS:  86%|████████▋ | 865/1000 [14:27 > 1:32:54]
L-BFGS:  87%|████████▋ | 866/1000 [14:21 > 1:33:00]
L-BFGS:  87%|████████▋ | 867/1000 [14:15 > 1:33:07]
L-BFGS:  87%|████████▋ | 868/1000 [14:08 > 1:33:13]
L-BFGS:  87%|████████▋ | 869/1000 [14:01 > 1:33:20]
L-BFGS:  87%|████████▋ | 870/1000 [13:55 > 1:33:26]
L-BFGS:  87%|████████▋ | 871/1000 [13:51 > 1:33:33]
L-BFGS:  87%|████████▋ | 872/1000 [13:43 > 1:33:39]
L-BFGS:  87%|████████▋ | 873/1000 [13:38 > 1:33:45]
L-BFGS:  87%|████████▋ | 874/1000 [13:30 > 1:33:52]
L-BFGS:  88%|████████▊ | 875/1000 [13:23 > 1:33:58]
L-BFGS:  88%|████████▊ | 876/1000 [13:19 > 1:34:05]
L-BFGS:  88%|████████▊ | 877/1000 [13:12 > 1:34:11]
L-BFGS:  88%|████████▊ | 878/1000 [13:05 > 1:34:18]
L-BFGS:  88%|████████▊ | 879/1000 [12:58 > 1:34:24]
L-BFGS:  88%|████████▊ | 880/1000 [12:53 > 1:34:30]
L-BFGS:  88%|████████▊ | 881/1000 [12:45 > 1:34:37]
L-BFGS:  88%|████████▊ | 882/1000 [12:35 > 1:34:43]
L-BFGS:  88%|████████▊ | 883/1000 [12:29 > 1:34:50]
L-BFGS:  88%|████████▊ | 884/1000 [12:27 > 1:34:56]
L-BFGS:  88%|████████▊ | 885/1000 [12:17 > 1:35:03]
L-BFGS:  89%|████████▊ | 886/1000 [12:14 > 1:35:09]
L-BFGS:  89%|████████▊ | 887/1000 [12:07 > 1:35:15]
L-BFGS:  89%|████████▉ | 888/1000 [12:01 > 1:35:22]
L-BFGS:  89%|████████▉ | 889/1000 [11:55 > 1:35:28]
L-BFGS:  89%|████████▉ | 890/1000 [11:48 > 1:35:35]
L-BFGS:  89%|████████▉ | 891/1000 [11:40 > 1:35:41]
L-BFGS:  89%|████████▉ | 892/1000 [11:33 > 1:35:48]
L-BFGS:  89%|████████▉ | 893/1000 [11:28 > 1:35:54]
L-BFGS:  89%|████████▉ | 894/1000 [11:22 > 1:36:01]
L-BFGS:  90%|████████▉ | 895/1000 [11:13 > 1:36:07]
L-BFGS:  90%|████████▉ | 896/1000 [11:07 > 1:36:13]
L-BFGS:  90%|████████▉ | 897/1000 [11:02 > 1:36:20]
L-BFGS:  90%|████████▉ | 898/1000 [10:56 > 1:36:26]
L-BFGS:  90%|████████▉ | 899/1000 [10:48 > 1:36:33]
L-BFGS:  90%|█████████ | 900/1000 [10:42 > 1:36:39]
L-BFGS:  90%|█████████ | 901/1000 [10:35 > 1:36:45]
L-BFGS:  90%|█████████ | 902/1000 [10:28 > 1:36:52]
L-BFGS:  90%|█████████ | 903/1000 [10:23 > 1:36:58]
L-BFGS:  90%|█████████ | 904/1000 [10:16 > 1:37:05]
L-BFGS:  90%|█████████ | 905/1000 [10:10 > 1:37:11]
L-BFGS:  91%|█████████ | 906/1000 [10:04 > 1:37:18]
L-BFGS:  91%|█████████ | 907/1000 [09:57 > 1:37:24]
L-BFGS:  91%|█████████ | 908/1000 [09:54 > 1:37:31]
L-BFGS:  91%|█████████ | 909/1000 [09:46 > 1:37:37]
L-BFGS:  91%|█████████ | 910/1000 [09:39 > 1:37:43]
L-BFGS:  91%|█████████ | 911/1000 [09:32 > 1:37:50]
L-BFGS:  91%|█████████ | 912/1000 [09:24 > 1:37:56]
L-BFGS:  91%|█████████▏| 913/1000 [09:20 > 1:38:03]
L-BFGS:  91%|█████████▏| 914/1000 [09:13 > 1:38:09]
L-BFGS:  92%|█████████▏| 915/1000 [09:07 > 1:38:16]
L-BFGS:  92%|█████████▏| 916/1000 [08:59 > 1:38:22]
L-BFGS:  92%|█████████▏| 917/1000 [08:54 > 1:38:28]
L-BFGS:  92%|█████████▏| 918/1000 [08:47 > 1:38:35]
L-BFGS:  92%|█████████▏| 919/1000 [08:40 > 1:38:41]
L-BFGS:  92%|█████████▏| 920/1000 [08:32 > 1:38:48]
L-BFGS:  92%|█████████▏| 921/1000 [08:26 > 1:38:54]
L-BFGS:  92%|█████████▏| 922/1000 [08:23 > 1:39:01]
L-BFGS:  92%|█████████▏| 923/1000 [08:14 > 1:39:07]
L-BFGS:  92%|█████████▏| 924/1000 [08:10 > 1:39:13]
L-BFGS:  92%|█████████▎| 925/1000 [08:08 > 1:39:20]
L-BFGS:  93%|█████████▎| 926/1000 [07:59 > 1:39:26]
L-BFGS:  93%|█████████▎| 927/1000 [07:51 > 1:39:33]
L-BFGS:  93%|█████████▎| 928/1000 [07:44 > 1:39:39]
L-BFGS:  93%|█████████▎| 929/1000 [07:35 > 1:39:46]
L-BFGS:  93%|█████████▎| 930/1000 [07:28 > 1:39:52]
L-BFGS:  93%|█████████▎| 931/1000 [07:22 > 1:39:58]
L-BFGS:  93%|█████████▎| 932/1000 [07:17 > 1:40:05]
L-BFGS:  93%|█████████▎| 933/1000 [07:11 > 1:40:11]
L-BFGS:  93%|█████████▎| 934/1000 [07:03 > 1:40:18]
L-BFGS:  94%|█████████▎| 935/1000 [06:58 > 1:40:24]
L-BFGS:  94%|█████████▎| 936/1000 [06:56 > 1:40:31]
L-BFGS:  94%|█████████▎| 937/1000 [06:46 > 1:40:37]
L-BFGS:  94%|█████████▍| 938/1000 [06:40 > 1:40:44]
L-BFGS:  94%|█████████▍| 939/1000 [06:32 > 1:40:50]
L-BFGS:  94%|█████████▍| 940/1000 [06:26 > 1:40:57]
L-BFGS:  94%|█████████▍| 941/1000 [06:18 > 1:41:03]
L-BFGS:  94%|█████████▍| 942/1000 [06:12 > 1:41:09]
L-BFGS:  94%|█████████▍| 943/1000 [06:04 > 1:41:16]
L-BFGS:  94%|█████████▍| 944/1000 [05:58 > 1:41:22]
L-BFGS:  94%|█████████▍| 945/1000 [05:52 > 1:41:29]
L-BFGS:  95%|█████████▍| 946/1000 [05:47 > 1:41:35]
L-BFGS:  95%|█████████▍| 947/1000 [05:42 > 1:41:42]
L-BFGS:  95%|█████████▍| 948/1000 [05:35 > 1:41:48]
L-BFGS:  95%|█████████▍| 949/1000 [05:27 > 1:41:54]
L-BFGS:  95%|█████████▌| 950/1000 [05:22 > 1:42:01]
L-BFGS:  95%|█████████▌| 951/1000 [05:15 > 1:42:07]
L-BFGS:  95%|█████████▌| 952/1000 [05:09 > 1:42:14]
L-BFGS:  95%|█████████▌| 953/1000 [05:01 > 1:42:20]
L-BFGS:  95%|█████████▌| 954/1000 [04:56 > 1:42:27]
L-BFGS:  96%|█████████▌| 955/1000 [04:49 > 1:42:33]
L-BFGS:  96%|█████████▌| 956/1000 [04:41 > 1:42:39]
L-BFGS:  96%|█████████▌| 957/1000 [04:35 > 1:42:46]
L-BFGS:  96%|█████████▌| 958/1000 [04:29 > 1:42:52]
L-BFGS:  96%|█████████▌| 959/1000 [04:22 > 1:42:59]
L-BFGS:  96%|█████████▌| 960/1000 [04:16 > 1:43:05]
L-BFGS:  96%|█████████▌| 961/1000 [04:11 > 1:43:11]
L-BFGS:  96%|█████████▌| 962/1000 [04:04 > 1:43:18]
L-BFGS:  96%|█████████▋| 963/1000 [03:58 > 1:43:24]
L-BFGS:  96%|█████████▋| 964/1000 [03:51 > 1:43:31]
L-BFGS:  96%|█████████▋| 965/1000 [03:46 > 1:43:37]
L-BFGS:  97%|█████████▋| 966/1000 [03:39 > 1:43:44]
L-BFGS:  97%|█████████▋| 967/1000 [03:33 > 1:43:50]
L-BFGS:  97%|█████████▋| 968/1000 [03:26 > 1:43:57]
L-BFGS:  97%|█████████▋| 969/1000 [03:19 > 1:44:03]
L-BFGS:  97%|█████████▋| 970/1000 [03:13 > 1:44:10]
L-BFGS:  97%|█████████▋| 971/1000 [03:07 > 1:44:16]
L-BFGS:  97%|█████████▋| 972/1000 [03:00 > 1:44:22]
L-BFGS:  97%|█████████▋| 973/1000 [02:54 > 1:44:29]
L-BFGS:  97%|█████████▋| 974/1000 [02:48 > 1:44:35]
L-BFGS:  98%|█████████▊| 975/1000 [02:41 > 1:44:42]
L-BFGS:  98%|█████████▊| 976/1000 [02:35 > 1:44:48]
L-BFGS:  98%|█████████▊| 977/1000 [02:28 > 1:44:55]
L-BFGS:  98%|█████████▊| 978/1000 [02:21 > 1:45:01]
L-BFGS:  98%|█████████▊| 979/1000 [02:15 > 1:45:08]
L-BFGS:  98%|█████████▊| 980/1000 [02:09 > 1:45:14]
L-BFGS:  98%|█████████▊| 981/1000 [02:02 > 1:45:21]
L-BFGS:  98%|█████████▊| 982/1000 [01:55 > 1:45:27]
L-BFGS:  98%|█████████▊| 983/1000 [01:48 > 1:45:33]
L-BFGS:  98%|█████████▊| 984/1000 [01:42 > 1:45:40]
L-BFGS:  98%|█████████▊| 985/1000 [01:36 > 1:45:46]
L-BFGS:  99%|█████████▊| 986/1000 [01:29 > 1:45:53]
L-BFGS:  99%|█████████▊| 987/1000 [01:24 > 1:45:59]
L-BFGS:  99%|█████████▉| 988/1000 [01:17 > 1:46:06]
L-BFGS:  99%|█████████▉| 989/1000 [01:11 > 1:46:12]
L-BFGS:  99%|█████████▉| 990/1000 [01:04 > 1:46:19]
L-BFGS:  99%|█████████▉| 991/1000 [00:57 > 1:46:25]
L-BFGS:  99%|█████████▉| 992/1000 [00:51 > 1:46:31]
L-BFGS:  99%|█████████▉| 993/1000 [00:44 > 1:46:38]
L-BFGS:  99%|█████████▉| 994/1000 [00:38 > 1:46:44]
L-BFGS: 100%|█████████▉| 995/1000 [00:32 > 1:46:51]
L-BFGS: 100%|█████████▉| 996/1000 [00:25 > 1:46:57]
L-BFGS: 100%|█████████▉| 997/1000 [00:19 > 1:47:03]
L-BFGS: 100%|█████████▉| 998/1000 [00:12 > 1:47:10]
L-BFGS: 100%|█████████▉| 999/1000 [00:06 > 1:47:16]
L-BFGS: 100%|██████████| 1000/1000 [00:00 > 1:47:23]
L-BFGS: 100%|██████████| 1000/1000 [00:00 > 1:47:23]
Training saved: C:\Ali Computation\pinn\code\heterogeneous\pino_heterogeneous\results\exp_B_lhc_N500\pino_heterogeneous_concentration.png C:\Ali Computation\pinn\code\heterogeneous\pino_heterogeneous\results\exp_B_lhc_N500\pino_heterogeneous_loss.png C:\Ali Computation\pinn\code\heterogeneous\pino_heterogeneous\results\exp_B_lhc_N500\pino_heterogeneous_model.pt
COMSOL validation: 81 media -> C:\Ali Computation\pinn\code\heterogeneous\pino_heterogeneous\results\comsol_validation  (x* collocation n=86)

COMSOL vs PINO:   0%|          | 0/81 [00:00<?, ?it/s]
COMSOL vs PINO:   9%|▊         | 7/81 [00:00<00:01, 63.88it/s]
COMSOL vs PINO:  17%|█▋        | 14/81 [00:00<00:01, 64.35it/s]
COMSOL vs PINO:  26%|██▌       | 21/81 [00:00<00:00, 65.90it/s]
COMSOL vs PINO:  36%|███▌      | 29/81 [00:00<00:00, 68.58it/s]
COMSOL vs PINO:  46%|████▌     | 37/81 [00:00<00:00, 69.97it/s]
COMSOL vs PINO:  56%|█████▌    | 45/81 [00:00<00:00, 70.93it/s]
COMSOL vs PINO:  65%|██████▌   | 53/81 [00:00<00:00, 71.54it/s]
COMSOL vs PINO:  75%|███████▌  | 61/81 [00:00<00:00, 71.86it/s]
COMSOL vs PINO:  85%|████████▌ | 69/81 [00:00<00:00, 71.26it/s]
COMSOL vs PINO:  95%|█████████▌| 77/81 [00:01<00:00, 71.35it/s]
COMSOL vs PINO: 100%|██████████| 81/81 [00:01<00:00, 70.09it/s]
COMSOL validation summary: n=81  mean=1.369286e-01  max=2.376775e-01  min=8.076797e-02
Wrote C:\Ali Computation\pinn\code\heterogeneous\pino_heterogeneous\results\comsol_validation\comsol_validation_summary.csv
Run metadata: C:\Ali Computation\pinn\code\heterogeneous\pino_heterogeneous\results\exp_B_lhc_N500\run_meta.json

# exit 0 after 1:47:38.151854
