# code/heterogeneous/pino_heterogeneous/pinn1d_heterogeneous_parametric_neural_operator.py --design maximin --n-train 250 --dtype float64 --early-stop-patience 150 --lr-lbfgs 0.1 --lbfgs-max-iter 25 --epochs 500 --out-dir results/exp_N_maximin_N250_float64_lr01_maxiter25_epochs500 --skip-validation-plots
# started 2026-06-12 16:54:31
# cwd C:\Ali Computation\pinn\code\heterogeneous\pino_heterogeneous

Using GPU: NVIDIA GeForce RTX 3090 (cuda:0, dtype=torch.float64)
PE (computed) = 0.010368
design=maximin  n_train_requested=250  n_corner_anchors=16  arch=default  trunk_mode=single  batch_mode=True
branch=[4, 16, 16, 32]  trunk=[2, 32, 32, 32, 32]
results_dir=C:\Ali Computation\pinn\code\heterogeneous\pino_heterogeneous\results\exp_N_maximin_N250_float64_lr01_maxiter25_epochs500
Training: 250 maximin samples in [0.01, 0.05] m/d
  saved/loaded: C:\Ali Computation\pinn\code\heterogeneous\pino_heterogeneous\results\exp_N_maximin_N250_float64_lr01_maxiter25_epochs500\train_u_cases.csv
  branch CFL range [0.120665, 0.598864]
PDE mesh: bulk 50x50x250 + interface bands (36 x* / band, +/-0.025 around (0.2, 0.4, 0.6))
COMSOL validation: 81 fixed grid cases from comsol_4zones.txt -> C:\Ali Computation\pinn\code\heterogeneous\pino_heterogeneous\results\exp_N_maximin_N250_float64_lr01_maxiter25_epochs500
run_training=True  run_comsol_validation=True  validate_only=False  skip_validation_plots=True
L-BFGS early stopping: patience=150 (max steps=500)
L-BFGS: lr=0.1  max_iter=25  outer_steps=500
PDE collocation points: 1,075,000 (bulk 625,000, interface 450,000)
Collocation mesh plot (pre-train): C:\Ali Computation\pinn\code\heterogeneous\pino_heterogeneous\results\exp_N_maximin_N250_float64_lr01_maxiter25_epochs500\pino_heterogeneous_collocation_points.png
LBFGS (
Parameter Group 0
    history_size: 50
    line_search_fn: strong_wolfe
    lr: 0.1
    max_eval: 31
    max_iter: 25
    tolerance_change: 1e-09
    tolerance_grad: 1e-07
)
Early stopping: patience=150 L-BFGS steps (no total-loss improvement, rtol=1e-12)

L-BFGS:   0%|          | 0/500 [? > 00:00]
L-BFGS:   0%|          | 1/500 [2:08:59 > 00:15]
L-BFGS:   0%|          | 2/500 [2:04:54 > 00:30]
L-BFGS:   1%|          | 3/500 [2:03:49 > 00:45]
L-BFGS:   1%|          | 4/500 [2:05:35 > 01:00]
L-BFGS:   1%|          | 5/500 [2:06:18 > 01:16]
L-BFGS:   1%|          | 6/500 [2:05:10 > 01:31]
L-BFGS:   1%|▏         | 7/500 [2:04:37 > 01:46]
L-BFGS:   2%|▏         | 8/500 [2:05:45 > 02:01]
L-BFGS:   2%|▏         | 9/500 [2:05:17 > 02:17]
L-BFGS:   2%|▏         | 10/500 [2:04:54 > 02:32]
L-BFGS:   2%|▏         | 11/500 [2:04:33 > 02:47]
L-BFGS:   2%|▏         | 12/500 [2:05:36 > 03:03]
L-BFGS:   3%|▎         | 13/500 [2:06:01 > 03:19]
L-BFGS:   3%|▎         | 14/500 [2:05:00 > 03:34]
L-BFGS:   3%|▎         | 15/500 [2:05:28 > 03:50]
L-BFGS:   3%|▎         | 16/500 [2:04:16 > 04:05]
L-BFGS:   3%|▎         | 17/500 [2:03:17 > 04:20]
L-BFGS:   4%|▎         | 18/500 [2:03:37 > 04:35]
L-BFGS:   4%|▍         | 19/500 [2:03:48 > 04:51]
L-BFGS:   4%|▍         | 20/500 [2:02:44 > 05:06]
L-BFGS:   4%|▍         | 21/500 [2:03:12 > 05:22]
L-BFGS:   4%|▍         | 22/500 [2:02:05 > 05:37]
L-BFGS:   5%|▍         | 23/500 [2:02:22 > 05:52]
L-BFGS:   5%|▍         | 24/500 [2:01:21 > 06:08]
L-BFGS:   5%|▌         | 25/500 [2:00:49 > 06:23]
L-BFGS:   5%|▌         | 26/500 [2:00:14 > 06:38]
L-BFGS:   5%|▌         | 27/500 [2:00:53 > 06:53]
L-BFGS:   6%|▌         | 28/500 [2:00:08 > 07:09]
L-BFGS:   6%|▌         | 29/500 [2:00:44 > 07:24]
L-BFGS:   6%|▌         | 30/500 [2:01:02 > 07:40]
L-BFGS:   6%|▌         | 31/500 [2:00:21 > 07:55]
L-BFGS:   6%|▋         | 32/500 [2:00:55 > 08:11]
L-BFGS:   7%|▋         | 33/500 [2:01:15 > 08:27]
L-BFGS:   7%|▋         | 34/500 [2:00:15 > 08:42]
L-BFGS:   7%|▋         | 35/500 [2:00:38 > 08:58]
L-BFGS:   7%|▋         | 36/500 [1:59:45 > 09:13]
L-BFGS:   7%|▋         | 37/500 [1:59:03 > 09:28]
L-BFGS:   8%|▊         | 38/500 [1:59:34 > 09:44]
L-BFGS:   8%|▊         | 39/500 [1:59:48 > 10:00]
L-BFGS:   8%|▊         | 40/500 [1:59:32 > 10:15]
L-BFGS:   8%|▊         | 41/500 [1:58:08 > 10:30]
L-BFGS:   8%|▊         | 42/500 [1:58:10 > 10:46]
L-BFGS:   9%|▊         | 43/500 [1:57:06 > 11:01]
L-BFGS:   9%|▉         | 44/500 [1:57:26 > 11:17]
L-BFGS:   9%|▉         | 45/500 [1:56:26 > 11:32]
L-BFGS:   9%|▉         | 46/500 [1:56:47 > 11:47]
L-BFGS:   9%|▉         | 47/500 [1:56:52 > 12:03]
L-BFGS:  10%|▉         | 48/500 [1:55:48 > 12:18]
L-BFGS:  10%|▉         | 49/500 [1:56:04 > 12:34]
L-BFGS:  10%|█         | 50/500 [1:56:09 > 12:49]
L-BFGS:  10%|█         | 51/500 [1:55:01 > 13:04]
L-BFGS:  10%|█         | 52/500 [1:55:15 > 13:20]
L-BFGS:  11%|█         | 53/500 [1:55:19 > 13:36]
L-BFGS:  11%|█         | 54/500 [1:55:37 > 13:51]
L-BFGS:  11%|█         | 55/500 [1:54:43 > 14:07]
L-BFGS:  11%|█         | 56/500 [1:54:02 > 14:22]
L-BFGS:  11%|█▏        | 57/500 [1:54:30 > 14:38]
L-BFGS:  12%|█▏        | 58/500 [1:53:46 > 14:53]
L-BFGS:  12%|█▏        | 59/500 [1:53:08 > 15:08]
L-BFGS:  12%|█▏        | 60/500 [1:53:43 > 15:24]
L-BFGS:  12%|█▏        | 61/500 [1:52:53 > 15:39]
L-BFGS:  12%|█▏        | 62/500 [1:53:20 > 15:55]
L-BFGS:  13%|█▎        | 63/500 [1:53:17 > 16:11]
L-BFGS:  13%|█▎        | 64/500 [1:53:09 > 16:26]
L-BFGS:  13%|█▎        | 65/500 [1:51:55 > 16:41]
L-BFGS:  13%|█▎        | 66/500 [1:50:59 > 16:56]
L-BFGS:  13%|█▎        | 67/500 [1:51:20 > 17:12]
L-BFGS:  14%|█▎        | 68/500 [1:50:29 > 17:27]
L-BFGS:  14%|█▍        | 69/500 [1:50:48 > 17:43]
L-BFGS:  14%|█▍        | 70/500 [1:49:53 > 17:58]
L-BFGS:  14%|█▍        | 71/500 [1:51:16 > 18:14]
L-BFGS:  14%|█▍        | 72/500 [1:51:13 > 18:30]
L-BFGS:  15%|█▍        | 73/500 [1:51:01 > 18:45]
L-BFGS:  15%|█▍        | 74/500 [1:49:41 > 19:00]
L-BFGS:  15%|█▌        | 75/500 [1:48:44 > 19:16]
L-BFGS:  15%|█▌        | 76/500 [1:49:00 > 19:31]
L-BFGS:  15%|█▌        | 77/500 [1:49:14 > 19:47]
L-BFGS:  16%|█▌        | 78/500 [1:48:29 > 20:02]
L-BFGS:  16%|█▌        | 79/500 [1:47:54 > 20:17]
L-BFGS:  16%|█▌        | 80/500 [1:48:31 > 20:33]
L-BFGS:  16%|█▌        | 81/500 [1:47:50 > 20:48]
L-BFGS:  16%|█▋        | 82/500 [1:48:14 > 21:04]
L-BFGS:  17%|█▋        | 83/500 [1:48:27 > 21:20]
L-BFGS:  17%|█▋        | 84/500 [1:47:29 > 21:35]
L-BFGS:  17%|█▋        | 85/500 [1:47:47 > 21:51]
L-BFGS:  17%|█▋        | 86/500 [1:47:32 > 22:07]
L-BFGS:  17%|█▋        | 87/500 [1:47:10 > 22:22]
L-BFGS:  18%|█▊        | 88/500 [1:45:50 > 22:37]
L-BFGS:  18%|█▊        | 89/500 [1:45:48 > 22:53]
L-BFGS:  18%|█▊        | 90/500 [1:45:43 > 23:08]
L-BFGS:  18%|█▊        | 91/500 [1:44:35 > 23:23]
L-BFGS:  18%|█▊        | 92/500 [1:43:45 > 23:38]
L-BFGS:  19%|█▊        | 93/500 [1:43:04 > 23:53]
L-BFGS:  19%|█▉        | 94/500 [1:42:31 > 24:08]
L-BFGS:  19%|█▉        | 95/500 [1:43:03 > 24:24]
L-BFGS:  19%|█▉        | 96/500 [1:43:19 > 24:40]
L-BFGS:  19%|█▉        | 97/500 [1:43:26 > 24:55]
L-BFGS:  20%|█▉        | 98/500 [1:42:28 > 25:10]
L-BFGS:  20%|█▉        | 99/500 [1:42:39 > 25:26]
L-BFGS:  20%|██        | 100/500 [1:42:43 > 25:41]
L-BFGS:  20%|██        | 101/500 [1:41:52 > 25:56]
L-BFGS:  20%|██        | 102/500 [1:41:02 > 26:11]
L-BFGS:  21%|██        | 103/500 [1:41:34 > 26:27]
L-BFGS:  21%|██        | 104/500 [1:42:02 > 26:43]
L-BFGS:  21%|██        | 105/500 [1:42:12 > 26:58]
L-BFGS:  21%|██        | 106/500 [1:42:19 > 27:14]
L-BFGS:  21%|██▏       | 107/500 [1:41:19 > 27:29]
L-BFGS:  22%|██▏       | 108/500 [1:40:32 > 27:44]
L-BFGS:  22%|██▏       | 109/500 [1:40:49 > 28:00]
L-BFGS:  22%|██▏       | 110/500 [1:40:54 > 28:16]
L-BFGS:  22%|██▏       | 111/500 [1:40:40 > 28:31]
L-BFGS:  22%|██▏       | 112/500 [1:39:26 > 28:46]
L-BFGS:  23%|██▎       | 113/500 [1:39:26 > 29:02]
L-BFGS:  23%|██▎       | 114/500 [1:38:28 > 29:17]
L-BFGS:  23%|██▎       | 115/500 [1:37:43 > 29:32]
L-BFGS:  23%|██▎       | 116/500 [1:38:01 > 29:47]
L-BFGS:  23%|██▎       | 117/500 [1:38:06 > 30:03]
L-BFGS:  24%|██▎       | 118/500 [1:38:07 > 30:18]
L-BFGS:  24%|██▍       | 119/500 [1:37:08 > 30:33]
L-BFGS:  24%|██▍       | 120/500 [1:37:19 > 30:49]
L-BFGS:  24%|██▍       | 121/500 [1:36:25 > 31:04]
L-BFGS:  24%|██▍       | 122/500 [1:36:39 > 31:20]
L-BFGS:  25%|██▍       | 123/500 [1:35:47 > 31:35]
L-BFGS:  25%|██▍       | 124/500 [1:36:04 > 31:50]
L-BFGS:  25%|██▌       | 125/500 [1:36:18 > 32:06]
L-BFGS:  25%|██▌       | 126/500 [1:36:31 > 32:21]
L-BFGS:  25%|██▌       | 127/500 [1:36:36 > 32:37]
L-BFGS:  26%|██▌       | 128/500 [1:35:41 > 32:52]
L-BFGS:  26%|██▌       | 129/500 [1:35:52 > 33:08]
L-BFGS:  26%|██▌       | 130/500 [1:35:56 > 33:24]
L-BFGS:  26%|██▌       | 131/500 [1:35:01 > 33:39]
L-BFGS:  26%|██▋       | 132/500 [1:35:15 > 33:54]
L-BFGS:  27%|██▋       | 133/500 [1:35:20 > 34:10]
L-BFGS:  27%|██▋       | 134/500 [1:34:09 > 34:25]
L-BFGS:  27%|██▋       | 135/500 [1:33:09 > 34:40]
L-BFGS:  27%|██▋       | 136/500 [1:33:19 > 34:56]
L-BFGS:  27%|██▋       | 137/500 [1:32:25 > 35:11]
L-BFGS:  28%|██▊       | 138/500 [1:32:36 > 35:26]
L-BFGS:  28%|██▊       | 139/500 [1:31:49 > 35:41]
L-BFGS:  28%|██▊       | 140/500 [1:31:09 > 35:56]
L-BFGS:  28%|██▊       | 141/500 [1:31:32 > 36:12]
L-BFGS:  28%|██▊       | 142/500 [1:30:53 > 36:27]
L-BFGS:  29%|██▊       | 143/500 [1:30:15 > 36:42]
L-BFGS:  29%|██▉       | 144/500 [1:29:46 > 36:57]
L-BFGS:  29%|██▉       | 145/500 [1:29:21 > 37:12]
L-BFGS:  29%|██▉       | 146/500 [1:29:51 > 37:28]
L-BFGS:  29%|██▉       | 147/500 [1:29:14 > 37:43]
L-BFGS:  30%|██▉       | 148/500 [1:29:38 > 37:58]
L-BFGS:  30%|██▉       | 149/500 [1:29:12 > 38:13]
L-BFGS:  30%|███       | 150/500 [1:29:39 > 38:29]
L-BFGS:  30%|███       | 151/500 [1:29:05 > 38:44]
L-BFGS:  30%|███       | 152/500 [1:28:38 > 39:00]
L-BFGS:  31%|███       | 153/500 [1:28:15 > 39:15]
L-BFGS:  31%|███       | 154/500 [1:28:42 > 39:30]
L-BFGS:  31%|███       | 155/500 [1:28:12 > 39:46]
L-BFGS:  31%|███       | 156/500 [1:28:30 > 40:01]
L-BFGS:  31%|███▏      | 157/500 [1:27:44 > 40:16]
L-BFGS:  32%|███▏      | 158/500 [1:26:55 > 40:31]
L-BFGS:  32%|███▏      | 159/500 [1:27:13 > 40:47]
L-BFGS:  32%|███▏      | 160/500 [1:26:24 > 41:02]
L-BFGS:  32%|███▏      | 161/500 [1:26:39 > 41:18]
L-BFGS:  32%|███▏      | 162/500 [1:26:41 > 41:33]
L-BFGS:  33%|███▎      | 163/500 [1:25:52 > 41:48]
L-BFGS:  33%|███▎      | 164/500 [1:25:09 > 42:03]
L-BFGS:  33%|███▎      | 165/500 [1:24:37 > 42:18]
L-BFGS:  33%|███▎      | 166/500 [1:24:58 > 42:34]
L-BFGS:  33%|███▎      | 167/500 [1:24:21 > 42:49]
L-BFGS:  34%|███▎      | 168/500 [1:24:37 > 43:04]
L-BFGS:  34%|███▍      | 169/500 [1:24:45 > 43:20]
L-BFGS:  34%|███▍      | 170/500 [1:23:57 > 43:35]
L-BFGS:  34%|███▍      | 171/500 [1:23:21 > 43:50]
L-BFGS:  34%|███▍      | 172/500 [1:23:45 > 44:06]
L-BFGS:  35%|███▍      | 173/500 [1:23:18 > 44:21]
L-BFGS:  35%|███▍      | 174/500 [1:23:41 > 44:36]
L-BFGS:  35%|███▌      | 175/500 [1:23:05 > 44:52]
L-BFGS:  35%|███▌      | 176/500 [1:23:23 > 45:07]
L-BFGS:  35%|███▌      | 177/500 [1:22:44 > 45:22]
L-BFGS:  36%|███▌      | 178/500 [1:22:12 > 45:38]
L-BFGS:  36%|███▌      | 179/500 [1:21:46 > 45:53]
L-BFGS:  36%|███▌      | 180/500 [1:21:23 > 46:08]
L-BFGS:  36%|███▌      | 181/500 [1:21:33 > 46:24]
L-BFGS:  36%|███▋      | 182/500 [1:20:48 > 46:39]
L-BFGS:  37%|███▋      | 183/500 [1:20:12 > 46:54]
L-BFGS:  37%|███▋      | 184/500 [1:20:28 > 47:09]
L-BFGS:  37%|███▋      | 185/500 [1:20:36 > 47:25]
L-BFGS:  37%|███▋      | 186/500 [1:20:36 > 47:40]
L-BFGS:  37%|███▋      | 187/500 [1:19:46 > 47:55]
L-BFGS:  38%|███▊      | 188/500 [1:19:05 > 48:10]
L-BFGS:  38%|███▊      | 189/500 [1:18:35 > 48:25]
L-BFGS:  38%|███▊      | 190/500 [1:18:51 > 48:41]
L-BFGS:  38%|███▊      | 191/500 [1:18:13 > 48:56]
L-BFGS:  38%|███▊      | 192/500 [1:18:27 > 49:11]
L-BFGS:  39%|███▊      | 193/500 [1:17:47 > 49:26]
L-BFGS:  39%|███▉      | 194/500 [1:17:15 > 49:41]
L-BFGS:  39%|███▉      | 195/500 [1:16:48 > 49:56]
L-BFGS:  39%|███▉      | 196/500 [1:16:40 > 50:12]
L-BFGS:  39%|███▉      | 197/500 [1:17:16 > 50:27]
L-BFGS:  40%|███▉      | 198/500 [1:16:51 > 50:42]
L-BFGS:  40%|███▉      | 199/500 [1:17:13 > 50:58]
L-BFGS:  40%|████      | 200/500 [1:16:38 > 51:13]
L-BFGS:  40%|████      | 201/500 [1:16:12 > 51:29]
L-BFGS:  40%|████      | 202/500 [1:15:48 > 51:44]
L-BFGS:  41%|████      | 203/500 [1:16:11 > 51:59]
L-BFGS:  41%|████      | 204/500 [1:15:32 > 52:15]
L-BFGS:  41%|████      | 205/500 [1:14:53 > 52:30]
L-BFGS:  41%|████      | 206/500 [1:14:21 > 52:45]
L-BFGS:  41%|████▏     | 207/500 [1:14:35 > 53:00]
L-BFGS:  42%|████▏     | 208/500 [1:14:41 > 53:16]
L-BFGS:  42%|████▏     | 209/500 [1:14:40 > 53:31]
L-BFGS:  42%|████▏     | 210/500 [1:13:55 > 53:46]
L-BFGS:  42%|████▏     | 211/500 [1:13:18 > 54:01]
L-BFGS:  42%|████▏     | 212/500 [1:13:34 > 54:17]
L-BFGS:  43%|████▎     | 213/500 [1:12:52 > 54:32]
L-BFGS:  43%|████▎     | 214/500 [1:12:20 > 54:47]
L-BFGS:  43%|████▎     | 215/500 [1:11:53 > 55:02]
L-BFGS:  43%|████▎     | 216/500 [1:12:12 > 55:17]
L-BFGS:  43%|████▎     | 217/500 [1:11:37 > 55:33]
L-BFGS:  44%|████▎     | 218/500 [1:11:10 > 55:48]
L-BFGS:  44%|████▍     | 219/500 [1:10:50 > 56:03]
L-BFGS:  44%|████▍     | 220/500 [1:10:40 > 56:18]
L-BFGS:  44%|████▍     | 221/500 [1:10:27 > 56:33]
L-BFGS:  44%|████▍     | 222/500 [1:10:17 > 56:48]
L-BFGS:  45%|████▍     | 223/500 [1:10:41 > 57:04]
L-BFGS:  45%|████▍     | 224/500 [1:10:14 > 57:19]
L-BFGS:  45%|████▌     | 225/500 [1:10:31 > 57:35]
L-BFGS:  45%|████▌     | 226/500 [1:09:59 > 57:50]
L-BFGS:  45%|████▌     | 227/500 [1:09:31 > 58:05]
L-BFGS:  46%|████▌     | 228/500 [1:09:43 > 58:21]
L-BFGS:  46%|████▌     | 229/500 [1:09:00 > 58:36]
L-BFGS:  46%|████▌     | 230/500 [1:09:06 > 58:51]
L-BFGS:  46%|████▌     | 231/500 [1:09:02 > 59:07]
L-BFGS:  46%|████▋     | 232/500 [1:08:20 > 59:22]
L-BFGS:  47%|████▋     | 233/500 [1:07:43 > 59:37]
L-BFGS:  47%|████▋     | 234/500 [1:07:55 > 59:52]
L-BFGS:  47%|████▋     | 235/500 [1:07:18 > 1:00:07]
L-BFGS:  47%|████▋     | 236/500 [1:06:47 > 1:00:22]
L-BFGS:  47%|████▋     | 237/500 [1:06:59 > 1:00:38]
L-BFGS:  48%|████▊     | 238/500 [1:06:24 > 1:00:53]
L-BFGS:  48%|████▊     | 239/500 [1:05:55 > 1:01:08]
L-BFGS:  48%|████▊     | 240/500 [1:05:31 > 1:01:23]
L-BFGS:  48%|████▊     | 241/500 [1:05:47 > 1:01:39]
L-BFGS:  48%|████▊     | 242/500 [1:05:19 > 1:01:54]
L-BFGS:  49%|████▊     | 243/500 [1:05:07 > 1:02:09]
L-BFGS:  49%|████▉     | 244/500 [1:05:30 > 1:02:25]
L-BFGS:  49%|████▉     | 245/500 [1:05:38 > 1:02:40]
L-BFGS:  49%|████▉     | 246/500 [1:05:41 > 1:02:56]
L-BFGS:  49%|████▉     | 247/500 [1:05:38 > 1:03:12]
L-BFGS:  50%|████▉     | 248/500 [1:05:33 > 1:03:27]
L-BFGS:  50%|████▉     | 249/500 [1:04:45 > 1:03:43]
L-BFGS:  50%|█████     | 250/500 [1:04:45 > 1:03:58]
L-BFGS:  50%|█████     | 251/500 [1:04:36 > 1:04:14]
L-BFGS:  50%|█████     | 252/500 [1:03:40 > 1:04:29]
L-BFGS:  51%|█████     | 253/500 [1:02:57 > 1:04:44]
L-BFGS:  51%|█████     | 254/500 [1:02:25 > 1:04:59]
L-BFGS:  51%|█████     | 255/500 [1:02:31 > 1:05:15]
L-BFGS:  51%|█████     | 256/500 [1:02:33 > 1:05:30]
L-BFGS:  51%|█████▏    | 257/500 [1:02:27 > 1:05:46]
L-BFGS:  52%|█████▏    | 258/500 [1:01:46 > 1:06:01]
L-BFGS:  52%|█████▏    | 259/500 [1:01:47 > 1:06:16]
L-BFGS:  52%|█████▏    | 260/500 [1:01:45 > 1:06:32]
L-BFGS:  52%|█████▏    | 261/500 [1:01:00 > 1:06:47]
L-BFGS:  52%|█████▏    | 262/500 [1:00:25 > 1:07:02]
L-BFGS:  53%|█████▎    | 263/500 [59:56 > 1:07:17]  
L-BFGS:  53%|█████▎    | 264/500 [59:31 > 1:07:32]
L-BFGS:  53%|█████▎    | 265/500 [59:10 > 1:07:47]
L-BFGS:  53%|█████▎    | 266/500 [58:55 > 1:08:02]
L-BFGS:  53%|█████▎    | 267/500 [58:46 > 1:08:17]
L-BFGS:  54%|█████▎    | 268/500 [59:09 > 1:08:33]
L-BFGS:  54%|█████▍    | 269/500 [58:47 > 1:08:48]
L-BFGS:  54%|█████▍    | 270/500 [58:59 > 1:09:04]
L-BFGS:  54%|█████▍    | 271/500 [58:30 > 1:09:19]
L-BFGS:  54%|█████▍    | 272/500 [58:37 > 1:09:35]
L-BFGS:  55%|█████▍    | 273/500 [58:07 > 1:09:50]
L-BFGS:  55%|█████▍    | 274/500 [58:11 > 1:10:06]
L-BFGS:  55%|█████▌    | 275/500 [58:03 > 1:10:21]
L-BFGS:  55%|█████▌    | 276/500 [57:19 > 1:10:36]
L-BFGS:  55%|█████▌    | 277/500 [56:41 > 1:10:51]
L-BFGS:  56%|█████▌    | 278/500 [56:12 > 1:11:06]
L-BFGS:  56%|█████▌    | 279/500 [55:46 > 1:11:21]
L-BFGS:  56%|█████▌    | 280/500 [55:23 > 1:11:36]
L-BFGS:  56%|█████▌    | 281/500 [55:36 > 1:11:52]
L-BFGS:  56%|█████▋    | 282/500 [55:40 > 1:12:07]
L-BFGS:  57%|█████▋    | 283/500 [55:05 > 1:12:22]
L-BFGS:  57%|█████▋    | 284/500 [54:38 > 1:12:37]
L-BFGS:  57%|█████▋    | 285/500 [54:15 > 1:12:52]
L-BFGS:  57%|█████▋    | 286/500 [54:24 > 1:13:08]
L-BFGS:  57%|█████▋    | 287/500 [54:26 > 1:13:23]
L-BFGS:  58%|█████▊    | 288/500 [54:21 > 1:13:39]
L-BFGS:  58%|█████▊    | 289/500 [53:44 > 1:13:54]
L-BFGS:  58%|█████▊    | 290/500 [53:52 > 1:14:10]
L-BFGS:  58%|█████▊    | 291/500 [53:25 > 1:14:25]
L-BFGS:  58%|█████▊    | 292/500 [53:30 > 1:14:41]
L-BFGS:  59%|█████▊    | 293/500 [53:29 > 1:14:56]
L-BFGS:  59%|█████▉    | 294/500 [53:23 > 1:15:12]
L-BFGS:  59%|█████▉    | 295/500 [53:19 > 1:15:28]
L-BFGS:  59%|█████▉    | 296/500 [53:08 > 1:15:43]
L-BFGS:  59%|█████▉    | 297/500 [52:25 > 1:15:58]
L-BFGS:  60%|█████▉    | 298/500 [51:49 > 1:16:14]
L-BFGS:  60%|█████▉    | 299/500 [51:12 > 1:16:29]
L-BFGS:  60%|██████    | 300/500 [51:13 > 1:16:44]
L-BFGS:  60%|██████    | 301/500 [51:08 > 1:17:00]
L-BFGS:  60%|██████    | 302/500 [50:57 > 1:17:15]
L-BFGS:  61%|██████    | 303/500 [50:46 > 1:17:31]
L-BFGS:  61%|██████    | 304/500 [50:34 > 1:17:46]
L-BFGS:  61%|██████    | 305/500 [50:21 > 1:18:02]
L-BFGS:  61%|██████    | 306/500 [49:39 > 1:18:17]
L-BFGS:  61%|██████▏   | 307/500 [49:33 > 1:18:32]
L-BFGS:  62%|██████▏   | 308/500 [49:24 > 1:18:48]
L-BFGS:  62%|██████▏   | 309/500 [48:46 > 1:19:03]
L-BFGS:  62%|██████▏   | 310/500 [48:16 > 1:19:18]
L-BFGS:  62%|██████▏   | 311/500 [47:49 > 1:19:33]
L-BFGS:  62%|██████▏   | 312/500 [47:53 > 1:19:49]
L-BFGS:  63%|██████▎   | 313/500 [48:00 > 1:20:04]
L-BFGS:  63%|██████▎   | 314/500 [48:00 > 1:20:20]
L-BFGS:  63%|██████▎   | 315/500 [47:29 > 1:20:35]
L-BFGS:  63%|██████▎   | 316/500 [47:01 > 1:20:50]
L-BFGS:  63%|██████▎   | 317/500 [47:05 > 1:21:06]
L-BFGS:  64%|██████▎   | 318/500 [46:35 > 1:21:21]
L-BFGS:  64%|██████▍   | 319/500 [46:37 > 1:21:37]
L-BFGS:  64%|██████▍   | 320/500 [46:08 > 1:21:52]
L-BFGS:  64%|██████▍   | 321/500 [46:05 > 1:22:08]
L-BFGS:  64%|██████▍   | 322/500 [45:29 > 1:22:23]
L-BFGS:  65%|██████▍   | 323/500 [44:58 > 1:22:38]
L-BFGS:  65%|██████▍   | 324/500 [44:31 > 1:22:53]
L-BFGS:  65%|██████▌   | 325/500 [44:09 > 1:23:08]
L-BFGS:  65%|██████▌   | 326/500 [43:48 > 1:23:23]
L-BFGS:  65%|██████▌   | 327/500 [43:31 > 1:23:38]
L-BFGS:  66%|██████▌   | 328/500 [43:12 > 1:23:53]
L-BFGS:  66%|██████▌   | 329/500 [42:55 > 1:24:08]
L-BFGS:  66%|██████▌   | 330/500 [42:38 > 1:24:23]
L-BFGS:  66%|██████▌   | 331/500 [42:23 > 1:24:38]
L-BFGS:  66%|██████▋   | 332/500 [42:08 > 1:24:53]
L-BFGS:  67%|██████▋   | 333/500 [42:18 > 1:25:09]
L-BFGS:  67%|██████▋   | 334/500 [42:19 > 1:25:24]
L-BFGS:  67%|██████▋   | 335/500 [41:52 > 1:25:39]
L-BFGS:  67%|██████▋   | 336/500 [41:31 > 1:25:54]
L-BFGS:  67%|██████▋   | 337/500 [41:15 > 1:26:10]
L-BFGS:  68%|██████▊   | 338/500 [41:00 > 1:26:25]
L-BFGS:  68%|██████▊   | 339/500 [40:46 > 1:26:40]
L-BFGS:  68%|██████▊   | 340/500 [40:31 > 1:26:55]
L-BFGS:  68%|██████▊   | 341/500 [40:40 > 1:27:11]
L-BFGS:  68%|██████▊   | 342/500 [40:18 > 1:27:26]
L-BFGS:  69%|██████▊   | 343/500 [39:57 > 1:27:41]
L-BFGS:  69%|██████▉   | 344/500 [40:01 > 1:27:57]
L-BFGS:  69%|██████▉   | 345/500 [39:53 > 1:28:13]
L-BFGS:  69%|██████▉   | 346/500 [39:19 > 1:28:28]
L-BFGS:  69%|██████▉   | 347/500 [38:50 > 1:28:43]
L-BFGS:  70%|██████▉   | 348/500 [38:26 > 1:28:58]
L-BFGS:  70%|██████▉   | 349/500 [38:05 > 1:29:13]
L-BFGS:  70%|███████   | 350/500 [37:46 > 1:29:28]
L-BFGS:  70%|███████   | 351/500 [37:27 > 1:29:43]
L-BFGS:  70%|███████   | 352/500 [37:31 > 1:29:58]
L-BFGS:  71%|███████   | 353/500 [37:09 > 1:30:13]
L-BFGS:  71%|███████   | 354/500 [36:49 > 1:30:28]
L-BFGS:  71%|███████   | 355/500 [36:29 > 1:30:43]
L-BFGS:  71%|███████   | 356/500 [36:11 > 1:30:58]
L-BFGS:  71%|███████▏  | 357/500 [35:54 > 1:31:13]
L-BFGS:  72%|███████▏  | 358/500 [35:38 > 1:31:29]
L-BFGS:  72%|███████▏  | 359/500 [35:22 > 1:31:44]
L-BFGS:  72%|███████▏  | 360/500 [35:11 > 1:31:59]
L-BFGS:  72%|███████▏  | 361/500 [35:21 > 1:32:14]
L-BFGS:  72%|███████▏  | 362/500 [35:04 > 1:32:30]
L-BFGS:  73%|███████▎  | 363/500 [34:48 > 1:32:45]
L-BFGS:  73%|███████▎  | 364/500 [34:50 > 1:33:00]
L-BFGS:  73%|███████▎  | 365/500 [34:28 > 1:33:16]
L-BFGS:  73%|███████▎  | 366/500 [34:07 > 1:33:31]
L-BFGS:  73%|███████▎  | 367/500 [34:07 > 1:33:47]
L-BFGS:  74%|███████▎  | 368/500 [34:02 > 1:34:02]
L-BFGS:  74%|███████▍  | 369/500 [33:30 > 1:34:17]
L-BFGS:  74%|███████▍  | 370/500 [33:22 > 1:34:33]
L-BFGS:  74%|███████▍  | 371/500 [32:53 > 1:34:48]
L-BFGS:  74%|███████▍  | 372/500 [32:47 > 1:35:03]
L-BFGS:  75%|███████▍  | 373/500 [32:19 > 1:35:18]
L-BFGS:  75%|███████▍  | 374/500 [31:57 > 1:35:34]
L-BFGS:  75%|███████▌  | 375/500 [31:54 > 1:35:49]
L-BFGS:  75%|███████▌  | 376/500 [31:28 > 1:36:04]
L-BFGS:  75%|███████▌  | 377/500 [31:24 > 1:36:20]
L-BFGS:  76%|███████▌  | 378/500 [30:58 > 1:36:35]
L-BFGS:  76%|███████▌  | 379/500 [30:36 > 1:36:50]
L-BFGS:  76%|███████▌  | 380/500 [30:16 > 1:37:05]
L-BFGS:  76%|███████▌  | 381/500 [29:58 > 1:37:20]
L-BFGS:  76%|███████▋  | 382/500 [29:40 > 1:37:35]
L-BFGS:  77%|███████▋  | 383/500 [29:26 > 1:37:50]
L-BFGS:  77%|███████▋  | 384/500 [29:32 > 1:38:06]
L-BFGS:  77%|███████▋  | 385/500 [29:30 > 1:38:21]
L-BFGS:  77%|███████▋  | 386/500 [29:22 > 1:38:37]
L-BFGS:  77%|███████▋  | 387/500 [28:58 > 1:38:52]
L-BFGS:  78%|███████▊  | 388/500 [28:38 > 1:39:07]
L-BFGS:  78%|███████▊  | 389/500 [28:30 > 1:39:23]
L-BFGS:  78%|███████▊  | 390/500 [28:07 > 1:39:38]
L-BFGS:  78%|███████▊  | 391/500 [27:48 > 1:39:53]
L-BFGS:  78%|███████▊  | 392/500 [27:44 > 1:40:09]
L-BFGS:  79%|███████▊  | 393/500 [27:32 > 1:40:25]
L-BFGS:  79%|███████▉  | 394/500 [27:04 > 1:40:40]
L-BFGS:  79%|███████▉  | 395/500 [26:39 > 1:40:55]
L-BFGS:  79%|███████▉  | 396/500 [26:33 > 1:41:10]
L-BFGS:  79%|███████▉  | 397/500 [26:09 > 1:41:25]
L-BFGS:  80%|███████▉  | 398/500 [25:48 > 1:41:40]
L-BFGS:  80%|███████▉  | 399/500 [25:28 > 1:41:55]
L-BFGS:  80%|████████  | 400/500 [25:26 > 1:42:11]
L-BFGS:  80%|████████  | 401/500 [25:19 > 1:42:26]
L-BFGS:  80%|████████  | 402/500 [24:55 > 1:42:41]
L-BFGS:  81%|████████  | 403/500 [24:33 > 1:42:56]
L-BFGS:  81%|████████  | 404/500 [24:27 > 1:43:12]
L-BFGS:  81%|████████  | 405/500 [24:18 > 1:43:27]
L-BFGS:  81%|████████  | 406/500 [23:54 > 1:43:42]
L-BFGS:  81%|████████▏ | 407/500 [23:34 > 1:43:58]
L-BFGS:  82%|████████▏ | 408/500 [23:19 > 1:44:13]
L-BFGS:  82%|████████▏ | 409/500 [23:03 > 1:44:28]
L-BFGS:  82%|████████▏ | 410/500 [23:01 > 1:44:44]
L-BFGS:  82%|████████▏ | 411/500 [22:42 > 1:44:59]
L-BFGS:  82%|████████▏ | 412/500 [22:36 > 1:45:15]
L-BFGS:  83%|████████▎ | 413/500 [22:15 > 1:45:30]
L-BFGS:  83%|████████▎ | 414/500 [21:56 > 1:45:45]
L-BFGS:  83%|████████▎ | 415/500 [21:38 > 1:46:00]
L-BFGS:  83%|████████▎ | 416/500 [21:18 > 1:46:15]
L-BFGS:  83%|████████▎ | 417/500 [20:58 > 1:46:30]
L-BFGS:  84%|████████▎ | 418/500 [20:40 > 1:46:45]
L-BFGS:  84%|████████▍ | 419/500 [20:35 > 1:47:01]
L-BFGS:  84%|████████▍ | 420/500 [20:26 > 1:47:16]
L-BFGS:  84%|████████▍ | 421/500 [20:04 > 1:47:31]
L-BFGS:  84%|████████▍ | 422/500 [19:55 > 1:47:47]
L-BFGS:  85%|████████▍ | 423/500 [19:45 > 1:48:02]
L-BFGS:  85%|████████▍ | 424/500 [19:21 > 1:48:18]
L-BFGS:  85%|████████▌ | 425/500 [19:01 > 1:48:33]
L-BFGS:  85%|████████▌ | 426/500 [18:52 > 1:48:48]
L-BFGS:  85%|████████▌ | 427/500 [18:32 > 1:49:03]
L-BFGS:  86%|████████▌ | 428/500 [18:23 > 1:49:19]
L-BFGS:  86%|████████▌ | 429/500 [18:02 > 1:49:34]
L-BFGS:  86%|████████▌ | 430/500 [17:53 > 1:49:49]
L-BFGS:  86%|████████▌ | 431/500 [17:35 > 1:50:05]
L-BFGS:  86%|████████▋ | 432/500 [17:27 > 1:50:20]
L-BFGS:  87%|████████▋ | 433/500 [17:17 > 1:50:36]
L-BFGS:  87%|████████▋ | 434/500 [16:56 > 1:50:51]
L-BFGS:  87%|████████▋ | 435/500 [16:46 > 1:51:07]
L-BFGS:  87%|████████▋ | 436/500 [16:25 > 1:51:22]
L-BFGS:  87%|████████▋ | 437/500 [16:15 > 1:51:38]
L-BFGS:  88%|████████▊ | 438/500 [16:03 > 1:51:53]
L-BFGS:  88%|████████▊ | 439/500 [15:41 > 1:52:08]
L-BFGS:  88%|████████▊ | 440/500 [15:27 > 1:52:24]
L-BFGS:  88%|████████▊ | 441/500 [15:04 > 1:52:39]
L-BFGS:  88%|████████▊ | 442/500 [14:44 > 1:52:54]
L-BFGS:  89%|████████▊ | 443/500 [14:26 > 1:53:09]
L-BFGS:  89%|████████▉ | 444/500 [14:16 > 1:53:25]
L-BFGS:  89%|████████▉ | 445/500 [13:56 > 1:53:40]
L-BFGS:  89%|████████▉ | 446/500 [13:38 > 1:53:55]
L-BFGS:  89%|████████▉ | 447/500 [13:21 > 1:54:10]
L-BFGS:  90%|████████▉ | 448/500 [13:05 > 1:54:25]
L-BFGS:  90%|████████▉ | 449/500 [12:57 > 1:54:40]
L-BFGS:  90%|█████████ | 450/500 [12:45 > 1:54:56]
L-BFGS:  90%|█████████ | 451/500 [12:26 > 1:55:11]
L-BFGS:  90%|█████████ | 452/500 [12:08 > 1:55:26]
L-BFGS:  91%|█████████ | 453/500 [11:51 > 1:55:41]
L-BFGS:  91%|█████████ | 454/500 [11:35 > 1:55:56]
L-BFGS:  91%|█████████ | 455/500 [11:28 > 1:56:12]
L-BFGS:  91%|█████████ | 456/500 [11:18 > 1:56:28]
L-BFGS:  91%|█████████▏| 457/500 [10:59 > 1:56:43]
L-BFGS:  92%|█████████▏| 458/500 [10:42 > 1:56:58]
L-BFGS:  92%|█████████▏| 459/500 [10:26 > 1:57:13]
L-BFGS:  92%|█████████▏| 460/500 [10:16 > 1:57:29]
L-BFGS:  92%|█████████▏| 461/500 [09:58 > 1:57:44]
L-BFGS:  92%|█████████▏| 462/500 [09:41 > 1:57:59]
L-BFGS:  93%|█████████▎| 463/500 [09:23 > 1:58:14]
L-BFGS:  93%|█████████▎| 464/500 [09:06 > 1:58:29]
L-BFGS:  93%|█████████▎| 465/500 [08:49 > 1:58:44]
L-BFGS:  93%|█████████▎| 466/500 [08:33 > 1:58:59]
L-BFGS:  93%|█████████▎| 467/500 [08:17 > 1:59:14]
L-BFGS:  94%|█████████▎| 468/500 [08:06 > 1:59:30]
L-BFGS:  94%|█████████▍| 469/500 [07:50 > 1:59:45]
L-BFGS:  94%|█████████▍| 470/500 [07:33 > 2:00:00]
L-BFGS:  94%|█████████▍| 471/500 [07:22 > 2:00:16]
L-BFGS:  94%|█████████▍| 472/500 [07:09 > 2:00:31]
L-BFGS:  95%|█████████▍| 473/500 [06:51 > 2:00:46]
L-BFGS:  95%|█████████▍| 474/500 [06:38 > 2:01:02]
L-BFGS:  95%|█████████▌| 475/500 [06:24 > 2:01:17]
L-BFGS:  95%|█████████▌| 476/500 [06:06 > 2:01:32]
L-BFGS:  95%|█████████▌| 477/500 [05:50 > 2:01:47]
L-BFGS:  96%|█████████▌| 478/500 [05:37 > 2:02:03]
L-BFGS:  96%|█████████▌| 479/500 [05:24 > 2:02:19]
L-BFGS:  96%|█████████▌| 480/500 [05:07 > 2:02:34]
L-BFGS:  96%|█████████▌| 481/500 [04:51 > 2:02:49]
L-BFGS:  96%|█████████▋| 482/500 [04:37 > 2:03:05]
L-BFGS:  97%|█████████▋| 483/500 [04:21 > 2:03:20]
L-BFGS:  97%|█████████▋| 484/500 [04:05 > 2:03:35]
L-BFGS:  97%|█████████▋| 485/500 [03:49 > 2:03:50]
L-BFGS:  97%|█████████▋| 486/500 [03:33 > 2:04:06]
L-BFGS:  97%|█████████▋| 487/500 [03:17 > 2:04:21]
L-BFGS:  98%|█████████▊| 488/500 [03:01 > 2:04:36]
L-BFGS:  98%|█████████▊| 489/500 [02:46 > 2:04:51]
L-BFGS:  98%|█████████▊| 490/500 [02:32 > 2:05:06]
L-BFGS:  98%|█████████▊| 491/500 [02:17 > 2:05:22]
L-BFGS:  98%|█████████▊| 492/500 [02:01 > 2:05:37]
L-BFGS:  99%|█████████▊| 493/500 [01:46 > 2:05:52]
L-BFGS:  99%|█████████▉| 494/500 [01:30 > 2:06:07]
L-BFGS:  99%|█████████▉| 495/500 [01:16 > 2:06:22]
L-BFGS:  99%|█████████▉| 496/500 [01:00 > 2:06:37]
L-BFGS:  99%|█████████▉| 497/500 [00:45 > 2:06:52]
L-BFGS: 100%|█████████▉| 498/500 [00:30 > 2:07:08]
L-BFGS: 100%|█████████▉| 499/500 [00:15 > 2:07:23]
L-BFGS: 100%|██████████| 500/500 [00:00 > 2:07:38]
L-BFGS: 100%|██████████| 500/500 [00:00 > 2:07:38]
Training saved: C:\Ali Computation\pinn\code\heterogeneous\pino_heterogeneous\results\exp_N_maximin_N250_float64_lr01_maxiter25_epochs500\pino_heterogeneous_concentration.png C:\Ali Computation\pinn\code\heterogeneous\pino_heterogeneous\results\exp_N_maximin_N250_float64_lr01_maxiter25_epochs500\pino_heterogeneous_loss.png C:\Ali Computation\pinn\code\heterogeneous\pino_heterogeneous\results\exp_N_maximin_N250_float64_lr01_maxiter25_epochs500\pino_heterogeneous_model.pt
COMSOL validation: 81 media -> C:\Ali Computation\pinn\code\heterogeneous\pino_heterogeneous\results\exp_N_maximin_N250_float64_lr01_maxiter25_epochs500  (x* collocation n=86)

COMSOL vs PINO:   0%|          | 0/81 [00:00<?, ?it/s]
COMSOL vs PINO:   6%|▌         | 5/81 [00:00<00:01, 48.84it/s]
COMSOL vs PINO:  12%|█▏        | 10/81 [00:00<00:01, 49.20it/s]
COMSOL vs PINO:  20%|█▉        | 16/81 [00:00<00:01, 49.69it/s]
COMSOL vs PINO:  26%|██▌       | 21/81 [00:00<00:01, 49.11it/s]
COMSOL vs PINO:  32%|███▏      | 26/81 [00:00<00:01, 49.07it/s]
COMSOL vs PINO:  38%|███▊      | 31/81 [00:00<00:01, 49.05it/s]
COMSOL vs PINO:  44%|████▍     | 36/81 [00:00<00:00, 48.96it/s]
COMSOL vs PINO:  51%|█████     | 41/81 [00:00<00:00, 49.05it/s]
COMSOL vs PINO:  57%|█████▋    | 46/81 [00:00<00:00, 48.96it/s]
COMSOL vs PINO:  63%|██████▎   | 51/81 [00:01<00:00, 48.95it/s]
COMSOL vs PINO:  69%|██████▉   | 56/81 [00:01<00:00, 49.16it/s]
COMSOL vs PINO:  77%|███████▋  | 62/81 [00:01<00:00, 49.55it/s]
COMSOL vs PINO:  83%|████████▎ | 67/81 [00:01<00:00, 49.44it/s]
COMSOL vs PINO:  89%|████████▉ | 72/81 [00:01<00:00, 49.40it/s]
COMSOL vs PINO:  95%|█████████▌| 77/81 [00:01<00:00, 49.27it/s]
COMSOL vs PINO: 100%|██████████| 81/81 [00:01<00:00, 49.17it/s]
COMSOL validation summary: n=81  mean=2.603066e-02  max=4.587345e-02  min=1.082763e-02
Wrote C:\Ali Computation\pinn\code\heterogeneous\pino_heterogeneous\results\exp_N_maximin_N250_float64_lr01_maxiter25_epochs500\comsol_validation_summary.csv
Run metadata: C:\Ali Computation\pinn\code\heterogeneous\pino_heterogeneous\results\exp_N_maximin_N250_float64_lr01_maxiter25_epochs500\run_meta.json

# exit 0 after 2:08:08.058075
