# code/heterogeneous/pino_heterogeneous/pinn1d_heterogeneous_parametric_neural_operator.py --design grf --n-sensors 100 --n-grf 0 --n-piecewise-per-zones 100 --piecewise-zone-counts 4 --min-zone-frac 0.1 --arch w64 --dtype float64 --early-stop-patience 150 --lr-lbfgs 0.1 --lbfgs-max-iter 5 --epochs 500 --out-dir results/exp_Sa_piecewise_K100_N100_z4_min10pct_w64_float64_lbfgs500_maxiter5
# started 2026-06-24 11:50:03
# cwd C:\Ali Computation\pinn\code\heterogeneous\pino_heterogeneous

Using GPU: NVIDIA GeForce RTX 3090 (cuda:0, dtype=torch.float64)
PE (computed) = 0.010368
design=grf  media_mode=grf  n_train_requested=100  n_corner_anchors=16  arch=w64  batch_mode=True
branch=[100, 64, 64, 64]  trunk=[2, 64, 64, 64, 64]
results_dir=C:\Ali Computation\pinn\code\heterogeneous\pino_heterogeneous\results\exp_Sa_piecewise_K100_N100_z4_min10pct_w64_float64_lbfgs500_maxiter5
Training: 100 piecewise (100 each for zones [4]), min_zone_frac=0.1 = 100 total; K=100 uniform sensors, grid_n=201
  saved/loaded: C:\Ali Computation\pinn\code\heterogeneous\pino_heterogeneous\results\exp_Sa_piecewise_K100_N100_z4_min10pct_w64_float64_lbfgs500_maxiter5\train_grf_cases.npz
  branch CFL range [0.120517, 0.599951]
PDE mesh: bulk 50x50x100 (no interface bands in GRF mode)
COMSOL validation: 81 fixed grid cases from comsol_4zones.txt -> C:\Ali Computation\pinn\code\heterogeneous\pino_heterogeneous\results\exp_Sa_piecewise_K100_N100_z4_min10pct_w64_float64_lbfgs500_maxiter5\comsol_validation
run_training=True  run_comsol_validation=True  validate_only=False  skip_validation_plots=False
L-BFGS early stopping: patience=150 (max steps=500)
L-BFGS: lr=0.1  max_iter=5  outer_steps=500
PDE collocation points: 250,000 (bulk 250,000, interface 0)
Collocation mesh plot (pre-train): C:\Ali Computation\pinn\code\heterogeneous\pino_heterogeneous\results\exp_Sa_piecewise_K100_N100_z4_min10pct_w64_float64_lbfgs500_maxiter5\pino_heterogeneous_collocation_points.png
LBFGS (
Parameter Group 0
    history_size: 50
    line_search_fn: strong_wolfe
    lr: 0.1
    max_eval: 6
    max_iter: 5
    tolerance_change: 1e-09
    tolerance_grad: 1e-07
)
Early stopping: patience=150 L-BFGS steps (no total-loss improvement, rtol=1e-12)

L-BFGS:   0%|          | 0/500 [? > 00:00]
L-BFGS:   0%|          | 1/500 [25:44 > 00:03]
L-BFGS:   0%|          | 2/500 [22:04 > 00:05]
L-BFGS:   1%|          | 3/500 [22:20 > 00:08]
L-BFGS:   1%|          | 4/500 [21:11 > 00:10]
L-BFGS:   1%|          | 5/500 [21:41 > 00:13]
L-BFGS:   1%|          | 6/500 [20:53 > 00:15]
L-BFGS:   1%|▏         | 7/500 [21:27 > 00:18]
L-BFGS:   2%|▏         | 8/500 [21:50 > 00:21]
L-BFGS:   2%|▏         | 9/500 [21:06 > 00:23]
L-BFGS:   2%|▏         | 10/500 [21:34 > 00:26]
L-BFGS:   2%|▏         | 11/500 [21:54 > 00:29]
L-BFGS:   2%|▏         | 12/500 [21:07 > 00:31]
L-BFGS:   3%|▎         | 13/500 [21:32 > 00:34]
L-BFGS:   3%|▎         | 14/500 [21:52 > 00:37]
L-BFGS:   3%|▎         | 15/500 [22:07 > 00:39]
L-BFGS:   3%|▎         | 16/500 [22:13 > 00:42]
L-BFGS:   3%|▎         | 17/500 [21:20 > 00:45]
L-BFGS:   4%|▎         | 18/500 [21:42 > 00:47]
L-BFGS:   4%|▍         | 19/500 [21:57 > 00:50]
L-BFGS:   4%|▍         | 20/500 [22:06 > 00:53]
L-BFGS:   4%|▍         | 21/500 [21:13 > 00:56]
L-BFGS:   4%|▍         | 22/500 [21:34 > 00:58]
L-BFGS:   5%|▍         | 23/500 [21:47 > 01:01]
L-BFGS:   5%|▍         | 24/500 [21:55 > 01:04]
L-BFGS:   5%|▌         | 25/500 [22:00 > 01:07]
L-BFGS:   5%|▌         | 26/500 [22:03 > 01:10]
L-BFGS:   5%|▌         | 27/500 [22:04 > 01:12]
L-BFGS:   6%|▌         | 28/500 [22:04 > 01:15]
L-BFGS:   6%|▌         | 29/500 [21:07 > 01:18]
L-BFGS:   6%|▌         | 30/500 [21:22 > 01:21]
L-BFGS:   6%|▌         | 31/500 [21:34 > 01:23]
L-BFGS:   6%|▋         | 32/500 [20:49 > 01:26]
L-BFGS:   7%|▋         | 33/500 [21:13 > 01:29]
L-BFGS:   7%|▋         | 34/500 [21:28 > 01:32]
L-BFGS:   7%|▋         | 35/500 [20:45 > 01:34]
L-BFGS:   7%|▋         | 36/500 [20:11 > 01:36]
L-BFGS:   7%|▋         | 37/500 [19:44 > 01:39]
L-BFGS:   8%|▊         | 38/500 [20:24 > 01:42]
L-BFGS:   8%|▊         | 39/500 [19:55 > 01:44]
L-BFGS:   8%|▊         | 40/500 [19:32 > 01:47]
L-BFGS:   8%|▊         | 41/500 [19:18 > 01:49]
L-BFGS:   8%|▊         | 42/500 [19:06 > 01:52]
L-BFGS:   9%|▊         | 43/500 [19:56 > 01:54]
L-BFGS:   9%|▉         | 44/500 [20:29 > 01:57]
L-BFGS:   9%|▉         | 45/500 [20:01 > 02:00]
L-BFGS:   9%|▉         | 46/500 [20:31 > 02:03]
L-BFGS:   9%|▉         | 47/500 [19:54 > 02:05]
L-BFGS:  10%|▉         | 48/500 [19:29 > 02:08]
L-BFGS:  10%|▉         | 49/500 [20:05 > 02:11]
L-BFGS:  10%|█         | 50/500 [20:29 > 02:13]
L-BFGS:  10%|█         | 51/500 [19:50 > 02:16]
L-BFGS:  10%|█         | 52/500 [20:16 > 02:19]
L-BFGS:  11%|█         | 53/500 [20:34 > 02:22]
L-BFGS:  11%|█         | 54/500 [20:44 > 02:24]
L-BFGS:  11%|█         | 55/500 [20:52 > 02:27]
L-BFGS:  11%|█         | 56/500 [20:56 > 02:30]
L-BFGS:  11%|█▏        | 57/500 [20:04 > 02:33]
L-BFGS:  12%|█▏        | 58/500 [20:21 > 02:36]
L-BFGS:  12%|█▏        | 59/500 [20:32 > 02:38]
L-BFGS:  12%|█▏        | 60/500 [20:37 > 02:41]
L-BFGS:  12%|█▏        | 61/500 [20:40 > 02:44]
L-BFGS:  12%|█▏        | 62/500 [20:42 > 02:47]
L-BFGS:  13%|█▎        | 63/500 [20:41 > 02:50]
L-BFGS:  13%|█▎        | 64/500 [19:49 > 02:52]
L-BFGS:  13%|█▎        | 65/500 [19:11 > 02:55]
L-BFGS:  13%|█▎        | 66/500 [18:44 > 02:57]
L-BFGS:  13%|█▎        | 67/500 [18:25 > 03:00]
L-BFGS:  14%|█▎        | 68/500 [19:02 > 03:03]
L-BFGS:  14%|█▍        | 69/500 [19:28 > 03:05]
L-BFGS:  14%|█▍        | 70/500 [18:53 > 03:08]
L-BFGS:  14%|█▍        | 71/500 [19:21 > 03:11]
L-BFGS:  14%|█▍        | 72/500 [18:46 > 03:13]
L-BFGS:  15%|█▍        | 73/500 [18:22 > 03:16]
L-BFGS:  15%|█▍        | 74/500 [18:52 > 03:19]
L-BFGS:  15%|█▌        | 75/500 [19:12 > 03:21]
L-BFGS:  15%|█▌        | 76/500 [18:33 > 03:24]
L-BFGS:  15%|█▌        | 77/500 [18:56 > 03:27]
L-BFGS:  16%|█▌        | 78/500 [18:20 > 03:29]
L-BFGS:  16%|█▌        | 79/500 [18:45 > 03:32]
L-BFGS:  16%|█▌        | 80/500 [19:03 > 03:35]
L-BFGS:  16%|█▌        | 81/500 [19:14 > 03:38]
L-BFGS:  16%|█▋        | 82/500 [19:20 > 03:40]
L-BFGS:  17%|█▋        | 83/500 [18:34 > 03:43]
L-BFGS:  17%|█▋        | 84/500 [18:01 > 03:45]
L-BFGS:  17%|█▋        | 85/500 [17:37 > 03:48]
L-BFGS:  17%|█▋        | 86/500 [17:23 > 03:50]
L-BFGS:  17%|█▋        | 87/500 [18:00 > 03:53]
L-BFGS:  18%|█▊        | 88/500 [17:34 > 03:55]
L-BFGS:  18%|█▊        | 89/500 [18:04 > 03:58]
L-BFGS:  18%|█▊        | 90/500 [17:35 > 04:01]
L-BFGS:  18%|█▊        | 91/500 [17:15 > 04:03]
L-BFGS:  18%|█▊        | 92/500 [17:48 > 04:06]
L-BFGS:  19%|█▊        | 93/500 [18:12 > 04:09]
L-BFGS:  19%|█▉        | 94/500 [18:29 > 04:12]
L-BFGS:  19%|█▉        | 95/500 [18:38 > 04:14]
L-BFGS:  19%|█▉        | 96/500 [17:54 > 04:17]
L-BFGS:  19%|█▉        | 97/500 [17:24 > 04:19]
L-BFGS:  20%|█▉        | 98/500 [17:50 > 04:22]
L-BFGS:  20%|█▉        | 99/500 [18:10 > 04:25]
L-BFGS:  20%|██        | 100/500 [18:20 > 04:28]
L-BFGS:  20%|██        | 101/500 [18:28 > 04:31]
L-BFGS:  20%|██        | 102/500 [17:44 > 04:33]
L-BFGS:  21%|██        | 103/500 [17:13 > 04:35]
L-BFGS:  21%|██        | 104/500 [16:50 > 04:38]
L-BFGS:  21%|██        | 105/500 [17:20 > 04:41]
L-BFGS:  21%|██        | 106/500 [17:41 > 04:44]
L-BFGS:  21%|██▏       | 107/500 [17:53 > 04:46]
L-BFGS:  22%|██▏       | 108/500 [17:15 > 04:49]
L-BFGS:  22%|██▏       | 109/500 [17:34 > 04:52]
L-BFGS:  22%|██▏       | 110/500 [17:47 > 04:54]
L-BFGS:  22%|██▏       | 111/500 [17:09 > 04:57]
L-BFGS:  22%|██▏       | 112/500 [16:41 > 04:59]
L-BFGS:  23%|██▎       | 113/500 [17:07 > 05:02]
L-BFGS:  23%|██▎       | 114/500 [17:27 > 05:05]
L-BFGS:  23%|██▎       | 115/500 [16:51 > 05:07]
L-BFGS:  23%|██▎       | 116/500 [16:25 > 05:10]
L-BFGS:  23%|██▎       | 117/500 [16:08 > 05:12]
L-BFGS:  24%|██▎       | 118/500 [15:55 > 05:15]
L-BFGS:  24%|██▍       | 119/500 [16:30 > 05:18]
L-BFGS:  24%|██▍       | 120/500 [16:53 > 05:20]
L-BFGS:  24%|██▍       | 121/500 [17:09 > 05:23]
L-BFGS:  24%|██▍       | 122/500 [17:18 > 05:26]
L-BFGS:  25%|██▍       | 123/500 [16:39 > 05:28]
L-BFGS:  25%|██▍       | 124/500 [16:11 > 05:31]
L-BFGS:  25%|██▌       | 125/500 [16:36 > 05:34]
L-BFGS:  25%|██▌       | 126/500 [16:52 > 05:37]
L-BFGS:  25%|██▌       | 127/500 [17:02 > 05:39]
L-BFGS:  26%|██▌       | 128/500 [17:09 > 05:42]
L-BFGS:  26%|██▌       | 129/500 [16:29 > 05:45]
L-BFGS:  26%|██▌       | 130/500 [16:47 > 05:47]
L-BFGS:  26%|██▌       | 131/500 [16:55 > 05:50]
L-BFGS:  26%|██▋       | 132/500 [17:01 > 05:53]
L-BFGS:  27%|██▋       | 133/500 [17:04 > 05:56]
L-BFGS:  27%|██▋       | 134/500 [17:05 > 05:59]
L-BFGS:  27%|██▋       | 135/500 [17:05 > 06:02]
L-BFGS:  27%|██▋       | 136/500 [16:23 > 06:04]
L-BFGS:  27%|██▋       | 137/500 [15:50 > 06:06]
L-BFGS:  28%|██▊       | 138/500 [15:28 > 06:09]
L-BFGS:  28%|██▊       | 139/500 [15:11 > 06:11]
L-BFGS:  28%|██▊       | 140/500 [15:43 > 06:14]
L-BFGS:  28%|██▊       | 141/500 [16:03 > 06:17]
L-BFGS:  28%|██▊       | 142/500 [16:21 > 06:20]
L-BFGS:  29%|██▊       | 143/500 [16:33 > 06:23]
L-BFGS:  29%|██▉       | 144/500 [16:39 > 06:26]
L-BFGS:  29%|██▉       | 145/500 [16:42 > 06:28]
L-BFGS:  29%|██▉       | 146/500 [16:43 > 06:31]
L-BFGS:  29%|██▉       | 147/500 [16:44 > 06:34]
L-BFGS:  30%|██▉       | 148/500 [16:44 > 06:37]
L-BFGS:  30%|██▉       | 149/500 [16:42 > 06:40]
L-BFGS:  30%|███       | 150/500 [15:58 > 06:42]
L-BFGS:  30%|███       | 151/500 [15:25 > 06:45]
L-BFGS:  30%|███       | 152/500 [15:03 > 06:47]
L-BFGS:  31%|███       | 153/500 [14:46 > 06:50]
L-BFGS:  31%|███       | 154/500 [15:17 > 06:53]
L-BFGS:  31%|███       | 155/500 [15:36 > 06:56]
L-BFGS:  31%|███       | 156/500 [15:49 > 06:58]
L-BFGS:  31%|███▏      | 157/500 [15:15 > 07:01]
L-BFGS:  32%|███▏      | 158/500 [15:32 > 07:04]
L-BFGS:  32%|███▏      | 159/500 [15:42 > 07:07]
L-BFGS:  32%|███▏      | 160/500 [15:08 > 07:09]
L-BFGS:  32%|███▏      | 161/500 [14:46 > 07:11]
L-BFGS:  32%|███▏      | 162/500 [15:08 > 07:14]
L-BFGS:  33%|███▎      | 163/500 [14:43 > 07:17]
L-BFGS:  33%|███▎      | 164/500 [15:06 > 07:20]
L-BFGS:  33%|███▎      | 165/500 [14:39 > 07:22]
L-BFGS:  33%|███▎      | 166/500 [15:00 > 07:25]
L-BFGS:  33%|███▎      | 167/500 [15:15 > 07:28]
L-BFGS:  34%|███▎      | 168/500 [15:24 > 07:31]
L-BFGS:  34%|███▍      | 169/500 [15:27 > 07:34]
L-BFGS:  34%|███▍      | 170/500 [15:31 > 07:36]
L-BFGS:  34%|███▍      | 171/500 [14:52 > 07:39]
L-BFGS:  34%|███▍      | 172/500 [15:04 > 07:42]
L-BFGS:  35%|███▍      | 173/500 [14:32 > 07:44]
L-BFGS:  35%|███▍      | 174/500 [14:09 > 07:47]
L-BFGS:  35%|███▌      | 175/500 [13:52 > 07:49]
L-BFGS:  35%|███▌      | 176/500 [14:19 > 07:52]
L-BFGS:  35%|███▌      | 177/500 [14:37 > 07:55]
L-BFGS:  36%|███▌      | 178/500 [14:47 > 07:58]
L-BFGS:  36%|███▌      | 179/500 [14:16 > 08:00]
L-BFGS:  36%|███▌      | 180/500 [14:33 > 08:03]
L-BFGS:  36%|███▌      | 181/500 [14:43 > 08:06]
L-BFGS:  36%|███▋      | 182/500 [14:11 > 08:08]
L-BFGS:  37%|███▋      | 183/500 [14:26 > 08:11]
L-BFGS:  37%|███▋      | 184/500 [13:56 > 08:14]
L-BFGS:  37%|███▋      | 185/500 [14:10 > 08:17]
L-BFGS:  37%|███▋      | 186/500 [13:42 > 08:19]
L-BFGS:  37%|███▋      | 187/500 [13:21 > 08:21]
L-BFGS:  38%|███▊      | 188/500 [13:06 > 08:24]
L-BFGS:  38%|███▊      | 189/500 [12:56 > 08:26]
L-BFGS:  38%|███▊      | 190/500 [12:48 > 08:29]
L-BFGS:  38%|███▊      | 191/500 [13:18 > 08:32]
L-BFGS:  38%|███▊      | 192/500 [13:38 > 08:34]
L-BFGS:  39%|███▊      | 193/500 [13:50 > 08:37]
L-BFGS:  39%|███▉      | 194/500 [13:22 > 08:40]
L-BFGS:  39%|███▉      | 195/500 [13:02 > 08:42]
L-BFGS:  39%|███▉      | 196/500 [13:23 > 08:45]
L-BFGS:  39%|███▉      | 197/500 [13:37 > 08:48]
L-BFGS:  40%|███▉      | 198/500 [13:10 > 08:50]
L-BFGS:  40%|███▉      | 199/500 [12:51 > 08:53]
L-BFGS:  40%|████      | 200/500 [12:37 > 08:55]
L-BFGS:  40%|████      | 201/500 [12:26 > 08:57]
L-BFGS:  40%|████      | 202/500 [12:18 > 09:00]
L-BFGS:  41%|████      | 203/500 [12:46 > 09:03]
L-BFGS:  41%|████      | 204/500 [13:06 > 09:06]
L-BFGS:  41%|████      | 205/500 [12:43 > 09:08]
L-BFGS:  41%|████      | 206/500 [13:01 > 09:11]
L-BFGS:  41%|████▏     | 207/500 [13:14 > 09:14]
L-BFGS:  42%|████▏     | 208/500 [12:47 > 09:16]
L-BFGS:  42%|████▏     | 209/500 [13:01 > 09:19]
L-BFGS:  42%|████▏     | 210/500 [13:11 > 09:22]
L-BFGS:  42%|████▏     | 211/500 [13:17 > 09:25]
L-BFGS:  42%|████▏     | 212/500 [12:45 > 09:27]
L-BFGS:  43%|████▎     | 213/500 [12:23 > 09:29]
L-BFGS:  43%|████▎     | 214/500 [12:08 > 09:32]
L-BFGS:  43%|████▎     | 215/500 [12:30 > 09:35]
L-BFGS:  43%|████▎     | 216/500 [12:45 > 09:37]
L-BFGS:  43%|████▎     | 217/500 [12:20 > 09:40]
L-BFGS:  44%|████▎     | 218/500 [12:02 > 09:42]
L-BFGS:  44%|████▍     | 219/500 [12:23 > 09:45]
L-BFGS:  44%|████▍     | 220/500 [12:01 > 09:48]
L-BFGS:  44%|████▍     | 221/500 [12:20 > 09:50]
L-BFGS:  44%|████▍     | 222/500 [12:31 > 09:53]
L-BFGS:  45%|████▍     | 223/500 [12:06 > 09:56]
L-BFGS:  45%|████▍     | 224/500 [11:48 > 09:58]
L-BFGS:  45%|████▌     | 225/500 [12:07 > 10:01]
L-BFGS:  45%|████▌     | 226/500 [11:47 > 10:03]
L-BFGS:  45%|████▌     | 227/500 [12:04 > 10:06]
L-BFGS:  46%|████▌     | 228/500 [12:15 > 10:09]
L-BFGS:  46%|████▌     | 229/500 [11:50 > 10:11]
L-BFGS:  46%|████▌     | 230/500 [12:04 > 10:14]
L-BFGS:  46%|████▌     | 231/500 [11:41 > 10:17]
L-BFGS:  46%|████▋     | 232/500 [11:56 > 10:20]
L-BFGS:  47%|████▋     | 233/500 [12:05 > 10:22]
L-BFGS:  47%|████▋     | 234/500 [11:39 > 10:25]
L-BFGS:  47%|████▋     | 235/500 [11:20 > 10:27]
L-BFGS:  47%|████▋     | 236/500 [11:07 > 10:30]
L-BFGS:  47%|████▋     | 237/500 [10:59 > 10:32]
L-BFGS:  48%|████▊     | 238/500 [10:53 > 10:35]
L-BFGS:  48%|████▊     | 239/500 [11:17 > 10:37]
L-BFGS:  48%|████▊     | 240/500 [11:02 > 10:40]
L-BFGS:  48%|████▊     | 241/500 [11:21 > 10:43]
L-BFGS:  48%|████▊     | 242/500 [11:34 > 10:46]
L-BFGS:  49%|████▊     | 243/500 [11:42 > 10:48]
L-BFGS:  49%|████▉     | 244/500 [11:46 > 10:51]
L-BFGS:  49%|████▉     | 245/500 [11:18 > 10:54]
L-BFGS:  49%|████▉     | 246/500 [10:57 > 10:56]
L-BFGS:  49%|████▉     | 247/500 [10:42 > 10:58]
L-BFGS:  50%|████▉     | 248/500 [11:01 > 11:01]
L-BFGS:  50%|████▉     | 249/500 [11:14 > 11:04]
L-BFGS:  50%|█████     | 250/500 [11:24 > 11:07]
L-BFGS:  50%|█████     | 251/500 [10:58 > 11:09]
L-BFGS:  50%|█████     | 252/500 [11:09 > 11:12]
L-BFGS:  51%|█████     | 253/500 [11:15 > 11:15]
L-BFGS:  51%|█████     | 254/500 [10:50 > 11:17]
L-BFGS:  51%|█████     | 255/500 [10:35 > 11:20]
L-BFGS:  51%|█████     | 256/500 [10:53 > 11:23]
L-BFGS:  51%|█████▏    | 257/500 [10:34 > 11:25]
L-BFGS:  52%|█████▏    | 258/500 [10:51 > 11:28]
L-BFGS:  52%|█████▏    | 259/500 [10:31 > 11:31]
L-BFGS:  52%|█████▏    | 260/500 [10:47 > 11:33]
L-BFGS:  52%|█████▏    | 261/500 [10:55 > 11:36]
L-BFGS:  52%|█████▏    | 262/500 [10:33 > 11:39]
L-BFGS:  53%|█████▎    | 263/500 [10:16 > 11:41]
L-BFGS:  53%|█████▎    | 264/500 [10:32 > 11:44]
L-BFGS:  53%|█████▎    | 265/500 [10:14 > 11:47]
L-BFGS:  53%|█████▎    | 266/500 [10:00 > 11:49]
L-BFGS:  53%|█████▎    | 267/500 [09:52 > 11:52]
L-BFGS:  54%|█████▎    | 268/500 [09:45 > 11:54]
L-BFGS:  54%|█████▍    | 269/500 [09:39 > 11:56]
L-BFGS:  54%|█████▍    | 270/500 [10:02 > 11:59]
L-BFGS:  54%|█████▍    | 271/500 [10:24 > 12:02]
L-BFGS:  54%|█████▍    | 272/500 [10:13 > 12:05]
L-BFGS:  55%|█████▍    | 273/500 [10:00 > 12:08]
L-BFGS:  55%|█████▍    | 274/500 [09:46 > 12:10]
L-BFGS:  55%|█████▌    | 275/500 [09:34 > 12:12]
L-BFGS:  55%|█████▌    | 276/500 [09:54 > 12:15]
L-BFGS:  55%|█████▌    | 277/500 [10:07 > 12:18]
L-BFGS:  56%|█████▌    | 278/500 [10:16 > 12:21]
L-BFGS:  56%|█████▌    | 279/500 [09:53 > 12:24]
L-BFGS:  56%|█████▌    | 280/500 [10:04 > 12:26]
L-BFGS:  56%|█████▌    | 281/500 [10:10 > 12:29]
L-BFGS:  56%|█████▋    | 282/500 [09:47 > 12:32]
L-BFGS:  57%|█████▋    | 283/500 [09:57 > 12:35]
L-BFGS:  57%|█████▋    | 284/500 [10:02 > 12:38]
L-BFGS:  57%|█████▋    | 285/500 [10:04 > 12:40]
L-BFGS:  57%|█████▋    | 286/500 [09:40 > 12:43]
L-BFGS:  57%|█████▋    | 287/500 [09:22 > 12:45]
L-BFGS:  58%|█████▊    | 288/500 [09:34 > 12:48]
L-BFGS:  58%|█████▊    | 289/500 [09:42 > 12:51]
L-BFGS:  58%|█████▊    | 290/500 [09:48 > 12:54]
L-BFGS:  58%|█████▊    | 291/500 [09:50 > 12:57]
L-BFGS:  58%|█████▊    | 292/500 [09:52 > 13:00]
L-BFGS:  59%|█████▊    | 293/500 [09:51 > 13:03]
L-BFGS:  59%|█████▉    | 294/500 [09:49 > 13:06]
L-BFGS:  59%|█████▉    | 295/500 [09:47 > 13:08]
L-BFGS:  59%|█████▉    | 296/500 [09:22 > 13:11]
L-BFGS:  59%|█████▉    | 297/500 [09:00 > 13:13]
L-BFGS:  60%|█████▉    | 298/500 [08:44 > 13:16]
L-BFGS:  60%|█████▉    | 299/500 [08:33 > 13:18]
L-BFGS:  60%|██████    | 300/500 [08:47 > 13:21]
L-BFGS:  60%|██████    | 301/500 [08:56 > 13:24]
L-BFGS:  60%|██████    | 302/500 [08:38 > 13:26]
L-BFGS:  61%|██████    | 303/500 [08:25 > 13:29]
L-BFGS:  61%|██████    | 304/500 [08:15 > 13:31]
L-BFGS:  61%|██████    | 305/500 [08:30 > 13:34]
L-BFGS:  61%|██████    | 306/500 [08:17 > 13:37]
L-BFGS:  61%|██████▏   | 307/500 [08:08 > 13:39]
L-BFGS:  62%|██████▏   | 308/500 [08:02 > 13:41]
L-BFGS:  62%|██████▏   | 309/500 [07:55 > 13:44]
L-BFGS:  62%|██████▏   | 310/500 [07:50 > 13:46]
L-BFGS:  62%|██████▏   | 311/500 [07:45 > 13:49]
L-BFGS:  62%|██████▏   | 312/500 [07:42 > 13:51]
L-BFGS:  63%|██████▎   | 313/500 [08:01 > 13:54]
L-BFGS:  63%|██████▎   | 314/500 [08:14 > 13:57]
L-BFGS:  63%|██████▎   | 315/500 [08:21 > 14:00]
L-BFGS:  63%|██████▎   | 316/500 [08:04 > 14:02]
L-BFGS:  63%|██████▎   | 317/500 [08:12 > 14:05]
L-BFGS:  64%|██████▎   | 318/500 [08:17 > 14:08]
L-BFGS:  64%|██████▍   | 319/500 [08:21 > 14:11]
L-BFGS:  64%|██████▍   | 320/500 [08:02 > 14:13]
L-BFGS:  64%|██████▍   | 321/500 [07:46 > 14:16]
L-BFGS:  64%|██████▍   | 322/500 [07:56 > 14:19]
L-BFGS:  65%|██████▍   | 323/500 [07:41 > 14:21]
L-BFGS:  65%|██████▍   | 324/500 [07:52 > 14:24]
L-BFGS:  65%|██████▌   | 325/500 [07:36 > 14:26]
L-BFGS:  65%|██████▌   | 326/500 [07:46 > 14:29]
L-BFGS:  65%|██████▌   | 327/500 [07:31 > 14:32]
L-BFGS:  66%|██████▌   | 328/500 [07:19 > 14:34]
L-BFGS:  66%|██████▌   | 329/500 [07:11 > 14:36]
L-BFGS:  66%|██████▌   | 330/500 [07:05 > 14:39]
L-BFGS:  66%|██████▌   | 331/500 [07:19 > 14:42]
L-BFGS:  66%|██████▋   | 332/500 [07:30 > 14:45]
L-BFGS:  67%|██████▋   | 333/500 [07:35 > 14:47]
L-BFGS:  67%|██████▋   | 334/500 [07:38 > 14:50]
L-BFGS:  67%|██████▋   | 335/500 [07:39 > 14:53]
L-BFGS:  67%|██████▋   | 336/500 [07:19 > 14:56]
L-BFGS:  67%|██████▋   | 337/500 [07:25 > 14:58]
L-BFGS:  68%|██████▊   | 338/500 [07:08 > 15:01]
L-BFGS:  68%|██████▊   | 339/500 [07:15 > 15:04]
L-BFGS:  68%|██████▊   | 340/500 [07:19 > 15:07]
L-BFGS:  68%|██████▊   | 341/500 [07:21 > 15:09]
L-BFGS:  68%|██████▊   | 342/500 [07:02 > 15:12]
L-BFGS:  69%|██████▊   | 343/500 [06:49 > 15:14]
L-BFGS:  69%|██████▉   | 344/500 [06:38 > 15:17]
L-BFGS:  69%|██████▉   | 345/500 [06:30 > 15:19]
L-BFGS:  69%|██████▉   | 346/500 [06:24 > 15:22]
L-BFGS:  69%|██████▉   | 347/500 [06:19 > 15:24]
L-BFGS:  70%|██████▉   | 348/500 [06:15 > 15:26]
L-BFGS:  70%|██████▉   | 349/500 [06:12 > 15:29]
L-BFGS:  70%|███████   | 350/500 [06:26 > 15:32]
L-BFGS:  70%|███████   | 351/500 [06:17 > 15:34]
L-BFGS:  70%|███████   | 352/500 [06:10 > 15:37]
L-BFGS:  71%|███████   | 353/500 [06:23 > 15:39]
L-BFGS:  71%|███████   | 354/500 [06:13 > 15:42]
L-BFGS:  71%|███████   | 355/500 [06:22 > 15:45]
L-BFGS:  71%|███████   | 356/500 [06:28 > 15:48]
L-BFGS:  71%|███████▏  | 357/500 [06:13 > 15:50]
L-BFGS:  72%|███████▏  | 358/500 [06:03 > 15:52]
L-BFGS:  72%|███████▏  | 359/500 [05:55 > 15:55]
L-BFGS:  72%|███████▏  | 360/500 [05:48 > 15:57]
L-BFGS:  72%|███████▏  | 361/500 [06:00 > 16:00]
L-BFGS:  72%|███████▏  | 362/500 [06:07 > 16:03]
L-BFGS:  73%|███████▎  | 363/500 [05:55 > 16:05]
L-BFGS:  73%|███████▎  | 364/500 [05:46 > 16:08]
L-BFGS:  73%|███████▎  | 365/500 [05:39 > 16:10]
L-BFGS:  73%|███████▎  | 366/500 [05:50 > 16:13]
L-BFGS:  73%|███████▎  | 367/500 [05:40 > 16:16]
L-BFGS:  74%|███████▎  | 368/500 [05:32 > 16:18]
L-BFGS:  74%|███████▍  | 369/500 [05:43 > 16:21]
L-BFGS:  74%|███████▍  | 370/500 [05:50 > 16:24]
L-BFGS:  74%|███████▍  | 371/500 [05:39 > 16:26]
L-BFGS:  74%|███████▍  | 372/500 [05:45 > 16:29]
L-BFGS:  75%|███████▍  | 373/500 [05:49 > 16:32]
L-BFGS:  75%|███████▍  | 374/500 [05:51 > 16:35]
L-BFGS:  75%|███████▌  | 375/500 [05:36 > 16:37]
L-BFGS:  75%|███████▌  | 376/500 [05:40 > 16:40]
L-BFGS:  75%|███████▌  | 377/500 [05:42 > 16:43]
L-BFGS:  76%|███████▌  | 378/500 [05:27 > 16:45]
L-BFGS:  76%|███████▌  | 379/500 [05:16 > 16:48]
L-BFGS:  76%|███████▌  | 380/500 [05:08 > 16:50]
L-BFGS:  76%|███████▌  | 381/500 [05:16 > 16:53]
L-BFGS:  76%|███████▋  | 382/500 [05:21 > 16:56]
L-BFGS:  77%|███████▋  | 383/500 [05:09 > 16:59]
L-BFGS:  77%|███████▋  | 384/500 [05:14 > 17:01]
L-BFGS:  77%|███████▋  | 385/500 [05:17 > 17:04]
L-BFGS:  77%|███████▋  | 386/500 [05:04 > 17:07]
L-BFGS:  77%|███████▋  | 387/500 [05:08 > 17:10]
L-BFGS:  78%|███████▊  | 388/500 [04:56 > 17:12]
L-BFGS:  78%|███████▊  | 389/500 [04:47 > 17:15]
L-BFGS:  78%|███████▊  | 390/500 [04:40 > 17:17]
L-BFGS:  78%|███████▊  | 391/500 [04:48 > 17:20]
L-BFGS:  78%|███████▊  | 392/500 [04:53 > 17:23]
L-BFGS:  79%|███████▊  | 393/500 [04:42 > 17:25]
L-BFGS:  79%|███████▉  | 394/500 [04:34 > 17:28]
L-BFGS:  79%|███████▉  | 395/500 [04:27 > 17:30]
L-BFGS:  79%|███████▉  | 396/500 [04:22 > 17:33]
L-BFGS:  79%|███████▉  | 397/500 [04:17 > 17:35]
L-BFGS:  80%|███████▉  | 398/500 [04:13 > 17:37]
L-BFGS:  80%|███████▉  | 399/500 [04:22 > 17:40]
L-BFGS:  80%|████████  | 400/500 [04:27 > 17:43]
L-BFGS:  80%|████████  | 401/500 [04:18 > 17:46]
L-BFGS:  80%|████████  | 402/500 [04:23 > 17:49]
L-BFGS:  81%|████████  | 403/500 [04:25 > 17:51]
L-BFGS:  81%|████████  | 404/500 [04:27 > 17:54]
L-BFGS:  81%|████████  | 405/500 [04:14 > 17:57]
L-BFGS:  81%|████████  | 406/500 [04:17 > 18:00]
L-BFGS:  81%|████████▏ | 407/500 [04:06 > 18:02]
L-BFGS:  82%|████████▏ | 408/500 [04:09 > 18:05]
L-BFGS:  82%|████████▏ | 409/500 [04:00 > 18:07]
L-BFGS:  82%|████████▏ | 410/500 [04:03 > 18:10]
L-BFGS:  82%|████████▏ | 411/500 [04:04 > 18:13]
L-BFGS:  82%|████████▏ | 412/500 [04:04 > 18:16]
L-BFGS:  83%|████████▎ | 413/500 [03:52 > 18:18]
L-BFGS:  83%|████████▎ | 414/500 [03:43 > 18:21]
L-BFGS:  83%|████████▎ | 415/500 [03:46 > 18:24]
L-BFGS:  83%|████████▎ | 416/500 [03:38 > 18:26]
L-BFGS:  83%|████████▎ | 417/500 [03:41 > 18:29]
L-BFGS:  84%|████████▎ | 418/500 [03:32 > 18:31]
L-BFGS:  84%|████████▍ | 419/500 [03:26 > 18:34]
L-BFGS:  84%|████████▍ | 420/500 [03:20 > 18:36]
L-BFGS:  84%|████████▍ | 421/500 [03:26 > 18:39]
L-BFGS:  84%|████████▍ | 422/500 [03:19 > 18:41]
L-BFGS:  85%|████████▍ | 423/500 [03:23 > 18:44]
L-BFGS:  85%|████████▍ | 424/500 [03:24 > 18:47]
L-BFGS:  85%|████████▌ | 425/500 [03:16 > 18:50]
L-BFGS:  85%|████████▌ | 426/500 [03:18 > 18:52]
L-BFGS:  85%|████████▌ | 427/500 [03:10 > 18:55]
L-BFGS:  86%|████████▌ | 428/500 [03:12 > 18:58]
L-BFGS:  86%|████████▌ | 429/500 [03:04 > 19:00]
L-BFGS:  86%|████████▌ | 430/500 [02:58 > 19:02]
L-BFGS:  86%|████████▌ | 431/500 [03:02 > 19:05]
L-BFGS:  86%|████████▋ | 432/500 [02:55 > 19:08]
L-BFGS:  87%|████████▋ | 433/500 [02:49 > 19:10]
L-BFGS:  87%|████████▋ | 434/500 [02:53 > 19:13]
L-BFGS:  87%|████████▋ | 435/500 [02:46 > 19:15]
L-BFGS:  87%|████████▋ | 436/500 [02:41 > 19:18]
L-BFGS:  87%|████████▋ | 437/500 [02:44 > 19:21]
L-BFGS:  88%|████████▊ | 438/500 [02:39 > 19:23]
L-BFGS:  88%|████████▊ | 439/500 [02:34 > 19:26]
L-BFGS:  88%|████████▊ | 440/500 [02:36 > 19:28]
L-BFGS:  88%|████████▊ | 441/500 [02:38 > 19:31]
L-BFGS:  88%|████████▊ | 442/500 [02:37 > 19:34]
L-BFGS:  89%|████████▊ | 443/500 [02:30 > 19:36]
L-BFGS:  89%|████████▉ | 444/500 [02:24 > 19:39]
L-BFGS:  89%|████████▉ | 445/500 [02:19 > 19:41]
L-BFGS:  89%|████████▉ | 446/500 [02:21 > 19:44]
L-BFGS:  89%|████████▉ | 447/500 [02:22 > 19:47]
L-BFGS:  90%|████████▉ | 448/500 [02:21 > 19:50]
L-BFGS:  90%|████████▉ | 449/500 [02:20 > 19:53]
L-BFGS:  90%|█████████ | 450/500 [02:12 > 19:55]
L-BFGS:  90%|█████████ | 451/500 [02:12 > 19:58]
L-BFGS:  90%|█████████ | 452/500 [02:05 > 20:00]
L-BFGS:  91%|█████████ | 453/500 [02:00 > 20:03]
L-BFGS:  91%|█████████ | 454/500 [02:01 > 20:06]
L-BFGS:  91%|█████████ | 455/500 [02:01 > 20:08]
L-BFGS:  91%|█████████ | 456/500 [02:00 > 20:11]
L-BFGS:  91%|█████████▏| 457/500 [01:53 > 20:14]
L-BFGS:  92%|█████████▏| 458/500 [01:48 > 20:16]
L-BFGS:  92%|█████████▏| 459/500 [01:48 > 20:19]
L-BFGS:  92%|█████████▏| 460/500 [01:48 > 20:22]
L-BFGS:  92%|█████████▏| 461/500 [01:42 > 20:24]
L-BFGS:  92%|█████████▏| 462/500 [01:37 > 20:27]
L-BFGS:  93%|█████████▎| 463/500 [01:33 > 20:29]
L-BFGS:  93%|█████████▎| 464/500 [01:30 > 20:32]
L-BFGS:  93%|█████████▎| 465/500 [01:26 > 20:34]
L-BFGS:  93%|█████████▎| 466/500 [01:23 > 20:36]
L-BFGS:  93%|█████████▎| 467/500 [01:20 > 20:39]
L-BFGS:  94%|█████████▎| 468/500 [01:22 > 20:42]
L-BFGS:  94%|█████████▍| 469/500 [01:18 > 20:44]
L-BFGS:  94%|█████████▍| 470/500 [01:18 > 20:47]
L-BFGS:  94%|█████████▍| 471/500 [01:14 > 20:49]
L-BFGS:  94%|█████████▍| 472/500 [01:13 > 20:52]
L-BFGS:  95%|█████████▍| 473/500 [01:09 > 20:55]
L-BFGS:  95%|█████████▍| 474/500 [01:05 > 20:57]
L-BFGS:  95%|█████████▌| 475/500 [01:02 > 20:59]
L-BFGS:  95%|█████████▌| 476/500 [00:59 > 21:02]
L-BFGS:  95%|█████████▌| 477/500 [00:59 > 21:05]
L-BFGS:  96%|█████████▌| 478/500 [00:58 > 21:08]
L-BFGS:  96%|█████████▌| 479/500 [00:54 > 21:10]
L-BFGS:  96%|█████████▌| 480/500 [00:50 > 21:12]
L-BFGS:  96%|█████████▌| 481/500 [00:49 > 21:15]
L-BFGS:  96%|█████████▋| 482/500 [00:48 > 21:18]
L-BFGS:  97%|█████████▋| 483/500 [00:44 > 21:21]
L-BFGS:  97%|█████████▋| 484/500 [00:43 > 21:23]
L-BFGS:  97%|█████████▋| 485/500 [00:39 > 21:26]
L-BFGS:  97%|█████████▋| 486/500 [00:36 > 21:28]
L-BFGS:  97%|█████████▋| 487/500 [00:33 > 21:31]
L-BFGS:  98%|█████████▊| 488/500 [00:30 > 21:33]
L-BFGS:  98%|█████████▊| 489/500 [00:27 > 21:36]
L-BFGS:  98%|█████████▊| 490/500 [00:26 > 21:39]
L-BFGS:  98%|█████████▊| 491/500 [00:24 > 21:41]
L-BFGS:  98%|█████████▊| 492/500 [00:21 > 21:44]
L-BFGS:  99%|█████████▊| 493/500 [00:19 > 21:47]
L-BFGS:  99%|█████████▉| 494/500 [00:16 > 21:50]
L-BFGS:  99%|█████████▉| 495/500 [00:13 > 21:53]
L-BFGS:  99%|█████████▉| 496/500 [00:11 > 21:55]
L-BFGS:  99%|█████████▉| 497/500 [00:08 > 21:58]
L-BFGS: 100%|█████████▉| 498/500 [00:05 > 22:01]
L-BFGS: 100%|█████████▉| 499/500 [00:02 > 22:04]
L-BFGS: 100%|██████████| 500/500 [00:00 > 22:07]
L-BFGS: 100%|██████████| 500/500 [00:00 > 22:07]
Training saved: C:\Ali Computation\pinn\code\heterogeneous\pino_heterogeneous\results\exp_Sa_piecewise_K100_N100_z4_min10pct_w64_float64_lbfgs500_maxiter5\pino_heterogeneous_concentration.png C:\Ali Computation\pinn\code\heterogeneous\pino_heterogeneous\results\exp_Sa_piecewise_K100_N100_z4_min10pct_w64_float64_lbfgs500_maxiter5\pino_heterogeneous_loss.png C:\Ali Computation\pinn\code\heterogeneous\pino_heterogeneous\results\exp_Sa_piecewise_K100_N100_z4_min10pct_w64_float64_lbfgs500_maxiter5\pino_heterogeneous_model.pt
COMSOL validation: 81 media -> C:\Ali Computation\pinn\code\heterogeneous\pino_heterogeneous\results\exp_Sa_piecewise_K100_N100_z4_min10pct_w64_float64_lbfgs500_maxiter5\comsol_validation  (x* collocation n=86)

COMSOL vs PINO:   0%|          | 0/81 [00:00<?, ?it/s]
COMSOL vs PINO:   1%|          | 1/81 [00:01<01:23,  1.04s/it]
COMSOL vs PINO:   2%|▏         | 2/81 [00:02<01:22,  1.04s/it]
COMSOL vs PINO:   4%|▎         | 3/81 [00:03<01:21,  1.05s/it]
COMSOL vs PINO:   5%|▍         | 4/81 [00:04<01:21,  1.05s/it]
COMSOL vs PINO:   6%|▌         | 5/81 [00:05<01:25,  1.13s/it]
COMSOL vs PINO:   7%|▋         | 6/81 [00:06<01:23,  1.11s/it]
COMSOL vs PINO:   9%|▊         | 7/81 [00:07<01:20,  1.09s/it]
COMSOL vs PINO:  10%|▉         | 8/81 [00:08<01:18,  1.07s/it]
COMSOL vs PINO:  11%|█         | 9/81 [00:09<01:16,  1.06s/it]
COMSOL vs PINO:  12%|█▏        | 10/81 [00:10<01:15,  1.06s/it]
COMSOL vs PINO:  14%|█▎        | 11/81 [00:11<01:13,  1.06s/it]
COMSOL vs PINO:  15%|█▍        | 12/81 [00:12<01:12,  1.05s/it]
COMSOL vs PINO:  16%|█▌        | 13/81 [00:13<01:11,  1.06s/it]
COMSOL vs PINO:  17%|█▋        | 14/81 [00:14<01:10,  1.05s/it]
COMSOL vs PINO:  19%|█▊        | 15/81 [00:15<01:09,  1.05s/it]
COMSOL vs PINO:  20%|█▉        | 16/81 [00:16<01:08,  1.05s/it]
COMSOL vs PINO:  21%|██        | 17/81 [00:18<01:06,  1.05s/it]
COMSOL vs PINO:  22%|██▏       | 18/81 [00:19<01:05,  1.04s/it]
COMSOL vs PINO:  23%|██▎       | 19/81 [00:20<01:04,  1.05s/it]
COMSOL vs PINO:  25%|██▍       | 20/81 [00:21<01:10,  1.15s/it]
COMSOL vs PINO:  26%|██▌       | 21/81 [00:22<01:07,  1.12s/it]
COMSOL vs PINO:  27%|██▋       | 22/81 [00:23<01:04,  1.10s/it]
COMSOL vs PINO:  28%|██▊       | 23/81 [00:24<01:02,  1.09s/it]
COMSOL vs PINO:  30%|██▉       | 24/81 [00:25<01:01,  1.08s/it]
COMSOL vs PINO:  31%|███       | 25/81 [00:26<01:00,  1.07s/it]
COMSOL vs PINO:  32%|███▏      | 26/81 [00:27<00:58,  1.07s/it]
COMSOL vs PINO:  33%|███▎      | 27/81 [00:28<00:57,  1.06s/it]
COMSOL vs PINO:  35%|███▍      | 28/81 [00:29<00:55,  1.05s/it]
COMSOL vs PINO:  36%|███▌      | 29/81 [00:30<00:54,  1.05s/it]
COMSOL vs PINO:  37%|███▋      | 30/81 [00:32<00:53,  1.05s/it]
COMSOL vs PINO:  38%|███▊      | 31/81 [00:33<00:52,  1.05s/it]
COMSOL vs PINO:  40%|███▉      | 32/81 [00:34<00:51,  1.05s/it]
COMSOL vs PINO:  41%|████      | 33/81 [00:35<00:54,  1.14s/it]
COMSOL vs PINO:  42%|████▏     | 34/81 [00:36<00:52,  1.11s/it]
COMSOL vs PINO:  43%|████▎     | 35/81 [00:37<00:50,  1.10s/it]
COMSOL vs PINO:  44%|████▍     | 36/81 [00:38<00:48,  1.08s/it]
COMSOL vs PINO:  46%|████▌     | 37/81 [00:39<00:47,  1.07s/it]
COMSOL vs PINO:  47%|████▋     | 38/81 [00:40<00:45,  1.06s/it]
COMSOL vs PINO:  48%|████▊     | 39/81 [00:41<00:44,  1.06s/it]
COMSOL vs PINO:  49%|████▉     | 40/81 [00:42<00:43,  1.06s/it]
COMSOL vs PINO:  51%|█████     | 41/81 [00:43<00:42,  1.05s/it]
COMSOL vs PINO:  52%|█████▏    | 42/81 [00:44<00:41,  1.05s/it]
COMSOL vs PINO:  53%|█████▎    | 43/81 [00:45<00:40,  1.05s/it]
COMSOL vs PINO:  54%|█████▍    | 44/81 [00:47<00:38,  1.05s/it]
COMSOL vs PINO:  56%|█████▌    | 45/81 [00:48<00:37,  1.05s/it]
COMSOL vs PINO:  57%|█████▋    | 46/81 [00:49<00:36,  1.05s/it]
COMSOL vs PINO:  58%|█████▊    | 47/81 [00:50<00:35,  1.06s/it]
COMSOL vs PINO:  59%|█████▉    | 48/81 [00:51<00:37,  1.15s/it]
COMSOL vs PINO:  60%|██████    | 49/81 [00:52<00:36,  1.13s/it]
COMSOL vs PINO:  62%|██████▏   | 50/81 [00:53<00:34,  1.11s/it]
COMSOL vs PINO:  63%|██████▎   | 51/81 [00:54<00:32,  1.10s/it]
COMSOL vs PINO:  64%|██████▍   | 52/81 [00:55<00:31,  1.09s/it]
COMSOL vs PINO:  65%|██████▌   | 53/81 [00:56<00:30,  1.08s/it]
COMSOL vs PINO:  67%|██████▋   | 54/81 [00:57<00:29,  1.08s/it]
COMSOL vs PINO:  68%|██████▊   | 55/81 [00:59<00:27,  1.07s/it]
COMSOL vs PINO:  69%|██████▉   | 56/81 [01:00<00:26,  1.07s/it]
COMSOL vs PINO:  70%|███████   | 57/81 [01:01<00:25,  1.06s/it]
COMSOL vs PINO:  72%|███████▏  | 58/81 [01:02<00:24,  1.06s/it]
COMSOL vs PINO:  73%|███████▎  | 59/81 [01:03<00:23,  1.06s/it]
COMSOL vs PINO:  74%|███████▍  | 60/81 [01:04<00:22,  1.06s/it]
COMSOL vs PINO:  75%|███████▌  | 61/81 [01:05<00:21,  1.06s/it]
COMSOL vs PINO:  77%|███████▋  | 62/81 [01:06<00:20,  1.07s/it]
COMSOL vs PINO:  78%|███████▊  | 63/81 [01:07<00:21,  1.18s/it]
COMSOL vs PINO:  79%|███████▉  | 64/81 [01:08<00:19,  1.15s/it]
COMSOL vs PINO:  80%|████████  | 65/81 [01:10<00:18,  1.13s/it]
COMSOL vs PINO:  81%|████████▏ | 66/81 [01:11<00:16,  1.12s/it]
COMSOL vs PINO:  83%|████████▎ | 67/81 [01:12<00:15,  1.12s/it]
COMSOL vs PINO:  84%|████████▍ | 68/81 [01:13<00:14,  1.12s/it]
COMSOL vs PINO:  85%|████████▌ | 69/81 [01:14<00:13,  1.11s/it]
COMSOL vs PINO:  86%|████████▋ | 70/81 [01:15<00:12,  1.10s/it]
COMSOL vs PINO:  88%|████████▊ | 71/81 [01:16<00:10,  1.10s/it]
COMSOL vs PINO:  89%|████████▉ | 72/81 [01:17<00:09,  1.09s/it]
COMSOL vs PINO:  90%|█████████ | 73/81 [01:18<00:08,  1.09s/it]
COMSOL vs PINO:  91%|█████████▏| 74/81 [01:19<00:07,  1.09s/it]
COMSOL vs PINO:  93%|█████████▎| 75/81 [01:21<00:06,  1.09s/it]
COMSOL vs PINO:  94%|█████████▍| 76/81 [01:22<00:05,  1.19s/it]
COMSOL vs PINO:  95%|█████████▌| 77/81 [01:23<00:04,  1.16s/it]
COMSOL vs PINO:  96%|█████████▋| 78/81 [01:24<00:03,  1.14s/it]
COMSOL vs PINO:  98%|█████████▊| 79/81 [01:25<00:02,  1.12s/it]
COMSOL vs PINO:  99%|█████████▉| 80/81 [01:26<00:01,  1.11s/it]
COMSOL vs PINO: 100%|██████████| 81/81 [01:27<00:00,  1.10s/it]
COMSOL vs PINO: 100%|██████████| 81/81 [01:27<00:00,  1.08s/it]
COMSOL validation summary: n=81  mean=7.013401e-02  max=1.636419e-01  min=2.578358e-02
Wrote C:\Ali Computation\pinn\code\heterogeneous\pino_heterogeneous\results\exp_Sa_piecewise_K100_N100_z4_min10pct_w64_float64_lbfgs500_maxiter5\comsol_validation\comsol_validation_summary.csv
Run metadata: C:\Ali Computation\pinn\code\heterogeneous\pino_heterogeneous\results\exp_Sa_piecewise_K100_N100_z4_min10pct_w64_float64_lbfgs500_maxiter5\run_meta.json
Wall-clock train: 1328.5 s
Wall-clock validation: 87.9 s
Wall-clock total: 1424.1 s  device=cuda

# exit 0 after 0:23:48.388132
