# code/heterogeneous/pino_heterogeneous/pinn1d_heterogeneous_parametric_neural_operator.py --design grf --n-sensors 100 --n-grf 0 --n-piecewise-per-zones 100 --piecewise-zone-counts 4 --min-zone-frac 0.1 --arch w64 --dtype float64 --early-stop-patience 150 --lr-lbfgs 0.1 --lbfgs-max-iter 20 --epochs 500 --out-dir results/exp_Sb_piecewise_K100_N100_z4_min10pct_w64_float64_lbfgs500_maxiter20
# started 2026-06-24 12:13:52
# cwd C:\Ali Computation\pinn\code\heterogeneous\pino_heterogeneous

Using GPU: NVIDIA GeForce RTX 3090 (cuda:0, dtype=torch.float64)
PE (computed) = 0.010368
design=grf  media_mode=grf  n_train_requested=100  n_corner_anchors=16  arch=w64  batch_mode=True
branch=[100, 64, 64, 64]  trunk=[2, 64, 64, 64, 64]
results_dir=C:\Ali Computation\pinn\code\heterogeneous\pino_heterogeneous\results\exp_Sb_piecewise_K100_N100_z4_min10pct_w64_float64_lbfgs500_maxiter20
Training: 100 piecewise (100 each for zones [4]), min_zone_frac=0.1 = 100 total; K=100 uniform sensors, grid_n=201
  saved/loaded: C:\Ali Computation\pinn\code\heterogeneous\pino_heterogeneous\results\exp_Sb_piecewise_K100_N100_z4_min10pct_w64_float64_lbfgs500_maxiter20\train_grf_cases.npz
  branch CFL range [0.120517, 0.599951]
PDE mesh: bulk 50x50x100 (no interface bands in GRF mode)
COMSOL validation: 81 fixed grid cases from comsol_4zones.txt -> C:\Ali Computation\pinn\code\heterogeneous\pino_heterogeneous\results\exp_Sb_piecewise_K100_N100_z4_min10pct_w64_float64_lbfgs500_maxiter20\comsol_validation
run_training=True  run_comsol_validation=True  validate_only=False  skip_validation_plots=False
L-BFGS early stopping: patience=150 (max steps=500)
L-BFGS: lr=0.1  max_iter=20  outer_steps=500
PDE collocation points: 250,000 (bulk 250,000, interface 0)
Collocation mesh plot (pre-train): C:\Ali Computation\pinn\code\heterogeneous\pino_heterogeneous\results\exp_Sb_piecewise_K100_N100_z4_min10pct_w64_float64_lbfgs500_maxiter20\pino_heterogeneous_collocation_points.png
LBFGS (
Parameter Group 0
    history_size: 50
    line_search_fn: strong_wolfe
    lr: 0.1
    max_eval: 25
    max_iter: 20
    tolerance_change: 1e-09
    tolerance_grad: 1e-07
)
Early stopping: patience=150 L-BFGS steps (no total-loss improvement, rtol=1e-12)

L-BFGS:   0%|          | 0/500 [? > 00:00]
L-BFGS:   0%|          | 1/500 [1:25:20 > 00:10]
L-BFGS:   0%|          | 2/500 [1:25:54 > 00:20]
L-BFGS:   1%|          | 3/500 [1:24:31 > 00:30]
L-BFGS:   1%|          | 4/500 [1:25:13 > 00:41]
L-BFGS:   1%|          | 5/500 [1:25:38 > 00:51]
L-BFGS:   1%|          | 6/500 [1:24:49 > 01:01]
L-BFGS:   1%|▏         | 7/500 [1:25:21 > 01:12]
L-BFGS:   2%|▏         | 8/500 [1:25:40 > 01:22]
L-BFGS:   2%|▏         | 9/500 [1:24:57 > 01:33]
L-BFGS:   2%|▏         | 10/500 [1:25:31 > 01:43]
L-BFGS:   2%|▏         | 11/500 [1:24:59 > 01:54]
L-BFGS:   2%|▏         | 12/500 [1:24:25 > 02:04]
L-BFGS:   3%|▎         | 13/500 [1:24:55 > 02:15]
L-BFGS:   3%|▎         | 14/500 [1:24:12 > 02:25]
L-BFGS:   3%|▎         | 15/500 [1:23:41 > 02:35]
L-BFGS:   3%|▎         | 16/500 [1:24:18 > 02:46]
L-BFGS:   3%|▎         | 17/500 [1:23:41 > 02:56]
L-BFGS:   4%|▎         | 18/500 [1:23:12 > 03:06]
L-BFGS:   4%|▍         | 19/500 [1:22:46 > 03:17]
L-BFGS:   4%|▍         | 20/500 [1:22:17 > 03:27]
L-BFGS:   4%|▍         | 21/500 [1:22:46 > 03:37]
L-BFGS:   4%|▍         | 22/500 [1:22:59 > 03:48]
L-BFGS:   5%|▍         | 23/500 [1:23:08 > 03:58]
L-BFGS:   5%|▍         | 24/500 [1:23:12 > 04:09]
L-BFGS:   5%|▌         | 25/500 [1:23:05 > 04:20]
L-BFGS:   5%|▌         | 26/500 [1:22:04 > 04:30]
L-BFGS:   5%|▌         | 27/500 [1:21:19 > 04:40]
L-BFGS:   6%|▌         | 28/500 [1:21:36 > 04:50]
L-BFGS:   6%|▌         | 29/500 [1:21:46 > 05:01]
L-BFGS:   6%|▌         | 30/500 [1:21:55 > 05:11]
L-BFGS:   6%|▌         | 31/500 [1:20:56 > 05:21]
L-BFGS:   6%|▋         | 32/500 [1:20:21 > 05:32]
L-BFGS:   7%|▋         | 33/500 [1:19:47 > 05:42]
L-BFGS:   7%|▋         | 34/500 [1:19:18 > 05:52]
L-BFGS:   7%|▋         | 35/500 [1:19:01 > 06:02]
L-BFGS:   7%|▋         | 36/500 [1:19:41 > 06:13]
L-BFGS:   7%|▋         | 37/500 [1:19:07 > 06:23]
L-BFGS:   8%|▊         | 38/500 [1:18:56 > 06:33]
L-BFGS:   8%|▊         | 39/500 [1:18:48 > 06:43]
L-BFGS:   8%|▊         | 40/500 [1:19:36 > 06:54]
L-BFGS:   8%|▊         | 41/500 [1:20:04 > 07:05]
L-BFGS:   8%|▊         | 42/500 [1:19:27 > 07:15]
L-BFGS:   9%|▊         | 43/500 [1:18:55 > 07:25]
L-BFGS:   9%|▉         | 44/500 [1:18:33 > 07:35]
L-BFGS:   9%|▉         | 45/500 [1:18:13 > 07:46]
L-BFGS:   9%|▉         | 46/500 [1:18:01 > 07:56]
L-BFGS:   9%|▉         | 47/500 [1:17:48 > 08:06]
L-BFGS:  10%|▉         | 48/500 [1:18:29 > 08:17]
L-BFGS:  10%|▉         | 49/500 [1:17:45 > 08:27]
L-BFGS:  10%|█         | 50/500 [1:17:08 > 08:37]
L-BFGS:  10%|█         | 51/500 [1:16:36 > 08:47]
L-BFGS:  10%|█         | 52/500 [1:17:07 > 08:58]
L-BFGS:  11%|█         | 53/500 [1:16:29 > 09:08]
L-BFGS:  11%|█         | 54/500 [1:16:04 > 09:18]
L-BFGS:  11%|█         | 55/500 [1:15:48 > 09:28]
L-BFGS:  11%|█         | 56/500 [1:15:25 > 09:39]
L-BFGS:  11%|█▏        | 57/500 [1:15:09 > 09:49]
L-BFGS:  12%|█▏        | 58/500 [1:14:53 > 09:59]
L-BFGS:  12%|█▏        | 59/500 [1:15:35 > 10:09]
L-BFGS:  12%|█▏        | 60/500 [1:15:06 > 10:20]
L-BFGS:  12%|█▏        | 61/500 [1:14:48 > 10:30]
L-BFGS:  12%|█▏        | 62/500 [1:14:30 > 10:40]
L-BFGS:  13%|█▎        | 63/500 [1:14:11 > 10:50]
L-BFGS:  13%|█▎        | 64/500 [1:14:48 > 11:01]
L-BFGS:  13%|█▎        | 65/500 [1:15:07 > 11:11]
L-BFGS:  13%|█▎        | 66/500 [1:14:27 > 11:21]
L-BFGS:  13%|█▎        | 67/500 [1:14:11 > 11:31]
L-BFGS:  14%|█▎        | 68/500 [1:14:05 > 11:42]
L-BFGS:  14%|█▍        | 69/500 [1:14:44 > 11:52]
L-BFGS:  14%|█▍        | 70/500 [1:14:16 > 12:03]
L-BFGS:  14%|█▍        | 71/500 [1:13:56 > 12:13]
L-BFGS:  14%|█▍        | 72/500 [1:13:40 > 12:23]
L-BFGS:  15%|█▍        | 73/500 [1:13:23 > 12:34]
L-BFGS:  15%|█▍        | 74/500 [1:13:08 > 12:44]
L-BFGS:  15%|█▌        | 75/500 [1:12:50 > 12:54]
L-BFGS:  15%|█▌        | 76/500 [1:12:40 > 13:04]
L-BFGS:  15%|█▌        | 77/500 [1:13:19 > 13:15]
L-BFGS:  16%|█▌        | 78/500 [1:12:39 > 13:25]
L-BFGS:  16%|█▌        | 79/500 [1:12:04 > 13:35]
L-BFGS:  16%|█▌        | 80/500 [1:11:37 > 13:46]
L-BFGS:  16%|█▌        | 81/500 [1:11:12 > 13:56]
L-BFGS:  16%|█▋        | 82/500 [1:10:56 > 14:06]
L-BFGS:  17%|█▋        | 83/500 [1:10:42 > 14:16]
L-BFGS:  17%|█▋        | 84/500 [1:11:19 > 14:26]
L-BFGS:  17%|█▋        | 85/500 [1:11:42 > 14:37]
L-BFGS:  17%|█▋        | 86/500 [1:11:03 > 14:47]
L-BFGS:  17%|█▋        | 87/500 [1:10:32 > 14:57]
L-BFGS:  18%|█▊        | 88/500 [1:10:09 > 15:07]
L-BFGS:  18%|█▊        | 89/500 [1:10:44 > 15:18]
L-BFGS:  18%|█▊        | 90/500 [1:10:09 > 15:28]
L-BFGS:  18%|█▊        | 91/500 [1:09:40 > 15:38]
L-BFGS:  18%|█▊        | 92/500 [1:09:19 > 15:48]
L-BFGS:  19%|█▊        | 93/500 [1:09:02 > 15:59]
L-BFGS:  19%|█▉        | 94/500 [1:08:47 > 16:09]
L-BFGS:  19%|█▉        | 95/500 [1:08:36 > 16:19]
L-BFGS:  19%|█▉        | 96/500 [1:08:33 > 16:29]
L-BFGS:  19%|█▉        | 97/500 [1:08:33 > 16:39]
L-BFGS:  20%|█▉        | 98/500 [1:09:20 > 16:50]
L-BFGS:  20%|█▉        | 99/500 [1:09:52 > 17:01]
L-BFGS:  20%|██        | 100/500 [1:10:11 > 17:11]
L-BFGS:  20%|██        | 101/500 [1:09:31 > 17:22]
L-BFGS:  20%|██        | 102/500 [1:09:49 > 17:32]
L-BFGS:  21%|██        | 103/500 [1:09:55 > 17:43]
L-BFGS:  21%|██        | 104/500 [1:09:10 > 17:53]
L-BFGS:  21%|██        | 105/500 [1:08:34 > 18:04]
L-BFGS:  21%|██        | 106/500 [1:09:00 > 18:14]
L-BFGS:  21%|██▏       | 107/500 [1:08:09 > 18:24]
L-BFGS:  22%|██▏       | 108/500 [1:07:28 > 18:35]
L-BFGS:  22%|██▏       | 109/500 [1:06:54 > 18:45]
L-BFGS:  22%|██▏       | 110/500 [1:06:29 > 18:55]
L-BFGS:  22%|██▏       | 111/500 [1:06:09 > 19:05]
L-BFGS:  22%|██▏       | 112/500 [1:05:50 > 19:15]
L-BFGS:  23%|██▎       | 113/500 [1:06:20 > 19:26]
L-BFGS:  23%|██▎       | 114/500 [1:06:38 > 19:36]
L-BFGS:  23%|██▎       | 115/500 [1:06:48 > 19:47]
L-BFGS:  23%|██▎       | 116/500 [1:06:07 > 19:57]
L-BFGS:  23%|██▎       | 117/500 [1:05:33 > 20:07]
L-BFGS:  24%|██▎       | 118/500 [1:05:14 > 20:17]
L-BFGS:  24%|██▍       | 119/500 [1:05:35 > 20:28]
L-BFGS:  24%|██▍       | 120/500 [1:05:03 > 20:38]
L-BFGS:  24%|██▍       | 121/500 [1:05:24 > 20:48]
L-BFGS:  24%|██▍       | 122/500 [1:04:49 > 20:59]
L-BFGS:  25%|██▍       | 123/500 [1:05:05 > 21:09]
L-BFGS:  25%|██▍       | 124/500 [1:04:33 > 21:19]
L-BFGS:  25%|██▌       | 125/500 [1:04:17 > 21:30]
L-BFGS:  25%|██▌       | 126/500 [1:04:06 > 21:40]
L-BFGS:  25%|██▌       | 127/500 [1:03:55 > 21:50]
L-BFGS:  26%|██▌       | 128/500 [1:03:42 > 22:00]
L-BFGS:  26%|██▌       | 129/500 [1:03:37 > 22:11]
L-BFGS:  26%|██▌       | 130/500 [1:04:08 > 22:21]
L-BFGS:  26%|██▌       | 131/500 [1:03:43 > 22:32]
L-BFGS:  26%|██▋       | 132/500 [1:04:08 > 22:42]
L-BFGS:  27%|██▋       | 133/500 [1:03:38 > 22:53]
L-BFGS:  27%|██▋       | 134/500 [1:03:16 > 23:03]
L-BFGS:  27%|██▋       | 135/500 [1:02:52 > 23:13]
L-BFGS:  27%|██▋       | 136/500 [1:03:02 > 23:24]
L-BFGS:  27%|██▋       | 137/500 [1:02:22 > 23:34]
L-BFGS:  28%|██▊       | 138/500 [1:01:52 > 23:44]
L-BFGS:  28%|██▊       | 139/500 [1:02:12 > 23:54]
L-BFGS:  28%|██▊       | 140/500 [1:01:40 > 24:05]
L-BFGS:  28%|██▊       | 141/500 [1:01:59 > 24:15]
L-BFGS:  28%|██▊       | 142/500 [1:02:07 > 24:26]
L-BFGS:  29%|██▊       | 143/500 [1:02:10 > 24:36]
L-BFGS:  29%|██▉       | 144/500 [1:02:07 > 24:47]
L-BFGS:  29%|██▉       | 145/500 [1:01:20 > 24:57]
L-BFGS:  29%|██▉       | 146/500 [1:01:32 > 25:07]
L-BFGS:  29%|██▉       | 147/500 [1:01:32 > 25:18]
L-BFGS:  30%|██▉       | 148/500 [1:01:28 > 25:28]
L-BFGS:  30%|██▉       | 149/500 [1:00:41 > 25:39]
L-BFGS:  30%|███       | 150/500 [1:00:05 > 25:49]
L-BFGS:  30%|███       | 151/500 [59:39 > 25:59]  
L-BFGS:  30%|███       | 152/500 [59:17 > 26:09]
L-BFGS:  31%|███       | 153/500 [59:40 > 26:20]
L-BFGS:  31%|███       | 154/500 [59:19 > 26:30]
L-BFGS:  31%|███       | 155/500 [59:08 > 26:40]
L-BFGS:  31%|███       | 156/500 [58:56 > 26:50]
L-BFGS:  31%|███▏      | 157/500 [58:42 > 27:01]
L-BFGS:  32%|███▏      | 158/500 [59:13 > 27:11]
L-BFGS:  32%|███▏      | 159/500 [58:50 > 27:21]
L-BFGS:  32%|███▏      | 160/500 [58:29 > 27:32]
L-BFGS:  32%|███▏      | 161/500 [58:58 > 27:42]
L-BFGS:  32%|███▏      | 162/500 [59:14 > 27:53]
L-BFGS:  33%|███▎      | 163/500 [59:20 > 28:04]
L-BFGS:  33%|███▎      | 164/500 [58:40 > 28:14]
L-BFGS:  33%|███▎      | 165/500 [58:00 > 28:24]
L-BFGS:  33%|███▎      | 166/500 [57:25 > 28:34]
L-BFGS:  33%|███▎      | 167/500 [56:59 > 28:45]
L-BFGS:  34%|███▎      | 168/500 [56:35 > 28:55]
L-BFGS:  34%|███▍      | 169/500 [56:55 > 29:05]
L-BFGS:  34%|███▍      | 170/500 [57:04 > 29:16]
L-BFGS:  34%|███▍      | 171/500 [56:29 > 29:26]
L-BFGS:  34%|███▍      | 172/500 [56:41 > 29:36]
L-BFGS:  35%|███▍      | 173/500 [56:09 > 29:47]
L-BFGS:  35%|███▍      | 174/500 [55:45 > 29:57]
L-BFGS:  35%|███▌      | 175/500 [55:22 > 30:07]
L-BFGS:  35%|███▌      | 176/500 [55:03 > 30:17]
L-BFGS:  35%|███▌      | 177/500 [54:47 > 30:27]
L-BFGS:  36%|███▌      | 178/500 [54:35 > 30:37]
L-BFGS:  36%|███▌      | 179/500 [55:03 > 30:48]
L-BFGS:  36%|███▌      | 180/500 [54:38 > 30:58]
L-BFGS:  36%|███▌      | 181/500 [54:56 > 31:09]
L-BFGS:  36%|███▋      | 182/500 [54:27 > 31:19]
L-BFGS:  37%|███▋      | 183/500 [54:55 > 31:29]
L-BFGS:  37%|███▋      | 184/500 [54:33 > 31:40]
L-BFGS:  37%|███▋      | 185/500 [54:56 > 31:50]
L-BFGS:  37%|███▋      | 186/500 [55:06 > 32:01]
L-BFGS:  37%|███▋      | 187/500 [55:09 > 32:12]
L-BFGS:  38%|███▊      | 188/500 [54:31 > 32:22]
L-BFGS:  38%|███▊      | 189/500 [53:59 > 32:32]
L-BFGS:  38%|███▊      | 190/500 [53:33 > 32:42]
L-BFGS:  38%|███▊      | 191/500 [53:52 > 32:53]
L-BFGS:  38%|███▊      | 192/500 [54:01 > 33:04]
L-BFGS:  39%|███▊      | 193/500 [53:24 > 33:14]
L-BFGS:  39%|███▉      | 194/500 [52:49 > 33:24]
L-BFGS:  39%|███▉      | 195/500 [52:53 > 33:35]
L-BFGS:  39%|███▉      | 196/500 [52:18 > 33:45]
L-BFGS:  39%|███▉      | 197/500 [52:26 > 33:55]
L-BFGS:  40%|███▉      | 198/500 [52:29 > 34:06]
L-BFGS:  40%|███▉      | 199/500 [52:27 > 34:16]
L-BFGS:  40%|████      | 200/500 [51:49 > 34:27]
L-BFGS:  40%|████      | 201/500 [51:53 > 34:37]
L-BFGS:  40%|████      | 202/500 [51:17 > 34:47]
L-BFGS:  41%|████      | 203/500 [50:51 > 34:57]
L-BFGS:  41%|████      | 204/500 [50:28 > 35:08]
L-BFGS:  41%|████      | 205/500 [50:07 > 35:18]
L-BFGS:  41%|████      | 206/500 [50:26 > 35:28]
L-BFGS:  41%|████▏     | 207/500 [50:02 > 35:38]
L-BFGS:  42%|████▏     | 208/500 [50:16 > 35:49]
L-BFGS:  42%|████▏     | 209/500 [50:23 > 35:59]
L-BFGS:  42%|████▏     | 210/500 [50:25 > 36:10]
L-BFGS:  42%|████▏     | 211/500 [50:27 > 36:21]
L-BFGS:  42%|████▏     | 212/500 [50:32 > 36:31]
L-BFGS:  43%|████▎     | 213/500 [50:34 > 36:42]
L-BFGS:  43%|████▎     | 214/500 [50:33 > 36:53]
L-BFGS:  43%|████▎     | 215/500 [50:27 > 37:03]
L-BFGS:  43%|████▎     | 216/500 [50:22 > 37:14]
L-BFGS:  43%|████▎     | 217/500 [50:15 > 37:25]
L-BFGS:  44%|████▎     | 218/500 [50:07 > 37:35]
L-BFGS:  44%|████▍     | 219/500 [49:57 > 37:46]
L-BFGS:  44%|████▍     | 220/500 [49:14 > 37:56]
L-BFGS:  44%|████▍     | 221/500 [48:39 > 38:06]
L-BFGS:  44%|████▍     | 222/500 [48:10 > 38:17]
L-BFGS:  45%|████▍     | 223/500 [47:37 > 38:27]
L-BFGS:  45%|████▍     | 224/500 [47:12 > 38:37]
L-BFGS:  45%|████▌     | 225/500 [47:24 > 38:47]
L-BFGS:  45%|████▌     | 226/500 [47:28 > 38:58]
L-BFGS:  45%|████▌     | 227/500 [47:28 > 39:09]
L-BFGS:  46%|████▌     | 228/500 [46:54 > 39:19]
L-BFGS:  46%|████▌     | 229/500 [46:28 > 39:29]
L-BFGS:  46%|████▌     | 230/500 [46:07 > 39:39]
L-BFGS:  46%|████▌     | 231/500 [46:21 > 39:50]
L-BFGS:  46%|████▋     | 232/500 [45:56 > 40:00]
L-BFGS:  47%|████▋     | 233/500 [45:32 > 40:10]
L-BFGS:  47%|████▋     | 234/500 [45:12 > 40:20]
L-BFGS:  47%|████▋     | 235/500 [44:55 > 40:30]
L-BFGS:  47%|████▋     | 236/500 [44:41 > 40:40]
L-BFGS:  47%|████▋     | 237/500 [44:27 > 40:50]
L-BFGS:  48%|████▊     | 238/500 [44:16 > 41:00]
L-BFGS:  48%|████▊     | 239/500 [44:05 > 41:11]
L-BFGS:  48%|████▊     | 240/500 [43:58 > 41:21]
L-BFGS:  48%|████▊     | 241/500 [44:30 > 41:31]
L-BFGS:  48%|████▊     | 242/500 [44:16 > 41:42]
L-BFGS:  49%|████▊     | 243/500 [44:04 > 41:52]
L-BFGS:  49%|████▉     | 244/500 [44:21 > 42:03]
L-BFGS:  49%|████▉     | 245/500 [44:32 > 42:13]
L-BFGS:  49%|████▉     | 246/500 [44:04 > 42:24]
L-BFGS:  49%|████▉     | 247/500 [43:44 > 42:34]
L-BFGS:  50%|████▉     | 248/500 [43:57 > 42:44]
L-BFGS:  50%|████▉     | 249/500 [43:34 > 42:55]
L-BFGS:  50%|█████     | 250/500 [43:12 > 43:05]
L-BFGS:  50%|█████     | 251/500 [43:18 > 43:16]
L-BFGS:  50%|█████     | 252/500 [42:47 > 43:26]
L-BFGS:  51%|█████     | 253/500 [42:50 > 43:36]
L-BFGS:  51%|█████     | 254/500 [42:50 > 43:47]
L-BFGS:  51%|█████     | 255/500 [42:17 > 43:57]
L-BFGS:  51%|█████     | 256/500 [41:49 > 44:07]
L-BFGS:  51%|█████▏    | 257/500 [41:56 > 44:18]
L-BFGS:  52%|█████▏    | 258/500 [41:28 > 44:28]
L-BFGS:  52%|█████▏    | 259/500 [41:07 > 44:38]
L-BFGS:  52%|█████▏    | 260/500 [41:18 > 44:48]
L-BFGS:  52%|█████▏    | 261/500 [40:53 > 44:59]
L-BFGS:  52%|█████▏    | 262/500 [40:33 > 45:09]
L-BFGS:  53%|█████▎    | 263/500 [40:17 > 45:19]
L-BFGS:  53%|█████▎    | 264/500 [40:28 > 45:29]
L-BFGS:  53%|█████▎    | 265/500 [40:08 > 45:39]
L-BFGS:  53%|█████▎    | 266/500 [39:50 > 45:50]
L-BFGS:  53%|█████▎    | 267/500 [39:34 > 46:00]
L-BFGS:  54%|█████▎    | 268/500 [39:49 > 46:10]
L-BFGS:  54%|█████▍    | 269/500 [39:59 > 46:21]
L-BFGS:  54%|█████▍    | 270/500 [39:40 > 46:31]
L-BFGS:  54%|█████▍    | 271/500 [39:52 > 46:42]
L-BFGS:  54%|█████▍    | 272/500 [39:57 > 46:52]
L-BFGS:  55%|█████▍    | 273/500 [39:56 > 47:03]
L-BFGS:  55%|█████▍    | 274/500 [39:26 > 47:13]
L-BFGS:  55%|█████▌    | 275/500 [39:29 > 47:24]
L-BFGS:  55%|█████▌    | 276/500 [39:02 > 47:34]
L-BFGS:  55%|█████▌    | 277/500 [38:39 > 47:45]
L-BFGS:  56%|█████▌    | 278/500 [38:48 > 47:55]
L-BFGS:  56%|█████▌    | 279/500 [38:22 > 48:06]
L-BFGS:  56%|█████▌    | 280/500 [38:23 > 48:16]
L-BFGS:  56%|█████▌    | 281/500 [38:16 > 48:27]
L-BFGS:  56%|█████▋    | 282/500 [37:43 > 48:37]
L-BFGS:  57%|█████▋    | 283/500 [37:45 > 48:47]
L-BFGS:  57%|█████▋    | 284/500 [37:42 > 48:58]
L-BFGS:  57%|█████▋    | 285/500 [37:09 > 49:08]
L-BFGS:  57%|█████▋    | 286/500 [36:44 > 49:18]
L-BFGS:  57%|█████▋    | 287/500 [36:49 > 49:29]
L-BFGS:  58%|█████▊    | 288/500 [36:24 > 49:39]
L-BFGS:  58%|█████▊    | 289/500 [36:28 > 49:49]
L-BFGS:  58%|█████▊    | 290/500 [36:28 > 50:00]
L-BFGS:  58%|█████▊    | 291/500 [36:00 > 50:10]
L-BFGS:  58%|█████▊    | 292/500 [35:36 > 50:20]
L-BFGS:  59%|█████▊    | 293/500 [35:41 > 50:31]
L-BFGS:  59%|█████▉    | 294/500 [35:19 > 50:41]
L-BFGS:  59%|█████▉    | 295/500 [35:24 > 50:51]
L-BFGS:  59%|█████▉    | 296/500 [35:24 > 51:02]
L-BFGS:  59%|█████▉    | 297/500 [34:57 > 51:12]
L-BFGS:  60%|█████▉    | 298/500 [35:04 > 51:23]
L-BFGS:  60%|█████▉    | 299/500 [34:43 > 51:33]
L-BFGS:  60%|██████    | 300/500 [34:26 > 51:43]
L-BFGS:  60%|██████    | 301/500 [34:35 > 51:54]
L-BFGS:  60%|██████    | 302/500 [34:38 > 52:05]
L-BFGS:  61%|██████    | 303/500 [34:14 > 52:15]
L-BFGS:  61%|██████    | 304/500 [33:54 > 52:25]
L-BFGS:  61%|██████    | 305/500 [33:38 > 52:35]
L-BFGS:  61%|██████    | 306/500 [33:23 > 52:46]
L-BFGS:  61%|██████▏   | 307/500 [33:10 > 52:56]
L-BFGS:  62%|██████▏   | 308/500 [32:56 > 53:06]
L-BFGS:  62%|██████▏   | 309/500 [32:37 > 53:16]
L-BFGS:  62%|██████▏   | 310/500 [32:43 > 53:27]
L-BFGS:  62%|██████▏   | 311/500 [32:23 > 53:37]
L-BFGS:  62%|██████▏   | 312/500 [32:03 > 53:47]
L-BFGS:  63%|██████▎   | 313/500 [31:46 > 53:57]
L-BFGS:  63%|██████▎   | 314/500 [31:34 > 54:07]
L-BFGS:  63%|██████▎   | 315/500 [31:43 > 54:18]
L-BFGS:  63%|██████▎   | 316/500 [31:24 > 54:28]
L-BFGS:  63%|██████▎   | 317/500 [31:08 > 54:38]
L-BFGS:  64%|██████▎   | 318/500 [30:54 > 54:48]
L-BFGS:  64%|██████▍   | 319/500 [30:41 > 54:58]
L-BFGS:  64%|██████▍   | 320/500 [30:28 > 55:09]
L-BFGS:  64%|██████▍   | 321/500 [30:16 > 55:19]
L-BFGS:  64%|██████▍   | 322/500 [30:05 > 55:29]
L-BFGS:  65%|██████▍   | 323/500 [30:15 > 55:39]
L-BFGS:  65%|██████▍   | 324/500 [29:57 > 55:50]
L-BFGS:  65%|██████▌   | 325/500 [29:42 > 56:00]
L-BFGS:  65%|██████▌   | 326/500 [29:50 > 56:10]
L-BFGS:  65%|██████▌   | 327/500 [29:36 > 56:20]
L-BFGS:  66%|██████▌   | 328/500 [29:25 > 56:31]
L-BFGS:  66%|██████▌   | 329/500 [29:37 > 56:41]
L-BFGS:  66%|██████▌   | 330/500 [29:40 > 56:52]
L-BFGS:  66%|██████▌   | 331/500 [29:39 > 57:03]
L-BFGS:  66%|██████▋   | 332/500 [29:36 > 57:13]
L-BFGS:  67%|██████▋   | 333/500 [29:30 > 57:24]
L-BFGS:  67%|██████▋   | 334/500 [29:03 > 57:34]
L-BFGS:  67%|██████▋   | 335/500 [28:42 > 57:45]
L-BFGS:  67%|██████▋   | 336/500 [28:44 > 57:55]
L-BFGS:  67%|██████▋   | 337/500 [28:23 > 58:06]
L-BFGS:  68%|██████▊   | 338/500 [28:16 > 58:16]
L-BFGS:  68%|██████▊   | 339/500 [27:50 > 58:26]
L-BFGS:  68%|██████▊   | 340/500 [27:46 > 58:37]
L-BFGS:  68%|██████▊   | 341/500 [27:21 > 58:47]
L-BFGS:  68%|██████▊   | 342/500 [27:22 > 58:57]
L-BFGS:  69%|██████▊   | 343/500 [26:59 > 59:08]
L-BFGS:  69%|██████▉   | 344/500 [26:43 > 59:18]
L-BFGS:  69%|██████▉   | 345/500 [26:26 > 59:28]
L-BFGS:  69%|██████▉   | 346/500 [26:30 > 59:38]
L-BFGS:  69%|██████▉   | 347/500 [26:29 > 59:49]
L-BFGS:  70%|██████▉   | 348/500 [26:07 > 59:59]
L-BFGS:  70%|██████▉   | 349/500 [26:06 > 1:00:10]
L-BFGS:  70%|███████   | 350/500 [25:45 > 1:00:20]
L-BFGS:  70%|███████   | 351/500 [25:27 > 1:00:30]
L-BFGS:  70%|███████   | 352/500 [25:29 > 1:00:40]
L-BFGS:  71%|███████   | 353/500 [25:10 > 1:00:51]
L-BFGS:  71%|███████   | 354/500 [24:53 > 1:01:01]
L-BFGS:  71%|███████   | 355/500 [24:55 > 1:01:11]
L-BFGS:  71%|███████   | 356/500 [25:00 > 1:01:22]
L-BFGS:  71%|███████▏  | 357/500 [24:43 > 1:01:32]
L-BFGS:  72%|███████▏  | 358/500 [24:28 > 1:01:42]
L-BFGS:  72%|███████▏  | 359/500 [24:33 > 1:01:53]
L-BFGS:  72%|███████▏  | 360/500 [24:15 > 1:02:03]
L-BFGS:  72%|███████▏  | 361/500 [24:18 > 1:02:14]
L-BFGS:  72%|███████▏  | 362/500 [24:14 > 1:02:25]
L-BFGS:  73%|███████▎  | 363/500 [24:09 > 1:02:35]
L-BFGS:  73%|███████▎  | 364/500 [23:45 > 1:02:46]
L-BFGS:  73%|███████▎  | 365/500 [23:42 > 1:02:56]
L-BFGS:  73%|███████▎  | 366/500 [23:19 > 1:03:07]
L-BFGS:  73%|███████▎  | 367/500 [22:56 > 1:03:17]
L-BFGS:  74%|███████▎  | 368/500 [22:36 > 1:03:27]
L-BFGS:  74%|███████▍  | 369/500 [22:37 > 1:03:37]
L-BFGS:  74%|███████▍  | 370/500 [22:17 > 1:03:47]
L-BFGS:  74%|███████▍  | 371/500 [22:16 > 1:03:58]
L-BFGS:  74%|███████▍  | 372/500 [21:57 > 1:04:08]
L-BFGS:  75%|███████▍  | 373/500 [21:41 > 1:04:18]
L-BFGS:  75%|███████▍  | 374/500 [21:42 > 1:04:29]
L-BFGS:  75%|███████▌  | 375/500 [21:24 > 1:04:39]
L-BFGS:  75%|███████▌  | 376/500 [21:22 > 1:04:49]
L-BFGS:  75%|███████▌  | 377/500 [21:04 > 1:05:00]
L-BFGS:  76%|███████▌  | 378/500 [20:49 > 1:05:10]
L-BFGS:  76%|███████▌  | 379/500 [20:35 > 1:05:20]
L-BFGS:  76%|███████▌  | 380/500 [20:36 > 1:05:30]
L-BFGS:  76%|███████▌  | 381/500 [20:19 > 1:05:40]
L-BFGS:  76%|███████▋  | 382/500 [20:05 > 1:05:51]
L-BFGS:  77%|███████▋  | 383/500 [19:52 > 1:06:01]
L-BFGS:  77%|███████▋  | 384/500 [19:40 > 1:06:11]
L-BFGS:  77%|███████▋  | 385/500 [19:47 > 1:06:22]
L-BFGS:  77%|███████▋  | 386/500 [19:34 > 1:06:32]
L-BFGS:  77%|███████▋  | 387/500 [19:37 > 1:06:42]
L-BFGS:  78%|███████▊  | 388/500 [19:21 > 1:06:53]
L-BFGS:  78%|███████▊  | 389/500 [19:07 > 1:07:03]
L-BFGS:  78%|███████▊  | 390/500 [18:55 > 1:07:13]
L-BFGS:  78%|███████▊  | 391/500 [18:55 > 1:07:24]
L-BFGS:  78%|███████▊  | 392/500 [18:40 > 1:07:34]
L-BFGS:  79%|███████▊  | 393/500 [18:25 > 1:07:44]
L-BFGS:  79%|███████▉  | 394/500 [18:25 > 1:07:55]
L-BFGS:  79%|███████▉  | 395/500 [18:22 > 1:08:06]
L-BFGS:  79%|███████▉  | 396/500 [18:00 > 1:08:16]
L-BFGS:  79%|███████▉  | 397/500 [17:42 > 1:08:26]
L-BFGS:  80%|███████▉  | 398/500 [17:38 > 1:08:37]
L-BFGS:  80%|███████▉  | 399/500 [17:32 > 1:08:47]
L-BFGS:  80%|████████  | 400/500 [17:13 > 1:08:57]
L-BFGS:  80%|████████  | 401/500 [17:08 > 1:09:08]
L-BFGS:  80%|████████  | 402/500 [16:50 > 1:09:18]
L-BFGS:  81%|████████  | 403/500 [16:47 > 1:09:28]
L-BFGS:  81%|████████  | 404/500 [16:41 > 1:09:39]
L-BFGS:  81%|████████  | 405/500 [16:33 > 1:09:49]
L-BFGS:  81%|████████  | 406/500 [16:25 > 1:10:00]
L-BFGS:  81%|████████▏ | 407/500 [16:15 > 1:10:11]
L-BFGS:  82%|████████▏ | 408/500 [16:07 > 1:10:21]
L-BFGS:  82%|████████▏ | 409/500 [15:57 > 1:10:32]
L-BFGS:  82%|████████▏ | 410/500 [15:47 > 1:10:42]
L-BFGS:  82%|████████▏ | 411/500 [15:25 > 1:10:52]
L-BFGS:  82%|████████▏ | 412/500 [15:07 > 1:11:02]
L-BFGS:  83%|████████▎ | 413/500 [14:52 > 1:11:13]
L-BFGS:  83%|████████▎ | 414/500 [14:52 > 1:11:23]
L-BFGS:  83%|████████▎ | 415/500 [14:50 > 1:11:34]
L-BFGS:  83%|████████▎ | 416/500 [14:45 > 1:11:45]
L-BFGS:  83%|████████▎ | 417/500 [14:28 > 1:11:55]
L-BFGS:  84%|████████▎ | 418/500 [14:13 > 1:12:05]
L-BFGS:  84%|████████▍ | 419/500 [14:08 > 1:12:16]
L-BFGS:  84%|████████▍ | 420/500 [14:03 > 1:12:27]
L-BFGS:  84%|████████▍ | 421/500 [13:56 > 1:12:37]
L-BFGS:  84%|████████▍ | 422/500 [13:48 > 1:12:48]
L-BFGS:  85%|████████▍ | 423/500 [13:38 > 1:12:59]
L-BFGS:  85%|████████▍ | 424/500 [13:18 > 1:13:09]
L-BFGS:  85%|████████▌ | 425/500 [12:59 > 1:13:19]
L-BFGS:  85%|████████▌ | 426/500 [12:42 > 1:13:29]
L-BFGS:  85%|████████▌ | 427/500 [12:37 > 1:13:40]
L-BFGS:  86%|████████▌ | 428/500 [12:21 > 1:13:50]
L-BFGS:  86%|████████▌ | 429/500 [12:07 > 1:14:00]
L-BFGS:  86%|████████▌ | 430/500 [12:02 > 1:14:10]
L-BFGS:  86%|████████▌ | 431/500 [11:57 > 1:14:21]
L-BFGS:  86%|████████▋ | 432/500 [11:41 > 1:14:31]
L-BFGS:  87%|████████▋ | 433/500 [11:27 > 1:14:41]
L-BFGS:  87%|████████▋ | 434/500 [11:22 > 1:14:52]
L-BFGS:  87%|████████▋ | 435/500 [11:16 > 1:15:02]
L-BFGS:  87%|████████▋ | 436/500 [11:00 > 1:15:12]
L-BFGS:  87%|████████▋ | 437/500 [10:54 > 1:15:23]
L-BFGS:  88%|████████▊ | 438/500 [10:39 > 1:15:33]
L-BFGS:  88%|████████▊ | 439/500 [10:25 > 1:15:43]
L-BFGS:  88%|████████▊ | 440/500 [10:20 > 1:15:54]
L-BFGS:  88%|████████▊ | 441/500 [10:06 > 1:16:04]
L-BFGS:  88%|████████▊ | 442/500 [09:54 > 1:16:14]
L-BFGS:  89%|████████▊ | 443/500 [09:51 > 1:16:25]
L-BFGS:  89%|████████▉ | 444/500 [09:38 > 1:16:35]
L-BFGS:  89%|████████▉ | 445/500 [09:27 > 1:16:45]
L-BFGS:  89%|████████▉ | 446/500 [09:22 > 1:16:56]
L-BFGS:  89%|████████▉ | 447/500 [09:09 > 1:17:06]
L-BFGS:  90%|████████▉ | 448/500 [09:04 > 1:17:17]
L-BFGS:  90%|████████▉ | 449/500 [08:57 > 1:17:27]
L-BFGS:  90%|█████████ | 450/500 [08:43 > 1:17:38]
L-BFGS:  90%|█████████ | 451/500 [08:29 > 1:17:48]
L-BFGS:  90%|█████████ | 452/500 [08:22 > 1:17:59]
L-BFGS:  91%|█████████ | 453/500 [08:14 > 1:18:09]
L-BFGS:  91%|█████████ | 454/500 [07:59 > 1:18:20]
L-BFGS:  91%|█████████ | 455/500 [07:50 > 1:18:30]
L-BFGS:  91%|█████████ | 456/500 [07:35 > 1:18:40]
L-BFGS:  91%|█████████▏| 457/500 [07:22 > 1:18:50]
L-BFGS:  92%|█████████▏| 458/500 [07:10 > 1:19:00]
L-BFGS:  92%|█████████▏| 459/500 [07:03 > 1:19:11]
L-BFGS:  92%|█████████▏| 460/500 [06:50 > 1:19:21]
L-BFGS:  92%|█████████▏| 461/500 [06:43 > 1:19:32]
L-BFGS:  92%|█████████▏| 462/500 [06:30 > 1:19:42]
L-BFGS:  93%|█████████▎| 463/500 [06:18 > 1:19:52]
L-BFGS:  93%|█████████▎| 464/500 [06:07 > 1:20:02]
L-BFGS:  93%|█████████▎| 465/500 [06:00 > 1:20:13]
L-BFGS:  93%|█████████▎| 466/500 [05:48 > 1:20:23]
L-BFGS:  93%|█████████▎| 467/500 [05:41 > 1:20:33]
L-BFGS:  94%|█████████▎| 468/500 [05:28 > 1:20:43]
L-BFGS:  94%|█████████▍| 469/500 [05:21 > 1:20:54]
L-BFGS:  94%|█████████▍| 470/500 [05:08 > 1:21:04]
L-BFGS:  94%|█████████▍| 471/500 [04:57 > 1:21:14]
L-BFGS:  94%|█████████▍| 472/500 [04:47 > 1:21:25]
L-BFGS:  95%|█████████▍| 473/500 [04:40 > 1:21:35]
L-BFGS:  95%|█████████▍| 474/500 [04:29 > 1:21:45]
L-BFGS:  95%|█████████▌| 475/500 [04:21 > 1:21:56]
L-BFGS:  95%|█████████▌| 476/500 [04:12 > 1:22:07]
L-BFGS:  95%|█████████▌| 477/500 [04:00 > 1:22:17]
L-BFGS:  96%|█████████▌| 478/500 [03:51 > 1:22:28]
L-BFGS:  96%|█████████▌| 479/500 [03:41 > 1:22:38]
L-BFGS:  96%|█████████▌| 480/500 [03:29 > 1:22:49]
L-BFGS:  96%|█████████▌| 481/500 [03:17 > 1:22:59]
L-BFGS:  96%|█████████▋| 482/500 [03:06 > 1:23:09]
L-BFGS:  97%|█████████▋| 483/500 [02:54 > 1:23:19]
L-BFGS:  97%|█████████▋| 484/500 [02:45 > 1:23:30]
L-BFGS:  97%|█████████▋| 485/500 [02:34 > 1:23:40]
L-BFGS:  97%|█████████▋| 486/500 [02:23 > 1:23:50]
L-BFGS:  97%|█████████▋| 487/500 [02:12 > 1:24:00]
L-BFGS:  98%|█████████▊| 488/500 [02:02 > 1:24:10]
L-BFGS:  98%|█████████▊| 489/500 [01:51 > 1:24:21]
L-BFGS:  98%|█████████▊| 490/500 [01:41 > 1:24:31]
L-BFGS:  98%|█████████▊| 491/500 [01:31 > 1:24:41]
L-BFGS:  98%|█████████▊| 492/500 [01:22 > 1:24:51]
L-BFGS:  99%|█████████▊| 493/500 [01:11 > 1:25:01]
L-BFGS:  99%|█████████▉| 494/500 [01:01 > 1:25:12]
L-BFGS:  99%|█████████▉| 495/500 [00:51 > 1:25:22]
L-BFGS:  99%|█████████▉| 496/500 [00:41 > 1:25:33]
L-BFGS:  99%|█████████▉| 497/500 [00:31 > 1:25:43]
L-BFGS: 100%|█████████▉| 498/500 [00:20 > 1:25:54]
L-BFGS: 100%|█████████▉| 499/500 [00:10 > 1:26:04]
L-BFGS: 100%|██████████| 500/500 [00:00 > 1:26:14]
L-BFGS: 100%|██████████| 500/500 [00:00 > 1:26:14]
Training saved: C:\Ali Computation\pinn\code\heterogeneous\pino_heterogeneous\results\exp_Sb_piecewise_K100_N100_z4_min10pct_w64_float64_lbfgs500_maxiter20\pino_heterogeneous_concentration.png C:\Ali Computation\pinn\code\heterogeneous\pino_heterogeneous\results\exp_Sb_piecewise_K100_N100_z4_min10pct_w64_float64_lbfgs500_maxiter20\pino_heterogeneous_loss.png C:\Ali Computation\pinn\code\heterogeneous\pino_heterogeneous\results\exp_Sb_piecewise_K100_N100_z4_min10pct_w64_float64_lbfgs500_maxiter20\pino_heterogeneous_model.pt
COMSOL validation: 81 media -> C:\Ali Computation\pinn\code\heterogeneous\pino_heterogeneous\results\exp_Sb_piecewise_K100_N100_z4_min10pct_w64_float64_lbfgs500_maxiter20\comsol_validation  (x* collocation n=86)

COMSOL vs PINO:   0%|          | 0/81 [00:00<?, ?it/s]
COMSOL vs PINO:   1%|          | 1/81 [00:01<01:24,  1.05s/it]
COMSOL vs PINO:   2%|▏         | 2/81 [00:02<01:24,  1.06s/it]
COMSOL vs PINO:   4%|▎         | 3/81 [00:03<01:22,  1.06s/it]
COMSOL vs PINO:   5%|▍         | 4/81 [00:04<01:21,  1.05s/it]
COMSOL vs PINO:   6%|▌         | 5/81 [00:05<01:26,  1.13s/it]
COMSOL vs PINO:   7%|▋         | 6/81 [00:06<01:22,  1.09s/it]
COMSOL vs PINO:   9%|▊         | 7/81 [00:07<01:20,  1.09s/it]
COMSOL vs PINO:  10%|▉         | 8/81 [00:08<01:18,  1.08s/it]
COMSOL vs PINO:  11%|█         | 9/81 [00:09<01:16,  1.07s/it]
COMSOL vs PINO:  12%|█▏        | 10/81 [00:10<01:15,  1.06s/it]
COMSOL vs PINO:  14%|█▎        | 11/81 [00:11<01:13,  1.05s/it]
COMSOL vs PINO:  15%|█▍        | 12/81 [00:12<01:11,  1.04s/it]
COMSOL vs PINO:  16%|█▌        | 13/81 [00:13<01:11,  1.04s/it]
COMSOL vs PINO:  17%|█▋        | 14/81 [00:14<01:10,  1.05s/it]
COMSOL vs PINO:  19%|█▊        | 15/81 [00:15<01:09,  1.05s/it]
COMSOL vs PINO:  20%|█▉        | 16/81 [00:17<01:09,  1.06s/it]
COMSOL vs PINO:  21%|██        | 17/81 [00:18<01:08,  1.07s/it]
COMSOL vs PINO:  22%|██▏       | 18/81 [00:19<01:07,  1.07s/it]
COMSOL vs PINO:  23%|██▎       | 19/81 [00:20<01:06,  1.07s/it]
COMSOL vs PINO:  25%|██▍       | 20/81 [00:21<01:11,  1.16s/it]
COMSOL vs PINO:  26%|██▌       | 21/81 [00:22<01:07,  1.13s/it]
COMSOL vs PINO:  27%|██▋       | 22/81 [00:23<01:05,  1.11s/it]
COMSOL vs PINO:  28%|██▊       | 23/81 [00:24<01:03,  1.10s/it]
COMSOL vs PINO:  30%|██▉       | 24/81 [00:25<01:01,  1.09s/it]
COMSOL vs PINO:  31%|███       | 25/81 [00:26<01:00,  1.08s/it]
COMSOL vs PINO:  32%|███▏      | 26/81 [00:28<00:59,  1.08s/it]
COMSOL vs PINO:  33%|███▎      | 27/81 [00:29<00:58,  1.08s/it]
COMSOL vs PINO:  35%|███▍      | 28/81 [00:30<00:56,  1.08s/it]
COMSOL vs PINO:  36%|███▌      | 29/81 [00:31<00:55,  1.08s/it]
COMSOL vs PINO:  37%|███▋      | 30/81 [00:32<00:54,  1.07s/it]
COMSOL vs PINO:  38%|███▊      | 31/81 [00:33<00:53,  1.07s/it]
COMSOL vs PINO:  40%|███▉      | 32/81 [00:34<00:52,  1.07s/it]
COMSOL vs PINO:  41%|████      | 33/81 [00:35<00:51,  1.07s/it]
COMSOL vs PINO:  42%|████▏     | 34/81 [00:36<00:50,  1.08s/it]
COMSOL vs PINO:  43%|████▎     | 35/81 [00:38<00:54,  1.19s/it]
COMSOL vs PINO:  44%|████▍     | 36/81 [00:39<00:52,  1.16s/it]
COMSOL vs PINO:  46%|████▌     | 37/81 [00:40<00:49,  1.13s/it]
COMSOL vs PINO:  47%|████▋     | 38/81 [00:41<00:48,  1.12s/it]
COMSOL vs PINO:  48%|████▊     | 39/81 [00:42<00:46,  1.11s/it]
COMSOL vs PINO:  49%|████▉     | 40/81 [00:43<00:45,  1.12s/it]
COMSOL vs PINO:  51%|█████     | 41/81 [00:44<00:44,  1.10s/it]
COMSOL vs PINO:  52%|█████▏    | 42/81 [00:45<00:42,  1.08s/it]
COMSOL vs PINO:  53%|█████▎    | 43/81 [00:46<00:40,  1.07s/it]
COMSOL vs PINO:  54%|█████▍    | 44/81 [00:47<00:39,  1.06s/it]
COMSOL vs PINO:  56%|█████▌    | 45/81 [00:48<00:38,  1.06s/it]
COMSOL vs PINO:  57%|█████▋    | 46/81 [00:49<00:37,  1.06s/it]
COMSOL vs PINO:  58%|█████▊    | 47/81 [00:50<00:36,  1.06s/it]
COMSOL vs PINO:  59%|█████▉    | 48/81 [00:52<00:37,  1.15s/it]
COMSOL vs PINO:  60%|██████    | 49/81 [00:53<00:35,  1.12s/it]
COMSOL vs PINO:  62%|██████▏   | 50/81 [00:54<00:34,  1.10s/it]
COMSOL vs PINO:  63%|██████▎   | 51/81 [00:55<00:32,  1.09s/it]
COMSOL vs PINO:  64%|██████▍   | 52/81 [00:56<00:31,  1.09s/it]
COMSOL vs PINO:  65%|██████▌   | 53/81 [00:57<00:30,  1.09s/it]
COMSOL vs PINO:  67%|██████▋   | 54/81 [00:58<00:28,  1.07s/it]
COMSOL vs PINO:  68%|██████▊   | 55/81 [00:59<00:27,  1.06s/it]
COMSOL vs PINO:  69%|██████▉   | 56/81 [01:00<00:26,  1.06s/it]
COMSOL vs PINO:  70%|███████   | 57/81 [01:01<00:25,  1.06s/it]
COMSOL vs PINO:  72%|███████▏  | 58/81 [01:02<00:24,  1.06s/it]
COMSOL vs PINO:  73%|███████▎  | 59/81 [01:03<00:23,  1.06s/it]
COMSOL vs PINO:  74%|███████▍  | 60/81 [01:05<00:22,  1.06s/it]
COMSOL vs PINO:  75%|███████▌  | 61/81 [01:06<00:21,  1.06s/it]
COMSOL vs PINO:  77%|███████▋  | 62/81 [01:07<00:20,  1.08s/it]
COMSOL vs PINO:  78%|███████▊  | 63/81 [01:08<00:21,  1.17s/it]
COMSOL vs PINO:  79%|███████▉  | 64/81 [01:09<00:19,  1.13s/it]
COMSOL vs PINO:  80%|████████  | 65/81 [01:10<00:17,  1.11s/it]
COMSOL vs PINO:  81%|████████▏ | 66/81 [01:11<00:16,  1.10s/it]
COMSOL vs PINO:  83%|████████▎ | 67/81 [01:12<00:15,  1.08s/it]
COMSOL vs PINO:  84%|████████▍ | 68/81 [01:13<00:14,  1.08s/it]
COMSOL vs PINO:  85%|████████▌ | 69/81 [01:14<00:12,  1.07s/it]
COMSOL vs PINO:  86%|████████▋ | 70/81 [01:15<00:11,  1.07s/it]
COMSOL vs PINO:  88%|████████▊ | 71/81 [01:17<00:10,  1.06s/it]
COMSOL vs PINO:  89%|████████▉ | 72/81 [01:18<00:09,  1.06s/it]
COMSOL vs PINO:  90%|█████████ | 73/81 [01:19<00:08,  1.07s/it]
COMSOL vs PINO:  91%|█████████▏| 74/81 [01:20<00:07,  1.07s/it]
COMSOL vs PINO:  93%|█████████▎| 75/81 [01:21<00:06,  1.07s/it]
COMSOL vs PINO:  94%|█████████▍| 76/81 [01:22<00:05,  1.07s/it]
COMSOL vs PINO:  95%|█████████▌| 77/81 [01:23<00:04,  1.07s/it]
COMSOL vs PINO:  96%|█████████▋| 78/81 [01:24<00:03,  1.17s/it]
COMSOL vs PINO:  98%|█████████▊| 79/81 [01:25<00:02,  1.14s/it]
COMSOL vs PINO:  99%|█████████▉| 80/81 [01:26<00:01,  1.11s/it]
COMSOL vs PINO: 100%|██████████| 81/81 [01:28<00:00,  1.09s/it]
COMSOL vs PINO: 100%|██████████| 81/81 [01:28<00:00,  1.09s/it]
COMSOL validation summary: n=81  mean=4.587900e-02  max=9.658637e-02  min=1.484496e-02
Wrote C:\Ali Computation\pinn\code\heterogeneous\pino_heterogeneous\results\exp_Sb_piecewise_K100_N100_z4_min10pct_w64_float64_lbfgs500_maxiter20\comsol_validation\comsol_validation_summary.csv
Run metadata: C:\Ali Computation\pinn\code\heterogeneous\pino_heterogeneous\results\exp_Sb_piecewise_K100_N100_z4_min10pct_w64_float64_lbfgs500_maxiter20\run_meta.json
Wall-clock train: 5175.7 s
Wall-clock validation: 88.0 s
Wall-clock total: 5271.7 s  device=cuda

# exit 0 after 1:27:55.875545
