# code/heterogeneous/pino_heterogeneous/pinn1d_heterogeneous_parametric_neural_operator.py --design grf --n-sensors 100 --n-grf 0 --n-piecewise-per-zones 100 --piecewise-zone-counts 4 --min-zone-frac 0.1 --arch w64 --dtype float64 --early-stop-patience 150 --lr-lbfgs 0.1 --lbfgs-max-iter 5 --epochs 500 --ic-x0-t0 1 --out-dir results/exp_Sc_piecewise_K100_N100_z4_min10pct_w64_float64_lbfgs500_maxiter5_icx0C0
# started 2026-06-24 13:41:47
# cwd C:\Ali Computation\pinn\code\heterogeneous\pino_heterogeneous

Using GPU: NVIDIA GeForce RTX 3090 (cuda:0, dtype=torch.float64)
PE (computed) = 0.010368
design=grf  media_mode=grf  n_train_requested=100  n_corner_anchors=16  arch=w64  batch_mode=True
branch=[100, 64, 64, 64]  trunk=[2, 64, 64, 64, 64]
results_dir=C:\Ali Computation\pinn\code\heterogeneous\pino_heterogeneous\results\exp_Sc_piecewise_K100_N100_z4_min10pct_w64_float64_lbfgs500_maxiter5_icx0C0
Training: 100 piecewise (100 each for zones [4]), min_zone_frac=0.1 = 100 total; K=100 uniform sensors, grid_n=201
  saved/loaded: C:\Ali Computation\pinn\code\heterogeneous\pino_heterogeneous\results\exp_Sc_piecewise_K100_N100_z4_min10pct_w64_float64_lbfgs500_maxiter5_icx0C0\train_grf_cases.npz
  branch CFL range [0.120517, 0.599951]
PDE mesh: bulk 50x50x100 (no interface bands in GRF mode)
COMSOL validation: 81 fixed grid cases from comsol_4zones.txt -> C:\Ali Computation\pinn\code\heterogeneous\pino_heterogeneous\results\exp_Sc_piecewise_K100_N100_z4_min10pct_w64_float64_lbfgs500_maxiter5_icx0C0\comsol_validation
run_training=True  run_comsol_validation=True  validate_only=False  skip_validation_plots=False
IC: C*(0,0)=1 only (no domain-wide t*=0 IC)
L-BFGS early stopping: patience=150 (max steps=500)
L-BFGS: lr=0.1  max_iter=5  outer_steps=500
PDE collocation points: 250,000 (bulk 250,000, interface 0)
Collocation mesh plot (pre-train): C:\Ali Computation\pinn\code\heterogeneous\pino_heterogeneous\results\exp_Sc_piecewise_K100_N100_z4_min10pct_w64_float64_lbfgs500_maxiter5_icx0C0\pino_heterogeneous_collocation_points.png
LBFGS (
Parameter Group 0
    history_size: 50
    line_search_fn: strong_wolfe
    lr: 0.1
    max_eval: 6
    max_iter: 5
    tolerance_change: 1e-09
    tolerance_grad: 1e-07
)
Early stopping: patience=150 L-BFGS steps (no total-loss improvement, rtol=1e-12)

L-BFGS:   0%|          | 0/500 [? > 00:00]
L-BFGS:   0%|          | 1/500 [26:10 > 00:03]
L-BFGS:   0%|          | 2/500 [22:18 > 00:05]
L-BFGS:   1%|          | 3/500 [22:30 > 00:08]
L-BFGS:   1%|          | 4/500 [22:35 > 00:11]
L-BFGS:   1%|          | 5/500 [22:36 > 00:13]
L-BFGS:   1%|          | 6/500 [22:37 > 00:16]
L-BFGS:   1%|▏         | 7/500 [22:38 > 00:19]
L-BFGS:   2%|▏         | 8/500 [22:37 > 00:22]
L-BFGS:   2%|▏         | 9/500 [22:38 > 00:24]
L-BFGS:   2%|▏         | 10/500 [22:38 > 00:27]
L-BFGS:   2%|▏         | 11/500 [21:40 > 00:30]
L-BFGS:   2%|▏         | 12/500 [21:58 > 00:32]
L-BFGS:   3%|▎         | 13/500 [22:10 > 00:35]
L-BFGS:   3%|▎         | 14/500 [22:16 > 00:38]
L-BFGS:   3%|▎         | 15/500 [22:20 > 00:41]
L-BFGS:   3%|▎         | 16/500 [22:22 > 00:44]
L-BFGS:   3%|▎         | 17/500 [22:24 > 00:46]
L-BFGS:   4%|▎         | 18/500 [22:24 > 00:49]
L-BFGS:   4%|▍         | 19/500 [22:23 > 00:52]
L-BFGS:   4%|▍         | 20/500 [22:23 > 00:55]
L-BFGS:   4%|▍         | 21/500 [21:27 > 00:57]
L-BFGS:   4%|▍         | 22/500 [21:43 > 01:00]
L-BFGS:   5%|▍         | 23/500 [21:54 > 01:03]
L-BFGS:   5%|▍         | 24/500 [22:01 > 01:06]
L-BFGS:   5%|▌         | 25/500 [22:05 > 01:08]
L-BFGS:   5%|▌         | 26/500 [21:11 > 01:11]
L-BFGS:   5%|▌         | 27/500 [20:34 > 01:13]
L-BFGS:   6%|▌         | 28/500 [21:01 > 01:16]
L-BFGS:   6%|▌         | 29/500 [21:19 > 01:19]
L-BFGS:   6%|▌         | 30/500 [21:31 > 01:22]
L-BFGS:   6%|▌         | 31/500 [21:42 > 01:25]
L-BFGS:   6%|▋         | 32/500 [21:53 > 01:28]
L-BFGS:   7%|▋         | 33/500 [21:59 > 01:30]
L-BFGS:   7%|▋         | 34/500 [21:06 > 01:33]
L-BFGS:   7%|▋         | 35/500 [21:23 > 01:36]
L-BFGS:   7%|▋         | 36/500 [21:34 > 01:39]
L-BFGS:   7%|▋         | 37/500 [20:46 > 01:41]
L-BFGS:   8%|▊         | 38/500 [21:07 > 01:44]
L-BFGS:   8%|▊         | 39/500 [21:22 > 01:47]
L-BFGS:   8%|▊         | 40/500 [21:31 > 01:50]
L-BFGS:   8%|▊         | 41/500 [21:36 > 01:53]
L-BFGS:   8%|▊         | 42/500 [21:38 > 01:55]
L-BFGS:   9%|▊         | 43/500 [20:44 > 01:58]
L-BFGS:   9%|▉         | 44/500 [20:06 > 02:00]
L-BFGS:   9%|▉         | 45/500 [19:39 > 02:03]
L-BFGS:   9%|▉         | 46/500 [19:18 > 02:05]
L-BFGS:   9%|▉         | 47/500 [19:05 > 02:08]
L-BFGS:  10%|▉         | 48/500 [18:53 > 02:10]
L-BFGS:  10%|▉         | 49/500 [19:39 > 02:13]
L-BFGS:  10%|█         | 50/500 [20:10 > 02:16]
L-BFGS:  10%|█         | 51/500 [19:35 > 02:18]
L-BFGS:  10%|█         | 52/500 [20:05 > 02:21]
L-BFGS:  11%|█         | 53/500 [20:27 > 02:24]
L-BFGS:  11%|█         | 54/500 [20:42 > 02:27]
L-BFGS:  11%|█         | 55/500 [19:57 > 02:29]
L-BFGS:  11%|█         | 56/500 [19:24 > 02:32]
L-BFGS:  11%|█▏        | 57/500 [19:54 > 02:35]
L-BFGS:  12%|█▏        | 58/500 [19:19 > 02:37]
L-BFGS:  12%|█▏        | 59/500 [18:57 > 02:40]
L-BFGS:  12%|█▏        | 60/500 [18:40 > 02:42]
L-BFGS:  12%|█▏        | 61/500 [18:26 > 02:45]
L-BFGS:  12%|█▏        | 62/500 [19:08 > 02:47]
L-BFGS:  13%|█▎        | 63/500 [19:38 > 02:50]
L-BFGS:  13%|█▎        | 64/500 [19:57 > 02:53]
L-BFGS:  13%|█▎        | 65/500 [20:14 > 02:56]
L-BFGS:  13%|█▎        | 66/500 [20:21 > 02:59]
L-BFGS:  13%|█▎        | 67/500 [19:32 > 03:01]
L-BFGS:  14%|█▎        | 68/500 [19:51 > 03:04]
L-BFGS:  14%|█▍        | 69/500 [19:09 > 03:07]
L-BFGS:  14%|█▍        | 70/500 [19:33 > 03:10]
L-BFGS:  14%|█▍        | 71/500 [19:49 > 03:13]
L-BFGS:  14%|█▍        | 72/500 [19:57 > 03:15]
L-BFGS:  15%|█▍        | 73/500 [19:58 > 03:18]
L-BFGS:  15%|█▍        | 74/500 [19:57 > 03:21]
L-BFGS:  15%|█▌        | 75/500 [19:56 > 03:24]
L-BFGS:  15%|█▌        | 76/500 [19:54 > 03:27]
L-BFGS:  15%|█▌        | 77/500 [19:02 > 03:29]
L-BFGS:  16%|█▌        | 78/500 [18:25 > 03:32]
L-BFGS:  16%|█▌        | 79/500 [17:58 > 03:34]
L-BFGS:  16%|█▌        | 80/500 [17:38 > 03:36]
L-BFGS:  16%|█▌        | 81/500 [18:15 > 03:39]
L-BFGS:  16%|█▋        | 82/500 [18:39 > 03:42]
L-BFGS:  17%|█▋        | 83/500 [18:54 > 03:45]
L-BFGS:  17%|█▋        | 84/500 [19:07 > 03:48]
L-BFGS:  17%|█▋        | 85/500 [18:24 > 03:50]
L-BFGS:  17%|█▋        | 86/500 [18:41 > 03:53]
L-BFGS:  17%|█▋        | 87/500 [18:03 > 03:55]
L-BFGS:  18%|█▊        | 88/500 [18:26 > 03:58]
L-BFGS:  18%|█▊        | 89/500 [17:51 > 04:01]
L-BFGS:  18%|█▊        | 90/500 [17:26 > 04:03]
L-BFGS:  18%|█▊        | 91/500 [17:57 > 04:06]
L-BFGS:  18%|█▊        | 92/500 [17:29 > 04:08]
L-BFGS:  19%|█▊        | 93/500 [17:08 > 04:11]
L-BFGS:  19%|█▉        | 94/500 [17:42 > 04:14]
L-BFGS:  19%|█▉        | 95/500 [18:05 > 04:16]
L-BFGS:  19%|█▉        | 96/500 [17:32 > 04:19]
L-BFGS:  19%|█▉        | 97/500 [17:10 > 04:21]
L-BFGS:  20%|█▉        | 98/500 [17:40 > 04:24]
L-BFGS:  20%|█▉        | 99/500 [17:13 > 04:27]
L-BFGS:  20%|██        | 100/500 [17:42 > 04:29]
L-BFGS:  20%|██        | 101/500 [17:59 > 04:32]
L-BFGS:  20%|██        | 102/500 [17:23 > 04:35]
L-BFGS:  21%|██        | 103/500 [17:44 > 04:37]
L-BFGS:  21%|██        | 104/500 [17:58 > 04:40]
L-BFGS:  21%|██        | 105/500 [18:07 > 04:43]
L-BFGS:  21%|██        | 106/500 [18:13 > 04:46]
L-BFGS:  21%|██▏       | 107/500 [18:16 > 04:49]
L-BFGS:  22%|██▏       | 108/500 [18:16 > 04:52]
L-BFGS:  22%|██▏       | 109/500 [17:30 > 04:54]
L-BFGS:  22%|██▏       | 110/500 [16:57 > 04:56]
L-BFGS:  22%|██▏       | 111/500 [17:21 > 04:59]
L-BFGS:  22%|██▏       | 112/500 [16:49 > 05:02]
L-BFGS:  23%|██▎       | 113/500 [16:27 > 05:04]
L-BFGS:  23%|██▎       | 114/500 [16:11 > 05:07]
L-BFGS:  23%|██▎       | 115/500 [15:58 > 05:09]
L-BFGS:  23%|██▎       | 116/500 [16:35 > 05:12]
L-BFGS:  23%|██▎       | 117/500 [16:59 > 05:15]
L-BFGS:  24%|██▎       | 118/500 [16:29 > 05:17]
L-BFGS:  24%|██▍       | 119/500 [16:08 > 05:19]
L-BFGS:  24%|██▍       | 120/500 [16:38 > 05:22]
L-BFGS:  24%|██▍       | 121/500 [16:57 > 05:25]
L-BFGS:  24%|██▍       | 122/500 [16:26 > 05:28]
L-BFGS:  25%|██▍       | 123/500 [16:48 > 05:30]
L-BFGS:  25%|██▍       | 124/500 [16:17 > 05:33]
L-BFGS:  25%|██▌       | 125/500 [15:55 > 05:35]
L-BFGS:  25%|██▌       | 126/500 [16:23 > 05:38]
L-BFGS:  25%|██▌       | 127/500 [16:44 > 05:41]
L-BFGS:  26%|██▌       | 128/500 [16:56 > 05:44]
L-BFGS:  26%|██▌       | 129/500 [16:20 > 05:46]
L-BFGS:  26%|██▌       | 130/500 [16:40 > 05:49]
L-BFGS:  26%|██▌       | 131/500 [16:51 > 05:52]
L-BFGS:  26%|██▋       | 132/500 [16:57 > 05:55]
L-BFGS:  27%|██▋       | 133/500 [16:17 > 05:57]
L-BFGS:  27%|██▋       | 134/500 [15:50 > 05:59]
L-BFGS:  27%|██▋       | 135/500 [16:12 > 06:02]
L-BFGS:  27%|██▋       | 136/500 [15:44 > 06:05]
L-BFGS:  27%|██▋       | 137/500 [15:24 > 06:07]
L-BFGS:  28%|██▊       | 138/500 [15:52 > 06:10]
L-BFGS:  28%|██▊       | 139/500 [16:10 > 06:13]
L-BFGS:  28%|██▊       | 140/500 [16:23 > 06:16]
L-BFGS:  28%|██▊       | 141/500 [16:30 > 06:18]
L-BFGS:  28%|██▊       | 142/500 [16:38 > 06:21]
L-BFGS:  29%|██▊       | 143/500 [16:00 > 06:24]
L-BFGS:  29%|██▉       | 144/500 [15:34 > 06:26]
L-BFGS:  29%|██▉       | 145/500 [15:14 > 06:29]
L-BFGS:  29%|██▉       | 146/500 [15:43 > 06:32]
L-BFGS:  29%|██▉       | 147/500 [15:19 > 06:34]
L-BFGS:  30%|██▉       | 148/500 [15:45 > 06:37]
L-BFGS:  30%|██▉       | 149/500 [16:01 > 06:40]
L-BFGS:  30%|███       | 150/500 [16:12 > 06:43]
L-BFGS:  30%|███       | 151/500 [16:19 > 06:46]
L-BFGS:  30%|███       | 152/500 [15:41 > 06:48]
L-BFGS:  31%|███       | 153/500 [15:54 > 06:51]
L-BFGS:  31%|███       | 154/500 [16:05 > 06:54]
L-BFGS:  31%|███       | 155/500 [15:29 > 06:56]
L-BFGS:  31%|███       | 156/500 [15:44 > 06:59]
L-BFGS:  31%|███▏      | 157/500 [15:55 > 07:02]
L-BFGS:  32%|███▏      | 158/500 [15:20 > 07:04]
L-BFGS:  32%|███▏      | 159/500 [14:55 > 07:07]
L-BFGS:  32%|███▏      | 160/500 [14:36 > 07:09]
L-BFGS:  32%|███▏      | 161/500 [15:03 > 07:12]
L-BFGS:  32%|███▏      | 162/500 [14:40 > 07:15]
L-BFGS:  33%|███▎      | 163/500 [15:03 > 07:18]
L-BFGS:  33%|███▎      | 164/500 [14:38 > 07:20]
L-BFGS:  33%|███▎      | 165/500 [15:01 > 07:23]
L-BFGS:  33%|███▎      | 166/500 [15:17 > 07:26]
L-BFGS:  33%|███▎      | 167/500 [14:45 > 07:28]
L-BFGS:  34%|███▎      | 168/500 [15:03 > 07:31]
L-BFGS:  34%|███▍      | 169/500 [15:15 > 07:34]
L-BFGS:  34%|███▍      | 170/500 [15:22 > 07:37]
L-BFGS:  34%|███▍      | 171/500 [15:26 > 07:40]
L-BFGS:  34%|███▍      | 172/500 [15:28 > 07:43]
L-BFGS:  35%|███▍      | 173/500 [14:49 > 07:45]
L-BFGS:  35%|███▍      | 174/500 [15:01 > 07:48]
L-BFGS:  35%|███▌      | 175/500 [15:08 > 07:51]
L-BFGS:  35%|███▌      | 176/500 [15:12 > 07:54]
L-BFGS:  35%|███▌      | 177/500 [15:15 > 07:57]
L-BFGS:  36%|███▌      | 178/500 [14:37 > 07:59]
L-BFGS:  36%|███▌      | 179/500 [14:09 > 08:01]
L-BFGS:  36%|███▌      | 180/500 [13:49 > 08:04]
L-BFGS:  36%|███▌      | 181/500 [14:11 > 08:07]
L-BFGS:  36%|███▋      | 182/500 [14:28 > 08:10]
L-BFGS:  37%|███▋      | 183/500 [14:37 > 08:12]
L-BFGS:  37%|███▋      | 184/500 [14:40 > 08:15]
L-BFGS:  37%|███▋      | 185/500 [14:40 > 08:18]
L-BFGS:  37%|███▋      | 186/500 [14:04 > 08:21]
L-BFGS:  37%|███▋      | 187/500 [13:37 > 08:23]
L-BFGS:  38%|███▊      | 188/500 [13:17 > 08:25]
L-BFGS:  38%|███▊      | 189/500 [13:02 > 08:28]
L-BFGS:  38%|███▊      | 190/500 [12:52 > 08:30]
L-BFGS:  38%|███▊      | 191/500 [13:20 > 08:33]
L-BFGS:  38%|███▊      | 192/500 [13:03 > 08:36]
L-BFGS:  39%|███▊      | 193/500 [13:28 > 08:38]
L-BFGS:  39%|███▉      | 194/500 [13:43 > 08:41]
L-BFGS:  39%|███▉      | 195/500 [13:53 > 08:44]
L-BFGS:  39%|███▉      | 196/500 [13:58 > 08:47]
L-BFGS:  39%|███▉      | 197/500 [14:02 > 08:50]
L-BFGS:  40%|███▉      | 198/500 [13:27 > 08:52]
L-BFGS:  40%|███▉      | 199/500 [13:38 > 08:55]
L-BFGS:  40%|████      | 200/500 [13:46 > 08:58]
L-BFGS:  40%|████      | 201/500 [13:15 > 09:00]
L-BFGS:  40%|████      | 202/500 [12:52 > 09:03]
L-BFGS:  41%|████      | 203/500 [12:34 > 09:05]
L-BFGS:  41%|████      | 204/500 [12:57 > 09:08]
L-BFGS:  41%|████      | 205/500 [12:36 > 09:10]
L-BFGS:  41%|████      | 206/500 [12:21 > 09:13]
L-BFGS:  41%|████▏     | 207/500 [12:45 > 09:16]
L-BFGS:  42%|████▏     | 208/500 [12:26 > 09:18]
L-BFGS:  42%|████▏     | 209/500 [12:47 > 09:21]
L-BFGS:  42%|████▏     | 210/500 [13:01 > 09:24]
L-BFGS:  42%|████▏     | 211/500 [12:36 > 09:26]
L-BFGS:  42%|████▏     | 212/500 [12:51 > 09:29]
L-BFGS:  43%|████▎     | 213/500 [12:27 > 09:31]
L-BFGS:  43%|████▎     | 214/500 [12:43 > 09:34]
L-BFGS:  43%|████▎     | 215/500 [12:56 > 09:37]
L-BFGS:  43%|████▎     | 216/500 [12:29 > 09:39]
L-BFGS:  43%|████▎     | 217/500 [12:42 > 09:42]
L-BFGS:  44%|████▎     | 218/500 [12:50 > 09:45]
L-BFGS:  44%|████▍     | 219/500 [12:22 > 09:48]
L-BFGS:  44%|████▍     | 220/500 [12:02 > 09:50]
L-BFGS:  44%|████▍     | 221/500 [11:48 > 09:52]
L-BFGS:  44%|████▍     | 222/500 [12:09 > 09:55]
L-BFGS:  45%|████▍     | 223/500 [12:23 > 09:58]
L-BFGS:  45%|████▍     | 224/500 [12:32 > 10:01]
L-BFGS:  45%|████▌     | 225/500 [12:38 > 10:04]
L-BFGS:  45%|████▌     | 226/500 [12:41 > 10:07]
L-BFGS:  45%|████▌     | 227/500 [12:10 > 10:09]
L-BFGS:  46%|████▌     | 228/500 [12:20 > 10:12]
L-BFGS:  46%|████▌     | 229/500 [12:25 > 10:15]
L-BFGS:  46%|████▌     | 230/500 [12:29 > 10:17]
L-BFGS:  46%|████▌     | 231/500 [12:30 > 10:20]
L-BFGS:  46%|████▋     | 232/500 [12:30 > 10:23]
L-BFGS:  47%|████▋     | 233/500 [12:30 > 10:26]
L-BFGS:  47%|████▋     | 234/500 [12:29 > 10:29]
L-BFGS:  47%|████▋     | 235/500 [11:56 > 10:31]
L-BFGS:  47%|████▋     | 236/500 [11:31 > 10:34]
L-BFGS:  47%|████▋     | 237/500 [11:45 > 10:36]
L-BFGS:  48%|████▊     | 238/500 [11:53 > 10:39]
L-BFGS:  48%|████▊     | 239/500 [11:27 > 10:42]
L-BFGS:  48%|████▊     | 240/500 [11:08 > 10:44]
L-BFGS:  48%|████▊     | 241/500 [11:26 > 10:47]
L-BFGS:  48%|████▊     | 242/500 [11:37 > 10:50]
L-BFGS:  49%|████▊     | 243/500 [11:14 > 10:52]
L-BFGS:  49%|████▉     | 244/500 [11:32 > 10:55]
L-BFGS:  49%|████▉     | 245/500 [11:20 > 10:58]
L-BFGS:  49%|████▉     | 246/500 [11:40 > 11:01]
L-BFGS:  49%|████▉     | 247/500 [11:44 > 11:04]
L-BFGS:  50%|████▉     | 248/500 [11:15 > 11:06]
L-BFGS:  50%|████▉     | 249/500 [10:55 > 11:08]
L-BFGS:  50%|█████     | 250/500 [11:10 > 11:11]
L-BFGS:  50%|█████     | 251/500 [11:21 > 11:14]
L-BFGS:  50%|█████     | 252/500 [11:29 > 11:17]
L-BFGS:  51%|█████     | 253/500 [11:34 > 11:20]
L-BFGS:  51%|█████     | 254/500 [11:37 > 11:23]
L-BFGS:  51%|█████     | 255/500 [11:08 > 11:25]
L-BFGS:  51%|█████     | 256/500 [11:16 > 11:28]
L-BFGS:  51%|█████▏    | 257/500 [10:52 > 11:31]
L-BFGS:  52%|█████▏    | 258/500 [11:02 > 11:33]
L-BFGS:  52%|█████▏    | 259/500 [10:39 > 11:36]
L-BFGS:  52%|█████▏    | 260/500 [10:53 > 11:39]
L-BFGS:  52%|█████▏    | 261/500 [10:32 > 11:41]
L-BFGS:  52%|█████▏    | 262/500 [10:18 > 11:44]
L-BFGS:  53%|█████▎    | 263/500 [10:36 > 11:47]
L-BFGS:  53%|█████▎    | 264/500 [10:47 > 11:50]
L-BFGS:  53%|█████▎    | 265/500 [10:54 > 11:52]
L-BFGS:  53%|█████▎    | 266/500 [10:58 > 11:55]
L-BFGS:  53%|█████▎    | 267/500 [10:31 > 11:58]
L-BFGS:  54%|█████▎    | 268/500 [10:42 > 12:01]
L-BFGS:  54%|█████▍    | 269/500 [10:19 > 12:03]
L-BFGS:  54%|█████▍    | 270/500 [10:02 > 12:06]
L-BFGS:  54%|█████▍    | 271/500 [10:18 > 12:09]
L-BFGS:  54%|█████▍    | 272/500 [10:27 > 12:11]
L-BFGS:  55%|█████▍    | 273/500 [10:05 > 12:14]
L-BFGS:  55%|█████▍    | 274/500 [09:50 > 12:16]
L-BFGS:  55%|█████▌    | 275/500 [10:05 > 12:19]
L-BFGS:  55%|█████▌    | 276/500 [09:47 > 12:22]
L-BFGS:  55%|█████▌    | 277/500 [09:35 > 12:24]
L-BFGS:  56%|█████▌    | 278/500 [09:26 > 12:27]
L-BFGS:  56%|█████▌    | 279/500 [09:45 > 12:30]
L-BFGS:  56%|█████▌    | 280/500 [09:58 > 12:32]
L-BFGS:  56%|█████▌    | 281/500 [09:39 > 12:35]
L-BFGS:  56%|█████▋    | 282/500 [09:26 > 12:37]
L-BFGS:  57%|█████▋    | 283/500 [09:41 > 12:40]
L-BFGS:  57%|█████▋    | 284/500 [09:51 > 12:43]
L-BFGS:  57%|█████▋    | 285/500 [09:32 > 12:46]
L-BFGS:  57%|█████▋    | 286/500 [09:17 > 12:48]
L-BFGS:  57%|█████▋    | 287/500 [09:32 > 12:51]
L-BFGS:  58%|█████▊    | 288/500 [09:41 > 12:54]
L-BFGS:  58%|█████▊    | 289/500 [09:46 > 12:57]
L-BFGS:  58%|█████▊    | 290/500 [09:50 > 13:00]
L-BFGS:  58%|█████▊    | 291/500 [09:26 > 13:02]
L-BFGS:  58%|█████▊    | 292/500 [09:34 > 13:05]
L-BFGS:  59%|█████▊    | 293/500 [09:37 > 13:08]
L-BFGS:  59%|█████▉    | 294/500 [09:38 > 13:11]
L-BFGS:  59%|█████▉    | 295/500 [09:37 > 13:13]
L-BFGS:  59%|█████▉    | 296/500 [09:11 > 13:16]
L-BFGS:  59%|█████▉    | 297/500 [08:52 > 13:18]
L-BFGS:  60%|█████▉    | 298/500 [09:02 > 13:21]
L-BFGS:  60%|█████▉    | 299/500 [08:46 > 13:24]
L-BFGS:  60%|██████    | 300/500 [08:32 > 13:26]
L-BFGS:  60%|██████    | 301/500 [08:23 > 13:29]
L-BFGS:  60%|██████    | 302/500 [08:39 > 13:31]
L-BFGS:  61%|██████    | 303/500 [08:49 > 13:34]
L-BFGS:  61%|██████    | 304/500 [08:55 > 13:37]
L-BFGS:  61%|██████    | 305/500 [08:59 > 13:40]
L-BFGS:  61%|██████    | 306/500 [09:00 > 13:43]
L-BFGS:  61%|██████▏   | 307/500 [08:37 > 13:45]
L-BFGS:  62%|██████▏   | 308/500 [08:44 > 13:48]
L-BFGS:  62%|██████▏   | 309/500 [08:47 > 13:51]
L-BFGS:  62%|██████▏   | 310/500 [08:49 > 13:54]
L-BFGS:  62%|██████▏   | 311/500 [08:26 > 13:56]
L-BFGS:  62%|██████▏   | 312/500 [08:10 > 13:59]
L-BFGS:  63%|██████▎   | 313/500 [08:21 > 14:01]
L-BFGS:  63%|██████▎   | 314/500 [08:05 > 14:04]
L-BFGS:  63%|██████▎   | 315/500 [08:15 > 14:07]
L-BFGS:  63%|██████▎   | 316/500 [08:22 > 14:10]
L-BFGS:  63%|██████▎   | 317/500 [08:26 > 14:12]
L-BFGS:  64%|██████▎   | 318/500 [08:27 > 14:15]
L-BFGS:  64%|██████▍   | 319/500 [08:05 > 14:18]
L-BFGS:  64%|██████▍   | 320/500 [07:50 > 14:20]
L-BFGS:  64%|██████▍   | 321/500 [07:59 > 14:23]
L-BFGS:  64%|██████▍   | 322/500 [08:06 > 14:26]
L-BFGS:  65%|██████▍   | 323/500 [07:48 > 14:28]
L-BFGS:  65%|██████▍   | 324/500 [07:35 > 14:31]
L-BFGS:  65%|██████▌   | 325/500 [07:25 > 14:33]
L-BFGS:  65%|██████▌   | 326/500 [07:38 > 14:36]
L-BFGS:  65%|██████▌   | 327/500 [07:46 > 14:39]
L-BFGS:  66%|██████▌   | 328/500 [07:30 > 14:41]
L-BFGS:  66%|██████▌   | 329/500 [07:39 > 14:44]
L-BFGS:  66%|██████▌   | 330/500 [07:24 > 14:47]
L-BFGS:  66%|██████▌   | 331/500 [07:33 > 14:49]
L-BFGS:  66%|██████▋   | 332/500 [07:38 > 14:52]
L-BFGS:  67%|██████▋   | 333/500 [07:21 > 14:55]
L-BFGS:  67%|██████▋   | 334/500 [07:28 > 14:58]
L-BFGS:  67%|██████▋   | 335/500 [07:32 > 15:00]
L-BFGS:  67%|██████▋   | 336/500 [07:35 > 15:03]
L-BFGS:  67%|██████▋   | 337/500 [07:16 > 15:06]
L-BFGS:  68%|██████▊   | 338/500 [07:01 > 15:08]
L-BFGS:  68%|██████▊   | 339/500 [06:51 > 15:11]
L-BFGS:  68%|██████▊   | 340/500 [07:02 > 15:13]
L-BFGS:  68%|██████▊   | 341/500 [06:50 > 15:16]
L-BFGS:  68%|██████▊   | 342/500 [07:00 > 15:19]
L-BFGS:  69%|██████▊   | 343/500 [07:06 > 15:22]
L-BFGS:  69%|██████▉   | 344/500 [07:09 > 15:24]
L-BFGS:  69%|██████▉   | 345/500 [06:51 > 15:27]
L-BFGS:  69%|██████▉   | 346/500 [06:39 > 15:29]
L-BFGS:  69%|██████▉   | 347/500 [06:29 > 15:32]
L-BFGS:  70%|██████▉   | 348/500 [06:22 > 15:34]
L-BFGS:  70%|██████▉   | 349/500 [06:34 > 15:37]
L-BFGS:  70%|███████   | 350/500 [06:42 > 15:40]
L-BFGS:  70%|███████   | 351/500 [06:46 > 15:43]
L-BFGS:  70%|███████   | 352/500 [06:48 > 15:45]
L-BFGS:  71%|███████   | 353/500 [06:31 > 15:48]
L-BFGS:  71%|███████   | 354/500 [06:36 > 15:51]
L-BFGS:  71%|███████   | 355/500 [06:21 > 15:53]
L-BFGS:  71%|███████   | 356/500 [06:28 > 15:56]
L-BFGS:  71%|███████▏  | 357/500 [06:31 > 15:59]
L-BFGS:  72%|███████▏  | 358/500 [06:16 > 16:01]
L-BFGS:  72%|███████▏  | 359/500 [06:21 > 16:04]
L-BFGS:  72%|███████▏  | 360/500 [06:08 > 16:07]
L-BFGS:  72%|███████▏  | 361/500 [06:15 > 16:09]
L-BFGS:  72%|███████▏  | 362/500 [06:03 > 16:12]
L-BFGS:  73%|███████▎  | 363/500 [06:11 > 16:15]
L-BFGS:  73%|███████▎  | 364/500 [06:15 > 16:18]
L-BFGS:  73%|███████▎  | 365/500 [06:17 > 16:21]
L-BFGS:  73%|███████▎  | 366/500 [06:01 > 16:23]
L-BFGS:  73%|███████▎  | 367/500 [05:49 > 16:26]
L-BFGS:  74%|███████▎  | 368/500 [05:57 > 16:28]
L-BFGS:  74%|███████▍  | 369/500 [05:45 > 16:31]
L-BFGS:  74%|███████▍  | 370/500 [05:52 > 16:34]
L-BFGS:  74%|███████▍  | 371/500 [05:56 > 16:37]
L-BFGS:  74%|███████▍  | 372/500 [05:58 > 16:40]
L-BFGS:  75%|███████▍  | 373/500 [05:43 > 16:42]
L-BFGS:  75%|███████▍  | 374/500 [05:47 > 16:45]
L-BFGS:  75%|███████▌  | 375/500 [05:49 > 16:48]
L-BFGS:  75%|███████▌  | 376/500 [05:34 > 16:50]
L-BFGS:  75%|███████▌  | 377/500 [05:38 > 16:53]
L-BFGS:  76%|███████▌  | 378/500 [05:40 > 16:56]
L-BFGS:  76%|███████▌  | 379/500 [05:41 > 16:59]
L-BFGS:  76%|███████▌  | 380/500 [05:26 > 17:01]
L-BFGS:  76%|███████▌  | 381/500 [05:21 > 17:04]
L-BFGS:  76%|███████▋  | 382/500 [05:24 > 17:07]
L-BFGS:  77%|███████▋  | 383/500 [05:26 > 17:10]
L-BFGS:  77%|███████▋  | 384/500 [05:12 > 17:12]
L-BFGS:  77%|███████▋  | 385/500 [05:16 > 17:15]
L-BFGS:  77%|███████▋  | 386/500 [05:18 > 17:18]
L-BFGS:  77%|███████▋  | 387/500 [05:18 > 17:21]
L-BFGS:  78%|███████▊  | 388/500 [05:17 > 17:24]
L-BFGS:  78%|███████▊  | 389/500 [05:02 > 17:26]
L-BFGS:  78%|███████▊  | 390/500 [04:51 > 17:29]
L-BFGS:  78%|███████▊  | 391/500 [04:56 > 17:32]
L-BFGS:  78%|███████▊  | 392/500 [04:59 > 17:35]
L-BFGS:  79%|███████▊  | 393/500 [05:00 > 17:37]
L-BFGS:  79%|███████▉  | 394/500 [04:47 > 17:40]
L-BFGS:  79%|███████▉  | 395/500 [04:49 > 17:43]
L-BFGS:  79%|███████▉  | 396/500 [04:38 > 17:45]
L-BFGS:  79%|███████▉  | 397/500 [04:29 > 17:48]
L-BFGS:  80%|███████▉  | 398/500 [04:35 > 17:51]
L-BFGS:  80%|███████▉  | 399/500 [04:38 > 17:54]
L-BFGS:  80%|████████  | 400/500 [04:39 > 17:56]
L-BFGS:  80%|████████  | 401/500 [04:27 > 17:59]
L-BFGS:  80%|████████  | 402/500 [04:29 > 18:02]
L-BFGS:  81%|████████  | 403/500 [04:18 > 18:04]
L-BFGS:  81%|████████  | 404/500 [04:20 > 18:07]
L-BFGS:  81%|████████  | 405/500 [04:21 > 18:10]
L-BFGS:  81%|████████  | 406/500 [04:10 > 18:12]
L-BFGS:  81%|████████▏ | 407/500 [04:12 > 18:15]
L-BFGS:  82%|████████▏ | 408/500 [04:13 > 18:18]
L-BFGS:  82%|████████▏ | 409/500 [04:01 > 18:20]
L-BFGS:  82%|████████▏ | 410/500 [04:04 > 18:23]
L-BFGS:  82%|████████▏ | 411/500 [03:54 > 18:26]
L-BFGS:  82%|████████▏ | 412/500 [03:57 > 18:29]
L-BFGS:  83%|████████▎ | 413/500 [03:58 > 18:31]
L-BFGS:  83%|████████▎ | 414/500 [03:58 > 18:34]
L-BFGS:  83%|████████▎ | 415/500 [03:57 > 18:37]
L-BFGS:  83%|████████▎ | 416/500 [03:55 > 18:40]
L-BFGS:  83%|████████▎ | 417/500 [03:43 > 18:42]
L-BFGS:  84%|████████▎ | 418/500 [03:34 > 18:45]
L-BFGS:  84%|████████▍ | 419/500 [03:37 > 18:48]
L-BFGS:  84%|████████▍ | 420/500 [03:38 > 18:51]
L-BFGS:  84%|████████▍ | 421/500 [03:28 > 18:53]
L-BFGS:  84%|████████▍ | 422/500 [03:31 > 18:56]
L-BFGS:  85%|████████▍ | 423/500 [03:31 > 18:59]
L-BFGS:  85%|████████▍ | 424/500 [03:31 > 19:02]
L-BFGS:  85%|████████▌ | 425/500 [03:21 > 19:04]
L-BFGS:  85%|████████▌ | 426/500 [03:22 > 19:07]
L-BFGS:  85%|████████▌ | 427/500 [03:22 > 19:10]
L-BFGS:  86%|████████▌ | 428/500 [03:12 > 19:12]
L-BFGS:  86%|████████▌ | 429/500 [03:13 > 19:15]
L-BFGS:  86%|████████▌ | 430/500 [03:13 > 19:18]
L-BFGS:  86%|████████▌ | 431/500 [03:11 > 19:21]
L-BFGS:  86%|████████▋ | 432/500 [03:02 > 19:23]
L-BFGS:  87%|████████▋ | 433/500 [02:54 > 19:26]
L-BFGS:  87%|████████▋ | 434/500 [02:56 > 19:28]
L-BFGS:  87%|████████▋ | 435/500 [02:57 > 19:31]
L-BFGS:  87%|████████▋ | 436/500 [02:49 > 19:34]
L-BFGS:  87%|████████▋ | 437/500 [02:50 > 19:37]
L-BFGS:  88%|████████▊ | 438/500 [02:42 > 19:39]
L-BFGS:  88%|████████▊ | 439/500 [02:36 > 19:41]
L-BFGS:  88%|████████▊ | 440/500 [02:31 > 19:44]
L-BFGS:  88%|████████▊ | 441/500 [02:27 > 19:46]
L-BFGS:  88%|████████▊ | 442/500 [02:31 > 19:49]
L-BFGS:  89%|████████▊ | 443/500 [02:25 > 19:52]
L-BFGS:  89%|████████▉ | 444/500 [02:21 > 19:54]
L-BFGS:  89%|████████▉ | 445/500 [02:17 > 19:56]
L-BFGS:  89%|████████▉ | 446/500 [02:20 > 19:59]
L-BFGS:  89%|████████▉ | 447/500 [02:21 > 20:02]
L-BFGS:  90%|████████▉ | 448/500 [02:21 > 20:05]
L-BFGS:  90%|████████▉ | 449/500 [02:14 > 20:07]
L-BFGS:  90%|█████████ | 450/500 [02:14 > 20:10]
L-BFGS:  90%|█████████ | 451/500 [02:14 > 20:13]
L-BFGS:  90%|█████████ | 452/500 [02:13 > 20:16]
L-BFGS:  91%|█████████ | 453/500 [02:05 > 20:18]
L-BFGS:  91%|█████████ | 454/500 [02:05 > 20:21]
L-BFGS:  91%|█████████ | 455/500 [02:04 > 20:24]
L-BFGS:  91%|█████████ | 456/500 [01:57 > 20:26]
L-BFGS:  91%|█████████▏| 457/500 [01:57 > 20:29]
L-BFGS:  92%|█████████▏| 458/500 [01:55 > 20:32]
L-BFGS:  92%|█████████▏| 459/500 [01:54 > 20:35]
L-BFGS:  92%|█████████▏| 460/500 [01:47 > 20:37]
L-BFGS:  92%|█████████▏| 461/500 [01:46 > 20:40]
L-BFGS:  92%|█████████▏| 462/500 [01:40 > 20:43]
L-BFGS:  93%|█████████▎| 463/500 [01:39 > 20:46]
L-BFGS:  93%|█████████▎| 464/500 [01:34 > 20:48]
L-BFGS:  93%|█████████▎| 465/500 [01:29 > 20:50]
L-BFGS:  93%|█████████▎| 466/500 [01:25 > 20:53]
L-BFGS:  93%|█████████▎| 467/500 [01:22 > 20:55]
L-BFGS:  94%|█████████▎| 468/500 [01:23 > 20:58]
L-BFGS:  94%|█████████▍| 469/500 [01:23 > 21:01]
L-BFGS:  94%|█████████▍| 470/500 [01:18 > 21:04]
L-BFGS:  94%|█████████▍| 471/500 [01:18 > 21:06]
L-BFGS:  94%|█████████▍| 472/500 [01:17 > 21:09]
L-BFGS:  95%|█████████▍| 473/500 [01:12 > 21:12]
L-BFGS:  95%|█████████▍| 474/500 [01:07 > 21:14]
L-BFGS:  95%|█████████▌| 475/500 [01:07 > 21:17]
L-BFGS:  95%|█████████▌| 476/500 [01:06 > 21:20]
L-BFGS:  95%|█████████▌| 477/500 [01:01 > 21:23]
L-BFGS:  96%|█████████▌| 478/500 [01:00 > 21:25]
L-BFGS:  96%|█████████▌| 479/500 [00:55 > 21:28]
L-BFGS:  96%|█████████▌| 480/500 [00:54 > 21:31]
L-BFGS:  96%|█████████▌| 481/500 [00:52 > 21:34]
L-BFGS:  96%|█████████▋| 482/500 [00:50 > 21:37]
L-BFGS:  97%|█████████▋| 483/500 [00:46 > 21:39]
L-BFGS:  97%|█████████▋| 484/500 [00:42 > 21:42]
L-BFGS:  97%|█████████▋| 485/500 [00:40 > 21:44]
L-BFGS:  97%|█████████▋| 486/500 [00:37 > 21:47]
L-BFGS:  97%|█████████▋| 487/500 [00:35 > 21:50]
L-BFGS:  98%|█████████▊| 488/500 [00:33 > 21:53]
L-BFGS:  98%|█████████▊| 489/500 [00:30 > 21:56]
L-BFGS:  98%|█████████▊| 490/500 [00:28 > 21:58]
L-BFGS:  98%|█████████▊| 491/500 [00:25 > 22:01]
L-BFGS:  98%|█████████▊| 492/500 [00:22 > 22:04]
L-BFGS:  99%|█████████▊| 493/500 [00:19 > 22:07]
L-BFGS:  99%|█████████▉| 494/500 [00:16 > 22:10]
L-BFGS:  99%|█████████▉| 495/500 [00:14 > 22:12]
L-BFGS:  99%|█████████▉| 496/500 [00:11 > 22:15]
L-BFGS:  99%|█████████▉| 497/500 [00:08 > 22:18]
L-BFGS: 100%|█████████▉| 498/500 [00:05 > 22:21]
L-BFGS: 100%|█████████▉| 499/500 [00:02 > 22:23]
L-BFGS: 100%|██████████| 500/500 [00:00 > 22:26]
L-BFGS: 100%|██████████| 500/500 [00:00 > 22:26]
Training saved: C:\Ali Computation\pinn\code\heterogeneous\pino_heterogeneous\results\exp_Sc_piecewise_K100_N100_z4_min10pct_w64_float64_lbfgs500_maxiter5_icx0C0\pino_heterogeneous_concentration.png C:\Ali Computation\pinn\code\heterogeneous\pino_heterogeneous\results\exp_Sc_piecewise_K100_N100_z4_min10pct_w64_float64_lbfgs500_maxiter5_icx0C0\pino_heterogeneous_loss.png C:\Ali Computation\pinn\code\heterogeneous\pino_heterogeneous\results\exp_Sc_piecewise_K100_N100_z4_min10pct_w64_float64_lbfgs500_maxiter5_icx0C0\pino_heterogeneous_model.pt
COMSOL validation: 81 media -> C:\Ali Computation\pinn\code\heterogeneous\pino_heterogeneous\results\exp_Sc_piecewise_K100_N100_z4_min10pct_w64_float64_lbfgs500_maxiter5_icx0C0\comsol_validation  (x* collocation n=86)

COMSOL vs PINO:   0%|          | 0/81 [00:00<?, ?it/s]
COMSOL vs PINO:   1%|          | 1/81 [00:01<01:28,  1.10s/it]
COMSOL vs PINO:   2%|▏         | 2/81 [00:02<01:24,  1.08s/it]
COMSOL vs PINO:   4%|▎         | 3/81 [00:03<01:23,  1.08s/it]
COMSOL vs PINO:   5%|▍         | 4/81 [00:04<01:22,  1.08s/it]
COMSOL vs PINO:   6%|▌         | 5/81 [00:05<01:28,  1.16s/it]
COMSOL vs PINO:   7%|▋         | 6/81 [00:06<01:25,  1.13s/it]
COMSOL vs PINO:   9%|▊         | 7/81 [00:07<01:22,  1.11s/it]
COMSOL vs PINO:  10%|▉         | 8/81 [00:08<01:20,  1.10s/it]
COMSOL vs PINO:  11%|█         | 9/81 [00:09<01:18,  1.10s/it]
COMSOL vs PINO:  12%|█▏        | 10/81 [00:11<01:17,  1.09s/it]
COMSOL vs PINO:  14%|█▎        | 11/81 [00:12<01:16,  1.09s/it]
COMSOL vs PINO:  15%|█▍        | 12/81 [00:13<01:15,  1.09s/it]
COMSOL vs PINO:  16%|█▌        | 13/81 [00:14<01:14,  1.09s/it]
COMSOL vs PINO:  17%|█▋        | 14/81 [00:15<01:13,  1.09s/it]
COMSOL vs PINO:  19%|█▊        | 15/81 [00:16<01:12,  1.09s/it]
COMSOL vs PINO:  20%|█▉        | 16/81 [00:17<01:11,  1.10s/it]
COMSOL vs PINO:  21%|██        | 17/81 [00:18<01:10,  1.10s/it]
COMSOL vs PINO:  22%|██▏       | 18/81 [00:19<01:09,  1.10s/it]
COMSOL vs PINO:  23%|██▎       | 19/81 [00:21<01:13,  1.19s/it]
COMSOL vs PINO:  25%|██▍       | 20/81 [00:22<01:10,  1.16s/it]
COMSOL vs PINO:  26%|██▌       | 21/81 [00:23<01:08,  1.14s/it]
COMSOL vs PINO:  27%|██▋       | 22/81 [00:24<01:07,  1.14s/it]
COMSOL vs PINO:  28%|██▊       | 23/81 [00:25<01:04,  1.12s/it]
COMSOL vs PINO:  30%|██▉       | 24/81 [00:26<01:03,  1.11s/it]
COMSOL vs PINO:  31%|███       | 25/81 [00:27<01:01,  1.10s/it]
COMSOL vs PINO:  32%|███▏      | 26/81 [00:28<01:01,  1.11s/it]
COMSOL vs PINO:  33%|███▎      | 27/81 [00:29<00:59,  1.10s/it]
COMSOL vs PINO:  35%|███▍      | 28/81 [00:31<00:58,  1.10s/it]
COMSOL vs PINO:  36%|███▌      | 29/81 [00:32<00:57,  1.10s/it]
COMSOL vs PINO:  37%|███▋      | 30/81 [00:33<00:56,  1.10s/it]
COMSOL vs PINO:  38%|███▊      | 31/81 [00:34<00:54,  1.09s/it]
COMSOL vs PINO:  40%|███▉      | 32/81 [00:35<00:53,  1.09s/it]
COMSOL vs PINO:  41%|████      | 33/81 [00:36<00:56,  1.18s/it]
COMSOL vs PINO:  42%|████▏     | 34/81 [00:37<00:54,  1.15s/it]
COMSOL vs PINO:  43%|████▎     | 35/81 [00:39<00:52,  1.14s/it]
COMSOL vs PINO:  44%|████▍     | 36/81 [00:40<00:50,  1.12s/it]
COMSOL vs PINO:  46%|████▌     | 37/81 [00:41<00:48,  1.11s/it]
COMSOL vs PINO:  47%|████▋     | 38/81 [00:42<00:47,  1.11s/it]
COMSOL vs PINO:  48%|████▊     | 39/81 [00:43<00:46,  1.11s/it]
COMSOL vs PINO:  49%|████▉     | 40/81 [00:44<00:45,  1.10s/it]
COMSOL vs PINO:  51%|█████     | 41/81 [00:45<00:43,  1.10s/it]
COMSOL vs PINO:  52%|█████▏    | 42/81 [00:46<00:42,  1.10s/it]
COMSOL vs PINO:  53%|█████▎    | 43/81 [00:47<00:41,  1.10s/it]
COMSOL vs PINO:  54%|█████▍    | 44/81 [00:48<00:40,  1.11s/it]
COMSOL vs PINO:  56%|█████▌    | 45/81 [00:49<00:39,  1.10s/it]
COMSOL vs PINO:  57%|█████▋    | 46/81 [00:51<00:41,  1.18s/it]
COMSOL vs PINO:  58%|█████▊    | 47/81 [00:52<00:39,  1.15s/it]
COMSOL vs PINO:  59%|█████▉    | 48/81 [00:53<00:37,  1.14s/it]
COMSOL vs PINO:  60%|██████    | 49/81 [00:54<00:35,  1.12s/it]
COMSOL vs PINO:  62%|██████▏   | 50/81 [00:55<00:34,  1.12s/it]
COMSOL vs PINO:  63%|██████▎   | 51/81 [00:56<00:33,  1.11s/it]
COMSOL vs PINO:  64%|██████▍   | 52/81 [00:57<00:31,  1.10s/it]
COMSOL vs PINO:  65%|██████▌   | 53/81 [00:59<00:30,  1.10s/it]
COMSOL vs PINO:  67%|██████▋   | 54/81 [01:00<00:29,  1.10s/it]
COMSOL vs PINO:  68%|██████▊   | 55/81 [01:01<00:28,  1.10s/it]
COMSOL vs PINO:  69%|██████▉   | 56/81 [01:02<00:27,  1.10s/it]
COMSOL vs PINO:  70%|███████   | 57/81 [01:03<00:26,  1.10s/it]
COMSOL vs PINO:  72%|███████▏  | 58/81 [01:04<00:25,  1.11s/it]
COMSOL vs PINO:  73%|███████▎  | 59/81 [01:05<00:24,  1.11s/it]
COMSOL vs PINO:  74%|███████▍  | 60/81 [01:06<00:23,  1.11s/it]
COMSOL vs PINO:  75%|███████▌  | 61/81 [01:08<00:23,  1.20s/it]
COMSOL vs PINO:  77%|███████▋  | 62/81 [01:09<00:22,  1.16s/it]
COMSOL vs PINO:  78%|███████▊  | 63/81 [01:10<00:20,  1.15s/it]
COMSOL vs PINO:  79%|███████▉  | 64/81 [01:11<00:19,  1.13s/it]
COMSOL vs PINO:  80%|████████  | 65/81 [01:12<00:17,  1.12s/it]
COMSOL vs PINO:  81%|████████▏ | 66/81 [01:13<00:16,  1.11s/it]
COMSOL vs PINO:  83%|████████▎ | 67/81 [01:14<00:15,  1.10s/it]
COMSOL vs PINO:  84%|████████▍ | 68/81 [01:15<00:14,  1.09s/it]
COMSOL vs PINO:  85%|████████▌ | 69/81 [01:16<00:13,  1.09s/it]
COMSOL vs PINO:  86%|████████▋ | 70/81 [01:17<00:11,  1.09s/it]
COMSOL vs PINO:  88%|████████▊ | 71/81 [01:19<00:10,  1.09s/it]
COMSOL vs PINO:  89%|████████▉ | 72/81 [01:20<00:09,  1.09s/it]
COMSOL vs PINO:  90%|█████████ | 73/81 [01:21<00:08,  1.09s/it]
COMSOL vs PINO:  91%|█████████▏| 74/81 [01:22<00:07,  1.09s/it]
COMSOL vs PINO:  93%|█████████▎| 75/81 [01:23<00:06,  1.10s/it]
COMSOL vs PINO:  94%|█████████▍| 76/81 [01:24<00:05,  1.20s/it]
COMSOL vs PINO:  95%|█████████▌| 77/81 [01:25<00:04,  1.16s/it]
COMSOL vs PINO:  96%|█████████▋| 78/81 [01:27<00:03,  1.15s/it]
COMSOL vs PINO:  98%|█████████▊| 79/81 [01:28<00:02,  1.13s/it]
COMSOL vs PINO:  99%|█████████▉| 80/81 [01:29<00:01,  1.12s/it]
COMSOL vs PINO: 100%|██████████| 81/81 [01:30<00:00,  1.11s/it]
COMSOL vs PINO: 100%|██████████| 81/81 [01:30<00:00,  1.11s/it]
COMSOL validation summary: n=81  mean=1.379315e+00  max=3.959929e+00  min=1.158248e-01
Wrote C:\Ali Computation\pinn\code\heterogeneous\pino_heterogeneous\results\exp_Sc_piecewise_K100_N100_z4_min10pct_w64_float64_lbfgs500_maxiter5_icx0C0\comsol_validation\comsol_validation_summary.csv
Run metadata: C:\Ali Computation\pinn\code\heterogeneous\pino_heterogeneous\results\exp_Sc_piecewise_K100_N100_z4_min10pct_w64_float64_lbfgs500_maxiter5_icx0C0\run_meta.json
Wall-clock train: 1347.2 s
Wall-clock validation: 90.3 s
Wall-clock total: 1445.8 s  device=cuda

# exit 0 after 0:24:12.355353
