# code/heterogeneous/pino_heterogeneous/pinn1d_heterogeneous_parametric_neural_operator.py --design lhc --n-train 500 --out-dir results/exp_B_lhc_N500 --skip-validation-plots
# started 2026-06-11 13:51:24
# cwd C:\Ali Computation\pinn\code\heterogeneous\pino_heterogeneous

Using CPU (CUDA not available, dtype=torch.float32)
PE (computed) = 0.010368
design=lhc  n_train_requested=500  batch_mode=True
results_dir=C:\Ali Computation\pinn\code\heterogeneous\pino_heterogeneous\results\exp_B_lhc_N500
Training: 500 lhc samples in [0.01, 0.05] m/d
  saved/loaded: C:\Ali Computation\pinn\code\heterogeneous\pino_heterogeneous\results\exp_B_lhc_N500\train_u_cases.csv
  branch CFL range [0.120049, 0.599914]
PDE mesh: bulk 50x50x500 + interface bands (36 x* / band, +/-0.025 around (0.2, 0.4, 0.6))
COMSOL validation: 81 fixed grid cases from comsol_4zones.txt
run_training=True  run_comsol_validation=True  skip_validation_plots=True
PDE collocation points: 2,150,000 (bulk 1,250,000, interface 900,000)
Collocation mesh plot (pre-train): C:\Ali Computation\pinn\code\heterogeneous\pino_heterogeneous\results\exp_B_lhc_N500\pino_heterogeneous_collocation_points.png
LBFGS (
Parameter Group 0
    history_size: 50
    line_search_fn: strong_wolfe
    lr: 1
    max_eval: 1
    max_iter: 1
    tolerance_change: 1e-09
    tolerance_grad: 1e-07
)

L-BFGS:   0%|          | 0/1000 [? > 00:00]
L-BFGS:   0%|          | 1/1000 [2:02:33 > 00:07]
L-BFGS:   0%|          | 2/1000 [1:57:57 > 00:14]
L-BFGS:   0%|          | 3/1000 [1:56:11 > 00:21]
L-BFGS:   0%|          | 4/1000 [1:55:40 > 00:28]
L-BFGS:   0%|          | 5/1000 [1:55:21 > 00:35]
L-BFGS:   1%|          | 6/1000 [1:55:00 > 00:41]
L-BFGS:   1%|          | 7/1000 [1:55:22 > 00:48]
L-BFGS:   1%|          | 8/1000 [1:54:59 > 00:55]
L-BFGS:   1%|          | 9/1000 [1:54:51 > 01:02]
L-BFGS:   1%|          | 10/1000 [1:54:26 > 01:09]
L-BFGS:   1%|          | 11/1000 [1:54:26 > 01:16]
L-BFGS:   1%|          | 12/1000 [1:54:28 > 01:23]
L-BFGS:   1%|▏         | 13/1000 [1:54:08 > 01:30]
L-BFGS:   1%|▏         | 14/1000 [1:53:51 > 01:37]
L-BFGS:   2%|▏         | 15/1000 [1:53:43 > 01:44]
L-BFGS:   2%|▏         | 16/1000 [1:53:36 > 01:51]
L-BFGS:   2%|▏         | 17/1000 [1:53:30 > 01:58]
L-BFGS:   2%|▏         | 18/1000 [1:53:17 > 02:05]
L-BFGS:   2%|▏         | 19/1000 [1:53:08 > 02:12]
L-BFGS:   2%|▏         | 20/1000 [1:52:58 > 02:18]
L-BFGS:   2%|▏         | 21/1000 [1:52:52 > 02:25]
L-BFGS:   2%|▏         | 22/1000 [1:52:39 > 02:32]
L-BFGS:   2%|▏         | 23/1000 [1:52:43 > 02:39]
L-BFGS:   2%|▏         | 24/1000 [1:52:27 > 02:46]
L-BFGS:   2%|▎         | 25/1000 [1:52:13 > 02:53]
L-BFGS:   3%|▎         | 26/1000 [1:52:13 > 03:00]
L-BFGS:   3%|▎         | 27/1000 [1:52:13 > 03:07]
L-BFGS:   3%|▎         | 28/1000 [1:52:08 > 03:14]
L-BFGS:   3%|▎         | 29/1000 [1:52:12 > 03:21]
L-BFGS:   3%|▎         | 30/1000 [1:51:49 > 03:28]
L-BFGS:   3%|▎         | 31/1000 [1:51:45 > 03:35]
L-BFGS:   3%|▎         | 32/1000 [1:51:42 > 03:42]
L-BFGS:   3%|▎         | 33/1000 [1:51:44 > 03:48]
L-BFGS:   3%|▎         | 34/1000 [1:51:35 > 03:55]
L-BFGS:   4%|▎         | 35/1000 [1:51:30 > 04:02]
L-BFGS:   4%|▎         | 36/1000 [1:51:10 > 04:09]
L-BFGS:   4%|▎         | 37/1000 [1:51:24 > 04:16]
L-BFGS:   4%|▍         | 38/1000 [1:51:11 > 04:23]
L-BFGS:   4%|▍         | 39/1000 [1:51:06 > 04:30]
L-BFGS:   4%|▍         | 40/1000 [1:50:59 > 04:37]
L-BFGS:   4%|▍         | 41/1000 [1:50:35 > 04:44]
L-BFGS:   4%|▍         | 42/1000 [1:50:23 > 04:51]
L-BFGS:   4%|▍         | 43/1000 [1:50:09 > 04:58]
L-BFGS:   4%|▍         | 44/1000 [1:49:59 > 05:05]
L-BFGS:   4%|▍         | 45/1000 [1:49:45 > 05:11]
L-BFGS:   5%|▍         | 46/1000 [1:49:48 > 05:18]
L-BFGS:   5%|▍         | 47/1000 [1:49:48 > 05:25]
L-BFGS:   5%|▍         | 48/1000 [1:49:35 > 05:32]
L-BFGS:   5%|▍         | 49/1000 [1:49:28 > 05:39]
L-BFGS:   5%|▌         | 50/1000 [1:49:28 > 05:46]
L-BFGS:   5%|▌         | 51/1000 [1:49:51 > 05:53]
L-BFGS:   5%|▌         | 52/1000 [1:49:56 > 06:00]
L-BFGS:   5%|▌         | 53/1000 [1:48:35 > 06:07]
L-BFGS:   5%|▌         | 54/1000 [1:47:19 > 06:13]
L-BFGS:   6%|▌         | 55/1000 [1:46:26 > 06:20]
L-BFGS:   6%|▌         | 56/1000 [1:45:35 > 06:27]
L-BFGS:   6%|▌         | 57/1000 [1:44:59 > 06:33]
L-BFGS:   6%|▌         | 58/1000 [1:44:49 > 06:40]
L-BFGS:   6%|▌         | 59/1000 [1:44:33 > 06:47]
L-BFGS:   6%|▌         | 60/1000 [1:44:17 > 06:53]
L-BFGS:   6%|▌         | 61/1000 [1:44:06 > 07:00]
L-BFGS:   6%|▌         | 62/1000 [1:44:00 > 07:06]
L-BFGS:   6%|▋         | 63/1000 [1:43:51 > 07:13]
L-BFGS:   6%|▋         | 64/1000 [1:43:51 > 07:20]
L-BFGS:   6%|▋         | 65/1000 [1:43:39 > 07:26]
L-BFGS:   7%|▋         | 66/1000 [1:43:27 > 07:33]
L-BFGS:   7%|▋         | 67/1000 [1:43:10 > 07:40]
L-BFGS:   7%|▋         | 68/1000 [1:42:50 > 07:46]
L-BFGS:   7%|▋         | 69/1000 [1:42:39 > 07:53]
L-BFGS:   7%|▋         | 70/1000 [1:42:45 > 08:00]
L-BFGS:   7%|▋         | 71/1000 [1:42:34 > 08:06]
L-BFGS:   7%|▋         | 72/1000 [1:42:43 > 08:13]
L-BFGS:   7%|▋         | 73/1000 [1:42:40 > 08:19]
L-BFGS:   7%|▋         | 74/1000 [1:42:23 > 08:26]
L-BFGS:   8%|▊         | 75/1000 [1:42:09 > 08:33]
L-BFGS:   8%|▊         | 76/1000 [1:42:07 > 08:39]
L-BFGS:   8%|▊         | 77/1000 [1:42:06 > 08:46]
L-BFGS:   8%|▊         | 78/1000 [1:42:07 > 08:53]
L-BFGS:   8%|▊         | 79/1000 [1:41:56 > 08:59]
L-BFGS:   8%|▊         | 80/1000 [1:41:46 > 09:06]
L-BFGS:   8%|▊         | 81/1000 [1:41:40 > 09:13]
L-BFGS:   8%|▊         | 82/1000 [1:41:25 > 09:19]
L-BFGS:   8%|▊         | 83/1000 [1:41:52 > 09:26]
L-BFGS:   8%|▊         | 84/1000 [1:41:33 > 09:33]
L-BFGS:   8%|▊         | 85/1000 [1:41:09 > 09:39]
L-BFGS:   9%|▊         | 86/1000 [1:40:50 > 09:46]
L-BFGS:   9%|▊         | 87/1000 [1:40:52 > 09:52]
L-BFGS:   9%|▉         | 88/1000 [1:40:44 > 09:59]
L-BFGS:   9%|▉         | 89/1000 [1:40:48 > 10:06]
L-BFGS:   9%|▉         | 90/1000 [1:40:36 > 10:12]
L-BFGS:   9%|▉         | 91/1000 [1:40:18 > 10:19]
L-BFGS:   9%|▉         | 92/1000 [1:40:21 > 10:26]
L-BFGS:   9%|▉         | 93/1000 [1:40:16 > 10:32]
L-BFGS:   9%|▉         | 94/1000 [1:39:58 > 10:39]
L-BFGS:  10%|▉         | 95/1000 [1:40:34 > 10:46]
L-BFGS:  10%|▉         | 96/1000 [1:40:39 > 10:52]
L-BFGS:  10%|▉         | 97/1000 [1:40:50 > 10:59]
L-BFGS:  10%|▉         | 98/1000 [1:40:45 > 11:06]
L-BFGS:  10%|▉         | 99/1000 [1:40:20 > 11:12]
L-BFGS:  10%|█         | 100/1000 [1:40:02 > 11:19]
L-BFGS:  10%|█         | 101/1000 [1:39:59 > 11:26]
L-BFGS:  10%|█         | 102/1000 [1:39:41 > 11:32]
L-BFGS:  10%|█         | 103/1000 [1:39:27 > 11:39]
L-BFGS:  10%|█         | 104/1000 [1:39:07 > 11:46]
L-BFGS:  10%|█         | 105/1000 [1:39:01 > 11:52]
L-BFGS:  11%|█         | 106/1000 [1:38:46 > 11:59]
L-BFGS:  11%|█         | 107/1000 [1:38:41 > 12:05]
L-BFGS:  11%|█         | 108/1000 [1:38:33 > 12:12]
L-BFGS:  11%|█         | 109/1000 [1:38:22 > 12:19]
L-BFGS:  11%|█         | 110/1000 [1:38:16 > 12:25]
L-BFGS:  11%|█         | 111/1000 [1:38:00 > 12:32]
L-BFGS:  11%|█         | 112/1000 [1:37:55 > 12:38]
L-BFGS:  11%|█▏        | 113/1000 [1:38:08 > 12:45]
L-BFGS:  11%|█▏        | 114/1000 [1:37:59 > 12:52]
L-BFGS:  12%|█▏        | 115/1000 [1:37:44 > 12:58]
L-BFGS:  12%|█▏        | 116/1000 [1:37:48 > 13:05]
L-BFGS:  12%|█▏        | 117/1000 [1:37:38 > 13:12]
L-BFGS:  12%|█▏        | 118/1000 [1:37:32 > 13:18]
L-BFGS:  12%|█▏        | 119/1000 [1:37:35 > 13:25]
L-BFGS:  12%|█▏        | 120/1000 [1:37:26 > 13:32]
L-BFGS:  12%|█▏        | 121/1000 [1:37:19 > 13:38]
L-BFGS:  12%|█▏        | 122/1000 [1:37:05 > 13:45]
L-BFGS:  12%|█▏        | 123/1000 [1:37:04 > 13:52]
L-BFGS:  12%|█▏        | 124/1000 [1:37:10 > 13:58]
L-BFGS:  12%|█▎        | 125/1000 [1:37:10 > 14:05]
L-BFGS:  13%|█▎        | 126/1000 [1:36:55 > 14:12]
L-BFGS:  13%|█▎        | 127/1000 [1:36:49 > 14:18]
L-BFGS:  13%|█▎        | 128/1000 [1:36:54 > 14:25]
L-BFGS:  13%|█▎        | 129/1000 [1:36:44 > 14:32]
L-BFGS:  13%|█▎        | 130/1000 [1:36:21 > 14:38]
L-BFGS:  13%|█▎        | 131/1000 [1:36:10 > 14:45]
L-BFGS:  13%|█▎        | 132/1000 [1:36:04 > 14:51]
L-BFGS:  13%|█▎        | 133/1000 [1:36:05 > 14:58]
L-BFGS:  13%|█▎        | 134/1000 [1:36:00 > 15:05]
L-BFGS:  14%|█▎        | 135/1000 [1:35:51 > 15:11]
L-BFGS:  14%|█▎        | 136/1000 [1:35:45 > 15:18]
L-BFGS:  14%|█▎        | 137/1000 [1:35:40 > 15:25]
L-BFGS:  14%|█▍        | 138/1000 [1:35:31 > 15:31]
L-BFGS:  14%|█▍        | 139/1000 [1:35:20 > 15:38]
L-BFGS:  14%|█▍        | 140/1000 [1:35:06 > 15:45]
L-BFGS:  14%|█▍        | 141/1000 [1:34:57 > 15:51]
L-BFGS:  14%|█▍        | 142/1000 [1:34:52 > 15:58]
L-BFGS:  14%|█▍        | 143/1000 [1:34:39 > 16:04]
L-BFGS:  14%|█▍        | 144/1000 [1:34:25 > 16:11]
L-BFGS:  14%|█▍        | 145/1000 [1:34:14 > 16:18]
L-BFGS:  15%|█▍        | 146/1000 [1:34:14 > 16:24]
L-BFGS:  15%|█▍        | 147/1000 [1:33:59 > 16:31]
L-BFGS:  15%|█▍        | 148/1000 [1:33:54 > 16:38]
L-BFGS:  15%|█▍        | 149/1000 [1:33:57 > 16:44]
L-BFGS:  15%|█▌        | 150/1000 [1:33:48 > 16:51]
L-BFGS:  15%|█▌        | 151/1000 [1:33:44 > 16:57]
L-BFGS:  15%|█▌        | 152/1000 [1:33:45 > 17:04]
L-BFGS:  15%|█▌        | 153/1000 [1:33:43 > 17:11]
L-BFGS:  15%|█▌        | 154/1000 [1:33:30 > 17:17]
L-BFGS:  16%|█▌        | 155/1000 [1:33:26 > 17:24]
L-BFGS:  16%|█▌        | 156/1000 [1:33:22 > 17:31]
L-BFGS:  16%|█▌        | 157/1000 [1:33:07 > 17:37]
L-BFGS:  16%|█▌        | 158/1000 [1:33:07 > 17:44]
L-BFGS:  16%|█▌        | 159/1000 [1:33:05 > 17:51]
L-BFGS:  16%|█▌        | 160/1000 [1:33:02 > 17:57]
L-BFGS:  16%|█▌        | 161/1000 [1:32:57 > 18:04]
L-BFGS:  16%|█▌        | 162/1000 [1:32:34 > 18:10]
L-BFGS:  16%|█▋        | 163/1000 [1:32:22 > 18:17]
L-BFGS:  16%|█▋        | 164/1000 [1:32:18 > 18:24]
L-BFGS:  16%|█▋        | 165/1000 [1:32:12 > 18:30]
L-BFGS:  17%|█▋        | 166/1000 [1:32:09 > 18:37]
L-BFGS:  17%|█▋        | 167/1000 [1:31:55 > 18:44]
L-BFGS:  17%|█▋        | 168/1000 [1:31:50 > 18:50]
L-BFGS:  17%|█▋        | 169/1000 [1:31:39 > 18:57]
L-BFGS:  17%|█▋        | 170/1000 [1:31:39 > 19:03]
L-BFGS:  17%|█▋        | 171/1000 [1:31:29 > 19:10]
L-BFGS:  17%|█▋        | 172/1000 [1:31:44 > 19:17]
L-BFGS:  17%|█▋        | 173/1000 [1:31:34 > 19:23]
L-BFGS:  17%|█▋        | 174/1000 [1:31:22 > 19:30]
L-BFGS:  18%|█▊        | 175/1000 [1:31:19 > 19:37]
L-BFGS:  18%|█▊        | 176/1000 [1:31:03 > 19:43]
L-BFGS:  18%|█▊        | 177/1000 [1:30:57 > 19:50]
L-BFGS:  18%|█▊        | 178/1000 [1:30:44 > 19:57]
L-BFGS:  18%|█▊        | 179/1000 [1:30:42 > 20:03]
L-BFGS:  18%|█▊        | 180/1000 [1:30:37 > 20:10]
L-BFGS:  18%|█▊        | 181/1000 [1:30:40 > 20:16]
L-BFGS:  18%|█▊        | 182/1000 [1:30:28 > 20:23]
L-BFGS:  18%|█▊        | 183/1000 [1:30:15 > 20:30]
L-BFGS:  18%|█▊        | 184/1000 [1:30:14 > 20:36]
L-BFGS:  18%|█▊        | 185/1000 [1:29:53 > 20:43]
L-BFGS:  19%|█▊        | 186/1000 [1:30:39 > 20:50]
L-BFGS:  19%|█▊        | 187/1000 [1:30:38 > 20:56]
L-BFGS:  19%|█▉        | 188/1000 [1:30:13 > 21:03]
L-BFGS:  19%|█▉        | 189/1000 [1:29:56 > 21:10]
L-BFGS:  19%|█▉        | 190/1000 [1:29:49 > 21:16]
L-BFGS:  19%|█▉        | 191/1000 [1:29:41 > 21:23]
L-BFGS:  19%|█▉        | 192/1000 [1:29:29 > 21:30]
L-BFGS:  19%|█▉        | 193/1000 [1:29:14 > 21:36]
L-BFGS:  19%|█▉        | 194/1000 [1:29:02 > 21:43]
L-BFGS:  20%|█▉        | 195/1000 [1:28:51 > 21:49]
L-BFGS:  20%|█▉        | 196/1000 [1:28:37 > 21:56]
L-BFGS:  20%|█▉        | 197/1000 [1:28:34 > 22:03]
L-BFGS:  20%|█▉        | 198/1000 [1:28:30 > 22:09]
L-BFGS:  20%|█▉        | 199/1000 [1:28:26 > 22:16]
L-BFGS:  20%|██        | 200/1000 [1:28:28 > 22:23]
L-BFGS:  20%|██        | 201/1000 [1:28:20 > 22:29]
L-BFGS:  20%|██        | 202/1000 [1:28:03 > 22:36]
L-BFGS:  20%|██        | 203/1000 [1:27:57 > 22:42]
L-BFGS:  20%|██        | 204/1000 [1:27:59 > 22:49]
L-BFGS:  20%|██        | 205/1000 [1:27:48 > 22:56]
L-BFGS:  21%|██        | 206/1000 [1:27:46 > 23:02]
L-BFGS:  21%|██        | 207/1000 [1:27:44 > 23:09]
L-BFGS:  21%|██        | 208/1000 [1:27:31 > 23:16]
L-BFGS:  21%|██        | 209/1000 [1:27:31 > 23:22]
L-BFGS:  21%|██        | 210/1000 [1:27:09 > 23:29]
L-BFGS:  21%|██        | 211/1000 [1:27:13 > 23:36]
L-BFGS:  21%|██        | 212/1000 [1:27:06 > 23:42]
L-BFGS:  21%|██▏       | 213/1000 [1:26:54 > 23:49]
L-BFGS:  21%|██▏       | 214/1000 [1:26:55 > 23:55]
L-BFGS:  22%|██▏       | 215/1000 [1:27:11 > 24:02]
L-BFGS:  22%|██▏       | 216/1000 [1:27:02 > 24:09]
L-BFGS:  22%|██▏       | 217/1000 [1:26:48 > 24:15]
L-BFGS:  22%|██▏       | 218/1000 [1:26:40 > 24:22]
L-BFGS:  22%|██▏       | 219/1000 [1:26:25 > 24:29]
L-BFGS:  22%|██▏       | 220/1000 [1:26:21 > 24:35]
L-BFGS:  22%|██▏       | 221/1000 [1:26:11 > 24:42]
L-BFGS:  22%|██▏       | 222/1000 [1:26:15 > 24:49]
L-BFGS:  22%|██▏       | 223/1000 [1:25:56 > 24:55]
L-BFGS:  22%|██▏       | 224/1000 [1:25:50 > 25:02]
L-BFGS:  22%|██▎       | 225/1000 [1:25:34 > 25:09]
L-BFGS:  23%|██▎       | 226/1000 [1:25:44 > 25:15]
L-BFGS:  23%|██▎       | 227/1000 [1:25:33 > 25:22]
L-BFGS:  23%|██▎       | 228/1000 [1:25:33 > 25:28]
L-BFGS:  23%|██▎       | 229/1000 [1:25:25 > 25:35]
L-BFGS:  23%|██▎       | 230/1000 [1:25:10 > 25:42]
L-BFGS:  23%|██▎       | 231/1000 [1:24:51 > 25:48]
L-BFGS:  23%|██▎       | 232/1000 [1:24:47 > 25:55]
L-BFGS:  23%|██▎       | 233/1000 [1:24:46 > 26:02]
L-BFGS:  23%|██▎       | 234/1000 [1:24:28 > 26:08]
L-BFGS:  24%|██▎       | 235/1000 [1:24:20 > 26:15]
L-BFGS:  24%|██▎       | 236/1000 [1:24:17 > 26:21]
L-BFGS:  24%|██▎       | 237/1000 [1:24:11 > 26:28]
L-BFGS:  24%|██▍       | 238/1000 [1:24:18 > 26:35]
L-BFGS:  24%|██▍       | 239/1000 [1:24:11 > 26:41]
L-BFGS:  24%|██▍       | 240/1000 [1:24:05 > 26:48]
L-BFGS:  24%|██▍       | 241/1000 [1:24:02 > 26:55]
L-BFGS:  24%|██▍       | 242/1000 [1:23:48 > 27:01]
L-BFGS:  24%|██▍       | 243/1000 [1:23:42 > 27:08]
L-BFGS:  24%|██▍       | 244/1000 [1:23:35 > 27:15]
L-BFGS:  24%|██▍       | 245/1000 [1:23:28 > 27:21]
L-BFGS:  25%|██▍       | 246/1000 [1:23:16 > 27:28]
L-BFGS:  25%|██▍       | 247/1000 [1:23:19 > 27:34]
L-BFGS:  25%|██▍       | 248/1000 [1:23:08 > 27:41]
L-BFGS:  25%|██▍       | 249/1000 [1:23:09 > 27:48]
L-BFGS:  25%|██▌       | 250/1000 [1:22:57 > 27:54]
L-BFGS:  25%|██▌       | 251/1000 [1:23:00 > 28:01]
L-BFGS:  25%|██▌       | 252/1000 [1:22:53 > 28:08]
L-BFGS:  25%|██▌       | 253/1000 [1:22:46 > 28:14]
L-BFGS:  25%|██▌       | 254/1000 [1:22:41 > 28:21]
L-BFGS:  26%|██▌       | 255/1000 [1:22:25 > 28:28]
L-BFGS:  26%|██▌       | 256/1000 [1:22:20 > 28:34]
L-BFGS:  26%|██▌       | 257/1000 [1:22:00 > 28:41]
L-BFGS:  26%|██▌       | 258/1000 [1:21:57 > 28:47]
L-BFGS:  26%|██▌       | 259/1000 [1:21:53 > 28:54]
L-BFGS:  26%|██▌       | 260/1000 [1:21:50 > 29:01]
L-BFGS:  26%|██▌       | 261/1000 [1:21:45 > 29:07]
L-BFGS:  26%|██▌       | 262/1000 [1:21:46 > 29:14]
L-BFGS:  26%|██▋       | 263/1000 [1:21:31 > 29:21]
L-BFGS:  26%|██▋       | 264/1000 [1:21:27 > 29:27]
L-BFGS:  26%|██▋       | 265/1000 [1:21:25 > 29:34]
L-BFGS:  27%|██▋       | 266/1000 [1:21:11 > 29:41]
L-BFGS:  27%|██▋       | 267/1000 [1:20:52 > 29:47]
L-BFGS:  27%|██▋       | 268/1000 [1:20:58 > 29:54]
L-BFGS:  27%|██▋       | 269/1000 [1:21:12 > 30:01]
L-BFGS:  27%|██▋       | 270/1000 [1:22:32 > 30:08]
L-BFGS:  27%|██▋       | 271/1000 [1:23:06 > 30:15]
L-BFGS:  27%|██▋       | 272/1000 [1:23:24 > 30:22]
L-BFGS:  27%|██▋       | 273/1000 [1:23:31 > 30:29]
L-BFGS:  27%|██▋       | 274/1000 [1:23:30 > 30:35]
L-BFGS:  28%|██▊       | 275/1000 [1:23:35 > 30:42]
L-BFGS:  28%|██▊       | 276/1000 [1:23:36 > 30:49]
L-BFGS:  28%|██▊       | 277/1000 [1:23:30 > 30:56]
L-BFGS:  28%|██▊       | 278/1000 [1:23:20 > 31:03]
L-BFGS:  28%|██▊       | 279/1000 [1:23:10 > 31:10]
L-BFGS:  28%|██▊       | 280/1000 [1:23:02 > 31:17]
L-BFGS:  28%|██▊       | 281/1000 [1:22:55 > 31:24]
L-BFGS:  28%|██▊       | 282/1000 [1:22:39 > 31:31]
L-BFGS:  28%|██▊       | 283/1000 [1:22:34 > 31:38]
L-BFGS:  28%|██▊       | 284/1000 [1:22:25 > 31:45]
L-BFGS:  28%|██▊       | 285/1000 [1:22:27 > 31:52]
L-BFGS:  29%|██▊       | 286/1000 [1:22:12 > 31:58]
L-BFGS:  29%|██▊       | 287/1000 [1:22:05 > 32:05]
L-BFGS:  29%|██▉       | 288/1000 [1:21:56 > 32:12]
L-BFGS:  29%|██▉       | 289/1000 [1:21:51 > 32:19]
L-BFGS:  29%|██▉       | 290/1000 [1:21:39 > 32:26]
L-BFGS:  29%|██▉       | 291/1000 [1:21:28 > 32:33]
L-BFGS:  29%|██▉       | 292/1000 [1:21:25 > 32:40]
L-BFGS:  29%|██▉       | 293/1000 [1:21:27 > 32:47]
L-BFGS:  29%|██▉       | 294/1000 [1:21:12 > 32:54]
L-BFGS:  30%|██▉       | 295/1000 [1:21:02 > 33:01]
L-BFGS:  30%|██▉       | 296/1000 [1:21:01 > 33:08]
L-BFGS:  30%|██▉       | 297/1000 [1:21:02 > 33:14]
L-BFGS:  30%|██▉       | 298/1000 [1:21:03 > 33:21]
L-BFGS:  30%|██▉       | 299/1000 [1:21:01 > 33:28]
L-BFGS:  30%|███       | 300/1000 [1:20:53 > 33:35]
L-BFGS:  30%|███       | 301/1000 [1:20:49 > 33:42]
L-BFGS:  30%|███       | 302/1000 [1:20:56 > 33:49]
L-BFGS:  30%|███       | 303/1000 [1:20:43 > 33:56]
L-BFGS:  30%|███       | 304/1000 [1:20:35 > 34:03]
L-BFGS:  30%|███       | 305/1000 [1:20:24 > 34:10]
L-BFGS:  31%|███       | 306/1000 [1:20:15 > 34:17]
L-BFGS:  31%|███       | 307/1000 [1:20:01 > 34:24]
L-BFGS:  31%|███       | 308/1000 [1:19:59 > 34:31]
L-BFGS:  31%|███       | 309/1000 [1:19:51 > 34:38]
L-BFGS:  31%|███       | 310/1000 [1:19:48 > 34:45]
L-BFGS:  31%|███       | 311/1000 [1:19:40 > 34:52]
L-BFGS:  31%|███       | 312/1000 [1:19:24 > 34:59]
L-BFGS:  31%|███▏      | 313/1000 [1:19:17 > 35:05]
L-BFGS:  31%|███▏      | 314/1000 [1:19:10 > 35:12]
L-BFGS:  32%|███▏      | 315/1000 [1:19:08 > 35:19]
L-BFGS:  32%|███▏      | 316/1000 [1:19:06 > 35:26]
L-BFGS:  32%|███▏      | 317/1000 [1:19:09 > 35:33]
L-BFGS:  32%|███▏      | 318/1000 [1:19:12 > 35:40]
L-BFGS:  32%|███▏      | 319/1000 [1:19:04 > 35:47]
L-BFGS:  32%|███▏      | 320/1000 [1:19:00 > 35:54]
L-BFGS:  32%|███▏      | 321/1000 [1:18:53 > 36:01]
L-BFGS:  32%|███▏      | 322/1000 [1:19:28 > 36:08]
L-BFGS:  32%|███▏      | 323/1000 [1:20:00 > 36:16]
L-BFGS:  32%|███▏      | 324/1000 [1:20:01 > 36:23]
L-BFGS:  32%|███▎      | 325/1000 [1:18:53 > 36:30]
L-BFGS:  33%|███▎      | 326/1000 [1:17:46 > 36:36]
L-BFGS:  33%|███▎      | 327/1000 [1:16:57 > 36:43]
L-BFGS:  33%|███▎      | 328/1000 [1:16:20 > 36:50]
L-BFGS:  33%|███▎      | 329/1000 [1:15:39 > 36:56]
L-BFGS:  33%|███▎      | 330/1000 [1:15:26 > 37:03]
L-BFGS:  33%|███▎      | 331/1000 [1:15:18 > 37:10]
L-BFGS:  33%|███▎      | 332/1000 [1:14:41 > 37:16]
L-BFGS:  33%|███▎      | 333/1000 [1:14:30 > 37:23]
L-BFGS:  33%|███▎      | 334/1000 [1:14:19 > 37:30]
L-BFGS:  34%|███▎      | 335/1000 [1:14:13 > 37:36]
L-BFGS:  34%|███▎      | 336/1000 [1:14:04 > 37:43]
L-BFGS:  34%|███▎      | 337/1000 [1:13:48 > 37:50]
L-BFGS:  34%|███▍      | 338/1000 [1:13:49 > 37:57]
L-BFGS:  34%|███▍      | 339/1000 [1:14:27 > 38:03]
L-BFGS:  34%|███▍      | 340/1000 [1:14:12 > 38:10]
L-BFGS:  34%|███▍      | 341/1000 [1:13:44 > 38:17]
L-BFGS:  34%|███▍      | 342/1000 [1:13:28 > 38:23]
L-BFGS:  34%|███▍      | 343/1000 [1:13:23 > 38:30]
L-BFGS:  34%|███▍      | 344/1000 [1:13:10 > 38:37]
L-BFGS:  34%|███▍      | 345/1000 [1:13:04 > 38:44]
L-BFGS:  35%|███▍      | 346/1000 [1:12:50 > 38:50]
L-BFGS:  35%|███▍      | 347/1000 [1:13:13 > 38:57]
L-BFGS:  35%|███▍      | 348/1000 [1:13:23 > 39:04]
L-BFGS:  35%|███▍      | 349/1000 [1:13:04 > 39:11]
L-BFGS:  35%|███▌      | 350/1000 [1:12:45 > 39:17]
L-BFGS:  35%|███▌      | 351/1000 [1:12:36 > 39:24]
L-BFGS:  35%|███▌      | 352/1000 [1:12:43 > 39:31]
L-BFGS:  35%|███▌      | 353/1000 [1:12:37 > 39:37]
L-BFGS:  35%|███▌      | 354/1000 [1:12:30 > 39:44]
L-BFGS:  36%|███▌      | 355/1000 [1:12:13 > 39:51]
L-BFGS:  36%|███▌      | 356/1000 [1:12:06 > 39:58]
L-BFGS:  36%|███▌      | 357/1000 [1:11:55 > 40:04]
L-BFGS:  36%|███▌      | 358/1000 [1:11:52 > 40:11]
L-BFGS:  36%|███▌      | 359/1000 [1:11:42 > 40:18]
L-BFGS:  36%|███▌      | 360/1000 [1:11:42 > 40:24]
L-BFGS:  36%|███▌      | 361/1000 [1:11:33 > 40:31]
L-BFGS:  36%|███▌      | 362/1000 [1:11:23 > 40:38]
L-BFGS:  36%|███▋      | 363/1000 [1:11:19 > 40:45]
L-BFGS:  36%|███▋      | 364/1000 [1:11:46 > 40:51]
L-BFGS:  36%|███▋      | 365/1000 [1:11:34 > 40:58]
L-BFGS:  37%|███▋      | 366/1000 [1:11:23 > 41:05]
L-BFGS:  37%|███▋      | 367/1000 [1:11:05 > 41:12]
L-BFGS:  37%|███▋      | 368/1000 [1:10:41 > 41:18]
L-BFGS:  37%|███▋      | 369/1000 [1:10:31 > 41:25]
L-BFGS:  37%|███▋      | 370/1000 [1:10:14 > 41:32]
L-BFGS:  37%|███▋      | 371/1000 [1:10:19 > 41:38]
L-BFGS:  37%|███▋      | 372/1000 [1:10:11 > 41:45]
L-BFGS:  37%|███▋      | 373/1000 [1:09:59 > 41:52]
L-BFGS:  37%|███▋      | 374/1000 [1:10:00 > 41:59]
L-BFGS:  38%|███▊      | 375/1000 [1:09:54 > 42:05]
L-BFGS:  38%|███▊      | 376/1000 [1:09:47 > 42:12]
L-BFGS:  38%|███▊      | 377/1000 [1:09:36 > 42:19]
L-BFGS:  38%|███▊      | 378/1000 [1:09:19 > 42:25]
L-BFGS:  38%|███▊      | 379/1000 [1:09:18 > 42:32]
L-BFGS:  38%|███▊      | 380/1000 [1:09:11 > 42:39]
L-BFGS:  38%|███▊      | 381/1000 [1:09:07 > 42:45]
L-BFGS:  38%|███▊      | 382/1000 [1:09:02 > 42:52]
L-BFGS:  38%|███▊      | 383/1000 [1:08:53 > 42:59]
L-BFGS:  38%|███▊      | 384/1000 [1:08:34 > 43:05]
L-BFGS:  38%|███▊      | 385/1000 [1:08:32 > 43:12]
L-BFGS:  39%|███▊      | 386/1000 [1:08:25 > 43:19]
L-BFGS:  39%|███▊      | 387/1000 [1:08:25 > 43:26]
L-BFGS:  39%|███▉      | 388/1000 [1:08:19 > 43:32]
L-BFGS:  39%|███▉      | 389/1000 [1:08:14 > 43:39]
L-BFGS:  39%|███▉      | 390/1000 [1:08:05 > 43:46]
L-BFGS:  39%|███▉      | 391/1000 [1:07:57 > 43:52]
L-BFGS:  39%|███▉      | 392/1000 [1:07:45 > 43:59]
L-BFGS:  39%|███▉      | 393/1000 [1:07:39 > 44:06]
L-BFGS:  39%|███▉      | 394/1000 [1:07:32 > 44:12]
L-BFGS:  40%|███▉      | 395/1000 [1:07:28 > 44:19]
L-BFGS:  40%|███▉      | 396/1000 [1:07:26 > 44:26]
L-BFGS:  40%|███▉      | 397/1000 [1:07:29 > 44:33]
L-BFGS:  40%|███▉      | 398/1000 [1:07:20 > 44:39]
L-BFGS:  40%|███▉      | 399/1000 [1:07:07 > 44:46]
L-BFGS:  40%|████      | 400/1000 [1:06:58 > 44:53]
L-BFGS:  40%|████      | 401/1000 [1:06:53 > 44:59]
L-BFGS:  40%|████      | 402/1000 [1:06:43 > 45:06]
L-BFGS:  40%|████      | 403/1000 [1:06:29 > 45:13]
L-BFGS:  40%|████      | 404/1000 [1:06:15 > 45:19]
L-BFGS:  40%|████      | 405/1000 [1:06:07 > 45:26]
L-BFGS:  41%|████      | 406/1000 [1:05:56 > 45:33]
L-BFGS:  41%|████      | 407/1000 [1:05:51 > 45:39]
L-BFGS:  41%|████      | 408/1000 [1:05:43 > 45:46]
L-BFGS:  41%|████      | 409/1000 [1:05:37 > 45:53]
L-BFGS:  41%|████      | 410/1000 [1:05:33 > 45:59]
L-BFGS:  41%|████      | 411/1000 [1:05:28 > 46:06]
L-BFGS:  41%|████      | 412/1000 [1:05:25 > 46:13]
L-BFGS:  41%|████▏     | 413/1000 [1:05:20 > 46:19]
L-BFGS:  41%|████▏     | 414/1000 [1:06:04 > 46:26]
L-BFGS:  42%|████▏     | 415/1000 [1:06:23 > 46:33]
L-BFGS:  42%|████▏     | 416/1000 [1:05:58 > 46:40]
L-BFGS:  42%|████▏     | 417/1000 [1:05:43 > 46:47]
L-BFGS:  42%|████▏     | 418/1000 [1:05:24 > 46:53]
L-BFGS:  42%|████▏     | 419/1000 [1:05:02 > 47:00]
L-BFGS:  42%|████▏     | 420/1000 [1:04:56 > 47:07]
L-BFGS:  42%|████▏     | 421/1000 [1:04:44 > 47:13]
L-BFGS:  42%|████▏     | 422/1000 [1:04:29 > 47:20]
L-BFGS:  42%|████▏     | 423/1000 [1:04:17 > 47:27]
L-BFGS:  42%|████▏     | 424/1000 [1:04:16 > 47:33]
L-BFGS:  42%|████▎     | 425/1000 [1:04:14 > 47:40]
L-BFGS:  43%|████▎     | 426/1000 [1:03:59 > 47:47]
L-BFGS:  43%|████▎     | 427/1000 [1:03:49 > 47:54]
L-BFGS:  43%|████▎     | 428/1000 [1:03:32 > 48:00]
L-BFGS:  43%|████▎     | 429/1000 [1:03:27 > 48:07]
L-BFGS:  43%|████▎     | 430/1000 [1:03:16 > 48:13]
L-BFGS:  43%|████▎     | 431/1000 [1:03:14 > 48:20]
L-BFGS:  43%|████▎     | 432/1000 [1:03:05 > 48:27]
L-BFGS:  43%|████▎     | 433/1000 [1:02:59 > 48:33]
L-BFGS:  43%|████▎     | 434/1000 [1:02:46 > 48:40]
L-BFGS:  44%|████▎     | 435/1000 [1:02:45 > 48:47]
L-BFGS:  44%|████▎     | 436/1000 [1:02:42 > 48:53]
L-BFGS:  44%|████▎     | 437/1000 [1:02:34 > 49:00]
L-BFGS:  44%|████▍     | 438/1000 [1:02:28 > 49:07]
L-BFGS:  44%|████▍     | 439/1000 [1:02:20 > 49:13]
L-BFGS:  44%|████▍     | 440/1000 [1:02:08 > 49:20]
L-BFGS:  44%|████▍     | 441/1000 [1:02:10 > 49:27]
L-BFGS:  44%|████▍     | 442/1000 [1:02:04 > 49:33]
L-BFGS:  44%|████▍     | 443/1000 [1:01:59 > 49:40]
L-BFGS:  44%|████▍     | 444/1000 [1:01:49 > 49:47]
L-BFGS:  44%|████▍     | 445/1000 [1:01:36 > 49:53]
L-BFGS:  45%|████▍     | 446/1000 [1:01:46 > 50:00]
L-BFGS:  45%|████▍     | 447/1000 [1:01:48 > 50:07]
L-BFGS:  45%|████▍     | 448/1000 [1:01:38 > 50:14]
L-BFGS:  45%|████▍     | 449/1000 [1:01:38 > 50:20]
L-BFGS:  45%|████▌     | 450/1000 [1:01:37 > 50:27]
L-BFGS:  45%|████▌     | 451/1000 [1:01:23 > 50:34]
L-BFGS:  45%|████▌     | 452/1000 [1:01:09 > 50:40]
L-BFGS:  45%|████▌     | 453/1000 [1:01:07 > 50:47]
L-BFGS:  45%|████▌     | 454/1000 [1:01:22 > 50:54]
L-BFGS:  46%|████▌     | 455/1000 [1:01:01 > 51:01]
L-BFGS:  46%|████▌     | 456/1000 [1:00:44 > 51:07]
L-BFGS:  46%|████▌     | 457/1000 [1:00:49 > 51:14]
L-BFGS:  46%|████▌     | 458/1000 [1:00:35 > 51:21]
L-BFGS:  46%|████▌     | 459/1000 [1:00:23 > 51:27]
L-BFGS:  46%|████▌     | 460/1000 [1:00:18 > 51:34]
L-BFGS:  46%|████▌     | 461/1000 [1:00:09 > 51:41]
L-BFGS:  46%|████▌     | 462/1000 [59:58 > 51:48]  
L-BFGS:  46%|████▋     | 463/1000 [59:47 > 51:54]
L-BFGS:  46%|████▋     | 464/1000 [1:00:05 > 52:01]
L-BFGS:  46%|████▋     | 465/1000 [59:41 > 52:08]  
L-BFGS:  47%|████▋     | 466/1000 [59:47 > 52:14]
L-BFGS:  47%|████▋     | 467/1000 [1:00:11 > 52:21]
L-BFGS:  47%|████▋     | 468/1000 [1:00:29 > 52:28]
L-BFGS:  47%|████▋     | 469/1000 [1:00:39 > 52:35]
L-BFGS:  47%|████▋     | 470/1000 [1:00:56 > 52:42]
L-BFGS:  47%|████▋     | 471/1000 [1:00:33 > 52:49]
L-BFGS:  47%|████▋     | 472/1000 [59:53 > 52:56]  
L-BFGS:  47%|████▋     | 473/1000 [59:31 > 53:02]
L-BFGS:  47%|████▋     | 474/1000 [59:03 > 53:09]
L-BFGS:  48%|████▊     | 475/1000 [58:49 > 53:16]
L-BFGS:  48%|████▊     | 476/1000 [58:28 > 53:22]
L-BFGS:  48%|████▊     | 477/1000 [58:11 > 53:29]
L-BFGS:  48%|████▊     | 478/1000 [58:07 > 53:36]
L-BFGS:  48%|████▊     | 479/1000 [58:00 > 53:42]
L-BFGS:  48%|████▊     | 480/1000 [57:51 > 53:49]
L-BFGS:  48%|████▊     | 481/1000 [57:36 > 53:56]
L-BFGS:  48%|████▊     | 482/1000 [57:39 > 54:02]
L-BFGS:  48%|████▊     | 483/1000 [57:31 > 54:09]
L-BFGS:  48%|████▊     | 484/1000 [57:27 > 54:16]
L-BFGS:  48%|████▊     | 485/1000 [57:17 > 54:22]
L-BFGS:  49%|████▊     | 486/1000 [57:10 > 54:29]
L-BFGS:  49%|████▊     | 487/1000 [57:05 > 54:36]
L-BFGS:  49%|████▉     | 488/1000 [57:02 > 54:42]
L-BFGS:  49%|████▉     | 489/1000 [56:58 > 54:49]
L-BFGS:  49%|████▉     | 490/1000 [56:44 > 54:56]
L-BFGS:  49%|████▉     | 491/1000 [56:37 > 55:02]
L-BFGS:  49%|████▉     | 492/1000 [56:32 > 55:09]
L-BFGS:  49%|████▉     | 493/1000 [56:22 > 55:16]
L-BFGS:  49%|████▉     | 494/1000 [56:14 > 55:22]
L-BFGS:  50%|████▉     | 495/1000 [56:20 > 55:29]
L-BFGS:  50%|████▉     | 496/1000 [56:12 > 55:36]
L-BFGS:  50%|████▉     | 497/1000 [56:11 > 55:43]
L-BFGS:  50%|████▉     | 498/1000 [56:01 > 55:49]
L-BFGS:  50%|████▉     | 499/1000 [55:53 > 55:56]
L-BFGS:  50%|█████     | 500/1000 [55:51 > 56:03]
L-BFGS:  50%|█████     | 501/1000 [55:41 > 56:09]
L-BFGS:  50%|█████     | 502/1000 [55:38 > 56:16]
L-BFGS:  50%|█████     | 503/1000 [55:23 > 56:23]
L-BFGS:  50%|█████     | 504/1000 [55:18 > 56:29]
L-BFGS:  50%|█████     | 505/1000 [55:10 > 56:36]
L-BFGS:  51%|█████     | 506/1000 [54:58 > 56:43]
L-BFGS:  51%|█████     | 507/1000 [54:52 > 56:49]
L-BFGS:  51%|█████     | 508/1000 [54:46 > 56:56]
L-BFGS:  51%|█████     | 509/1000 [54:58 > 57:03]
L-BFGS:  51%|█████     | 510/1000 [54:43 > 57:10]
L-BFGS:  51%|█████     | 511/1000 [54:38 > 57:16]
L-BFGS:  51%|█████     | 512/1000 [54:33 > 57:23]
L-BFGS:  51%|█████▏    | 513/1000 [54:20 > 57:30]
L-BFGS:  51%|█████▏    | 514/1000 [54:09 > 57:36]
L-BFGS:  52%|█████▏    | 515/1000 [54:04 > 57:43]
L-BFGS:  52%|█████▏    | 516/1000 [53:43 > 57:50]
L-BFGS:  52%|█████▏    | 517/1000 [53:39 > 57:56]
L-BFGS:  52%|█████▏    | 518/1000 [53:30 > 58:03]
L-BFGS:  52%|█████▏    | 519/1000 [53:32 > 58:10]
L-BFGS:  52%|█████▏    | 520/1000 [53:19 > 58:16]
L-BFGS:  52%|█████▏    | 521/1000 [53:12 > 58:23]
L-BFGS:  52%|█████▏    | 522/1000 [53:02 > 58:30]
L-BFGS:  52%|█████▏    | 523/1000 [53:00 > 58:36]
L-BFGS:  52%|█████▏    | 524/1000 [52:50 > 58:43]
L-BFGS:  52%|█████▎    | 525/1000 [52:46 > 58:50]
L-BFGS:  53%|█████▎    | 526/1000 [52:36 > 58:56]
L-BFGS:  53%|█████▎    | 527/1000 [52:34 > 59:03]
L-BFGS:  53%|█████▎    | 528/1000 [52:28 > 59:10]
L-BFGS:  53%|█████▎    | 529/1000 [52:29 > 59:16]
L-BFGS:  53%|█████▎    | 530/1000 [52:20 > 59:23]
L-BFGS:  53%|█████▎    | 531/1000 [52:14 > 59:30]
L-BFGS:  53%|█████▎    | 532/1000 [52:04 > 59:36]
L-BFGS:  53%|█████▎    | 533/1000 [51:58 > 59:43]
L-BFGS:  53%|█████▎    | 534/1000 [51:47 > 59:50]
L-BFGS:  54%|█████▎    | 535/1000 [51:43 > 59:56]
L-BFGS:  54%|█████▎    | 536/1000 [51:38 > 1:00:03]
L-BFGS:  54%|█████▎    | 537/1000 [51:33 > 1:00:10]
L-BFGS:  54%|█████▍    | 538/1000 [51:24 > 1:00:16]
L-BFGS:  54%|█████▍    | 539/1000 [51:21 > 1:00:23]
L-BFGS:  54%|█████▍    | 540/1000 [51:15 > 1:00:30]
L-BFGS:  54%|█████▍    | 541/1000 [51:00 > 1:00:37]
L-BFGS:  54%|█████▍    | 542/1000 [50:55 > 1:00:43]
L-BFGS:  54%|█████▍    | 543/1000 [51:16 > 1:00:50]
L-BFGS:  54%|█████▍    | 544/1000 [51:02 > 1:00:57]
L-BFGS:  55%|█████▍    | 545/1000 [51:08 > 1:01:04]
L-BFGS:  55%|█████▍    | 546/1000 [50:50 > 1:01:10]
L-BFGS:  55%|█████▍    | 547/1000 [50:36 > 1:01:17]
L-BFGS:  55%|█████▍    | 548/1000 [50:26 > 1:01:24]
L-BFGS:  55%|█████▍    | 549/1000 [50:17 > 1:01:30]
L-BFGS:  55%|█████▌    | 550/1000 [50:11 > 1:01:37]
L-BFGS:  55%|█████▌    | 551/1000 [50:04 > 1:01:44]
L-BFGS:  55%|█████▌    | 552/1000 [49:42 > 1:01:50]
L-BFGS:  55%|█████▌    | 553/1000 [49:06 > 1:01:57]
L-BFGS:  55%|█████▌    | 554/1000 [48:39 > 1:02:03]
L-BFGS:  56%|█████▌    | 555/1000 [48:23 > 1:02:10]
L-BFGS:  56%|█████▌    | 556/1000 [48:12 > 1:02:16]
L-BFGS:  56%|█████▌    | 557/1000 [48:05 > 1:02:23]
L-BFGS:  56%|█████▌    | 558/1000 [47:58 > 1:02:29]
L-BFGS:  56%|█████▌    | 559/1000 [47:42 > 1:02:35]
L-BFGS:  56%|█████▌    | 560/1000 [47:38 > 1:02:42]
L-BFGS:  56%|█████▌    | 561/1000 [47:27 > 1:02:48]
L-BFGS:  56%|█████▌    | 562/1000 [47:14 > 1:02:55]
L-BFGS:  56%|█████▋    | 563/1000 [47:05 > 1:03:01]
L-BFGS:  56%|█████▋    | 564/1000 [46:58 > 1:03:08]
L-BFGS:  56%|█████▋    | 565/1000 [46:53 > 1:03:14]
L-BFGS:  57%|█████▋    | 566/1000 [46:46 > 1:03:21]
L-BFGS:  57%|█████▋    | 567/1000 [46:41 > 1:03:27]
L-BFGS:  57%|█████▋    | 568/1000 [46:36 > 1:03:34]
L-BFGS:  57%|█████▋    | 569/1000 [46:24 > 1:03:40]
L-BFGS:  57%|█████▋    | 570/1000 [46:11 > 1:03:47]
L-BFGS:  57%|█████▋    | 571/1000 [45:58 > 1:03:53]
L-BFGS:  57%|█████▋    | 572/1000 [45:52 > 1:03:59]
L-BFGS:  57%|█████▋    | 573/1000 [45:40 > 1:04:06]
L-BFGS:  57%|█████▋    | 574/1000 [45:35 > 1:04:12]
L-BFGS:  57%|█████▊    | 575/1000 [45:33 > 1:04:19]
L-BFGS:  58%|█████▊    | 576/1000 [45:31 > 1:04:25]
L-BFGS:  58%|█████▊    | 577/1000 [45:23 > 1:04:32]
L-BFGS:  58%|█████▊    | 578/1000 [45:19 > 1:04:38]
L-BFGS:  58%|█████▊    | 579/1000 [45:15 > 1:04:44]
L-BFGS:  58%|█████▊    | 580/1000 [45:05 > 1:04:51]
L-BFGS:  58%|█████▊    | 581/1000 [45:05 > 1:04:57]
L-BFGS:  58%|█████▊    | 582/1000 [45:11 > 1:05:04]
L-BFGS:  58%|█████▊    | 583/1000 [45:00 > 1:05:10]
L-BFGS:  58%|█████▊    | 584/1000 [44:49 > 1:05:17]
L-BFGS:  58%|█████▊    | 585/1000 [44:36 > 1:05:23]
L-BFGS:  59%|█████▊    | 586/1000 [44:31 > 1:05:30]
L-BFGS:  59%|█████▊    | 587/1000 [44:15 > 1:05:36]
L-BFGS:  59%|█████▉    | 588/1000 [44:13 > 1:05:43]
L-BFGS:  59%|█████▉    | 589/1000 [44:50 > 1:05:49]
L-BFGS:  59%|█████▉    | 590/1000 [45:55 > 1:05:56]
L-BFGS:  59%|█████▉    | 591/1000 [45:59 > 1:06:03]
L-BFGS:  59%|█████▉    | 592/1000 [45:19 > 1:06:10]
L-BFGS:  59%|█████▉    | 593/1000 [44:46 > 1:06:16]
L-BFGS:  59%|█████▉    | 594/1000 [44:31 > 1:06:23]
L-BFGS:  60%|█████▉    | 595/1000 [44:12 > 1:06:29]
L-BFGS:  60%|█████▉    | 596/1000 [43:54 > 1:06:36]
L-BFGS:  60%|█████▉    | 597/1000 [43:34 > 1:06:42]
L-BFGS:  60%|█████▉    | 598/1000 [43:24 > 1:06:49]
L-BFGS:  60%|█████▉    | 599/1000 [43:44 > 1:06:55]
L-BFGS:  60%|██████    | 600/1000 [43:26 > 1:07:02]
L-BFGS:  60%|██████    | 601/1000 [43:27 > 1:07:08]
L-BFGS:  60%|██████    | 602/1000 [43:21 > 1:07:15]
L-BFGS:  60%|██████    | 603/1000 [43:06 > 1:07:21]
L-BFGS:  60%|██████    | 604/1000 [42:50 > 1:07:28]
L-BFGS:  60%|██████    | 605/1000 [42:38 > 1:07:34]
L-BFGS:  61%|██████    | 606/1000 [42:29 > 1:07:41]
L-BFGS:  61%|██████    | 607/1000 [42:17 > 1:07:47]
L-BFGS:  61%|██████    | 608/1000 [42:08 > 1:07:53]
L-BFGS:  61%|██████    | 609/1000 [42:03 > 1:08:00]
L-BFGS:  61%|██████    | 610/1000 [42:07 > 1:08:06]
L-BFGS:  61%|██████    | 611/1000 [41:53 > 1:08:13]
L-BFGS:  61%|██████    | 612/1000 [41:47 > 1:08:19]
L-BFGS:  61%|██████▏   | 613/1000 [41:45 > 1:08:26]
L-BFGS:  61%|██████▏   | 614/1000 [41:34 > 1:08:32]
L-BFGS:  62%|██████▏   | 615/1000 [41:29 > 1:08:39]
L-BFGS:  62%|██████▏   | 616/1000 [41:21 > 1:08:45]
L-BFGS:  62%|██████▏   | 617/1000 [41:08 > 1:08:52]
L-BFGS:  62%|██████▏   | 618/1000 [41:04 > 1:08:58]
L-BFGS:  62%|██████▏   | 619/1000 [41:01 > 1:09:05]
L-BFGS:  62%|██████▏   | 620/1000 [40:58 > 1:09:11]
L-BFGS:  62%|██████▏   | 621/1000 [40:49 > 1:09:18]
L-BFGS:  62%|██████▏   | 622/1000 [40:44 > 1:09:24]
L-BFGS:  62%|██████▏   | 623/1000 [40:36 > 1:09:30]
L-BFGS:  62%|██████▏   | 624/1000 [40:30 > 1:09:37]
L-BFGS:  62%|██████▎   | 625/1000 [40:20 > 1:09:43]
L-BFGS:  63%|██████▎   | 626/1000 [40:10 > 1:09:50]
L-BFGS:  63%|██████▎   | 627/1000 [40:02 > 1:09:56]
L-BFGS:  63%|██████▎   | 628/1000 [39:59 > 1:10:03]
L-BFGS:  63%|██████▎   | 629/1000 [39:52 > 1:10:09]
L-BFGS:  63%|██████▎   | 630/1000 [39:48 > 1:10:16]
L-BFGS:  63%|██████▎   | 631/1000 [39:43 > 1:10:22]
L-BFGS:  63%|██████▎   | 632/1000 [39:36 > 1:10:29]
L-BFGS:  63%|██████▎   | 633/1000 [39:29 > 1:10:35]
L-BFGS:  63%|██████▎   | 634/1000 [39:21 > 1:10:41]
L-BFGS:  64%|██████▎   | 635/1000 [39:32 > 1:10:48]
L-BFGS:  64%|██████▎   | 636/1000 [41:28 > 1:10:56]
L-BFGS:  64%|██████▎   | 637/1000 [41:44 > 1:11:03]
L-BFGS:  64%|██████▍   | 638/1000 [41:33 > 1:11:10]
L-BFGS:  64%|██████▍   | 639/1000 [41:43 > 1:11:17]
L-BFGS:  64%|██████▍   | 640/1000 [41:30 > 1:11:23]
L-BFGS:  64%|██████▍   | 641/1000 [41:19 > 1:11:30]
L-BFGS:  64%|██████▍   | 642/1000 [41:09 > 1:11:37]
L-BFGS:  64%|██████▍   | 643/1000 [41:03 > 1:11:44]
L-BFGS:  64%|██████▍   | 644/1000 [40:49 > 1:11:51]
L-BFGS:  64%|██████▍   | 645/1000 [40:37 > 1:11:58]
L-BFGS:  65%|██████▍   | 646/1000 [40:31 > 1:12:05]
L-BFGS:  65%|██████▍   | 647/1000 [40:27 > 1:12:12]
L-BFGS:  65%|██████▍   | 648/1000 [40:35 > 1:12:19]
L-BFGS:  65%|██████▍   | 649/1000 [40:48 > 1:12:26]
L-BFGS:  65%|██████▌   | 650/1000 [40:50 > 1:12:33]
L-BFGS:  65%|██████▌   | 651/1000 [40:37 > 1:12:40]
L-BFGS:  65%|██████▌   | 652/1000 [40:20 > 1:12:47]
L-BFGS:  65%|██████▌   | 653/1000 [39:59 > 1:12:53]
L-BFGS:  65%|██████▌   | 654/1000 [39:43 > 1:13:00]
L-BFGS:  66%|██████▌   | 655/1000 [39:33 > 1:13:07]
L-BFGS:  66%|██████▌   | 656/1000 [39:23 > 1:13:14]
L-BFGS:  66%|██████▌   | 657/1000 [39:18 > 1:13:21]
L-BFGS:  66%|██████▌   | 658/1000 [39:40 > 1:13:28]
L-BFGS:  66%|██████▌   | 659/1000 [39:52 > 1:13:35]
L-BFGS:  66%|██████▌   | 660/1000 [39:22 > 1:13:42]
L-BFGS:  66%|██████▌   | 661/1000 [38:24 > 1:13:48]
L-BFGS:  66%|██████▌   | 662/1000 [37:44 > 1:13:55]
L-BFGS:  66%|██████▋   | 663/1000 [37:14 > 1:14:01]
L-BFGS:  66%|██████▋   | 664/1000 [36:46 > 1:14:08]
L-BFGS:  66%|██████▋   | 665/1000 [36:30 > 1:14:14]
L-BFGS:  67%|██████▋   | 666/1000 [36:08 > 1:14:21]
L-BFGS:  67%|██████▋   | 667/1000 [35:58 > 1:14:27]
L-BFGS:  67%|██████▋   | 668/1000 [35:51 > 1:14:34]
L-BFGS:  67%|██████▋   | 669/1000 [35:40 > 1:14:40]
L-BFGS:  67%|██████▋   | 670/1000 [35:25 > 1:14:46]
L-BFGS:  67%|██████▋   | 671/1000 [35:18 > 1:14:53]
L-BFGS:  67%|██████▋   | 672/1000 [35:12 > 1:14:59]
L-BFGS:  67%|██████▋   | 673/1000 [35:08 > 1:15:06]
L-BFGS:  67%|██████▋   | 674/1000 [35:03 > 1:15:12]
L-BFGS:  68%|██████▊   | 675/1000 [34:51 > 1:15:19]
L-BFGS:  68%|██████▊   | 676/1000 [34:44 > 1:15:25]
L-BFGS:  68%|██████▊   | 677/1000 [34:37 > 1:15:31]
L-BFGS:  68%|██████▊   | 678/1000 [34:30 > 1:15:38]
L-BFGS:  68%|██████▊   | 679/1000 [34:24 > 1:15:44]
L-BFGS:  68%|██████▊   | 680/1000 [34:16 > 1:15:51]
L-BFGS:  68%|██████▊   | 681/1000 [34:08 > 1:15:57]
L-BFGS:  68%|██████▊   | 682/1000 [34:02 > 1:16:04]
L-BFGS:  68%|██████▊   | 683/1000 [33:55 > 1:16:10]
L-BFGS:  68%|██████▊   | 684/1000 [33:50 > 1:16:16]
L-BFGS:  68%|██████▊   | 685/1000 [33:51 > 1:16:23]
L-BFGS:  69%|██████▊   | 686/1000 [33:41 > 1:16:29]
L-BFGS:  69%|██████▊   | 687/1000 [33:36 > 1:16:36]
L-BFGS:  69%|██████▉   | 688/1000 [33:32 > 1:16:42]
L-BFGS:  69%|██████▉   | 689/1000 [33:23 > 1:16:49]
L-BFGS:  69%|██████▉   | 690/1000 [33:14 > 1:16:55]
L-BFGS:  69%|██████▉   | 691/1000 [33:11 > 1:17:02]
L-BFGS:  69%|██████▉   | 692/1000 [33:05 > 1:17:08]
L-BFGS:  69%|██████▉   | 693/1000 [33:00 > 1:17:14]
L-BFGS:  69%|██████▉   | 694/1000 [32:53 > 1:17:21]
L-BFGS:  70%|██████▉   | 695/1000 [32:45 > 1:17:27]
L-BFGS:  70%|██████▉   | 696/1000 [32:37 > 1:17:34]
L-BFGS:  70%|██████▉   | 697/1000 [32:31 > 1:17:40]
L-BFGS:  70%|██████▉   | 698/1000 [32:25 > 1:17:47]
L-BFGS:  70%|██████▉   | 699/1000 [32:22 > 1:17:53]
L-BFGS:  70%|███████   | 700/1000 [32:17 > 1:18:00]
L-BFGS:  70%|███████   | 701/1000 [32:08 > 1:18:06]
L-BFGS:  70%|███████   | 702/1000 [32:02 > 1:18:12]
L-BFGS:  70%|███████   | 703/1000 [31:52 > 1:18:19]
L-BFGS:  70%|███████   | 704/1000 [31:47 > 1:18:25]
L-BFGS:  70%|███████   | 705/1000 [31:40 > 1:18:32]
L-BFGS:  71%|███████   | 706/1000 [31:34 > 1:18:38]
L-BFGS:  71%|███████   | 707/1000 [31:29 > 1:18:45]
L-BFGS:  71%|███████   | 708/1000 [31:25 > 1:18:51]
L-BFGS:  71%|███████   | 709/1000 [31:15 > 1:18:58]
L-BFGS:  71%|███████   | 710/1000 [31:11 > 1:19:04]
L-BFGS:  71%|███████   | 711/1000 [31:08 > 1:19:11]
L-BFGS:  71%|███████   | 712/1000 [30:58 > 1:19:17]
L-BFGS:  71%|███████▏  | 713/1000 [30:53 > 1:19:23]
L-BFGS:  71%|███████▏  | 714/1000 [30:45 > 1:19:30]
L-BFGS:  72%|███████▏  | 715/1000 [30:35 > 1:19:36]
L-BFGS:  72%|███████▏  | 716/1000 [30:31 > 1:19:43]
L-BFGS:  72%|███████▏  | 717/1000 [30:19 > 1:19:49]
L-BFGS:  72%|███████▏  | 718/1000 [30:11 > 1:19:56]
L-BFGS:  72%|███████▏  | 719/1000 [30:08 > 1:20:02]
L-BFGS:  72%|███████▏  | 720/1000 [30:01 > 1:20:08]
L-BFGS:  72%|███████▏  | 721/1000 [29:56 > 1:20:15]
L-BFGS:  72%|███████▏  | 722/1000 [29:48 > 1:20:21]
L-BFGS:  72%|███████▏  | 723/1000 [29:43 > 1:20:28]
L-BFGS:  72%|███████▏  | 724/1000 [29:38 > 1:20:34]
L-BFGS:  72%|███████▎  | 725/1000 [29:29 > 1:20:41]
L-BFGS:  73%|███████▎  | 726/1000 [29:24 > 1:20:47]
L-BFGS:  73%|███████▎  | 727/1000 [29:36 > 1:20:54]
L-BFGS:  73%|███████▎  | 728/1000 [29:28 > 1:21:00]
L-BFGS:  73%|███████▎  | 729/1000 [29:14 > 1:21:07]
L-BFGS:  73%|███████▎  | 730/1000 [29:06 > 1:21:13]
L-BFGS:  73%|███████▎  | 731/1000 [28:55 > 1:21:19]
L-BFGS:  73%|███████▎  | 732/1000 [28:48 > 1:21:26]
L-BFGS:  73%|███████▎  | 733/1000 [28:44 > 1:21:32]
L-BFGS:  73%|███████▎  | 734/1000 [28:34 > 1:21:39]
L-BFGS:  74%|███████▎  | 735/1000 [28:25 > 1:21:45]
L-BFGS:  74%|███████▎  | 736/1000 [28:24 > 1:21:52]
L-BFGS:  74%|███████▎  | 737/1000 [28:19 > 1:21:58]
L-BFGS:  74%|███████▍  | 738/1000 [28:14 > 1:22:05]
L-BFGS:  74%|███████▍  | 739/1000 [28:06 > 1:22:11]
L-BFGS:  74%|███████▍  | 740/1000 [27:59 > 1:22:18]
L-BFGS:  74%|███████▍  | 741/1000 [27:59 > 1:22:24]
L-BFGS:  74%|███████▍  | 742/1000 [27:51 > 1:22:31]
L-BFGS:  74%|███████▍  | 743/1000 [27:42 > 1:22:37]
L-BFGS:  74%|███████▍  | 744/1000 [27:31 > 1:22:43]
L-BFGS:  74%|███████▍  | 745/1000 [27:25 > 1:22:50]
L-BFGS:  75%|███████▍  | 746/1000 [27:20 > 1:22:56]
L-BFGS:  75%|███████▍  | 747/1000 [27:10 > 1:23:03]
L-BFGS:  75%|███████▍  | 748/1000 [27:04 > 1:23:09]
L-BFGS:  75%|███████▍  | 749/1000 [27:01 > 1:23:16]
L-BFGS:  75%|███████▌  | 750/1000 [26:52 > 1:23:22]
L-BFGS:  75%|███████▌  | 751/1000 [26:42 > 1:23:29]
L-BFGS:  75%|███████▌  | 752/1000 [26:36 > 1:23:35]
L-BFGS:  75%|███████▌  | 753/1000 [26:31 > 1:23:41]
L-BFGS:  75%|███████▌  | 754/1000 [26:24 > 1:23:48]
L-BFGS:  76%|███████▌  | 755/1000 [26:17 > 1:23:54]
L-BFGS:  76%|███████▌  | 756/1000 [26:12 > 1:24:01]
L-BFGS:  76%|███████▌  | 757/1000 [26:07 > 1:24:07]
L-BFGS:  76%|███████▌  | 758/1000 [26:02 > 1:24:14]
L-BFGS:  76%|███████▌  | 759/1000 [25:58 > 1:24:20]
L-BFGS:  76%|███████▌  | 760/1000 [25:50 > 1:24:27]
L-BFGS:  76%|███████▌  | 761/1000 [25:41 > 1:24:33]
L-BFGS:  76%|███████▌  | 762/1000 [25:34 > 1:24:40]
L-BFGS:  76%|███████▋  | 763/1000 [25:28 > 1:24:46]
L-BFGS:  76%|███████▋  | 764/1000 [25:25 > 1:24:52]
L-BFGS:  76%|███████▋  | 765/1000 [25:15 > 1:24:59]
L-BFGS:  77%|███████▋  | 766/1000 [25:07 > 1:25:05]
L-BFGS:  77%|███████▋  | 767/1000 [25:02 > 1:25:12]
L-BFGS:  77%|███████▋  | 768/1000 [24:54 > 1:25:18]
L-BFGS:  77%|███████▋  | 769/1000 [24:47 > 1:25:25]
L-BFGS:  77%|███████▋  | 770/1000 [24:38 > 1:25:31]
L-BFGS:  77%|███████▋  | 771/1000 [24:32 > 1:25:37]
L-BFGS:  77%|███████▋  | 772/1000 [24:26 > 1:25:44]
L-BFGS:  77%|███████▋  | 773/1000 [24:18 > 1:25:50]
L-BFGS:  77%|███████▋  | 774/1000 [24:11 > 1:25:57]
L-BFGS:  78%|███████▊  | 775/1000 [24:06 > 1:26:03]
L-BFGS:  78%|███████▊  | 776/1000 [23:58 > 1:26:10]
L-BFGS:  78%|███████▊  | 777/1000 [23:53 > 1:26:16]
L-BFGS:  78%|███████▊  | 778/1000 [23:50 > 1:26:23]
L-BFGS:  78%|███████▊  | 779/1000 [23:42 > 1:26:29]
L-BFGS:  78%|███████▊  | 780/1000 [23:33 > 1:26:35]
L-BFGS:  78%|███████▊  | 781/1000 [23:27 > 1:26:42]
L-BFGS:  78%|███████▊  | 782/1000 [23:25 > 1:26:48]
L-BFGS:  78%|███████▊  | 783/1000 [23:56 > 1:26:55]
L-BFGS:  78%|███████▊  | 784/1000 [23:58 > 1:27:02]
L-BFGS:  78%|███████▊  | 785/1000 [24:00 > 1:27:09]
L-BFGS:  79%|███████▊  | 786/1000 [23:51 > 1:27:16]
L-BFGS:  79%|███████▊  | 787/1000 [23:43 > 1:27:22]
L-BFGS:  79%|███████▉  | 788/1000 [23:36 > 1:27:29]
L-BFGS:  79%|███████▉  | 789/1000 [23:29 > 1:27:36]
L-BFGS:  79%|███████▉  | 790/1000 [23:23 > 1:27:42]
L-BFGS:  79%|███████▉  | 791/1000 [23:15 > 1:27:49]
L-BFGS:  79%|███████▉  | 792/1000 [23:09 > 1:27:56]
L-BFGS:  79%|███████▉  | 793/1000 [23:04 > 1:28:02]
L-BFGS:  79%|███████▉  | 794/1000 [22:55 > 1:28:09]
L-BFGS:  80%|███████▉  | 795/1000 [22:49 > 1:28:16]
L-BFGS:  80%|███████▉  | 796/1000 [22:44 > 1:28:22]
L-BFGS:  80%|███████▉  | 797/1000 [22:39 > 1:28:29]
L-BFGS:  80%|███████▉  | 798/1000 [22:29 > 1:28:36]
L-BFGS:  80%|███████▉  | 799/1000 [22:25 > 1:28:42]
L-BFGS:  80%|████████  | 800/1000 [22:18 > 1:28:49]
L-BFGS:  80%|████████  | 801/1000 [22:16 > 1:28:56]
L-BFGS:  80%|████████  | 802/1000 [22:10 > 1:29:03]
L-BFGS:  80%|████████  | 803/1000 [22:06 > 1:29:09]
L-BFGS:  80%|████████  | 804/1000 [21:53 > 1:29:16]
L-BFGS:  80%|████████  | 805/1000 [21:44 > 1:29:23]
L-BFGS:  81%|████████  | 806/1000 [21:35 > 1:29:29]
L-BFGS:  81%|████████  | 807/1000 [21:33 > 1:29:36]
L-BFGS:  81%|████████  | 808/1000 [21:26 > 1:29:43]
L-BFGS:  81%|████████  | 809/1000 [21:16 > 1:29:49]
L-BFGS:  81%|████████  | 810/1000 [21:07 > 1:29:56]
L-BFGS:  81%|████████  | 811/1000 [21:04 > 1:30:03]
L-BFGS:  81%|████████  | 812/1000 [20:57 > 1:30:09]
L-BFGS:  81%|████████▏ | 813/1000 [20:50 > 1:30:16]
L-BFGS:  81%|████████▏ | 814/1000 [20:42 > 1:30:23]
L-BFGS:  82%|████████▏ | 815/1000 [20:36 > 1:30:30]
L-BFGS:  82%|████████▏ | 816/1000 [20:32 > 1:30:36]
L-BFGS:  82%|████████▏ | 817/1000 [20:26 > 1:30:43]
L-BFGS:  82%|████████▏ | 818/1000 [20:28 > 1:30:50]
L-BFGS:  82%|████████▏ | 819/1000 [20:17 > 1:30:56]
L-BFGS:  82%|████████▏ | 820/1000 [20:06 > 1:31:03]
L-BFGS:  82%|████████▏ | 821/1000 [19:59 > 1:31:10]
L-BFGS:  82%|████████▏ | 822/1000 [19:50 > 1:31:16]
L-BFGS:  82%|████████▏ | 823/1000 [19:40 > 1:31:23]
L-BFGS:  82%|████████▏ | 824/1000 [19:34 > 1:31:30]
L-BFGS:  82%|████████▎ | 825/1000 [19:27 > 1:31:36]
L-BFGS:  83%|████████▎ | 826/1000 [19:23 > 1:31:43]
L-BFGS:  83%|████████▎ | 827/1000 [19:15 > 1:31:50]
L-BFGS:  83%|████████▎ | 828/1000 [19:06 > 1:31:56]
L-BFGS:  83%|████████▎ | 829/1000 [19:01 > 1:32:03]
L-BFGS:  83%|████████▎ | 830/1000 [18:58 > 1:32:10]
L-BFGS:  83%|████████▎ | 831/1000 [18:51 > 1:32:17]
L-BFGS:  83%|████████▎ | 832/1000 [18:43 > 1:32:23]
L-BFGS:  83%|████████▎ | 833/1000 [18:33 > 1:32:30]
L-BFGS:  83%|████████▎ | 834/1000 [18:28 > 1:32:37]
L-BFGS:  84%|████████▎ | 835/1000 [18:22 > 1:32:43]
L-BFGS:  84%|████████▎ | 836/1000 [18:14 > 1:32:50]
L-BFGS:  84%|████████▎ | 837/1000 [18:08 > 1:32:57]
L-BFGS:  84%|████████▍ | 838/1000 [18:06 > 1:33:03]
L-BFGS:  84%|████████▍ | 839/1000 [17:58 > 1:33:10]
L-BFGS:  84%|████████▍ | 840/1000 [17:52 > 1:33:17]
L-BFGS:  84%|████████▍ | 841/1000 [17:32 > 1:33:23]
L-BFGS:  84%|████████▍ | 842/1000 [17:18 > 1:33:30]
L-BFGS:  84%|████████▍ | 843/1000 [17:10 > 1:33:36]
L-BFGS:  84%|████████▍ | 844/1000 [17:00 > 1:33:43]
L-BFGS:  84%|████████▍ | 845/1000 [16:50 > 1:33:49]
L-BFGS:  85%|████████▍ | 846/1000 [16:40 > 1:33:56]
L-BFGS:  85%|████████▍ | 847/1000 [16:34 > 1:34:02]
L-BFGS:  85%|████████▍ | 848/1000 [16:25 > 1:34:09]
L-BFGS:  85%|████████▍ | 849/1000 [16:32 > 1:34:15]
L-BFGS:  85%|████████▌ | 850/1000 [16:27 > 1:34:22]
L-BFGS:  85%|████████▌ | 851/1000 [16:44 > 1:34:29]
L-BFGS:  85%|████████▌ | 852/1000 [16:56 > 1:34:36]
L-BFGS:  85%|████████▌ | 853/1000 [16:37 > 1:34:43]
L-BFGS:  85%|████████▌ | 854/1000 [16:50 > 1:34:50]
L-BFGS:  86%|████████▌ | 855/1000 [16:57 > 1:34:57]
L-BFGS:  86%|████████▌ | 856/1000 [16:57 > 1:35:05]
L-BFGS:  86%|████████▌ | 857/1000 [16:37 > 1:35:11]
L-BFGS:  86%|████████▌ | 858/1000 [16:10 > 1:35:18]
L-BFGS:  86%|████████▌ | 859/1000 [15:46 > 1:35:24]
L-BFGS:  86%|████████▌ | 860/1000 [15:29 > 1:35:31]
L-BFGS:  86%|████████▌ | 861/1000 [15:15 > 1:35:37]
L-BFGS:  86%|████████▌ | 862/1000 [15:02 > 1:35:44]
L-BFGS:  86%|████████▋ | 863/1000 [14:51 > 1:35:50]
L-BFGS:  86%|████████▋ | 864/1000 [14:42 > 1:35:56]
L-BFGS:  86%|████████▋ | 865/1000 [14:37 > 1:36:03]
L-BFGS:  87%|████████▋ | 866/1000 [14:27 > 1:36:09]
L-BFGS:  87%|████████▋ | 867/1000 [14:19 > 1:36:16]
L-BFGS:  87%|████████▋ | 868/1000 [14:12 > 1:36:22]
L-BFGS:  87%|████████▋ | 869/1000 [14:04 > 1:36:29]
L-BFGS:  87%|████████▋ | 870/1000 [13:56 > 1:36:35]
L-BFGS:  87%|████████▋ | 871/1000 [13:51 > 1:36:42]
L-BFGS:  87%|████████▋ | 872/1000 [13:45 > 1:36:48]
L-BFGS:  87%|████████▋ | 873/1000 [13:38 > 1:36:54]
L-BFGS:  87%|████████▋ | 874/1000 [13:40 > 1:37:01]
L-BFGS:  88%|████████▊ | 875/1000 [13:53 > 1:37:08]
L-BFGS:  88%|████████▊ | 876/1000 [13:40 > 1:37:15]
L-BFGS:  88%|████████▊ | 877/1000 [13:33 > 1:37:21]
L-BFGS:  88%|████████▊ | 878/1000 [13:19 > 1:37:28]
L-BFGS:  88%|████████▊ | 879/1000 [13:08 > 1:37:34]
L-BFGS:  88%|████████▊ | 880/1000 [12:59 > 1:37:41]
L-BFGS:  88%|████████▊ | 881/1000 [13:03 > 1:37:47]
L-BFGS:  88%|████████▊ | 882/1000 [13:11 > 1:37:54]
L-BFGS:  88%|████████▊ | 883/1000 [13:03 > 1:38:01]
L-BFGS:  88%|████████▊ | 884/1000 [12:56 > 1:38:08]
L-BFGS:  88%|████████▊ | 885/1000 [12:49 > 1:38:14]
L-BFGS:  89%|████████▊ | 886/1000 [12:42 > 1:38:21]
L-BFGS:  89%|████████▊ | 887/1000 [12:34 > 1:38:28]
L-BFGS:  89%|████████▉ | 888/1000 [12:30 > 1:38:35]
L-BFGS:  89%|████████▉ | 889/1000 [12:22 > 1:38:41]
L-BFGS:  89%|████████▉ | 890/1000 [12:14 > 1:38:48]
L-BFGS:  89%|████████▉ | 891/1000 [12:08 > 1:38:55]
L-BFGS:  89%|████████▉ | 892/1000 [12:03 > 1:39:01]
L-BFGS:  89%|████████▉ | 893/1000 [11:55 > 1:39:08]
L-BFGS:  89%|████████▉ | 894/1000 [11:50 > 1:39:15]
L-BFGS:  90%|████████▉ | 895/1000 [11:43 > 1:39:21]
L-BFGS:  90%|████████▉ | 896/1000 [11:39 > 1:39:28]
L-BFGS:  90%|████████▉ | 897/1000 [11:31 > 1:39:35]
L-BFGS:  90%|████████▉ | 898/1000 [11:23 > 1:39:41]
L-BFGS:  90%|████████▉ | 899/1000 [11:18 > 1:39:48]
L-BFGS:  90%|█████████ | 900/1000 [11:10 > 1:39:55]
L-BFGS:  90%|█████████ | 901/1000 [11:05 > 1:40:02]
L-BFGS:  90%|█████████ | 902/1000 [10:57 > 1:40:08]
L-BFGS:  90%|█████████ | 903/1000 [10:51 > 1:40:15]
L-BFGS:  90%|█████████ | 904/1000 [10:42 > 1:40:22]
L-BFGS:  90%|█████████ | 905/1000 [10:35 > 1:40:28]
L-BFGS:  91%|█████████ | 906/1000 [10:29 > 1:40:35]
L-BFGS:  91%|█████████ | 907/1000 [10:22 > 1:40:42]
L-BFGS:  91%|█████████ | 908/1000 [10:17 > 1:40:49]
L-BFGS:  91%|█████████ | 909/1000 [10:14 > 1:40:55]
L-BFGS:  91%|█████████ | 910/1000 [10:05 > 1:41:02]
L-BFGS:  91%|█████████ | 911/1000 [09:57 > 1:41:09]
L-BFGS:  91%|█████████ | 912/1000 [09:51 > 1:41:15]
L-BFGS:  91%|█████████▏| 913/1000 [09:45 > 1:41:22]
L-BFGS:  91%|█████████▏| 914/1000 [09:38 > 1:41:29]
L-BFGS:  92%|█████████▏| 915/1000 [09:30 > 1:41:36]
L-BFGS:  92%|█████████▏| 916/1000 [09:23 > 1:41:42]
L-BFGS:  92%|█████████▏| 917/1000 [09:17 > 1:41:49]
L-BFGS:  92%|█████████▏| 918/1000 [09:09 > 1:41:56]
L-BFGS:  92%|█████████▏| 919/1000 [09:04 > 1:42:02]
L-BFGS:  92%|█████████▏| 920/1000 [08:57 > 1:42:09]
L-BFGS:  92%|█████████▏| 921/1000 [08:51 > 1:42:16]
L-BFGS:  92%|█████████▏| 922/1000 [08:44 > 1:42:23]
L-BFGS:  92%|█████████▏| 923/1000 [08:35 > 1:42:29]
L-BFGS:  92%|█████████▏| 924/1000 [08:28 > 1:42:36]
L-BFGS:  92%|█████████▎| 925/1000 [08:19 > 1:42:43]
L-BFGS:  93%|█████████▎| 926/1000 [08:13 > 1:42:49]
L-BFGS:  93%|█████████▎| 927/1000 [08:07 > 1:42:56]
L-BFGS:  93%|█████████▎| 928/1000 [08:00 > 1:43:03]
L-BFGS:  93%|█████████▎| 929/1000 [07:54 > 1:43:09]
L-BFGS:  93%|█████████▎| 930/1000 [07:47 > 1:43:16]
L-BFGS:  93%|█████████▎| 931/1000 [07:42 > 1:43:23]
L-BFGS:  93%|█████████▎| 932/1000 [07:35 > 1:43:29]
L-BFGS:  93%|█████████▎| 933/1000 [07:24 > 1:43:36]
L-BFGS:  93%|█████████▎| 934/1000 [07:13 > 1:43:42]
L-BFGS:  94%|█████████▎| 935/1000 [07:04 > 1:43:49]
L-BFGS:  94%|█████████▎| 936/1000 [06:55 > 1:43:55]
L-BFGS:  94%|█████████▎| 937/1000 [06:49 > 1:44:02]
L-BFGS:  94%|█████████▍| 938/1000 [06:41 > 1:44:08]
L-BFGS:  94%|█████████▍| 939/1000 [06:34 > 1:44:15]
L-BFGS:  94%|█████████▍| 940/1000 [06:28 > 1:44:21]
L-BFGS:  94%|█████████▍| 941/1000 [06:23 > 1:44:28]
L-BFGS:  94%|█████████▍| 942/1000 [06:15 > 1:44:34]
L-BFGS:  94%|█████████▍| 943/1000 [06:08 > 1:44:40]
L-BFGS:  94%|█████████▍| 944/1000 [06:01 > 1:44:47]
L-BFGS:  94%|█████████▍| 945/1000 [05:54 > 1:44:53]
L-BFGS:  95%|█████████▍| 946/1000 [05:47 > 1:45:00]
L-BFGS:  95%|█████████▍| 947/1000 [05:41 > 1:45:06]
L-BFGS:  95%|█████████▍| 948/1000 [05:35 > 1:45:13]
L-BFGS:  95%|█████████▍| 949/1000 [05:27 > 1:45:19]
L-BFGS:  95%|█████████▌| 950/1000 [05:21 > 1:45:25]
L-BFGS:  95%|█████████▌| 951/1000 [05:15 > 1:45:32]
L-BFGS:  95%|█████████▌| 952/1000 [05:10 > 1:45:38]
L-BFGS:  95%|█████████▌| 953/1000 [05:03 > 1:45:45]
L-BFGS:  95%|█████████▌| 954/1000 [04:56 > 1:45:51]
L-BFGS:  96%|█████████▌| 955/1000 [04:50 > 1:45:58]
L-BFGS:  96%|█████████▌| 956/1000 [04:44 > 1:46:04]
L-BFGS:  96%|█████████▌| 957/1000 [04:37 > 1:46:11]
L-BFGS:  96%|█████████▌| 958/1000 [04:30 > 1:46:17]
L-BFGS:  96%|█████████▌| 959/1000 [04:24 > 1:46:24]
L-BFGS:  96%|█████████▌| 960/1000 [04:18 > 1:46:30]
L-BFGS:  96%|█████████▌| 961/1000 [04:11 > 1:46:36]
L-BFGS:  96%|█████████▌| 962/1000 [04:04 > 1:46:43]
L-BFGS:  96%|█████████▋| 963/1000 [03:58 > 1:46:49]
L-BFGS:  96%|█████████▋| 964/1000 [03:52 > 1:46:56]
L-BFGS:  96%|█████████▋| 965/1000 [03:45 > 1:47:02]
L-BFGS:  97%|█████████▋| 966/1000 [03:39 > 1:47:09]
L-BFGS:  97%|█████████▋| 967/1000 [03:33 > 1:47:15]
L-BFGS:  97%|█████████▋| 968/1000 [03:26 > 1:47:22]
L-BFGS:  97%|█████████▋| 969/1000 [03:20 > 1:47:28]
L-BFGS:  97%|█████████▋| 970/1000 [03:15 > 1:47:35]
L-BFGS:  97%|█████████▋| 971/1000 [03:08 > 1:47:41]
L-BFGS:  97%|█████████▋| 972/1000 [03:01 > 1:47:48]
L-BFGS:  97%|█████████▋| 973/1000 [02:54 > 1:47:54]
L-BFGS:  97%|█████████▋| 974/1000 [02:48 > 1:48:01]
L-BFGS:  98%|█████████▊| 975/1000 [02:42 > 1:48:07]
L-BFGS:  98%|█████████▊| 976/1000 [02:35 > 1:48:14]
L-BFGS:  98%|█████████▊| 977/1000 [02:28 > 1:48:20]
L-BFGS:  98%|█████████▊| 978/1000 [02:22 > 1:48:26]
L-BFGS:  98%|█████████▊| 979/1000 [02:15 > 1:48:33]
L-BFGS:  98%|█████████▊| 980/1000 [02:08 > 1:48:39]
L-BFGS:  98%|█████████▊| 981/1000 [02:02 > 1:48:46]
L-BFGS:  98%|█████████▊| 982/1000 [01:55 > 1:48:52]
L-BFGS:  98%|█████████▊| 983/1000 [01:49 > 1:48:59]
L-BFGS:  98%|█████████▊| 984/1000 [01:43 > 1:49:05]
L-BFGS:  98%|█████████▊| 985/1000 [01:36 > 1:49:12]
L-BFGS:  99%|█████████▊| 986/1000 [01:30 > 1:49:18]
L-BFGS:  99%|█████████▊| 987/1000 [01:23 > 1:49:24]
L-BFGS:  99%|█████████▉| 988/1000 [01:17 > 1:49:31]
L-BFGS:  99%|█████████▉| 989/1000 [01:10 > 1:49:37]
L-BFGS:  99%|█████████▉| 990/1000 [01:04 > 1:49:44]
L-BFGS:  99%|█████████▉| 991/1000 [00:57 > 1:49:50]
L-BFGS:  99%|█████████▉| 992/1000 [00:51 > 1:49:57]
L-BFGS:  99%|█████████▉| 993/1000 [00:45 > 1:50:03]
L-BFGS:  99%|█████████▉| 994/1000 [00:38 > 1:50:10]
L-BFGS: 100%|█████████▉| 995/1000 [00:32 > 1:50:16]
L-BFGS: 100%|█████████▉| 996/1000 [00:25 > 1:50:22]
L-BFGS: 100%|█████████▉| 997/1000 [00:19 > 1:50:29]
L-BFGS: 100%|█████████▉| 998/1000 [00:12 > 1:50:35]
L-BFGS: 100%|█████████▉| 999/1000 [00:06 > 1:50:42]
L-BFGS: 100%|██████████| 1000/1000 [00:00 > 1:50:48]
L-BFGS: 100%|██████████| 1000/1000 [00:00 > 1:50:48]
Training saved: C:\Ali Computation\pinn\code\heterogeneous\pino_heterogeneous\results\exp_B_lhc_N500\pino_heterogeneous_concentration.png C:\Ali Computation\pinn\code\heterogeneous\pino_heterogeneous\results\exp_B_lhc_N500\pino_heterogeneous_loss.png C:\Ali Computation\pinn\code\heterogeneous\pino_heterogeneous\results\exp_B_lhc_N500\pino_heterogeneous_model.pt
COMSOL validation: 81 media -> C:\Ali Computation\pinn\code\heterogeneous\pino_heterogeneous\results\comsol_validation  (x* collocation n=86)

COMSOL vs PINO:   0%|          | 0/81 [00:00<?, ?it/s]
COMSOL vs PINO:  10%|▉         | 8/81 [00:00<00:01, 71.34it/s]
COMSOL vs PINO:  20%|█▉        | 16/81 [00:00<00:00, 66.12it/s]
COMSOL vs PINO:  28%|██▊       | 23/81 [00:00<00:00, 63.00it/s]
COMSOL vs PINO:  37%|███▋      | 30/81 [00:00<00:00, 62.96it/s]
COMSOL vs PINO:  47%|████▋     | 38/81 [00:00<00:00, 65.73it/s]
COMSOL vs PINO:  57%|█████▋    | 46/81 [00:00<00:00, 67.82it/s]
COMSOL vs PINO:  67%|██████▋   | 54/81 [00:00<00:00, 69.35it/s]
COMSOL vs PINO:  77%|███████▋  | 62/81 [00:00<00:00, 70.42it/s]
COMSOL vs PINO:  86%|████████▋ | 70/81 [00:01<00:00, 70.25it/s]
COMSOL vs PINO:  96%|█████████▋| 78/81 [00:01<00:00, 71.08it/s]
COMSOL vs PINO: 100%|██████████| 81/81 [00:01<00:00, 68.25it/s]
COMSOL validation summary: n=81  mean=1.369286e-01  max=2.376775e-01  min=8.076797e-02
Wrote C:\Ali Computation\pinn\code\heterogeneous\pino_heterogeneous\results\comsol_validation\comsol_validation_summary.csv
Run metadata: C:\Ali Computation\pinn\code\heterogeneous\pino_heterogeneous\results\exp_B_lhc_N500\run_meta.json

# exit 0 after 1:51:03.909489
