# code/heterogeneous/pino_heterogeneous/pinn1d_heterogeneous_parametric_neural_operator.py --design maximin --n-train 500 --out-dir results/exp_C_maximin_N500 --skip-validation-plots
# started 2026-06-11 15:42:27
# cwd C:\Ali Computation\pinn\code\heterogeneous\pino_heterogeneous

Using CPU (CUDA not available, dtype=torch.float32)
PE (computed) = 0.010368
design=maximin  n_train_requested=500  batch_mode=True
results_dir=C:\Ali Computation\pinn\code\heterogeneous\pino_heterogeneous\results\exp_C_maximin_N500
Training: 500 maximin samples in [0.01, 0.05] m/d
  saved/loaded: C:\Ali Computation\pinn\code\heterogeneous\pino_heterogeneous\results\exp_C_maximin_N500\train_u_cases.csv
  branch CFL range [0.120085, 0.599848]
PDE mesh: bulk 50x50x500 + interface bands (36 x* / band, +/-0.025 around (0.2, 0.4, 0.6))
COMSOL validation: 81 fixed grid cases from comsol_4zones.txt
run_training=True  run_comsol_validation=True  skip_validation_plots=True
PDE collocation points: 2,150,000 (bulk 1,250,000, interface 900,000)
Collocation mesh plot (pre-train): C:\Ali Computation\pinn\code\heterogeneous\pino_heterogeneous\results\exp_C_maximin_N500\pino_heterogeneous_collocation_points.png
LBFGS (
Parameter Group 0
    history_size: 50
    line_search_fn: strong_wolfe
    lr: 1
    max_eval: 1
    max_iter: 1
    tolerance_change: 1e-09
    tolerance_grad: 1e-07
)

L-BFGS:   0%|          | 0/1000 [? > 00:00]
L-BFGS:   0%|          | 1/1000 [1:54:00 > 00:06]
L-BFGS:   0%|          | 2/1000 [1:49:36 > 00:13]
L-BFGS:   0%|          | 3/1000 [1:48:17 > 00:19]
L-BFGS:   0%|          | 4/1000 [1:47:36 > 00:26]
L-BFGS:   0%|          | 5/1000 [1:47:19 > 00:32]
L-BFGS:   1%|          | 6/1000 [1:46:52 > 00:38]
L-BFGS:   1%|          | 7/1000 [1:46:51 > 00:45]
L-BFGS:   1%|          | 8/1000 [1:46:50 > 00:51]
L-BFGS:   1%|          | 9/1000 [1:46:43 > 00:58]
L-BFGS:   1%|          | 10/1000 [1:46:33 > 01:04]
L-BFGS:   1%|          | 11/1000 [1:46:22 > 01:11]
L-BFGS:   1%|          | 12/1000 [1:45:53 > 01:17]
L-BFGS:   1%|▏         | 13/1000 [1:45:38 > 01:24]
L-BFGS:   1%|▏         | 14/1000 [1:45:27 > 01:30]
L-BFGS:   2%|▏         | 15/1000 [1:45:23 > 01:36]
L-BFGS:   2%|▏         | 16/1000 [1:45:23 > 01:43]
L-BFGS:   2%|▏         | 17/1000 [1:45:11 > 01:49]
L-BFGS:   2%|▏         | 18/1000 [1:45:13 > 01:56]
L-BFGS:   2%|▏         | 19/1000 [1:45:18 > 02:02]
L-BFGS:   2%|▏         | 20/1000 [1:45:06 > 02:09]
L-BFGS:   2%|▏         | 21/1000 [1:45:04 > 02:15]
L-BFGS:   2%|▏         | 22/1000 [1:44:53 > 02:21]
L-BFGS:   2%|▏         | 23/1000 [1:44:45 > 02:28]
L-BFGS:   2%|▏         | 24/1000 [1:44:30 > 02:34]
L-BFGS:   2%|▎         | 25/1000 [1:44:20 > 02:41]
L-BFGS:   3%|▎         | 26/1000 [1:44:24 > 02:47]
L-BFGS:   3%|▎         | 27/1000 [1:44:18 > 02:54]
L-BFGS:   3%|▎         | 28/1000 [1:44:20 > 03:00]
L-BFGS:   3%|▎         | 29/1000 [1:44:14 > 03:06]
L-BFGS:   3%|▎         | 30/1000 [1:44:20 > 03:13]
L-BFGS:   3%|▎         | 31/1000 [1:43:58 > 03:19]
L-BFGS:   3%|▎         | 32/1000 [1:43:45 > 03:26]
L-BFGS:   3%|▎         | 33/1000 [1:43:48 > 03:32]
L-BFGS:   3%|▎         | 34/1000 [1:43:31 > 03:39]
L-BFGS:   4%|▎         | 35/1000 [1:43:17 > 03:45]
L-BFGS:   4%|▎         | 36/1000 [1:43:13 > 03:51]
L-BFGS:   4%|▎         | 37/1000 [1:43:09 > 03:58]
L-BFGS:   4%|▍         | 38/1000 [1:43:15 > 04:04]
L-BFGS:   4%|▍         | 39/1000 [1:42:55 > 04:11]
L-BFGS:   4%|▍         | 40/1000 [1:44:49 > 04:18]
L-BFGS:   4%|▍         | 41/1000 [1:46:25 > 04:25]
L-BFGS:   4%|▍         | 42/1000 [1:47:02 > 04:31]
L-BFGS:   4%|▍         | 43/1000 [1:47:23 > 04:38]
L-BFGS:   4%|▍         | 44/1000 [1:47:19 > 04:45]
L-BFGS:   4%|▍         | 45/1000 [1:47:17 > 04:52]
L-BFGS:   5%|▍         | 46/1000 [1:46:33 > 04:58]
L-BFGS:   5%|▍         | 47/1000 [1:46:48 > 05:05]
L-BFGS:   5%|▍         | 48/1000 [1:46:30 > 05:12]
L-BFGS:   5%|▍         | 49/1000 [1:46:01 > 05:18]
L-BFGS:   5%|▌         | 50/1000 [1:45:56 > 05:25]
L-BFGS:   5%|▌         | 51/1000 [1:45:54 > 05:32]
L-BFGS:   5%|▌         | 52/1000 [1:45:42 > 05:38]
L-BFGS:   5%|▌         | 53/1000 [1:45:38 > 05:45]
L-BFGS:   5%|▌         | 54/1000 [1:45:40 > 05:52]
L-BFGS:   6%|▌         | 55/1000 [1:45:36 > 05:59]
L-BFGS:   6%|▌         | 56/1000 [1:45:39 > 06:05]
L-BFGS:   6%|▌         | 57/1000 [1:45:38 > 06:12]
L-BFGS:   6%|▌         | 58/1000 [1:45:24 > 06:19]
L-BFGS:   6%|▌         | 59/1000 [1:45:07 > 06:25]
L-BFGS:   6%|▌         | 60/1000 [1:44:56 > 06:32]
L-BFGS:   6%|▌         | 61/1000 [1:44:41 > 06:39]
L-BFGS:   6%|▌         | 62/1000 [1:44:41 > 06:45]
L-BFGS:   6%|▋         | 63/1000 [1:44:24 > 06:52]
L-BFGS:   6%|▋         | 64/1000 [1:44:11 > 06:59]
L-BFGS:   6%|▋         | 65/1000 [1:44:10 > 07:06]
L-BFGS:   7%|▋         | 66/1000 [1:44:03 > 07:12]
L-BFGS:   7%|▋         | 67/1000 [1:43:54 > 07:19]
L-BFGS:   7%|▋         | 68/1000 [1:43:58 > 07:26]
L-BFGS:   7%|▋         | 69/1000 [1:43:49 > 07:32]
L-BFGS:   7%|▋         | 70/1000 [1:43:41 > 07:39]
L-BFGS:   7%|▋         | 71/1000 [1:43:31 > 07:46]
L-BFGS:   7%|▋         | 72/1000 [1:43:24 > 07:52]
L-BFGS:   7%|▋         | 73/1000 [1:43:12 > 07:59]
L-BFGS:   7%|▋         | 74/1000 [1:43:14 > 08:06]
L-BFGS:   8%|▊         | 75/1000 [1:43:13 > 08:12]
L-BFGS:   8%|▊         | 76/1000 [1:43:02 > 08:19]
L-BFGS:   8%|▊         | 77/1000 [1:43:04 > 08:26]
L-BFGS:   8%|▊         | 78/1000 [1:43:10 > 08:33]
L-BFGS:   8%|▊         | 79/1000 [1:42:47 > 08:39]
L-BFGS:   8%|▊         | 80/1000 [1:42:39 > 08:46]
L-BFGS:   8%|▊         | 81/1000 [1:42:31 > 08:53]
L-BFGS:   8%|▊         | 82/1000 [1:42:25 > 08:59]
L-BFGS:   8%|▊         | 83/1000 [1:42:29 > 09:06]
L-BFGS:   8%|▊         | 84/1000 [1:42:16 > 09:13]
L-BFGS:   8%|▊         | 85/1000 [1:42:09 > 09:19]
L-BFGS:   9%|▊         | 86/1000 [1:41:55 > 09:26]
L-BFGS:   9%|▊         | 87/1000 [1:41:38 > 09:33]
L-BFGS:   9%|▉         | 88/1000 [1:42:03 > 09:40]
L-BFGS:   9%|▉         | 89/1000 [1:41:43 > 09:46]
L-BFGS:   9%|▉         | 90/1000 [1:41:28 > 09:53]
L-BFGS:   9%|▉         | 91/1000 [1:41:10 > 10:00]
L-BFGS:   9%|▉         | 92/1000 [1:42:05 > 10:06]
L-BFGS:   9%|▉         | 93/1000 [1:42:55 > 10:13]
L-BFGS:   9%|▉         | 94/1000 [1:43:06 > 10:20]
L-BFGS:  10%|▉         | 95/1000 [1:43:05 > 10:27]
L-BFGS:  10%|▉         | 96/1000 [1:43:17 > 10:34]
L-BFGS:  10%|▉         | 97/1000 [1:43:14 > 10:41]
L-BFGS:  10%|▉         | 98/1000 [1:43:40 > 10:48]
L-BFGS:  10%|▉         | 99/1000 [1:43:22 > 10:55]
L-BFGS:  10%|█         | 100/1000 [1:42:10 > 11:01]
L-BFGS:  10%|█         | 101/1000 [1:41:32 > 11:08]
L-BFGS:  10%|█         | 102/1000 [1:40:37 > 11:15]
L-BFGS:  10%|█         | 103/1000 [1:40:32 > 11:21]
L-BFGS:  10%|█         | 104/1000 [1:40:21 > 11:28]
L-BFGS:  10%|█         | 105/1000 [1:40:12 > 11:35]
L-BFGS:  11%|█         | 106/1000 [1:39:47 > 11:41]
L-BFGS:  11%|█         | 107/1000 [1:39:44 > 11:48]
L-BFGS:  11%|█         | 108/1000 [1:39:18 > 11:55]
L-BFGS:  11%|█         | 109/1000 [1:39:01 > 12:01]
L-BFGS:  11%|█         | 110/1000 [1:38:54 > 12:08]
L-BFGS:  11%|█         | 111/1000 [1:38:44 > 12:15]
L-BFGS:  11%|█         | 112/1000 [1:38:35 > 12:21]
L-BFGS:  11%|█▏        | 113/1000 [1:38:46 > 12:28]
L-BFGS:  11%|█▏        | 114/1000 [1:38:34 > 12:35]
L-BFGS:  12%|█▏        | 115/1000 [1:38:27 > 12:41]
L-BFGS:  12%|█▏        | 116/1000 [1:38:27 > 12:48]
L-BFGS:  12%|█▏        | 117/1000 [1:38:19 > 12:55]
L-BFGS:  12%|█▏        | 118/1000 [1:38:19 > 13:02]
L-BFGS:  12%|█▏        | 119/1000 [1:38:33 > 13:08]
L-BFGS:  12%|█▏        | 120/1000 [1:38:23 > 13:15]
L-BFGS:  12%|█▏        | 121/1000 [1:38:10 > 13:22]
L-BFGS:  12%|█▏        | 122/1000 [1:38:04 > 13:28]
L-BFGS:  12%|█▏        | 123/1000 [1:38:06 > 13:35]
L-BFGS:  12%|█▏        | 124/1000 [1:37:48 > 13:42]
L-BFGS:  12%|█▎        | 125/1000 [1:37:47 > 13:49]
L-BFGS:  13%|█▎        | 126/1000 [1:37:39 > 13:55]
L-BFGS:  13%|█▎        | 127/1000 [1:37:19 > 14:02]
L-BFGS:  13%|█▎        | 128/1000 [1:37:19 > 14:09]
L-BFGS:  13%|█▎        | 129/1000 [1:37:16 > 14:15]
L-BFGS:  13%|█▎        | 130/1000 [1:37:25 > 14:22]
L-BFGS:  13%|█▎        | 131/1000 [1:37:14 > 14:29]
L-BFGS:  13%|█▎        | 132/1000 [1:37:13 > 14:36]
L-BFGS:  13%|█▎        | 133/1000 [1:36:59 > 14:42]
L-BFGS:  13%|█▎        | 134/1000 [1:36:46 > 14:49]
L-BFGS:  14%|█▎        | 135/1000 [1:36:51 > 14:56]
L-BFGS:  14%|█▎        | 136/1000 [1:36:37 > 15:02]
L-BFGS:  14%|█▎        | 137/1000 [1:36:35 > 15:09]
L-BFGS:  14%|█▍        | 138/1000 [1:36:12 > 15:16]
L-BFGS:  14%|█▍        | 139/1000 [1:35:59 > 15:22]
L-BFGS:  14%|█▍        | 140/1000 [1:35:46 > 15:29]
L-BFGS:  14%|█▍        | 141/1000 [1:35:49 > 15:36]
L-BFGS:  14%|█▍        | 142/1000 [1:35:38 > 15:42]
L-BFGS:  14%|█▍        | 143/1000 [1:35:32 > 15:49]
L-BFGS:  14%|█▍        | 144/1000 [1:35:35 > 15:56]
L-BFGS:  14%|█▍        | 145/1000 [1:35:27 > 16:03]
L-BFGS:  15%|█▍        | 146/1000 [1:35:01 > 16:09]
L-BFGS:  15%|█▍        | 147/1000 [1:35:15 > 16:16]
L-BFGS:  15%|█▍        | 148/1000 [1:35:17 > 16:23]
L-BFGS:  15%|█▍        | 149/1000 [1:34:52 > 16:29]
L-BFGS:  15%|█▌        | 150/1000 [1:34:42 > 16:36]
L-BFGS:  15%|█▌        | 151/1000 [1:34:32 > 16:43]
L-BFGS:  15%|█▌        | 152/1000 [1:34:13 > 16:49]
L-BFGS:  15%|█▌        | 153/1000 [1:34:11 > 16:56]
L-BFGS:  15%|█▌        | 154/1000 [1:34:17 > 17:03]
L-BFGS:  16%|█▌        | 155/1000 [1:33:55 > 17:09]
L-BFGS:  16%|█▌        | 156/1000 [1:33:55 > 17:16]
L-BFGS:  16%|█▌        | 157/1000 [1:33:45 > 17:23]
L-BFGS:  16%|█▌        | 158/1000 [1:33:31 > 17:29]
L-BFGS:  16%|█▌        | 159/1000 [1:33:19 > 17:36]
L-BFGS:  16%|█▌        | 160/1000 [1:33:26 > 17:43]
L-BFGS:  16%|█▌        | 161/1000 [1:33:06 > 17:49]
L-BFGS:  16%|█▌        | 162/1000 [1:33:09 > 17:56]
L-BFGS:  16%|█▋        | 163/1000 [1:33:12 > 18:03]
