# code/heterogeneous/pino_heterogeneous/pinn1d_heterogeneous_parametric_neural_operator.py --design maximin --n-train 200 --early-stop-patience 150 --lr-lbfgs 0.5 --epochs 5000 --out-dir results/exp_K_maximin_N200_lr05_epochs5000 --skip-validation-plots
# started 2026-06-12 11:31:24
# cwd C:\Ali Computation\pinn\code\heterogeneous\pino_heterogeneous

Using GPU: NVIDIA GeForce RTX 3090 (cuda:0, dtype=torch.float32)
PE (computed) = 0.010368
design=maximin  n_train_requested=200  n_corner_anchors=16  arch=default  trunk_mode=single  batch_mode=True
branch=[4, 16, 16, 32]  trunk=[2, 32, 32, 32, 32]
results_dir=C:\Ali Computation\pinn\code\heterogeneous\pino_heterogeneous\results\exp_K_maximin_N200_lr05_epochs5000
Training: 200 maximin samples in [0.01, 0.05] m/d
  saved/loaded: C:\Ali Computation\pinn\code\heterogeneous\pino_heterogeneous\results\exp_K_maximin_N200_lr05_epochs5000\train_u_cases.csv
  branch CFL range [0.120711, 0.599883]
PDE mesh: bulk 50x50x200 + interface bands (36 x* / band, +/-0.025 around (0.2, 0.4, 0.6))
COMSOL validation: 81 fixed grid cases from comsol_4zones.txt -> C:\Ali Computation\pinn\code\heterogeneous\pino_heterogeneous\results\exp_K_maximin_N200_lr05_epochs5000
run_training=True  run_comsol_validation=True  validate_only=False  skip_validation_plots=True
L-BFGS early stopping: patience=150 (max steps=5000)
L-BFGS: lr=0.5  max_iter=1  outer_steps=5000
PDE collocation points: 860,000 (bulk 500,000, interface 360,000)
Collocation mesh plot (pre-train): C:\Ali Computation\pinn\code\heterogeneous\pino_heterogeneous\results\exp_K_maximin_N200_lr05_epochs5000\pino_heterogeneous_collocation_points.png
LBFGS (
Parameter Group 0
    history_size: 50
    line_search_fn: strong_wolfe
    lr: 0.5
    max_eval: 1
    max_iter: 1
    tolerance_change: 1e-09
    tolerance_grad: 1e-07
)
Early stopping: patience=150 L-BFGS steps (no total-loss improvement, rtol=1e-08)

L-BFGS:   0%|          | 0/5000 [? > 00:00]
L-BFGS:   0%|          | 1/5000 [46:52 > 00:00]
L-BFGS:   0%|          | 2/5000 [29:34 > 00:00]
L-BFGS:   0%|          | 3/5000 [24:08 > 00:00]
L-BFGS:   0%|          | 4/5000 [21:36 > 00:01]
L-BFGS:   0%|          | 5/5000 [20:10 > 00:01]
L-BFGS:   0%|          | 6/5000 [19:14 > 00:01]
L-BFGS:   0%|          | 7/5000 [18:39 > 00:01]
L-BFGS:   0%|          | 8/5000 [18:16 > 00:02]
L-BFGS:   0%|          | 9/5000 [17:59 > 00:02]
L-BFGS:   0%|          | 10/5000 [17:37 > 00:02]
L-BFGS:   0%|          | 11/5000 [17:15 > 00:02]
L-BFGS:   0%|          | 12/5000 [17:20 > 00:02]
L-BFGS:   0%|          | 13/5000 [17:22 > 00:03]
L-BFGS:   0%|          | 14/5000 [17:13 > 00:03]
L-BFGS:   0%|          | 15/5000 [17:23 > 00:03]
L-BFGS:   0%|          | 16/5000 [17:17 > 00:03]
L-BFGS:   0%|          | 17/5000 [17:22 > 00:03]
L-BFGS:   0%|          | 18/5000 [17:23 > 00:04]
L-BFGS:   0%|          | 19/5000 [17:09 > 00:04]
L-BFGS:   0%|          | 20/5000 [17:19 > 00:04]
L-BFGS:   0%|          | 21/5000 [17:22 > 00:04]
L-BFGS:   0%|          | 22/5000 [17:28 > 00:04]
L-BFGS:   0%|          | 23/5000 [17:36 > 00:05]
L-BFGS:   0%|          | 24/5000 [17:36 > 00:05]
L-BFGS:   0%|          | 25/5000 [17:38 > 00:05]
L-BFGS:   1%|          | 26/5000 [17:36 > 00:05]
L-BFGS:   1%|          | 27/5000 [17:25 > 00:06]
L-BFGS:   1%|          | 28/5000 [17:16 > 00:06]
L-BFGS:   1%|          | 29/5000 [17:23 > 00:06]
L-BFGS:   1%|          | 30/5000 [17:27 > 00:06]
L-BFGS:   1%|          | 31/5000 [17:38 > 00:06]
L-BFGS:   1%|          | 32/5000 [17:38 > 00:07]
L-BFGS:   1%|          | 33/5000 [17:43 > 00:07]
L-BFGS:   1%|          | 34/5000 [17:43 > 00:07]
L-BFGS:   1%|          | 35/5000 [17:42 > 00:07]
L-BFGS:   1%|          | 36/5000 [17:49 > 00:07]
L-BFGS:   1%|          | 37/5000 [17:52 > 00:08]
L-BFGS:   1%|          | 38/5000 [17:53 > 00:08]
L-BFGS:   1%|          | 39/5000 [17:52 > 00:08]
L-BFGS:   1%|          | 40/5000 [17:53 > 00:08]
L-BFGS:   1%|          | 41/5000 [17:54 > 00:09]
L-BFGS:   1%|          | 42/5000 [17:52 > 00:09]
L-BFGS:   1%|          | 43/5000 [17:49 > 00:09]
L-BFGS:   1%|          | 44/5000 [17:49 > 00:09]
L-BFGS:   1%|          | 45/5000 [17:57 > 00:09]
L-BFGS:   1%|          | 46/5000 [17:59 > 00:10]
L-BFGS:   1%|          | 47/5000 [18:01 > 00:10]
L-BFGS:   1%|          | 48/5000 [18:02 > 00:10]
L-BFGS:   1%|          | 49/5000 [18:03 > 00:10]
L-BFGS:   1%|          | 50/5000 [18:07 > 00:10]
L-BFGS:   1%|          | 51/5000 [18:07 > 00:11]
L-BFGS:   1%|          | 52/5000 [18:04 > 00:11]
L-BFGS:   1%|          | 53/5000 [18:08 > 00:11]
L-BFGS:   1%|          | 54/5000 [18:10 > 00:11]
L-BFGS:   1%|          | 55/5000 [17:58 > 00:12]
L-BFGS:   1%|          | 56/5000 [18:00 > 00:12]
L-BFGS:   1%|          | 57/5000 [17:59 > 00:12]
L-BFGS:   1%|          | 58/5000 [18:02 > 00:12]
L-BFGS:   1%|          | 59/5000 [18:07 > 00:12]
L-BFGS:   1%|          | 60/5000 [18:06 > 00:13]
L-BFGS:   1%|          | 61/5000 [18:07 > 00:13]
L-BFGS:   1%|          | 62/5000 [18:02 > 00:13]
L-BFGS:   1%|▏         | 63/5000 [18:05 > 00:13]
L-BFGS:   1%|▏         | 64/5000 [18:06 > 00:14]
L-BFGS:   1%|▏         | 65/5000 [18:04 > 00:14]
L-BFGS:   1%|▏         | 66/5000 [18:05 > 00:14]
L-BFGS:   1%|▏         | 67/5000 [18:01 > 00:14]
L-BFGS:   1%|▏         | 68/5000 [18:02 > 00:14]
L-BFGS:   1%|▏         | 69/5000 [17:59 > 00:15]
L-BFGS:   1%|▏         | 70/5000 [18:01 > 00:15]
L-BFGS:   1%|▏         | 71/5000 [18:06 > 00:15]
L-BFGS:   1%|▏         | 72/5000 [18:02 > 00:15]
L-BFGS:   1%|▏         | 73/5000 [18:10 > 00:16]
L-BFGS:   1%|▏         | 74/5000 [18:03 > 00:16]
L-BFGS:   2%|▏         | 75/5000 [17:56 > 00:16]
L-BFGS:   2%|▏         | 76/5000 [17:58 > 00:16]
L-BFGS:   2%|▏         | 77/5000 [17:53 > 00:16]
L-BFGS:   2%|▏         | 78/5000 [17:52 > 00:17]
L-BFGS:   2%|▏         | 79/5000 [17:55 > 00:17]
L-BFGS:   2%|▏         | 80/5000 [17:55 > 00:17]
L-BFGS:   2%|▏         | 81/5000 [17:56 > 00:17]
L-BFGS:   2%|▏         | 82/5000 [17:59 > 00:18]
L-BFGS:   2%|▏         | 83/5000 [17:57 > 00:18]
L-BFGS:   2%|▏         | 84/5000 [17:57 > 00:18]
L-BFGS:   2%|▏         | 85/5000 [17:55 > 00:18]
L-BFGS:   2%|▏         | 86/5000 [18:03 > 00:18]
L-BFGS:   2%|▏         | 87/5000 [17:58 > 00:19]
L-BFGS:   2%|▏         | 88/5000 [17:57 > 00:19]
L-BFGS:   2%|▏         | 89/5000 [17:59 > 00:19]
L-BFGS:   2%|▏         | 90/5000 [17:56 > 00:19]
L-BFGS:   2%|▏         | 91/5000 [18:08 > 00:19]
L-BFGS:   2%|▏         | 92/5000 [18:05 > 00:20]
L-BFGS:   2%|▏         | 93/5000 [18:04 > 00:20]
L-BFGS:   2%|▏         | 94/5000 [18:03 > 00:20]
L-BFGS:   2%|▏         | 95/5000 [18:02 > 00:20]
L-BFGS:   2%|▏         | 96/5000 [18:01 > 00:21]
L-BFGS:   2%|▏         | 97/5000 [17:57 > 00:21]
L-BFGS:   2%|▏         | 98/5000 [17:54 > 00:21]
L-BFGS:   2%|▏         | 99/5000 [17:52 > 00:21]
L-BFGS:   2%|▏         | 100/5000 [17:56 > 00:21]
L-BFGS:   2%|▏         | 101/5000 [17:57 > 00:22]
L-BFGS:   2%|▏         | 102/5000 [17:54 > 00:22]
L-BFGS:   2%|▏         | 103/5000 [17:51 > 00:22]
L-BFGS:   2%|▏         | 104/5000 [17:51 > 00:22]
L-BFGS:   2%|▏         | 105/5000 [17:53 > 00:23]
L-BFGS:   2%|▏         | 106/5000 [17:54 > 00:23]
L-BFGS:   2%|▏         | 107/5000 [17:51 > 00:23]
L-BFGS:   2%|▏         | 108/5000 [17:52 > 00:23]
L-BFGS:   2%|▏         | 109/5000 [17:57 > 00:23]
L-BFGS:   2%|▏         | 110/5000 [17:52 > 00:24]
L-BFGS:   2%|▏         | 111/5000 [17:54 > 00:24]
L-BFGS:   2%|▏         | 112/5000 [17:55 > 00:24]
L-BFGS:   2%|▏         | 113/5000 [17:52 > 00:24]
L-BFGS:   2%|▏         | 114/5000 [17:56 > 00:25]
L-BFGS:   2%|▏         | 115/5000 [17:49 > 00:25]
L-BFGS:   2%|▏         | 116/5000 [17:43 > 00:25]
L-BFGS:   2%|▏         | 117/5000 [17:47 > 00:25]
L-BFGS:   2%|▏         | 118/5000 [17:53 > 00:25]
L-BFGS:   2%|▏         | 119/5000 [17:42 > 00:26]
L-BFGS:   2%|▏         | 120/5000 [17:34 > 00:26]
L-BFGS:   2%|▏         | 121/5000 [17:33 > 00:26]
L-BFGS:   2%|▏         | 122/5000 [17:35 > 00:26]
L-BFGS:   2%|▏         | 123/5000 [17:34 > 00:26]
L-BFGS:   2%|▏         | 124/5000 [17:40 > 00:27]
L-BFGS:   2%|▎         | 125/5000 [17:39 > 00:27]
L-BFGS:   3%|▎         | 126/5000 [17:48 > 00:27]
L-BFGS:   3%|▎         | 127/5000 [17:56 > 00:27]
L-BFGS:   3%|▎         | 128/5000 [17:51 > 00:28]
L-BFGS:   3%|▎         | 129/5000 [17:59 > 00:28]
L-BFGS:   3%|▎         | 130/5000 [17:57 > 00:28]
L-BFGS:   3%|▎         | 131/5000 [17:56 > 00:28]
L-BFGS:   3%|▎         | 132/5000 [17:59 > 00:28]
L-BFGS:   3%|▎         | 133/5000 [17:56 > 00:29]
L-BFGS:   3%|▎         | 134/5000 [17:55 > 00:29]
L-BFGS:   3%|▎         | 135/5000 [17:51 > 00:29]
L-BFGS:   3%|▎         | 136/5000 [17:55 > 00:29]
L-BFGS:   3%|▎         | 137/5000 [17:50 > 00:30]
L-BFGS:   3%|▎         | 138/5000 [17:46 > 00:30]
L-BFGS:   3%|▎         | 139/5000 [17:48 > 00:30]
L-BFGS:   3%|▎         | 140/5000 [17:44 > 00:30]
L-BFGS:   3%|▎         | 141/5000 [17:42 > 00:30]
L-BFGS:   3%|▎         | 142/5000 [17:31 > 00:31]
L-BFGS:   3%|▎         | 143/5000 [17:25 > 00:31]
L-BFGS:   3%|▎         | 144/5000 [17:24 > 00:31]
L-BFGS:   3%|▎         | 145/5000 [17:19 > 00:31]
L-BFGS:   3%|▎         | 146/5000 [17:21 > 00:32]
L-BFGS:   3%|▎         | 147/5000 [17:18 > 00:32]
L-BFGS:   3%|▎         | 148/5000 [17:15 > 00:32]
L-BFGS:   3%|▎         | 149/5000 [17:13 > 00:32]
L-BFGS:   3%|▎         | 150/5000 [17:13 > 00:32]
L-BFGS:   3%|▎         | 151/5000 [17:13 > 00:33]
L-BFGS:   3%|▎         | 152/5000 [17:14 > 00:33]
L-BFGS:   3%|▎         | 153/5000 [17:13 > 00:33]
L-BFGS:   3%|▎         | 154/5000 [17:15 > 00:33]
L-BFGS:   3%|▎         | 155/5000 [17:15 > 00:33]
L-BFGS:   3%|▎         | 156/5000 [17:11 > 00:34]
L-BFGS:   3%|▎         | 157/5000 [17:10 > 00:34]
L-BFGS:   3%|▎         | 158/5000 [17:08 > 00:34]
L-BFGS:   3%|▎         | 159/5000 [17:07 > 00:34]
L-BFGS:   3%|▎         | 160/5000 [17:15 > 00:35]
L-BFGS:   3%|▎         | 161/5000 [17:14 > 00:35]
L-BFGS:   3%|▎         | 162/5000 [17:13 > 00:35]
L-BFGS:   3%|▎         | 163/5000 [17:11 > 00:35]
L-BFGS:   3%|▎         | 164/5000 [17:09 > 00:35]
L-BFGS:   3%|▎         | 165/5000 [17:03 > 00:36]
L-BFGS:   3%|▎         | 166/5000 [17:03 > 00:36]
L-BFGS:   3%|▎         | 167/5000 [17:08 > 00:36]
L-BFGS:   3%|▎         | 168/5000 [17:02 > 00:36]
L-BFGS:   3%|▎         | 169/5000 [17:05 > 00:36]
L-BFGS:   3%|▎         | 170/5000 [17:07 > 00:37]
L-BFGS:   3%|▎         | 171/5000 [17:06 > 00:37]
L-BFGS:   3%|▎         | 172/5000 [17:00 > 00:37]
L-BFGS:   3%|▎         | 173/5000 [17:04 > 00:37]
L-BFGS:   3%|▎         | 174/5000 [17:09 > 00:37]
L-BFGS:   4%|▎         | 175/5000 [17:09 > 00:38]
L-BFGS:   4%|▎         | 176/5000 [17:06 > 00:38]
L-BFGS:   4%|▎         | 177/5000 [17:03 > 00:38]
L-BFGS:   4%|▎         | 178/5000 [17:09 > 00:38]
L-BFGS:   4%|▎         | 179/5000 [17:10 > 00:39]
L-BFGS:   4%|▎         | 180/5000 [17:10 > 00:39]
L-BFGS:   4%|▎         | 181/5000 [17:07 > 00:39]
L-BFGS:   4%|▎         | 182/5000 [17:05 > 00:39]
L-BFGS:   4%|▎         | 183/5000 [17:12 > 00:39]
L-BFGS:   4%|▎         | 184/5000 [17:08 > 00:40]
L-BFGS:   4%|▎         | 185/5000 [17:06 > 00:40]
L-BFGS:   4%|▎         | 186/5000 [17:05 > 00:40]
L-BFGS:   4%|▎         | 187/5000 [17:06 > 00:40]
L-BFGS:   4%|▍         | 188/5000 [17:06 > 00:40]
L-BFGS:   4%|▍         | 189/5000 [17:04 > 00:41]
L-BFGS:   4%|▍         | 190/5000 [17:03 > 00:41]
L-BFGS:   4%|▍         | 191/5000 [17:07 > 00:41]
L-BFGS:   4%|▍         | 192/5000 [17:08 > 00:41]
L-BFGS:   4%|▍         | 193/5000 [17:14 > 00:42]
L-BFGS:   4%|▍         | 194/5000 [17:11 > 00:42]
L-BFGS:   4%|▍         | 195/5000 [17:10 > 00:42]
L-BFGS:   4%|▍         | 196/5000 [17:11 > 00:42]
L-BFGS:   4%|▍         | 197/5000 [17:10 > 00:42]
L-BFGS:   4%|▍         | 198/5000 [17:10 > 00:43]
L-BFGS:   4%|▍         | 199/5000 [17:05 > 00:43]
L-BFGS:   4%|▍         | 200/5000 [17:02 > 00:43]
L-BFGS:   4%|▍         | 201/5000 [17:02 > 00:43]
L-BFGS:   4%|▍         | 202/5000 [17:01 > 00:43]
L-BFGS:   4%|▍         | 203/5000 [16:59 > 00:44]
L-BFGS:   4%|▍         | 204/5000 [17:04 > 00:44]
L-BFGS:   4%|▍         | 205/5000 [17:05 > 00:44]
L-BFGS:   4%|▍         | 206/5000 [17:07 > 00:44]
L-BFGS:   4%|▍         | 207/5000 [17:00 > 00:45]
L-BFGS:   4%|▍         | 208/5000 [16:59 > 00:45]
L-BFGS:   4%|▍         | 209/5000 [17:00 > 00:45]
L-BFGS:   4%|▍         | 210/5000 [16:59 > 00:45]
L-BFGS:   4%|▍         | 211/5000 [17:04 > 00:45]
L-BFGS:   4%|▍         | 212/5000 [17:00 > 00:46]
L-BFGS:   4%|▍         | 213/5000 [16:57 > 00:46]
L-BFGS:   4%|▍         | 214/5000 [16:57 > 00:46]
L-BFGS:   4%|▍         | 215/5000 [16:48 > 00:46]
L-BFGS:   4%|▍         | 216/5000 [16:53 > 00:46]
L-BFGS:   4%|▍         | 217/5000 [16:54 > 00:47]
L-BFGS:   4%|▍         | 218/5000 [16:54 > 00:47]
L-BFGS:   4%|▍         | 219/5000 [16:56 > 00:47]
L-BFGS:   4%|▍         | 220/5000 [16:54 > 00:47]
L-BFGS:   4%|▍         | 221/5000 [17:02 > 00:48]
L-BFGS:   4%|▍         | 222/5000 [17:00 > 00:48]
L-BFGS:   4%|▍         | 223/5000 [16:58 > 00:48]
L-BFGS:   4%|▍         | 224/5000 [16:56 > 00:48]
L-BFGS:   4%|▍         | 225/5000 [16:56 > 00:48]
L-BFGS:   5%|▍         | 226/5000 [16:55 > 00:49]
L-BFGS:   5%|▍         | 227/5000 [16:58 > 00:49]
L-BFGS:   5%|▍         | 228/5000 [16:56 > 00:49]
L-BFGS:   5%|▍         | 229/5000 [16:53 > 00:49]
L-BFGS:   5%|▍         | 230/5000 [16:56 > 00:49]
L-BFGS:   5%|▍         | 231/5000 [16:51 > 00:50]
L-BFGS:   5%|▍         | 232/5000 [16:58 > 00:50]
L-BFGS:   5%|▍         | 233/5000 [16:58 > 00:50]
L-BFGS:   5%|▍         | 234/5000 [16:55 > 00:50]
L-BFGS:   5%|▍         | 235/5000 [17:01 > 00:50]
L-BFGS:   5%|▍         | 236/5000 [16:57 > 00:51]
L-BFGS:   5%|▍         | 237/5000 [16:50 > 00:51]
L-BFGS:   5%|▍         | 238/5000 [16:52 > 00:51]
L-BFGS:   5%|▍         | 239/5000 [16:53 > 00:51]
L-BFGS:   5%|▍         | 240/5000 [16:55 > 00:52]
L-BFGS:   5%|▍         | 241/5000 [16:52 > 00:52]
L-BFGS:   5%|▍         | 242/5000 [16:51 > 00:52]
L-BFGS:   5%|▍         | 243/5000 [16:52 > 00:52]
L-BFGS:   5%|▍         | 244/5000 [16:57 > 00:52]
L-BFGS:   5%|▍         | 245/5000 [16:56 > 00:53]
L-BFGS:   5%|▍         | 246/5000 [16:53 > 00:53]
L-BFGS:   5%|▍         | 247/5000 [16:47 > 00:53]
L-BFGS:   5%|▍         | 248/5000 [16:50 > 00:53]
L-BFGS:   5%|▍         | 249/5000 [16:51 > 00:53]
L-BFGS:   5%|▌         | 250/5000 [16:51 > 00:54]
L-BFGS:   5%|▌         | 251/5000 [16:50 > 00:54]
L-BFGS:   5%|▌         | 252/5000 [16:47 > 00:54]
L-BFGS:   5%|▌         | 253/5000 [16:48 > 00:54]
L-BFGS:   5%|▌         | 254/5000 [16:48 > 00:55]
L-BFGS:   5%|▌         | 255/5000 [16:44 > 00:55]
L-BFGS:   5%|▌         | 256/5000 [16:43 > 00:55]
L-BFGS:   5%|▌         | 257/5000 [16:44 > 00:55]
L-BFGS:   5%|▌         | 258/5000 [16:49 > 00:55]
L-BFGS:   5%|▌         | 259/5000 [16:46 > 00:56]
L-BFGS:   5%|▌         | 260/5000 [16:43 > 00:56]
L-BFGS:   5%|▌         | 261/5000 [16:45 > 00:56]
L-BFGS:   5%|▌         | 262/5000 [16:38 > 00:56]
L-BFGS:   5%|▌         | 263/5000 [16:46 > 00:56]
L-BFGS:   5%|▌         | 264/5000 [16:45 > 00:57]
L-BFGS:   5%|▌         | 265/5000 [16:41 > 00:57]
L-BFGS:   5%|▌         | 266/5000 [16:42 > 00:57]
L-BFGS:   5%|▌         | 267/5000 [16:43 > 00:57]
L-BFGS:   5%|▌         | 268/5000 [16:42 > 00:57]
L-BFGS:   5%|▌         | 269/5000 [16:43 > 00:58]
L-BFGS:   5%|▌         | 270/5000 [16:40 > 00:58]
L-BFGS:   5%|▌         | 271/5000 [16:44 > 00:58]
L-BFGS:   5%|▌         | 272/5000 [16:42 > 00:58]
L-BFGS:   5%|▌         | 273/5000 [16:41 > 00:59]
L-BFGS:   5%|▌         | 274/5000 [16:43 > 00:59]
L-BFGS:   6%|▌         | 275/5000 [16:36 > 00:59]
L-BFGS:   6%|▌         | 276/5000 [16:31 > 00:59]
L-BFGS:   6%|▌         | 277/5000 [16:40 > 00:59]
L-BFGS:   6%|▌         | 278/5000 [16:38 > 01:00]
L-BFGS:   6%|▌         | 279/5000 [16:36 > 01:00]
L-BFGS:   6%|▌         | 280/5000 [16:34 > 01:00]
L-BFGS:   6%|▌         | 281/5000 [16:32 > 01:00]
L-BFGS:   6%|▌         | 282/5000 [16:36 > 01:00]
L-BFGS:   6%|▌         | 283/5000 [16:35 > 01:01]
L-BFGS:   6%|▌         | 284/5000 [16:38 > 01:01]
L-BFGS:   6%|▌         | 285/5000 [16:34 > 01:01]
L-BFGS:   6%|▌         | 286/5000 [16:35 > 01:01]
L-BFGS:   6%|▌         | 287/5000 [16:38 > 01:02]
L-BFGS:   6%|▌         | 288/5000 [16:35 > 01:02]
L-BFGS:   6%|▌         | 289/5000 [16:36 > 01:02]
L-BFGS:   6%|▌         | 290/5000 [16:34 > 01:02]
L-BFGS:   6%|▌         | 291/5000 [16:36 > 01:02]
L-BFGS:   6%|▌         | 292/5000 [16:37 > 01:03]
L-BFGS:   6%|▌         | 293/5000 [16:37 > 01:03]
L-BFGS:   6%|▌         | 294/5000 [16:36 > 01:03]
L-BFGS:   6%|▌         | 295/5000 [16:34 > 01:03]
L-BFGS:   6%|▌         | 296/5000 [16:38 > 01:03]
L-BFGS:   6%|▌         | 297/5000 [16:41 > 01:04]
L-BFGS:   6%|▌         | 298/5000 [16:37 > 01:04]
L-BFGS:   6%|▌         | 299/5000 [16:34 > 01:04]
L-BFGS:   6%|▌         | 300/5000 [16:32 > 01:04]
L-BFGS:   6%|▌         | 301/5000 [16:30 > 01:04]
L-BFGS:   6%|▌         | 302/5000 [16:28 > 01:05]
L-BFGS:   6%|▌         | 303/5000 [16:30 > 01:05]
L-BFGS:   6%|▌         | 304/5000 [16:28 > 01:05]
L-BFGS:   6%|▌         | 305/5000 [16:34 > 01:05]
L-BFGS:   6%|▌         | 306/5000 [16:35 > 01:06]
L-BFGS:   6%|▌         | 307/5000 [16:30 > 01:06]
L-BFGS:   6%|▌         | 308/5000 [16:33 > 01:06]
L-BFGS:   6%|▌         | 309/5000 [16:29 > 01:06]
L-BFGS:   6%|▌         | 310/5000 [16:36 > 01:06]
L-BFGS:   6%|▌         | 311/5000 [16:31 > 01:07]
L-BFGS:   6%|▌         | 312/5000 [16:32 > 01:07]
L-BFGS:   6%|▋         | 313/5000 [16:35 > 01:07]
L-BFGS:   6%|▋         | 314/5000 [16:34 > 01:07]
L-BFGS:   6%|▋         | 315/5000 [16:38 > 01:07]
L-BFGS:   6%|▋         | 316/5000 [16:32 > 01:08]
L-BFGS:   6%|▋         | 317/5000 [16:30 > 01:08]
L-BFGS:   6%|▋         | 318/5000 [16:30 > 01:08]
L-BFGS:   6%|▋         | 319/5000 [16:27 > 01:08]
L-BFGS:   6%|▋         | 320/5000 [16:31 > 01:08]
L-BFGS:   6%|▋         | 321/5000 [16:32 > 01:09]
L-BFGS:   6%|▋         | 322/5000 [16:27 > 01:09]
L-BFGS:   6%|▋         | 323/5000 [16:26 > 01:09]
L-BFGS:   6%|▋         | 324/5000 [16:25 > 01:09]
L-BFGS:   6%|▋         | 325/5000 [16:28 > 01:10]
L-BFGS:   7%|▋         | 326/5000 [16:28 > 01:10]
L-BFGS:   7%|▋         | 327/5000 [16:26 > 01:10]
L-BFGS:   7%|▋         | 328/5000 [16:23 > 01:10]
L-BFGS:   7%|▋         | 329/5000 [16:27 > 01:10]
L-BFGS:   7%|▋         | 330/5000 [16:25 > 01:11]
L-BFGS:   7%|▋         | 331/5000 [16:30 > 01:11]
Early stopping at L-BFGS step 332/5000: total loss unchanged for 150 steps (best=3.446979e-02).

L-BFGS:   7%|▋         | 331/5000 [16:49 > 01:11]
Training saved: C:\Ali Computation\pinn\code\heterogeneous\pino_heterogeneous\results\exp_K_maximin_N200_lr05_epochs5000\pino_heterogeneous_concentration.png C:\Ali Computation\pinn\code\heterogeneous\pino_heterogeneous\results\exp_K_maximin_N200_lr05_epochs5000\pino_heterogeneous_loss.png C:\Ali Computation\pinn\code\heterogeneous\pino_heterogeneous\results\exp_K_maximin_N200_lr05_epochs5000\pino_heterogeneous_model.pt
COMSOL validation: 81 media -> C:\Ali Computation\pinn\code\heterogeneous\pino_heterogeneous\results\exp_K_maximin_N200_lr05_epochs5000  (x* collocation n=86)

COMSOL vs PINO:   0%|          | 0/81 [00:00<?, ?it/s]
COMSOL vs PINO:   7%|▋         | 6/81 [00:00<00:01, 58.75it/s]
COMSOL vs PINO:  15%|█▍        | 12/81 [00:00<00:01, 58.60it/s]
COMSOL vs PINO:  22%|██▏       | 18/81 [00:00<00:01, 59.06it/s]
COMSOL vs PINO:  31%|███       | 25/81 [00:00<00:00, 59.99it/s]
COMSOL vs PINO:  38%|███▊      | 31/81 [00:00<00:00, 59.60it/s]
COMSOL vs PINO:  46%|████▌     | 37/81 [00:00<00:00, 59.29it/s]
COMSOL vs PINO:  54%|█████▍    | 44/81 [00:00<00:00, 59.66it/s]
COMSOL vs PINO:  63%|██████▎   | 51/81 [00:00<00:00, 60.15it/s]
COMSOL vs PINO:  72%|███████▏  | 58/81 [00:00<00:00, 60.36it/s]
COMSOL vs PINO:  80%|████████  | 65/81 [00:01<00:00, 60.26it/s]
COMSOL vs PINO:  89%|████████▉ | 72/81 [00:01<00:00, 59.79it/s]
COMSOL vs PINO:  98%|█████████▊| 79/81 [00:01<00:00, 60.13it/s]
COMSOL vs PINO: 100%|██████████| 81/81 [00:01<00:00, 59.78it/s]
COMSOL validation summary: n=81  mean=9.332821e-02  max=1.727846e-01  min=5.646333e-02
Wrote C:\Ali Computation\pinn\code\heterogeneous\pino_heterogeneous\results\exp_K_maximin_N200_lr05_epochs5000\comsol_validation_summary.csv
Run metadata: C:\Ali Computation\pinn\code\heterogeneous\pino_heterogeneous\results\exp_K_maximin_N200_lr05_epochs5000\run_meta.json

# exit 0 after 0:01:25.649921
