# code/heterogeneous/pino_heterogeneous/pinn1d_heterogeneous_parametric_neural_operator.py --design maximin --n-train 200 --dtype float64 --early-stop-patience 150 --lr-lbfgs 0.5 --epochs 5000 --out-dir results/exp_L_maximin_N200_float64_lr05_epochs5000 --skip-validation-plots
# started 2026-06-12 11:32:50
# cwd C:\Ali Computation\pinn\code\heterogeneous\pino_heterogeneous

Using GPU: NVIDIA GeForce RTX 3090 (cuda:0, dtype=torch.float64)
PE (computed) = 0.010368
design=maximin  n_train_requested=200  n_corner_anchors=16  arch=default  trunk_mode=single  batch_mode=True
branch=[4, 16, 16, 32]  trunk=[2, 32, 32, 32, 32]
results_dir=C:\Ali Computation\pinn\code\heterogeneous\pino_heterogeneous\results\exp_L_maximin_N200_float64_lr05_epochs5000
Training: 200 maximin samples in [0.01, 0.05] m/d
  saved/loaded: C:\Ali Computation\pinn\code\heterogeneous\pino_heterogeneous\results\exp_L_maximin_N200_float64_lr05_epochs5000\train_u_cases.csv
  branch CFL range [0.120711, 0.599883]
PDE mesh: bulk 50x50x200 + interface bands (36 x* / band, +/-0.025 around (0.2, 0.4, 0.6))
COMSOL validation: 81 fixed grid cases from comsol_4zones.txt -> C:\Ali Computation\pinn\code\heterogeneous\pino_heterogeneous\results\exp_L_maximin_N200_float64_lr05_epochs5000
run_training=True  run_comsol_validation=True  validate_only=False  skip_validation_plots=True
L-BFGS early stopping: patience=150 (max steps=5000)
L-BFGS: lr=0.5  max_iter=1  outer_steps=5000
PDE collocation points: 860,000 (bulk 500,000, interface 360,000)
Collocation mesh plot (pre-train): C:\Ali Computation\pinn\code\heterogeneous\pino_heterogeneous\results\exp_L_maximin_N200_float64_lr05_epochs5000\pino_heterogeneous_collocation_points.png
LBFGS (
Parameter Group 0
    history_size: 50
    line_search_fn: strong_wolfe
    lr: 0.5
    max_eval: 1
    max_iter: 1
    tolerance_change: 1e-09
    tolerance_grad: 1e-07
)
Early stopping: patience=150 L-BFGS steps (no total-loss improvement, rtol=1e-12)

L-BFGS:   0%|          | 0/5000 [? > 00:00]
L-BFGS:   0%|          | 1/5000 [1:32:04 > 00:01]
L-BFGS:   0%|          | 2/5000 [1:15:39 > 00:01]
L-BFGS:   0%|          | 3/5000 [1:10:27 > 00:02]
L-BFGS:   0%|          | 4/5000 [1:07:43 > 00:03]
L-BFGS:   0%|          | 5/5000 [1:06:19 > 00:04]
L-BFGS:   0%|          | 6/5000 [1:05:26 > 00:04]
L-BFGS:   0%|          | 7/5000 [1:04:56 > 00:05]
L-BFGS:   0%|          | 8/5000 [1:04:36 > 00:06]
L-BFGS:   0%|          | 9/5000 [1:04:25 > 00:07]
L-BFGS:   0%|          | 10/5000 [1:04:27 > 00:08]
L-BFGS:   0%|          | 11/5000 [1:04:26 > 00:08]
L-BFGS:   0%|          | 12/5000 [1:04:26 > 00:09]
L-BFGS:   0%|          | 13/5000 [1:04:08 > 00:10]
L-BFGS:   0%|          | 14/5000 [1:04:03 > 00:11]
L-BFGS:   0%|          | 15/5000 [1:04:00 > 00:11]
L-BFGS:   0%|          | 16/5000 [1:03:54 > 00:12]
L-BFGS:   0%|          | 17/5000 [1:03:53 > 00:13]
L-BFGS:   0%|          | 18/5000 [1:04:01 > 00:14]
L-BFGS:   0%|          | 19/5000 [1:03:58 > 00:14]
L-BFGS:   0%|          | 20/5000 [1:04:01 > 00:15]
L-BFGS:   0%|          | 21/5000 [1:03:59 > 00:16]
L-BFGS:   0%|          | 22/5000 [1:03:56 > 00:17]
L-BFGS:   0%|          | 23/5000 [1:03:52 > 00:18]
L-BFGS:   0%|          | 24/5000 [1:03:53 > 00:18]
L-BFGS:   0%|          | 25/5000 [1:03:58 > 00:19]
L-BFGS:   1%|          | 26/5000 [1:03:56 > 00:20]
L-BFGS:   1%|          | 27/5000 [1:03:57 > 00:21]
L-BFGS:   1%|          | 28/5000 [1:03:57 > 00:21]
L-BFGS:   1%|          | 29/5000 [1:03:59 > 00:22]
L-BFGS:   1%|          | 30/5000 [1:04:03 > 00:23]
L-BFGS:   1%|          | 31/5000 [1:03:57 > 00:24]
L-BFGS:   1%|          | 32/5000 [1:04:00 > 00:24]
L-BFGS:   1%|          | 33/5000 [1:04:02 > 00:25]
L-BFGS:   1%|          | 34/5000 [1:04:06 > 00:26]
L-BFGS:   1%|          | 35/5000 [1:04:06 > 00:27]
L-BFGS:   1%|          | 36/5000 [1:04:10 > 00:28]
L-BFGS:   1%|          | 37/5000 [1:04:16 > 00:28]
L-BFGS:   1%|          | 38/5000 [1:04:17 > 00:29]
L-BFGS:   1%|          | 39/5000 [1:04:17 > 00:30]
L-BFGS:   1%|          | 40/5000 [1:04:20 > 00:31]
L-BFGS:   1%|          | 41/5000 [1:04:25 > 00:31]
L-BFGS:   1%|          | 42/5000 [1:04:28 > 00:32]
L-BFGS:   1%|          | 43/5000 [1:04:30 > 00:33]
L-BFGS:   1%|          | 44/5000 [1:04:24 > 00:34]
L-BFGS:   1%|          | 45/5000 [1:04:31 > 00:35]
L-BFGS:   1%|          | 46/5000 [1:04:32 > 00:35]
L-BFGS:   1%|          | 47/5000 [1:04:32 > 00:36]
L-BFGS:   1%|          | 48/5000 [1:04:33 > 00:37]
L-BFGS:   1%|          | 49/5000 [1:04:27 > 00:38]
L-BFGS:   1%|          | 50/5000 [1:04:30 > 00:39]
L-BFGS:   1%|          | 51/5000 [1:04:32 > 00:39]
L-BFGS:   1%|          | 52/5000 [1:04:38 > 00:40]
L-BFGS:   1%|          | 53/5000 [1:04:35 > 00:41]
L-BFGS:   1%|          | 54/5000 [1:04:42 > 00:42]
L-BFGS:   1%|          | 55/5000 [1:04:40 > 00:42]
L-BFGS:   1%|          | 56/5000 [1:04:40 > 00:43]
L-BFGS:   1%|          | 57/5000 [1:04:41 > 00:44]
L-BFGS:   1%|          | 58/5000 [1:04:41 > 00:45]
L-BFGS:   1%|          | 59/5000 [1:04:42 > 00:46]
L-BFGS:   1%|          | 60/5000 [1:04:39 > 00:46]
L-BFGS:   1%|          | 61/5000 [1:04:37 > 00:47]
L-BFGS:   1%|          | 62/5000 [1:04:37 > 00:48]
L-BFGS:   1%|▏         | 63/5000 [1:04:28 > 00:49]
L-BFGS:   1%|▏         | 64/5000 [1:04:39 > 00:50]
L-BFGS:   1%|▏         | 65/5000 [1:04:41 > 00:50]
L-BFGS:   1%|▏         | 66/5000 [1:04:44 > 00:51]
L-BFGS:   1%|▏         | 67/5000 [1:04:32 > 00:52]
L-BFGS:   1%|▏         | 68/5000 [1:04:31 > 00:53]
L-BFGS:   1%|▏         | 69/5000 [1:04:37 > 00:53]
L-BFGS:   1%|▏         | 70/5000 [1:04:33 > 00:54]
L-BFGS:   1%|▏         | 71/5000 [1:04:33 > 00:55]
L-BFGS:   1%|▏         | 72/5000 [1:04:27 > 00:56]
L-BFGS:   1%|▏         | 73/5000 [1:04:28 > 00:57]
L-BFGS:   1%|▏         | 74/5000 [1:04:30 > 00:57]
L-BFGS:   2%|▏         | 75/5000 [1:04:28 > 00:58]
L-BFGS:   2%|▏         | 76/5000 [1:04:29 > 00:59]
L-BFGS:   2%|▏         | 77/5000 [1:04:22 > 01:00]
L-BFGS:   2%|▏         | 78/5000 [1:04:28 > 01:01]
L-BFGS:   2%|▏         | 79/5000 [1:04:29 > 01:01]
L-BFGS:   2%|▏         | 80/5000 [1:04:32 > 01:02]
L-BFGS:   2%|▏         | 81/5000 [1:04:27 > 01:03]
L-BFGS:   2%|▏         | 82/5000 [1:04:27 > 01:04]
L-BFGS:   2%|▏         | 83/5000 [1:04:27 > 01:04]
L-BFGS:   2%|▏         | 84/5000 [1:04:25 > 01:05]
L-BFGS:   2%|▏         | 85/5000 [1:04:25 > 01:06]
L-BFGS:   2%|▏         | 86/5000 [1:04:21 > 01:07]
L-BFGS:   2%|▏         | 87/5000 [1:04:22 > 01:08]
L-BFGS:   2%|▏         | 88/5000 [1:04:22 > 01:08]
L-BFGS:   2%|▏         | 89/5000 [1:06:26 > 01:09]
L-BFGS:   2%|▏         | 90/5000 [1:06:52 > 01:10]
L-BFGS:   2%|▏         | 91/5000 [1:07:11 > 01:11]
L-BFGS:   2%|▏         | 92/5000 [1:06:05 > 01:12]
L-BFGS:   2%|▏         | 93/5000 [1:05:24 > 01:12]
L-BFGS:   2%|▏         | 94/5000 [1:04:55 > 01:13]
L-BFGS:   2%|▏         | 95/5000 [1:04:34 > 01:14]
L-BFGS:   2%|▏         | 96/5000 [1:04:11 > 01:15]
L-BFGS:   2%|▏         | 97/5000 [1:04:06 > 01:16]
L-BFGS:   2%|▏         | 98/5000 [1:03:58 > 01:16]
L-BFGS:   2%|▏         | 99/5000 [1:03:50 > 01:17]
L-BFGS:   2%|▏         | 100/5000 [1:03:46 > 01:18]
L-BFGS:   2%|▏         | 101/5000 [1:03:39 > 01:19]
L-BFGS:   2%|▏         | 102/5000 [1:03:36 > 01:19]
L-BFGS:   2%|▏         | 103/5000 [1:04:08 > 01:20]
L-BFGS:   2%|▏         | 104/5000 [1:04:58 > 01:21]
L-BFGS:   2%|▏         | 105/5000 [1:04:34 > 01:22]
L-BFGS:   2%|▏         | 106/5000 [1:04:29 > 01:23]
L-BFGS:   2%|▏         | 107/5000 [1:04:19 > 01:23]
L-BFGS:   2%|▏         | 108/5000 [1:04:17 > 01:24]
L-BFGS:   2%|▏         | 109/5000 [1:04:13 > 01:25]
L-BFGS:   2%|▏         | 110/5000 [1:03:59 > 01:26]
L-BFGS:   2%|▏         | 111/5000 [1:04:01 > 01:27]
L-BFGS:   2%|▏         | 112/5000 [1:03:59 > 01:27]
L-BFGS:   2%|▏         | 113/5000 [1:03:56 > 01:28]
L-BFGS:   2%|▏         | 114/5000 [1:03:57 > 01:29]
L-BFGS:   2%|▏         | 115/5000 [1:03:59 > 01:30]
L-BFGS:   2%|▏         | 116/5000 [1:04:01 > 01:31]
L-BFGS:   2%|▏         | 117/5000 [1:04:15 > 01:31]
L-BFGS:   2%|▏         | 118/5000 [1:04:32 > 01:32]
L-BFGS:   2%|▏         | 119/5000 [1:04:36 > 01:33]
L-BFGS:   2%|▏         | 120/5000 [1:04:28 > 01:34]
L-BFGS:   2%|▏         | 121/5000 [1:04:37 > 01:35]
L-BFGS:   2%|▏         | 122/5000 [1:04:36 > 01:35]
L-BFGS:   2%|▏         | 123/5000 [1:04:38 > 01:36]
L-BFGS:   2%|▏         | 124/5000 [1:04:33 > 01:37]
L-BFGS:   2%|▎         | 125/5000 [1:04:35 > 01:38]
L-BFGS:   3%|▎         | 126/5000 [1:04:34 > 01:38]
L-BFGS:   3%|▎         | 127/5000 [1:04:40 > 01:39]
L-BFGS:   3%|▎         | 128/5000 [1:04:41 > 01:40]
L-BFGS:   3%|▎         | 129/5000 [1:04:28 > 01:41]
L-BFGS:   3%|▎         | 130/5000 [1:04:38 > 01:42]
L-BFGS:   3%|▎         | 131/5000 [1:04:37 > 01:42]
L-BFGS:   3%|▎         | 132/5000 [1:04:40 > 01:43]
L-BFGS:   3%|▎         | 133/5000 [1:04:38 > 01:44]
L-BFGS:   3%|▎         | 134/5000 [1:04:34 > 01:45]
L-BFGS:   3%|▎         | 135/5000 [1:04:31 > 01:46]
L-BFGS:   3%|▎         | 136/5000 [1:04:31 > 01:46]
L-BFGS:   3%|▎         | 137/5000 [1:04:32 > 01:47]
L-BFGS:   3%|▎         | 138/5000 [1:04:28 > 01:48]
L-BFGS:   3%|▎         | 139/5000 [1:04:24 > 01:49]
L-BFGS:   3%|▎         | 140/5000 [1:04:13 > 01:50]
L-BFGS:   3%|▎         | 141/5000 [1:04:21 > 01:50]
L-BFGS:   3%|▎         | 142/5000 [1:04:24 > 01:51]
L-BFGS:   3%|▎         | 143/5000 [1:04:28 > 01:52]
L-BFGS:   3%|▎         | 144/5000 [1:04:23 > 01:53]
L-BFGS:   3%|▎         | 145/5000 [1:04:23 > 01:54]
L-BFGS:   3%|▎         | 146/5000 [1:04:27 > 01:54]
L-BFGS:   3%|▎         | 147/5000 [1:04:22 > 01:55]
L-BFGS:   3%|▎         | 148/5000 [1:04:22 > 01:56]
L-BFGS:   3%|▎         | 149/5000 [1:04:15 > 01:57]
L-BFGS:   3%|▎         | 150/5000 [1:04:07 > 01:58]
L-BFGS:   3%|▎         | 151/5000 [1:04:09 > 01:58]
L-BFGS:   3%|▎         | 152/5000 [1:04:12 > 01:59]
L-BFGS:   3%|▎         | 153/5000 [1:04:17 > 02:00]
L-BFGS:   3%|▎         | 154/5000 [1:04:09 > 02:01]
L-BFGS:   3%|▎         | 155/5000 [1:04:16 > 02:02]
L-BFGS:   3%|▎         | 156/5000 [1:04:23 > 02:02]
L-BFGS:   3%|▎         | 157/5000 [1:04:23 > 02:03]
L-BFGS:   3%|▎         | 158/5000 [1:04:17 > 02:04]
L-BFGS:   3%|▎         | 159/5000 [1:04:15 > 02:05]
L-BFGS:   3%|▎         | 160/5000 [1:04:18 > 02:06]
L-BFGS:   3%|▎         | 161/5000 [1:04:18 > 02:06]
L-BFGS:   3%|▎         | 162/5000 [1:04:23 > 02:07]
L-BFGS:   3%|▎         | 163/5000 [1:04:12 > 02:08]
L-BFGS:   3%|▎         | 164/5000 [1:04:14 > 02:09]
L-BFGS:   3%|▎         | 165/5000 [1:04:13 > 02:10]
L-BFGS:   3%|▎         | 166/5000 [1:04:10 > 02:10]
L-BFGS:   3%|▎         | 167/5000 [1:04:10 > 02:11]
L-BFGS:   3%|▎         | 168/5000 [1:04:07 > 02:12]
L-BFGS:   3%|▎         | 169/5000 [1:04:06 > 02:13]
L-BFGS:   3%|▎         | 170/5000 [1:04:02 > 02:14]
L-BFGS:   3%|▎         | 171/5000 [1:04:02 > 02:14]
L-BFGS:   3%|▎         | 172/5000 [1:04:01 > 02:15]
L-BFGS:   3%|▎         | 173/5000 [1:03:49 > 02:16]
L-BFGS:   3%|▎         | 174/5000 [1:03:57 > 02:17]
L-BFGS:   4%|▎         | 175/5000 [1:03:59 > 02:18]
L-BFGS:   4%|▎         | 176/5000 [1:03:59 > 02:18]
L-BFGS:   4%|▎         | 177/5000 [1:03:56 > 02:19]
L-BFGS:   4%|▎         | 178/5000 [1:03:57 > 02:20]
L-BFGS:   4%|▎         | 179/5000 [1:03:56 > 02:21]
L-BFGS:   4%|▎         | 180/5000 [1:03:59 > 02:21]
L-BFGS:   4%|▎         | 181/5000 [1:04:02 > 02:22]
L-BFGS:   4%|▎         | 182/5000 [1:03:58 > 02:23]
L-BFGS:   4%|▎         | 183/5000 [1:03:42 > 02:24]
L-BFGS:   4%|▎         | 184/5000 [1:03:35 > 02:25]
L-BFGS:   4%|▎         | 185/5000 [1:03:39 > 02:25]
L-BFGS:   4%|▎         | 186/5000 [1:03:34 > 02:26]
L-BFGS:   4%|▎         | 187/5000 [1:03:39 > 02:27]
L-BFGS:   4%|▍         | 188/5000 [1:03:23 > 02:28]
L-BFGS:   4%|▍         | 189/5000 [1:03:30 > 02:29]
L-BFGS:   4%|▍         | 190/5000 [1:03:32 > 02:29]
L-BFGS:   4%|▍         | 191/5000 [1:03:37 > 02:30]
L-BFGS:   4%|▍         | 192/5000 [1:03:29 > 02:31]
L-BFGS:   4%|▍         | 193/5000 [1:03:31 > 02:32]
L-BFGS:   4%|▍         | 194/5000 [1:03:38 > 02:33]
L-BFGS:   4%|▍         | 195/5000 [1:03:33 > 02:33]
L-BFGS:   4%|▍         | 196/5000 [1:03:44 > 02:34]
L-BFGS:   4%|▍         | 197/5000 [1:03:45 > 02:35]
L-BFGS:   4%|▍         | 198/5000 [1:03:41 > 02:36]
L-BFGS:   4%|▍         | 199/5000 [1:03:43 > 02:37]
L-BFGS:   4%|▍         | 200/5000 [1:03:42 > 02:37]
L-BFGS:   4%|▍         | 201/5000 [1:03:47 > 02:38]
L-BFGS:   4%|▍         | 202/5000 [1:03:35 > 02:39]
L-BFGS:   4%|▍         | 203/5000 [1:03:38 > 02:40]
L-BFGS:   4%|▍         | 204/5000 [1:03:43 > 02:41]
L-BFGS:   4%|▍         | 205/5000 [1:03:37 > 02:41]
L-BFGS:   4%|▍         | 206/5000 [1:03:34 > 02:42]
L-BFGS:   4%|▍         | 207/5000 [1:03:28 > 02:43]
L-BFGS:   4%|▍         | 208/5000 [1:03:33 > 02:44]
L-BFGS:   4%|▍         | 209/5000 [1:03:34 > 02:45]
L-BFGS:   4%|▍         | 210/5000 [1:03:38 > 02:45]
L-BFGS:   4%|▍         | 211/5000 [1:03:36 > 02:46]
L-BFGS:   4%|▍         | 212/5000 [1:03:34 > 02:47]
L-BFGS:   4%|▍         | 213/5000 [1:03:34 > 02:48]
L-BFGS:   4%|▍         | 214/5000 [1:03:34 > 02:49]
L-BFGS:   4%|▍         | 215/5000 [1:03:29 > 02:49]
L-BFGS:   4%|▍         | 216/5000 [1:03:26 > 02:50]
L-BFGS:   4%|▍         | 217/5000 [1:03:22 > 02:51]
L-BFGS:   4%|▍         | 218/5000 [1:03:18 > 02:52]
L-BFGS:   4%|▍         | 219/5000 [1:03:22 > 02:52]
L-BFGS:   4%|▍         | 220/5000 [1:03:25 > 02:53]
L-BFGS:   4%|▍         | 221/5000 [1:03:31 > 02:54]
L-BFGS:   4%|▍         | 222/5000 [1:03:19 > 02:55]
L-BFGS:   4%|▍         | 223/5000 [1:03:20 > 02:56]
L-BFGS:   4%|▍         | 224/5000 [1:03:25 > 02:56]
L-BFGS:   4%|▍         | 225/5000 [1:03:21 > 02:57]
L-BFGS:   5%|▍         | 226/5000 [1:03:24 > 02:58]
L-BFGS:   5%|▍         | 227/5000 [1:03:19 > 02:59]
L-BFGS:   5%|▍         | 228/5000 [1:03:20 > 03:00]
L-BFGS:   5%|▍         | 229/5000 [1:03:23 > 03:00]
L-BFGS:   5%|▍         | 230/5000 [1:03:23 > 03:01]
L-BFGS:   5%|▍         | 231/5000 [1:03:26 > 03:02]
L-BFGS:   5%|▍         | 232/5000 [1:03:16 > 03:03]
L-BFGS:   5%|▍         | 233/5000 [1:03:17 > 03:04]
L-BFGS:   5%|▍         | 234/5000 [1:03:16 > 03:04]
L-BFGS:   5%|▍         | 235/5000 [1:03:16 > 03:05]
L-BFGS:   5%|▍         | 236/5000 [1:03:12 > 03:06]
L-BFGS:   5%|▍         | 237/5000 [1:03:12 > 03:07]
L-BFGS:   5%|▍         | 238/5000 [1:03:05 > 03:08]
L-BFGS:   5%|▍         | 239/5000 [1:03:07 > 03:08]
L-BFGS:   5%|▍         | 240/5000 [1:03:11 > 03:09]
L-BFGS:   5%|▍         | 241/5000 [1:03:04 > 03:10]
L-BFGS:   5%|▍         | 242/5000 [1:03:09 > 03:11]
L-BFGS:   5%|▍         | 243/5000 [1:03:09 > 03:12]
L-BFGS:   5%|▍         | 244/5000 [1:03:11 > 03:12]
L-BFGS:   5%|▍         | 245/5000 [1:03:09 > 03:13]
L-BFGS:   5%|▍         | 246/5000 [1:03:05 > 03:14]
L-BFGS:   5%|▍         | 247/5000 [1:03:06 > 03:15]
L-BFGS:   5%|▍         | 248/5000 [1:03:08 > 03:16]
L-BFGS:   5%|▍         | 249/5000 [1:03:08 > 03:16]
L-BFGS:   5%|▌         | 250/5000 [1:03:07 > 03:17]
L-BFGS:   5%|▌         | 251/5000 [1:03:02 > 03:18]
L-BFGS:   5%|▌         | 252/5000 [1:02:59 > 03:19]
L-BFGS:   5%|▌         | 253/5000 [1:03:06 > 03:20]
L-BFGS:   5%|▌         | 254/5000 [1:03:07 > 03:20]
L-BFGS:   5%|▌         | 255/5000 [1:03:11 > 03:21]
L-BFGS:   5%|▌         | 256/5000 [1:02:58 > 03:22]
L-BFGS:   5%|▌         | 257/5000 [1:03:05 > 03:23]
L-BFGS:   5%|▌         | 258/5000 [1:02:57 > 03:24]
L-BFGS:   5%|▌         | 259/5000 [1:02:48 > 03:24]
L-BFGS:   5%|▌         | 260/5000 [1:02:52 > 03:25]
L-BFGS:   5%|▌         | 261/5000 [1:02:37 > 03:26]
L-BFGS:   5%|▌         | 262/5000 [1:02:23 > 03:27]
L-BFGS:   5%|▌         | 263/5000 [1:02:19 > 03:28]
L-BFGS:   5%|▌         | 264/5000 [1:02:20 > 03:28]
L-BFGS:   5%|▌         | 265/5000 [1:02:18 > 03:29]
L-BFGS:   5%|▌         | 266/5000 [1:02:10 > 03:30]
L-BFGS:   5%|▌         | 267/5000 [1:02:10 > 03:31]
L-BFGS:   5%|▌         | 268/5000 [1:02:12 > 03:31]
L-BFGS:   5%|▌         | 269/5000 [1:02:22 > 03:32]
L-BFGS:   5%|▌         | 270/5000 [1:02:16 > 03:33]
L-BFGS:   5%|▌         | 271/5000 [1:02:12 > 03:34]
L-BFGS:   5%|▌         | 272/5000 [1:02:10 > 03:35]
L-BFGS:   5%|▌         | 273/5000 [1:02:11 > 03:35]
L-BFGS:   5%|▌         | 274/5000 [1:02:20 > 03:36]
L-BFGS:   6%|▌         | 275/5000 [1:02:11 > 03:37]
L-BFGS:   6%|▌         | 276/5000 [1:02:08 > 03:38]
L-BFGS:   6%|▌         | 277/5000 [1:02:08 > 03:39]
L-BFGS:   6%|▌         | 278/5000 [1:02:05 > 03:39]
L-BFGS:   6%|▌         | 279/5000 [1:02:05 > 03:40]
L-BFGS:   6%|▌         | 280/5000 [1:01:59 > 03:41]
L-BFGS:   6%|▌         | 281/5000 [1:02:00 > 03:42]
L-BFGS:   6%|▌         | 282/5000 [1:02:01 > 03:43]
L-BFGS:   6%|▌         | 283/5000 [1:01:58 > 03:43]
L-BFGS:   6%|▌         | 284/5000 [1:02:11 > 03:44]
L-BFGS:   6%|▌         | 285/5000 [1:01:58 > 03:45]
L-BFGS:   6%|▌         | 286/5000 [1:01:58 > 03:46]
L-BFGS:   6%|▌         | 287/5000 [1:01:56 > 03:46]
L-BFGS:   6%|▌         | 288/5000 [1:01:56 > 03:47]
L-BFGS:   6%|▌         | 289/5000 [1:01:47 > 03:48]
L-BFGS:   6%|▌         | 290/5000 [1:01:44 > 03:49]
L-BFGS:   6%|▌         | 291/5000 [1:01:51 > 03:50]
L-BFGS:   6%|▌         | 292/5000 [1:01:46 > 03:50]
L-BFGS:   6%|▌         | 293/5000 [1:01:46 > 03:51]
L-BFGS:   6%|▌         | 294/5000 [1:01:42 > 03:52]
L-BFGS:   6%|▌         | 295/5000 [1:01:47 > 03:53]
L-BFGS:   6%|▌         | 296/5000 [1:01:43 > 03:54]
L-BFGS:   6%|▌         | 297/5000 [1:01:40 > 03:54]
L-BFGS:   6%|▌         | 298/5000 [1:01:44 > 03:55]
L-BFGS:   6%|▌         | 299/5000 [1:01:36 > 03:56]
L-BFGS:   6%|▌         | 300/5000 [1:01:42 > 03:57]
L-BFGS:   6%|▌         | 301/5000 [1:01:38 > 03:57]
L-BFGS:   6%|▌         | 302/5000 [1:01:40 > 03:58]
L-BFGS:   6%|▌         | 303/5000 [1:01:39 > 03:59]
L-BFGS:   6%|▌         | 304/5000 [1:01:34 > 04:00]
L-BFGS:   6%|▌         | 305/5000 [1:01:38 > 04:01]
L-BFGS:   6%|▌         | 306/5000 [1:01:37 > 04:01]
L-BFGS:   6%|▌         | 307/5000 [1:01:44 > 04:02]
L-BFGS:   6%|▌         | 308/5000 [1:01:38 > 04:03]
L-BFGS:   6%|▌         | 309/5000 [1:01:36 > 04:04]
L-BFGS:   6%|▌         | 310/5000 [1:01:35 > 04:05]
L-BFGS:   6%|▌         | 311/5000 [1:01:32 > 04:05]
L-BFGS:   6%|▌         | 312/5000 [1:01:35 > 04:06]
L-BFGS:   6%|▋         | 313/5000 [1:01:31 > 04:07]
L-BFGS:   6%|▋         | 314/5000 [1:01:33 > 04:08]
L-BFGS:   6%|▋         | 315/5000 [1:01:33 > 04:09]
L-BFGS:   6%|▋         | 316/5000 [1:01:34 > 04:09]
L-BFGS:   6%|▋         | 317/5000 [1:01:37 > 04:10]
L-BFGS:   6%|▋         | 318/5000 [1:01:27 > 04:11]
L-BFGS:   6%|▋         | 319/5000 [1:01:29 > 04:12]
L-BFGS:   6%|▋         | 320/5000 [1:01:30 > 04:12]
L-BFGS:   6%|▋         | 321/5000 [1:01:32 > 04:13]
L-BFGS:   6%|▋         | 322/5000 [1:01:23 > 04:14]
L-BFGS:   6%|▋         | 323/5000 [1:01:26 > 04:15]
L-BFGS:   6%|▋         | 324/5000 [1:01:25 > 04:16]
L-BFGS:   6%|▋         | 325/5000 [1:01:24 > 04:16]
L-BFGS:   7%|▋         | 326/5000 [1:01:22 > 04:17]
L-BFGS:   7%|▋         | 327/5000 [1:01:18 > 04:18]
L-BFGS:   7%|▋         | 328/5000 [1:01:22 > 04:19]
L-BFGS:   7%|▋         | 329/5000 [1:01:20 > 04:20]
L-BFGS:   7%|▋         | 330/5000 [1:01:16 > 04:20]
L-BFGS:   7%|▋         | 331/5000 [1:01:17 > 04:21]
L-BFGS:   7%|▋         | 332/5000 [1:01:14 > 04:22]
L-BFGS:   7%|▋         | 333/5000 [1:01:13 > 04:23]
L-BFGS:   7%|▋         | 334/5000 [1:01:14 > 04:23]
L-BFGS:   7%|▋         | 335/5000 [1:01:11 > 04:24]
L-BFGS:   7%|▋         | 336/5000 [1:01:04 > 04:25]
L-BFGS:   7%|▋         | 337/5000 [1:01:11 > 04:26]
L-BFGS:   7%|▋         | 338/5000 [1:01:16 > 04:27]
L-BFGS:   7%|▋         | 339/5000 [1:01:20 > 04:27]
L-BFGS:   7%|▋         | 340/5000 [1:01:16 > 04:28]
L-BFGS:   7%|▋         | 341/5000 [1:01:10 > 04:29]
L-BFGS:   7%|▋         | 342/5000 [1:01:09 > 04:30]
L-BFGS:   7%|▋         | 343/5000 [1:01:09 > 04:31]
L-BFGS:   7%|▋         | 344/5000 [1:01:11 > 04:31]
L-BFGS:   7%|▋         | 345/5000 [1:01:12 > 04:32]
L-BFGS:   7%|▋         | 346/5000 [1:01:06 > 04:33]
L-BFGS:   7%|▋         | 347/5000 [1:01:12 > 04:34]
L-BFGS:   7%|▋         | 348/5000 [1:01:09 > 04:35]
L-BFGS:   7%|▋         | 349/5000 [1:01:20 > 04:35]
L-BFGS:   7%|▋         | 350/5000 [1:01:13 > 04:36]
L-BFGS:   7%|▋         | 351/5000 [1:01:02 > 04:37]
L-BFGS:   7%|▋         | 352/5000 [1:01:16 > 04:38]
L-BFGS:   7%|▋         | 353/5000 [1:01:10 > 04:38]
L-BFGS:   7%|▋         | 354/5000 [1:01:11 > 04:39]
L-BFGS:   7%|▋         | 355/5000 [1:01:00 > 04:40]
L-BFGS:   7%|▋         | 356/5000 [1:01:05 > 04:41]
L-BFGS:   7%|▋         | 357/5000 [1:01:01 > 04:42]
L-BFGS:   7%|▋         | 358/5000 [1:00:58 > 04:42]
L-BFGS:   7%|▋         | 359/5000 [1:01:00 > 04:43]
L-BFGS:   7%|▋         | 360/5000 [1:00:55 > 04:44]
L-BFGS:   7%|▋         | 361/5000 [1:01:00 > 04:45]
L-BFGS:   7%|▋         | 362/5000 [1:00:58 > 04:46]
L-BFGS:   7%|▋         | 363/5000 [1:01:01 > 04:46]
L-BFGS:   7%|▋         | 364/5000 [1:00:55 > 04:47]
L-BFGS:   7%|▋         | 365/5000 [1:00:46 > 04:48]
L-BFGS:   7%|▋         | 366/5000 [1:00:46 > 04:49]
L-BFGS:   7%|▋         | 367/5000 [1:00:40 > 04:49]
L-BFGS:   7%|▋         | 368/5000 [1:00:48 > 04:50]
L-BFGS:   7%|▋         | 369/5000 [1:00:47 > 04:51]
L-BFGS:   7%|▋         | 370/5000 [1:00:43 > 04:52]
L-BFGS:   7%|▋         | 371/5000 [1:00:53 > 04:53]
L-BFGS:   7%|▋         | 372/5000 [1:00:50 > 04:53]
L-BFGS:   7%|▋         | 373/5000 [1:00:50 > 04:54]
L-BFGS:   7%|▋         | 374/5000 [1:00:41 > 04:55]
L-BFGS:   8%|▊         | 375/5000 [1:00:54 > 04:56]
L-BFGS:   8%|▊         | 376/5000 [1:00:46 > 04:57]
L-BFGS:   8%|▊         | 377/5000 [1:00:43 > 04:57]
L-BFGS:   8%|▊         | 378/5000 [1:00:45 > 04:58]
L-BFGS:   8%|▊         | 379/5000 [1:00:39 > 04:59]
L-BFGS:   8%|▊         | 380/5000 [1:00:44 > 05:00]
L-BFGS:   8%|▊         | 381/5000 [1:00:42 > 05:01]
L-BFGS:   8%|▊         | 382/5000 [1:00:45 > 05:01]
L-BFGS:   8%|▊         | 383/5000 [1:00:43 > 05:02]
L-BFGS:   8%|▊         | 384/5000 [1:00:36 > 05:03]
L-BFGS:   8%|▊         | 385/5000 [1:00:38 > 05:04]
L-BFGS:   8%|▊         | 386/5000 [1:00:36 > 05:04]
L-BFGS:   8%|▊         | 387/5000 [1:00:38 > 05:05]
L-BFGS:   8%|▊         | 388/5000 [1:00:32 > 05:06]
L-BFGS:   8%|▊         | 389/5000 [1:00:32 > 05:07]
L-BFGS:   8%|▊         | 390/5000 [1:00:31 > 05:08]
L-BFGS:   8%|▊         | 391/5000 [1:00:30 > 05:08]
L-BFGS:   8%|▊         | 392/5000 [1:00:29 > 05:09]
L-BFGS:   8%|▊         | 393/5000 [1:00:25 > 05:10]
L-BFGS:   8%|▊         | 394/5000 [1:00:29 > 05:11]
L-BFGS:   8%|▊         | 395/5000 [1:00:26 > 05:12]
L-BFGS:   8%|▊         | 396/5000 [1:00:29 > 05:12]
L-BFGS:   8%|▊         | 397/5000 [1:00:29 > 05:13]
L-BFGS:   8%|▊         | 398/5000 [1:00:24 > 05:14]
L-BFGS:   8%|▊         | 399/5000 [1:00:27 > 05:15]
L-BFGS:   8%|▊         | 400/5000 [1:00:22 > 05:16]
L-BFGS:   8%|▊         | 401/5000 [1:00:23 > 05:16]
L-BFGS:   8%|▊         | 402/5000 [1:00:23 > 05:17]
L-BFGS:   8%|▊         | 403/5000 [1:00:15 > 05:18]
L-BFGS:   8%|▊         | 404/5000 [1:00:18 > 05:19]
L-BFGS:   8%|▊         | 405/5000 [1:00:19 > 05:19]
L-BFGS:   8%|▊         | 406/5000 [1:00:21 > 05:20]
L-BFGS:   8%|▊         | 407/5000 [1:00:15 > 05:21]
L-BFGS:   8%|▊         | 408/5000 [1:00:17 > 05:22]
L-BFGS:   8%|▊         | 409/5000 [1:00:16 > 05:23]
L-BFGS:   8%|▊         | 410/5000 [1:00:19 > 05:23]
L-BFGS:   8%|▊         | 411/5000 [1:00:20 > 05:24]
L-BFGS:   8%|▊         | 412/5000 [1:00:11 > 05:25]
L-BFGS:   8%|▊         | 413/5000 [1:00:14 > 05:26]
L-BFGS:   8%|▊         | 414/5000 [1:00:13 > 05:27]
L-BFGS:   8%|▊         | 415/5000 [1:00:12 > 05:27]
L-BFGS:   8%|▊         | 416/5000 [1:00:11 > 05:28]
L-BFGS:   8%|▊         | 417/5000 [1:00:07 > 05:29]
L-BFGS:   8%|▊         | 418/5000 [1:00:09 > 05:30]
L-BFGS:   8%|▊         | 419/5000 [1:00:07 > 05:30]
L-BFGS:   8%|▊         | 420/5000 [1:00:07 > 05:31]
L-BFGS:   8%|▊         | 421/5000 [1:00:06 > 05:32]
L-BFGS:   8%|▊         | 422/5000 [1:00:14 > 05:33]
L-BFGS:   8%|▊         | 423/5000 [1:00:11 > 05:34]
L-BFGS:   8%|▊         | 424/5000 [1:00:08 > 05:34]
L-BFGS:   8%|▊         | 425/5000 [1:00:06 > 05:35]
L-BFGS:   9%|▊         | 426/5000 [1:00:02 > 05:36]
L-BFGS:   9%|▊         | 427/5000 [1:00:06 > 05:37]
Early stopping at L-BFGS step 428/5000: total loss unchanged for 150 steps (best=2.926799e-02).

L-BFGS:   9%|▊         | 427/5000 [1:00:20 > 05:38]
Training saved: C:\Ali Computation\pinn\code\heterogeneous\pino_heterogeneous\results\exp_L_maximin_N200_float64_lr05_epochs5000\pino_heterogeneous_concentration.png C:\Ali Computation\pinn\code\heterogeneous\pino_heterogeneous\results\exp_L_maximin_N200_float64_lr05_epochs5000\pino_heterogeneous_loss.png C:\Ali Computation\pinn\code\heterogeneous\pino_heterogeneous\results\exp_L_maximin_N200_float64_lr05_epochs5000\pino_heterogeneous_model.pt
COMSOL validation: 81 media -> C:\Ali Computation\pinn\code\heterogeneous\pino_heterogeneous\results\exp_L_maximin_N200_float64_lr05_epochs5000  (x* collocation n=86)

COMSOL vs PINO:   0%|          | 0/81 [00:00<?, ?it/s]
COMSOL vs PINO:   6%|▌         | 5/81 [00:00<00:01, 46.25it/s]
COMSOL vs PINO:  12%|█▏        | 10/81 [00:00<00:01, 46.94it/s]
COMSOL vs PINO:  19%|█▊        | 15/81 [00:00<00:01, 47.03it/s]
COMSOL vs PINO:  25%|██▍       | 20/81 [00:00<00:01, 47.91it/s]
COMSOL vs PINO:  31%|███       | 25/81 [00:00<00:01, 47.14it/s]
COMSOL vs PINO:  37%|███▋      | 30/81 [00:00<00:01, 47.45it/s]
COMSOL vs PINO:  43%|████▎     | 35/81 [00:00<00:00, 46.86it/s]
COMSOL vs PINO:  49%|████▉     | 40/81 [00:00<00:00, 47.04it/s]
COMSOL vs PINO:  56%|█████▌    | 45/81 [00:00<00:00, 47.01it/s]
COMSOL vs PINO:  62%|██████▏   | 50/81 [00:01<00:00, 47.81it/s]
COMSOL vs PINO:  68%|██████▊   | 55/81 [00:01<00:00, 48.38it/s]
COMSOL vs PINO:  74%|███████▍  | 60/81 [00:01<00:00, 48.69it/s]
COMSOL vs PINO:  81%|████████▏ | 66/81 [00:01<00:00, 49.32it/s]
COMSOL vs PINO:  88%|████████▊ | 71/81 [00:01<00:00, 49.18it/s]
COMSOL vs PINO:  95%|█████████▌| 77/81 [00:01<00:00, 49.82it/s]
COMSOL vs PINO: 100%|██████████| 81/81 [00:01<00:00, 48.22it/s]
COMSOL validation summary: n=81  mean=9.035018e-02  max=1.605784e-01  min=4.901530e-02
Wrote C:\Ali Computation\pinn\code\heterogeneous\pino_heterogeneous\results\exp_L_maximin_N200_float64_lr05_epochs5000\comsol_validation_summary.csv
Run metadata: C:\Ali Computation\pinn\code\heterogeneous\pino_heterogeneous\results\exp_L_maximin_N200_float64_lr05_epochs5000\run_meta.json

# exit 0 after 0:05:54.257459
