# code/heterogeneous/pino_heterogeneous/pinn1d_heterogeneous_parametric_neural_operator.py --design grf --n-sensors 100 --n-grf 0 --n-piecewise-per-zones 100 --piecewise-zone-counts 1,2,3,4,5 --min-zone-frac 0.1 --arch w64 --dtype float64 --early-stop-patience 150 --lr-lbfgs 0.1 --lbfgs-max-iter 5 --epochs 1000 --out-dir results/exp_P_piecewise_K100_N500_z1to5_min10pct_w64_float64_lr01_maxiter5 --skip-validation-plots
# started 2026-06-18 16:17:32
# cwd C:\Ali Computation\pinn\code\heterogeneous\pino_heterogeneous

Using GPU: NVIDIA GeForce RTX 3090 (cuda:0, dtype=torch.float64)
PE (computed) = 0.010368
design=grf  media_mode=grf  n_train_requested=500  n_corner_anchors=16  arch=w64  trunk_mode=single  batch_mode=True
branch=[100, 64, 64, 64]  trunk=[2, 64, 64, 64, 64]
results_dir=C:\Ali Computation\pinn\code\heterogeneous\pino_heterogeneous\results\exp_P_piecewise_K100_N500_z1to5_min10pct_w64_float64_lr01_maxiter5
Training: 500 piecewise (100 each for zones [1, 2, 3, 4, 5]), min_zone_frac=0.1 = 500 total; K=100 uniform sensors, grid_n=201
  saved/loaded: C:\Ali Computation\pinn\code\heterogeneous\pino_heterogeneous\results\exp_P_piecewise_K100_N500_z1to5_min10pct_w64_float64_lr01_maxiter5\train_grf_cases.npz
  branch CFL range [0.120459, 0.599738]
PDE mesh: bulk 50x50x500 (no interface bands in GRF mode)
COMSOL validation: 81 fixed grid cases from comsol_4zones.txt -> C:\Ali Computation\pinn\code\heterogeneous\pino_heterogeneous\results\exp_P_piecewise_K100_N500_z1to5_min10pct_w64_float64_lr01_maxiter5
run_training=True  run_comsol_validation=True  validate_only=False  skip_validation_plots=True
L-BFGS early stopping: patience=150 (max steps=1000)
L-BFGS: lr=0.1  max_iter=5  outer_steps=1000
PDE collocation points: 1,250,000 (bulk 1,250,000, interface 0)
Collocation mesh plot (pre-train): C:\Ali Computation\pinn\code\heterogeneous\pino_heterogeneous\results\exp_P_piecewise_K100_N500_z1to5_min10pct_w64_float64_lr01_maxiter5\pino_heterogeneous_collocation_points.png
LBFGS (
Parameter Group 0
    history_size: 50
    line_search_fn: strong_wolfe
    lr: 0.1
    max_eval: 6
    max_iter: 5
    tolerance_change: 1e-09
    tolerance_grad: 1e-07
)
Early stopping: patience=150 L-BFGS steps (no total-loss improvement, rtol=1e-12)

L-BFGS:   0%|          | 0/1000 [? > 00:00]
L-BFGS:   0%|          | 1/1000 [12:08:51 > 00:43]
L-BFGS:   0%|          | 2/1000 [11:58:52 > 01:26]
L-BFGS:   0%|          | 3/1000 [11:00:06 > 02:02]
L-BFGS:   0%|          | 4/1000 [11:23:38 > 02:45]
L-BFGS:   0%|          | 5/1000 [11:26:03 > 03:27]
L-BFGS:   1%|          | 6/1000 [10:51:53 > 04:02]
L-BFGS:   1%|          | 7/1000 [11:03:42 > 04:44]
L-BFGS:   1%|          | 8/1000 [11:09:14 > 05:25]
L-BFGS:   1%|          | 9/1000 [11:17:13 > 06:07]
L-BFGS:   1%|          | 10/1000 [11:16:33 > 06:48]
L-BFGS:   1%|          | 11/1000 [10:43:36 > 07:23]
L-BFGS:   1%|          | 12/1000 [11:02:10 > 08:06]
L-BFGS:   1%|▏         | 13/1000 [11:03:49 > 08:46]
L-BFGS:   1%|▏         | 14/1000 [11:14:54 > 09:29]
L-BFGS:   2%|▏         | 15/1000 [11:18:17 > 10:11]
L-BFGS:   2%|▏         | 16/1000 [11:17:03 > 10:52]
L-BFGS:   2%|▏         | 17/1000 [10:57:01 > 11:30]
L-BFGS:   2%|▏         | 18/1000 [11:02:38 > 12:11]
L-BFGS:   2%|▏         | 19/1000 [11:05:10 > 12:52]
L-BFGS:   2%|▏         | 20/1000 [11:12:03 > 13:34]
L-BFGS:   2%|▏         | 21/1000 [11:12:38 > 14:16]
L-BFGS:   2%|▏         | 22/1000 [10:43:34 > 14:51]
L-BFGS:   2%|▏         | 23/1000 [10:53:39 > 15:33]
L-BFGS:   2%|▏         | 24/1000 [10:59:10 > 16:14]
L-BFGS:   2%|▎         | 25/1000 [11:10:32 > 16:57]
L-BFGS:   3%|▎         | 26/1000 [10:38:59 > 17:32]
L-BFGS:   3%|▎         | 27/1000 [10:22:10 > 18:08]
L-BFGS:   3%|▎         | 28/1000 [10:41:19 > 18:51]
L-BFGS:   3%|▎         | 29/1000 [10:42:29 > 19:31]
L-BFGS:   3%|▎         | 30/1000 [10:54:31 > 20:13]
L-BFGS:   3%|▎         | 31/1000 [10:54:44 > 20:54]
L-BFGS:   3%|▎         | 32/1000 [10:56:16 > 21:35]
L-BFGS:   3%|▎         | 33/1000 [11:05:57 > 22:18]
L-BFGS:   3%|▎         | 34/1000 [11:08:28 > 22:59]
L-BFGS:   4%|▎         | 35/1000 [10:42:44 > 23:36]
L-BFGS:   4%|▎         | 36/1000 [10:21:36 > 24:12]
L-BFGS:   4%|▎         | 37/1000 [10:34:10 > 24:53]
L-BFGS:   4%|▍         | 38/1000 [10:18:16 > 25:29]
L-BFGS:   4%|▍         | 39/1000 [10:24:35 > 26:09]
L-BFGS:   4%|▍         | 40/1000 [10:37:18 > 26:51]
L-BFGS:   4%|▍         | 41/1000 [10:20:21 > 27:28]
L-BFGS:   4%|▍         | 42/1000 [10:02:38 > 28:03]
L-BFGS:   4%|▍         | 43/1000 [10:28:36 > 28:46]
L-BFGS:   4%|▍         | 44/1000 [10:11:25 > 29:22]
L-BFGS:   4%|▍         | 45/1000 [10:01:54 > 29:59]
L-BFGS:   5%|▍         | 46/1000 [10:09:46 > 30:38]
L-BFGS:   5%|▍         | 47/1000 [9:55:59 > 31:14] 
L-BFGS:   5%|▍         | 48/1000 [9:52:41 > 31:51]
L-BFGS:   5%|▍         | 49/1000 [9:45:57 > 32:27]
L-BFGS:   5%|▌         | 50/1000 [10:08:15 > 33:09]
L-BFGS:   5%|▌         | 51/1000 [10:24:23 > 33:51]
L-BFGS:   5%|▌         | 52/1000 [10:08:41 > 34:27]
L-BFGS:   5%|▌         | 53/1000 [9:44:42 > 35:00] 
L-BFGS:   5%|▌         | 54/1000 [10:08:55 > 35:43]
L-BFGS:   6%|▌         | 55/1000 [10:25:02 > 36:25]
L-BFGS:   6%|▌         | 56/1000 [10:01:33 > 37:00]
L-BFGS:   6%|▌         | 57/1000 [9:54:03 > 37:37] 
L-BFGS:   6%|▌         | 58/1000 [9:44:05 > 38:12]
L-BFGS:   6%|▌         | 59/1000 [10:07:10 > 38:55]
L-BFGS:   6%|▌         | 60/1000 [10:17:05 > 39:36]
L-BFGS:   6%|▌         | 61/1000 [10:22:06 > 40:16]
L-BFGS:   6%|▌         | 62/1000 [10:09:04 > 40:53]
L-BFGS:   6%|▋         | 63/1000 [10:16:15 > 41:34]
L-BFGS:   6%|▋         | 64/1000 [10:03:12 > 42:11]
L-BFGS:   6%|▋         | 65/1000 [9:52:20 > 42:47] 
L-BFGS:   7%|▋         | 66/1000 [9:37:40 > 43:22]
L-BFGS:   7%|▋         | 67/1000 [9:59:37 > 44:04]
L-BFGS:   7%|▋         | 68/1000 [10:10:25 > 44:45]
L-BFGS:   7%|▋         | 69/1000 [9:58:15 > 45:22] 
L-BFGS:   7%|▋         | 70/1000 [9:40:21 > 45:57]
L-BFGS:   7%|▋         | 71/1000 [9:36:52 > 46:34]
L-BFGS:   7%|▋         | 72/1000 [9:32:56 > 47:10]
L-BFGS:   7%|▋         | 73/1000 [9:17:28 > 47:44]
L-BFGS:   7%|▋         | 74/1000 [9:20:11 > 48:21]
L-BFGS:   8%|▊         | 75/1000 [9:16:16 > 48:56]
L-BFGS:   8%|▊         | 76/1000 [9:19:41 > 49:33]
L-BFGS:   8%|▊         | 77/1000 [9:13:08 > 50:08]
L-BFGS:   8%|▊         | 78/1000 [9:43:51 > 50:51]
L-BFGS:   8%|▊         | 79/1000 [9:24:23 > 51:25]
L-BFGS:   8%|▊         | 80/1000 [9:44:28 > 52:06]
L-BFGS:   8%|▊         | 81/1000 [10:03:31 > 52:49]
L-BFGS:   8%|▊         | 82/1000 [9:46:47 > 53:25] 
L-BFGS:   8%|▊         | 83/1000 [10:06:12 > 54:07]
L-BFGS:   8%|▊         | 84/1000 [10:12:39 > 54:49]
L-BFGS:   8%|▊         | 85/1000 [10:17:27 > 55:30]
L-BFGS:   9%|▊         | 86/1000 [9:59:37 > 56:07] 
L-BFGS:   9%|▊         | 87/1000 [9:30:55 > 56:40]
L-BFGS:   9%|▉         | 88/1000 [9:57:14 > 57:23]
L-BFGS:   9%|▉         | 89/1000 [9:40:19 > 57:59]
L-BFGS:   9%|▉         | 90/1000 [9:53:01 > 58:40]
L-BFGS:   9%|▉         | 91/1000 [9:43:17 > 59:17]
L-BFGS:   9%|▉         | 92/1000 [9:56:14 > 59:59]
L-BFGS:   9%|▉         | 93/1000 [10:09:35 > 1:00:41]
L-BFGS:   9%|▉         | 94/1000 [10:12:04 > 1:01:22]
L-BFGS:  10%|▉         | 95/1000 [10:16:30 > 1:02:04]
L-BFGS:  10%|▉         | 96/1000 [9:50:42 > 1:02:39] 
L-BFGS:  10%|▉         | 97/1000 [9:56:15 > 1:03:20]
L-BFGS:  10%|▉         | 98/1000 [10:06:44 > 1:04:02]
L-BFGS:  10%|▉         | 99/1000 [9:50:54 > 1:04:39] 
L-BFGS:  10%|█         | 100/1000 [9:35:35 > 1:05:15]
L-BFGS:  10%|█         | 101/1000 [9:24:16 > 1:05:51]
L-BFGS:  10%|█         | 102/1000 [9:11:07 > 1:06:26]
L-BFGS:  10%|█         | 103/1000 [9:08:12 > 1:07:02]
L-BFGS:  10%|█         | 104/1000 [9:00:51 > 1:07:37]
L-BFGS:  10%|█         | 105/1000 [9:30:39 > 1:08:20]
L-BFGS:  11%|█         | 106/1000 [9:18:38 > 1:08:56]
L-BFGS:  11%|█         | 107/1000 [9:13:09 > 1:09:32]
L-BFGS:  11%|█         | 108/1000 [9:28:18 > 1:10:13]
L-BFGS:  11%|█         | 109/1000 [9:37:32 > 1:10:54]
L-BFGS:  11%|█         | 110/1000 [9:25:06 > 1:11:30]
L-BFGS:  11%|█         | 111/1000 [9:33:59 > 1:12:10]
L-BFGS:  11%|█         | 112/1000 [9:52:59 > 1:12:53]
L-BFGS:  11%|█▏        | 113/1000 [9:38:51 > 1:13:30]
L-BFGS:  11%|█▏        | 114/1000 [9:19:02 > 1:14:05]
L-BFGS:  12%|█▏        | 115/1000 [9:11:27 > 1:14:41]
L-BFGS:  12%|█▏        | 116/1000 [9:29:25 > 1:15:23]
L-BFGS:  12%|█▏        | 117/1000 [9:15:15 > 1:15:59]
L-BFGS:  12%|█▏        | 118/1000 [9:01:40 > 1:16:33]
L-BFGS:  12%|█▏        | 119/1000 [9:27:16 > 1:17:16]
L-BFGS:  12%|█▏        | 120/1000 [9:41:59 > 1:17:58]
L-BFGS:  12%|█▏        | 121/1000 [9:21:06 > 1:18:33]
L-BFGS:  12%|█▏        | 122/1000 [9:40:49 > 1:19:16]
L-BFGS:  12%|█▏        | 123/1000 [9:19:21 > 1:19:51]
L-BFGS:  12%|█▏        | 124/1000 [9:06:21 > 1:20:27]
L-BFGS:  12%|█▎        | 125/1000 [9:24:39 > 1:21:08]
L-BFGS:  13%|█▎        | 126/1000 [9:09:53 > 1:21:44]
L-BFGS:  13%|█▎        | 127/1000 [9:05:49 > 1:22:21]
L-BFGS:  13%|█▎        | 128/1000 [9:21:05 > 1:23:02]
L-BFGS:  13%|█▎        | 129/1000 [9:34:21 > 1:23:44]
L-BFGS:  13%|█▎        | 130/1000 [9:46:05 > 1:24:26]
L-BFGS:  13%|█▎        | 131/1000 [9:13:38 > 1:24:59]
L-BFGS:  13%|█▎        | 132/1000 [9:31:14 > 1:25:42]
L-BFGS:  13%|█▎        | 133/1000 [9:39:25 > 1:26:23]
L-BFGS:  13%|█▎        | 134/1000 [9:42:47 > 1:27:04]
L-BFGS:  14%|█▎        | 135/1000 [9:27:01 > 1:27:41]
L-BFGS:  14%|█▎        | 136/1000 [9:11:35 > 1:28:17]
L-BFGS:  14%|█▎        | 137/1000 [9:04:44 > 1:28:54]
L-BFGS:  14%|█▍        | 138/1000 [9:15:09 > 1:29:34]
L-BFGS:  14%|█▍        | 139/1000 [9:03:54 > 1:30:11]
L-BFGS:  14%|█▍        | 140/1000 [8:53:50 > 1:30:46]
L-BFGS:  14%|█▍        | 141/1000 [8:49:57 > 1:31:23]
L-BFGS:  14%|█▍        | 142/1000 [8:44:04 > 1:31:59]
L-BFGS:  14%|█▍        | 143/1000 [8:40:59 > 1:32:35]
L-BFGS:  14%|█▍        | 144/1000 [8:35:42 > 1:33:10]
L-BFGS:  14%|█▍        | 145/1000 [8:52:16 > 1:33:50]
L-BFGS:  15%|█▍        | 146/1000 [9:17:35 > 1:34:34]
L-BFGS:  15%|█▍        | 147/1000 [9:03:25 > 1:35:10]
L-BFGS:  15%|█▍        | 148/1000 [9:13:48 > 1:35:51]
L-BFGS:  15%|█▍        | 149/1000 [9:00:56 > 1:36:27]
L-BFGS:  15%|█▌        | 150/1000 [8:47:59 > 1:37:02]
L-BFGS:  15%|█▌        | 151/1000 [9:10:29 > 1:37:45]
L-BFGS:  15%|█▌        | 152/1000 [9:11:45 > 1:38:24]
L-BFGS:  15%|█▌        | 153/1000 [9:27:51 > 1:39:07]
L-BFGS:  15%|█▌        | 154/1000 [9:36:41 > 1:39:49]
L-BFGS:  16%|█▌        | 155/1000 [9:12:02 > 1:40:25]
L-BFGS:  16%|█▌        | 156/1000 [9:27:52 > 1:41:08]
L-BFGS:  16%|█▌        | 157/1000 [9:07:21 > 1:41:43]
L-BFGS:  16%|█▌        | 158/1000 [8:56:15 > 1:42:20]
L-BFGS:  16%|█▌        | 159/1000 [8:37:43 > 1:42:54]
L-BFGS:  16%|█▌        | 160/1000 [8:32:01 > 1:43:30]
L-BFGS:  16%|█▌        | 161/1000 [8:55:02 > 1:44:12]
L-BFGS:  16%|█▌        | 162/1000 [9:03:28 > 1:44:52]
L-BFGS:  16%|█▋        | 163/1000 [8:56:37 > 1:45:30]
L-BFGS:  16%|█▋        | 164/1000 [8:43:44 > 1:46:05]
L-BFGS:  16%|█▋        | 165/1000 [8:58:32 > 1:46:46]
L-BFGS:  17%|█▋        | 166/1000 [8:43:07 > 1:47:22]
L-BFGS:  17%|█▋        | 167/1000 [8:59:29 > 1:48:03]
L-BFGS:  17%|█▋        | 168/1000 [8:51:11 > 1:48:40]
L-BFGS:  17%|█▋        | 169/1000 [8:37:10 > 1:49:15]
L-BFGS:  17%|█▋        | 170/1000 [8:36:45 > 1:49:53]
L-BFGS:  17%|█▋        | 171/1000 [8:26:34 > 1:50:28]
L-BFGS:  17%|█▋        | 172/1000 [8:20:13 > 1:51:03]
L-BFGS:  17%|█▋        | 173/1000 [8:41:28 > 1:51:45]
L-BFGS:  17%|█▋        | 174/1000 [8:32:12 > 1:52:20]
L-BFGS:  18%|█▊        | 175/1000 [8:55:48 > 1:53:04]
L-BFGS:  18%|█▊        | 176/1000 [9:02:17 > 1:53:44]
L-BFGS:  18%|█▊        | 177/1000 [9:14:52 > 1:54:27]
L-BFGS:  18%|█▊        | 178/1000 [8:57:03 > 1:55:03]
L-BFGS:  18%|█▊        | 179/1000 [9:01:12 > 1:55:44]
L-BFGS:  18%|█▊        | 180/1000 [9:13:07 > 1:56:26]
L-BFGS:  18%|█▊        | 181/1000 [9:13:42 > 1:57:07]
L-BFGS:  18%|█▊        | 182/1000 [8:48:00 > 1:57:41]
L-BFGS:  18%|█▊        | 183/1000 [8:39:09 > 1:58:18]
L-BFGS:  18%|█▊        | 184/1000 [8:52:49 > 1:59:00]
L-BFGS:  18%|█▊        | 185/1000 [8:43:08 > 1:59:37]
L-BFGS:  19%|█▊        | 186/1000 [8:27:00 > 2:00:11]
L-BFGS:  19%|█▊        | 187/1000 [8:20:30 > 2:00:47]
L-BFGS:  19%|█▉        | 188/1000 [8:14:53 > 2:01:23]
L-BFGS:  19%|█▉        | 189/1000 [8:13:16 > 2:01:59]
L-BFGS:  19%|█▉        | 190/1000 [8:33:06 > 2:02:41]
L-BFGS:  19%|█▉        | 191/1000 [8:23:06 > 2:03:17]
L-BFGS:  19%|█▉        | 192/1000 [8:18:26 > 2:03:53]
L-BFGS:  19%|█▉        | 193/1000 [8:29:59 > 2:04:33]
L-BFGS:  19%|█▉        | 194/1000 [8:24:42 > 2:05:10]
L-BFGS:  20%|█▉        | 195/1000 [8:17:53 > 2:05:46]
L-BFGS:  20%|█▉        | 196/1000 [8:14:13 > 2:06:22]
L-BFGS:  20%|█▉        | 197/1000 [8:08:23 > 2:06:58]
L-BFGS:  20%|█▉        | 198/1000 [8:04:54 > 2:07:33]
L-BFGS:  20%|█▉        | 199/1000 [8:01:51 > 2:08:09]
L-BFGS:  20%|██        | 200/1000 [7:54:14 > 2:08:43]
L-BFGS:  20%|██        | 201/1000 [7:58:35 > 2:09:20]
L-BFGS:  20%|██        | 202/1000 [7:56:38 > 2:09:56]
L-BFGS:  20%|██        | 203/1000 [8:25:11 > 2:10:39]
L-BFGS:  20%|██        | 204/1000 [8:35:43 > 2:11:20]
L-BFGS:  20%|██        | 205/1000 [8:44:37 > 2:12:01]
L-BFGS:  21%|██        | 206/1000 [8:55:07 > 2:12:44]
L-BFGS:  21%|██        | 207/1000 [8:31:59 > 2:13:18]
L-BFGS:  21%|██        | 208/1000 [8:26:21 > 2:13:56]
L-BFGS:  21%|██        | 209/1000 [8:15:07 > 2:14:31]
L-BFGS:  21%|██        | 210/1000 [8:29:46 > 2:15:13]
L-BFGS:  21%|██        | 211/1000 [8:41:15 > 2:15:55]
L-BFGS:  21%|██        | 212/1000 [8:47:38 > 2:16:36]
L-BFGS:  21%|██▏       | 213/1000 [8:27:31 > 2:17:11]
L-BFGS:  21%|██▏       | 214/1000 [8:10:15 > 2:17:46]
L-BFGS:  22%|██▏       | 215/1000 [8:06:47 > 2:18:23]
L-BFGS:  22%|██▏       | 216/1000 [8:03:51 > 2:18:59]
L-BFGS:  22%|██▏       | 217/1000 [7:57:40 > 2:19:35]
L-BFGS:  22%|██▏       | 218/1000 [7:51:35 > 2:20:10]
L-BFGS:  22%|██▏       | 219/1000 [7:48:35 > 2:20:46]
L-BFGS:  22%|██▏       | 220/1000 [7:51:56 > 2:21:23]
L-BFGS:  22%|██▏       | 221/1000 [8:10:27 > 2:22:04]
L-BFGS:  22%|██▏       | 222/1000 [8:27:59 > 2:22:46]
L-BFGS:  22%|██▏       | 223/1000 [8:41:33 > 2:23:29]
L-BFGS:  22%|██▏       | 224/1000 [8:41:46 > 2:24:10]
L-BFGS:  22%|██▎       | 225/1000 [8:51:27 > 2:24:53]
L-BFGS:  23%|██▎       | 226/1000 [8:51:26 > 2:25:34]
L-BFGS:  23%|██▎       | 227/1000 [8:22:56 > 2:26:08]
L-BFGS:  23%|██▎       | 228/1000 [8:37:46 > 2:26:51]
L-BFGS:  23%|██▎       | 229/1000 [8:18:01 > 2:27:26]
L-BFGS:  23%|██▎       | 230/1000 [8:12:16 > 2:28:04]
L-BFGS:  23%|██▎       | 231/1000 [8:20:49 > 2:28:44]
L-BFGS:  23%|██▎       | 232/1000 [8:08:37 > 2:29:20]
L-BFGS:  23%|██▎       | 233/1000 [8:24:35 > 2:30:03]
L-BFGS:  23%|██▎       | 234/1000 [8:26:30 > 2:30:43]
L-BFGS:  24%|██▎       | 235/1000 [8:35:54 > 2:31:25]
L-BFGS:  24%|██▎       | 236/1000 [8:14:08 > 2:32:00]
L-BFGS:  24%|██▎       | 237/1000 [8:04:17 > 2:32:37]
L-BFGS:  24%|██▍       | 238/1000 [8:16:22 > 2:33:18]
L-BFGS:  24%|██▍       | 239/1000 [8:26:54 > 2:34:00]
L-BFGS:  24%|██▍       | 240/1000 [8:37:48 > 2:34:43]
L-BFGS:  24%|██▍       | 241/1000 [8:37:46 > 2:35:24]
L-BFGS:  24%|██▍       | 242/1000 [8:19:29 > 2:36:01]
L-BFGS:  24%|██▍       | 243/1000 [8:02:04 > 2:36:36]
L-BFGS:  24%|██▍       | 244/1000 [8:08:35 > 2:37:16]
L-BFGS:  24%|██▍       | 245/1000 [8:02:32 > 2:37:53]
L-BFGS:  25%|██▍       | 246/1000 [8:14:58 > 2:38:35]
L-BFGS:  25%|██▍       | 247/1000 [8:19:11 > 2:39:16]
L-BFGS:  25%|██▍       | 248/1000 [8:07:37 > 2:39:52]
L-BFGS:  25%|██▍       | 249/1000 [8:20:02 > 2:40:35]
L-BFGS:  25%|██▌       | 250/1000 [8:29:52 > 2:41:18]
L-BFGS:  25%|██▌       | 251/1000 [8:28:31 > 2:41:58]
L-BFGS:  25%|██▌       | 252/1000 [8:29:01 > 2:42:39]
L-BFGS:  25%|██▌       | 253/1000 [8:10:47 > 2:43:15]
L-BFGS:  25%|██▌       | 254/1000 [8:13:38 > 2:43:56]
L-BFGS:  26%|██▌       | 255/1000 [8:22:29 > 2:44:38]
L-BFGS:  26%|██▌       | 256/1000 [8:08:45 > 2:45:15]
L-BFGS:  26%|██▌       | 257/1000 [7:54:29 > 2:45:51]
L-BFGS:  26%|██▌       | 258/1000 [7:47:41 > 2:46:27]
L-BFGS:  26%|██▌       | 259/1000 [7:32:35 > 2:47:01]
L-BFGS:  26%|██▌       | 260/1000 [7:33:28 > 2:47:38]
L-BFGS:  26%|██▌       | 261/1000 [7:47:32 > 2:48:19]
L-BFGS:  26%|██▌       | 262/1000 [7:44:31 > 2:48:56]
L-BFGS:  26%|██▋       | 263/1000 [7:36:17 > 2:49:32]
L-BFGS:  26%|██▋       | 264/1000 [7:31:25 > 2:50:08]
L-BFGS:  26%|██▋       | 265/1000 [7:46:36 > 2:50:49]
L-BFGS:  27%|██▋       | 266/1000 [7:33:41 > 2:51:24]
L-BFGS:  27%|██▋       | 267/1000 [7:54:48 > 2:52:07]
L-BFGS:  27%|██▋       | 268/1000 [7:41:09 > 2:52:42]
L-BFGS:  27%|██▋       | 269/1000 [7:56:42 > 2:53:25]
L-BFGS:  27%|██▋       | 270/1000 [8:09:20 > 2:54:07]
L-BFGS:  27%|██▋       | 271/1000 [7:47:54 > 2:54:42]
L-BFGS:  27%|██▋       | 272/1000 [8:01:18 > 2:55:24]
L-BFGS:  27%|██▋       | 273/1000 [7:41:36 > 2:55:59]
L-BFGS:  27%|██▋       | 274/1000 [7:35:56 > 2:56:35]
L-BFGS:  28%|██▊       | 275/1000 [7:25:03 > 2:57:10]
L-BFGS:  28%|██▊       | 276/1000 [7:24:41 > 2:57:47]
L-BFGS:  28%|██▊       | 277/1000 [7:47:54 > 2:58:31]
L-BFGS:  28%|██▊       | 278/1000 [7:53:18 > 2:59:11]
L-BFGS:  28%|██▊       | 279/1000 [7:41:47 > 2:59:47]
L-BFGS:  28%|██▊       | 280/1000 [7:27:58 > 3:00:22]
L-BFGS:  28%|██▊       | 281/1000 [7:45:19 > 3:01:04]
L-BFGS:  28%|██▊       | 282/1000 [7:34:19 > 3:01:40]
L-BFGS:  28%|██▊       | 283/1000 [7:43:49 > 3:02:21]
L-BFGS:  28%|██▊       | 284/1000 [7:57:09 > 3:03:04]
L-BFGS:  28%|██▊       | 285/1000 [7:57:22 > 3:03:44]
L-BFGS:  29%|██▊       | 286/1000 [7:44:29 > 3:04:21]
L-BFGS:  29%|██▊       | 287/1000 [7:57:00 > 3:05:03]
L-BFGS:  29%|██▉       | 288/1000 [7:56:44 > 3:05:44]
L-BFGS:  29%|██▉       | 289/1000 [8:03:47 > 3:06:26]
L-BFGS:  29%|██▉       | 290/1000 [7:45:06 > 3:07:02]
L-BFGS:  29%|██▉       | 291/1000 [7:34:11 > 3:07:38]
L-BFGS:  29%|██▉       | 292/1000 [7:44:25 > 3:08:20]
L-BFGS:  29%|██▉       | 293/1000 [7:51:09 > 3:09:01]
L-BFGS:  29%|██▉       | 294/1000 [7:39:28 > 3:09:38]
L-BFGS:  30%|██▉       | 295/1000 [7:42:41 > 3:10:18]
L-BFGS:  30%|██▉       | 296/1000 [7:28:10 > 3:10:54]
L-BFGS:  30%|██▉       | 297/1000 [7:45:06 > 3:11:37]
L-BFGS:  30%|██▉       | 298/1000 [7:45:55 > 3:12:17]
L-BFGS:  30%|██▉       | 299/1000 [7:36:39 > 3:12:54]
L-BFGS:  30%|███       | 300/1000 [7:26:55 > 3:13:31]
L-BFGS:  30%|███       | 301/1000 [7:38:13 > 3:14:13]
L-BFGS:  30%|███       | 302/1000 [7:43:15 > 3:14:54]
L-BFGS:  30%|███       | 303/1000 [7:26:40 > 3:15:29]
L-BFGS:  30%|███       | 304/1000 [7:17:42 > 3:16:05]
L-BFGS:  30%|███       | 305/1000 [7:25:40 > 3:16:45]
L-BFGS:  31%|███       | 306/1000 [7:21:31 > 3:17:22]
L-BFGS:  31%|███       | 307/1000 [7:33:11 > 3:18:04]
L-BFGS:  31%|███       | 308/1000 [7:20:38 > 3:18:40]
L-BFGS:  31%|███       | 309/1000 [7:14:52 > 3:19:17]
L-BFGS:  31%|███       | 310/1000 [7:01:00 > 3:19:51]
L-BFGS:  31%|███       | 311/1000 [7:23:28 > 3:20:34]
L-BFGS:  31%|███       | 312/1000 [7:28:34 > 3:21:14]
L-BFGS:  31%|███▏      | 313/1000 [7:39:54 > 3:21:57]
L-BFGS:  31%|███▏      | 314/1000 [7:28:30 > 3:22:34]
L-BFGS:  32%|███▏      | 315/1000 [7:11:55 > 3:23:08]
L-BFGS:  32%|███▏      | 316/1000 [7:07:05 > 3:23:45]
L-BFGS:  32%|███▏      | 317/1000 [7:19:56 > 3:24:26]
L-BFGS:  32%|███▏      | 318/1000 [7:08:50 > 3:25:02]
L-BFGS:  32%|███▏      | 319/1000 [7:20:49 > 3:25:44]
L-BFGS:  32%|███▏      | 320/1000 [7:28:33 > 3:26:25]
L-BFGS:  32%|███▏      | 321/1000 [7:40:08 > 3:27:08]
L-BFGS:  32%|███▏      | 322/1000 [7:39:11 > 3:27:49]
L-BFGS:  32%|███▏      | 323/1000 [7:46:15 > 3:28:32]
L-BFGS:  32%|███▏      | 324/1000 [7:30:03 > 3:29:08]
L-BFGS:  32%|███▎      | 325/1000 [7:31:23 > 3:29:49]
L-BFGS:  33%|███▎      | 326/1000 [7:18:21 > 3:30:25]
L-BFGS:  33%|███▎      | 327/1000 [7:25:40 > 3:31:07]
L-BFGS:  33%|███▎      | 328/1000 [7:10:31 > 3:31:42]
L-BFGS:  33%|███▎      | 329/1000 [7:02:43 > 3:32:18]
L-BFGS:  33%|███▎      | 330/1000 [7:12:38 > 3:32:59]
L-BFGS:  33%|███▎      | 331/1000 [7:05:51 > 3:33:36]
L-BFGS:  33%|███▎      | 332/1000 [6:54:57 > 3:34:11]
L-BFGS:  33%|███▎      | 333/1000 [6:47:10 > 3:34:46]
L-BFGS:  33%|███▎      | 334/1000 [6:42:42 > 3:35:22]
L-BFGS:  34%|███▎      | 335/1000 [6:44:10 > 3:35:59]
L-BFGS:  34%|███▎      | 336/1000 [6:37:29 > 3:36:33]
L-BFGS:  34%|███▎      | 337/1000 [7:01:44 > 3:37:17]
L-BFGS:  34%|███▍      | 338/1000 [7:13:23 > 3:37:59]
L-BFGS:  34%|███▍      | 339/1000 [6:56:06 > 3:38:33]
L-BFGS:  34%|███▍      | 340/1000 [7:10:26 > 3:39:15]
L-BFGS:  34%|███▍      | 341/1000 [7:17:41 > 3:39:57]
L-BFGS:  34%|███▍      | 342/1000 [7:01:52 > 3:40:32]
L-BFGS:  34%|███▍      | 343/1000 [7:14:18 > 3:41:15]
L-BFGS:  34%|███▍      | 344/1000 [7:20:40 > 3:41:56]
L-BFGS:  34%|███▍      | 345/1000 [7:27:37 > 3:42:39]
L-BFGS:  35%|███▍      | 346/1000 [7:29:14 > 3:43:21]
L-BFGS:  35%|███▍      | 347/1000 [7:29:35 > 3:44:02]
L-BFGS:  35%|███▍      | 348/1000 [7:14:20 > 3:44:39]
L-BFGS:  35%|███▍      | 349/1000 [6:51:20 > 3:45:12]
L-BFGS:  35%|███▌      | 350/1000 [6:49:28 > 3:45:50]
L-BFGS:  35%|███▌      | 351/1000 [6:43:03 > 3:46:26]
L-BFGS:  35%|███▌      | 352/1000 [6:38:36 > 3:47:02]
L-BFGS:  35%|███▌      | 353/1000 [6:32:27 > 3:47:37]
L-BFGS:  35%|███▌      | 354/1000 [6:46:50 > 3:48:18]
L-BFGS:  36%|███▌      | 355/1000 [7:02:03 > 3:49:01]
L-BFGS:  36%|███▌      | 356/1000 [7:01:45 > 3:49:40]
L-BFGS:  36%|███▌      | 357/1000 [6:51:52 > 3:50:17]
L-BFGS:  36%|███▌      | 358/1000 [7:08:19 > 3:51:00]
L-BFGS:  36%|███▌      | 359/1000 [7:09:45 > 3:51:41]
L-BFGS:  36%|███▌      | 360/1000 [7:18:11 > 3:52:24]
L-BFGS:  36%|███▌      | 361/1000 [7:00:28 > 3:53:00]
L-BFGS:  36%|███▌      | 362/1000 [6:50:14 > 3:53:36]
L-BFGS:  36%|███▋      | 363/1000 [6:34:53 > 3:54:10]
L-BFGS:  36%|███▋      | 364/1000 [6:30:04 > 3:54:46]
L-BFGS:  36%|███▋      | 365/1000 [6:30:17 > 3:55:23]
L-BFGS:  37%|███▋      | 366/1000 [6:22:17 > 3:55:58]
L-BFGS:  37%|███▋      | 367/1000 [6:22:56 > 3:56:34]
L-BFGS:  37%|███▋      | 368/1000 [6:15:26 > 3:57:08]
L-BFGS:  37%|███▋      | 369/1000 [6:19:15 > 3:57:45]
L-BFGS:  37%|███▋      | 370/1000 [6:33:36 > 3:58:26]
L-BFGS:  37%|███▋      | 371/1000 [6:31:11 > 3:59:03]
L-BFGS:  37%|███▋      | 372/1000 [6:47:54 > 3:59:46]
L-BFGS:  37%|███▋      | 373/1000 [6:51:04 > 4:00:26]
L-BFGS:  37%|███▋      | 374/1000 [6:42:33 > 4:01:03]
L-BFGS:  38%|███▊      | 375/1000 [6:28:57 > 4:01:37]
L-BFGS:  38%|███▊      | 376/1000 [6:26:24 > 4:02:14]
L-BFGS:  38%|███▊      | 377/1000 [6:40:25 > 4:02:56]
L-BFGS:  38%|███▊      | 378/1000 [6:33:16 > 4:03:33]
L-BFGS:  38%|███▊      | 379/1000 [6:46:41 > 4:04:15]
L-BFGS:  38%|███▊      | 380/1000 [6:50:18 > 4:04:56]
L-BFGS:  38%|███▊      | 381/1000 [6:57:53 > 4:05:38]
L-BFGS:  38%|███▊      | 382/1000 [6:42:52 > 4:06:14]
L-BFGS:  38%|███▊      | 383/1000 [6:27:13 > 4:06:48]
L-BFGS:  38%|███▊      | 384/1000 [6:22:53 > 4:07:25]
L-BFGS:  38%|███▊      | 385/1000 [6:16:31 > 4:08:00]
L-BFGS:  39%|███▊      | 386/1000 [6:34:26 > 4:08:43]
L-BFGS:  39%|███▊      | 387/1000 [6:38:56 > 4:09:23]
L-BFGS:  39%|███▉      | 388/1000 [6:30:56 > 4:10:00]
L-BFGS:  39%|███▉      | 389/1000 [6:43:47 > 4:10:42]
L-BFGS:  39%|███▉      | 390/1000 [6:24:02 > 4:11:16]
L-BFGS:  39%|███▉      | 391/1000 [6:39:17 > 4:11:59]
L-BFGS:  39%|███▉      | 392/1000 [6:29:21 > 4:12:35]
L-BFGS:  39%|███▉      | 393/1000 [6:39:58 > 4:13:17]
L-BFGS:  39%|███▉      | 394/1000 [6:44:50 > 4:13:59]
L-BFGS:  40%|███▉      | 395/1000 [6:48:36 > 4:14:40]
L-BFGS:  40%|███▉      | 396/1000 [6:53:53 > 4:15:23]
L-BFGS:  40%|███▉      | 397/1000 [6:33:36 > 4:15:57]
L-BFGS:  40%|███▉      | 398/1000 [6:21:31 > 4:16:33]
L-BFGS:  40%|███▉      | 399/1000 [6:36:34 > 4:17:16]
L-BFGS:  40%|████      | 400/1000 [6:20:04 > 4:17:50]
L-BFGS:  40%|████      | 401/1000 [6:35:09 > 4:18:33]
L-BFGS:  40%|████      | 402/1000 [6:41:52 > 4:19:15]
L-BFGS:  40%|████      | 403/1000 [6:28:45 > 4:19:52]
L-BFGS:  40%|████      | 404/1000 [6:33:36 > 4:20:33]
L-BFGS:  40%|████      | 405/1000 [6:38:13 > 4:21:14]
L-BFGS:  41%|████      | 406/1000 [6:46:28 > 4:21:57]
L-BFGS:  41%|████      | 407/1000 [6:45:03 > 4:22:38]
L-BFGS:  41%|████      | 408/1000 [6:27:05 > 4:23:13]
L-BFGS:  41%|████      | 409/1000 [6:36:14 > 4:23:56]
L-BFGS:  41%|████      | 410/1000 [6:20:44 > 4:24:31]
L-BFGS:  41%|████      | 411/1000 [6:33:04 > 4:25:14]
L-BFGS:  41%|████      | 412/1000 [6:19:53 > 4:25:50]
L-BFGS:  41%|████▏     | 413/1000 [6:26:40 > 4:26:31]
L-BFGS:  41%|████▏     | 414/1000 [6:15:12 > 4:27:07]
L-BFGS:  42%|████▏     | 415/1000 [6:20:52 > 4:27:47]
L-BFGS:  42%|████▏     | 416/1000 [6:29:00 > 4:28:29]
L-BFGS:  42%|████▏     | 417/1000 [6:12:17 > 4:29:04]
L-BFGS:  42%|████▏     | 418/1000 [6:25:53 > 4:29:47]
L-BFGS:  42%|████▏     | 419/1000 [6:17:07 > 4:30:24]
L-BFGS:  42%|████▏     | 420/1000 [6:22:07 > 4:31:05]
L-BFGS:  42%|████▏     | 421/1000 [6:30:56 > 4:31:48]
L-BFGS:  42%|████▏     | 422/1000 [6:16:01 > 4:32:23]
L-BFGS:  42%|████▏     | 423/1000 [6:20:19 > 4:33:04]
L-BFGS:  42%|████▏     | 424/1000 [6:07:33 > 4:33:40]
L-BFGS:  42%|████▎     | 425/1000 [5:59:24 > 4:34:15]
L-BFGS:  43%|████▎     | 426/1000 [5:58:16 > 4:34:53]
L-BFGS:  43%|████▎     | 427/1000 [5:51:03 > 4:35:28]
L-BFGS:  43%|████▎     | 428/1000 [6:08:16 > 4:36:11]
L-BFGS:  43%|████▎     | 429/1000 [5:57:10 > 4:36:46]
L-BFGS:  43%|████▎     | 430/1000 [5:50:46 > 4:37:21]
L-BFGS:  43%|████▎     | 431/1000 [5:48:15 > 4:37:57]
L-BFGS:  43%|████▎     | 432/1000 [5:59:46 > 4:38:38]
L-BFGS:  43%|████▎     | 433/1000 [6:14:15 > 4:39:22]
L-BFGS:  43%|████▎     | 434/1000 [6:00:10 > 4:39:57]
L-BFGS:  44%|████▎     | 435/1000 [6:09:56 > 4:40:38]
L-BFGS:  44%|████▎     | 436/1000 [5:58:47 > 4:41:14]
L-BFGS:  44%|████▎     | 437/1000 [5:47:45 > 4:41:48]
L-BFGS:  44%|████▍     | 438/1000 [6:02:05 > 4:42:31]
L-BFGS:  44%|████▍     | 439/1000 [5:54:03 > 4:43:07]
L-BFGS:  44%|████▍     | 440/1000 [5:51:11 > 4:43:44]
L-BFGS:  44%|████▍     | 441/1000 [5:58:27 > 4:44:24]
L-BFGS:  44%|████▍     | 442/1000 [5:51:26 > 4:45:01]
L-BFGS:  44%|████▍     | 443/1000 [5:44:39 > 4:45:36]
L-BFGS:  44%|████▍     | 444/1000 [5:38:27 > 4:46:11]
L-BFGS:  44%|████▍     | 445/1000 [5:38:24 > 4:46:48]
L-BFGS:  45%|████▍     | 446/1000 [5:35:12 > 4:47:24]
L-BFGS:  45%|████▍     | 447/1000 [5:51:58 > 4:48:06]
L-BFGS:  45%|████▍     | 448/1000 [5:39:29 > 4:48:40]
L-BFGS:  45%|████▍     | 449/1000 [5:52:17 > 4:49:22]
L-BFGS:  45%|████▌     | 450/1000 [6:04:57 > 4:50:05]
L-BFGS:  45%|████▌     | 451/1000 [5:48:59 > 4:50:39]
L-BFGS:  45%|████▌     | 452/1000 [6:02:42 > 4:51:23]
L-BFGS:  45%|████▌     | 453/1000 [5:53:06 > 4:51:59]
L-BFGS:  45%|████▌     | 454/1000 [5:45:57 > 4:52:36]
L-BFGS:  46%|████▌     | 455/1000 [5:32:48 > 4:53:09]
L-BFGS:  46%|████▌     | 456/1000 [5:46:41 > 4:53:51]
L-BFGS:  46%|████▌     | 457/1000 [5:42:55 > 4:54:28]
L-BFGS:  46%|████▌     | 458/1000 [5:33:58 > 4:55:03]
L-BFGS:  46%|████▌     | 459/1000 [5:32:03 > 4:55:39]
L-BFGS:  46%|████▌     | 460/1000 [5:28:24 > 4:56:15]
L-BFGS:  46%|████▌     | 461/1000 [5:44:41 > 4:56:58]
L-BFGS:  46%|████▌     | 462/1000 [5:31:27 > 4:57:31]
L-BFGS:  46%|████▋     | 463/1000 [5:45:26 > 4:58:14]
L-BFGS:  46%|████▋     | 464/1000 [5:59:42 > 4:58:58]
L-BFGS:  46%|████▋     | 465/1000 [5:44:52 > 4:59:33]
L-BFGS:  47%|████▋     | 466/1000 [5:39:10 > 5:00:10]
L-BFGS:  47%|████▋     | 467/1000 [5:32:16 > 5:00:46]
L-BFGS:  47%|████▋     | 468/1000 [5:44:48 > 5:01:28]
L-BFGS:  47%|████▋     | 469/1000 [5:32:13 > 5:02:02]
L-BFGS:  47%|████▋     | 470/1000 [5:41:35 > 5:02:44]
L-BFGS:  47%|████▋     | 471/1000 [5:37:13 > 5:03:21]
L-BFGS:  47%|████▋     | 472/1000 [5:29:38 > 5:03:56]
L-BFGS:  47%|████▋     | 473/1000 [5:27:00 > 5:04:33]
L-BFGS:  47%|████▋     | 474/1000 [5:21:01 > 5:05:08]
L-BFGS:  48%|████▊     | 475/1000 [5:32:43 > 5:05:50]
L-BFGS:  48%|████▊     | 476/1000 [5:40:45 > 5:06:31]
L-BFGS:  48%|████▊     | 477/1000 [5:31:04 > 5:07:07]
L-BFGS:  48%|████▊     | 478/1000 [5:43:03 > 5:07:49]
L-BFGS:  48%|████▊     | 479/1000 [5:31:21 > 5:08:25]
L-BFGS:  48%|████▊     | 480/1000 [5:41:08 > 5:09:07]
L-BFGS:  48%|████▊     | 481/1000 [5:51:10 > 5:09:50]
L-BFGS:  48%|████▊     | 482/1000 [5:33:56 > 5:10:24]
L-BFGS:  48%|████▊     | 483/1000 [5:26:22 > 5:11:00]
L-BFGS:  48%|████▊     | 484/1000 [5:35:24 > 5:11:42]
L-BFGS:  48%|████▊     | 485/1000 [5:43:04 > 5:12:24]
L-BFGS:  49%|████▊     | 486/1000 [5:45:49 > 5:13:06]
L-BFGS:  49%|████▊     | 487/1000 [5:46:09 > 5:13:46]
L-BFGS:  49%|████▉     | 488/1000 [5:51:37 > 5:14:29]
L-BFGS:  49%|████▉     | 489/1000 [5:34:10 > 5:15:04]
L-BFGS:  49%|████▉     | 490/1000 [5:44:21 > 5:15:47]
L-BFGS:  49%|████▉     | 491/1000 [5:47:22 > 5:16:29]
L-BFGS:  49%|████▉     | 492/1000 [5:29:45 > 5:17:04]
L-BFGS:  49%|████▉     | 493/1000 [5:21:56 > 5:17:40]
L-BFGS:  49%|████▉     | 494/1000 [5:31:06 > 5:18:22]
L-BFGS:  50%|████▉     | 495/1000 [5:34:45 > 5:19:03]
L-BFGS:  50%|████▉     | 496/1000 [5:40:35 > 5:19:45]
L-BFGS:  50%|████▉     | 497/1000 [5:43:12 > 5:20:27]
L-BFGS:  50%|████▉     | 498/1000 [5:46:38 > 5:21:09]
L-BFGS:  50%|████▉     | 499/1000 [5:46:50 > 5:21:51]
L-BFGS:  50%|█████     | 500/1000 [5:31:52 > 5:22:27]
L-BFGS:  50%|█████     | 501/1000 [5:21:44 > 5:23:03]
L-BFGS:  50%|█████     | 502/1000 [5:23:46 > 5:23:43]
L-BFGS:  50%|█████     | 503/1000 [5:19:28 > 5:24:20]
L-BFGS:  50%|█████     | 504/1000 [5:25:53 > 5:25:02]
L-BFGS:  50%|█████     | 505/1000 [5:28:09 > 5:25:42]
L-BFGS:  51%|█████     | 506/1000 [5:20:01 > 5:26:19]
L-BFGS:  51%|█████     | 507/1000 [5:11:18 > 5:26:55]
L-BFGS:  51%|█████     | 508/1000 [5:07:24 > 5:27:31]
L-BFGS:  51%|█████     | 509/1000 [4:57:39 > 5:28:05]
L-BFGS:  51%|█████     | 510/1000 [5:11:01 > 5:28:47]
L-BFGS:  51%|█████     | 511/1000 [5:07:31 > 5:29:24]
L-BFGS:  51%|█████     | 512/1000 [5:02:04 > 5:30:00]
L-BFGS:  51%|█████▏    | 513/1000 [5:00:10 > 5:30:36]
L-BFGS:  51%|█████▏    | 514/1000 [4:52:17 > 5:31:10]
L-BFGS:  52%|█████▏    | 515/1000 [4:54:04 > 5:31:48]
L-BFGS:  52%|█████▏    | 516/1000 [5:03:59 > 5:32:28]
L-BFGS:  52%|█████▏    | 517/1000 [5:13:53 > 5:33:10]
L-BFGS:  52%|█████▏    | 518/1000 [5:23:28 > 5:33:54]
L-BFGS:  52%|█████▏    | 519/1000 [5:09:24 > 5:34:28]
L-BFGS:  52%|█████▏    | 520/1000 [5:04:05 > 5:35:05]
L-BFGS:  52%|█████▏    | 521/1000 [5:11:21 > 5:35:46]
L-BFGS:  52%|█████▏    | 522/1000 [5:02:40 > 5:36:22]
L-BFGS:  52%|█████▏    | 523/1000 [5:10:15 > 5:37:03]
L-BFGS:  52%|█████▏    | 524/1000 [5:14:48 > 5:37:44]
L-BFGS:  52%|█████▎    | 525/1000 [5:22:38 > 5:38:28]
L-BFGS:  53%|█████▎    | 526/1000 [5:08:35 > 5:39:03]
L-BFGS:  53%|█████▎    | 527/1000 [5:15:51 > 5:39:45]
L-BFGS:  53%|█████▎    | 528/1000 [5:21:36 > 5:40:28]
L-BFGS:  53%|█████▎    | 529/1000 [5:06:37 > 5:41:03]
L-BFGS:  53%|█████▎    | 530/1000 [5:13:38 > 5:41:45]
L-BFGS:  53%|█████▎    | 531/1000 [5:16:26 > 5:42:27]
L-BFGS:  53%|█████▎    | 532/1000 [5:15:35 > 5:43:07]
L-BFGS:  53%|█████▎    | 533/1000 [5:20:51 > 5:43:50]
L-BFGS:  53%|█████▎    | 534/1000 [5:06:23 > 5:44:25]
L-BFGS:  54%|█████▎    | 535/1000 [5:00:55 > 5:45:03]
L-BFGS:  54%|█████▎    | 536/1000 [4:51:03 > 5:45:38]
L-BFGS:  54%|█████▎    | 537/1000 [5:00:19 > 5:46:20]
L-BFGS:  54%|█████▍    | 538/1000 [4:51:52 > 5:46:55]
L-BFGS:  54%|█████▍    | 539/1000 [4:56:30 > 5:47:35]
L-BFGS:  54%|█████▍    | 540/1000 [5:05:07 > 5:48:18]
L-BFGS:  54%|█████▍    | 541/1000 [4:56:00 > 5:48:54]
L-BFGS:  54%|█████▍    | 542/1000 [5:02:45 > 5:49:36]
L-BFGS:  54%|█████▍    | 543/1000 [4:54:03 > 5:50:12]
L-BFGS:  54%|█████▍    | 544/1000 [4:48:09 > 5:50:48]
L-BFGS:  55%|█████▍    | 545/1000 [4:56:30 > 5:51:30]
L-BFGS:  55%|█████▍    | 546/1000 [4:42:48 > 5:52:04]
L-BFGS:  55%|█████▍    | 547/1000 [4:55:46 > 5:52:47]
L-BFGS:  55%|█████▍    | 548/1000 [4:47:19 > 5:53:23]
L-BFGS:  55%|█████▍    | 549/1000 [4:42:49 > 5:53:59]
L-BFGS:  55%|█████▌    | 550/1000 [4:38:10 > 5:54:35]
L-BFGS:  55%|█████▌    | 551/1000 [4:47:59 > 5:55:17]
L-BFGS:  55%|█████▌    | 552/1000 [4:41:58 > 5:55:53]
L-BFGS:  55%|█████▌    | 553/1000 [4:45:39 > 5:56:33]
L-BFGS:  55%|█████▌    | 554/1000 [4:54:10 > 5:57:15]
L-BFGS:  56%|█████▌    | 555/1000 [5:00:35 > 5:57:58]
L-BFGS:  56%|█████▌    | 556/1000 [4:58:47 > 5:58:38]
L-BFGS:  56%|█████▌    | 557/1000 [5:04:34 > 5:59:21]
L-BFGS:  56%|█████▌    | 558/1000 [5:05:07 > 6:00:03]
L-BFGS:  56%|█████▌    | 559/1000 [5:04:02 > 6:00:44]
L-BFGS:  56%|█████▌    | 560/1000 [4:52:46 > 6:01:21]
L-BFGS:  56%|█████▌    | 561/1000 [4:56:26 > 6:02:03]
L-BFGS:  56%|█████▌    | 562/1000 [4:46:43 > 6:02:39]
L-BFGS:  56%|█████▋    | 563/1000 [4:49:31 > 6:03:20]
L-BFGS:  56%|█████▋    | 564/1000 [4:50:13 > 6:04:00]
L-BFGS:  56%|█████▋    | 565/1000 [4:43:20 > 6:04:37]
L-BFGS:  57%|█████▋    | 566/1000 [4:46:12 > 6:05:18]
L-BFGS:  57%|█████▋    | 567/1000 [4:50:55 > 6:06:00]
L-BFGS:  57%|█████▋    | 568/1000 [4:42:58 > 6:06:37]
L-BFGS:  57%|█████▋    | 569/1000 [4:33:50 > 6:07:12]
L-BFGS:  57%|█████▋    | 570/1000 [4:27:50 > 6:07:48]
L-BFGS:  57%|█████▋    | 571/1000 [4:34:06 > 6:08:29]
L-BFGS:  57%|█████▋    | 572/1000 [4:43:00 > 6:09:11]
L-BFGS:  57%|█████▋    | 573/1000 [4:32:21 > 6:09:46]
L-BFGS:  57%|█████▋    | 574/1000 [4:28:36 > 6:10:23]
L-BFGS:  57%|█████▊    | 575/1000 [4:25:10 > 6:11:00]
L-BFGS:  58%|█████▊    | 576/1000 [4:31:55 > 6:11:41]
L-BFGS:  58%|█████▊    | 577/1000 [4:39:50 > 6:12:23]
L-BFGS:  58%|█████▊    | 578/1000 [4:27:56 > 6:12:57]
L-BFGS:  58%|█████▊    | 579/1000 [4:37:04 > 6:13:40]
L-BFGS:  58%|█████▊    | 580/1000 [4:40:49 > 6:14:22]
L-BFGS:  58%|█████▊    | 581/1000 [4:31:06 > 6:14:58]
L-BFGS:  58%|█████▊    | 582/1000 [4:39:23 > 6:15:41]
L-BFGS:  58%|█████▊    | 583/1000 [4:40:02 > 6:16:21]
L-BFGS:  58%|█████▊    | 584/1000 [4:31:53 > 6:16:58]
L-BFGS:  58%|█████▊    | 585/1000 [4:24:23 > 6:17:34]
L-BFGS:  59%|█████▊    | 586/1000 [4:15:32 > 6:18:08]
L-BFGS:  59%|█████▊    | 587/1000 [4:13:31 > 6:18:45]
L-BFGS:  59%|█████▉    | 588/1000 [4:10:04 > 6:19:20]
L-BFGS:  59%|█████▉    | 589/1000 [4:22:22 > 6:20:03]
L-BFGS:  59%|█████▉    | 590/1000 [4:14:24 > 6:20:38]
L-BFGS:  59%|█████▉    | 591/1000 [4:23:54 > 6:21:20]
L-BFGS:  59%|█████▉    | 592/1000 [4:31:35 > 6:22:02]
L-BFGS:  59%|█████▉    | 593/1000 [4:31:41 > 6:22:43]
L-BFGS:  59%|█████▉    | 594/1000 [4:22:54 > 6:23:19]
L-BFGS:  60%|█████▉    | 595/1000 [4:28:39 > 6:24:01]
L-BFGS:  60%|█████▉    | 596/1000 [4:30:23 > 6:24:42]
L-BFGS:  60%|█████▉    | 597/1000 [4:23:07 > 6:25:19]
L-BFGS:  60%|█████▉    | 598/1000 [4:26:53 > 6:26:00]
L-BFGS:  60%|█████▉    | 599/1000 [4:20:17 > 6:26:37]
L-BFGS:  60%|██████    | 600/1000 [4:22:04 > 6:27:17]
L-BFGS:  60%|██████    | 601/1000 [4:29:08 > 6:28:00]
L-BFGS:  60%|██████    | 602/1000 [4:31:04 > 6:28:42]
L-BFGS:  60%|██████    | 603/1000 [4:28:13 > 6:29:22]
L-BFGS:  60%|██████    | 604/1000 [4:31:18 > 6:30:04]
L-BFGS:  60%|██████    | 605/1000 [4:33:43 > 6:30:47]
L-BFGS:  61%|██████    | 606/1000 [4:29:57 > 6:31:27]
L-BFGS:  61%|██████    | 607/1000 [4:33:34 > 6:32:10]
L-BFGS:  61%|██████    | 608/1000 [4:32:54 > 6:32:52]
L-BFGS:  61%|██████    | 609/1000 [4:21:06 > 6:33:28]
L-BFGS:  61%|██████    | 610/1000 [4:23:51 > 6:34:10]
L-BFGS:  61%|██████    | 611/1000 [4:25:53 > 6:34:52]
L-BFGS:  61%|██████    | 612/1000 [4:16:19 > 6:35:28]
L-BFGS:  61%|██████▏   | 613/1000 [4:04:07 > 6:36:02]
L-BFGS:  61%|██████▏   | 614/1000 [4:12:20 > 6:36:45]
L-BFGS:  62%|██████▏   | 615/1000 [4:07:33 > 6:37:22]
L-BFGS:  62%|██████▏   | 616/1000 [3:59:29 > 6:37:56]
L-BFGS:  62%|██████▏   | 617/1000 [3:57:01 > 6:38:33]
L-BFGS:  62%|██████▏   | 618/1000 [3:51:27 > 6:39:07]
L-BFGS:  62%|██████▏   | 619/1000 [4:01:50 > 6:39:49]
L-BFGS:  62%|██████▏   | 620/1000 [4:07:31 > 6:40:31]
L-BFGS:  62%|██████▏   | 621/1000 [4:11:13 > 6:41:12]
L-BFGS:  62%|██████▏   | 622/1000 [4:16:35 > 6:41:55]
L-BFGS:  62%|██████▏   | 623/1000 [4:05:55 > 6:42:31]
L-BFGS:  62%|██████▏   | 624/1000 [4:11:12 > 6:43:13]
L-BFGS:  62%|██████▎   | 625/1000 [4:03:48 > 6:43:49]
L-BFGS:  63%|██████▎   | 626/1000 [4:06:27 > 6:44:30]
L-BFGS:  63%|██████▎   | 627/1000 [3:59:04 > 6:45:06]
L-BFGS:  63%|██████▎   | 628/1000 [4:03:07 > 6:45:47]
L-BFGS:  63%|██████▎   | 629/1000 [4:08:50 > 6:46:30]
L-BFGS:  63%|██████▎   | 630/1000 [4:00:00 > 6:47:06]
L-BFGS:  63%|██████▎   | 631/1000 [3:54:52 > 6:47:42]
L-BFGS:  63%|██████▎   | 632/1000 [3:51:45 > 6:48:19]
L-BFGS:  63%|██████▎   | 633/1000 [3:56:15 > 6:49:00]
L-BFGS:  63%|██████▎   | 634/1000 [3:51:25 > 6:49:36]
L-BFGS:  64%|██████▎   | 635/1000 [3:56:05 > 6:50:17]
L-BFGS:  64%|██████▎   | 636/1000 [3:59:24 > 6:50:58]
L-BFGS:  64%|██████▎   | 637/1000 [3:53:12 > 6:51:34]
L-BFGS:  64%|██████▍   | 638/1000 [3:46:48 > 6:52:09]
L-BFGS:  64%|██████▍   | 639/1000 [3:55:24 > 6:52:52]
L-BFGS:  64%|██████▍   | 640/1000 [3:56:45 > 6:53:32]
L-BFGS:  64%|██████▍   | 641/1000 [4:03:08 > 6:54:16]
L-BFGS:  64%|██████▍   | 642/1000 [4:04:44 > 6:54:58]
L-BFGS:  64%|██████▍   | 643/1000 [3:52:06 > 6:55:32]
L-BFGS:  64%|██████▍   | 644/1000 [3:46:20 > 6:56:08]
L-BFGS:  64%|██████▍   | 645/1000 [3:42:14 > 6:56:44]
L-BFGS:  65%|██████▍   | 646/1000 [3:49:56 > 6:57:27]
L-BFGS:  65%|██████▍   | 647/1000 [3:53:50 > 6:58:08]
L-BFGS:  65%|██████▍   | 648/1000 [3:56:11 > 6:58:50]
L-BFGS:  65%|██████▍   | 649/1000 [3:59:25 > 6:59:32]
L-BFGS:  65%|██████▌   | 650/1000 [3:47:43 > 7:00:07]
L-BFGS:  65%|██████▌   | 651/1000 [3:54:21 > 7:00:50]
L-BFGS:  65%|██████▌   | 652/1000 [3:45:15 > 7:01:25]
L-BFGS:  65%|██████▌   | 653/1000 [3:36:46 > 7:02:00]
L-BFGS:  65%|██████▌   | 654/1000 [3:35:56 > 7:02:37]
L-BFGS:  66%|██████▌   | 655/1000 [3:43:47 > 7:03:19]
L-BFGS:  66%|██████▌   | 656/1000 [3:38:40 > 7:03:56]
L-BFGS:  66%|██████▌   | 657/1000 [3:42:19 > 7:04:36]
L-BFGS:  66%|██████▌   | 658/1000 [3:45:19 > 7:05:17]
L-BFGS:  66%|██████▌   | 659/1000 [3:50:11 > 7:06:00]
L-BFGS:  66%|██████▌   | 660/1000 [3:47:32 > 7:06:40]
L-BFGS:  66%|██████▌   | 661/1000 [3:51:54 > 7:07:23]
L-BFGS:  66%|██████▌   | 662/1000 [3:53:38 > 7:08:05]
L-BFGS:  66%|██████▋   | 663/1000 [3:42:19 > 7:08:40]
L-BFGS:  66%|██████▋   | 664/1000 [3:37:54 > 7:09:18]
L-BFGS:  66%|██████▋   | 665/1000 [3:41:47 > 7:09:59]
L-BFGS:  67%|██████▋   | 666/1000 [3:43:44 > 7:10:41]
L-BFGS:  67%|██████▋   | 667/1000 [3:45:41 > 7:11:22]
L-BFGS:  67%|██████▋   | 668/1000 [3:34:58 > 7:11:57]
L-BFGS:  67%|██████▋   | 669/1000 [3:39:41 > 7:12:39]
L-BFGS:  67%|██████▋   | 670/1000 [3:41:37 > 7:13:20]
L-BFGS:  67%|██████▋   | 671/1000 [3:42:45 > 7:14:02]
L-BFGS:  67%|██████▋   | 672/1000 [3:36:28 > 7:14:39]
L-BFGS:  67%|██████▋   | 673/1000 [3:38:11 > 7:15:20]
L-BFGS:  67%|██████▋   | 674/1000 [3:41:10 > 7:16:02]
L-BFGS:  68%|██████▊   | 675/1000 [3:43:50 > 7:16:45]
L-BFGS:  68%|██████▊   | 676/1000 [3:41:16 > 7:17:25]
L-BFGS:  68%|██████▊   | 677/1000 [3:33:47 > 7:18:02]
L-BFGS:  68%|██████▊   | 678/1000 [3:24:43 > 7:18:37]
L-BFGS:  68%|██████▊   | 679/1000 [3:31:24 > 7:19:19]
L-BFGS:  68%|██████▊   | 680/1000 [3:24:53 > 7:19:55]
L-BFGS:  68%|██████▊   | 681/1000 [3:29:12 > 7:20:37]
L-BFGS:  68%|██████▊   | 682/1000 [3:36:51 > 7:21:21]
L-BFGS:  68%|██████▊   | 683/1000 [3:35:59 > 7:22:02]
L-BFGS:  68%|██████▊   | 684/1000 [3:38:12 > 7:22:45]
L-BFGS:  68%|██████▊   | 685/1000 [3:29:29 > 7:23:21]
L-BFGS:  69%|██████▊   | 686/1000 [3:29:40 > 7:24:01]
L-BFGS:  69%|██████▊   | 687/1000 [3:21:09 > 7:24:37]
L-BFGS:  69%|██████▉   | 688/1000 [3:25:18 > 7:25:18]
L-BFGS:  69%|██████▉   | 689/1000 [3:27:25 > 7:25:59]
L-BFGS:  69%|██████▉   | 690/1000 [3:21:36 > 7:26:36]
L-BFGS:  69%|██████▉   | 691/1000 [3:25:06 > 7:27:18]
L-BFGS:  69%|██████▉   | 692/1000 [3:28:58 > 7:28:01]
L-BFGS:  69%|██████▉   | 693/1000 [3:29:15 > 7:28:42]
L-BFGS:  69%|██████▉   | 694/1000 [3:21:35 > 7:29:18]
L-BFGS:  70%|██████▉   | 695/1000 [3:24:34 > 7:30:00]
L-BFGS:  70%|██████▉   | 696/1000 [3:24:20 > 7:30:41]
L-BFGS:  70%|██████▉   | 697/1000 [3:17:22 > 7:31:17]
L-BFGS:  70%|██████▉   | 698/1000 [3:11:37 > 7:31:53]
L-BFGS:  70%|██████▉   | 699/1000 [3:15:33 > 7:32:34]
L-BFGS:  70%|███████   | 700/1000 [3:12:18 > 7:33:11]
L-BFGS:  70%|███████   | 701/1000 [3:07:41 > 7:33:47]
L-BFGS:  70%|███████   | 702/1000 [3:04:36 > 7:34:23]
L-BFGS:  70%|███████   | 703/1000 [2:58:55 > 7:34:57]
L-BFGS:  70%|███████   | 704/1000 [3:09:16 > 7:35:40]
L-BFGS:  70%|███████   | 705/1000 [3:05:17 > 7:36:16]
L-BFGS:  71%|███████   | 706/1000 [3:09:20 > 7:36:57]
L-BFGS:  71%|███████   | 707/1000 [3:13:32 > 7:37:39]
L-BFGS:  71%|███████   | 708/1000 [3:15:56 > 7:38:21]
L-BFGS:  71%|███████   | 709/1000 [3:19:16 > 7:39:04]
L-BFGS:  71%|███████   | 710/1000 [3:09:19 > 7:39:38]
L-BFGS:  71%|███████   | 711/1000 [3:11:40 > 7:40:20]
L-BFGS:  71%|███████   | 712/1000 [3:05:57 > 7:40:56]
L-BFGS:  71%|███████▏  | 713/1000 [3:08:17 > 7:41:37]
L-BFGS:  71%|███████▏  | 714/1000 [3:11:30 > 7:42:19]
L-BFGS:  72%|███████▏  | 715/1000 [3:06:10 > 7:42:56]
L-BFGS:  72%|███████▏  | 716/1000 [3:00:19 > 7:43:31]
L-BFGS:  72%|███████▏  | 717/1000 [3:04:52 > 7:44:13]
L-BFGS:  72%|███████▏  | 718/1000 [2:57:49 > 7:44:48]
L-BFGS:  72%|███████▏  | 719/1000 [3:03:12 > 7:45:30]
L-BFGS:  72%|███████▏  | 720/1000 [3:05:49 > 7:46:11]
L-BFGS:  72%|███████▏  | 721/1000 [3:07:07 > 7:46:53]
L-BFGS:  72%|███████▏  | 722/1000 [3:10:19 > 7:47:36]
L-BFGS:  72%|███████▏  | 723/1000 [3:09:08 > 7:48:16]
L-BFGS:  72%|███████▏  | 724/1000 [3:10:54 > 7:48:59]
L-BFGS:  72%|███████▎  | 725/1000 [3:10:46 > 7:49:41]
L-BFGS:  73%|███████▎  | 726/1000 [3:01:15 > 7:50:16]
L-BFGS:  73%|███████▎  | 727/1000 [3:05:45 > 7:51:00]
L-BFGS:  73%|███████▎  | 728/1000 [3:05:47 > 7:51:41]
L-BFGS:  73%|███████▎  | 729/1000 [3:05:22 > 7:52:22]
L-BFGS:  73%|███████▎  | 730/1000 [2:57:03 > 7:52:57]
L-BFGS:  73%|███████▎  | 731/1000 [2:51:08 > 7:53:33]
L-BFGS:  73%|███████▎  | 732/1000 [2:49:27 > 7:54:10]
L-BFGS:  73%|███████▎  | 733/1000 [2:45:08 > 7:54:46]
L-BFGS:  73%|███████▎  | 734/1000 [2:51:22 > 7:55:28]
L-BFGS:  74%|███████▎  | 735/1000 [2:47:02 > 7:56:04]
L-BFGS:  74%|███████▎  | 736/1000 [2:41:41 > 7:56:38]
L-BFGS:  74%|███████▎  | 737/1000 [2:47:50 > 7:57:20]
L-BFGS:  74%|███████▍  | 738/1000 [2:43:11 > 7:57:55]
L-BFGS:  74%|███████▍  | 739/1000 [2:42:36 > 7:58:32]
L-BFGS:  74%|███████▍  | 740/1000 [2:45:42 > 7:59:13]
L-BFGS:  74%|███████▍  | 741/1000 [2:51:49 > 7:59:56]
L-BFGS:  74%|███████▍  | 742/1000 [2:46:15 > 8:00:32]
L-BFGS:  74%|███████▍  | 743/1000 [2:47:40 > 8:01:12]
L-BFGS:  74%|███████▍  | 744/1000 [2:51:03 > 8:01:55]
L-BFGS:  74%|███████▍  | 745/1000 [2:44:53 > 8:02:30]
L-BFGS:  75%|███████▍  | 746/1000 [2:41:05 > 8:03:07]
L-BFGS:  75%|███████▍  | 747/1000 [2:44:44 > 8:03:48]
L-BFGS:  75%|███████▍  | 748/1000 [2:39:55 > 8:04:24]
L-BFGS:  75%|███████▍  | 749/1000 [2:44:54 > 8:05:07]
L-BFGS:  75%|███████▌  | 750/1000 [2:45:12 > 8:05:47]
L-BFGS:  75%|███████▌  | 751/1000 [2:39:22 > 8:06:22]
L-BFGS:  75%|███████▌  | 752/1000 [2:36:22 > 8:06:59]
L-BFGS:  75%|███████▌  | 753/1000 [2:32:32 > 8:07:34]
L-BFGS:  75%|███████▌  | 754/1000 [2:39:32 > 8:08:17]
L-BFGS:  76%|███████▌  | 755/1000 [2:35:13 > 8:08:53]
L-BFGS:  76%|███████▌  | 756/1000 [2:40:17 > 8:09:36]
L-BFGS:  76%|███████▌  | 757/1000 [2:32:25 > 8:10:09]
L-BFGS:  76%|███████▌  | 758/1000 [2:37:03 > 8:10:51]
L-BFGS:  76%|███████▌  | 759/1000 [2:34:16 > 8:11:28]
L-BFGS:  76%|███████▌  | 760/1000 [2:29:20 > 8:12:03]
L-BFGS:  76%|███████▌  | 761/1000 [2:34:52 > 8:12:46]
L-BFGS:  76%|███████▌  | 762/1000 [2:30:51 > 8:13:22]
L-BFGS:  76%|███████▋  | 763/1000 [2:28:22 > 8:13:58]
L-BFGS:  76%|███████▋  | 764/1000 [2:31:39 > 8:14:39]
L-BFGS:  76%|███████▋  | 765/1000 [2:27:08 > 8:15:14]
L-BFGS:  77%|███████▋  | 766/1000 [2:32:12 > 8:15:57]
L-BFGS:  77%|███████▋  | 767/1000 [2:33:36 > 8:16:38]
L-BFGS:  77%|███████▋  | 768/1000 [2:30:20 > 8:17:15]
L-BFGS:  77%|███████▋  | 769/1000 [2:25:51 > 8:17:51]
L-BFGS:  77%|███████▋  | 770/1000 [2:29:14 > 8:18:32]
L-BFGS:  77%|███████▋  | 771/1000 [2:32:11 > 8:19:14]
L-BFGS:  77%|███████▋  | 772/1000 [2:24:58 > 8:19:48]
L-BFGS:  77%|███████▋  | 773/1000 [2:29:34 > 8:20:31]
L-BFGS:  77%|███████▋  | 774/1000 [2:23:45 > 8:21:06]
L-BFGS:  78%|███████▊  | 775/1000 [2:28:24 > 8:21:49]
L-BFGS:  78%|███████▊  | 776/1000 [2:24:39 > 8:22:26]
L-BFGS:  78%|███████▊  | 777/1000 [2:19:20 > 8:23:00]
L-BFGS:  78%|███████▊  | 778/1000 [2:16:55 > 8:23:36]
L-BFGS:  78%|███████▊  | 779/1000 [2:20:40 > 8:24:17]
L-BFGS:  78%|███████▊  | 780/1000 [2:24:57 > 8:25:00]
L-BFGS:  78%|███████▊  | 781/1000 [2:26:29 > 8:25:41]
L-BFGS:  78%|███████▊  | 782/1000 [2:27:19 > 8:26:23]
L-BFGS:  78%|███████▊  | 783/1000 [2:23:11 > 8:27:00]
L-BFGS:  78%|███████▊  | 784/1000 [2:17:43 > 8:27:35]
L-BFGS:  78%|███████▊  | 785/1000 [2:16:09 > 8:28:13]
L-BFGS:  79%|███████▊  | 786/1000 [2:18:32 > 8:28:53]
L-BFGS:  79%|███████▊  | 787/1000 [2:13:01 > 8:29:28]
L-BFGS:  79%|███████▉  | 788/1000 [2:11:25 > 8:30:04]
L-BFGS:  79%|███████▉  | 789/1000 [2:08:56 > 8:30:40]
L-BFGS:  79%|███████▉  | 790/1000 [2:14:41 > 8:31:22]
L-BFGS:  79%|███████▉  | 791/1000 [2:15:51 > 8:32:03]
L-BFGS:  79%|███████▉  | 792/1000 [2:19:50 > 8:32:46]
L-BFGS:  79%|███████▉  | 793/1000 [2:14:38 > 8:33:22]
L-BFGS:  79%|███████▉  | 794/1000 [2:08:14 > 8:33:55]
L-BFGS:  80%|███████▉  | 795/1000 [2:07:15 > 8:34:32]
L-BFGS:  80%|███████▉  | 796/1000 [2:11:42 > 8:35:15]
L-BFGS:  80%|███████▉  | 797/1000 [2:14:25 > 8:35:57]
L-BFGS:  80%|███████▉  | 798/1000 [2:15:30 > 8:36:38]
L-BFGS:  80%|███████▉  | 799/1000 [2:16:10 > 8:37:20]
L-BFGS:  80%|████████  | 800/1000 [2:11:46 > 8:37:57]
L-BFGS:  80%|████████  | 801/1000 [2:05:28 > 8:38:30]
L-BFGS:  80%|████████  | 802/1000 [2:08:40 > 8:39:12]
L-BFGS:  80%|████████  | 803/1000 [2:05:29 > 8:39:49]
L-BFGS:  80%|████████  | 804/1000 [2:01:58 > 8:40:24]
L-BFGS:  80%|████████  | 805/1000 [2:00:54 > 8:41:01]
L-BFGS:  81%|████████  | 806/1000 [1:59:04 > 8:41:37]
L-BFGS:  81%|████████  | 807/1000 [2:04:18 > 8:42:20]
L-BFGS:  81%|████████  | 808/1000 [2:04:33 > 8:42:59]
L-BFGS:  81%|████████  | 809/1000 [2:00:43 > 8:43:35]
L-BFGS:  81%|████████  | 810/1000 [1:59:11 > 8:44:12]
L-BFGS:  81%|████████  | 811/1000 [1:57:07 > 8:44:48]
L-BFGS:  81%|████████  | 812/1000 [2:00:50 > 8:45:30]
L-BFGS:  81%|████████▏ | 813/1000 [2:03:26 > 8:46:12]
L-BFGS:  81%|████████▏ | 814/1000 [1:59:46 > 8:46:48]
L-BFGS:  82%|████████▏ | 815/1000 [2:01:09 > 8:47:29]
L-BFGS:  82%|████████▏ | 816/1000 [1:56:46 > 8:48:04]
L-BFGS:  82%|████████▏ | 817/1000 [1:55:12 > 8:48:41]
L-BFGS:  82%|████████▏ | 818/1000 [1:56:38 > 8:49:21]
L-BFGS:  82%|████████▏ | 819/1000 [1:54:26 > 8:49:58]
L-BFGS:  82%|████████▏ | 820/1000 [1:51:47 > 8:50:34]
L-BFGS:  82%|████████▏ | 821/1000 [1:55:36 > 8:51:16]
L-BFGS:  82%|████████▏ | 822/1000 [1:57:03 > 8:51:57]
L-BFGS:  82%|████████▏ | 823/1000 [1:52:09 > 8:52:32]
L-BFGS:  82%|████████▏ | 824/1000 [1:55:50 > 8:53:15]
L-BFGS:  82%|████████▎ | 825/1000 [1:56:19 > 8:53:55]
L-BFGS:  83%|████████▎ | 826/1000 [1:58:10 > 8:54:38]
L-BFGS:  83%|████████▎ | 827/1000 [1:54:05 > 8:55:15]
L-BFGS:  83%|████████▎ | 828/1000 [1:54:02 > 8:55:55]
L-BFGS:  83%|████████▎ | 829/1000 [1:56:36 > 8:56:39]
L-BFGS:  83%|████████▎ | 830/1000 [1:50:55 > 8:57:14]
L-BFGS:  83%|████████▎ | 831/1000 [1:47:02 > 8:57:49]
L-BFGS:  83%|████████▎ | 832/1000 [1:44:39 > 8:58:25]
L-BFGS:  83%|████████▎ | 833/1000 [1:47:32 > 8:59:07]
L-BFGS:  83%|████████▎ | 834/1000 [1:50:39 > 8:59:50]
L-BFGS:  84%|████████▎ | 835/1000 [1:46:01 > 9:00:25]
L-BFGS:  84%|████████▎ | 836/1000 [1:44:26 > 9:01:02]
L-BFGS:  84%|████████▎ | 837/1000 [1:40:20 > 9:01:36]
L-BFGS:  84%|████████▍ | 838/1000 [1:43:06 > 9:02:18]
L-BFGS:  84%|████████▍ | 839/1000 [1:41:03 > 9:02:54]
L-BFGS:  84%|████████▍ | 840/1000 [1:42:53 > 9:03:35]
L-BFGS:  84%|████████▍ | 841/1000 [1:45:39 > 9:04:18]
L-BFGS:  84%|████████▍ | 842/1000 [1:46:27 > 9:04:59]
L-BFGS:  84%|████████▍ | 843/1000 [1:42:38 > 9:05:36]
L-BFGS:  84%|████████▍ | 844/1000 [1:39:23 > 9:06:12]
L-BFGS:  84%|████████▍ | 845/1000 [1:34:59 > 9:06:45]
L-BFGS:  85%|████████▍ | 846/1000 [1:34:32 > 9:07:22]
L-BFGS:  85%|████████▍ | 847/1000 [1:33:20 > 9:07:58]
L-BFGS:  85%|████████▍ | 848/1000 [1:37:34 > 9:08:41]
L-BFGS:  85%|████████▍ | 849/1000 [1:38:58 > 9:09:22]
L-BFGS:  85%|████████▌ | 850/1000 [1:39:50 > 9:10:04]
L-BFGS:  85%|████████▌ | 851/1000 [1:41:12 > 9:10:46]
L-BFGS:  85%|████████▌ | 852/1000 [1:40:06 > 9:11:26]
L-BFGS:  85%|████████▌ | 853/1000 [1:41:22 > 9:12:10]
L-BFGS:  85%|████████▌ | 854/1000 [1:36:17 > 9:12:45]
L-BFGS:  86%|████████▌ | 855/1000 [1:31:47 > 9:13:19]
L-BFGS:  86%|████████▌ | 856/1000 [1:30:45 > 9:13:57]
L-BFGS:  86%|████████▌ | 857/1000 [1:28:49 > 9:14:33]
L-BFGS:  86%|████████▌ | 858/1000 [1:27:42 > 9:15:09]
L-BFGS:  86%|████████▌ | 859/1000 [1:24:14 > 9:15:42]
L-BFGS:  86%|████████▌ | 860/1000 [1:28:01 > 9:16:24]
L-BFGS:  86%|████████▌ | 861/1000 [1:26:54 > 9:17:01]
L-BFGS:  86%|████████▌ | 862/1000 [1:25:19 > 9:17:38]
L-BFGS:  86%|████████▋ | 863/1000 [1:23:57 > 9:18:14]
L-BFGS:  86%|████████▋ | 864/1000 [1:22:07 > 9:18:49]
L-BFGS:  86%|████████▋ | 865/1000 [1:25:37 > 9:19:31]
L-BFGS:  87%|████████▋ | 866/1000 [1:22:45 > 9:20:06]
L-BFGS:  87%|████████▋ | 867/1000 [1:25:34 > 9:20:48]
L-BFGS:  87%|████████▋ | 868/1000 [1:23:53 > 9:21:25]
L-BFGS:  87%|████████▋ | 869/1000 [1:25:00 > 9:22:06]
L-BFGS:  87%|████████▋ | 870/1000 [1:26:29 > 9:22:48]
L-BFGS:  87%|████████▋ | 871/1000 [1:27:14 > 9:23:30]
L-BFGS:  87%|████████▋ | 872/1000 [1:23:36 > 9:24:06]
L-BFGS:  87%|████████▋ | 873/1000 [1:24:10 > 9:24:47]
L-BFGS:  87%|████████▋ | 874/1000 [1:24:02 > 9:25:28]
L-BFGS:  88%|████████▊ | 875/1000 [1:21:31 > 9:26:05]
L-BFGS:  88%|████████▊ | 876/1000 [1:21:52 > 9:26:45]
L-BFGS:  88%|████████▊ | 877/1000 [1:23:10 > 9:27:28]
L-BFGS:  88%|████████▊ | 878/1000 [1:20:15 > 9:28:05]
L-BFGS:  88%|████████▊ | 879/1000 [1:20:05 > 9:28:45]
L-BFGS:  88%|████████▊ | 880/1000 [1:17:44 > 9:29:22]
L-BFGS:  88%|████████▊ | 881/1000 [1:14:25 > 9:29:57]
L-BFGS:  88%|████████▊ | 882/1000 [1:16:48 > 9:30:39]
L-BFGS:  88%|████████▊ | 883/1000 [1:14:21 > 9:31:15]
L-BFGS:  88%|████████▊ | 884/1000 [1:12:45 > 9:31:52]
L-BFGS:  88%|████████▊ | 885/1000 [1:11:40 > 9:32:29]
L-BFGS:  89%|████████▊ | 886/1000 [1:12:49 > 9:33:09]
L-BFGS:  89%|████████▊ | 887/1000 [1:11:02 > 9:33:45]
L-BFGS:  89%|████████▉ | 888/1000 [1:12:09 > 9:34:26]
L-BFGS:  89%|████████▉ | 889/1000 [1:12:50 > 9:35:07]
L-BFGS:  89%|████████▉ | 890/1000 [1:10:35 > 9:35:44]
L-BFGS:  89%|████████▉ | 891/1000 [1:11:10 > 9:36:25]
L-BFGS:  89%|████████▉ | 892/1000 [1:12:31 > 9:37:07]
L-BFGS:  89%|████████▉ | 893/1000 [1:08:50 > 9:37:42]
L-BFGS:  89%|████████▉ | 894/1000 [1:07:10 > 9:38:19]
L-BFGS:  90%|████████▉ | 895/1000 [1:05:00 > 9:38:54]
L-BFGS:  90%|████████▉ | 896/1000 [1:03:20 > 9:39:29]
L-BFGS:  90%|████████▉ | 897/1000 [1:06:01 > 9:40:12]
L-BFGS:  90%|████████▉ | 898/1000 [1:04:07 > 9:40:48]
L-BFGS:  90%|████████▉ | 899/1000 [1:03:12 > 9:41:25]
L-BFGS:  90%|█████████ | 900/1000 [1:03:56 > 9:42:05]
L-BFGS:  90%|█████████ | 901/1000 [1:02:06 > 9:42:41]
L-BFGS:  90%|█████████ | 902/1000 [1:03:43 > 9:43:24]
L-BFGS:  90%|█████████ | 903/1000 [1:00:47 > 9:43:58]
L-BFGS:  90%|█████████ | 904/1000 [1:02:49 > 9:44:41]
L-BFGS:  90%|█████████ | 905/1000 [1:03:22 > 9:45:23]
L-BFGS:  91%|█████████ | 906/1000 [1:00:59 > 9:45:59]
L-BFGS:  91%|█████████ | 907/1000 [58:46 > 9:46:35]  
L-BFGS:  91%|█████████ | 908/1000 [59:51 > 9:47:16]
L-BFGS:  91%|█████████ | 909/1000 [1:00:56 > 9:47:59]
L-BFGS:  91%|█████████ | 910/1000 [59:59 > 9:48:39]  
L-BFGS:  91%|█████████ | 911/1000 [1:00:12 > 9:49:21]
L-BFGS:  91%|█████████ | 912/1000 [1:00:18 > 9:50:03]
L-BFGS:  91%|█████████▏| 913/1000 [56:57 > 9:50:38]  
L-BFGS:  91%|█████████▏| 914/1000 [57:48 > 9:51:21]
L-BFGS:  92%|█████████▏| 915/1000 [57:43 > 9:52:03]
L-BFGS:  92%|█████████▏| 916/1000 [57:24 > 9:52:44]
L-BFGS:  92%|█████████▏| 917/1000 [55:02 > 9:53:21]
L-BFGS:  92%|█████████▏| 918/1000 [52:22 > 9:53:56]
L-BFGS:  92%|█████████▏| 919/1000 [50:50 > 9:54:32]
L-BFGS:  92%|█████████▏| 920/1000 [51:15 > 9:55:12]
L-BFGS:  92%|█████████▏| 921/1000 [49:48 > 9:55:49]
L-BFGS:  92%|█████████▏| 922/1000 [51:16 > 9:56:32]
L-BFGS:  92%|█████████▏| 923/1000 [48:43 > 9:57:07]
L-BFGS:  92%|█████████▏| 924/1000 [47:36 > 9:57:43]
L-BFGS:  92%|█████████▎| 925/1000 [48:22 > 9:58:25]
L-BFGS:  93%|█████████▎| 926/1000 [46:36 > 9:59:00]
L-BFGS:  93%|█████████▎| 927/1000 [47:17 > 9:59:42]
L-BFGS:  93%|█████████▎| 928/1000 [47:30 > 10:00:23]
L-BFGS:  93%|█████████▎| 929/1000 [45:56 > 10:01:00]
L-BFGS:  93%|█████████▎| 930/1000 [46:10 > 10:01:41]
L-BFGS:  93%|█████████▎| 931/1000 [44:46 > 10:02:19]
L-BFGS:  93%|█████████▎| 932/1000 [44:59 > 10:03:00]
L-BFGS:  93%|█████████▎| 933/1000 [42:42 > 10:03:35]
L-BFGS:  93%|█████████▎| 934/1000 [43:15 > 10:04:17]
L-BFGS:  94%|█████████▎| 935/1000 [43:23 > 10:04:59]
L-BFGS:  94%|█████████▎| 936/1000 [41:39 > 10:05:35]
L-BFGS:  94%|█████████▎| 937/1000 [39:47 > 10:06:11]
L-BFGS:  94%|█████████▍| 938/1000 [40:38 > 10:06:53]
L-BFGS:  94%|█████████▍| 939/1000 [39:05 > 10:07:30]
L-BFGS:  94%|█████████▍| 940/1000 [39:02 > 10:08:10]
L-BFGS:  94%|█████████▍| 941/1000 [39:27 > 10:08:53]
L-BFGS:  94%|█████████▍| 942/1000 [36:59 > 10:09:27]
L-BFGS:  94%|█████████▍| 943/1000 [37:13 > 10:10:08]
L-BFGS:  94%|█████████▍| 944/1000 [37:29 > 10:10:50]
L-BFGS:  94%|█████████▍| 945/1000 [35:39 > 10:11:26]
L-BFGS:  95%|█████████▍| 946/1000 [34:30 > 10:12:03]
L-BFGS:  95%|█████████▍| 947/1000 [32:55 > 10:12:38]
L-BFGS:  95%|█████████▍| 948/1000 [33:31 > 10:13:20]
L-BFGS:  95%|█████████▍| 949/1000 [32:05 > 10:13:56]
L-BFGS:  95%|█████████▌| 950/1000 [32:08 > 10:14:36]
L-BFGS:  95%|█████████▌| 951/1000 [32:33 > 10:15:19]
L-BFGS:  95%|█████████▌| 952/1000 [30:58 > 10:15:55]
L-BFGS:  95%|█████████▌| 953/1000 [31:13 > 10:16:38]
L-BFGS:  95%|█████████▌| 954/1000 [31:02 > 10:17:20]
L-BFGS:  96%|█████████▌| 955/1000 [30:37 > 10:18:01]
L-BFGS:  96%|█████████▌| 956/1000 [29:03 > 10:18:38]
L-BFGS:  96%|█████████▌| 957/1000 [28:25 > 10:19:18]
L-BFGS:  96%|█████████▌| 958/1000 [28:25 > 10:20:01]
L-BFGS:  96%|█████████▌| 959/1000 [26:45 > 10:20:36]
L-BFGS:  96%|█████████▌| 960/1000 [26:16 > 10:21:16]
L-BFGS:  96%|█████████▌| 961/1000 [25:08 > 10:21:53]
L-BFGS:  96%|█████████▌| 962/1000 [25:13 > 10:22:36]
L-BFGS:  96%|█████████▋| 963/1000 [23:59 > 10:23:13]
L-BFGS:  96%|█████████▋| 964/1000 [23:43 > 10:23:54]
L-BFGS:  96%|█████████▋| 965/1000 [23:22 > 10:24:35]
L-BFGS:  97%|█████████▋| 966/1000 [23:08 > 10:25:18]
L-BFGS:  97%|█████████▋| 967/1000 [21:17 > 10:25:51]
L-BFGS:  97%|█████████▋| 968/1000 [21:14 > 10:26:34]
L-BFGS:  97%|█████████▋| 969/1000 [20:57 > 10:27:16]
L-BFGS:  97%|█████████▋| 970/1000 [19:26 > 10:27:51]
L-BFGS:  97%|█████████▋| 971/1000 [19:25 > 10:28:34]
L-BFGS:  97%|█████████▋| 972/1000 [18:57 > 10:29:16]
L-BFGS:  97%|█████████▋| 973/1000 [17:34 > 10:29:51]
L-BFGS:  97%|█████████▋| 974/1000 [17:19 > 10:30:33]
L-BFGS:  98%|█████████▊| 975/1000 [16:49 > 10:31:15]
L-BFGS:  98%|█████████▊| 976/1000 [16:19 > 10:31:57]
L-BFGS:  98%|█████████▊| 977/1000 [15:39 > 10:32:37]
L-BFGS:  98%|█████████▊| 978/1000 [14:23 > 10:33:13]
L-BFGS:  98%|█████████▊| 979/1000 [13:30 > 10:33:50]
L-BFGS:  98%|█████████▊| 980/1000 [12:30 > 10:34:25]
L-BFGS:  98%|█████████▊| 981/1000 [11:49 > 10:35:02]
L-BFGS:  98%|█████████▊| 982/1000 [11:35 > 10:35:44]
L-BFGS:  98%|█████████▊| 983/1000 [10:40 > 10:36:19]
L-BFGS:  98%|█████████▊| 984/1000 [10:20 > 10:37:01]
L-BFGS:  98%|█████████▊| 985/1000 [09:28 > 10:37:36]
L-BFGS:  99%|█████████▊| 986/1000 [09:12 > 10:38:19]
L-BFGS:  99%|█████████▊| 987/1000 [08:16 > 10:38:55]
L-BFGS:  99%|█████████▉| 988/1000 [07:35 > 10:39:32]
L-BFGS:  99%|█████████▉| 989/1000 [06:44 > 10:40:06]
L-BFGS:  99%|█████████▉| 990/1000 [06:05 > 10:40:42]
L-BFGS:  99%|█████████▉| 991/1000 [05:27 > 10:41:18]
L-BFGS:  99%|█████████▉| 992/1000 [05:01 > 10:41:59]
L-BFGS:  99%|█████████▉| 993/1000 [04:34 > 10:42:42]
L-BFGS:  99%|█████████▉| 994/1000 [03:57 > 10:43:22]
L-BFGS: 100%|█████████▉| 995/1000 [03:23 > 10:44:05]
L-BFGS: 100%|█████████▉| 996/1000 [02:37 > 10:44:41]
L-BFGS: 100%|█████████▉| 997/1000 [01:58 > 10:45:22]
L-BFGS: 100%|█████████▉| 998/1000 [01:20 > 10:46:04]
L-BFGS: 100%|█████████▉| 999/1000 [00:39 > 10:46:40]
L-BFGS: 100%|██████████| 1000/1000 [00:00 > 10:47:21]
L-BFGS: 100%|██████████| 1000/1000 [00:00 > 10:47:21]
Training saved: C:\Ali Computation\pinn\code\heterogeneous\pino_heterogeneous\results\exp_P_piecewise_K100_N500_z1to5_min10pct_w64_float64_lr01_maxiter5\pino_heterogeneous_concentration.png C:\Ali Computation\pinn\code\heterogeneous\pino_heterogeneous\results\exp_P_piecewise_K100_N500_z1to5_min10pct_w64_float64_lr01_maxiter5\pino_heterogeneous_loss.png C:\Ali Computation\pinn\code\heterogeneous\pino_heterogeneous\results\exp_P_piecewise_K100_N500_z1to5_min10pct_w64_float64_lr01_maxiter5\pino_heterogeneous_model.pt
COMSOL validation: 81 media -> C:\Ali Computation\pinn\code\heterogeneous\pino_heterogeneous\results\exp_P_piecewise_K100_N500_z1to5_min10pct_w64_float64_lr01_maxiter5  (x* collocation n=86)

COMSOL vs PINO:   0%|          | 0/81 [00:00<?, ?it/s]
COMSOL vs PINO:   5%|▍         | 4/81 [00:00<00:01, 39.01it/s]
COMSOL vs PINO:  11%|█         | 9/81 [00:00<00:01, 40.18it/s]
COMSOL vs PINO:  17%|█▋        | 14/81 [00:00<00:01, 41.24it/s]
COMSOL vs PINO:  23%|██▎       | 19/81 [00:00<00:01, 42.23it/s]
COMSOL vs PINO:  30%|██▉       | 24/81 [00:00<00:01, 42.75it/s]
COMSOL vs PINO:  36%|███▌      | 29/81 [00:00<00:01, 43.52it/s]
COMSOL vs PINO:  42%|████▏     | 34/81 [00:00<00:01, 44.41it/s]
COMSOL vs PINO:  48%|████▊     | 39/81 [00:00<00:00, 44.67it/s]
COMSOL vs PINO:  54%|█████▍    | 44/81 [00:01<00:00, 44.66it/s]
COMSOL vs PINO:  60%|██████    | 49/81 [00:01<00:00, 44.89it/s]
COMSOL vs PINO:  67%|██████▋   | 54/81 [00:01<00:00, 45.41it/s]
COMSOL vs PINO:  73%|███████▎  | 59/81 [00:01<00:00, 46.06it/s]
COMSOL vs PINO:  79%|███████▉  | 64/81 [00:01<00:00, 46.35it/s]
COMSOL vs PINO:  85%|████████▌ | 69/81 [00:01<00:00, 46.78it/s]
COMSOL vs PINO:  91%|█████████▏| 74/81 [00:01<00:00, 46.54it/s]
COMSOL vs PINO:  98%|█████████▊| 79/81 [00:01<00:00, 46.70it/s]
COMSOL vs PINO: 100%|██████████| 81/81 [00:01<00:00, 44.90it/s]
COMSOL validation summary: n=81  mean=5.358546e-02  max=1.226789e-01  min=1.464227e-02
Wrote C:\Ali Computation\pinn\code\heterogeneous\pino_heterogeneous\results\exp_P_piecewise_K100_N500_z1to5_min10pct_w64_float64_lr01_maxiter5\comsol_validation_summary.csv
Run metadata: C:\Ali Computation\pinn\code\heterogeneous\pino_heterogeneous\results\exp_P_piecewise_K100_N500_z1to5_min10pct_w64_float64_lr01_maxiter5\run_meta.json

# exit 0 after 10:47:51.350698
