# code/heterogeneous/pino_heterogeneous/pinn1d_heterogeneous_parametric_neural_operator.py 
# started 2026-06-10 16:00:09
# cwd C:\Ali Computation\pinn\code\heterogeneous\pino_heterogeneous

Using CPU (CUDA not available, dtype=torch.float32)
PE (computed) = 0.010368
Training: 2500 LHC samples in [0.01, 0.05] m/d (exclude COMSOL 3^4 grid: True)
  saved/loaded: C:\Ali Computation\pinn\code\heterogeneous\pino_heterogeneous\results\lhc_train_u2500.csv
  branch CFL range [0.120014, 0.59992]
PDE mesh: bulk 50x50x2500 + interface bands (36 x* / band, +/-0.025 around (0.2, 0.4, 0.6))
COMSOL validation: 81 fixed grid cases from comsol_4zones.txt
run_training=True  run_comsol_validation=True
PDE collocation points: 10,750,000 (bulk 6,250,000, interface 4,500,000)
Collocation mesh plot (pre-train): C:\Ali Computation\pinn\code\heterogeneous\pino_heterogeneous\results\pino_heterogeneous_collocation_points.png
LBFGS (
Parameter Group 0
    history_size: 50
    line_search_fn: strong_wolfe
    lr: 1
    max_eval: 1
    max_iter: 1
    tolerance_change: 1e-09
    tolerance_grad: 1e-07
)

L-BFGS:   0%|          | 0/1000 [? > 00:00]
L-BFGS:   0%|          | 1/1000 [9:05:16 > 00:32]
L-BFGS:   0%|          | 2/1000 [8:50:26 > 01:04]
L-BFGS:   0%|          | 3/1000 [8:45:13 > 01:35]
L-BFGS:   0%|          | 4/1000 [8:43:11 > 02:06]
L-BFGS:   0%|          | 5/1000 [8:41:57 > 02:38]
L-BFGS:   1%|          | 6/1000 [8:39:56 > 03:09]
L-BFGS:   1%|          | 7/1000 [8:39:36 > 03:40]
L-BFGS:   1%|          | 8/1000 [8:35:52 > 04:11]
L-BFGS:   1%|          | 9/1000 [8:32:15 > 04:42]
L-BFGS:   1%|          | 10/1000 [8:30:14 > 05:12]
L-BFGS:   1%|          | 11/1000 [8:28:10 > 05:43]
L-BFGS:   1%|          | 12/1000 [8:26:50 > 06:14]
L-BFGS:   1%|▏         | 13/1000 [8:25:11 > 06:44]
L-BFGS:   1%|▏         | 14/1000 [8:25:19 > 07:15]
L-BFGS:   2%|▏         | 15/1000 [8:25:29 > 07:46]
L-BFGS:   2%|▏         | 16/1000 [8:24:26 > 08:17]
L-BFGS:   2%|▏         | 17/1000 [8:23:06 > 08:47]
L-BFGS:   2%|▏         | 18/1000 [8:23:26 > 09:18]
L-BFGS:   2%|▏         | 19/1000 [8:22:18 > 09:49]
L-BFGS:   2%|▏         | 20/1000 [8:20:55 > 10:19]
L-BFGS:   2%|▏         | 21/1000 [8:19:43 > 10:50]
L-BFGS:   2%|▏         | 22/1000 [8:18:58 > 11:20]
L-BFGS:   2%|▏         | 23/1000 [8:17:46 > 11:51]
L-BFGS:   2%|▏         | 24/1000 [8:16:50 > 12:21]
L-BFGS:   2%|▎         | 25/1000 [8:16:12 > 12:52]
L-BFGS:   3%|▎         | 26/1000 [8:15:42 > 13:22]
L-BFGS:   3%|▎         | 27/1000 [8:15:05 > 13:53]
L-BFGS:   3%|▎         | 28/1000 [8:14:40 > 14:23]
L-BFGS:   3%|▎         | 29/1000 [8:14:09 > 14:54]
L-BFGS:   3%|▎         | 30/1000 [8:13:57 > 15:25]
L-BFGS:   3%|▎         | 31/1000 [8:13:55 > 15:55]
L-BFGS:   3%|▎         | 32/1000 [8:13:26 > 16:26]
L-BFGS:   3%|▎         | 33/1000 [8:13:11 > 16:56]
L-BFGS:   3%|▎         | 34/1000 [8:13:27 > 17:27]
L-BFGS:   4%|▎         | 35/1000 [8:12:15 > 17:58]
L-BFGS:   4%|▎         | 36/1000 [8:11:49 > 18:28]
L-BFGS:   4%|▎         | 37/1000 [8:10:46 > 18:59]
L-BFGS:   4%|▍         | 38/1000 [8:09:49 > 19:29]
L-BFGS:   4%|▍         | 39/1000 [8:08:40 > 20:00]
L-BFGS:   4%|▍         | 40/1000 [8:08:12 > 20:30]
L-BFGS:   4%|▍         | 41/1000 [8:08:00 > 21:01]
L-BFGS:   4%|▍         | 42/1000 [8:06:46 > 21:31]
L-BFGS:   4%|▍         | 43/1000 [8:06:28 > 22:02]
L-BFGS:   4%|▍         | 44/1000 [8:06:03 > 22:32]
L-BFGS:   4%|▍         | 45/1000 [8:05:21 > 23:03]
L-BFGS:   5%|▍         | 46/1000 [8:05:01 > 23:33]
L-BFGS:   5%|▍         | 47/1000 [8:04:34 > 24:04]
L-BFGS:   5%|▍         | 48/1000 [8:04:10 > 24:34]
L-BFGS:   5%|▍         | 49/1000 [8:03:52 > 25:05]
L-BFGS:   5%|▌         | 50/1000 [8:03:02 > 25:35]
L-BFGS:   5%|▌         | 51/1000 [8:02:33 > 26:06]
L-BFGS:   5%|▌         | 52/1000 [8:02:15 > 26:36]
L-BFGS:   5%|▌         | 53/1000 [8:03:09 > 27:07]
L-BFGS:   5%|▌         | 54/1000 [8:02:26 > 27:38]
L-BFGS:   6%|▌         | 55/1000 [8:01:34 > 28:08]
L-BFGS:   6%|▌         | 56/1000 [8:00:57 > 28:39]
L-BFGS:   6%|▌         | 57/1000 [8:00:38 > 29:09]
L-BFGS:   6%|▌         | 58/1000 [8:08:44 > 29:42]
L-BFGS:   6%|▌         | 59/1000 [8:12:20 > 30:14]
L-BFGS:   6%|▌         | 60/1000 [8:07:29 > 30:44]
L-BFGS:   6%|▌         | 61/1000 [8:04:29 > 31:15]
L-BFGS:   6%|▌         | 62/1000 [8:01:54 > 31:45]
L-BFGS:   6%|▋         | 63/1000 [7:59:55 > 32:16]
L-BFGS:   6%|▋         | 64/1000 [7:58:26 > 32:46]
L-BFGS:   6%|▋         | 65/1000 [7:57:07 > 33:17]
L-BFGS:   7%|▋         | 66/1000 [7:56:09 > 33:47]
L-BFGS:   7%|▋         | 67/1000 [7:55:23 > 34:18]
L-BFGS:   7%|▋         | 68/1000 [7:55:12 > 34:49]
L-BFGS:   7%|▋         | 69/1000 [7:54:39 > 35:19]
L-BFGS:   7%|▋         | 70/1000 [7:54:07 > 35:50]
L-BFGS:   7%|▋         | 71/1000 [7:53:36 > 36:20]
L-BFGS:   7%|▋         | 72/1000 [7:52:37 > 36:51]
L-BFGS:   7%|▋         | 73/1000 [7:53:16 > 37:22]
L-BFGS:   7%|▋         | 74/1000 [7:52:24 > 37:52]
L-BFGS:   8%|▊         | 75/1000 [7:52:02 > 38:23]
L-BFGS:   8%|▊         | 76/1000 [7:52:16 > 38:54]
L-BFGS:   8%|▊         | 77/1000 [7:51:04 > 39:24]
L-BFGS:   8%|▊         | 78/1000 [7:50:18 > 39:55]
L-BFGS:   8%|▊         | 79/1000 [7:48:47 > 40:25]
L-BFGS:   8%|▊         | 80/1000 [7:48:04 > 40:56]
L-BFGS:   8%|▊         | 81/1000 [7:47:15 > 41:26]
L-BFGS:   8%|▊         | 82/1000 [7:46:30 > 41:57]
L-BFGS:   8%|▊         | 83/1000 [7:46:10 > 42:27]
L-BFGS:   8%|▊         | 84/1000 [7:45:31 > 42:58]
L-BFGS:   8%|▊         | 85/1000 [7:44:50 > 43:28]
L-BFGS:   9%|▊         | 86/1000 [7:43:58 > 43:58]
L-BFGS:   9%|▊         | 87/1000 [7:42:48 > 44:29]
L-BFGS:   9%|▉         | 88/1000 [7:42:23 > 44:59]
L-BFGS:   9%|▉         | 89/1000 [7:42:00 > 45:30]
L-BFGS:   9%|▉         | 90/1000 [7:42:25 > 46:00]
L-BFGS:   9%|▉         | 91/1000 [7:42:44 > 46:31]
L-BFGS:   9%|▉         | 92/1000 [7:41:55 > 47:01]
L-BFGS:   9%|▉         | 93/1000 [7:42:36 > 47:32]
L-BFGS:   9%|▉         | 94/1000 [7:41:41 > 48:03]
L-BFGS:  10%|▉         | 95/1000 [7:40:59 > 48:33]
L-BFGS:  10%|▉         | 96/1000 [7:40:12 > 49:04]
L-BFGS:  10%|▉         | 97/1000 [7:39:44 > 49:34]
L-BFGS:  10%|▉         | 98/1000 [7:38:50 > 50:05]
L-BFGS:  10%|▉         | 99/1000 [7:38:13 > 50:35]
L-BFGS:  10%|█         | 100/1000 [7:37:09 > 51:06]
L-BFGS:  10%|█         | 101/1000 [7:36:39 > 51:36]
L-BFGS:  10%|█         | 102/1000 [7:36:18 > 52:07]
L-BFGS:  10%|█         | 103/1000 [7:35:48 > 52:37]
L-BFGS:  10%|█         | 104/1000 [7:35:30 > 53:08]
L-BFGS:  10%|█         | 105/1000 [7:34:43 > 53:38]
L-BFGS:  11%|█         | 106/1000 [7:34:22 > 54:09]
L-BFGS:  11%|█         | 107/1000 [7:33:58 > 54:39]
L-BFGS:  11%|█         | 108/1000 [7:33:30 > 55:10]
L-BFGS:  11%|█         | 109/1000 [7:32:50 > 55:40]
L-BFGS:  11%|█         | 110/1000 [7:32:26 > 56:11]
L-BFGS:  11%|█         | 111/1000 [7:31:42 > 56:41]
L-BFGS:  11%|█         | 112/1000 [7:32:47 > 57:12]
L-BFGS:  11%|█▏        | 113/1000 [7:31:43 > 57:42]
L-BFGS:  11%|█▏        | 114/1000 [7:30:53 > 58:13]
L-BFGS:  12%|█▏        | 115/1000 [7:30:11 > 58:43]
L-BFGS:  12%|█▏        | 116/1000 [7:29:34 > 59:14]
L-BFGS:  12%|█▏        | 117/1000 [7:29:06 > 59:44]
L-BFGS:  12%|█▏        | 118/1000 [7:28:37 > 1:00:15]
L-BFGS:  12%|█▏        | 119/1000 [7:27:49 > 1:00:45]
L-BFGS:  12%|█▏        | 120/1000 [7:26:38 > 1:01:16]
L-BFGS:  12%|█▏        | 121/1000 [7:26:26 > 1:01:46]
L-BFGS:  12%|█▏        | 122/1000 [7:25:58 > 1:02:17]
L-BFGS:  12%|█▏        | 123/1000 [7:25:30 > 1:02:47]
L-BFGS:  12%|█▏        | 124/1000 [7:25:22 > 1:03:18]
L-BFGS:  12%|█▎        | 125/1000 [7:24:12 > 1:03:48]
L-BFGS:  13%|█▎        | 126/1000 [7:23:54 > 1:04:19]
L-BFGS:  13%|█▎        | 127/1000 [7:23:23 > 1:04:49]
L-BFGS:  13%|█▎        | 128/1000 [7:22:41 > 1:05:20]
L-BFGS:  13%|█▎        | 129/1000 [7:22:28 > 1:05:50]
L-BFGS:  13%|█▎        | 130/1000 [7:21:35 > 1:06:20]
L-BFGS:  13%|█▎        | 131/1000 [7:21:23 > 1:06:51]
L-BFGS:  13%|█▎        | 132/1000 [7:22:03 > 1:07:22]
L-BFGS:  13%|█▎        | 133/1000 [7:21:19 > 1:07:52]
L-BFGS:  13%|█▎        | 134/1000 [7:20:41 > 1:08:23]
L-BFGS:  14%|█▎        | 135/1000 [7:19:53 > 1:08:53]
L-BFGS:  14%|█▎        | 136/1000 [7:19:58 > 1:09:24]
L-BFGS:  14%|█▎        | 137/1000 [7:18:48 > 1:09:54]
L-BFGS:  14%|█▍        | 138/1000 [7:18:00 > 1:10:25]
L-BFGS:  14%|█▍        | 139/1000 [7:17:25 > 1:10:55]
L-BFGS:  14%|█▍        | 140/1000 [7:17:12 > 1:11:26]
L-BFGS:  14%|█▍        | 141/1000 [7:16:28 > 1:11:56]
L-BFGS:  14%|█▍        | 142/1000 [7:16:29 > 1:12:27]
L-BFGS:  14%|█▍        | 143/1000 [7:15:28 > 1:12:57]
L-BFGS:  14%|█▍        | 144/1000 [7:14:41 > 1:13:28]
L-BFGS:  14%|█▍        | 145/1000 [7:13:57 > 1:13:58]
L-BFGS:  15%|█▍        | 146/1000 [7:13:31 > 1:14:29]
L-BFGS:  15%|█▍        | 147/1000 [7:13:30 > 1:14:59]
L-BFGS:  15%|█▍        | 148/1000 [7:13:13 > 1:15:30]
L-BFGS:  15%|█▍        | 149/1000 [7:13:25 > 1:16:00]
L-BFGS:  15%|█▌        | 150/1000 [7:12:40 > 1:16:31]
L-BFGS:  15%|█▌        | 151/1000 [7:12:06 > 1:17:01]
L-BFGS:  15%|█▌        | 152/1000 [7:12:41 > 1:17:32]
L-BFGS:  15%|█▌        | 153/1000 [7:11:46 > 1:18:03]
L-BFGS:  15%|█▌        | 154/1000 [7:11:07 > 1:18:33]
L-BFGS:  16%|█▌        | 155/1000 [7:10:15 > 1:19:04]
L-BFGS:  16%|█▌        | 156/1000 [7:09:07 > 1:19:34]
L-BFGS:  16%|█▌        | 157/1000 [7:08:39 > 1:20:05]
L-BFGS:  16%|█▌        | 158/1000 [7:08:32 > 1:20:35]
L-BFGS:  16%|█▌        | 159/1000 [7:08:16 > 1:21:06]
L-BFGS:  16%|█▌        | 160/1000 [7:07:21 > 1:21:36]
L-BFGS:  16%|█▌        | 161/1000 [7:06:36 > 1:22:07]
L-BFGS:  16%|█▌        | 162/1000 [7:05:49 > 1:22:37]
L-BFGS:  16%|█▋        | 163/1000 [7:05:11 > 1:23:08]
L-BFGS:  16%|█▋        | 164/1000 [7:04:52 > 1:23:38]
L-BFGS:  16%|█▋        | 165/1000 [7:03:53 > 1:24:09]
L-BFGS:  17%|█▋        | 166/1000 [7:03:13 > 1:24:39]
L-BFGS:  17%|█▋        | 167/1000 [7:02:52 > 1:25:09]
L-BFGS:  17%|█▋        | 168/1000 [7:02:22 > 1:25:40]
L-BFGS:  17%|█▋        | 169/1000 [7:02:08 > 1:26:10]
L-BFGS:  17%|█▋        | 170/1000 [7:01:31 > 1:26:41]
L-BFGS:  17%|█▋        | 171/1000 [7:02:11 > 1:27:12]
L-BFGS:  17%|█▋        | 172/1000 [7:00:56 > 1:27:42]
L-BFGS:  17%|█▋        | 173/1000 [7:00:20 > 1:28:13]
L-BFGS:  17%|█▋        | 174/1000 [7:03:02 > 1:28:44]
L-BFGS:  18%|█▊        | 175/1000 [7:10:08 > 1:29:16]
L-BFGS:  18%|█▊        | 176/1000 [7:09:36 > 1:29:48]
L-BFGS:  18%|█▊        | 177/1000 [7:05:49 > 1:30:18]
L-BFGS:  18%|█▊        | 178/1000 [7:03:34 > 1:30:49]
L-BFGS:  18%|█▊        | 179/1000 [7:03:40 > 1:31:20]
L-BFGS:  18%|█▊        | 180/1000 [7:02:10 > 1:31:51]
L-BFGS:  18%|█▊        | 181/1000 [7:00:06 > 1:32:21]
L-BFGS:  18%|█▊        | 182/1000 [6:58:21 > 1:32:52]
L-BFGS:  18%|█▊        | 183/1000 [6:57:25 > 1:33:22]
L-BFGS:  18%|█▊        | 184/1000 [6:57:02 > 1:33:53]
L-BFGS:  18%|█▊        | 185/1000 [6:55:52 > 1:34:23]
L-BFGS:  19%|█▊        | 186/1000 [6:54:52 > 1:34:54]
L-BFGS:  19%|█▊        | 187/1000 [6:54:34 > 1:35:24]
L-BFGS:  19%|█▉        | 188/1000 [6:53:28 > 1:35:55]
L-BFGS:  19%|█▉        | 189/1000 [6:52:40 > 1:36:25]
L-BFGS:  19%|█▉        | 190/1000 [6:52:03 > 1:36:56]
L-BFGS:  19%|█▉        | 191/1000 [6:52:21 > 1:37:27]
L-BFGS:  19%|█▉        | 192/1000 [6:51:38 > 1:37:57]
L-BFGS:  19%|█▉        | 193/1000 [6:50:59 > 1:38:28]
L-BFGS:  19%|█▉        | 194/1000 [6:50:24 > 1:38:58]
L-BFGS:  20%|█▉        | 195/1000 [6:49:31 > 1:39:29]
L-BFGS:  20%|█▉        | 196/1000 [6:48:52 > 1:39:59]
L-BFGS:  20%|█▉        | 197/1000 [6:48:37 > 1:40:30]
L-BFGS:  20%|█▉        | 198/1000 [6:48:05 > 1:41:00]
L-BFGS:  20%|█▉        | 199/1000 [6:47:09 > 1:41:31]
L-BFGS:  20%|██        | 200/1000 [6:46:43 > 1:42:01]
L-BFGS:  20%|██        | 201/1000 [6:46:04 > 1:42:32]
L-BFGS:  20%|██        | 202/1000 [6:50:14 > 1:43:03]
L-BFGS:  20%|██        | 203/1000 [6:48:20 > 1:43:34]
L-BFGS:  20%|██        | 204/1000 [6:48:22 > 1:44:05]
L-BFGS:  20%|██        | 205/1000 [6:46:42 > 1:44:35]
L-BFGS:  21%|██        | 206/1000 [6:45:29 > 1:45:06]
L-BFGS:  21%|██        | 207/1000 [6:44:38 > 1:45:36]
L-BFGS:  21%|██        | 208/1000 [6:44:05 > 1:46:07]
L-BFGS:  21%|██        | 209/1000 [6:43:07 > 1:46:37]
L-BFGS:  21%|██        | 210/1000 [6:42:27 > 1:47:08]
L-BFGS:  21%|██        | 211/1000 [6:42:03 > 1:47:38]
L-BFGS:  21%|██        | 212/1000 [6:41:15 > 1:48:09]
L-BFGS:  21%|██▏       | 213/1000 [6:41:01 > 1:48:40]
L-BFGS:  21%|██▏       | 214/1000 [6:40:08 > 1:49:10]
L-BFGS:  22%|██▏       | 215/1000 [6:39:27 > 1:49:41]
L-BFGS:  22%|██▏       | 216/1000 [6:39:02 > 1:50:11]
L-BFGS:  22%|██▏       | 217/1000 [6:38:17 > 1:50:42]
L-BFGS:  22%|██▏       | 218/1000 [6:37:52 > 1:51:12]
L-BFGS:  22%|██▏       | 219/1000 [6:37:25 > 1:51:43]
L-BFGS:  22%|██▏       | 220/1000 [6:36:51 > 1:52:13]
L-BFGS:  22%|██▏       | 221/1000 [6:36:11 > 1:52:44]
L-BFGS:  22%|██▏       | 222/1000 [6:35:28 > 1:53:14]
L-BFGS:  22%|██▏       | 223/1000 [6:35:23 > 1:53:45]
L-BFGS:  22%|██▏       | 224/1000 [6:34:43 > 1:54:15]
L-BFGS:  22%|██▎       | 225/1000 [6:34:26 > 1:54:46]
L-BFGS:  23%|██▎       | 226/1000 [6:33:50 > 1:55:16]
L-BFGS:  23%|██▎       | 227/1000 [6:33:09 > 1:55:47]
L-BFGS:  23%|██▎       | 228/1000 [6:32:32 > 1:56:17]
L-BFGS:  23%|██▎       | 229/1000 [6:32:07 > 1:56:48]
L-BFGS:  23%|██▎       | 230/1000 [6:32:54 > 1:57:19]
L-BFGS:  23%|██▎       | 231/1000 [6:31:59 > 1:57:49]
L-BFGS:  23%|██▎       | 232/1000 [6:31:02 > 1:58:20]
L-BFGS:  23%|██▎       | 233/1000 [6:30:15 > 1:58:50]
L-BFGS:  23%|██▎       | 234/1000 [6:29:37 > 1:59:21]
L-BFGS:  24%|██▎       | 235/1000 [6:28:42 > 1:59:51]
L-BFGS:  24%|██▎       | 236/1000 [6:27:57 > 2:00:22]
L-BFGS:  24%|██▎       | 237/1000 [6:27:24 > 2:00:52]
L-BFGS:  24%|██▍       | 238/1000 [6:27:10 > 2:01:23]
L-BFGS:  24%|██▍       | 239/1000 [6:27:04 > 2:01:53]
L-BFGS:  24%|██▍       | 240/1000 [6:26:15 > 2:02:24]
L-BFGS:  24%|██▍       | 241/1000 [6:25:44 > 2:02:54]
L-BFGS:  24%|██▍       | 242/1000 [6:25:17 > 2:03:25]
L-BFGS:  24%|██▍       | 243/1000 [6:24:39 > 2:03:55]
L-BFGS:  24%|██▍       | 244/1000 [6:24:03 > 2:04:25]
L-BFGS:  24%|██▍       | 245/1000 [6:23:33 > 2:04:56]
L-BFGS:  25%|██▍       | 246/1000 [6:23:19 > 2:05:27]
L-BFGS:  25%|██▍       | 247/1000 [6:22:52 > 2:05:57]
L-BFGS:  25%|██▍       | 248/1000 [6:22:00 > 2:06:27]
L-BFGS:  25%|██▍       | 249/1000 [6:21:17 > 2:06:58]
L-BFGS:  25%|██▌       | 250/1000 [6:22:13 > 2:07:29]
L-BFGS:  25%|██▌       | 251/1000 [6:21:10 > 2:07:59]
L-BFGS:  25%|██▌       | 252/1000 [6:20:38 > 2:08:30]
L-BFGS:  25%|██▌       | 253/1000 [6:19:45 > 2:09:00]
L-BFGS:  25%|██▌       | 254/1000 [6:20:08 > 2:09:31]
L-BFGS:  26%|██▌       | 255/1000 [6:18:56 > 2:10:01]
L-BFGS:  26%|██▌       | 256/1000 [6:19:13 > 2:10:32]
L-BFGS:  26%|██▌       | 257/1000 [6:18:18 > 2:11:02]
L-BFGS:  26%|██▌       | 258/1000 [6:17:16 > 2:11:33]
L-BFGS:  26%|██▌       | 259/1000 [6:16:13 > 2:12:03]
L-BFGS:  26%|██▌       | 260/1000 [6:15:34 > 2:12:34]
L-BFGS:  26%|██▌       | 261/1000 [6:15:09 > 2:13:04]
L-BFGS:  26%|██▌       | 262/1000 [6:14:30 > 2:13:35]
L-BFGS:  26%|██▋       | 263/1000 [6:14:18 > 2:14:05]
L-BFGS:  26%|██▋       | 264/1000 [6:13:37 > 2:14:35]
L-BFGS:  26%|██▋       | 265/1000 [6:13:15 > 2:15:06]
L-BFGS:  27%|██▋       | 266/1000 [6:13:05 > 2:15:37]
L-BFGS:  27%|██▋       | 267/1000 [6:12:40 > 2:16:07]
L-BFGS:  27%|██▋       | 268/1000 [6:11:49 > 2:16:37]
L-BFGS:  27%|██▋       | 269/1000 [6:11:18 > 2:17:08]
L-BFGS:  27%|██▋       | 270/1000 [6:11:25 > 2:17:39]
L-BFGS:  27%|██▋       | 271/1000 [6:10:26 > 2:18:09]
L-BFGS:  27%|██▋       | 272/1000 [6:09:43 > 2:18:39]
L-BFGS:  27%|██▋       | 273/1000 [6:11:43 > 2:19:11]
L-BFGS:  27%|██▋       | 274/1000 [6:16:47 > 2:19:43]
L-BFGS:  28%|██▊       | 275/1000 [6:19:46 > 2:20:15]
L-BFGS:  28%|██▊       | 276/1000 [6:22:07 > 2:20:47]
L-BFGS:  28%|██▊       | 277/1000 [6:19:27 > 2:21:18]
L-BFGS:  28%|██▊       | 278/1000 [6:15:54 > 2:21:49]
L-BFGS:  28%|██▊       | 279/1000 [6:13:02 > 2:22:19]
L-BFGS:  28%|██▊       | 280/1000 [6:10:58 > 2:22:50]
L-BFGS:  28%|██▊       | 281/1000 [6:09:08 > 2:23:21]
L-BFGS:  28%|██▊       | 282/1000 [6:07:26 > 2:23:51]
L-BFGS:  28%|██▊       | 283/1000 [6:06:19 > 2:24:22]
L-BFGS:  28%|██▊       | 284/1000 [6:05:19 > 2:24:52]
L-BFGS:  28%|██▊       | 285/1000 [6:05:29 > 2:25:23]
L-BFGS:  29%|██▊       | 286/1000 [6:04:33 > 2:25:54]
L-BFGS:  29%|██▊       | 287/1000 [6:03:36 > 2:26:24]
L-BFGS:  29%|██▉       | 288/1000 [6:02:55 > 2:26:55]
L-BFGS:  29%|██▉       | 289/1000 [6:03:13 > 2:27:25]
L-BFGS:  29%|██▉       | 290/1000 [6:02:19 > 2:27:56]
L-BFGS:  29%|██▉       | 291/1000 [6:01:36 > 2:28:26]
L-BFGS:  29%|██▉       | 292/1000 [6:06:28 > 2:28:59]
L-BFGS:  29%|██▉       | 293/1000 [6:11:05 > 2:29:31]
L-BFGS:  29%|██▉       | 294/1000 [6:07:18 > 2:30:02]
L-BFGS:  30%|██▉       | 295/1000 [6:04:16 > 2:30:32]
L-BFGS:  30%|██▉       | 296/1000 [6:02:00 > 2:31:03]
L-BFGS:  30%|██▉       | 297/1000 [6:00:20 > 2:31:33]
L-BFGS:  30%|██▉       | 298/1000 [5:58:27 > 2:32:04]
L-BFGS:  30%|██▉       | 299/1000 [5:57:27 > 2:32:34]
L-BFGS:  30%|███       | 300/1000 [5:56:46 > 2:33:05]
L-BFGS:  30%|███       | 301/1000 [5:55:43 > 2:33:35]
L-BFGS:  30%|███       | 302/1000 [5:55:09 > 2:34:06]
L-BFGS:  30%|███       | 303/1000 [5:54:29 > 2:34:36]
L-BFGS:  30%|███       | 304/1000 [5:53:53 > 2:35:07]
L-BFGS:  30%|███       | 305/1000 [5:53:16 > 2:35:37]
L-BFGS:  31%|███       | 306/1000 [5:52:35 > 2:36:07]
L-BFGS:  31%|███       | 307/1000 [5:52:11 > 2:36:38]
L-BFGS:  31%|███       | 308/1000 [5:51:36 > 2:37:08]
L-BFGS:  31%|███       | 309/1000 [5:52:04 > 2:37:39]
L-BFGS:  31%|███       | 310/1000 [5:51:10 > 2:38:10]
L-BFGS:  31%|███       | 311/1000 [5:50:41 > 2:38:40]
L-BFGS:  31%|███       | 312/1000 [5:50:05 > 2:39:11]
L-BFGS:  31%|███▏      | 313/1000 [5:49:31 > 2:39:41]
L-BFGS:  31%|███▏      | 314/1000 [5:48:56 > 2:40:12]
L-BFGS:  32%|███▏      | 315/1000 [5:49:33 > 2:40:43]
L-BFGS:  32%|███▏      | 316/1000 [5:48:28 > 2:41:13]
L-BFGS:  32%|███▏      | 317/1000 [5:47:50 > 2:41:44]
L-BFGS:  32%|███▏      | 318/1000 [5:47:00 > 2:42:14]
L-BFGS:  32%|███▏      | 319/1000 [5:46:05 > 2:42:44]
L-BFGS:  32%|███▏      | 320/1000 [5:45:03 > 2:43:15]
L-BFGS:  32%|███▏      | 321/1000 [5:44:45 > 2:43:45]
L-BFGS:  32%|███▏      | 322/1000 [5:46:19 > 2:44:16]
L-BFGS:  32%|███▏      | 323/1000 [5:45:07 > 2:44:47]
L-BFGS:  32%|███▏      | 324/1000 [5:44:11 > 2:45:17]
L-BFGS:  32%|███▎      | 325/1000 [5:43:37 > 2:45:48]
L-BFGS:  33%|███▎      | 326/1000 [5:42:52 > 2:46:18]
L-BFGS:  33%|███▎      | 327/1000 [5:42:16 > 2:46:49]
L-BFGS:  33%|███▎      | 328/1000 [5:42:33 > 2:47:20]
L-BFGS:  33%|███▎      | 329/1000 [5:41:35 > 2:47:50]
L-BFGS:  33%|███▎      | 330/1000 [5:41:10 > 2:48:21]
L-BFGS:  33%|███▎      | 331/1000 [5:40:13 > 2:48:51]
L-BFGS:  33%|███▎      | 332/1000 [5:39:28 > 2:49:21]
L-BFGS:  33%|███▎      | 333/1000 [5:38:44 > 2:49:52]
L-BFGS:  33%|███▎      | 334/1000 [5:38:21 > 2:50:22]
L-BFGS:  34%|███▎      | 335/1000 [5:37:46 > 2:50:53]
L-BFGS:  34%|███▎      | 336/1000 [5:37:20 > 2:51:23]
L-BFGS:  34%|███▎      | 337/1000 [5:36:57 > 2:51:54]
L-BFGS:  34%|███▍      | 338/1000 [5:36:30 > 2:52:24]
L-BFGS:  34%|███▍      | 339/1000 [5:35:37 > 2:52:55]
L-BFGS:  34%|███▍      | 340/1000 [5:34:57 > 2:53:25]
L-BFGS:  34%|███▍      | 341/1000 [5:34:51 > 2:53:56]
L-BFGS:  34%|███▍      | 342/1000 [5:34:23 > 2:54:26]
L-BFGS:  34%|███▍      | 343/1000 [5:33:43 > 2:54:57]
L-BFGS:  34%|███▍      | 344/1000 [5:33:23 > 2:55:27]
L-BFGS:  34%|███▍      | 345/1000 [5:33:14 > 2:55:58]
L-BFGS:  35%|███▍      | 346/1000 [5:32:57 > 2:56:28]
L-BFGS:  35%|███▍      | 347/1000 [5:32:37 > 2:56:59]
L-BFGS:  35%|███▍      | 348/1000 [5:33:14 > 2:57:30]
L-BFGS:  35%|███▍      | 349/1000 [5:33:09 > 2:58:01]
L-BFGS:  35%|███▌      | 350/1000 [5:32:14 > 2:58:31]
L-BFGS:  35%|███▌      | 351/1000 [5:31:16 > 2:59:02]
L-BFGS:  35%|███▌      | 352/1000 [5:30:14 > 2:59:32]
L-BFGS:  35%|███▌      | 353/1000 [5:29:33 > 3:00:03]
L-BFGS:  35%|███▌      | 354/1000 [5:28:52 > 3:00:33]
L-BFGS:  36%|███▌      | 355/1000 [5:28:34 > 3:01:04]
L-BFGS:  36%|███▌      | 356/1000 [5:27:36 > 3:01:34]
L-BFGS:  36%|███▌      | 357/1000 [5:27:16 > 3:02:05]
L-BFGS:  36%|███▌      | 358/1000 [5:26:52 > 3:02:35]
L-BFGS:  36%|███▌      | 359/1000 [5:26:05 > 3:03:06]
L-BFGS:  36%|███▌      | 360/1000 [5:25:18 > 3:03:36]
L-BFGS:  36%|███▌      | 361/1000 [5:24:51 > 3:04:07]
L-BFGS:  36%|███▌      | 362/1000 [5:24:13 > 3:04:37]
L-BFGS:  36%|███▋      | 363/1000 [5:23:47 > 3:05:08]
L-BFGS:  36%|███▋      | 364/1000 [5:23:20 > 3:05:38]
L-BFGS:  36%|███▋      | 365/1000 [5:22:50 > 3:06:09]
L-BFGS:  37%|███▋      | 366/1000 [5:22:19 > 3:06:39]
L-BFGS:  37%|███▋      | 367/1000 [5:22:06 > 3:07:10]
L-BFGS:  37%|███▋      | 368/1000 [5:22:20 > 3:07:41]
L-BFGS:  37%|███▋      | 369/1000 [5:21:28 > 3:08:11]
L-BFGS:  37%|███▋      | 370/1000 [5:20:55 > 3:08:42]
L-BFGS:  37%|███▋      | 371/1000 [5:21:16 > 3:09:13]
L-BFGS:  37%|███▋      | 372/1000 [5:19:57 > 3:09:43]
L-BFGS:  37%|███▋      | 373/1000 [5:19:13 > 3:10:14]
L-BFGS:  37%|███▋      | 374/1000 [5:18:23 > 3:10:44]
L-BFGS:  38%|███▊      | 375/1000 [5:17:42 > 3:11:14]
L-BFGS:  38%|███▊      | 376/1000 [5:16:41 > 3:11:45]
L-BFGS:  38%|███▊      | 377/1000 [5:16:03 > 3:12:15]
L-BFGS:  38%|███▊      | 378/1000 [5:15:43 > 3:12:46]
L-BFGS:  38%|███▊      | 379/1000 [5:15:32 > 3:13:16]
L-BFGS:  38%|███▊      | 380/1000 [5:14:57 > 3:13:47]
L-BFGS:  38%|███▊      | 381/1000 [5:14:32 > 3:14:17]
L-BFGS:  38%|███▊      | 382/1000 [5:13:53 > 3:14:48]
L-BFGS:  38%|███▊      | 383/1000 [5:13:19 > 3:15:18]
L-BFGS:  38%|███▊      | 384/1000 [5:13:19 > 3:15:49]
L-BFGS:  38%|███▊      | 385/1000 [5:13:04 > 3:16:19]
L-BFGS:  39%|███▊      | 386/1000 [5:12:35 > 3:16:50]
L-BFGS:  39%|███▊      | 387/1000 [5:12:54 > 3:17:21]
L-BFGS:  39%|███▉      | 388/1000 [5:12:04 > 3:17:51]
L-BFGS:  39%|███▉      | 389/1000 [5:11:42 > 3:18:22]
L-BFGS:  39%|███▉      | 390/1000 [5:11:35 > 3:18:53]
L-BFGS:  39%|███▉      | 391/1000 [5:10:25 > 3:19:23]
L-BFGS:  39%|███▉      | 392/1000 [5:09:48 > 3:19:54]
L-BFGS:  39%|███▉      | 393/1000 [5:09:21 > 3:20:24]
L-BFGS:  39%|███▉      | 394/1000 [5:08:52 > 3:20:55]
L-BFGS:  40%|███▉      | 395/1000 [5:08:05 > 3:21:25]
L-BFGS:  40%|███▉      | 396/1000 [5:07:17 > 3:21:56]
L-BFGS:  40%|███▉      | 397/1000 [5:06:37 > 3:22:26]
L-BFGS:  40%|███▉      | 398/1000 [5:06:05 > 3:22:57]
L-BFGS:  40%|███▉      | 399/1000 [5:05:43 > 3:23:27]
L-BFGS:  40%|████      | 400/1000 [5:05:07 > 3:23:58]
L-BFGS:  40%|████      | 401/1000 [5:04:17 > 3:24:28]
L-BFGS:  40%|████      | 402/1000 [5:03:45 > 3:24:59]
L-BFGS:  40%|████      | 403/1000 [5:03:19 > 3:25:29]
L-BFGS:  40%|████      | 404/1000 [5:02:47 > 3:26:00]
L-BFGS:  40%|████      | 405/1000 [5:02:04 > 3:26:30]
L-BFGS:  41%|████      | 406/1000 [5:01:22 > 3:27:00]
L-BFGS:  41%|████      | 407/1000 [5:01:55 > 3:27:31]
L-BFGS:  41%|████      | 408/1000 [5:01:03 > 3:28:02]
L-BFGS:  41%|████      | 409/1000 [5:00:39 > 3:28:32]
L-BFGS:  41%|████      | 410/1000 [4:59:50 > 3:29:03]
L-BFGS:  41%|████      | 411/1000 [5:01:16 > 3:29:34]
L-BFGS:  41%|████      | 412/1000 [5:06:27 > 3:30:06]
L-BFGS:  41%|████▏     | 413/1000 [5:06:10 > 3:30:38]
L-BFGS:  41%|████▏     | 414/1000 [5:03:26 > 3:31:08]
L-BFGS:  42%|████▏     | 415/1000 [5:01:01 > 3:31:39]
L-BFGS:  42%|████▏     | 416/1000 [4:59:23 > 3:32:09]
L-BFGS:  42%|████▏     | 417/1000 [4:57:53 > 3:32:40]
L-BFGS:  42%|████▏     | 418/1000 [4:56:50 > 3:33:10]
L-BFGS:  42%|████▏     | 419/1000 [4:56:00 > 3:33:41]
L-BFGS:  42%|████▏     | 420/1000 [4:56:43 > 3:34:12]
L-BFGS:  42%|████▏     | 421/1000 [4:55:25 > 3:34:42]
L-BFGS:  42%|████▏     | 422/1000 [4:54:21 > 3:35:12]
L-BFGS:  42%|████▏     | 423/1000 [4:53:48 > 3:35:43]
L-BFGS:  42%|████▏     | 424/1000 [4:52:58 > 3:36:13]
L-BFGS:  42%|████▎     | 425/1000 [4:52:22 > 3:36:44]
L-BFGS:  43%|████▎     | 426/1000 [4:52:21 > 3:37:15]
L-BFGS:  43%|████▎     | 427/1000 [4:52:00 > 3:37:45]
L-BFGS:  43%|████▎     | 428/1000 [4:51:14 > 3:38:16]
L-BFGS:  43%|████▎     | 429/1000 [4:50:54 > 3:38:46]
L-BFGS:  43%|████▎     | 430/1000 [4:50:04 > 3:39:17]
L-BFGS:  43%|████▎     | 431/1000 [4:50:09 > 3:39:47]
L-BFGS:  43%|████▎     | 432/1000 [4:49:41 > 3:40:18]
L-BFGS:  43%|████▎     | 433/1000 [4:49:13 > 3:40:49]
L-BFGS:  43%|████▎     | 434/1000 [4:48:30 > 3:41:19]
L-BFGS:  44%|████▎     | 435/1000 [4:48:11 > 3:41:50]
L-BFGS:  44%|████▎     | 436/1000 [4:47:22 > 3:42:20]
L-BFGS:  44%|████▎     | 437/1000 [4:46:40 > 3:42:51]
L-BFGS:  44%|████▍     | 438/1000 [4:46:07 > 3:43:21]
L-BFGS:  44%|████▍     | 439/1000 [4:45:43 > 3:43:52]
L-BFGS:  44%|████▍     | 440/1000 [4:44:57 > 3:44:22]
L-BFGS:  44%|████▍     | 441/1000 [4:44:30 > 3:44:53]
L-BFGS:  44%|████▍     | 442/1000 [4:43:44 > 3:45:23]
L-BFGS:  44%|████▍     | 443/1000 [4:43:31 > 3:45:54]
L-BFGS:  44%|████▍     | 444/1000 [4:42:51 > 3:46:25]
L-BFGS:  44%|████▍     | 445/1000 [4:42:14 > 3:46:55]
L-BFGS:  45%|████▍     | 446/1000 [4:42:25 > 3:47:26]
L-BFGS:  45%|████▍     | 447/1000 [4:41:26 > 3:47:56]
L-BFGS:  45%|████▍     | 448/1000 [4:41:04 > 3:48:27]
L-BFGS:  45%|████▍     | 449/1000 [4:40:24 > 3:48:57]
L-BFGS:  45%|████▌     | 450/1000 [4:39:46 > 3:49:28]
L-BFGS:  45%|████▌     | 451/1000 [4:39:21 > 3:49:58]
L-BFGS:  45%|████▌     | 452/1000 [4:38:39 > 3:50:29]
L-BFGS:  45%|████▌     | 453/1000 [4:38:04 > 3:50:59]
L-BFGS:  45%|████▌     | 454/1000 [4:37:23 > 3:51:30]
L-BFGS:  46%|████▌     | 455/1000 [4:37:06 > 3:52:00]
L-BFGS:  46%|████▌     | 456/1000 [4:36:32 > 3:52:31]
L-BFGS:  46%|████▌     | 457/1000 [4:36:15 > 3:53:01]
L-BFGS:  46%|████▌     | 458/1000 [4:35:40 > 3:53:32]
L-BFGS:  46%|████▌     | 459/1000 [4:35:07 > 3:54:02]
L-BFGS:  46%|████▌     | 460/1000 [4:34:40 > 3:54:33]
L-BFGS:  46%|████▌     | 461/1000 [4:34:14 > 3:55:03]
L-BFGS:  46%|████▌     | 462/1000 [4:33:32 > 3:55:34]
L-BFGS:  46%|████▋     | 463/1000 [4:33:00 > 3:56:04]
