
# code/heterogeneous/pino_heterogeneous/pinn1d_heterogeneous_parametric_neural_operator.py --design capacity --early-stop-patience 150 --out-dir results/exp_A_capacity --skip-validation-plots
# started 2026-06-11 23:35:06
# cwd C:\Ali Computation\pinn\code\heterogeneous\pino_heterogeneous

Using GPU: NVIDIA GeForce RTX 3090 (cuda:0, dtype=torch.float32)
PE (computed) = 0.010368
design=capacity  n_train_requested=81  n_corner_anchors=16  arch=default  trunk_mode=single  batch_mode=True
branch=[4, 16, 16, 32]  trunk=[2, 32, 32, 32, 32]
results_dir=C:\Ali Computation\pinn\code\heterogeneous\pino_heterogeneous\results\exp_A_capacity
Training: 81 COMSOL grid tuples (capacity / in-sample)
  saved/loaded: C:\Ali Computation\pinn\code\heterogeneous\pino_heterogeneous\results\exp_A_capacity\train_u_cases.csv
  branch CFL range [0.12, 0.6]
PDE mesh: bulk 50x50x81 + interface bands (36 x* / band, +/-0.025 around (0.2, 0.4, 0.6))
COMSOL validation: 81 fixed grid cases from comsol_4zones.txt -> C:\Ali Computation\pinn\code\heterogeneous\pino_heterogeneous\results\exp_A_capacity
run_training=True  run_comsol_validation=True  validate_only=False  skip_validation_plots=True
L-BFGS early stopping: patience=150 (max steps=1000)
PDE collocation points: 348,300 (bulk 202,500, interface 145,800)
Collocation mesh plot (pre-train): C:\Ali Computation\pinn\code\heterogeneous\pino_heterogeneous\results\exp_A_capacity\pino_heterogeneous_collocation_points.png
LBFGS (
Parameter Group 0
    history_size: 50
    line_search_fn: strong_wolfe
    lr: 1
    max_eval: 1
    max_iter: 1
    tolerance_change: 1e-09
    tolerance_grad: 1e-07
)
Early stopping: patience=150 L-BFGS steps (no total-loss improvement, rtol=1e-08)

L-BFGS:   0%|          | 0/1000 [? > 00:00]
L-BFGS:   0%|          | 1/1000 [07:00 > 00:00]
L-BFGS:   0%|          | 2/1000 [03:56 > 00:00]
L-BFGS:   0%|          | 3/1000 [03:00 > 00:00]
L-BFGS:   0%|          | 4/1000 [02:32 > 00:00]
L-BFGS:   0%|          | 5/1000 [02:16 > 00:00]
L-BFGS:   1%|          | 6/1000 [02:09 > 00:00]
L-BFGS:   1%|          | 7/1000 [02:03 > 00:01]
L-BFGS:   1%|          | 8/1000 [01:59 > 00:01]
L-BFGS:   1%|          | 9/1000 [01:58 > 00:01]
L-BFGS:   1%|          | 10/1000 [01:56 > 00:01]
L-BFGS:   1%|          | 11/1000 [01:57 > 00:01]
L-BFGS:   1%|          | 12/1000 [01:56 > 00:01]
L-BFGS:   1%|▏         | 13/1000 [01:53 > 00:01]
L-BFGS:   1%|▏         | 14/1000 [01:52 > 00:01]
L-BFGS:   2%|▏         | 15/1000 [01:53 > 00:02]
L-BFGS:   2%|▏         | 16/1000 [01:54 > 00:02]
L-BFGS:   2%|▏         | 17/1000 [01:55 > 00:02]
L-BFGS:   2%|▏         | 18/1000 [01:54 > 00:02]
L-BFGS:   2%|▏         | 19/1000 [01:55 > 00:02]
L-BFGS:   2%|▏         | 20/1000 [01:55 > 00:02]
L-BFGS:   2%|▏         | 21/1000 [01:56 > 00:02]
L-BFGS:   2%|▏         | 22/1000 [01:56 > 00:02]
L-BFGS:   2%|▏         | 23/1000 [01:56 > 00:02]
L-BFGS:   2%|▏         | 24/1000 [01:56 > 00:03]
L-BFGS:   2%|▎         | 25/1000 [01:56 > 00:03]
L-BFGS:   3%|▎         | 26/1000 [01:55 > 00:03]
L-BFGS:   3%|▎         | 27/1000 [01:55 > 00:03]
L-BFGS:   3%|▎         | 28/1000 [01:50 > 00:03]
L-BFGS:   3%|▎         | 29/1000 [01:49 > 00:03]
L-BFGS:   3%|▎         | 30/1000 [01:47 > 00:03]
L-BFGS:   3%|▎         | 31/1000 [01:49 > 00:03]
L-BFGS:   3%|▎         | 32/1000 [01:52 > 00:04]
L-BFGS:   3%|▎         | 33/1000 [01:54 > 00:04]
L-BFGS:   3%|▎         | 34/1000 [01:55 > 00:04]
L-BFGS:   4%|▎         | 35/1000 [01:55 > 00:04]
L-BFGS:   4%|▎         | 36/1000 [01:57 > 00:04]
L-BFGS:   4%|▎         | 37/1000 [01:54 > 00:04]
L-BFGS:   4%|▍         | 38/1000 [01:55 > 00:04]
L-BFGS:   4%|▍         | 39/1000 [01:52 > 00:04]
L-BFGS:   4%|▍         | 40/1000 [01:55 > 00:04]
L-BFGS:   4%|▍         | 41/1000 [01:57 > 00:05]
L-BFGS:   4%|▍         | 42/1000 [01:56 > 00:05]
L-BFGS:   4%|▍         | 43/1000 [01:56 > 00:05]
L-BFGS:   4%|▍         | 44/1000 [01:56 > 00:05]
L-BFGS:   4%|▍         | 45/1000 [01:57 > 00:05]
L-BFGS:   5%|▍         | 46/1000 [01:58 > 00:05]
L-BFGS:   5%|▍         | 47/1000 [01:57 > 00:05]
L-BFGS:   5%|▍         | 48/1000 [01:56 > 00:05]
L-BFGS:   5%|▍         | 49/1000 [01:57 > 00:06]
L-BFGS:   5%|▌         | 50/1000 [01:55 > 00:06]
L-BFGS:   5%|▌         | 51/1000 [01:56 > 00:06]
L-BFGS:   5%|▌         | 52/1000 [01:56 > 00:06]
L-BFGS:   5%|▌         | 53/1000 [01:56 > 00:06]
L-BFGS:   5%|▌         | 54/1000 [01:56 > 00:06]
L-BFGS:   6%|▌         | 55/1000 [01:57 > 00:06]
L-BFGS:   6%|▌         | 56/1000 [01:54 > 00:06]
L-BFGS:   6%|▌         | 57/1000 [01:53 > 00:07]
L-BFGS:   6%|▌         | 58/1000 [01:53 > 00:07]
L-BFGS:   6%|▌         | 59/1000 [01:55 > 00:07]
L-BFGS:   6%|▌         | 60/1000 [01:55 > 00:07]
L-BFGS:   6%|▌         | 61/1000 [01:54 > 00:07]
L-BFGS:   6%|▌         | 62/1000 [01:54 > 00:07]
L-BFGS:   6%|▋         | 63/1000 [01:56 > 00:07]
L-BFGS:   6%|▋         | 64/1000 [01:54 > 00:07]
L-BFGS:   6%|▋         | 65/1000 [01:55 > 00:08]
L-BFGS:   7%|▋         | 66/1000 [01:54 > 00:08]
L-BFGS:   7%|▋         | 67/1000 [01:54 > 00:08]
L-BFGS:   7%|▋         | 68/1000 [01:54 > 00:08]
L-BFGS:   7%|▋         | 69/1000 [01:54 > 00:08]
L-BFGS:   7%|▋         | 70/1000 [01:54 > 00:08]
L-BFGS:   7%|▋         | 71/1000 [01:52 > 00:08]
L-BFGS:   7%|▋         | 72/1000 [01:51 > 00:08]
L-BFGS:   7%|▋         | 73/1000 [01:53 > 00:09]
L-BFGS:   7%|▋         | 74/1000 [01:51 > 00:09]
L-BFGS:   8%|▊         | 75/1000 [01:51 > 00:09]
L-BFGS:   8%|▊         | 76/1000 [01:52 > 00:09]
L-BFGS:   8%|▊         | 77/1000 [01:53 > 00:09]
L-BFGS:   8%|▊         | 78/1000 [01:51 > 00:09]
L-BFGS:   8%|▊         | 79/1000 [01:52 > 00:09]
L-BFGS:   8%|▊         | 80/1000 [01:53 > 00:09]
L-BFGS:   8%|▊         | 81/1000 [01:51 > 00:09]
L-BFGS:   8%|▊         | 82/1000 [01:51 > 00:10]
L-BFGS:   8%|▊         | 83/1000 [01:50 > 00:10]
L-BFGS:   8%|▊         | 84/1000 [01:48 > 00:10]
L-BFGS:   8%|▊         | 85/1000 [01:49 > 00:10]
L-BFGS:   9%|▊         | 86/1000 [01:49 > 00:10]
L-BFGS:   9%|▊         | 87/1000 [01:52 > 00:10]
L-BFGS:   9%|▉         | 88/1000 [01:51 > 00:10]
L-BFGS:   9%|▉         | 89/1000 [01:50 > 00:10]
L-BFGS:   9%|▉         | 90/1000 [01:51 > 00:11]
L-BFGS:   9%|▉         | 91/1000 [01:51 > 00:11]
L-BFGS:   9%|▉         | 92/1000 [01:51 > 00:11]
L-BFGS:   9%|▉         | 93/1000 [01:50 > 00:11]
L-BFGS:   9%|▉         | 94/1000 [01:49 > 00:11]
L-BFGS:  10%|▉         | 95/1000 [01:51 > 00:11]
L-BFGS:  10%|▉         | 96/1000 [01:50 > 00:11]
L-BFGS:  10%|▉         | 97/1000 [01:48 > 00:11]
L-BFGS:  10%|▉         | 98/1000 [01:48 > 00:12]
L-BFGS:  10%|▉         | 99/1000 [01:49 > 00:12]
L-BFGS:  10%|█         | 100/1000 [01:49 > 00:12]
L-BFGS:  10%|█         | 101/1000 [01:48 > 00:12]
L-BFGS:  10%|█         | 102/1000 [01:48 > 00:12]
L-BFGS:  10%|█         | 103/1000 [01:47 > 00:12]
L-BFGS:  10%|█         | 104/1000 [01:45 > 00:12]
L-BFGS:  10%|█         | 105/1000 [01:42 > 00:12]
L-BFGS:  11%|█         | 106/1000 [01:45 > 00:12]
L-BFGS:  11%|█         | 107/1000 [01:45 > 00:13]
L-BFGS:  11%|█         | 108/1000 [01:47 > 00:13]
L-BFGS:  11%|█         | 109/1000 [01:46 > 00:13]
L-BFGS:  11%|█         | 110/1000 [01:45 > 00:13]
L-BFGS:  11%|█         | 111/1000 [01:46 > 00:13]
L-BFGS:  11%|█         | 112/1000 [01:43 > 00:13]
L-BFGS:  11%|█▏        | 113/1000 [01:41 > 00:13]
L-BFGS:  11%|█▏        | 114/1000 [01:45 > 00:13]
L-BFGS:  12%|█▏        | 115/1000 [01:45 > 00:14]
L-BFGS:  12%|█▏        | 116/1000 [01:46 > 00:14]
L-BFGS:  12%|█▏        | 117/1000 [01:45 > 00:14]
L-BFGS:  12%|█▏        | 118/1000 [01:47 > 00:14]
L-BFGS:  12%|█▏        | 119/1000 [01:47 > 00:14]
L-BFGS:  12%|█▏        | 120/1000 [01:48 > 00:14]
L-BFGS:  12%|█▏        | 121/1000 [01:46 > 00:14]
L-BFGS:  12%|█▏        | 122/1000 [01:47 > 00:14]
L-BFGS:  12%|█▏        | 123/1000 [01:46 > 00:15]
L-BFGS:  12%|█▏        | 124/1000 [01:45 > 00:15]
L-BFGS:  12%|█▎        | 125/1000 [01:45 > 00:15]
L-BFGS:  13%|█▎        | 126/1000 [01:46 > 00:15]
L-BFGS:  13%|█▎        | 127/1000 [01:47 > 00:15]
L-BFGS:  13%|█▎        | 128/1000 [01:46 > 00:15]
L-BFGS:  13%|█▎        | 129/1000 [01:44 > 00:15]
L-BFGS:  13%|█▎        | 130/1000 [01:45 > 00:15]
L-BFGS:  13%|█▎        | 131/1000 [01:44 > 00:16]
L-BFGS:  13%|█▎        | 132/1000 [01:45 > 00:16]
L-BFGS:  13%|█▎        | 133/1000 [01:45 > 00:16]
L-BFGS:  13%|█▎        | 134/1000 [01:45 > 00:16]
L-BFGS:  14%|█▎        | 135/1000 [01:45 > 00:16]
L-BFGS:  14%|█▎        | 136/1000 [01:44 > 00:16]
L-BFGS:  14%|█▎        | 137/1000 [01:45 > 00:16]
L-BFGS:  14%|█▍        | 138/1000 [01:44 > 00:16]
L-BFGS:  14%|█▍        | 139/1000 [01:44 > 00:16]
L-BFGS:  14%|█▍        | 140/1000 [01:45 > 00:17]
L-BFGS:  14%|█▍        | 141/1000 [01:46 > 00:17]
L-BFGS:  14%|█▍        | 142/1000 [01:46 > 00:17]
L-BFGS:  14%|█▍        | 143/1000 [01:46 > 00:17]
L-BFGS:  14%|█▍        | 144/1000 [01:46 > 00:17]
L-BFGS:  14%|█▍        | 145/1000 [01:43 > 00:17]
L-BFGS:  15%|█▍        | 146/1000 [01:43 > 00:17]
L-BFGS:  15%|█▍        | 147/1000 [01:43 > 00:17]
L-BFGS:  15%|█▍        | 148/1000 [01:43 > 00:18]
L-BFGS:  15%|█▍        | 149/1000 [01:42 > 00:18]
L-BFGS:  15%|█▌        | 150/1000 [01:42 > 00:18]
L-BFGS:  15%|█▌        | 151/1000 [01:43 > 00:18]
L-BFGS:  15%|█▌        | 152/1000 [01:44 > 00:18]
L-BFGS:  15%|█▌        | 153/1000 [01:43 > 00:18]
L-BFGS:  15%|█▌        | 154/1000 [01:39 > 00:18]
L-BFGS:  16%|█▌        | 155/1000 [01:41 > 00:18]
L-BFGS:  16%|█▌        | 156/1000 [01:41 > 00:19]
L-BFGS:  16%|█▌        | 157/1000 [01:41 > 00:19]
L-BFGS:  16%|█▌        | 158/1000 [01:42 > 00:19]
L-BFGS:  16%|█▌        | 159/1000 [01:43 > 00:19]
L-BFGS:  16%|█▌        | 160/1000 [01:45 > 00:19]
L-BFGS:  16%|█▌        | 161/1000 [01:46 > 00:19]
L-BFGS:  16%|█▌        | 162/1000 [01:43 > 00:19]
L-BFGS:  16%|█▋        | 163/1000 [01:41 > 00:19]
L-BFGS:  16%|█▋        | 164/1000 [01:42 > 00:20]
L-BFGS:  16%|█▋        | 165/1000 [01:44 > 00:20]
L-BFGS:  17%|█▋        | 166/1000 [01:45 > 00:20]
L-BFGS:  17%|█▋        | 167/1000 [01:46 > 00:20]
L-BFGS:  17%|█▋        | 168/1000 [01:46 > 00:20]
L-BFGS:  17%|█▋        | 169/1000 [01:47 > 00:20]
L-BFGS:  17%|█▋        | 170/1000 [01:43 > 00:20]
L-BFGS:  17%|█▋        | 171/1000 [01:40 > 00:20]
L-BFGS:  17%|█▋        | 172/1000 [01:42 > 00:21]
L-BFGS:  17%|█▋        | 173/1000 [01:43 > 00:21]
L-BFGS:  17%|█▋        | 174/1000 [01:43 > 00:21]
L-BFGS:  18%|█▊        | 175/1000 [01:44 > 00:21]
L-BFGS:  18%|█▊        | 176/1000 [01:44 > 00:21]
L-BFGS:  18%|█▊        | 177/1000 [01:46 > 00:21]
L-BFGS:  18%|█▊        | 178/1000 [01:46 > 00:21]
L-BFGS:  18%|█▊        | 179/1000 [01:47 > 00:21]
L-BFGS:  18%|█▊        | 180/1000 [01:46 > 00:22]
L-BFGS:  18%|█▊        | 181/1000 [01:46 > 00:22]
L-BFGS:  18%|█▊        | 182/1000 [01:45 > 00:22]
L-BFGS:  18%|█▊        | 183/1000 [01:45 > 00:22]
L-BFGS:  18%|█▊        | 184/1000 [01:45 > 00:22]
L-BFGS:  18%|█▊        | 185/1000 [01:44 > 00:22]
L-BFGS:  19%|█▊        | 186/1000 [01:39 > 00:22]
L-BFGS:  19%|█▊        | 187/1000 [01:40 > 00:22]
L-BFGS:  19%|█▉        | 188/1000 [01:41 > 00:23]
Early stopping at L-BFGS step 189/1000: total loss unchanged for 150 steps (best=6.788010e-02).

L-BFGS:  19%|█▉        | 188/1000 [01:40 > 00:23]
Training saved: C:\Ali Computation\pinn\code\heterogeneous\pino_heterogeneous\results\exp_A_capacity\pino_heterogeneous_concentration.png C:\Ali Computation\pinn\code\heterogeneous\pino_heterogeneous\results\exp_A_capacity\pino_heterogeneous_loss.png C:\Ali Computation\pinn\code\heterogeneous\pino_heterogeneous\results\exp_A_capacity\pino_heterogeneous_model.pt
COMSOL validation: 81 media -> C:\Ali Computation\pinn\code\heterogeneous\pino_heterogeneous\results\exp_A_capacity  (x* collocation n=86)

COMSOL vs PINO:   0%|          | 0/81 [00:00<?, ?it/s]
COMSOL vs PINO:   7%|▋         | 6/81 [00:00<00:01, 57.91it/s]
COMSOL vs PINO:  16%|█▌        | 13/81 [00:00<00:01, 59.76it/s]
COMSOL vs PINO:  23%|██▎       | 19/81 [00:00<00:01, 58.76it/s]
COMSOL vs PINO:  32%|███▏      | 26/81 [00:00<00:00, 60.03it/s]
COMSOL vs PINO:  41%|████      | 33/81 [00:00<00:00, 60.37it/s]
COMSOL vs PINO:  49%|████▉     | 40/81 [00:00<00:00, 60.69it/s]
COMSOL vs PINO:  58%|█████▊    | 47/81 [00:00<00:00, 60.29it/s]
COMSOL vs PINO:  67%|██████▋   | 54/81 [00:00<00:00, 60.51it/s]
COMSOL vs PINO:  75%|███████▌  | 61/81 [00:01<00:00, 60.62it/s]
COMSOL vs PINO:  84%|████████▍ | 68/81 [00:01<00:00, 60.97it/s]
COMSOL vs PINO:  93%|█████████▎| 75/81 [00:01<00:00, 61.30it/s]
COMSOL vs PINO: 100%|██████████| 81/81 [00:01<00:00, 60.48it/s]
COMSOL validation summary: n=81  mean=1.363700e-01  max=2.186482e-01  min=9.629956e-02
Wrote C:\Ali Computation\pinn\code\heterogeneous\pino_heterogeneous\results\exp_A_capacity\comsol_validation_summary.csv
Run metadata: C:\Ali Computation\pinn\code\heterogeneous\pino_heterogeneous\results\exp_A_capacity\run_meta.json

# exit 0 after 0:00:37.305068
