# code/heterogeneous/pino_heterogeneous/pinn1d_heterogeneous_parametric_neural_operator.py --design maximin --n-train 200 --dtype float64 --early-stop-patience 150 --lr-lbfgs 0.1 --epochs 5000 --out-dir results/exp_M_maximin_N200_float64_lr01_epochs5000 --skip-validation-plots
# started 2026-06-12 11:43:48
# cwd C:\Ali Computation\pinn\code\heterogeneous\pino_heterogeneous

Using GPU: NVIDIA GeForce RTX 3090 (cuda:0, dtype=torch.float64)
PE (computed) = 0.010368
design=maximin  n_train_requested=200  n_corner_anchors=16  arch=default  trunk_mode=single  batch_mode=True
branch=[4, 16, 16, 32]  trunk=[2, 32, 32, 32, 32]
results_dir=C:\Ali Computation\pinn\code\heterogeneous\pino_heterogeneous\results\exp_M_maximin_N200_float64_lr01_epochs5000
Training: 200 maximin samples in [0.01, 0.05] m/d
  saved/loaded: C:\Ali Computation\pinn\code\heterogeneous\pino_heterogeneous\results\exp_M_maximin_N200_float64_lr01_epochs5000\train_u_cases.csv
  branch CFL range [0.120711, 0.599883]
PDE mesh: bulk 50x50x200 + interface bands (36 x* / band, +/-0.025 around (0.2, 0.4, 0.6))
COMSOL validation: 81 fixed grid cases from comsol_4zones.txt -> C:\Ali Computation\pinn\code\heterogeneous\pino_heterogeneous\results\exp_M_maximin_N200_float64_lr01_epochs5000
run_training=True  run_comsol_validation=True  validate_only=False  skip_validation_plots=True
L-BFGS early stopping: patience=150 (max steps=5000)
L-BFGS: lr=0.1  max_iter=1  outer_steps=5000
PDE collocation points: 860,000 (bulk 500,000, interface 360,000)
Collocation mesh plot (pre-train): C:\Ali Computation\pinn\code\heterogeneous\pino_heterogeneous\results\exp_M_maximin_N200_float64_lr01_epochs5000\pino_heterogeneous_collocation_points.png
LBFGS (
Parameter Group 0
    history_size: 50
    line_search_fn: strong_wolfe
    lr: 0.1
    max_eval: 1
    max_iter: 1
    tolerance_change: 1e-09
    tolerance_grad: 1e-07
)
Early stopping: patience=150 L-BFGS steps (no total-loss improvement, rtol=1e-12)

L-BFGS:   0%|          | 0/5000 [? > 00:00]
L-BFGS:   0%|          | 1/5000 [1:31:50 > 00:01]
L-BFGS:   0%|          | 2/5000 [1:15:10 > 00:01]
L-BFGS:   0%|          | 3/5000 [1:09:41 > 00:02]
L-BFGS:   0%|          | 4/5000 [1:07:09 > 00:03]
L-BFGS:   0%|          | 5/5000 [1:05:55 > 00:04]
L-BFGS:   0%|          | 6/5000 [1:05:01 > 00:04]
L-BFGS:   0%|          | 7/5000 [1:04:23 > 00:05]
L-BFGS:   0%|          | 8/5000 [1:04:00 > 00:06]
L-BFGS:   0%|          | 9/5000 [1:03:47 > 00:07]
L-BFGS:   0%|          | 10/5000 [1:03:36 > 00:07]
L-BFGS:   0%|          | 11/5000 [1:03:31 > 00:08]
L-BFGS:   0%|          | 12/5000 [1:03:20 > 00:09]
L-BFGS:   0%|          | 13/5000 [1:03:18 > 00:10]
L-BFGS:   0%|          | 14/5000 [1:03:14 > 00:10]
L-BFGS:   0%|          | 15/5000 [1:03:13 > 00:11]
L-BFGS:   0%|          | 16/5000 [1:03:13 > 00:12]
L-BFGS:   0%|          | 17/5000 [1:03:14 > 00:13]
L-BFGS:   0%|          | 18/5000 [1:03:20 > 00:14]
L-BFGS:   0%|          | 19/5000 [1:03:19 > 00:14]
L-BFGS:   0%|          | 20/5000 [1:03:20 > 00:15]
L-BFGS:   0%|          | 21/5000 [1:03:23 > 00:16]
L-BFGS:   0%|          | 22/5000 [1:03:35 > 00:17]
L-BFGS:   0%|          | 23/5000 [1:03:36 > 00:17]
L-BFGS:   0%|          | 24/5000 [1:03:33 > 00:18]
L-BFGS:   0%|          | 25/5000 [1:03:30 > 00:19]
L-BFGS:   1%|          | 26/5000 [1:03:42 > 00:20]
L-BFGS:   1%|          | 27/5000 [1:03:38 > 00:20]
L-BFGS:   1%|          | 28/5000 [1:03:31 > 00:21]
L-BFGS:   1%|          | 29/5000 [1:03:35 > 00:22]
L-BFGS:   1%|          | 30/5000 [1:03:34 > 00:23]
L-BFGS:   1%|          | 31/5000 [1:03:38 > 00:24]
L-BFGS:   1%|          | 32/5000 [1:03:29 > 00:24]
L-BFGS:   1%|          | 33/5000 [1:03:29 > 00:25]
L-BFGS:   1%|          | 34/5000 [1:03:31 > 00:26]
L-BFGS:   1%|          | 35/5000 [1:03:34 > 00:27]
L-BFGS:   1%|          | 36/5000 [1:03:32 > 00:27]
L-BFGS:   1%|          | 37/5000 [1:03:29 > 00:28]
L-BFGS:   1%|          | 38/5000 [1:03:33 > 00:29]
L-BFGS:   1%|          | 39/5000 [1:03:39 > 00:30]
L-BFGS:   1%|          | 40/5000 [1:03:38 > 00:30]
L-BFGS:   1%|          | 41/5000 [1:03:41 > 00:31]
L-BFGS:   1%|          | 42/5000 [1:03:50 > 00:32]
L-BFGS:   1%|          | 43/5000 [1:03:53 > 00:33]
L-BFGS:   1%|          | 44/5000 [1:03:56 > 00:34]
L-BFGS:   1%|          | 45/5000 [1:03:50 > 00:34]
L-BFGS:   1%|          | 46/5000 [1:03:56 > 00:35]
L-BFGS:   1%|          | 47/5000 [1:03:59 > 00:36]
L-BFGS:   1%|          | 48/5000 [1:04:02 > 00:37]
L-BFGS:   1%|          | 49/5000 [1:04:09 > 00:37]
L-BFGS:   1%|          | 50/5000 [1:04:03 > 00:38]
L-BFGS:   1%|          | 51/5000 [1:04:02 > 00:39]
L-BFGS:   1%|          | 52/5000 [1:04:00 > 00:40]
L-BFGS:   1%|          | 53/5000 [1:04:05 > 00:41]
L-BFGS:   1%|          | 54/5000 [1:04:03 > 00:41]
L-BFGS:   1%|          | 55/5000 [1:04:04 > 00:42]
L-BFGS:   1%|          | 56/5000 [1:04:08 > 00:43]
L-BFGS:   1%|          | 57/5000 [1:04:07 > 00:44]
L-BFGS:   1%|          | 58/5000 [1:04:10 > 00:44]
L-BFGS:   1%|          | 59/5000 [1:04:04 > 00:45]
L-BFGS:   1%|          | 60/5000 [1:04:05 > 00:46]
L-BFGS:   1%|          | 61/5000 [1:04:08 > 00:47]
L-BFGS:   1%|          | 62/5000 [1:04:06 > 00:48]
L-BFGS:   1%|▏         | 63/5000 [1:04:01 > 00:48]
L-BFGS:   1%|▏         | 64/5000 [1:04:02 > 00:49]
L-BFGS:   1%|▏         | 65/5000 [1:04:05 > 00:50]
L-BFGS:   1%|▏         | 66/5000 [1:04:12 > 00:51]
L-BFGS:   1%|▏         | 67/5000 [1:04:11 > 00:51]
L-BFGS:   1%|▏         | 68/5000 [1:04:08 > 00:52]
L-BFGS:   1%|▏         | 69/5000 [1:04:10 > 00:53]
L-BFGS:   1%|▏         | 70/5000 [1:04:05 > 00:54]
L-BFGS:   1%|▏         | 71/5000 [1:04:03 > 00:55]
L-BFGS:   1%|▏         | 72/5000 [1:03:54 > 00:55]
L-BFGS:   1%|▏         | 73/5000 [1:03:59 > 00:56]
L-BFGS:   1%|▏         | 74/5000 [1:04:02 > 00:57]
L-BFGS:   2%|▏         | 75/5000 [1:04:01 > 00:58]
L-BFGS:   2%|▏         | 76/5000 [1:04:08 > 00:58]
L-BFGS:   2%|▏         | 77/5000 [1:04:07 > 00:59]
L-BFGS:   2%|▏         | 78/5000 [1:04:12 > 01:00]
L-BFGS:   2%|▏         | 79/5000 [1:04:13 > 01:01]
L-BFGS:   2%|▏         | 80/5000 [1:04:20 > 01:02]
L-BFGS:   2%|▏         | 81/5000 [1:04:20 > 01:02]
L-BFGS:   2%|▏         | 82/5000 [1:04:18 > 01:03]
L-BFGS:   2%|▏         | 83/5000 [1:04:16 > 01:04]
L-BFGS:   2%|▏         | 84/5000 [1:04:27 > 01:05]
L-BFGS:   2%|▏         | 85/5000 [1:04:24 > 01:06]
L-BFGS:   2%|▏         | 86/5000 [1:04:17 > 01:06]
L-BFGS:   2%|▏         | 87/5000 [1:04:27 > 01:07]
L-BFGS:   2%|▏         | 88/5000 [1:04:20 > 01:08]
L-BFGS:   2%|▏         | 89/5000 [1:04:17 > 01:09]
L-BFGS:   2%|▏         | 90/5000 [1:04:22 > 01:09]
L-BFGS:   2%|▏         | 91/5000 [1:04:15 > 01:10]
L-BFGS:   2%|▏         | 92/5000 [1:04:14 > 01:11]
L-BFGS:   2%|▏         | 93/5000 [1:04:12 > 01:12]
L-BFGS:   2%|▏         | 94/5000 [1:04:14 > 01:13]
L-BFGS:   2%|▏         | 95/5000 [1:04:10 > 01:13]
L-BFGS:   2%|▏         | 96/5000 [1:04:07 > 01:14]
L-BFGS:   2%|▏         | 97/5000 [1:04:10 > 01:15]
L-BFGS:   2%|▏         | 98/5000 [1:04:18 > 01:16]
L-BFGS:   2%|▏         | 99/5000 [1:04:14 > 01:17]
L-BFGS:   2%|▏         | 100/5000 [1:04:07 > 01:17]
L-BFGS:   2%|▏         | 101/5000 [1:04:12 > 01:18]
L-BFGS:   2%|▏         | 102/5000 [1:04:06 > 01:19]
L-BFGS:   2%|▏         | 103/5000 [1:04:07 > 01:20]
L-BFGS:   2%|▏         | 104/5000 [1:04:07 > 01:20]
L-BFGS:   2%|▏         | 105/5000 [1:03:56 > 01:21]
L-BFGS:   2%|▏         | 106/5000 [1:03:57 > 01:22]
L-BFGS:   2%|▏         | 107/5000 [1:03:59 > 01:23]
L-BFGS:   2%|▏         | 108/5000 [1:03:57 > 01:24]
L-BFGS:   2%|▏         | 109/5000 [1:03:57 > 01:24]
L-BFGS:   2%|▏         | 110/5000 [1:03:50 > 01:25]
L-BFGS:   2%|▏         | 111/5000 [1:03:54 > 01:26]
L-BFGS:   2%|▏         | 112/5000 [1:03:53 > 01:27]
L-BFGS:   2%|▏         | 113/5000 [1:04:00 > 01:28]
L-BFGS:   2%|▏         | 114/5000 [1:03:50 > 01:28]
L-BFGS:   2%|▏         | 115/5000 [1:03:51 > 01:29]
L-BFGS:   2%|▏         | 116/5000 [1:04:02 > 01:30]
L-BFGS:   2%|▏         | 117/5000 [1:04:04 > 01:31]
L-BFGS:   2%|▏         | 118/5000 [1:04:18 > 01:31]
L-BFGS:   2%|▏         | 119/5000 [1:04:20 > 01:32]
L-BFGS:   2%|▏         | 120/5000 [1:04:28 > 01:33]
L-BFGS:   2%|▏         | 121/5000 [1:04:32 > 01:34]
L-BFGS:   2%|▏         | 122/5000 [1:04:31 > 01:35]
L-BFGS:   2%|▏         | 123/5000 [1:04:38 > 01:35]
L-BFGS:   2%|▏         | 124/5000 [1:04:32 > 01:36]
L-BFGS:   2%|▎         | 125/5000 [1:04:28 > 01:37]
L-BFGS:   3%|▎         | 126/5000 [1:04:36 > 01:38]
L-BFGS:   3%|▎         | 127/5000 [1:04:36 > 01:39]
L-BFGS:   3%|▎         | 128/5000 [1:04:39 > 01:39]
L-BFGS:   3%|▎         | 129/5000 [1:04:38 > 01:40]
L-BFGS:   3%|▎         | 130/5000 [1:04:37 > 01:41]
L-BFGS:   3%|▎         | 131/5000 [1:04:35 > 01:42]
L-BFGS:   3%|▎         | 132/5000 [1:04:39 > 01:43]
L-BFGS:   3%|▎         | 133/5000 [1:04:37 > 01:43]
L-BFGS:   3%|▎         | 134/5000 [1:04:33 > 01:44]
L-BFGS:   3%|▎         | 135/5000 [1:04:34 > 01:45]
L-BFGS:   3%|▎         | 136/5000 [1:04:37 > 01:46]
L-BFGS:   3%|▎         | 137/5000 [1:04:35 > 01:47]
L-BFGS:   3%|▎         | 138/5000 [1:04:37 > 01:47]
L-BFGS:   3%|▎         | 139/5000 [1:04:33 > 01:48]
L-BFGS:   3%|▎         | 140/5000 [1:04:29 > 01:49]
L-BFGS:   3%|▎         | 141/5000 [1:04:32 > 01:50]
L-BFGS:   3%|▎         | 142/5000 [1:04:33 > 01:51]
L-BFGS:   3%|▎         | 143/5000 [1:04:34 > 01:51]
L-BFGS:   3%|▎         | 144/5000 [1:04:24 > 01:52]
L-BFGS:   3%|▎         | 145/5000 [1:04:31 > 01:53]
L-BFGS:   3%|▎         | 146/5000 [1:04:28 > 01:54]
L-BFGS:   3%|▎         | 147/5000 [1:04:27 > 01:55]
L-BFGS:   3%|▎         | 148/5000 [1:04:27 > 01:55]
L-BFGS:   3%|▎         | 149/5000 [1:04:20 > 01:56]
L-BFGS:   3%|▎         | 150/5000 [1:04:25 > 01:57]
L-BFGS:   3%|▎         | 151/5000 [1:04:27 > 01:58]
L-BFGS:   3%|▎         | 152/5000 [1:04:29 > 01:59]
L-BFGS:   3%|▎         | 153/5000 [1:04:23 > 01:59]
L-BFGS:   3%|▎         | 154/5000 [1:04:12 > 02:00]
L-BFGS:   3%|▎         | 155/5000 [1:04:17 > 02:01]
L-BFGS:   3%|▎         | 156/5000 [1:04:19 > 02:02]
L-BFGS:   3%|▎         | 157/5000 [1:04:25 > 02:03]
L-BFGS:   3%|▎         | 158/5000 [1:04:19 > 02:03]
L-BFGS:   3%|▎         | 159/5000 [1:04:19 > 02:04]
L-BFGS:   3%|▎         | 160/5000 [1:04:17 > 02:05]
L-BFGS:   3%|▎         | 161/5000 [1:04:20 > 02:06]
L-BFGS:   3%|▎         | 162/5000 [1:04:17 > 02:07]
L-BFGS:   3%|▎         | 163/5000 [1:04:09 > 02:07]
L-BFGS:   3%|▎         | 164/5000 [1:04:11 > 02:08]
L-BFGS:   3%|▎         | 165/5000 [1:04:10 > 02:09]
L-BFGS:   3%|▎         | 166/5000 [1:04:16 > 02:10]
L-BFGS:   3%|▎         | 167/5000 [1:04:14 > 02:10]
L-BFGS:   3%|▎         | 168/5000 [1:04:07 > 02:11]
L-BFGS:   3%|▎         | 169/5000 [1:04:08 > 02:12]
L-BFGS:   3%|▎         | 170/5000 [1:04:13 > 02:13]
L-BFGS:   3%|▎         | 171/5000 [1:04:13 > 02:14]
L-BFGS:   3%|▎         | 172/5000 [1:04:11 > 02:14]
L-BFGS:   3%|▎         | 173/5000 [1:04:05 > 02:15]
L-BFGS:   3%|▎         | 174/5000 [1:04:06 > 02:16]
L-BFGS:   4%|▎         | 175/5000 [1:04:05 > 02:17]
L-BFGS:   4%|▎         | 176/5000 [1:04:05 > 02:18]
L-BFGS:   4%|▎         | 177/5000 [1:04:06 > 02:18]
L-BFGS:   4%|▎         | 178/5000 [1:04:00 > 02:19]
L-BFGS:   4%|▎         | 179/5000 [1:04:01 > 02:20]
L-BFGS:   4%|▎         | 180/5000 [1:04:00 > 02:21]
L-BFGS:   4%|▎         | 181/5000 [1:03:57 > 02:22]
L-BFGS:   4%|▎         | 182/5000 [1:03:58 > 02:22]
L-BFGS:   4%|▎         | 183/5000 [1:03:50 > 02:23]
L-BFGS:   4%|▎         | 184/5000 [1:03:46 > 02:24]
L-BFGS:   4%|▎         | 185/5000 [1:03:48 > 02:25]
L-BFGS:   4%|▎         | 186/5000 [1:03:42 > 02:26]
L-BFGS:   4%|▎         | 187/5000 [1:03:49 > 02:26]
L-BFGS:   4%|▍         | 188/5000 [1:03:41 > 02:27]
L-BFGS:   4%|▍         | 189/5000 [1:03:41 > 02:28]
L-BFGS:   4%|▍         | 190/5000 [1:03:43 > 02:29]
L-BFGS:   4%|▍         | 191/5000 [1:03:49 > 02:30]
L-BFGS:   4%|▍         | 192/5000 [1:03:40 > 02:30]
L-BFGS:   4%|▍         | 193/5000 [1:03:39 > 02:31]
L-BFGS:   4%|▍         | 194/5000 [1:03:42 > 02:32]
L-BFGS:   4%|▍         | 195/5000 [1:03:49 > 02:33]
L-BFGS:   4%|▍         | 196/5000 [1:03:48 > 02:34]
L-BFGS:   4%|▍         | 197/5000 [1:03:49 > 02:34]
L-BFGS:   4%|▍         | 198/5000 [1:03:35 > 02:35]
L-BFGS:   4%|▍         | 199/5000 [1:03:40 > 02:36]
L-BFGS:   4%|▍         | 200/5000 [1:03:44 > 02:37]
L-BFGS:   4%|▍         | 201/5000 [1:03:39 > 02:38]
L-BFGS:   4%|▍         | 202/5000 [1:03:37 > 02:38]
L-BFGS:   4%|▍         | 203/5000 [1:03:35 > 02:39]
L-BFGS:   4%|▍         | 204/5000 [1:03:33 > 02:40]
L-BFGS:   4%|▍         | 205/5000 [1:03:27 > 02:41]
L-BFGS:   4%|▍         | 206/5000 [1:03:32 > 02:42]
L-BFGS:   4%|▍         | 207/5000 [1:03:30 > 02:42]
L-BFGS:   4%|▍         | 208/5000 [1:03:31 > 02:43]
L-BFGS:   4%|▍         | 209/5000 [1:03:35 > 02:44]
L-BFGS:   4%|▍         | 210/5000 [1:03:38 > 02:45]
L-BFGS:   4%|▍         | 211/5000 [1:03:43 > 02:46]
L-BFGS:   4%|▍         | 212/5000 [1:03:38 > 02:46]
L-BFGS:   4%|▍         | 213/5000 [1:03:31 > 02:47]
L-BFGS:   4%|▍         | 214/5000 [1:03:35 > 02:48]
L-BFGS:   4%|▍         | 215/5000 [1:03:38 > 02:49]
L-BFGS:   4%|▍         | 216/5000 [1:03:33 > 02:50]
L-BFGS:   4%|▍         | 217/5000 [1:03:20 > 02:50]
L-BFGS:   4%|▍         | 218/5000 [1:03:25 > 02:51]
L-BFGS:   4%|▍         | 219/5000 [1:03:22 > 02:52]
L-BFGS:   4%|▍         | 220/5000 [1:03:22 > 02:53]
L-BFGS:   4%|▍         | 221/5000 [1:03:19 > 02:53]
L-BFGS:   4%|▍         | 222/5000 [1:03:13 > 02:54]
L-BFGS:   4%|▍         | 223/5000 [1:03:21 > 02:55]
L-BFGS:   4%|▍         | 224/5000 [1:03:22 > 02:56]
L-BFGS:   4%|▍         | 225/5000 [1:03:23 > 02:57]
L-BFGS:   5%|▍         | 226/5000 [1:03:20 > 02:57]
L-BFGS:   5%|▍         | 227/5000 [1:03:20 > 02:58]
L-BFGS:   5%|▍         | 228/5000 [1:03:15 > 02:59]
L-BFGS:   5%|▍         | 229/5000 [1:03:20 > 03:00]
L-BFGS:   5%|▍         | 230/5000 [1:03:19 > 03:01]
L-BFGS:   5%|▍         | 231/5000 [1:03:17 > 03:01]
L-BFGS:   5%|▍         | 232/5000 [1:03:13 > 03:02]
L-BFGS:   5%|▍         | 233/5000 [1:03:11 > 03:03]
L-BFGS:   5%|▍         | 234/5000 [1:03:17 > 03:04]
L-BFGS:   5%|▍         | 235/5000 [1:03:13 > 03:05]
L-BFGS:   5%|▍         | 236/5000 [1:03:18 > 03:05]
L-BFGS:   5%|▍         | 237/5000 [1:03:13 > 03:06]
L-BFGS:   5%|▍         | 238/5000 [1:03:14 > 03:07]
L-BFGS:   5%|▍         | 239/5000 [1:03:12 > 03:08]
L-BFGS:   5%|▍         | 240/5000 [1:03:11 > 03:09]
L-BFGS:   5%|▍         | 241/5000 [1:03:15 > 03:09]
L-BFGS:   5%|▍         | 242/5000 [1:03:09 > 03:10]
L-BFGS:   5%|▍         | 243/5000 [1:03:06 > 03:11]
L-BFGS:   5%|▍         | 244/5000 [1:03:08 > 03:12]
L-BFGS:   5%|▍         | 245/5000 [1:03:09 > 03:13]
L-BFGS:   5%|▍         | 246/5000 [1:03:07 > 03:13]
L-BFGS:   5%|▍         | 247/5000 [1:03:06 > 03:14]
L-BFGS:   5%|▍         | 248/5000 [1:03:07 > 03:15]
L-BFGS:   5%|▍         | 249/5000 [1:02:56 > 03:16]
L-BFGS:   5%|▌         | 250/5000 [1:03:02 > 03:17]
L-BFGS:   5%|▌         | 251/5000 [1:02:59 > 03:17]
L-BFGS:   5%|▌         | 252/5000 [1:02:58 > 03:18]
L-BFGS:   5%|▌         | 253/5000 [1:03:01 > 03:19]
L-BFGS:   5%|▌         | 254/5000 [1:03:07 > 03:20]
L-BFGS:   5%|▌         | 255/5000 [1:03:01 > 03:21]
L-BFGS:   5%|▌         | 256/5000 [1:02:57 > 03:21]
L-BFGS:   5%|▌         | 257/5000 [1:02:54 > 03:22]
L-BFGS:   5%|▌         | 258/5000 [1:02:38 > 03:23]
L-BFGS:   5%|▌         | 259/5000 [1:02:35 > 03:24]
L-BFGS:   5%|▌         | 260/5000 [1:02:25 > 03:25]
L-BFGS:   5%|▌         | 261/5000 [1:02:16 > 03:25]
L-BFGS:   5%|▌         | 262/5000 [1:02:13 > 03:26]
L-BFGS:   5%|▌         | 263/5000 [1:02:04 > 03:27]
L-BFGS:   5%|▌         | 264/5000 [1:02:08 > 03:28]
L-BFGS:   5%|▌         | 265/5000 [1:02:06 > 03:28]
L-BFGS:   5%|▌         | 266/5000 [1:02:03 > 03:29]
L-BFGS:   5%|▌         | 267/5000 [1:01:59 > 03:30]
L-BFGS:   5%|▌         | 268/5000 [1:02:00 > 03:31]
L-BFGS:   5%|▌         | 269/5000 [1:02:01 > 03:32]
L-BFGS:   5%|▌         | 270/5000 [1:01:51 > 03:32]
L-BFGS:   5%|▌         | 271/5000 [1:02:00 > 03:33]
L-BFGS:   5%|▌         | 272/5000 [1:01:56 > 03:34]
L-BFGS:   5%|▌         | 273/5000 [1:01:58 > 03:35]
L-BFGS:   5%|▌         | 274/5000 [1:01:54 > 03:36]
L-BFGS:   6%|▌         | 275/5000 [1:01:46 > 03:36]
L-BFGS:   6%|▌         | 276/5000 [1:01:46 > 03:37]
L-BFGS:   6%|▌         | 277/5000 [1:01:45 > 03:38]
L-BFGS:   6%|▌         | 278/5000 [1:01:46 > 03:39]
L-BFGS:   6%|▌         | 279/5000 [1:01:44 > 03:39]
L-BFGS:   6%|▌         | 280/5000 [1:01:39 > 03:40]
L-BFGS:   6%|▌         | 281/5000 [1:01:41 > 03:41]
L-BFGS:   6%|▌         | 282/5000 [1:01:39 > 03:42]
L-BFGS:   6%|▌         | 283/5000 [1:01:42 > 03:43]
L-BFGS:   6%|▌         | 284/5000 [1:01:36 > 03:43]
L-BFGS:   6%|▌         | 285/5000 [1:01:44 > 03:44]
L-BFGS:   6%|▌         | 286/5000 [1:01:47 > 03:45]
L-BFGS:   6%|▌         | 287/5000 [1:01:49 > 03:46]
L-BFGS:   6%|▌         | 288/5000 [1:01:47 > 03:47]
L-BFGS:   6%|▌         | 289/5000 [1:01:38 > 03:47]
L-BFGS:   6%|▌         | 290/5000 [1:01:34 > 03:48]
L-BFGS:   6%|▌         | 291/5000 [1:01:30 > 03:49]
L-BFGS:   6%|▌         | 292/5000 [1:01:33 > 03:50]
L-BFGS:   6%|▌         | 293/5000 [1:01:29 > 03:50]
L-BFGS:   6%|▌         | 294/5000 [1:01:31 > 03:51]
L-BFGS:   6%|▌         | 295/5000 [1:01:34 > 03:52]
L-BFGS:   6%|▌         | 296/5000 [1:01:39 > 03:53]
L-BFGS:   6%|▌         | 297/5000 [1:01:37 > 03:54]
L-BFGS:   6%|▌         | 298/5000 [1:01:36 > 03:54]
L-BFGS:   6%|▌         | 299/5000 [1:01:43 > 03:55]
L-BFGS:   6%|▌         | 300/5000 [1:01:46 > 03:56]
L-BFGS:   6%|▌         | 301/5000 [1:01:45 > 03:57]
L-BFGS:   6%|▌         | 302/5000 [1:01:45 > 03:58]
L-BFGS:   6%|▌         | 303/5000 [1:01:36 > 03:58]
L-BFGS:   6%|▌         | 304/5000 [1:01:41 > 03:59]
L-BFGS:   6%|▌         | 305/5000 [1:01:35 > 04:00]
L-BFGS:   6%|▌         | 306/5000 [1:01:48 > 04:01]
L-BFGS:   6%|▌         | 307/5000 [1:01:45 > 04:01]
L-BFGS:   6%|▌         | 308/5000 [1:01:37 > 04:02]
L-BFGS:   6%|▌         | 309/5000 [1:01:36 > 04:03]
L-BFGS:   6%|▌         | 310/5000 [1:01:38 > 04:04]
L-BFGS:   6%|▌         | 311/5000 [1:01:38 > 04:05]
L-BFGS:   6%|▌         | 312/5000 [1:01:32 > 04:05]
L-BFGS:   6%|▋         | 313/5000 [1:01:32 > 04:06]
L-BFGS:   6%|▋         | 314/5000 [1:01:34 > 04:07]
L-BFGS:   6%|▋         | 315/5000 [1:01:35 > 04:08]
L-BFGS:   6%|▋         | 316/5000 [1:01:43 > 04:09]
L-BFGS:   6%|▋         | 317/5000 [1:01:31 > 04:09]
L-BFGS:   6%|▋         | 318/5000 [1:01:35 > 04:10]
L-BFGS:   6%|▋         | 319/5000 [1:01:34 > 04:11]
L-BFGS:   6%|▋         | 320/5000 [1:01:31 > 04:12]
L-BFGS:   6%|▋         | 321/5000 [1:01:32 > 04:12]
L-BFGS:   6%|▋         | 322/5000 [1:01:28 > 04:13]
L-BFGS:   6%|▋         | 323/5000 [1:01:27 > 04:14]
L-BFGS:   6%|▋         | 324/5000 [1:01:22 > 04:15]
L-BFGS:   6%|▋         | 325/5000 [1:01:27 > 04:16]
L-BFGS:   7%|▋         | 326/5000 [1:01:25 > 04:16]
L-BFGS:   7%|▋         | 327/5000 [1:01:19 > 04:17]
L-BFGS:   7%|▋         | 328/5000 [1:01:17 > 04:18]
L-BFGS:   7%|▋         | 329/5000 [1:01:18 > 04:19]
L-BFGS:   7%|▋         | 330/5000 [1:01:21 > 04:20]
L-BFGS:   7%|▋         | 331/5000 [1:01:13 > 04:20]
L-BFGS:   7%|▋         | 332/5000 [1:01:17 > 04:21]
L-BFGS:   7%|▋         | 333/5000 [1:01:16 > 04:22]
L-BFGS:   7%|▋         | 334/5000 [1:01:18 > 04:23]
L-BFGS:   7%|▋         | 335/5000 [1:01:14 > 04:24]
L-BFGS:   7%|▋         | 336/5000 [1:01:06 > 04:24]
L-BFGS:   7%|▋         | 337/5000 [1:01:10 > 04:25]
L-BFGS:   7%|▋         | 338/5000 [1:01:08 > 04:26]
L-BFGS:   7%|▋         | 339/5000 [1:01:12 > 04:27]
L-BFGS:   7%|▋         | 340/5000 [1:01:14 > 04:27]
L-BFGS:   7%|▋         | 341/5000 [1:01:10 > 04:28]
L-BFGS:   7%|▋         | 342/5000 [1:01:19 > 04:29]
L-BFGS:   7%|▋         | 343/5000 [1:01:18 > 04:30]
L-BFGS:   7%|▋         | 344/5000 [1:01:16 > 04:31]
L-BFGS:   7%|▋         | 345/5000 [1:01:10 > 04:31]
L-BFGS:   7%|▋         | 346/5000 [1:01:18 > 04:32]
L-BFGS:   7%|▋         | 347/5000 [1:01:11 > 04:33]
L-BFGS:   7%|▋         | 348/5000 [1:01:09 > 04:34]
L-BFGS:   7%|▋         | 349/5000 [1:01:09 > 04:35]
L-BFGS:   7%|▋         | 350/5000 [1:01:03 > 04:35]
L-BFGS:   7%|▋         | 351/5000 [1:01:02 > 04:36]
L-BFGS:   7%|▋         | 352/5000 [1:01:04 > 04:37]
L-BFGS:   7%|▋         | 353/5000 [1:01:06 > 04:38]
L-BFGS:   7%|▋         | 354/5000 [1:01:05 > 04:39]
L-BFGS:   7%|▋         | 355/5000 [1:01:01 > 04:39]
L-BFGS:   7%|▋         | 356/5000 [1:01:01 > 04:40]
L-BFGS:   7%|▋         | 357/5000 [1:01:02 > 04:41]
L-BFGS:   7%|▋         | 358/5000 [1:01:06 > 04:42]
L-BFGS:   7%|▋         | 359/5000 [1:01:03 > 04:42]
L-BFGS:   7%|▋         | 360/5000 [1:01:01 > 04:43]
L-BFGS:   7%|▋         | 361/5000 [1:00:59 > 04:44]
L-BFGS:   7%|▋         | 362/5000 [1:01:12 > 04:45]
L-BFGS:   7%|▋         | 363/5000 [1:01:08 > 04:46]
L-BFGS:   7%|▋         | 364/5000 [1:01:00 > 04:46]
L-BFGS:   7%|▋         | 365/5000 [1:00:59 > 04:47]
L-BFGS:   7%|▋         | 366/5000 [1:00:58 > 04:48]
L-BFGS:   7%|▋         | 367/5000 [1:00:58 > 04:49]
L-BFGS:   7%|▋         | 368/5000 [1:00:57 > 04:50]
L-BFGS:   7%|▋         | 369/5000 [1:00:50 > 04:50]
L-BFGS:   7%|▋         | 370/5000 [1:00:49 > 04:51]
L-BFGS:   7%|▋         | 371/5000 [1:00:47 > 04:52]
L-BFGS:   7%|▋         | 372/5000 [1:00:52 > 04:53]
L-BFGS:   7%|▋         | 373/5000 [1:00:52 > 04:54]
L-BFGS:   7%|▋         | 374/5000 [1:00:49 > 04:54]
L-BFGS:   8%|▊         | 375/5000 [1:00:50 > 04:55]
L-BFGS:   8%|▊         | 376/5000 [1:00:53 > 04:56]
L-BFGS:   8%|▊         | 377/5000 [1:00:47 > 04:57]
L-BFGS:   8%|▊         | 378/5000 [1:00:38 > 04:57]
L-BFGS:   8%|▊         | 379/5000 [1:00:49 > 04:58]
L-BFGS:   8%|▊         | 380/5000 [1:00:46 > 04:59]
L-BFGS:   8%|▊         | 381/5000 [1:00:43 > 05:00]
L-BFGS:   8%|▊         | 382/5000 [1:00:44 > 05:01]
L-BFGS:   8%|▊         | 383/5000 [1:00:35 > 05:01]
L-BFGS:   8%|▊         | 384/5000 [1:00:37 > 05:02]
L-BFGS:   8%|▊         | 385/5000 [1:00:36 > 05:03]
L-BFGS:   8%|▊         | 386/5000 [1:00:42 > 05:04]
L-BFGS:   8%|▊         | 387/5000 [1:00:39 > 05:05]
L-BFGS:   8%|▊         | 388/5000 [1:00:33 > 05:05]
L-BFGS:   8%|▊         | 389/5000 [1:00:31 > 05:06]
L-BFGS:   8%|▊         | 390/5000 [1:00:29 > 05:07]
L-BFGS:   8%|▊         | 391/5000 [1:00:31 > 05:08]
L-BFGS:   8%|▊         | 392/5000 [1:00:26 > 05:08]
L-BFGS:   8%|▊         | 393/5000 [1:00:23 > 05:09]
L-BFGS:   8%|▊         | 394/5000 [1:00:23 > 05:10]
L-BFGS:   8%|▊         | 395/5000 [1:00:31 > 05:11]
L-BFGS:   8%|▊         | 396/5000 [1:00:26 > 05:12]
L-BFGS:   8%|▊         | 397/5000 [1:00:22 > 05:12]
L-BFGS:   8%|▊         | 398/5000 [1:00:25 > 05:13]
L-BFGS:   8%|▊         | 399/5000 [1:00:26 > 05:14]
L-BFGS:   8%|▊         | 400/5000 [1:00:26 > 05:15]
L-BFGS:   8%|▊         | 401/5000 [1:00:27 > 05:16]
L-BFGS:   8%|▊         | 402/5000 [1:00:21 > 05:16]
L-BFGS:   8%|▊         | 403/5000 [1:00:16 > 05:17]
L-BFGS:   8%|▊         | 404/5000 [1:00:18 > 05:18]
L-BFGS:   8%|▊         | 405/5000 [1:00:19 > 05:19]
L-BFGS:   8%|▊         | 406/5000 [1:00:18 > 05:20]
L-BFGS:   8%|▊         | 407/5000 [1:00:14 > 05:20]
L-BFGS:   8%|▊         | 408/5000 [1:00:18 > 05:21]
L-BFGS:   8%|▊         | 409/5000 [1:00:18 > 05:22]
L-BFGS:   8%|▊         | 410/5000 [1:00:20 > 05:23]
L-BFGS:   8%|▊         | 411/5000 [1:00:12 > 05:23]
L-BFGS:   8%|▊         | 412/5000 [1:00:15 > 05:24]
L-BFGS:   8%|▊         | 413/5000 [1:00:14 > 05:25]
L-BFGS:   8%|▊         | 414/5000 [1:00:13 > 05:26]
L-BFGS:   8%|▊         | 415/5000 [1:00:10 > 05:27]
L-BFGS:   8%|▊         | 416/5000 [1:00:06 > 05:27]
L-BFGS:   8%|▊         | 417/5000 [1:00:10 > 05:28]
L-BFGS:   8%|▊         | 418/5000 [1:00:13 > 05:29]
L-BFGS:   8%|▊         | 419/5000 [1:00:22 > 05:30]
L-BFGS:   8%|▊         | 420/5000 [1:00:17 > 05:31]
L-BFGS:   8%|▊         | 421/5000 [1:00:13 > 05:31]
L-BFGS:   8%|▊         | 422/5000 [1:00:09 > 05:32]
L-BFGS:   8%|▊         | 423/5000 [1:00:10 > 05:33]
L-BFGS:   8%|▊         | 424/5000 [1:00:13 > 05:34]
L-BFGS:   8%|▊         | 425/5000 [1:00:09 > 05:34]
L-BFGS:   9%|▊         | 426/5000 [1:00:05 > 05:35]
L-BFGS:   9%|▊         | 427/5000 [1:00:04 > 05:36]
L-BFGS:   9%|▊         | 428/5000 [1:00:06 > 05:37]
L-BFGS:   9%|▊         | 429/5000 [1:00:04 > 05:38]
L-BFGS:   9%|▊         | 430/5000 [59:58 > 05:38]  
L-BFGS:   9%|▊         | 431/5000 [1:00:03 > 05:39]
L-BFGS:   9%|▊         | 432/5000 [59:58 > 05:40]  
L-BFGS:   9%|▊         | 433/5000 [1:00:00 > 05:41]
L-BFGS:   9%|▊         | 434/5000 [1:00:01 > 05:42]
L-BFGS:   9%|▊         | 435/5000 [59:56 > 05:42]  
L-BFGS:   9%|▊         | 436/5000 [59:58 > 05:43]
L-BFGS:   9%|▊         | 437/5000 [59:56 > 05:44]
L-BFGS:   9%|▉         | 438/5000 [59:58 > 05:45]
L-BFGS:   9%|▉         | 439/5000 [59:58 > 05:46]
L-BFGS:   9%|▉         | 440/5000 [59:54 > 05:46]
L-BFGS:   9%|▉         | 441/5000 [59:55 > 05:47]
L-BFGS:   9%|▉         | 442/5000 [59:55 > 05:48]
L-BFGS:   9%|▉         | 443/5000 [59:58 > 05:49]
L-BFGS:   9%|▉         | 444/5000 [59:49 > 05:49]
L-BFGS:   9%|▉         | 445/5000 [59:52 > 05:50]
L-BFGS:   9%|▉         | 446/5000 [59:54 > 05:51]
L-BFGS:   9%|▉         | 447/5000 [1:00:05 > 05:52]
L-BFGS:   9%|▉         | 448/5000 [59:56 > 05:53]  
L-BFGS:   9%|▉         | 449/5000 [59:46 > 05:53]
L-BFGS:   9%|▉         | 450/5000 [59:47 > 05:54]
L-BFGS:   9%|▉         | 451/5000 [59:48 > 05:55]
L-BFGS:   9%|▉         | 452/5000 [59:48 > 05:56]
L-BFGS:   9%|▉         | 453/5000 [59:45 > 05:57]
L-BFGS:   9%|▉         | 454/5000 [59:41 > 05:57]
L-BFGS:   9%|▉         | 455/5000 [59:40 > 05:58]
L-BFGS:   9%|▉         | 456/5000 [59:41 > 05:59]
L-BFGS:   9%|▉         | 457/5000 [59:41 > 06:00]
L-BFGS:   9%|▉         | 458/5000 [59:38 > 06:01]
L-BFGS:   9%|▉         | 459/5000 [59:36 > 06:01]
L-BFGS:   9%|▉         | 460/5000 [59:37 > 06:02]
L-BFGS:   9%|▉         | 461/5000 [59:43 > 06:03]
L-BFGS:   9%|▉         | 462/5000 [59:42 > 06:04]
L-BFGS:   9%|▉         | 463/5000 [59:33 > 06:04]
L-BFGS:   9%|▉         | 464/5000 [59:51 > 06:05]
L-BFGS:   9%|▉         | 465/5000 [59:47 > 06:06]
L-BFGS:   9%|▉         | 466/5000 [59:45 > 06:07]
L-BFGS:   9%|▉         | 467/5000 [59:40 > 06:08]
L-BFGS:   9%|▉         | 468/5000 [59:32 > 06:08]
L-BFGS:   9%|▉         | 469/5000 [59:27 > 06:09]
L-BFGS:   9%|▉         | 470/5000 [59:28 > 06:10]
L-BFGS:   9%|▉         | 471/5000 [59:33 > 06:11]
L-BFGS:   9%|▉         | 472/5000 [59:34 > 06:12]
L-BFGS:   9%|▉         | 473/5000 [59:30 > 06:12]
L-BFGS:   9%|▉         | 474/5000 [59:23 > 06:13]
L-BFGS:  10%|▉         | 475/5000 [59:25 > 06:14]
L-BFGS:  10%|▉         | 476/5000 [59:22 > 06:15]
L-BFGS:  10%|▉         | 477/5000 [59:21 > 06:15]
L-BFGS:  10%|▉         | 478/5000 [59:17 > 06:16]
L-BFGS:  10%|▉         | 479/5000 [59:15 > 06:17]
L-BFGS:  10%|▉         | 480/5000 [59:20 > 06:18]
L-BFGS:  10%|▉         | 481/5000 [59:20 > 06:19]
L-BFGS:  10%|▉         | 482/5000 [59:18 > 06:19]
L-BFGS:  10%|▉         | 483/5000 [59:28 > 06:20]
L-BFGS:  10%|▉         | 484/5000 [59:26 > 06:21]
L-BFGS:  10%|▉         | 485/5000 [59:25 > 06:22]
L-BFGS:  10%|▉         | 486/5000 [59:17 > 06:23]
L-BFGS:  10%|▉         | 487/5000 [59:15 > 06:23]
L-BFGS:  10%|▉         | 488/5000 [59:12 > 06:24]
L-BFGS:  10%|▉         | 489/5000 [59:12 > 06:25]
L-BFGS:  10%|▉         | 490/5000 [59:12 > 06:26]
L-BFGS:  10%|▉         | 491/5000 [59:10 > 06:27]
L-BFGS:  10%|▉         | 492/5000 [59:09 > 06:27]
L-BFGS:  10%|▉         | 493/5000 [59:13 > 06:28]
L-BFGS:  10%|▉         | 494/5000 [59:16 > 06:29]
L-BFGS:  10%|▉         | 495/5000 [59:14 > 06:30]
L-BFGS:  10%|▉         | 496/5000 [59:17 > 06:30]
L-BFGS:  10%|▉         | 497/5000 [59:10 > 06:31]
L-BFGS:  10%|▉         | 498/5000 [59:12 > 06:32]
L-BFGS:  10%|▉         | 499/5000 [59:11 > 06:33]
L-BFGS:  10%|█         | 500/5000 [59:16 > 06:34]
L-BFGS:  10%|█         | 501/5000 [59:23 > 06:34]
L-BFGS:  10%|█         | 502/5000 [59:32 > 06:35]
L-BFGS:  10%|█         | 503/5000 [59:44 > 06:36]
L-BFGS:  10%|█         | 504/5000 [59:44 > 06:37]
L-BFGS:  10%|█         | 505/5000 [59:48 > 06:38]
L-BFGS:  10%|█         | 506/5000 [59:41 > 06:38]
L-BFGS:  10%|█         | 507/5000 [59:46 > 06:39]
L-BFGS:  10%|█         | 508/5000 [59:46 > 06:40]
L-BFGS:  10%|█         | 509/5000 [59:45 > 06:41]
L-BFGS:  10%|█         | 510/5000 [59:46 > 06:42]
L-BFGS:  10%|█         | 511/5000 [59:42 > 06:42]
L-BFGS:  10%|█         | 512/5000 [59:42 > 06:43]
L-BFGS:  10%|█         | 513/5000 [59:45 > 06:44]
L-BFGS:  10%|█         | 514/5000 [59:41 > 06:45]
L-BFGS:  10%|█         | 515/5000 [59:41 > 06:46]
L-BFGS:  10%|█         | 516/5000 [59:37 > 06:46]
L-BFGS:  10%|█         | 517/5000 [59:43 > 06:47]
L-BFGS:  10%|█         | 518/5000 [59:44 > 06:48]
L-BFGS:  10%|█         | 519/5000 [59:43 > 06:49]
L-BFGS:  10%|█         | 520/5000 [59:40 > 06:50]
L-BFGS:  10%|█         | 521/5000 [59:34 > 06:50]
L-BFGS:  10%|█         | 522/5000 [59:38 > 06:51]
L-BFGS:  10%|█         | 523/5000 [59:44 > 06:52]
L-BFGS:  10%|█         | 524/5000 [59:41 > 06:53]
L-BFGS:  10%|█         | 525/5000 [59:36 > 06:54]
L-BFGS:  11%|█         | 526/5000 [59:31 > 06:54]
L-BFGS:  11%|█         | 527/5000 [59:31 > 06:55]
L-BFGS:  11%|█         | 528/5000 [59:36 > 06:56]
L-BFGS:  11%|█         | 529/5000 [59:34 > 06:57]
L-BFGS:  11%|█         | 530/5000 [59:33 > 06:58]
L-BFGS:  11%|█         | 531/5000 [59:28 > 06:58]
L-BFGS:  11%|█         | 532/5000 [59:34 > 06:59]
L-BFGS:  11%|█         | 533/5000 [59:31 > 07:00]
L-BFGS:  11%|█         | 534/5000 [59:33 > 07:01]
L-BFGS:  11%|█         | 535/5000 [59:30 > 07:02]
L-BFGS:  11%|█         | 536/5000 [59:22 > 07:02]
L-BFGS:  11%|█         | 537/5000 [59:19 > 07:03]
L-BFGS:  11%|█         | 538/5000 [59:22 > 07:04]
L-BFGS:  11%|█         | 539/5000 [59:23 > 07:05]
L-BFGS:  11%|█         | 540/5000 [59:22 > 07:06]
L-BFGS:  11%|█         | 541/5000 [59:21 > 07:06]
L-BFGS:  11%|█         | 542/5000 [59:19 > 07:07]
L-BFGS:  11%|█         | 543/5000 [59:17 > 07:08]
L-BFGS:  11%|█         | 544/5000 [59:13 > 07:09]
L-BFGS:  11%|█         | 545/5000 [59:15 > 07:10]
L-BFGS:  11%|█         | 546/5000 [59:16 > 07:10]
L-BFGS:  11%|█         | 547/5000 [59:05 > 07:11]
L-BFGS:  11%|█         | 548/5000 [59:14 > 07:12]
L-BFGS:  11%|█         | 549/5000 [59:06 > 07:13]
L-BFGS:  11%|█         | 550/5000 [59:11 > 07:14]
L-BFGS:  11%|█         | 551/5000 [59:09 > 07:14]
L-BFGS:  11%|█         | 552/5000 [59:11 > 07:15]
L-BFGS:  11%|█         | 553/5000 [59:16 > 07:16]
L-BFGS:  11%|█         | 554/5000 [59:06 > 07:17]
L-BFGS:  11%|█         | 555/5000 [59:10 > 07:18]
L-BFGS:  11%|█         | 556/5000 [59:03 > 07:18]
L-BFGS:  11%|█         | 557/5000 [59:08 > 07:19]
L-BFGS:  11%|█         | 558/5000 [59:07 > 07:20]
L-BFGS:  11%|█         | 559/5000 [58:59 > 07:21]
L-BFGS:  11%|█         | 560/5000 [59:01 > 07:22]
L-BFGS:  11%|█         | 561/5000 [59:00 > 07:22]
L-BFGS:  11%|█         | 562/5000 [59:01 > 07:23]
L-BFGS:  11%|█▏        | 563/5000 [58:54 > 07:24]
L-BFGS:  11%|█▏        | 564/5000 [59:00 > 07:25]
L-BFGS:  11%|█▏        | 565/5000 [59:03 > 07:26]
L-BFGS:  11%|█▏        | 566/5000 [58:59 > 07:26]
L-BFGS:  11%|█▏        | 567/5000 [58:54 > 07:27]
L-BFGS:  11%|█▏        | 568/5000 [58:56 > 07:28]
L-BFGS:  11%|█▏        | 569/5000 [59:01 > 07:29]
L-BFGS:  11%|█▏        | 570/5000 [58:58 > 07:30]
L-BFGS:  11%|█▏        | 571/5000 [58:54 > 07:30]
L-BFGS:  11%|█▏        | 572/5000 [58:53 > 07:31]
L-BFGS:  11%|█▏        | 573/5000 [59:14 > 07:32]
L-BFGS:  11%|█▏        | 574/5000 [59:07 > 07:33]
L-BFGS:  12%|█▏        | 575/5000 [59:10 > 07:34]
L-BFGS:  12%|█▏        | 576/5000 [58:56 > 07:34]
L-BFGS:  12%|█▏        | 577/5000 [58:55 > 07:35]
L-BFGS:  12%|█▏        | 578/5000 [59:00 > 07:36]
L-BFGS:  12%|█▏        | 579/5000 [58:57 > 07:37]
L-BFGS:  12%|█▏        | 580/5000 [58:58 > 07:38]
L-BFGS:  12%|█▏        | 581/5000 [58:46 > 07:38]
L-BFGS:  12%|█▏        | 582/5000 [58:43 > 07:39]
L-BFGS:  12%|█▏        | 583/5000 [58:47 > 07:40]
L-BFGS:  12%|█▏        | 584/5000 [58:52 > 07:41]
L-BFGS:  12%|█▏        | 585/5000 [58:52 > 07:42]
L-BFGS:  12%|█▏        | 586/5000 [58:44 > 07:42]
L-BFGS:  12%|█▏        | 587/5000 [58:45 > 07:43]
L-BFGS:  12%|█▏        | 588/5000 [58:42 > 07:44]
L-BFGS:  12%|█▏        | 589/5000 [58:45 > 07:45]
L-BFGS:  12%|█▏        | 590/5000 [58:47 > 07:46]
L-BFGS:  12%|█▏        | 591/5000 [58:44 > 07:46]
L-BFGS:  12%|█▏        | 592/5000 [58:39 > 07:47]
L-BFGS:  12%|█▏        | 593/5000 [58:46 > 07:48]
L-BFGS:  12%|█▏        | 594/5000 [58:45 > 07:49]
L-BFGS:  12%|█▏        | 595/5000 [58:43 > 07:50]
L-BFGS:  12%|█▏        | 596/5000 [58:41 > 07:50]
L-BFGS:  12%|█▏        | 597/5000 [58:39 > 07:51]
L-BFGS:  12%|█▏        | 598/5000 [58:41 > 07:52]
L-BFGS:  12%|█▏        | 599/5000 [58:41 > 07:53]
L-BFGS:  12%|█▏        | 600/5000 [58:45 > 07:54]
L-BFGS:  12%|█▏        | 601/5000 [58:31 > 07:54]
L-BFGS:  12%|█▏        | 602/5000 [58:36 > 07:55]
L-BFGS:  12%|█▏        | 603/5000 [58:34 > 07:56]
L-BFGS:  12%|█▏        | 604/5000 [58:30 > 07:57]
L-BFGS:  12%|█▏        | 605/5000 [58:33 > 07:58]
L-BFGS:  12%|█▏        | 606/5000 [58:30 > 07:58]
L-BFGS:  12%|█▏        | 607/5000 [58:31 > 07:59]
L-BFGS:  12%|█▏        | 608/5000 [58:31 > 08:00]
L-BFGS:  12%|█▏        | 609/5000 [58:31 > 08:01]
L-BFGS:  12%|█▏        | 610/5000 [58:28 > 08:02]
L-BFGS:  12%|█▏        | 611/5000 [58:28 > 08:02]
L-BFGS:  12%|█▏        | 612/5000 [58:19 > 08:03]
L-BFGS:  12%|█▏        | 613/5000 [58:13 > 08:04]
L-BFGS:  12%|█▏        | 614/5000 [58:22 > 08:05]
L-BFGS:  12%|█▏        | 615/5000 [58:22 > 08:06]
L-BFGS:  12%|█▏        | 616/5000 [58:24 > 08:06]
L-BFGS:  12%|█▏        | 617/5000 [58:27 > 08:07]
L-BFGS:  12%|█▏        | 618/5000 [58:25 > 08:08]
L-BFGS:  12%|█▏        | 619/5000 [58:24 > 08:09]
L-BFGS:  12%|█▏        | 620/5000 [58:20 > 08:10]
L-BFGS:  12%|█▏        | 621/5000 [58:16 > 08:10]
L-BFGS:  12%|█▏        | 622/5000 [58:17 > 08:11]
L-BFGS:  12%|█▏        | 623/5000 [58:20 > 08:12]
L-BFGS:  12%|█▏        | 624/5000 [58:18 > 08:13]
L-BFGS:  12%|█▎        | 625/5000 [58:12 > 08:14]
L-BFGS:  13%|█▎        | 626/5000 [58:12 > 08:14]
L-BFGS:  13%|█▎        | 627/5000 [58:12 > 08:15]
L-BFGS:  13%|█▎        | 628/5000 [58:03 > 08:16]
L-BFGS:  13%|█▎        | 629/5000 [58:02 > 08:17]
L-BFGS:  13%|█▎        | 630/5000 [58:05 > 08:17]
L-BFGS:  13%|█▎        | 631/5000 [58:06 > 08:18]
L-BFGS:  13%|█▎        | 632/5000 [58:10 > 08:19]
L-BFGS:  13%|█▎        | 633/5000 [58:11 > 08:20]
L-BFGS:  13%|█▎        | 634/5000 [58:14 > 08:21]
L-BFGS:  13%|█▎        | 635/5000 [58:06 > 08:21]
L-BFGS:  13%|█▎        | 636/5000 [57:57 > 08:22]
L-BFGS:  13%|█▎        | 637/5000 [57:56 > 08:23]
L-BFGS:  13%|█▎        | 638/5000 [57:50 > 08:24]
L-BFGS:  13%|█▎        | 639/5000 [57:52 > 08:25]
L-BFGS:  13%|█▎        | 640/5000 [57:51 > 08:25]
L-BFGS:  13%|█▎        | 641/5000 [57:44 > 08:26]
L-BFGS:  13%|█▎        | 642/5000 [57:34 > 08:27]
L-BFGS:  13%|█▎        | 643/5000 [57:29 > 08:28]
L-BFGS:  13%|█▎        | 644/5000 [57:26 > 08:29]
L-BFGS:  13%|█▎        | 645/5000 [57:16 > 08:29]
L-BFGS:  13%|█▎        | 646/5000 [57:19 > 08:30]
L-BFGS:  13%|█▎        | 647/5000 [57:18 > 08:31]
L-BFGS:  13%|█▎        | 648/5000 [57:18 > 08:32]
L-BFGS:  13%|█▎        | 649/5000 [57:14 > 08:33]
L-BFGS:  13%|█▎        | 650/5000 [57:09 > 08:33]
L-BFGS:  13%|█▎        | 651/5000 [57:02 > 08:34]
L-BFGS:  13%|█▎        | 652/5000 [57:00 > 08:35]
L-BFGS:  13%|█▎        | 653/5000 [57:02 > 08:36]
L-BFGS:  13%|█▎        | 654/5000 [56:58 > 08:36]
L-BFGS:  13%|█▎        | 655/5000 [57:00 > 08:37]
L-BFGS:  13%|█▎        | 656/5000 [56:59 > 08:38]
L-BFGS:  13%|█▎        | 657/5000 [57:05 > 08:39]
L-BFGS:  13%|█▎        | 658/5000 [57:02 > 08:40]
L-BFGS:  13%|█▎        | 659/5000 [56:57 > 08:40]
L-BFGS:  13%|█▎        | 660/5000 [56:59 > 08:41]
L-BFGS:  13%|█▎        | 661/5000 [56:57 > 08:42]
L-BFGS:  13%|█▎        | 662/5000 [56:57 > 08:43]
L-BFGS:  13%|█▎        | 663/5000 [56:53 > 08:44]
L-BFGS:  13%|█▎        | 664/5000 [56:48 > 08:44]
L-BFGS:  13%|█▎        | 665/5000 [56:49 > 08:45]
L-BFGS:  13%|█▎        | 666/5000 [56:47 > 08:46]
L-BFGS:  13%|█▎        | 667/5000 [56:47 > 08:47]
L-BFGS:  13%|█▎        | 668/5000 [56:42 > 08:48]
L-BFGS:  13%|█▎        | 669/5000 [56:51 > 08:48]
L-BFGS:  13%|█▎        | 670/5000 [56:45 > 08:49]
L-BFGS:  13%|█▎        | 671/5000 [56:45 > 08:50]
L-BFGS:  13%|█▎        | 672/5000 [56:48 > 08:51]
L-BFGS:  13%|█▎        | 673/5000 [56:45 > 08:51]
L-BFGS:  13%|█▎        | 674/5000 [56:44 > 08:52]
L-BFGS:  14%|█▎        | 675/5000 [56:46 > 08:53]
L-BFGS:  14%|█▎        | 676/5000 [56:48 > 08:54]
L-BFGS:  14%|█▎        | 677/5000 [56:48 > 08:55]
L-BFGS:  14%|█▎        | 678/5000 [56:43 > 08:55]
L-BFGS:  14%|█▎        | 679/5000 [56:42 > 08:56]
L-BFGS:  14%|█▎        | 680/5000 [56:42 > 08:57]
L-BFGS:  14%|█▎        | 681/5000 [56:47 > 08:58]
L-BFGS:  14%|█▎        | 682/5000 [56:44 > 08:59]
L-BFGS:  14%|█▎        | 683/5000 [56:39 > 08:59]
L-BFGS:  14%|█▎        | 684/5000 [56:45 > 09:00]
L-BFGS:  14%|█▎        | 685/5000 [56:43 > 09:01]
L-BFGS:  14%|█▎        | 686/5000 [56:44 > 09:02]
L-BFGS:  14%|█▎        | 687/5000 [56:37 > 09:02]
L-BFGS:  14%|█▍        | 688/5000 [56:40 > 09:03]
L-BFGS:  14%|█▍        | 689/5000 [56:37 > 09:04]
L-BFGS:  14%|█▍        | 690/5000 [56:34 > 09:05]
L-BFGS:  14%|█▍        | 691/5000 [56:38 > 09:06]
L-BFGS:  14%|█▍        | 692/5000 [56:33 > 09:06]
L-BFGS:  14%|█▍        | 693/5000 [56:35 > 09:07]
L-BFGS:  14%|█▍        | 694/5000 [56:37 > 09:08]
L-BFGS:  14%|█▍        | 695/5000 [56:37 > 09:09]
L-BFGS:  14%|█▍        | 696/5000 [56:36 > 09:10]
L-BFGS:  14%|█▍        | 697/5000 [56:31 > 09:10]
L-BFGS:  14%|█▍        | 698/5000 [56:39 > 09:11]
L-BFGS:  14%|█▍        | 699/5000 [56:35 > 09:12]
L-BFGS:  14%|█▍        | 700/5000 [56:41 > 09:13]
L-BFGS:  14%|█▍        | 701/5000 [56:33 > 09:14]
L-BFGS:  14%|█▍        | 702/5000 [56:27 > 09:14]
L-BFGS:  14%|█▍        | 703/5000 [56:28 > 09:15]
L-BFGS:  14%|█▍        | 704/5000 [56:27 > 09:16]
L-BFGS:  14%|█▍        | 705/5000 [56:28 > 09:17]
L-BFGS:  14%|█▍        | 706/5000 [56:19 > 09:17]
L-BFGS:  14%|█▍        | 707/5000 [56:23 > 09:18]
L-BFGS:  14%|█▍        | 708/5000 [56:21 > 09:19]
L-BFGS:  14%|█▍        | 709/5000 [56:19 > 09:20]
L-BFGS:  14%|█▍        | 710/5000 [56:22 > 09:21]
L-BFGS:  14%|█▍        | 711/5000 [56:14 > 09:21]
L-BFGS:  14%|█▍        | 712/5000 [56:14 > 09:22]
L-BFGS:  14%|█▍        | 713/5000 [56:16 > 09:23]
L-BFGS:  14%|█▍        | 714/5000 [56:18 > 09:24]
L-BFGS:  14%|█▍        | 715/5000 [56:17 > 09:25]
L-BFGS:  14%|█▍        | 716/5000 [56:10 > 09:25]
L-BFGS:  14%|█▍        | 717/5000 [56:13 > 09:26]
L-BFGS:  14%|█▍        | 718/5000 [56:12 > 09:27]
L-BFGS:  14%|█▍        | 719/5000 [56:17 > 09:28]
L-BFGS:  14%|█▍        | 720/5000 [56:11 > 09:29]
L-BFGS:  14%|█▍        | 721/5000 [56:15 > 09:29]
L-BFGS:  14%|█▍        | 722/5000 [56:11 > 09:30]
L-BFGS:  14%|█▍        | 723/5000 [56:11 > 09:31]
L-BFGS:  14%|█▍        | 724/5000 [56:20 > 09:32]
L-BFGS:  14%|█▍        | 725/5000 [56:12 > 09:32]
L-BFGS:  15%|█▍        | 726/5000 [56:13 > 09:33]
L-BFGS:  15%|█▍        | 727/5000 [56:10 > 09:34]
L-BFGS:  15%|█▍        | 728/5000 [56:06 > 09:35]
L-BFGS:  15%|█▍        | 729/5000 [56:04 > 09:36]
L-BFGS:  15%|█▍        | 730/5000 [55:56 > 09:36]
L-BFGS:  15%|█▍        | 731/5000 [55:57 > 09:37]
L-BFGS:  15%|█▍        | 732/5000 [56:00 > 09:38]
L-BFGS:  15%|█▍        | 733/5000 [56:05 > 09:39]
L-BFGS:  15%|█▍        | 734/5000 [56:02 > 09:40]
L-BFGS:  15%|█▍        | 735/5000 [55:54 > 09:40]
L-BFGS:  15%|█▍        | 736/5000 [55:58 > 09:41]
L-BFGS:  15%|█▍        | 737/5000 [56:06 > 09:42]
L-BFGS:  15%|█▍        | 738/5000 [56:05 > 09:43]
L-BFGS:  15%|█▍        | 739/5000 [55:56 > 09:43]
L-BFGS:  15%|█▍        | 740/5000 [55:54 > 09:44]
L-BFGS:  15%|█▍        | 741/5000 [55:54 > 09:45]
L-BFGS:  15%|█▍        | 742/5000 [55:53 > 09:46]
L-BFGS:  15%|█▍        | 743/5000 [55:55 > 09:47]
L-BFGS:  15%|█▍        | 744/5000 [55:47 > 09:47]
L-BFGS:  15%|█▍        | 745/5000 [55:48 > 09:48]
L-BFGS:  15%|█▍        | 746/5000 [55:48 > 09:49]
L-BFGS:  15%|█▍        | 747/5000 [55:50 > 09:50]
L-BFGS:  15%|█▍        | 748/5000 [55:48 > 09:51]
L-BFGS:  15%|█▍        | 749/5000 [55:43 > 09:51]
L-BFGS:  15%|█▌        | 750/5000 [55:46 > 09:52]
L-BFGS:  15%|█▌        | 751/5000 [55:49 > 09:53]
L-BFGS:  15%|█▌        | 752/5000 [55:49 > 09:54]
L-BFGS:  15%|█▌        | 753/5000 [55:42 > 09:55]
L-BFGS:  15%|█▌        | 754/5000 [55:49 > 09:55]
L-BFGS:  15%|█▌        | 755/5000 [55:45 > 09:56]
L-BFGS:  15%|█▌        | 756/5000 [55:45 > 09:57]
L-BFGS:  15%|█▌        | 757/5000 [55:41 > 09:58]
L-BFGS:  15%|█▌        | 758/5000 [55:34 > 09:58]
L-BFGS:  15%|█▌        | 759/5000 [55:42 > 09:59]
L-BFGS:  15%|█▌        | 760/5000 [55:38 > 10:00]
L-BFGS:  15%|█▌        | 761/5000 [55:38 > 10:01]
L-BFGS:  15%|█▌        | 762/5000 [55:40 > 10:02]
L-BFGS:  15%|█▌        | 763/5000 [55:32 > 10:02]
L-BFGS:  15%|█▌        | 764/5000 [55:38 > 10:03]
L-BFGS:  15%|█▌        | 765/5000 [55:36 > 10:04]
L-BFGS:  15%|█▌        | 766/5000 [55:39 > 10:05]
L-BFGS:  15%|█▌        | 767/5000 [55:33 > 10:06]
L-BFGS:  15%|█▌        | 768/5000 [55:29 > 10:06]
L-BFGS:  15%|█▌        | 769/5000 [55:33 > 10:07]
L-BFGS:  15%|█▌        | 770/5000 [55:39 > 10:08]
L-BFGS:  15%|█▌        | 771/5000 [55:48 > 10:09]
L-BFGS:  15%|█▌        | 772/5000 [55:39 > 10:09]
L-BFGS:  15%|█▌        | 773/5000 [55:36 > 10:10]
L-BFGS:  15%|█▌        | 774/5000 [55:33 > 10:11]
L-BFGS:  16%|█▌        | 775/5000 [55:32 > 10:12]
L-BFGS:  16%|█▌        | 776/5000 [55:32 > 10:13]
L-BFGS:  16%|█▌        | 777/5000 [55:23 > 10:13]
L-BFGS:  16%|█▌        | 778/5000 [55:24 > 10:14]
L-BFGS:  16%|█▌        | 779/5000 [55:24 > 10:15]
L-BFGS:  16%|█▌        | 780/5000 [55:23 > 10:16]
L-BFGS:  16%|█▌        | 781/5000 [55:22 > 10:17]
L-BFGS:  16%|█▌        | 782/5000 [55:16 > 10:17]
L-BFGS:  16%|█▌        | 783/5000 [55:17 > 10:18]
L-BFGS:  16%|█▌        | 784/5000 [55:15 > 10:19]
L-BFGS:  16%|█▌        | 785/5000 [55:17 > 10:20]
L-BFGS:  16%|█▌        | 786/5000 [55:13 > 10:20]
L-BFGS:  16%|█▌        | 787/5000 [55:14 > 10:21]
L-BFGS:  16%|█▌        | 788/5000 [55:14 > 10:22]
L-BFGS:  16%|█▌        | 789/5000 [55:19 > 10:23]
L-BFGS:  16%|█▌        | 790/5000 [55:20 > 10:24]
L-BFGS:  16%|█▌        | 791/5000 [55:13 > 10:24]
L-BFGS:  16%|█▌        | 792/5000 [55:23 > 10:25]
L-BFGS:  16%|█▌        | 793/5000 [55:18 > 10:26]
L-BFGS:  16%|█▌        | 794/5000 [55:11 > 10:27]
L-BFGS:  16%|█▌        | 795/5000 [55:12 > 10:28]
L-BFGS:  16%|█▌        | 796/5000 [55:05 > 10:28]
L-BFGS:  16%|█▌        | 797/5000 [55:06 > 10:29]
L-BFGS:  16%|█▌        | 798/5000 [55:03 > 10:30]
L-BFGS:  16%|█▌        | 799/5000 [55:05 > 10:31]
L-BFGS:  16%|█▌        | 800/5000 [55:15 > 10:32]
L-BFGS:  16%|█▌        | 801/5000 [55:08 > 10:32]
L-BFGS:  16%|█▌        | 802/5000 [55:09 > 10:33]
L-BFGS:  16%|█▌        | 803/5000 [55:07 > 10:34]
L-BFGS:  16%|█▌        | 804/5000 [55:09 > 10:35]
L-BFGS:  16%|█▌        | 805/5000 [55:02 > 10:35]
L-BFGS:  16%|█▌        | 806/5000 [55:04 > 10:36]
L-BFGS:  16%|█▌        | 807/5000 [55:05 > 10:37]
L-BFGS:  16%|█▌        | 808/5000 [55:04 > 10:38]
L-BFGS:  16%|█▌        | 809/5000 [55:04 > 10:39]
L-BFGS:  16%|█▌        | 810/5000 [54:59 > 10:39]
L-BFGS:  16%|█▌        | 811/5000 [55:03 > 10:40]
L-BFGS:  16%|█▌        | 812/5000 [54:59 > 10:41]
L-BFGS:  16%|█▋        | 813/5000 [54:58 > 10:42]
L-BFGS:  16%|█▋        | 814/5000 [54:56 > 10:43]
L-BFGS:  16%|█▋        | 815/5000 [54:51 > 10:43]
L-BFGS:  16%|█▋        | 816/5000 [54:51 > 10:44]
L-BFGS:  16%|█▋        | 817/5000 [54:53 > 10:45]
L-BFGS:  16%|█▋        | 818/5000 [54:55 > 10:46]
L-BFGS:  16%|█▋        | 819/5000 [54:47 > 10:46]
L-BFGS:  16%|█▋        | 820/5000 [54:45 > 10:47]
L-BFGS:  16%|█▋        | 821/5000 [54:48 > 10:48]
L-BFGS:  16%|█▋        | 822/5000 [54:48 > 10:49]
L-BFGS:  16%|█▋        | 823/5000 [54:51 > 10:50]
L-BFGS:  16%|█▋        | 824/5000 [54:59 > 10:50]
L-BFGS:  16%|█▋        | 825/5000 [54:58 > 10:51]
L-BFGS:  17%|█▋        | 826/5000 [54:52 > 10:52]
L-BFGS:  17%|█▋        | 827/5000 [54:46 > 10:53]
L-BFGS:  17%|█▋        | 828/5000 [54:47 > 10:54]
L-BFGS:  17%|█▋        | 829/5000 [54:40 > 10:54]
L-BFGS:  17%|█▋        | 830/5000 [54:38 > 10:55]
L-BFGS:  17%|█▋        | 831/5000 [54:41 > 10:56]
L-BFGS:  17%|█▋        | 832/5000 [54:40 > 10:57]
L-BFGS:  17%|█▋        | 833/5000 [54:39 > 10:58]
L-BFGS:  17%|█▋        | 834/5000 [54:39 > 10:58]
L-BFGS:  17%|█▋        | 835/5000 [54:41 > 10:59]
L-BFGS:  17%|█▋        | 836/5000 [54:39 > 11:00]
L-BFGS:  17%|█▋        | 837/5000 [54:41 > 11:01]
L-BFGS:  17%|█▋        | 838/5000 [54:35 > 11:01]
L-BFGS:  17%|█▋        | 839/5000 [54:37 > 11:02]
L-BFGS:  17%|█▋        | 840/5000 [54:37 > 11:03]
L-BFGS:  17%|█▋        | 841/5000 [54:37 > 11:04]
L-BFGS:  17%|█▋        | 842/5000 [54:39 > 11:05]
L-BFGS:  17%|█▋        | 843/5000 [54:34 > 11:05]
L-BFGS:  17%|█▋        | 844/5000 [54:32 > 11:06]
L-BFGS:  17%|█▋        | 845/5000 [54:32 > 11:07]
L-BFGS:  17%|█▋        | 846/5000 [54:34 > 11:08]
L-BFGS:  17%|█▋        | 847/5000 [54:31 > 11:09]
L-BFGS:  17%|█▋        | 848/5000 [54:28 > 11:09]
L-BFGS:  17%|█▋        | 849/5000 [54:30 > 11:10]
L-BFGS:  17%|█▋        | 850/5000 [54:29 > 11:11]
L-BFGS:  17%|█▋        | 851/5000 [54:24 > 11:12]
L-BFGS:  17%|█▋        | 852/5000 [54:22 > 11:12]
L-BFGS:  17%|█▋        | 853/5000 [54:20 > 11:13]
L-BFGS:  17%|█▋        | 854/5000 [54:23 > 11:14]
L-BFGS:  17%|█▋        | 855/5000 [54:19 > 11:15]
L-BFGS:  17%|█▋        | 856/5000 [54:26 > 11:16]
L-BFGS:  17%|█▋        | 857/5000 [54:20 > 11:16]
L-BFGS:  17%|█▋        | 858/5000 [54:19 > 11:17]
L-BFGS:  17%|█▋        | 859/5000 [54:20 > 11:18]
L-BFGS:  17%|█▋        | 860/5000 [54:21 > 11:19]
L-BFGS:  17%|█▋        | 861/5000 [54:21 > 11:20]
L-BFGS:  17%|█▋        | 862/5000 [54:21 > 11:20]
L-BFGS:  17%|█▋        | 863/5000 [54:17 > 11:21]
L-BFGS:  17%|█▋        | 864/5000 [54:19 > 11:22]
L-BFGS:  17%|█▋        | 865/5000 [54:20 > 11:23]
L-BFGS:  17%|█▋        | 866/5000 [54:17 > 11:24]
L-BFGS:  17%|█▋        | 867/5000 [54:15 > 11:24]
L-BFGS:  17%|█▋        | 868/5000 [54:17 > 11:25]
L-BFGS:  17%|█▋        | 869/5000 [54:15 > 11:26]
L-BFGS:  17%|█▋        | 870/5000 [54:16 > 11:27]
L-BFGS:  17%|█▋        | 871/5000 [54:11 > 11:27]
L-BFGS:  17%|█▋        | 872/5000 [54:07 > 11:28]
L-BFGS:  17%|█▋        | 873/5000 [54:11 > 11:29]
L-BFGS:  17%|█▋        | 874/5000 [54:12 > 11:30]
L-BFGS:  18%|█▊        | 875/5000 [54:16 > 11:31]
L-BFGS:  18%|█▊        | 876/5000 [54:08 > 11:31]
L-BFGS:  18%|█▊        | 877/5000 [54:10 > 11:32]
L-BFGS:  18%|█▊        | 878/5000 [54:13 > 11:33]
L-BFGS:  18%|█▊        | 879/5000 [54:09 > 11:34]
L-BFGS:  18%|█▊        | 880/5000 [54:06 > 11:35]
L-BFGS:  18%|█▊        | 881/5000 [54:02 > 11:35]
L-BFGS:  18%|█▊        | 882/5000 [54:07 > 11:36]
L-BFGS:  18%|█▊        | 883/5000 [54:07 > 11:37]
L-BFGS:  18%|█▊        | 884/5000 [54:14 > 11:38]
L-BFGS:  18%|█▊        | 885/5000 [54:23 > 11:39]
L-BFGS:  18%|█▊        | 886/5000 [54:30 > 11:39]
L-BFGS:  18%|█▊        | 887/5000 [54:32 > 11:40]
L-BFGS:  18%|█▊        | 888/5000 [54:34 > 11:41]
L-BFGS:  18%|█▊        | 889/5000 [54:37 > 11:42]
L-BFGS:  18%|█▊        | 890/5000 [54:33 > 11:42]
L-BFGS:  18%|█▊        | 891/5000 [54:35 > 11:43]
L-BFGS:  18%|█▊        | 892/5000 [54:37 > 11:44]
L-BFGS:  18%|█▊        | 893/5000 [54:38 > 11:45]
L-BFGS:  18%|█▊        | 894/5000 [54:39 > 11:46]
L-BFGS:  18%|█▊        | 895/5000 [54:28 > 11:46]
L-BFGS:  18%|█▊        | 896/5000 [54:34 > 11:47]
L-BFGS:  18%|█▊        | 897/5000 [54:36 > 11:48]
L-BFGS:  18%|█▊        | 898/5000 [54:39 > 11:49]
L-BFGS:  18%|█▊        | 899/5000 [54:41 > 11:50]
L-BFGS:  18%|█▊        | 900/5000 [54:34 > 11:50]
L-BFGS:  18%|█▊        | 901/5000 [54:35 > 11:51]
L-BFGS:  18%|█▊        | 902/5000 [54:37 > 11:52]
L-BFGS:  18%|█▊        | 903/5000 [54:38 > 11:53]
L-BFGS:  18%|█▊        | 904/5000 [54:39 > 11:54]
L-BFGS:  18%|█▊        | 905/5000 [54:34 > 11:54]
L-BFGS:  18%|█▊        | 906/5000 [54:33 > 11:55]
L-BFGS:  18%|█▊        | 907/5000 [54:35 > 11:56]
L-BFGS:  18%|█▊        | 908/5000 [54:32 > 11:57]
L-BFGS:  18%|█▊        | 909/5000 [54:32 > 11:58]
L-BFGS:  18%|█▊        | 910/5000 [54:24 > 11:58]
L-BFGS:  18%|█▊        | 911/5000 [54:23 > 11:59]
L-BFGS:  18%|█▊        | 912/5000 [54:26 > 12:00]
L-BFGS:  18%|█▊        | 913/5000 [54:26 > 12:01]
L-BFGS:  18%|█▊        | 914/5000 [54:31 > 12:02]
L-BFGS:  18%|█▊        | 915/5000 [54:25 > 12:02]
L-BFGS:  18%|█▊        | 916/5000 [54:28 > 12:03]
L-BFGS:  18%|█▊        | 917/5000 [54:19 > 12:04]
L-BFGS:  18%|█▊        | 918/5000 [54:24 > 12:05]
L-BFGS:  18%|█▊        | 919/5000 [54:26 > 12:06]
L-BFGS:  18%|█▊        | 920/5000 [54:22 > 12:06]
L-BFGS:  18%|█▊        | 921/5000 [54:21 > 12:07]
L-BFGS:  18%|█▊        | 922/5000 [54:14 > 12:08]
L-BFGS:  18%|█▊        | 923/5000 [54:20 > 12:09]
L-BFGS:  18%|█▊        | 924/5000 [54:18 > 12:10]
L-BFGS:  18%|█▊        | 925/5000 [54:13 > 12:10]
L-BFGS:  19%|█▊        | 926/5000 [54:11 > 12:11]
L-BFGS:  19%|█▊        | 927/5000 [54:12 > 12:12]
L-BFGS:  19%|█▊        | 928/5000 [54:12 > 12:13]
L-BFGS:  19%|█▊        | 929/5000 [54:13 > 12:14]
L-BFGS:  19%|█▊        | 930/5000 [54:09 > 12:14]
L-BFGS:  19%|█▊        | 931/5000 [54:12 > 12:15]
L-BFGS:  19%|█▊        | 932/5000 [54:13 > 12:16]
L-BFGS:  19%|█▊        | 933/5000 [54:07 > 12:17]
L-BFGS:  19%|█▊        | 934/5000 [54:04 > 12:18]
L-BFGS:  19%|█▊        | 935/5000 [53:51 > 12:18]
L-BFGS:  19%|█▊        | 936/5000 [53:56 > 12:19]
L-BFGS:  19%|█▊        | 937/5000 [54:00 > 12:20]
L-BFGS:  19%|█▉        | 938/5000 [53:55 > 12:21]
L-BFGS:  19%|█▉        | 939/5000 [54:01 > 12:22]
L-BFGS:  19%|█▉        | 940/5000 [53:56 > 12:22]
L-BFGS:  19%|█▉        | 941/5000 [53:57 > 12:23]
L-BFGS:  19%|█▉        | 942/5000 [54:01 > 12:24]
L-BFGS:  19%|█▉        | 943/5000 [54:01 > 12:25]
L-BFGS:  19%|█▉        | 944/5000 [54:03 > 12:26]
L-BFGS:  19%|█▉        | 945/5000 [53:59 > 12:26]
L-BFGS:  19%|█▉        | 946/5000 [53:52 > 12:27]
L-BFGS:  19%|█▉        | 947/5000 [53:56 > 12:28]
L-BFGS:  19%|█▉        | 948/5000 [53:53 > 12:29]
L-BFGS:  19%|█▉        | 949/5000 [53:53 > 12:30]
L-BFGS:  19%|█▉        | 950/5000 [53:51 > 12:30]
L-BFGS:  19%|█▉        | 951/5000 [53:52 > 12:31]
L-BFGS:  19%|█▉        | 952/5000 [53:55 > 12:32]
L-BFGS:  19%|█▉        | 953/5000 [53:55 > 12:33]
L-BFGS:  19%|█▉        | 954/5000 [53:56 > 12:34]
L-BFGS:  19%|█▉        | 955/5000 [53:48 > 12:34]
L-BFGS:  19%|█▉        | 956/5000 [53:51 > 12:35]
L-BFGS:  19%|█▉        | 957/5000 [53:55 > 12:36]
L-BFGS:  19%|█▉        | 958/5000 [53:48 > 12:37]
L-BFGS:  19%|█▉        | 959/5000 [53:48 > 12:38]
L-BFGS:  19%|█▉        | 960/5000 [53:41 > 12:38]
L-BFGS:  19%|█▉        | 961/5000 [53:42 > 12:39]
L-BFGS:  19%|█▉        | 962/5000 [53:43 > 12:40]
L-BFGS:  19%|█▉        | 963/5000 [53:45 > 12:41]
L-BFGS:  19%|█▉        | 964/5000 [53:45 > 12:42]
L-BFGS:  19%|█▉        | 965/5000 [53:40 > 12:42]
L-BFGS:  19%|█▉        | 966/5000 [53:46 > 12:43]
L-BFGS:  19%|█▉        | 967/5000 [53:45 > 12:44]
L-BFGS:  19%|█▉        | 968/5000 [53:46 > 12:45]
L-BFGS:  19%|█▉        | 969/5000 [53:44 > 12:46]
L-BFGS:  19%|█▉        | 970/5000 [53:41 > 12:46]
L-BFGS:  19%|█▉        | 971/5000 [53:36 > 12:47]
L-BFGS:  19%|█▉        | 972/5000 [53:38 > 12:48]
L-BFGS:  19%|█▉        | 973/5000 [53:39 > 12:49]
L-BFGS:  19%|█▉        | 974/5000 [53:38 > 12:50]
L-BFGS:  20%|█▉        | 975/5000 [53:34 > 12:50]
L-BFGS:  20%|█▉        | 976/5000 [53:36 > 12:51]
L-BFGS:  20%|█▉        | 977/5000 [53:38 > 12:52]
L-BFGS:  20%|█▉        | 978/5000 [53:39 > 12:53]
L-BFGS:  20%|█▉        | 979/5000 [53:38 > 12:54]
L-BFGS:  20%|█▉        | 980/5000 [53:30 > 12:54]
L-BFGS:  20%|█▉        | 981/5000 [53:30 > 12:55]
L-BFGS:  20%|█▉        | 982/5000 [53:30 > 12:56]
L-BFGS:  20%|█▉        | 983/5000 [53:29 > 12:57]
L-BFGS:  20%|█▉        | 984/5000 [53:27 > 12:58]
L-BFGS:  20%|█▉        | 985/5000 [53:20 > 12:58]
L-BFGS:  20%|█▉        | 986/5000 [53:22 > 12:59]
L-BFGS:  20%|█▉        | 987/5000 [53:25 > 13:00]
L-BFGS:  20%|█▉        | 988/5000 [53:31 > 13:01]
L-BFGS:  20%|█▉        | 989/5000 [53:31 > 13:02]
L-BFGS:  20%|█▉        | 990/5000 [53:24 > 13:02]
L-BFGS:  20%|█▉        | 991/5000 [53:20 > 13:03]
L-BFGS:  20%|█▉        | 992/5000 [53:19 > 13:04]
L-BFGS:  20%|█▉        | 993/5000 [53:22 > 13:05]
L-BFGS:  20%|█▉        | 994/5000 [53:18 > 13:06]
L-BFGS:  20%|█▉        | 995/5000 [53:18 > 13:06]
L-BFGS:  20%|█▉        | 996/5000 [53:18 > 13:07]
L-BFGS:  20%|█▉        | 997/5000 [53:18 > 13:08]
L-BFGS:  20%|█▉        | 998/5000 [53:18 > 13:09]
L-BFGS:  20%|█▉        | 999/5000 [53:13 > 13:10]
L-BFGS:  20%|██        | 1000/5000 [53:14 > 13:10]
L-BFGS:  20%|██        | 1001/5000 [53:16 > 13:11]
L-BFGS:  20%|██        | 1002/5000 [53:19 > 13:12]
L-BFGS:  20%|██        | 1003/5000 [53:19 > 13:13]
L-BFGS:  20%|██        | 1004/5000 [53:16 > 13:14]
L-BFGS:  20%|██        | 1005/5000 [53:14 > 13:14]
L-BFGS:  20%|██        | 1006/5000 [53:14 > 13:15]
L-BFGS:  20%|██        | 1007/5000 [53:09 > 13:16]
L-BFGS:  20%|██        | 1008/5000 [53:07 > 13:17]
L-BFGS:  20%|██        | 1009/5000 [53:03 > 13:18]
L-BFGS:  20%|██        | 1010/5000 [53:03 > 13:18]
L-BFGS:  20%|██        | 1011/5000 [53:08 > 13:19]
L-BFGS:  20%|██        | 1012/5000 [53:06 > 13:20]
L-BFGS:  20%|██        | 1013/5000 [53:11 > 13:21]
L-BFGS:  20%|██        | 1014/5000 [53:05 > 13:22]
L-BFGS:  20%|██        | 1015/5000 [53:08 > 13:22]
L-BFGS:  20%|██        | 1016/5000 [53:06 > 13:23]
L-BFGS:  20%|██        | 1017/5000 [53:08 > 13:24]
L-BFGS:  20%|██        | 1018/5000 [53:07 > 13:25]
L-BFGS:  20%|██        | 1019/5000 [52:59 > 13:26]
L-BFGS:  20%|██        | 1020/5000 [52:58 > 13:26]
L-BFGS:  20%|██        | 1021/5000 [52:58 > 13:27]
L-BFGS:  20%|██        | 1022/5000 [52:54 > 13:28]
L-BFGS:  20%|██        | 1023/5000 [52:54 > 13:29]
L-BFGS:  20%|██        | 1024/5000 [52:39 > 13:30]
L-BFGS:  20%|██        | 1025/5000 [52:28 > 13:30]
L-BFGS:  21%|██        | 1026/5000 [52:24 > 13:31]
L-BFGS:  21%|██        | 1027/5000 [52:22 > 13:32]
L-BFGS:  21%|██        | 1028/5000 [52:20 > 13:33]
L-BFGS:  21%|██        | 1029/5000 [52:13 > 13:33]
L-BFGS:  21%|██        | 1030/5000 [52:11 > 13:34]
L-BFGS:  21%|██        | 1031/5000 [52:13 > 13:35]
L-BFGS:  21%|██        | 1032/5000 [52:10 > 13:36]
L-BFGS:  21%|██        | 1033/5000 [52:09 > 13:37]
L-BFGS:  21%|██        | 1034/5000 [52:03 > 13:37]
L-BFGS:  21%|██        | 1035/5000 [52:09 > 13:38]
L-BFGS:  21%|██        | 1036/5000 [52:08 > 13:39]
L-BFGS:  21%|██        | 1037/5000 [52:02 > 13:40]
L-BFGS:  21%|██        | 1038/5000 [52:01 > 13:41]
L-BFGS:  21%|██        | 1039/5000 [52:00 > 13:41]
L-BFGS:  21%|██        | 1040/5000 [51:58 > 13:42]
L-BFGS:  21%|██        | 1041/5000 [52:01 > 13:43]
L-BFGS:  21%|██        | 1042/5000 [51:59 > 13:44]
L-BFGS:  21%|██        | 1043/5000 [51:55 > 13:45]
L-BFGS:  21%|██        | 1044/5000 [51:52 > 13:45]
L-BFGS:  21%|██        | 1045/5000 [51:59 > 13:46]
L-BFGS:  21%|██        | 1046/5000 [51:58 > 13:47]
L-BFGS:  21%|██        | 1047/5000 [51:53 > 13:48]
L-BFGS:  21%|██        | 1048/5000 [51:53 > 13:48]
L-BFGS:  21%|██        | 1049/5000 [51:49 > 13:49]
L-BFGS:  21%|██        | 1050/5000 [51:54 > 13:50]
L-BFGS:  21%|██        | 1051/5000 [51:55 > 13:51]
L-BFGS:  21%|██        | 1052/5000 [51:52 > 13:52]
L-BFGS:  21%|██        | 1053/5000 [51:54 > 13:52]
L-BFGS:  21%|██        | 1054/5000 [51:51 > 13:53]
L-BFGS:  21%|██        | 1055/5000 [51:52 > 13:54]
L-BFGS:  21%|██        | 1056/5000 [51:52 > 13:55]
L-BFGS:  21%|██        | 1057/5000 [51:46 > 13:56]
L-BFGS:  21%|██        | 1058/5000 [51:47 > 13:56]
L-BFGS:  21%|██        | 1059/5000 [51:50 > 13:57]
L-BFGS:  21%|██        | 1060/5000 [51:48 > 13:58]
L-BFGS:  21%|██        | 1061/5000 [51:48 > 13:59]
L-BFGS:  21%|██        | 1062/5000 [51:41 > 14:00]
L-BFGS:  21%|██▏       | 1063/5000 [51:40 > 14:00]
L-BFGS:  21%|██▏       | 1064/5000 [51:42 > 14:01]
L-BFGS:  21%|██▏       | 1065/5000 [51:40 > 14:02]
L-BFGS:  21%|██▏       | 1066/5000 [51:39 > 14:03]
L-BFGS:  21%|██▏       | 1067/5000 [51:50 > 14:03]
L-BFGS:  21%|██▏       | 1068/5000 [51:45 > 14:04]
L-BFGS:  21%|██▏       | 1069/5000 [51:43 > 14:05]
L-BFGS:  21%|██▏       | 1070/5000 [51:40 > 14:06]
L-BFGS:  21%|██▏       | 1071/5000 [51:34 > 14:07]
L-BFGS:  21%|██▏       | 1072/5000 [51:35 > 14:07]
L-BFGS:  21%|██▏       | 1073/5000 [51:37 > 14:08]
L-BFGS:  21%|██▏       | 1074/5000 [51:36 > 14:09]
L-BFGS:  22%|██▏       | 1075/5000 [51:36 > 14:10]
L-BFGS:  22%|██▏       | 1076/5000 [51:32 > 14:11]
L-BFGS:  22%|██▏       | 1077/5000 [51:31 > 14:11]
L-BFGS:  22%|██▏       | 1078/5000 [51:32 > 14:12]
L-BFGS:  22%|██▏       | 1079/5000 [51:32 > 14:13]
L-BFGS:  22%|██▏       | 1080/5000 [51:31 > 14:14]
L-BFGS:  22%|██▏       | 1081/5000 [51:22 > 14:14]
L-BFGS:  22%|██▏       | 1082/5000 [51:21 > 14:15]
L-BFGS:  22%|██▏       | 1083/5000 [51:25 > 14:16]
L-BFGS:  22%|██▏       | 1084/5000 [51:26 > 14:17]
L-BFGS:  22%|██▏       | 1085/5000 [51:21 > 14:18]
L-BFGS:  22%|██▏       | 1086/5000 [51:23 > 14:18]
L-BFGS:  22%|██▏       | 1087/5000 [51:22 > 14:19]
L-BFGS:  22%|██▏       | 1088/5000 [51:25 > 14:20]
L-BFGS:  22%|██▏       | 1089/5000 [51:21 > 14:21]
L-BFGS:  22%|██▏       | 1090/5000 [51:19 > 14:22]
L-BFGS:  22%|██▏       | 1091/5000 [51:16 > 14:22]
L-BFGS:  22%|██▏       | 1092/5000 [51:19 > 14:23]
L-BFGS:  22%|██▏       | 1093/5000 [51:22 > 14:24]
L-BFGS:  22%|██▏       | 1094/5000 [51:17 > 14:25]
L-BFGS:  22%|██▏       | 1095/5000 [51:13 > 14:26]
L-BFGS:  22%|██▏       | 1096/5000 [51:13 > 14:26]
L-BFGS:  22%|██▏       | 1097/5000 [51:17 > 14:27]
L-BFGS:  22%|██▏       | 1098/5000 [51:13 > 14:28]
L-BFGS:  22%|██▏       | 1099/5000 [51:12 > 14:29]
L-BFGS:  22%|██▏       | 1100/5000 [51:18 > 14:29]
L-BFGS:  22%|██▏       | 1101/5000 [51:18 > 14:30]
L-BFGS:  22%|██▏       | 1102/5000 [51:18 > 14:31]
L-BFGS:  22%|██▏       | 1103/5000 [51:18 > 14:32]
L-BFGS:  22%|██▏       | 1104/5000 [51:12 > 14:33]
L-BFGS:  22%|██▏       | 1105/5000 [51:12 > 14:33]
L-BFGS:  22%|██▏       | 1106/5000 [51:12 > 14:34]
L-BFGS:  22%|██▏       | 1107/5000 [51:11 > 14:35]
L-BFGS:  22%|██▏       | 1108/5000 [51:10 > 14:36]
L-BFGS:  22%|██▏       | 1109/5000 [51:04 > 14:37]
L-BFGS:  22%|██▏       | 1110/5000 [51:01 > 14:37]
L-BFGS:  22%|██▏       | 1111/5000 [51:04 > 14:38]
L-BFGS:  22%|██▏       | 1112/5000 [51:01 > 14:39]
L-BFGS:  22%|██▏       | 1113/5000 [50:58 > 14:40]
L-BFGS:  22%|██▏       | 1114/5000 [50:58 > 14:40]
L-BFGS:  22%|██▏       | 1115/5000 [50:55 > 14:41]
L-BFGS:  22%|██▏       | 1116/5000 [50:58 > 14:42]
L-BFGS:  22%|██▏       | 1117/5000 [50:57 > 14:43]
L-BFGS:  22%|██▏       | 1118/5000 [50:56 > 14:44]
L-BFGS:  22%|██▏       | 1119/5000 [50:59 > 14:44]
L-BFGS:  22%|██▏       | 1120/5000 [50:56 > 14:45]
L-BFGS:  22%|██▏       | 1121/5000 [50:58 > 14:46]
L-BFGS:  22%|██▏       | 1122/5000 [50:58 > 14:47]
L-BFGS:  22%|██▏       | 1123/5000 [50:55 > 14:48]
L-BFGS:  22%|██▏       | 1124/5000 [50:54 > 14:48]
L-BFGS:  22%|██▎       | 1125/5000 [50:58 > 14:49]
L-BFGS:  23%|██▎       | 1126/5000 [50:52 > 14:50]
L-BFGS:  23%|██▎       | 1127/5000 [50:51 > 14:51]
L-BFGS:  23%|██▎       | 1128/5000 [50:46 > 14:52]
L-BFGS:  23%|██▎       | 1129/5000 [50:48 > 14:52]
L-BFGS:  23%|██▎       | 1130/5000 [50:50 > 14:53]
L-BFGS:  23%|██▎       | 1131/5000 [50:47 > 14:54]
L-BFGS:  23%|██▎       | 1132/5000 [50:43 > 14:55]
L-BFGS:  23%|██▎       | 1133/5000 [50:41 > 14:55]
L-BFGS:  23%|██▎       | 1134/5000 [50:41 > 14:56]
L-BFGS:  23%|██▎       | 1135/5000 [50:43 > 14:57]
L-BFGS:  23%|██▎       | 1136/5000 [50:42 > 14:58]
L-BFGS:  23%|██▎       | 1137/5000 [50:41 > 14:59]
L-BFGS:  23%|██▎       | 1138/5000 [50:38 > 14:59]
L-BFGS:  23%|██▎       | 1139/5000 [50:39 > 15:00]
L-BFGS:  23%|██▎       | 1140/5000 [50:41 > 15:01]
L-BFGS:  23%|██▎       | 1141/5000 [50:39 > 15:02]
L-BFGS:  23%|██▎       | 1142/5000 [50:38 > 15:03]
L-BFGS:  23%|██▎       | 1143/5000 [50:42 > 15:03]
L-BFGS:  23%|██▎       | 1144/5000 [50:43 > 15:04]
L-BFGS:  23%|██▎       | 1145/5000 [50:40 > 15:05]
L-BFGS:  23%|██▎       | 1146/5000 [50:38 > 15:06]
L-BFGS:  23%|██▎       | 1147/5000 [50:31 > 15:06]
L-BFGS:  23%|██▎       | 1148/5000 [50:30 > 15:07]
L-BFGS:  23%|██▎       | 1149/5000 [50:29 > 15:08]
L-BFGS:  23%|██▎       | 1150/5000 [50:32 > 15:09]
L-BFGS:  23%|██▎       | 1151/5000 [50:28 > 15:10]
L-BFGS:  23%|██▎       | 1152/5000 [50:25 > 15:10]
L-BFGS:  23%|██▎       | 1153/5000 [50:23 > 15:11]
L-BFGS:  23%|██▎       | 1154/5000 [50:27 > 15:12]
L-BFGS:  23%|██▎       | 1155/5000 [50:24 > 15:13]
L-BFGS:  23%|██▎       | 1156/5000 [50:19 > 15:14]
L-BFGS:  23%|██▎       | 1157/5000 [50:18 > 15:14]
L-BFGS:  23%|██▎       | 1158/5000 [50:25 > 15:15]
L-BFGS:  23%|██▎       | 1159/5000 [50:23 > 15:16]
L-BFGS:  23%|██▎       | 1160/5000 [50:23 > 15:17]
L-BFGS:  23%|██▎       | 1161/5000 [50:20 > 15:17]
L-BFGS:  23%|██▎       | 1162/5000 [50:20 > 15:18]
L-BFGS:  23%|██▎       | 1163/5000 [50:22 > 15:19]
L-BFGS:  23%|██▎       | 1164/5000 [50:23 > 15:20]
L-BFGS:  23%|██▎       | 1165/5000 [50:19 > 15:21]
L-BFGS:  23%|██▎       | 1166/5000 [50:18 > 15:21]
L-BFGS:  23%|██▎       | 1167/5000 [50:25 > 15:22]
L-BFGS:  23%|██▎       | 1168/5000 [50:25 > 15:23]
L-BFGS:  23%|██▎       | 1169/5000 [50:21 > 15:24]
L-BFGS:  23%|██▎       | 1170/5000 [50:18 > 15:25]
L-BFGS:  23%|██▎       | 1171/5000 [50:19 > 15:25]
L-BFGS:  23%|██▎       | 1172/5000 [50:20 > 15:26]
L-BFGS:  23%|██▎       | 1173/5000 [50:18 > 15:27]
L-BFGS:  23%|██▎       | 1174/5000 [50:18 > 15:28]
L-BFGS:  24%|██▎       | 1175/5000 [50:14 > 15:29]
L-BFGS:  24%|██▎       | 1176/5000 [50:15 > 15:29]
L-BFGS:  24%|██▎       | 1177/5000 [50:13 > 15:30]
L-BFGS:  24%|██▎       | 1178/5000 [50:12 > 15:31]
L-BFGS:  24%|██▎       | 1179/5000 [50:08 > 15:32]
L-BFGS:  24%|██▎       | 1180/5000 [50:07 > 15:32]
L-BFGS:  24%|██▎       | 1181/5000 [50:08 > 15:33]
L-BFGS:  24%|██▎       | 1182/5000 [50:10 > 15:34]
L-BFGS:  24%|██▎       | 1183/5000 [50:10 > 15:35]
L-BFGS:  24%|██▎       | 1184/5000 [50:05 > 15:36]
L-BFGS:  24%|██▎       | 1185/5000 [50:06 > 15:36]
L-BFGS:  24%|██▎       | 1186/5000 [50:07 > 15:37]
L-BFGS:  24%|██▎       | 1187/5000 [50:08 > 15:38]
L-BFGS:  24%|██▍       | 1188/5000 [50:05 > 15:39]
L-BFGS:  24%|██▍       | 1189/5000 [50:03 > 15:40]
L-BFGS:  24%|██▍       | 1190/5000 [50:01 > 15:40]
L-BFGS:  24%|██▍       | 1191/5000 [50:03 > 15:41]
L-BFGS:  24%|██▍       | 1192/5000 [49:58 > 15:42]
L-BFGS:  24%|██▍       | 1193/5000 [49:54 > 15:43]
L-BFGS:  24%|██▍       | 1194/5000 [49:51 > 15:44]
L-BFGS:  24%|██▍       | 1195/5000 [49:51 > 15:44]
L-BFGS:  24%|██▍       | 1196/5000 [49:55 > 15:45]
L-BFGS:  24%|██▍       | 1197/5000 [49:52 > 15:46]
L-BFGS:  24%|██▍       | 1198/5000 [49:51 > 15:47]
L-BFGS:  24%|██▍       | 1199/5000 [49:51 > 15:47]
L-BFGS:  24%|██▍       | 1200/5000 [49:50 > 15:48]
L-BFGS:  24%|██▍       | 1201/5000 [49:51 > 15:49]
L-BFGS:  24%|██▍       | 1202/5000 [49:48 > 15:50]
L-BFGS:  24%|██▍       | 1203/5000 [49:45 > 15:51]
L-BFGS:  24%|██▍       | 1204/5000 [49:46 > 15:51]
L-BFGS:  24%|██▍       | 1205/5000 [49:49 > 15:52]
L-BFGS:  24%|██▍       | 1206/5000 [49:47 > 15:53]
L-BFGS:  24%|██▍       | 1207/5000 [49:44 > 15:54]
L-BFGS:  24%|██▍       | 1208/5000 [49:44 > 15:55]
L-BFGS:  24%|██▍       | 1209/5000 [49:46 > 15:55]
L-BFGS:  24%|██▍       | 1210/5000 [49:50 > 15:56]
L-BFGS:  24%|██▍       | 1211/5000 [49:48 > 15:57]
L-BFGS:  24%|██▍       | 1212/5000 [49:45 > 15:58]
L-BFGS:  24%|██▍       | 1213/5000 [49:47 > 15:58]
L-BFGS:  24%|██▍       | 1214/5000 [49:46 > 15:59]
L-BFGS:  24%|██▍       | 1215/5000 [49:45 > 16:00]
L-BFGS:  24%|██▍       | 1216/5000 [49:40 > 16:01]
L-BFGS:  24%|██▍       | 1217/5000 [49:36 > 16:02]
L-BFGS:  24%|██▍       | 1218/5000 [49:36 > 16:02]
L-BFGS:  24%|██▍       | 1219/5000 [49:37 > 16:03]
L-BFGS:  24%|██▍       | 1220/5000 [49:36 > 16:04]
L-BFGS:  24%|██▍       | 1221/5000 [49:35 > 16:05]
L-BFGS:  24%|██▍       | 1222/5000 [49:34 > 16:06]
L-BFGS:  24%|██▍       | 1223/5000 [49:35 > 16:06]
L-BFGS:  24%|██▍       | 1224/5000 [49:36 > 16:07]
L-BFGS:  24%|██▍       | 1225/5000 [49:34 > 16:08]
L-BFGS:  25%|██▍       | 1226/5000 [49:30 > 16:09]
L-BFGS:  25%|██▍       | 1227/5000 [49:32 > 16:09]
L-BFGS:  25%|██▍       | 1228/5000 [49:33 > 16:10]
L-BFGS:  25%|██▍       | 1229/5000 [49:31 > 16:11]
L-BFGS:  25%|██▍       | 1230/5000 [49:27 > 16:12]
L-BFGS:  25%|██▍       | 1231/5000 [49:24 > 16:13]
L-BFGS:  25%|██▍       | 1232/5000 [49:27 > 16:13]
L-BFGS:  25%|██▍       | 1233/5000 [49:25 > 16:14]
L-BFGS:  25%|██▍       | 1234/5000 [49:27 > 16:15]
L-BFGS:  25%|██▍       | 1235/5000 [49:27 > 16:16]
L-BFGS:  25%|██▍       | 1236/5000 [49:22 > 16:17]
L-BFGS:  25%|██▍       | 1237/5000 [49:21 > 16:17]
L-BFGS:  25%|██▍       | 1238/5000 [49:22 > 16:18]
L-BFGS:  25%|██▍       | 1239/5000 [49:22 > 16:19]
L-BFGS:  25%|██▍       | 1240/5000 [49:19 > 16:20]
L-BFGS:  25%|██▍       | 1241/5000 [49:26 > 16:21]
L-BFGS:  25%|██▍       | 1242/5000 [49:23 > 16:21]
L-BFGS:  25%|██▍       | 1243/5000 [49:25 > 16:22]
L-BFGS:  25%|██▍       | 1244/5000 [49:22 > 16:23]
L-BFGS:  25%|██▍       | 1245/5000 [49:17 > 16:24]
L-BFGS:  25%|██▍       | 1246/5000 [49:17 > 16:24]
L-BFGS:  25%|██▍       | 1247/5000 [49:15 > 16:25]
L-BFGS:  25%|██▍       | 1248/5000 [49:15 > 16:26]
L-BFGS:  25%|██▍       | 1249/5000 [49:16 > 16:27]
L-BFGS:  25%|██▌       | 1250/5000 [49:12 > 16:28]
L-BFGS:  25%|██▌       | 1251/5000 [49:14 > 16:28]
L-BFGS:  25%|██▌       | 1252/5000 [49:15 > 16:29]
L-BFGS:  25%|██▌       | 1253/5000 [49:16 > 16:30]
L-BFGS:  25%|██▌       | 1254/5000 [49:12 > 16:31]
L-BFGS:  25%|██▌       | 1255/5000 [49:07 > 16:32]
L-BFGS:  25%|██▌       | 1256/5000 [49:10 > 16:32]
L-BFGS:  25%|██▌       | 1257/5000 [49:16 > 16:33]
L-BFGS:  25%|██▌       | 1258/5000 [49:10 > 16:34]
L-BFGS:  25%|██▌       | 1259/5000 [49:06 > 16:35]
L-BFGS:  25%|██▌       | 1260/5000 [49:06 > 16:35]
L-BFGS:  25%|██▌       | 1261/5000 [49:04 > 16:36]
L-BFGS:  25%|██▌       | 1262/5000 [49:06 > 16:37]
L-BFGS:  25%|██▌       | 1263/5000 [49:05 > 16:38]
L-BFGS:  25%|██▌       | 1264/5000 [48:58 > 16:39]
L-BFGS:  25%|██▌       | 1265/5000 [48:59 > 16:39]
L-BFGS:  25%|██▌       | 1266/5000 [48:59 > 16:40]
L-BFGS:  25%|██▌       | 1267/5000 [48:59 > 16:41]
L-BFGS:  25%|██▌       | 1268/5000 [49:11 > 16:42]
L-BFGS:  25%|██▌       | 1269/5000 [49:18 > 16:43]
L-BFGS:  25%|██▌       | 1270/5000 [49:20 > 16:43]
L-BFGS:  25%|██▌       | 1271/5000 [49:30 > 16:44]
L-BFGS:  25%|██▌       | 1272/5000 [49:32 > 16:45]
L-BFGS:  25%|██▌       | 1273/5000 [49:36 > 16:46]
L-BFGS:  25%|██▌       | 1274/5000 [49:34 > 16:47]
L-BFGS:  26%|██▌       | 1275/5000 [49:36 > 16:47]
L-BFGS:  26%|██▌       | 1276/5000 [49:36 > 16:48]
L-BFGS:  26%|██▌       | 1277/5000 [49:30 > 16:49]
Early stopping at L-BFGS step 1278/5000: total loss unchanged for 150 steps (best=2.238310e-02).

L-BFGS:  26%|██▌       | 1277/5000 [49:05 > 16:50]
Training saved: C:\Ali Computation\pinn\code\heterogeneous\pino_heterogeneous\results\exp_M_maximin_N200_float64_lr01_epochs5000\pino_heterogeneous_concentration.png C:\Ali Computation\pinn\code\heterogeneous\pino_heterogeneous\results\exp_M_maximin_N200_float64_lr01_epochs5000\pino_heterogeneous_loss.png C:\Ali Computation\pinn\code\heterogeneous\pino_heterogeneous\results\exp_M_maximin_N200_float64_lr01_epochs5000\pino_heterogeneous_model.pt
COMSOL validation: 81 media -> C:\Ali Computation\pinn\code\heterogeneous\pino_heterogeneous\results\exp_M_maximin_N200_float64_lr01_epochs5000  (x* collocation n=86)

COMSOL vs PINO:   0%|          | 0/81 [00:00<?, ?it/s]
COMSOL vs PINO:   6%|▌         | 5/81 [00:00<00:01, 46.11it/s]
COMSOL vs PINO:  12%|█▏        | 10/81 [00:00<00:01, 48.07it/s]
COMSOL vs PINO:  19%|█▊        | 15/81 [00:00<00:01, 47.06it/s]
COMSOL vs PINO:  25%|██▍       | 20/81 [00:00<00:01, 46.81it/s]
COMSOL vs PINO:  32%|███▏      | 26/81 [00:00<00:01, 48.30it/s]
COMSOL vs PINO:  40%|███▉      | 32/81 [00:00<00:00, 49.35it/s]
COMSOL vs PINO:  47%|████▋     | 38/81 [00:00<00:00, 49.92it/s]
COMSOL vs PINO:  53%|█████▎    | 43/81 [00:00<00:00, 48.04it/s]
COMSOL vs PINO:  59%|█████▉    | 48/81 [00:00<00:00, 47.85it/s]
COMSOL vs PINO:  67%|██████▋   | 54/81 [00:01<00:00, 49.37it/s]
COMSOL vs PINO:  73%|███████▎  | 59/81 [00:01<00:00, 49.08it/s]
COMSOL vs PINO:  79%|███████▉  | 64/81 [00:01<00:00, 49.31it/s]
COMSOL vs PINO:  85%|████████▌ | 69/81 [00:01<00:00, 49.28it/s]
COMSOL vs PINO:  91%|█████████▏| 74/81 [00:01<00:00, 49.33it/s]
COMSOL vs PINO:  99%|█████████▉| 80/81 [00:01<00:00, 49.76it/s]
COMSOL vs PINO: 100%|██████████| 81/81 [00:01<00:00, 48.84it/s]
COMSOL validation summary: n=81  mean=6.159861e-02  max=1.274725e-01  min=3.247111e-02
Wrote C:\Ali Computation\pinn\code\heterogeneous\pino_heterogeneous\results\exp_M_maximin_N200_float64_lr01_epochs5000\comsol_validation_summary.csv
Run metadata: C:\Ali Computation\pinn\code\heterogeneous\pino_heterogeneous\results\exp_M_maximin_N200_float64_lr01_epochs5000\run_meta.json

# exit 0 after 0:17:06.773993
