# code/heterogeneous/pino_heterogeneous/pinn1d_heterogeneous_parametric_neural_operator.py --design maximin --n-train 500 --dtype float64 --early-stop-patience 150 --lr-lbfgs 0.1 --out-dir results/exp_I_maximin_N500_float64_lr01 --skip-validation-plots
# started 2026-06-11 23:55:54
# cwd C:\Ali Computation\pinn\code\heterogeneous\pino_heterogeneous

Using GPU: NVIDIA GeForce RTX 3090 (cuda:0, dtype=torch.float64)
PE (computed) = 0.010368
design=maximin  n_train_requested=500  n_corner_anchors=16  arch=default  trunk_mode=single  batch_mode=True
branch=[4, 16, 16, 32]  trunk=[2, 32, 32, 32, 32]
results_dir=C:\Ali Computation\pinn\code\heterogeneous\pino_heterogeneous\results\exp_I_maximin_N500_float64_lr01
Training: 500 maximin samples in [0.01, 0.05] m/d
  saved/loaded: C:\Ali Computation\pinn\code\heterogeneous\pino_heterogeneous\results\exp_I_maximin_N500_float64_lr01\train_u_cases.csv
  branch CFL range [0.120085, 0.599848]
PDE mesh: bulk 50x50x500 + interface bands (36 x* / band, +/-0.025 around (0.2, 0.4, 0.6))
COMSOL validation: 81 fixed grid cases from comsol_4zones.txt -> C:\Ali Computation\pinn\code\heterogeneous\pino_heterogeneous\results\exp_I_maximin_N500_float64_lr01
run_training=True  run_comsol_validation=True  validate_only=False  skip_validation_plots=True
L-BFGS early stopping: patience=150 (max steps=1000)
L-BFGS: lr=0.1  max_iter=1  outer_steps=1000
PDE collocation points: 2,150,000 (bulk 1,250,000, interface 900,000)
Collocation mesh plot (pre-train): C:\Ali Computation\pinn\code\heterogeneous\pino_heterogeneous\results\exp_I_maximin_N500_float64_lr01\pino_heterogeneous_collocation_points.png
LBFGS (
Parameter Group 0
    history_size: 50
    line_search_fn: strong_wolfe
    lr: 0.1
    max_eval: 1
    max_iter: 1
    tolerance_change: 1e-09
    tolerance_grad: 1e-07
)
Early stopping: patience=150 L-BFGS steps (no total-loss improvement, rtol=1e-12)

L-BFGS:   0%|          | 0/1000 [? > 00:00]
L-BFGS:   0%|          | 1/1000 [52:34 > 00:03]
L-BFGS:   0%|          | 2/1000 [50:15 > 00:06]
L-BFGS:   0%|          | 3/1000 [46:35 > 00:08]
L-BFGS:   0%|          | 4/1000 [46:03 > 00:11]
L-BFGS:   0%|          | 5/1000 [43:29 > 00:13]
L-BFGS:   1%|          | 6/1000 [41:41 > 00:16]
L-BFGS:   1%|          | 7/1000 [42:33 > 00:18]
L-BFGS:   1%|          | 8/1000 [41:38 > 00:21]
L-BFGS:   1%|          | 9/1000 [42:41 > 00:23]
L-BFGS:   1%|          | 10/1000 [42:00 > 00:26]
L-BFGS:   1%|          | 11/1000 [43:04 > 00:29]
L-BFGS:   1%|          | 12/1000 [43:34 > 00:31]
L-BFGS:   1%|▏         | 13/1000 [42:37 > 00:34]
L-BFGS:   1%|▏         | 14/1000 [44:36 > 00:37]
L-BFGS:   2%|▏         | 15/1000 [46:34 > 00:40]
L-BFGS:   2%|▏         | 16/1000 [46:50 > 00:43]
L-BFGS:   2%|▏         | 17/1000 [45:09 > 00:45]
L-BFGS:   2%|▏         | 18/1000 [45:20 > 00:48]
L-BFGS:   2%|▏         | 19/1000 [44:49 > 00:51]
L-BFGS:   2%|▏         | 20/1000 [44:15 > 00:53]
L-BFGS:   2%|▏         | 21/1000 [44:52 > 00:56]
L-BFGS:   2%|▏         | 22/1000 [43:10 > 00:59]
L-BFGS:   2%|▏         | 23/1000 [41:48 > 01:01]
L-BFGS:   2%|▏         | 24/1000 [41:47 > 01:04]
L-BFGS:   2%|▎         | 25/1000 [41:23 > 01:06]
L-BFGS:   3%|▎         | 26/1000 [41:11 > 01:09]
L-BFGS:   3%|▎         | 27/1000 [42:31 > 01:11]
L-BFGS:   3%|▎         | 28/1000 [43:34 > 01:14]
L-BFGS:   3%|▎         | 29/1000 [41:21 > 01:17]
L-BFGS:   3%|▎         | 30/1000 [43:03 > 01:19]
L-BFGS:   3%|▎         | 31/1000 [43:39 > 01:22]
L-BFGS:   3%|▎         | 32/1000 [44:20 > 01:25]
L-BFGS:   3%|▎         | 33/1000 [46:11 > 01:28]
L-BFGS:   3%|▎         | 34/1000 [44:52 > 01:31]
L-BFGS:   4%|▎         | 35/1000 [43:40 > 01:33]
L-BFGS:   4%|▎         | 36/1000 [44:07 > 01:36]
L-BFGS:   4%|▎         | 37/1000 [45:05 > 01:39]
L-BFGS:   4%|▍         | 38/1000 [43:58 > 01:42]
L-BFGS:   4%|▍         | 39/1000 [43:42 > 01:44]
L-BFGS:   4%|▍         | 40/1000 [42:03 > 01:47]
L-BFGS:   4%|▍         | 41/1000 [40:36 > 01:49]
L-BFGS:   4%|▍         | 42/1000 [41:31 > 01:52]
L-BFGS:   4%|▍         | 43/1000 [40:42 > 01:54]
L-BFGS:   4%|▍         | 44/1000 [41:43 > 01:57]
L-BFGS:   4%|▍         | 45/1000 [40:58 > 02:00]
L-BFGS:   5%|▍         | 46/1000 [41:54 > 02:02]
L-BFGS:   5%|▍         | 47/1000 [42:15 > 02:05]
L-BFGS:   5%|▍         | 48/1000 [41:12 > 02:08]
L-BFGS:   5%|▍         | 49/1000 [43:07 > 02:11]
L-BFGS:   5%|▌         | 50/1000 [45:13 > 02:14]
L-BFGS:   5%|▌         | 51/1000 [45:26 > 02:17]
L-BFGS:   5%|▌         | 52/1000 [43:45 > 02:19]
L-BFGS:   5%|▌         | 53/1000 [43:59 > 02:22]
L-BFGS:   5%|▌         | 54/1000 [43:21 > 02:25]
L-BFGS:   6%|▌         | 55/1000 [42:58 > 02:27]
L-BFGS:   6%|▌         | 56/1000 [43:27 > 02:30]
L-BFGS:   6%|▌         | 57/1000 [41:49 > 02:33]
L-BFGS:   6%|▌         | 58/1000 [40:35 > 02:35]
L-BFGS:   6%|▌         | 59/1000 [40:35 > 02:38]
L-BFGS:   6%|▌         | 60/1000 [40:06 > 02:40]
L-BFGS:   6%|▌         | 61/1000 [39:59 > 02:43]
L-BFGS:   6%|▌         | 62/1000 [41:11 > 02:45]
L-BFGS:   6%|▋         | 63/1000 [42:12 > 02:48]
L-BFGS:   6%|▋         | 64/1000 [40:05 > 02:51]
L-BFGS:   6%|▋         | 65/1000 [41:44 > 02:54]
L-BFGS:   7%|▋         | 66/1000 [42:10 > 02:56]
L-BFGS:   7%|▋         | 67/1000 [42:57 > 02:59]
L-BFGS:   7%|▋         | 68/1000 [44:45 > 03:02]
L-BFGS:   7%|▋         | 69/1000 [43:29 > 03:05]
L-BFGS:   7%|▋         | 70/1000 [42:13 > 03:08]
L-BFGS:   7%|▋         | 71/1000 [42:35 > 03:10]
L-BFGS:   7%|▋         | 72/1000 [43:40 > 03:13]
L-BFGS:   7%|▋         | 73/1000 [42:27 > 03:16]
L-BFGS:   7%|▋         | 74/1000 [42:15 > 03:19]
L-BFGS:   8%|▊         | 75/1000 [40:45 > 03:21]
L-BFGS:   8%|▊         | 76/1000 [39:21 > 03:23]
L-BFGS:   8%|▊         | 77/1000 [40:12 > 03:26]
L-BFGS:   8%|▊         | 78/1000 [39:22 > 03:29]
L-BFGS:   8%|▊         | 79/1000 [40:22 > 03:31]
L-BFGS:   8%|▊         | 80/1000 [39:40 > 03:34]
L-BFGS:   8%|▊         | 81/1000 [40:32 > 03:37]
L-BFGS:   8%|▊         | 82/1000 [40:47 > 03:39]
L-BFGS:   8%|▊         | 83/1000 [39:51 > 03:42]
L-BFGS:   8%|▊         | 84/1000 [41:44 > 03:45]
L-BFGS:   8%|▊         | 85/1000 [43:49 > 03:48]
L-BFGS:   9%|▊         | 86/1000 [43:59 > 03:51]
L-BFGS:   9%|▊         | 87/1000 [42:26 > 03:54]
L-BFGS:   9%|▉         | 88/1000 [42:37 > 03:56]
L-BFGS:   9%|▉         | 89/1000 [42:11 > 03:59]
L-BFGS:   9%|▉         | 90/1000 [41:57 > 04:02]
L-BFGS:   9%|▉         | 91/1000 [42:28 > 04:05]
L-BFGS:   9%|▉         | 92/1000 [40:53 > 04:07]
L-BFGS:   9%|▉         | 93/1000 [39:26 > 04:10]
L-BFGS:   9%|▉         | 94/1000 [39:28 > 04:12]
L-BFGS:  10%|▉         | 95/1000 [38:57 > 04:15]
L-BFGS:  10%|▉         | 96/1000 [38:53 > 04:17]
L-BFGS:  10%|▉         | 97/1000 [39:59 > 04:20]
L-BFGS:  10%|▉         | 98/1000 [40:56 > 04:23]
L-BFGS:  10%|▉         | 99/1000 [38:46 > 04:25]
L-BFGS:  10%|█         | 100/1000 [40:17 > 04:28]
L-BFGS:  10%|█         | 101/1000 [40:50 > 04:31]
L-BFGS:  10%|█         | 102/1000 [41:34 > 04:34]
L-BFGS:  10%|█         | 103/1000 [43:24 > 04:37]
L-BFGS:  10%|█         | 104/1000 [42:11 > 04:40]
L-BFGS:  10%|█         | 105/1000 [40:58 > 04:42]
L-BFGS:  11%|█         | 106/1000 [41:17 > 04:45]
L-BFGS:  11%|█         | 107/1000 [42:26 > 04:48]
L-BFGS:  11%|█         | 108/1000 [41:11 > 04:51]
L-BFGS:  11%|█         | 109/1000 [40:59 > 04:53]
L-BFGS:  11%|█         | 110/1000 [39:33 > 04:56]
L-BFGS:  11%|█         | 111/1000 [38:14 > 04:58]
L-BFGS:  11%|█         | 112/1000 [38:51 > 05:01]
L-BFGS:  11%|█▏        | 113/1000 [38:06 > 05:04]
L-BFGS:  11%|█▏        | 114/1000 [39:02 > 05:06]
L-BFGS:  12%|█▏        | 115/1000 [38:24 > 05:09]
L-BFGS:  12%|█▏        | 116/1000 [39:09 > 05:12]
L-BFGS:  12%|█▏        | 117/1000 [39:33 > 05:14]
L-BFGS:  12%|█▏        | 118/1000 [38:38 > 05:17]
L-BFGS:  12%|█▏        | 119/1000 [40:18 > 05:20]
L-BFGS:  12%|█▏        | 120/1000 [42:09 > 05:23]
L-BFGS:  12%|█▏        | 121/1000 [42:17 > 05:26]
L-BFGS:  12%|█▏        | 122/1000 [40:47 > 05:29]
L-BFGS:  12%|█▏        | 123/1000 [40:58 > 05:31]
L-BFGS:  12%|█▏        | 124/1000 [40:28 > 05:34]
L-BFGS:  12%|█▎        | 125/1000 [40:10 > 05:37]
L-BFGS:  13%|█▎        | 126/1000 [40:31 > 05:40]
L-BFGS:  13%|█▎        | 127/1000 [39:05 > 05:42]
L-BFGS:  13%|█▎        | 128/1000 [37:52 > 05:45]
L-BFGS:  13%|█▎        | 129/1000 [37:57 > 05:47]
L-BFGS:  13%|█▎        | 130/1000 [37:25 > 05:50]
L-BFGS:  13%|█▎        | 131/1000 [37:10 > 05:52]
L-BFGS:  13%|█▎        | 132/1000 [38:07 > 05:55]
L-BFGS:  13%|█▎        | 133/1000 [39:11 > 05:58]
L-BFGS:  13%|█▎        | 134/1000 [37:46 > 06:00]
L-BFGS:  14%|█▎        | 135/1000 [39:08 > 06:03]
L-BFGS:  14%|█▎        | 136/1000 [39:24 > 06:06]
L-BFGS:  14%|█▎        | 137/1000 [39:49 > 06:09]
L-BFGS:  14%|█▍        | 138/1000 [41:25 > 06:12]
L-BFGS:  14%|█▍        | 139/1000 [40:07 > 06:15]
L-BFGS:  14%|█▍        | 140/1000 [38:56 > 06:17]
L-BFGS:  14%|█▍        | 141/1000 [39:14 > 06:20]
L-BFGS:  14%|█▍        | 142/1000 [40:11 > 06:23]
L-BFGS:  14%|█▍        | 143/1000 [39:00 > 06:25]
L-BFGS:  14%|█▍        | 144/1000 [38:54 > 06:28]
L-BFGS:  14%|█▍        | 145/1000 [37:20 > 06:31]
L-BFGS:  15%|█▍        | 146/1000 [36:05 > 06:33]
L-BFGS:  15%|█▍        | 147/1000 [36:44 > 06:36]
L-BFGS:  15%|█▍        | 148/1000 [36:09 > 06:38]
L-BFGS:  15%|█▍        | 149/1000 [36:59 > 06:41]
L-BFGS:  15%|█▌        | 150/1000 [36:27 > 06:43]
L-BFGS:  15%|█▌        | 151/1000 [37:17 > 06:46]
L-BFGS:  15%|█▌        | 152/1000 [37:36 > 06:49]
L-BFGS:  15%|█▌        | 153/1000 [36:40 > 06:51]
L-BFGS:  15%|█▌        | 154/1000 [38:21 > 06:54]
L-BFGS:  16%|█▌        | 155/1000 [40:08 > 06:57]
L-BFGS:  16%|█▌        | 156/1000 [40:17 > 07:00]
L-BFGS:  16%|█▌        | 157/1000 [38:54 > 07:03]
L-BFGS:  16%|█▌        | 158/1000 [38:54 > 07:06]
L-BFGS:  16%|█▌        | 159/1000 [38:24 > 07:08]
L-BFGS:  16%|█▌        | 160/1000 [37:59 > 07:11]
L-BFGS:  16%|█▌        | 161/1000 [38:31 > 07:14]
L-BFGS:  16%|█▌        | 162/1000 [37:04 > 07:16]
L-BFGS:  16%|█▋        | 163/1000 [35:57 > 07:19]
L-BFGS:  16%|█▋        | 164/1000 [35:57 > 07:21]
L-BFGS:  16%|█▋        | 165/1000 [35:29 > 07:24]
L-BFGS:  17%|█▋        | 166/1000 [35:19 > 07:26]
L-BFGS:  17%|█▋        | 167/1000 [36:20 > 07:29]
L-BFGS:  17%|█▋        | 168/1000 [37:10 > 07:32]
L-BFGS:  17%|█▋        | 169/1000 [35:19 > 07:34]
L-BFGS:  17%|█▋        | 170/1000 [36:55 > 07:37]
L-BFGS:  17%|█▋        | 171/1000 [37:18 > 07:40]
L-BFGS:  17%|█▋        | 172/1000 [37:50 > 07:43]
L-BFGS:  17%|█▋        | 173/1000 [39:27 > 07:46]
L-BFGS:  17%|█▋        | 174/1000 [38:18 > 07:48]
L-BFGS:  18%|█▊        | 175/1000 [37:17 > 07:51]
L-BFGS:  18%|█▊        | 176/1000 [37:32 > 07:54]
L-BFGS:  18%|█▊        | 177/1000 [38:36 > 07:57]
L-BFGS:  18%|█▊        | 178/1000 [37:32 > 07:59]
L-BFGS:  18%|█▊        | 179/1000 [37:20 > 08:02]
L-BFGS:  18%|█▊        | 180/1000 [35:55 > 08:04]
L-BFGS:  18%|█▊        | 181/1000 [34:39 > 08:07]
L-BFGS:  18%|█▊        | 182/1000 [35:17 > 08:09]
L-BFGS:  18%|█▊        | 183/1000 [34:42 > 08:12]
L-BFGS:  18%|█▊        | 184/1000 [35:32 > 08:15]
L-BFGS:  18%|█▊        | 185/1000 [34:59 > 08:17]
L-BFGS:  19%|█▊        | 186/1000 [35:46 > 08:20]
L-BFGS:  19%|█▊        | 187/1000 [36:04 > 08:23]
L-BFGS:  19%|█▉        | 188/1000 [35:17 > 08:25]
L-BFGS:  19%|█▉        | 189/1000 [36:51 > 08:28]
L-BFGS:  19%|█▉        | 190/1000 [38:28 > 08:31]
L-BFGS:  19%|█▉        | 191/1000 [38:33 > 08:34]
L-BFGS:  19%|█▉        | 192/1000 [37:12 > 08:37]
L-BFGS:  19%|█▉        | 193/1000 [37:12 > 08:39]
L-BFGS:  19%|█▉        | 194/1000 [36:42 > 08:42]
L-BFGS:  20%|█▉        | 195/1000 [36:28 > 08:45]
L-BFGS:  20%|█▉        | 196/1000 [36:54 > 08:48]
L-BFGS:  20%|█▉        | 197/1000 [35:38 > 08:50]
L-BFGS:  20%|█▉        | 198/1000 [34:28 > 08:52]
L-BFGS:  20%|█▉        | 199/1000 [34:31 > 08:55]
L-BFGS:  20%|██        | 200/1000 [34:02 > 08:57]
L-BFGS:  20%|██        | 201/1000 [33:53 > 09:00]
L-BFGS:  20%|██        | 202/1000 [34:53 > 09:03]
L-BFGS:  20%|██        | 203/1000 [35:41 > 09:06]
L-BFGS:  20%|██        | 204/1000 [33:58 > 09:08]
L-BFGS:  20%|██        | 205/1000 [35:20 > 09:11]
L-BFGS:  21%|██        | 206/1000 [35:42 > 09:14]
L-BFGS:  21%|██        | 207/1000 [36:18 > 09:16]
L-BFGS:  21%|██        | 208/1000 [37:52 > 09:20]
L-BFGS:  21%|██        | 209/1000 [36:48 > 09:22]
L-BFGS:  21%|██        | 210/1000 [35:44 > 09:25]
L-BFGS:  21%|██        | 211/1000 [36:01 > 09:28]
L-BFGS:  21%|██        | 212/1000 [37:00 > 09:31]
L-BFGS:  21%|██▏       | 213/1000 [35:52 > 09:33]
L-BFGS:  21%|██▏       | 214/1000 [35:46 > 09:36]
L-BFGS:  22%|██▏       | 215/1000 [34:21 > 09:38]
L-BFGS:  22%|██▏       | 216/1000 [33:10 > 09:41]
L-BFGS:  22%|██▏       | 217/1000 [33:45 > 09:43]
L-BFGS:  22%|██▏       | 218/1000 [33:07 > 09:46]
L-BFGS:  22%|██▏       | 219/1000 [33:55 > 09:48]
L-BFGS:  22%|██▏       | 220/1000 [33:27 > 09:51]
L-BFGS:  22%|██▏       | 221/1000 [34:05 > 09:54]
L-BFGS:  22%|██▏       | 222/1000 [34:24 > 09:56]
L-BFGS:  22%|██▏       | 223/1000 [33:37 > 09:59]
L-BFGS:  22%|██▏       | 224/1000 [35:08 > 10:02]
L-BFGS:  22%|██▎       | 225/1000 [36:49 > 10:05]
L-BFGS:  23%|██▎       | 226/1000 [36:55 > 10:08]
L-BFGS:  23%|██▎       | 227/1000 [35:36 > 10:10]
L-BFGS:  23%|██▎       | 228/1000 [35:39 > 10:13]
L-BFGS:  23%|██▎       | 229/1000 [35:13 > 10:16]
L-BFGS:  23%|██▎       | 230/1000 [34:54 > 10:19]
L-BFGS:  23%|██▎       | 231/1000 [35:21 > 10:21]
L-BFGS:  23%|██▎       | 232/1000 [34:03 > 10:24]
L-BFGS:  23%|██▎       | 233/1000 [32:57 > 10:26]
L-BFGS:  23%|██▎       | 234/1000 [32:58 > 10:29]
L-BFGS:  24%|██▎       | 235/1000 [32:35 > 10:31]
L-BFGS:  24%|██▎       | 236/1000 [32:21 > 10:34]
L-BFGS:  24%|██▎       | 237/1000 [33:13 > 10:37]
L-BFGS:  24%|██▍       | 238/1000 [34:05 > 10:39]
L-BFGS:  24%|██▍       | 239/1000 [32:22 > 10:42]
L-BFGS:  24%|██▍       | 240/1000 [33:44 > 10:45]
L-BFGS:  24%|██▍       | 241/1000 [34:06 > 10:47]
L-BFGS:  24%|██▍       | 242/1000 [34:35 > 10:50]
L-BFGS:  24%|██▍       | 243/1000 [36:05 > 10:53]
L-BFGS:  24%|██▍       | 244/1000 [35:07 > 10:56]
L-BFGS:  24%|██▍       | 245/1000 [34:08 > 10:59]
L-BFGS:  25%|██▍       | 246/1000 [34:26 > 11:01]
L-BFGS:  25%|██▍       | 247/1000 [35:13 > 11:04]
L-BFGS:  25%|██▍       | 248/1000 [34:18 > 11:07]
L-BFGS:  25%|██▍       | 249/1000 [34:08 > 11:10]
L-BFGS:  25%|██▌       | 250/1000 [32:50 > 11:12]
L-BFGS:  25%|██▌       | 251/1000 [31:44 > 11:14]
L-BFGS:  25%|██▌       | 252/1000 [32:20 > 11:17]
L-BFGS:  25%|██▌       | 253/1000 [31:42 > 11:19]
L-BFGS:  25%|██▌       | 254/1000 [32:29 > 11:22]
L-BFGS:  26%|██▌       | 255/1000 [31:56 > 11:25]
L-BFGS:  26%|██▌       | 256/1000 [32:40 > 11:28]
L-BFGS:  26%|██▌       | 257/1000 [32:57 > 11:30]
L-BFGS:  26%|██▌       | 258/1000 [32:08 > 11:33]
L-BFGS:  26%|██▌       | 259/1000 [33:32 > 11:36]
L-BFGS:  26%|██▌       | 260/1000 [35:07 > 11:39]
L-BFGS:  26%|██▌       | 261/1000 [35:14 > 11:42]
L-BFGS:  26%|██▌       | 262/1000 [34:02 > 11:44]
L-BFGS:  26%|██▋       | 263/1000 [34:07 > 11:47]
L-BFGS:  26%|██▋       | 264/1000 [33:38 > 11:50]
L-BFGS:  26%|██▋       | 265/1000 [33:19 > 11:52]
L-BFGS:  27%|██▋       | 266/1000 [33:42 > 11:55]
L-BFGS:  27%|██▋       | 267/1000 [32:27 > 11:58]
L-BFGS:  27%|██▋       | 268/1000 [31:27 > 12:00]
L-BFGS:  27%|██▋       | 269/1000 [31:25 > 12:03]
L-BFGS:  27%|██▋       | 270/1000 [31:00 > 12:05]
L-BFGS:  27%|██▋       | 271/1000 [30:49 > 12:08]
L-BFGS:  27%|██▋       | 272/1000 [31:43 > 12:10]
L-BFGS:  27%|██▋       | 273/1000 [32:31 > 12:13]
L-BFGS:  27%|██▋       | 274/1000 [30:53 > 12:16]
L-BFGS:  28%|██▊       | 275/1000 [32:12 > 12:18]
L-BFGS:  28%|██▊       | 276/1000 [32:33 > 12:21]
L-BFGS:  28%|██▊       | 277/1000 [33:03 > 12:24]
L-BFGS:  28%|██▊       | 278/1000 [34:25 > 12:27]
L-BFGS:  28%|██▊       | 279/1000 [33:30 > 12:30]
L-BFGS:  28%|██▊       | 280/1000 [32:36 > 12:32]
L-BFGS:  28%|██▊       | 281/1000 [32:50 > 12:35]
L-BFGS:  28%|██▊       | 282/1000 [33:37 > 12:38]
L-BFGS:  28%|██▊       | 283/1000 [32:36 > 12:41]
L-BFGS:  28%|██▊       | 284/1000 [32:31 > 12:43]
L-BFGS:  28%|██▊       | 285/1000 [31:14 > 12:46]
L-BFGS:  29%|██▊       | 286/1000 [30:14 > 12:48]
L-BFGS:  29%|██▊       | 287/1000 [30:47 > 12:51]
L-BFGS:  29%|██▉       | 288/1000 [30:10 > 12:53]
L-BFGS:  29%|██▉       | 289/1000 [30:52 > 12:56]
L-BFGS:  29%|██▉       | 290/1000 [30:26 > 12:59]
L-BFGS:  29%|██▉       | 291/1000 [31:05 > 13:01]
L-BFGS:  29%|██▉       | 292/1000 [31:22 > 13:04]
L-BFGS:  29%|██▉       | 293/1000 [30:38 > 13:06]
L-BFGS:  29%|██▉       | 294/1000 [32:01 > 13:09]
L-BFGS:  30%|██▉       | 295/1000 [33:25 > 13:13]
L-BFGS:  30%|██▉       | 296/1000 [33:33 > 13:15]
L-BFGS:  30%|██▉       | 297/1000 [32:24 > 13:18]
L-BFGS:  30%|██▉       | 298/1000 [32:27 > 13:21]
L-BFGS:  30%|██▉       | 299/1000 [31:57 > 13:23]
L-BFGS:  30%|███       | 300/1000 [31:41 > 13:26]
L-BFGS:  30%|███       | 301/1000 [32:06 > 13:29]
L-BFGS:  30%|███       | 302/1000 [30:55 > 13:31]
L-BFGS:  30%|███       | 303/1000 [29:58 > 13:34]
L-BFGS:  30%|███       | 304/1000 [29:55 > 13:36]
L-BFGS:  30%|███       | 305/1000 [29:38 > 13:39]
L-BFGS:  31%|███       | 306/1000 [29:24 > 13:41]
L-BFGS:  31%|███       | 307/1000 [30:15 > 13:44]
L-BFGS:  31%|███       | 308/1000 [31:01 > 13:47]
L-BFGS:  31%|███       | 309/1000 [29:25 > 13:49]
L-BFGS:  31%|███       | 310/1000 [30:36 > 13:52]
L-BFGS:  31%|███       | 311/1000 [30:55 > 13:55]
L-BFGS:  31%|███       | 312/1000 [31:24 > 13:58]
L-BFGS:  31%|███▏      | 313/1000 [32:44 > 14:01]
L-BFGS:  31%|███▏      | 314/1000 [31:44 > 14:04]
L-BFGS:  32%|███▏      | 315/1000 [30:53 > 14:06]
L-BFGS:  32%|███▏      | 316/1000 [31:08 > 14:09]
L-BFGS:  32%|███▏      | 317/1000 [31:52 > 14:12]
L-BFGS:  32%|███▏      | 318/1000 [30:56 > 14:14]
L-BFGS:  32%|███▏      | 319/1000 [30:51 > 14:17]
L-BFGS:  32%|███▏      | 320/1000 [29:41 > 14:20]
L-BFGS:  32%|███▏      | 321/1000 [28:40 > 14:22]
L-BFGS:  32%|███▏      | 322/1000 [29:10 > 14:25]
L-BFGS:  32%|███▏      | 323/1000 [28:40 > 14:27]
L-BFGS:  32%|███▏      | 324/1000 [29:18 > 14:30]
L-BFGS:  32%|███▎      | 325/1000 [28:49 > 14:32]
L-BFGS:  33%|███▎      | 326/1000 [29:29 > 14:35]
L-BFGS:  33%|███▎      | 327/1000 [29:41 > 14:38]
L-BFGS:  33%|███▎      | 328/1000 [29:05 > 14:40]
L-BFGS:  33%|███▎      | 329/1000 [30:26 > 14:43]
L-BFGS:  33%|███▎      | 330/1000 [31:45 > 14:46]
L-BFGS:  33%|███▎      | 331/1000 [31:48 > 14:49]
L-BFGS:  33%|███▎      | 332/1000 [30:41 > 14:52]
L-BFGS:  33%|███▎      | 333/1000 [30:48 > 14:54]
L-BFGS:  33%|███▎      | 334/1000 [30:26 > 14:57]
L-BFGS:  34%|███▎      | 335/1000 [30:09 > 15:00]
L-BFGS:  34%|███▎      | 336/1000 [30:26 > 15:03]
L-BFGS:  34%|███▎      | 337/1000 [29:14 > 15:05]
L-BFGS:  34%|███▍      | 338/1000 [28:18 > 15:07]
L-BFGS:  34%|███▍      | 339/1000 [28:19 > 15:10]
L-BFGS:  34%|███▍      | 340/1000 [27:59 > 15:13]
L-BFGS:  34%|███▍      | 341/1000 [27:49 > 15:15]
L-BFGS:  34%|███▍      | 342/1000 [28:37 > 15:18]
L-BFGS:  34%|███▍      | 343/1000 [29:20 > 15:21]
L-BFGS:  34%|███▍      | 344/1000 [27:53 > 15:23]
L-BFGS:  34%|███▍      | 345/1000 [29:03 > 15:26]
L-BFGS:  35%|███▍      | 346/1000 [29:21 > 15:29]
L-BFGS:  35%|███▍      | 347/1000 [29:51 > 15:31]
L-BFGS:  35%|███▍      | 348/1000 [31:10 > 15:35]
L-BFGS:  35%|███▍      | 349/1000 [30:15 > 15:37]
L-BFGS:  35%|███▌      | 350/1000 [29:22 > 15:40]
L-BFGS:  35%|███▌      | 351/1000 [29:32 > 15:43]
L-BFGS:  35%|███▌      | 352/1000 [30:18 > 15:45]
L-BFGS:  35%|███▌      | 353/1000 [29:28 > 15:48]
L-BFGS:  35%|███▌      | 354/1000 [29:19 > 15:51]
L-BFGS:  36%|███▌      | 355/1000 [28:15 > 15:53]
L-BFGS:  36%|███▌      | 356/1000 [27:16 > 15:56]
L-BFGS:  36%|███▌      | 357/1000 [27:43 > 15:58]
L-BFGS:  36%|███▌      | 358/1000 [27:11 > 16:01]
L-BFGS:  36%|███▌      | 359/1000 [27:51 > 16:03]
L-BFGS:  36%|███▌      | 360/1000 [27:27 > 16:06]
L-BFGS:  36%|███▌      | 361/1000 [28:04 > 16:09]
L-BFGS:  36%|███▌      | 362/1000 [28:13 > 16:11]
L-BFGS:  36%|███▋      | 363/1000 [27:30 > 16:14]
L-BFGS:  36%|███▋      | 364/1000 [28:45 > 16:17]
L-BFGS:  36%|███▋      | 365/1000 [30:06 > 16:20]
L-BFGS:  37%|███▋      | 366/1000 [30:11 > 16:23]
L-BFGS:  37%|███▋      | 367/1000 [29:09 > 16:25]
L-BFGS:  37%|███▋      | 368/1000 [29:10 > 16:28]
L-BFGS:  37%|███▋      | 369/1000 [28:46 > 16:31]
L-BFGS:  37%|███▋      | 370/1000 [28:28 > 16:33]
L-BFGS:  37%|███▋      | 371/1000 [28:52 > 16:36]
L-BFGS:  37%|███▋      | 372/1000 [27:42 > 16:39]
L-BFGS:  37%|███▋      | 373/1000 [26:51 > 16:41]
L-BFGS:  37%|███▋      | 374/1000 [26:53 > 16:44]
L-BFGS:  38%|███▊      | 375/1000 [26:32 > 16:46]
L-BFGS:  38%|███▊      | 376/1000 [26:27 > 16:49]
L-BFGS:  38%|███▊      | 377/1000 [27:14 > 16:52]
L-BFGS:  38%|███▊      | 378/1000 [27:52 > 16:54]
L-BFGS:  38%|███▊      | 379/1000 [26:30 > 16:57]
L-BFGS:  38%|███▊      | 380/1000 [27:34 > 17:00]
L-BFGS:  38%|███▊      | 381/1000 [27:52 > 17:02]
L-BFGS:  38%|███▊      | 382/1000 [28:16 > 17:05]
L-BFGS:  38%|███▊      | 383/1000 [29:26 > 17:08]
L-BFGS:  38%|███▊      | 384/1000 [28:34 > 17:11]
L-BFGS:  38%|███▊      | 385/1000 [27:43 > 17:13]
L-BFGS:  39%|███▊      | 386/1000 [27:59 > 17:16]
L-BFGS:  39%|███▊      | 387/1000 [28:39 > 17:19]
L-BFGS:  39%|███▉      | 388/1000 [27:47 > 17:22]
L-BFGS:  39%|███▉      | 389/1000 [27:47 > 17:25]
L-BFGS:  39%|███▉      | 390/1000 [26:40 > 17:27]
L-BFGS:  39%|███▉      | 391/1000 [25:46 > 17:29]
L-BFGS:  39%|███▉      | 392/1000 [26:16 > 17:32]
L-BFGS:  39%|███▉      | 393/1000 [25:48 > 17:34]
L-BFGS:  39%|███▉      | 394/1000 [26:19 > 17:37]
L-BFGS:  40%|███▉      | 395/1000 [25:56 > 17:40]
L-BFGS:  40%|███▉      | 396/1000 [26:28 > 17:42]
L-BFGS:  40%|███▉      | 397/1000 [26:39 > 17:45]
L-BFGS:  40%|███▉      | 398/1000 [26:07 > 17:48]
L-BFGS:  40%|███▉      | 399/1000 [27:17 > 17:51]
L-BFGS:  40%|████      | 400/1000 [28:31 > 17:54]
L-BFGS:  40%|████      | 401/1000 [28:37 > 17:57]
L-BFGS:  40%|████      | 402/1000 [27:37 > 17:59]
L-BFGS:  40%|████      | 403/1000 [27:38 > 18:02]
L-BFGS:  40%|████      | 404/1000 [27:13 > 18:05]
L-BFGS:  40%|████      | 405/1000 [26:57 > 18:07]
L-BFGS:  41%|████      | 406/1000 [27:18 > 18:10]
L-BFGS:  41%|████      | 407/1000 [26:12 > 18:13]
L-BFGS:  41%|████      | 408/1000 [25:23 > 18:15]
L-BFGS:  41%|████      | 409/1000 [25:23 > 18:18]
L-BFGS:  41%|████      | 410/1000 [25:05 > 18:20]
L-BFGS:  41%|████      | 411/1000 [24:57 > 18:23]
L-BFGS:  41%|████      | 412/1000 [25:36 > 18:25]
L-BFGS:  41%|████▏     | 413/1000 [26:14 > 18:28]
L-BFGS:  41%|████▏     | 414/1000 [24:56 > 18:30]
L-BFGS:  42%|████▏     | 415/1000 [25:56 > 18:33]
L-BFGS:  42%|████▏     | 416/1000 [26:15 > 18:36]
L-BFGS:  42%|████▏     | 417/1000 [26:38 > 18:39]
L-BFGS:  42%|████▏     | 418/1000 [27:50 > 18:42]
L-BFGS:  42%|████▏     | 419/1000 [26:59 > 18:45]
L-BFGS:  42%|████▏     | 420/1000 [26:14 > 18:47]
L-BFGS:  42%|████▏     | 421/1000 [26:24 > 18:50]
L-BFGS:  42%|████▏     | 422/1000 [27:02 > 18:53]
L-BFGS:  42%|████▏     | 423/1000 [26:13 > 18:56]
L-BFGS:  42%|████▏     | 424/1000 [26:12 > 18:58]
L-BFGS:  42%|████▎     | 425/1000 [25:10 > 19:01]
L-BFGS:  43%|████▎     | 426/1000 [24:23 > 19:03]
L-BFGS:  43%|████▎     | 427/1000 [24:46 > 19:06]
L-BFGS:  43%|████▎     | 428/1000 [24:19 > 19:08]
L-BFGS:  43%|████▎     | 429/1000 [24:50 > 19:11]
L-BFGS:  43%|████▎     | 430/1000 [24:27 > 19:13]
L-BFGS:  43%|████▎     | 431/1000 [25:00 > 19:16]
L-BFGS:  43%|████▎     | 432/1000 [25:11 > 19:19]
L-BFGS:  43%|████▎     | 433/1000 [24:34 > 19:21]
L-BFGS:  43%|████▎     | 434/1000 [25:38 > 19:24]
L-BFGS:  44%|████▎     | 435/1000 [26:44 > 19:28]
L-BFGS:  44%|████▎     | 436/1000 [26:51 > 19:30]
L-BFGS:  44%|████▎     | 437/1000 [25:54 > 19:33]
L-BFGS:  44%|████▍     | 438/1000 [25:54 > 19:36]
L-BFGS:  44%|████▍     | 439/1000 [25:36 > 19:38]
L-BFGS:  44%|████▍     | 440/1000 [25:22 > 19:41]
L-BFGS:  44%|████▍     | 441/1000 [25:41 > 19:44]
L-BFGS:  44%|████▍     | 442/1000 [24:40 > 19:46]
L-BFGS:  44%|████▍     | 443/1000 [23:52 > 19:49]
L-BFGS:  44%|████▍     | 444/1000 [23:47 > 19:51]
L-BFGS:  44%|████▍     | 445/1000 [23:31 > 19:54]
L-BFGS:  45%|████▍     | 446/1000 [23:22 > 19:56]
L-BFGS:  45%|████▍     | 447/1000 [24:04 > 19:59]
L-BFGS:  45%|████▍     | 448/1000 [24:38 > 20:02]
L-BFGS:  45%|████▍     | 449/1000 [23:24 > 20:04]
L-BFGS:  45%|████▌     | 450/1000 [24:26 > 20:07]
L-BFGS:  45%|████▌     | 451/1000 [24:40 > 20:10]
L-BFGS:  45%|████▌     | 452/1000 [25:04 > 20:13]
L-BFGS:  45%|████▌     | 453/1000 [26:03 > 20:16]
L-BFGS:  45%|████▌     | 454/1000 [25:16 > 20:18]
L-BFGS:  46%|████▌     | 455/1000 [24:36 > 20:21]
L-BFGS:  46%|████▌     | 456/1000 [24:47 > 20:24]
L-BFGS:  46%|████▌     | 457/1000 [25:24 > 20:27]
L-BFGS:  46%|████▌     | 458/1000 [24:39 > 20:29]
L-BFGS:  46%|████▌     | 459/1000 [24:35 > 20:32]
L-BFGS:  46%|████▌     | 460/1000 [23:37 > 20:34]
L-BFGS:  46%|████▌     | 461/1000 [22:48 > 20:37]
L-BFGS:  46%|████▌     | 462/1000 [23:13 > 20:39]
L-BFGS:  46%|████▋     | 463/1000 [22:45 > 20:42]
L-BFGS:  46%|████▋     | 464/1000 [23:15 > 20:45]
L-BFGS:  46%|████▋     | 465/1000 [22:54 > 20:47]
L-BFGS:  47%|████▋     | 466/1000 [23:22 > 20:50]
L-BFGS:  47%|████▋     | 467/1000 [23:33 > 20:53]
L-BFGS:  47%|████▋     | 468/1000 [23:03 > 20:55]
L-BFGS:  47%|████▋     | 469/1000 [24:03 > 20:58]
L-BFGS:  47%|████▋     | 470/1000 [25:10 > 21:01]
L-BFGS:  47%|████▋     | 471/1000 [25:12 > 21:04]
L-BFGS:  47%|████▋     | 472/1000 [24:17 > 21:07]
L-BFGS:  47%|████▋     | 473/1000 [24:23 > 21:09]
L-BFGS:  47%|████▋     | 474/1000 [24:02 > 21:12]
L-BFGS:  48%|████▊     | 475/1000 [23:46 > 21:15]
L-BFGS:  48%|████▊     | 476/1000 [24:04 > 21:18]
L-BFGS:  48%|████▊     | 477/1000 [23:11 > 21:20]
L-BFGS:  48%|████▊     | 478/1000 [22:27 > 21:22]
L-BFGS:  48%|████▊     | 479/1000 [22:30 > 21:25]
L-BFGS:  48%|████▊     | 480/1000 [22:08 > 21:28]
L-BFGS:  48%|████▊     | 481/1000 [22:01 > 21:30]
L-BFGS:  48%|████▊     | 482/1000 [22:37 > 21:33]
L-BFGS:  48%|████▊     | 483/1000 [23:08 > 21:36]
L-BFGS:  48%|████▊     | 484/1000 [21:59 > 21:38]
L-BFGS:  48%|████▊     | 485/1000 [22:52 > 21:41]
L-BFGS:  49%|████▊     | 486/1000 [23:03 > 21:44]
L-BFGS:  49%|████▊     | 487/1000 [23:30 > 21:47]
L-BFGS:  49%|████▉     | 488/1000 [24:31 > 21:50]
L-BFGS:  49%|████▉     | 489/1000 [23:48 > 21:52]
L-BFGS:  49%|████▉     | 490/1000 [23:08 > 21:55]
L-BFGS:  49%|████▉     | 491/1000 [23:15 > 21:58]
L-BFGS:  49%|████▉     | 492/1000 [23:47 > 22:01]
L-BFGS:  49%|████▉     | 493/1000 [23:06 > 22:03]
L-BFGS:  49%|████▉     | 494/1000 [22:58 > 22:06]
L-BFGS:  50%|████▉     | 495/1000 [22:05 > 22:08]
L-BFGS:  50%|████▉     | 496/1000 [21:21 > 22:11]
L-BFGS:  50%|████▉     | 497/1000 [21:42 > 22:13]
L-BFGS:  50%|████▉     | 498/1000 [21:15 > 22:16]
L-BFGS:  50%|████▉     | 499/1000 [21:47 > 22:18]
L-BFGS:  50%|█████     | 500/1000 [21:27 > 22:21]
L-BFGS:  50%|█████     | 501/1000 [21:54 > 22:24]
L-BFGS:  50%|█████     | 502/1000 [22:05 > 22:26]
L-BFGS:  50%|█████     | 503/1000 [21:32 > 22:29]
L-BFGS:  50%|█████     | 504/1000 [22:25 > 22:32]
L-BFGS:  50%|█████     | 505/1000 [23:26 > 22:35]
L-BFGS:  51%|█████     | 506/1000 [23:27 > 22:38]
L-BFGS:  51%|█████     | 507/1000 [22:38 > 22:40]
L-BFGS:  51%|█████     | 508/1000 [22:41 > 22:43]
L-BFGS:  51%|█████     | 509/1000 [22:24 > 22:46]
L-BFGS:  51%|█████     | 510/1000 [22:12 > 22:49]
L-BFGS:  51%|█████     | 511/1000 [22:27 > 22:51]
L-BFGS:  51%|█████     | 512/1000 [21:36 > 22:54]
L-BFGS:  51%|█████▏    | 513/1000 [20:57 > 22:56]
L-BFGS:  51%|█████▏    | 514/1000 [20:53 > 22:59]
L-BFGS:  52%|█████▏    | 515/1000 [20:35 > 23:01]
L-BFGS:  52%|█████▏    | 516/1000 [20:29 > 23:04]
L-BFGS:  52%|█████▏    | 517/1000 [21:03 > 23:07]
L-BFGS:  52%|█████▏    | 518/1000 [21:32 > 23:09]
L-BFGS:  52%|█████▏    | 519/1000 [20:26 > 23:12]
L-BFGS:  52%|█████▏    | 520/1000 [21:17 > 23:15]
L-BFGS:  52%|█████▏    | 521/1000 [21:29 > 23:17]
L-BFGS:  52%|█████▏    | 522/1000 [21:52 > 23:20]
L-BFGS:  52%|█████▏    | 523/1000 [22:49 > 23:23]
L-BFGS:  52%|█████▏    | 524/1000 [22:08 > 23:26]
L-BFGS:  52%|█████▎    | 525/1000 [21:29 > 23:29]
L-BFGS:  53%|█████▎    | 526/1000 [21:41 > 23:31]
L-BFGS:  53%|█████▎    | 527/1000 [22:10 > 23:34]
L-BFGS:  53%|█████▎    | 528/1000 [21:29 > 23:37]
L-BFGS:  53%|█████▎    | 529/1000 [21:25 > 23:40]
L-BFGS:  53%|█████▎    | 530/1000 [20:36 > 23:42]
L-BFGS:  53%|█████▎    | 531/1000 [19:54 > 23:44]
L-BFGS:  53%|█████▎    | 532/1000 [20:13 > 23:47]
L-BFGS:  53%|█████▎    | 533/1000 [19:48 > 23:50]
L-BFGS:  53%|█████▎    | 534/1000 [20:15 > 23:52]
L-BFGS:  54%|█████▎    | 535/1000 [19:58 > 23:55]
L-BFGS:  54%|█████▎    | 536/1000 [20:22 > 23:58]
L-BFGS:  54%|█████▎    | 537/1000 [20:29 > 24:00]
L-BFGS:  54%|█████▍    | 538/1000 [20:00 > 24:03]
L-BFGS:  54%|█████▍    | 539/1000 [20:55 > 24:06]
L-BFGS:  54%|█████▍    | 540/1000 [21:49 > 24:09]
L-BFGS:  54%|█████▍    | 541/1000 [21:53 > 24:12]
L-BFGS:  54%|█████▍    | 542/1000 [21:08 > 24:14]
L-BFGS:  54%|█████▍    | 543/1000 [21:08 > 24:17]
L-BFGS:  54%|█████▍    | 544/1000 [20:49 > 24:20]
L-BFGS:  55%|█████▍    | 545/1000 [20:40 > 24:22]
L-BFGS:  55%|█████▍    | 546/1000 [20:55 > 24:25]
L-BFGS:  55%|█████▍    | 547/1000 [20:06 > 24:28]
L-BFGS:  55%|█████▍    | 548/1000 [19:27 > 24:30]
L-BFGS:  55%|█████▍    | 549/1000 [19:25 > 24:33]
L-BFGS:  55%|█████▌    | 550/1000 [19:09 > 24:35]
L-BFGS:  55%|█████▌    | 551/1000 [19:01 > 24:38]
L-BFGS:  55%|█████▌    | 552/1000 [19:33 > 24:41]
L-BFGS:  55%|█████▌    | 553/1000 [19:59 > 24:43]
L-BFGS:  55%|█████▌    | 554/1000 [19:02 > 24:46]
L-BFGS:  56%|█████▌    | 555/1000 [19:50 > 24:49]
L-BFGS:  56%|█████▌    | 556/1000 [20:01 > 24:51]
L-BFGS:  56%|█████▌    | 557/1000 [20:18 > 24:54]
L-BFGS:  56%|█████▌    | 558/1000 [21:07 > 24:57]
L-BFGS:  56%|█████▌    | 559/1000 [20:29 > 25:00]
L-BFGS:  56%|█████▌    | 560/1000 [19:52 > 25:02]
L-BFGS:  56%|█████▌    | 561/1000 [20:00 > 25:05]
L-BFGS:  56%|█████▌    | 562/1000 [20:28 > 25:08]
L-BFGS:  56%|█████▋    | 563/1000 [19:53 > 25:11]
L-BFGS:  56%|█████▋    | 564/1000 [19:48 > 25:14]
L-BFGS:  56%|█████▋    | 565/1000 [19:02 > 25:16]
L-BFGS:  57%|█████▋    | 566/1000 [18:23 > 25:18]
L-BFGS:  57%|█████▋    | 567/1000 [18:41 > 25:21]
L-BFGS:  57%|█████▋    | 568/1000 [18:20 > 25:23]
L-BFGS:  57%|█████▋    | 569/1000 [18:44 > 25:26]
L-BFGS:  57%|█████▋    | 570/1000 [18:24 > 25:29]
L-BFGS:  57%|█████▋    | 571/1000 [18:47 > 25:31]
L-BFGS:  57%|█████▋    | 572/1000 [18:57 > 25:34]
L-BFGS:  57%|█████▋    | 573/1000 [18:32 > 25:37]
L-BFGS:  57%|█████▋    | 574/1000 [19:19 > 25:40]
L-BFGS:  57%|█████▊    | 575/1000 [20:09 > 25:43]
L-BFGS:  58%|█████▊    | 576/1000 [20:14 > 25:46]
L-BFGS:  58%|█████▊    | 577/1000 [19:31 > 25:48]
L-BFGS:  58%|█████▊    | 578/1000 [19:32 > 25:51]
L-BFGS:  58%|█████▊    | 579/1000 [19:17 > 25:54]
L-BFGS:  58%|█████▊    | 580/1000 [19:05 > 25:56]
L-BFGS:  58%|█████▊    | 581/1000 [19:18 > 25:59]
L-BFGS:  58%|█████▊    | 582/1000 [18:32 > 26:02]
L-BFGS:  58%|█████▊    | 583/1000 [17:57 > 26:04]
L-BFGS:  58%|█████▊    | 584/1000 [17:55 > 26:07]
L-BFGS:  58%|█████▊    | 585/1000 [17:43 > 26:09]
L-BFGS:  59%|█████▊    | 586/1000 [17:32 > 26:12]
L-BFGS:  59%|█████▊    | 587/1000 [18:02 > 26:14]
L-BFGS:  59%|█████▉    | 588/1000 [18:26 > 26:17]
L-BFGS:  59%|█████▉    | 589/1000 [17:29 > 26:20]
L-BFGS:  59%|█████▉    | 590/1000 [18:12 > 26:22]
L-BFGS:  59%|█████▉    | 591/1000 [18:21 > 26:25]
L-BFGS:  59%|█████▉    | 592/1000 [18:37 > 26:28]
L-BFGS:  59%|█████▉    | 593/1000 [19:22 > 26:31]
L-BFGS:  59%|█████▉    | 594/1000 [18:46 > 26:34]
L-BFGS:  60%|█████▉    | 595/1000 [18:15 > 26:36]
L-BFGS:  60%|█████▉    | 596/1000 [18:24 > 26:39]
L-BFGS:  60%|█████▉    | 597/1000 [18:50 > 26:42]
L-BFGS:  60%|█████▉    | 598/1000 [18:18 > 26:45]
L-BFGS:  60%|█████▉    | 599/1000 [18:12 > 26:47]
L-BFGS:  60%|██████    | 600/1000 [17:28 > 26:50]
L-BFGS:  60%|██████    | 601/1000 [16:53 > 26:52]
L-BFGS:  60%|██████    | 602/1000 [17:08 > 26:55]
L-BFGS:  60%|██████    | 603/1000 [16:51 > 26:57]
L-BFGS:  60%|██████    | 604/1000 [17:13 > 27:00]
L-BFGS:  60%|██████    | 605/1000 [16:58 > 27:02]
L-BFGS:  61%|██████    | 606/1000 [17:18 > 27:05]
L-BFGS:  61%|██████    | 607/1000 [17:23 > 27:08]
L-BFGS:  61%|██████    | 608/1000 [16:57 > 27:10]
L-BFGS:  61%|██████    | 609/1000 [17:43 > 27:13]
L-BFGS:  61%|██████    | 610/1000 [18:28 > 27:17]
L-BFGS:  61%|██████    | 611/1000 [18:31 > 27:19]
L-BFGS:  61%|██████    | 612/1000 [17:52 > 27:22]
L-BFGS:  61%|██████▏   | 613/1000 [17:52 > 27:25]
L-BFGS:  61%|██████▏   | 614/1000 [17:40 > 27:27]
L-BFGS:  62%|██████▏   | 615/1000 [17:30 > 27:30]
L-BFGS:  62%|██████▏   | 616/1000 [17:41 > 27:33]
L-BFGS:  62%|██████▏   | 617/1000 [16:59 > 27:35]
L-BFGS:  62%|██████▏   | 618/1000 [16:26 > 27:38]
L-BFGS:  62%|██████▏   | 619/1000 [16:22 > 27:40]
L-BFGS:  62%|██████▏   | 620/1000 [16:10 > 27:43]
L-BFGS:  62%|██████▏   | 621/1000 [16:03 > 27:45]
L-BFGS:  62%|██████▏   | 622/1000 [16:30 > 27:48]
L-BFGS:  62%|██████▏   | 623/1000 [16:54 > 27:51]
L-BFGS:  62%|██████▏   | 624/1000 [16:03 > 27:53]
L-BFGS:  62%|██████▎   | 625/1000 [16:41 > 27:56]
L-BFGS:  63%|██████▎   | 626/1000 [16:51 > 27:59]
L-BFGS:  63%|██████▎   | 627/1000 [17:02 > 28:02]
L-BFGS:  63%|██████▎   | 628/1000 [17:48 > 28:05]
L-BFGS:  63%|██████▎   | 629/1000 [17:14 > 28:08]
L-BFGS:  63%|██████▎   | 630/1000 [16:42 > 28:10]
L-BFGS:  63%|██████▎   | 631/1000 [16:49 > 28:13]
L-BFGS:  63%|██████▎   | 632/1000 [17:13 > 28:16]
L-BFGS:  63%|██████▎   | 633/1000 [16:41 > 28:18]
L-BFGS:  63%|██████▎   | 634/1000 [16:37 > 28:21]
L-BFGS:  64%|██████▎   | 635/1000 [15:59 > 28:24]
L-BFGS:  64%|██████▎   | 636/1000 [15:24 > 28:26]
L-BFGS:  64%|██████▎   | 637/1000 [15:42 > 28:29]
L-BFGS:  64%|██████▍   | 638/1000 [15:23 > 28:31]
L-BFGS:  64%|██████▍   | 639/1000 [15:42 > 28:34]
L-BFGS:  64%|██████▍   | 640/1000 [15:26 > 28:36]
L-BFGS:  64%|██████▍   | 641/1000 [15:43 > 28:39]
L-BFGS:  64%|██████▍   | 642/1000 [15:48 > 28:42]
L-BFGS:  64%|██████▍   | 643/1000 [15:26 > 28:44]
L-BFGS:  64%|██████▍   | 644/1000 [16:05 > 28:47]
L-BFGS:  64%|██████▍   | 645/1000 [16:48 > 28:50]
L-BFGS:  65%|██████▍   | 646/1000 [16:52 > 28:53]
L-BFGS:  65%|██████▍   | 647/1000 [16:15 > 28:56]
L-BFGS:  65%|██████▍   | 648/1000 [16:16 > 28:59]
L-BFGS:  65%|██████▍   | 649/1000 [16:03 > 29:01]
L-BFGS:  65%|██████▌   | 650/1000 [15:52 > 29:04]
L-BFGS:  65%|██████▌   | 651/1000 [16:03 > 29:07]
L-BFGS:  65%|██████▌   | 652/1000 [15:25 > 29:09]
L-BFGS:  65%|██████▌   | 653/1000 [14:55 > 29:12]
L-BFGS:  65%|██████▌   | 654/1000 [14:54 > 29:14]
L-BFGS:  66%|██████▌   | 655/1000 [14:42 > 29:17]
L-BFGS:  66%|██████▌   | 656/1000 [14:36 > 29:19]
L-BFGS:  66%|██████▌   | 657/1000 [15:01 > 29:22]
L-BFGS:  66%|██████▌   | 658/1000 [15:21 > 29:25]
L-BFGS:  66%|██████▌   | 659/1000 [14:37 > 29:27]
L-BFGS:  66%|██████▌   | 660/1000 [15:10 > 29:30]
L-BFGS:  66%|██████▌   | 661/1000 [15:17 > 29:33]
L-BFGS:  66%|██████▌   | 662/1000 [15:29 > 29:36]
L-BFGS:  66%|██████▋   | 663/1000 [16:07 > 29:39]
L-BFGS:  66%|██████▋   | 664/1000 [15:39 > 29:42]
L-BFGS:  66%|██████▋   | 665/1000 [15:11 > 29:44]
L-BFGS:  67%|██████▋   | 666/1000 [15:16 > 29:47]
L-BFGS:  67%|██████▋   | 667/1000 [15:38 > 29:50]
L-BFGS:  67%|██████▋   | 668/1000 [15:09 > 29:52]
L-BFGS:  67%|██████▋   | 669/1000 [15:04 > 29:55]
L-BFGS:  67%|██████▋   | 670/1000 [14:28 > 29:58]
L-BFGS:  67%|██████▋   | 671/1000 [13:56 > 30:00]
L-BFGS:  67%|██████▋   | 672/1000 [14:13 > 30:03]
L-BFGS:  67%|██████▋   | 673/1000 [13:56 > 30:05]
L-BFGS:  67%|██████▋   | 674/1000 [14:13 > 30:08]
L-BFGS:  68%|██████▊   | 675/1000 [13:59 > 30:10]
L-BFGS:  68%|██████▊   | 676/1000 [14:15 > 30:13]
L-BFGS:  68%|██████▊   | 677/1000 [14:20 > 30:16]
L-BFGS:  68%|██████▊   | 678/1000 [13:58 > 30:18]
L-BFGS:  68%|██████▊   | 679/1000 [14:34 > 30:21]
L-BFGS:  68%|██████▊   | 680/1000 [15:11 > 30:24]
L-BFGS:  68%|██████▊   | 681/1000 [15:13 > 30:27]
L-BFGS:  68%|██████▊   | 682/1000 [14:40 > 30:30]
L-BFGS:  68%|██████▊   | 683/1000 [14:40 > 30:33]
L-BFGS:  68%|██████▊   | 684/1000 [14:32 > 30:35]
L-BFGS:  68%|██████▊   | 685/1000 [14:20 > 30:38]
L-BFGS:  69%|██████▊   | 686/1000 [14:27 > 30:41]
L-BFGS:  69%|██████▊   | 687/1000 [13:55 > 30:43]
L-BFGS:  69%|██████▉   | 688/1000 [13:26 > 30:46]
L-BFGS:  69%|██████▉   | 689/1000 [13:23 > 30:48]
L-BFGS:  69%|██████▉   | 690/1000 [13:11 > 30:51]
L-BFGS:  69%|██████▉   | 691/1000 [13:07 > 30:53]
L-BFGS:  69%|██████▉   | 692/1000 [13:28 > 30:56]
L-BFGS:  69%|██████▉   | 693/1000 [13:45 > 30:59]
L-BFGS:  69%|██████▉   | 694/1000 [13:03 > 31:01]
L-BFGS:  70%|██████▉   | 695/1000 [13:35 > 31:04]
L-BFGS:  70%|██████▉   | 696/1000 [13:40 > 31:07]
L-BFGS:  70%|██████▉   | 697/1000 [13:54 > 31:10]
L-BFGS:  70%|██████▉   | 698/1000 [14:26 > 31:13]
L-BFGS:  70%|██████▉   | 699/1000 [14:00 > 31:16]
L-BFGS:  70%|███████   | 700/1000 [13:33 > 31:18]
L-BFGS:  70%|███████   | 701/1000 [13:36 > 31:21]
L-BFGS:  70%|███████   | 702/1000 [13:55 > 31:24]
L-BFGS:  70%|███████   | 703/1000 [13:29 > 31:26]
L-BFGS:  70%|███████   | 704/1000 [13:26 > 31:29]
L-BFGS:  70%|███████   | 705/1000 [12:53 > 31:31]
L-BFGS:  71%|███████   | 706/1000 [12:25 > 31:34]
L-BFGS:  71%|███████   | 707/1000 [12:38 > 31:37]
L-BFGS:  71%|███████   | 708/1000 [12:23 > 31:39]
L-BFGS:  71%|███████   | 709/1000 [12:40 > 31:42]
L-BFGS:  71%|███████   | 710/1000 [12:28 > 31:44]
L-BFGS:  71%|███████   | 711/1000 [12:43 > 31:47]
L-BFGS:  71%|███████   | 712/1000 [12:44 > 31:50]
L-BFGS:  71%|███████▏  | 713/1000 [12:25 > 31:52]
L-BFGS:  71%|███████▏  | 714/1000 [12:56 > 31:55]
L-BFGS:  72%|███████▏  | 715/1000 [13:29 > 31:58]
L-BFGS:  72%|███████▏  | 716/1000 [13:31 > 32:01]
L-BFGS:  72%|███████▏  | 717/1000 [13:01 > 32:04]
L-BFGS:  72%|███████▏  | 718/1000 [13:03 > 32:07]
L-BFGS:  72%|███████▏  | 719/1000 [12:51 > 32:09]
L-BFGS:  72%|███████▏  | 720/1000 [12:43 > 32:12]
L-BFGS:  72%|███████▏  | 721/1000 [12:49 > 32:15]
L-BFGS:  72%|███████▏  | 722/1000 [12:19 > 32:17]
L-BFGS:  72%|███████▏  | 723/1000 [11:54 > 32:20]
L-BFGS:  72%|███████▏  | 724/1000 [11:53 > 32:22]
L-BFGS:  72%|███████▎  | 725/1000 [11:42 > 32:25]
L-BFGS:  73%|███████▎  | 726/1000 [11:36 > 32:27]
L-BFGS:  73%|███████▎  | 727/1000 [11:54 > 32:30]
L-BFGS:  73%|███████▎  | 728/1000 [12:09 > 32:33]
L-BFGS:  73%|███████▎  | 729/1000 [11:31 > 32:35]
L-BFGS:  73%|███████▎  | 730/1000 [11:57 > 32:38]
L-BFGS:  73%|███████▎  | 731/1000 [12:02 > 32:41]
L-BFGS:  73%|███████▎  | 732/1000 [12:11 > 32:44]
L-BFGS:  73%|███████▎  | 733/1000 [12:43 > 32:47]
L-BFGS:  73%|███████▎  | 734/1000 [12:19 > 32:49]
L-BFGS:  74%|███████▎  | 735/1000 [11:55 > 32:52]
L-BFGS:  74%|███████▎  | 736/1000 [12:00 > 32:55]
L-BFGS:  74%|███████▎  | 737/1000 [12:17 > 32:58]
L-BFGS:  74%|███████▍  | 738/1000 [11:56 > 33:00]
L-BFGS:  74%|███████▍  | 739/1000 [11:51 > 33:03]
L-BFGS:  74%|███████▍  | 740/1000 [11:22 > 33:05]
L-BFGS:  74%|███████▍  | 741/1000 [10:58 > 33:08]
L-BFGS:  74%|███████▍  | 742/1000 [11:10 > 33:10]
L-BFGS:  74%|███████▍  | 743/1000 [10:55 > 33:13]
L-BFGS:  74%|███████▍  | 744/1000 [11:09 > 33:16]
L-BFGS:  74%|███████▍  | 745/1000 [10:56 > 33:18]
L-BFGS:  75%|███████▍  | 746/1000 [11:08 > 33:21]
L-BFGS:  75%|███████▍  | 747/1000 [11:11 > 33:23]
L-BFGS:  75%|███████▍  | 748/1000 [10:53 > 33:26]
L-BFGS:  75%|███████▍  | 749/1000 [11:20 > 33:29]
L-BFGS:  75%|███████▌  | 750/1000 [11:50 > 33:32]
L-BFGS:  75%|███████▌  | 751/1000 [11:49 > 33:35]
L-BFGS:  75%|███████▌  | 752/1000 [11:23 > 33:37]
L-BFGS:  75%|███████▌  | 753/1000 [11:24 > 33:40]
L-BFGS:  75%|███████▌  | 754/1000 [11:14 > 33:43]
L-BFGS:  76%|███████▌  | 755/1000 [11:06 > 33:46]
L-BFGS:  76%|███████▌  | 756/1000 [11:12 > 33:48]
L-BFGS:  76%|███████▌  | 757/1000 [10:44 > 33:51]
L-BFGS:  76%|███████▌  | 758/1000 [10:22 > 33:53]
L-BFGS:  76%|███████▌  | 759/1000 [10:20 > 33:56]
L-BFGS:  76%|███████▌  | 760/1000 [10:11 > 33:58]
L-BFGS:  76%|███████▌  | 761/1000 [10:06 > 34:01]
L-BFGS:  76%|███████▌  | 762/1000 [10:23 > 34:04]
L-BFGS:  76%|███████▋  | 763/1000 [10:35 > 34:06]
L-BFGS:  76%|███████▋  | 764/1000 [10:02 > 34:09]
L-BFGS:  76%|███████▋  | 765/1000 [10:26 > 34:12]
L-BFGS:  77%|███████▋  | 766/1000 [10:30 > 34:14]
L-BFGS:  77%|███████▋  | 767/1000 [10:38 > 34:17]
L-BFGS:  77%|███████▋  | 768/1000 [11:03 > 34:20]
L-BFGS:  77%|███████▋  | 769/1000 [10:43 > 34:23]
L-BFGS:  77%|███████▋  | 770/1000 [10:24 > 34:26]
L-BFGS:  77%|███████▋  | 771/1000 [10:26 > 34:28]
L-BFGS:  77%|███████▋  | 772/1000 [10:40 > 34:31]
L-BFGS:  77%|███████▋  | 773/1000 [10:19 > 34:34]
L-BFGS:  77%|███████▋  | 774/1000 [10:16 > 34:37]
L-BFGS:  78%|███████▊  | 775/1000 [09:49 > 34:39]
L-BFGS:  78%|███████▊  | 776/1000 [09:30 > 34:41]
L-BFGS:  78%|███████▊  | 777/1000 [09:36 > 34:44]
L-BFGS:  78%|███████▊  | 778/1000 [09:24 > 34:46]
L-BFGS:  78%|███████▊  | 779/1000 [09:36 > 34:49]
L-BFGS:  78%|███████▊  | 780/1000 [09:25 > 34:52]
L-BFGS:  78%|███████▊  | 781/1000 [09:36 > 34:54]
L-BFGS:  78%|███████▊  | 782/1000 [09:38 > 34:57]
L-BFGS:  78%|███████▊  | 783/1000 [09:23 > 35:00]
L-BFGS:  78%|███████▊  | 784/1000 [09:46 > 35:03]
L-BFGS:  78%|███████▊  | 785/1000 [10:09 > 35:06]
L-BFGS:  79%|███████▊  | 786/1000 [10:09 > 35:09]
L-BFGS:  79%|███████▊  | 787/1000 [09:47 > 35:11]
L-BFGS:  79%|███████▉  | 788/1000 [09:47 > 35:14]
L-BFGS:  79%|███████▉  | 789/1000 [09:39 > 35:17]
L-BFGS:  79%|███████▉  | 790/1000 [09:31 > 35:19]
L-BFGS:  79%|███████▉  | 791/1000 [09:35 > 35:22]
L-BFGS:  79%|███████▉  | 792/1000 [09:11 > 35:25]
L-BFGS:  79%|███████▉  | 793/1000 [08:52 > 35:27]
L-BFGS:  79%|███████▉  | 794/1000 [08:51 > 35:30]
L-BFGS:  80%|███████▉  | 795/1000 [08:41 > 35:32]
L-BFGS:  80%|███████▉  | 796/1000 [08:38 > 35:35]
L-BFGS:  80%|███████▉  | 797/1000 [08:50 > 35:37]
L-BFGS:  80%|███████▉  | 798/1000 [09:01 > 35:40]
L-BFGS:  80%|███████▉  | 799/1000 [08:32 > 35:42]
L-BFGS:  80%|████████  | 800/1000 [08:51 > 35:45]
L-BFGS:  80%|████████  | 801/1000 [08:56 > 35:48]
L-BFGS:  80%|████████  | 802/1000 [09:01 > 35:51]
L-BFGS:  80%|████████  | 803/1000 [09:24 > 35:54]
L-BFGS:  80%|████████  | 804/1000 [09:04 > 35:57]
L-BFGS:  80%|████████  | 805/1000 [08:48 > 35:59]
L-BFGS:  81%|████████  | 806/1000 [08:51 > 36:02]
L-BFGS:  81%|████████  | 807/1000 [09:01 > 36:05]
L-BFGS:  81%|████████  | 808/1000 [08:43 > 36:08]
L-BFGS:  81%|████████  | 809/1000 [08:39 > 36:10]
L-BFGS:  81%|████████  | 810/1000 [08:18 > 36:13]
L-BFGS:  81%|████████  | 811/1000 [07:58 > 36:15]
L-BFGS:  81%|████████  | 812/1000 [08:05 > 36:18]
L-BFGS:  81%|████████▏ | 813/1000 [07:55 > 36:20]
L-BFGS:  81%|████████▏ | 814/1000 [08:04 > 36:23]
L-BFGS:  82%|████████▏ | 815/1000 [07:55 > 36:25]
L-BFGS:  82%|████████▏ | 816/1000 [08:04 > 36:28]
L-BFGS:  82%|████████▏ | 817/1000 [08:06 > 36:31]
L-BFGS:  82%|████████▏ | 818/1000 [07:53 > 36:33]
L-BFGS:  82%|████████▏ | 819/1000 [08:11 > 36:36]
L-BFGS:  82%|████████▏ | 820/1000 [08:33 > 36:39]
L-BFGS:  82%|████████▏ | 821/1000 [08:32 > 36:42]
L-BFGS:  82%|████████▏ | 822/1000 [08:12 > 36:45]
L-BFGS:  82%|████████▏ | 823/1000 [08:10 > 36:48]
L-BFGS:  82%|████████▏ | 824/1000 [08:03 > 36:50]
L-BFGS:  82%|████████▎ | 825/1000 [07:57 > 36:53]
L-BFGS:  83%|████████▎ | 826/1000 [08:01 > 36:56]
L-BFGS:  83%|████████▎ | 827/1000 [07:40 > 36:58]
L-BFGS:  83%|████████▎ | 828/1000 [07:23 > 37:01]
L-BFGS:  83%|████████▎ | 829/1000 [07:21 > 37:03]
L-BFGS:  83%|████████▎ | 830/1000 [07:14 > 37:06]
L-BFGS:  83%|████████▎ | 831/1000 [07:10 > 37:08]
L-BFGS:  83%|████████▎ | 832/1000 [07:20 > 37:11]
L-BFGS:  83%|████████▎ | 833/1000 [07:28 > 37:14]
L-BFGS:  83%|████████▎ | 834/1000 [07:04 > 37:16]
L-BFGS:  84%|████████▎ | 835/1000 [07:20 > 37:19]
L-BFGS:  84%|████████▎ | 836/1000 [07:21 > 37:22]
L-BFGS:  84%|████████▎ | 837/1000 [07:26 > 37:25]
L-BFGS:  84%|████████▍ | 838/1000 [07:43 > 37:28]
L-BFGS:  84%|████████▍ | 839/1000 [07:27 > 37:30]
L-BFGS:  84%|████████▍ | 840/1000 [07:12 > 37:33]
L-BFGS:  84%|████████▍ | 841/1000 [07:13 > 37:36]
L-BFGS:  84%|████████▍ | 842/1000 [07:23 > 37:39]
L-BFGS:  84%|████████▍ | 843/1000 [07:08 > 37:41]
L-BFGS:  84%|████████▍ | 844/1000 [07:04 > 37:44]
L-BFGS:  84%|████████▍ | 845/1000 [06:46 > 37:46]
L-BFGS:  85%|████████▍ | 846/1000 [06:29 > 37:49]
L-BFGS:  85%|████████▍ | 847/1000 [06:35 > 37:51]
L-BFGS:  85%|████████▍ | 848/1000 [06:26 > 37:54]
L-BFGS:  85%|████████▍ | 849/1000 [06:32 > 37:57]
L-BFGS:  85%|████████▌ | 850/1000 [06:25 > 37:59]
L-BFGS:  85%|████████▌ | 851/1000 [06:31 > 38:02]
L-BFGS:  85%|████████▌ | 852/1000 [06:32 > 38:05]
L-BFGS:  85%|████████▌ | 853/1000 [06:21 > 38:07]
L-BFGS:  85%|████████▌ | 854/1000 [06:36 > 38:10]
L-BFGS:  86%|████████▌ | 855/1000 [06:53 > 38:13]
L-BFGS:  86%|████████▌ | 856/1000 [06:51 > 38:16]
L-BFGS:  86%|████████▌ | 857/1000 [06:34 > 38:19]
L-BFGS:  86%|████████▌ | 858/1000 [06:32 > 38:21]
L-BFGS:  86%|████████▌ | 859/1000 [06:26 > 38:24]
L-BFGS:  86%|████████▌ | 860/1000 [06:20 > 38:27]
L-BFGS:  86%|████████▌ | 861/1000 [06:22 > 38:30]
L-BFGS:  86%|████████▌ | 862/1000 [06:05 > 38:32]
L-BFGS:  86%|████████▋ | 863/1000 [05:53 > 38:34]
L-BFGS:  86%|████████▋ | 864/1000 [05:50 > 38:37]
L-BFGS:  86%|████████▋ | 865/1000 [05:44 > 38:39]
L-BFGS:  87%|████████▋ | 866/1000 [05:40 > 38:42]
L-BFGS:  87%|████████▋ | 867/1000 [05:48 > 38:45]
L-BFGS:  87%|████████▋ | 868/1000 [05:55 > 38:48]
L-BFGS:  87%|████████▋ | 869/1000 [05:35 > 38:50]
L-BFGS:  87%|████████▋ | 870/1000 [05:46 > 38:53]
L-BFGS:  87%|████████▋ | 871/1000 [05:48 > 38:56]
L-BFGS:  87%|████████▋ | 872/1000 [05:51 > 38:58]
L-BFGS:  87%|████████▋ | 873/1000 [06:04 > 39:02]
L-BFGS:  87%|████████▋ | 874/1000 [05:50 > 39:04]
L-BFGS:  88%|████████▊ | 875/1000 [05:38 > 39:07]
L-BFGS:  88%|████████▊ | 876/1000 [05:39 > 39:10]
L-BFGS:  88%|████████▊ | 877/1000 [05:45 > 39:13]
L-BFGS:  88%|████████▊ | 878/1000 [05:32 > 39:15]
L-BFGS:  88%|████████▊ | 879/1000 [05:29 > 39:18]
L-BFGS:  88%|████████▊ | 880/1000 [05:14 > 39:20]
L-BFGS:  88%|████████▊ | 881/1000 [05:01 > 39:22]
L-BFGS:  88%|████████▊ | 882/1000 [05:05 > 39:25]
L-BFGS:  88%|████████▊ | 883/1000 [04:57 > 39:28]
L-BFGS:  88%|████████▊ | 884/1000 [05:02 > 39:30]
L-BFGS:  88%|████████▊ | 885/1000 [04:55 > 39:33]
L-BFGS:  89%|████████▊ | 886/1000 [04:59 > 39:36]
L-BFGS:  89%|████████▊ | 887/1000 [04:59 > 39:38]
L-BFGS:  89%|████████▉ | 888/1000 [04:50 > 39:41]
L-BFGS:  89%|████████▉ | 889/1000 [05:00 > 39:44]
L-BFGS:  89%|████████▉ | 890/1000 [05:12 > 39:47]
L-BFGS:  89%|████████▉ | 891/1000 [05:11 > 39:50]
L-BFGS:  89%|████████▉ | 892/1000 [04:58 > 39:52]
L-BFGS:  89%|████████▉ | 893/1000 [04:56 > 39:55]
L-BFGS:  89%|████████▉ | 894/1000 [04:50 > 39:58]
L-BFGS:  90%|████████▉ | 895/1000 [04:45 > 40:00]
L-BFGS:  90%|████████▉ | 896/1000 [04:47 > 40:03]
L-BFGS:  90%|████████▉ | 897/1000 [04:34 > 40:06]
L-BFGS:  90%|████████▉ | 898/1000 [04:23 > 40:08]
L-BFGS:  90%|████████▉ | 899/1000 [04:21 > 40:11]
L-BFGS:  90%|█████████ | 900/1000 [04:16 > 40:13]
L-BFGS:  90%|█████████ | 901/1000 [04:12 > 40:16]
L-BFGS:  90%|█████████ | 902/1000 [04:17 > 40:19]
L-BFGS:  90%|█████████ | 903/1000 [04:20 > 40:21]
L-BFGS:  90%|█████████ | 904/1000 [04:06 > 40:24]
L-BFGS:  90%|█████████ | 905/1000 [04:13 > 40:27]
L-BFGS:  91%|█████████ | 906/1000 [04:12 > 40:29]
L-BFGS:  91%|█████████ | 907/1000 [04:14 > 40:32]
L-BFGS:  91%|█████████ | 908/1000 [04:23 > 40:35]
L-BFGS:  91%|█████████ | 909/1000 [04:13 > 40:38]
L-BFGS:  91%|█████████ | 910/1000 [04:03 > 40:40]
L-BFGS:  91%|█████████ | 911/1000 [04:03 > 40:43]
L-BFGS:  91%|█████████ | 912/1000 [04:07 > 40:46]
L-BFGS:  91%|█████████▏| 913/1000 [03:57 > 40:49]
L-BFGS:  91%|█████████▏| 914/1000 [03:54 > 40:52]
L-BFGS:  92%|█████████▏| 915/1000 [03:42 > 40:54]
L-BFGS:  92%|█████████▏| 916/1000 [03:33 > 40:56]
L-BFGS:  92%|█████████▏| 917/1000 [03:35 > 40:59]
L-BFGS:  92%|█████████▏| 918/1000 [03:29 > 41:01]
L-BFGS:  92%|█████████▏| 919/1000 [03:31 > 41:04]
L-BFGS:  92%|█████████▏| 920/1000 [03:26 > 41:07]
L-BFGS:  92%|█████████▏| 921/1000 [03:28 > 41:09]
L-BFGS:  92%|█████████▏| 922/1000 [03:27 > 41:12]
L-BFGS:  92%|█████████▏| 923/1000 [03:20 > 41:15]
L-BFGS:  92%|█████████▏| 924/1000 [03:26 > 41:18]
L-BFGS:  92%|█████████▎| 925/1000 [03:33 > 41:21]
L-BFGS:  93%|█████████▎| 926/1000 [03:31 > 41:24]
L-BFGS:  93%|█████████▎| 927/1000 [03:21 > 41:26]
L-BFGS:  93%|█████████▎| 928/1000 [03:19 > 41:29]
L-BFGS:  93%|█████████▎| 929/1000 [03:15 > 41:32]
L-BFGS:  93%|█████████▎| 930/1000 [03:10 > 41:34]
L-BFGS:  93%|█████████▎| 931/1000 [03:09 > 41:37]
L-BFGS:  93%|█████████▎| 932/1000 [03:00 > 41:40]
L-BFGS:  93%|█████████▎| 933/1000 [02:52 > 41:42]
L-BFGS:  93%|█████████▎| 934/1000 [02:50 > 41:45]
L-BFGS:  94%|█████████▎| 935/1000 [02:45 > 41:47]
L-BFGS:  94%|█████████▎| 936/1000 [02:42 > 41:50]
L-BFGS:  94%|█████████▎| 937/1000 [02:55 > 41:53]
L-BFGS:  94%|█████████▍| 938/1000 [03:02 > 41:56]
L-BFGS:  94%|█████████▍| 939/1000 [02:51 > 41:59]
L-BFGS:  94%|█████████▍| 940/1000 [03:11 > 42:03]
L-BFGS:  94%|█████████▍| 941/1000 [03:14 > 42:06]
L-BFGS:  94%|█████████▍| 942/1000 [03:25 > 42:10]
L-BFGS:  94%|█████████▍| 943/1000 [03:15 > 42:14]
L-BFGS:  94%|█████████▍| 944/1000 [02:58 > 42:16]
L-BFGS:  94%|█████████▍| 945/1000 [02:45 > 42:19]
L-BFGS:  95%|█████████▍| 946/1000 [02:39 > 42:22]
L-BFGS:  95%|█████████▍| 947/1000 [02:37 > 42:25]
L-BFGS:  95%|█████████▍| 948/1000 [02:28 > 42:27]
L-BFGS:  95%|█████████▍| 949/1000 [02:23 > 42:30]
L-BFGS:  95%|█████████▌| 950/1000 [02:14 > 42:32]
L-BFGS:  95%|█████████▌| 951/1000 [02:07 > 42:35]
L-BFGS:  95%|█████████▌| 952/1000 [02:06 > 42:37]
L-BFGS:  95%|█████████▌| 953/1000 [02:01 > 42:40]
L-BFGS:  95%|█████████▌| 954/1000 [02:01 > 42:43]
L-BFGS:  96%|█████████▌| 955/1000 [01:57 > 42:45]
L-BFGS:  96%|█████████▌| 956/1000 [01:57 > 42:48]
L-BFGS:  96%|█████████▌| 957/1000 [01:55 > 42:51]
L-BFGS:  96%|█████████▌| 958/1000 [01:50 > 42:53]
L-BFGS:  96%|█████████▌| 959/1000 [01:52 > 42:56]
L-BFGS:  96%|█████████▌| 960/1000 [01:55 > 43:00]
L-BFGS:  96%|█████████▌| 961/1000 [01:53 > 43:02]
L-BFGS:  96%|█████████▌| 962/1000 [01:46 > 43:05]
L-BFGS:  96%|█████████▋| 963/1000 [01:43 > 43:08]
L-BFGS:  96%|█████████▋| 964/1000 [01:39 > 43:11]
L-BFGS:  96%|█████████▋| 965/1000 [01:36 > 43:13]
L-BFGS:  97%|█████████▋| 966/1000 [01:34 > 43:16]
L-BFGS:  97%|█████████▋| 967/1000 [01:28 > 43:19]
L-BFGS:  97%|█████████▋| 968/1000 [01:23 > 43:21]
L-BFGS:  97%|█████████▋| 969/1000 [01:21 > 43:24]
L-BFGS:  97%|█████████▋| 970/1000 [01:17 > 43:26]
L-BFGS:  97%|█████████▋| 971/1000 [01:14 > 43:29]
L-BFGS:  97%|█████████▋| 972/1000 [01:14 > 43:32]
L-BFGS:  97%|█████████▋| 973/1000 [01:13 > 43:34]
L-BFGS:  97%|█████████▋| 974/1000 [01:07 > 43:37]
L-BFGS:  98%|█████████▊| 975/1000 [01:07 > 43:40]
L-BFGS:  98%|█████████▊| 976/1000 [01:05 > 43:43]
L-BFGS:  98%|█████████▊| 977/1000 [01:03 > 43:45]
L-BFGS:  98%|█████████▊| 978/1000 [01:03 > 43:49]
L-BFGS:  98%|█████████▊| 979/1000 [00:59 > 43:51]
L-BFGS:  98%|█████████▊| 980/1000 [00:54 > 43:54]
L-BFGS:  98%|█████████▊| 981/1000 [00:52 > 43:57]
L-BFGS:  98%|█████████▊| 982/1000 [00:52 > 44:00]
L-BFGS:  98%|█████████▊| 983/1000 [00:49 > 44:03]
L-BFGS:  98%|█████████▊| 984/1000 [00:46 > 44:06]
L-BFGS:  98%|█████████▊| 985/1000 [00:41 > 44:08]
L-BFGS:  99%|█████████▊| 986/1000 [00:37 > 44:10]
L-BFGS:  99%|█████████▊| 987/1000 [00:35 > 44:13]
L-BFGS:  99%|█████████▉| 988/1000 [00:32 > 44:16]
L-BFGS:  99%|█████████▉| 989/1000 [00:30 > 44:19]
L-BFGS:  99%|█████████▉| 990/1000 [00:26 > 44:21]
L-BFGS:  99%|█████████▉| 991/1000 [00:24 > 44:24]
L-BFGS:  99%|█████████▉| 992/1000 [00:21 > 44:27]
L-BFGS:  99%|█████████▉| 993/1000 [00:18 > 44:29]
L-BFGS:  99%|█████████▉| 994/1000 [00:16 > 44:32]
L-BFGS: 100%|█████████▉| 995/1000 [00:14 > 44:35]
L-BFGS: 100%|█████████▉| 996/1000 [00:11 > 44:38]
L-BFGS: 100%|█████████▉| 997/1000 [00:08 > 44:41]
L-BFGS: 100%|█████████▉| 998/1000 [00:05 > 44:44]
L-BFGS: 100%|█████████▉| 999/1000 [00:02 > 44:46]
L-BFGS: 100%|██████████| 1000/1000 [00:00 > 44:49]
L-BFGS: 100%|██████████| 1000/1000 [00:00 > 44:49]
Training saved: C:\Ali Computation\pinn\code\heterogeneous\pino_heterogeneous\results\exp_I_maximin_N500_float64_lr01\pino_heterogeneous_concentration.png C:\Ali Computation\pinn\code\heterogeneous\pino_heterogeneous\results\exp_I_maximin_N500_float64_lr01\pino_heterogeneous_loss.png C:\Ali Computation\pinn\code\heterogeneous\pino_heterogeneous\results\exp_I_maximin_N500_float64_lr01\pino_heterogeneous_model.pt
COMSOL validation: 81 media -> C:\Ali Computation\pinn\code\heterogeneous\pino_heterogeneous\results\exp_I_maximin_N500_float64_lr01  (x* collocation n=86)

COMSOL vs PINO:   0%|          | 0/81 [00:00<?, ?it/s]
COMSOL vs PINO:   6%|▌         | 5/81 [00:00<00:01, 46.28it/s]
COMSOL vs PINO:  12%|█▏        | 10/81 [00:00<00:01, 48.03it/s]
COMSOL vs PINO:  19%|█▊        | 15/81 [00:00<00:01, 45.41it/s]
COMSOL vs PINO:  25%|██▍       | 20/81 [00:00<00:01, 45.85it/s]
COMSOL vs PINO:  31%|███       | 25/81 [00:00<00:01, 46.46it/s]
COMSOL vs PINO:  37%|███▋      | 30/81 [00:00<00:01, 47.18it/s]
COMSOL vs PINO:  43%|████▎     | 35/81 [00:00<00:00, 47.89it/s]
COMSOL vs PINO:  51%|█████     | 41/81 [00:00<00:00, 48.84it/s]
COMSOL vs PINO:  57%|█████▋    | 46/81 [00:00<00:00, 48.54it/s]
COMSOL vs PINO:  63%|██████▎   | 51/81 [00:01<00:00, 48.35it/s]
COMSOL vs PINO:  69%|██████▉   | 56/81 [00:01<00:00, 48.37it/s]
COMSOL vs PINO:  77%|███████▋  | 62/81 [00:01<00:00, 49.12it/s]
COMSOL vs PINO:  83%|████████▎ | 67/81 [00:01<00:00, 48.00it/s]
COMSOL vs PINO:  89%|████████▉ | 72/81 [00:01<00:00, 48.27it/s]
COMSOL vs PINO:  95%|█████████▌| 77/81 [00:01<00:00, 48.68it/s]
COMSOL vs PINO: 100%|██████████| 81/81 [00:01<00:00, 48.02it/s]
COMSOL validation summary: n=81  mean=6.363407e-02  max=1.605969e-01  min=3.236859e-02
Wrote C:\Ali Computation\pinn\code\heterogeneous\pino_heterogeneous\results\exp_I_maximin_N500_float64_lr01\comsol_validation_summary.csv
Run metadata: C:\Ali Computation\pinn\code\heterogeneous\pino_heterogeneous\results\exp_I_maximin_N500_float64_lr01\run_meta.json

# exit 0 after 0:45:09.213441
