# code/heterogeneous/pino_heterogeneous/pinn1d_heterogeneous_parametric_neural_operator.py --design maximin --n-train 500 --dtype float64 --early-stop-patience 150 --lr-lbfgs 0.1 --lbfgs-max-iter 20 --out-dir results/exp_J_maximin_N500_float64_lr01_maxiter20 --skip-validation-plots
# started 2026-06-12 00:41:04
# cwd C:\Ali Computation\pinn\code\heterogeneous\pino_heterogeneous

Using GPU: NVIDIA GeForce RTX 3090 (cuda:0, dtype=torch.float64)
PE (computed) = 0.010368
design=maximin  n_train_requested=500  n_corner_anchors=16  arch=default  trunk_mode=single  batch_mode=True
branch=[4, 16, 16, 32]  trunk=[2, 32, 32, 32, 32]
results_dir=C:\Ali Computation\pinn\code\heterogeneous\pino_heterogeneous\results\exp_J_maximin_N500_float64_lr01_maxiter20
Training: 500 maximin samples in [0.01, 0.05] m/d
  saved/loaded: C:\Ali Computation\pinn\code\heterogeneous\pino_heterogeneous\results\exp_J_maximin_N500_float64_lr01_maxiter20\train_u_cases.csv
  branch CFL range [0.120085, 0.599848]
PDE mesh: bulk 50x50x500 + interface bands (36 x* / band, +/-0.025 around (0.2, 0.4, 0.6))
COMSOL validation: 81 fixed grid cases from comsol_4zones.txt -> C:\Ali Computation\pinn\code\heterogeneous\pino_heterogeneous\results\exp_J_maximin_N500_float64_lr01_maxiter20
run_training=True  run_comsol_validation=True  validate_only=False  skip_validation_plots=True
L-BFGS early stopping: patience=150 (max steps=1000)
L-BFGS: lr=0.1  max_iter=20  outer_steps=1000
PDE collocation points: 2,150,000 (bulk 1,250,000, interface 900,000)
Collocation mesh plot (pre-train): C:\Ali Computation\pinn\code\heterogeneous\pino_heterogeneous\results\exp_J_maximin_N500_float64_lr01_maxiter20\pino_heterogeneous_collocation_points.png
LBFGS (
Parameter Group 0
    history_size: 50
    line_search_fn: strong_wolfe
    lr: 0.1
    max_eval: 25
    max_iter: 20
    tolerance_change: 1e-09
    tolerance_grad: 1e-07
)
Early stopping: patience=150 L-BFGS steps (no total-loss improvement, rtol=1e-12)

L-BFGS:   0%|          | 0/1000 [? > 00:00]
L-BFGS:   0%|          | 1/1000 [10:51:48 > 00:39]
L-BFGS:   0%|          | 2/1000 [11:02:47 > 01:19]
L-BFGS:   0%|          | 3/1000 [11:32:09 > 02:03]
L-BFGS:   0%|          | 4/1000 [10:59:08 > 02:40]
L-BFGS:   0%|          | 5/1000 [10:44:45 > 03:17]
L-BFGS:   1%|          | 6/1000 [10:42:00 > 03:55]
L-BFGS:   1%|          | 7/1000 [10:33:32 > 04:33]
L-BFGS:   1%|          | 8/1000 [10:30:29 > 05:11]
L-BFGS:   1%|          | 9/1000 [10:21:38 > 05:47]
L-BFGS:   1%|          | 10/1000 [10:21:01 > 06:25]
L-BFGS:   1%|          | 11/1000 [10:09:42 > 07:00]
L-BFGS:   1%|          | 12/1000 [10:02:22 > 07:36]
L-BFGS:   1%|▏         | 13/1000 [10:12:56 > 08:15]
L-BFGS:   1%|▏         | 14/1000 [10:14:23 > 08:52]
L-BFGS:   2%|▏         | 15/1000 [10:05:46 > 09:28]
L-BFGS:   2%|▏         | 16/1000 [10:09:45 > 10:06]
L-BFGS:   2%|▏         | 17/1000 [10:10:35 > 10:43]
L-BFGS:   2%|▏         | 18/1000 [10:06:54 > 11:20]
L-BFGS:   2%|▏         | 19/1000 [10:07:11 > 11:57]
L-BFGS:   2%|▏         | 20/1000 [10:07:08 > 12:35]
L-BFGS:   2%|▏         | 21/1000 [10:09:09 > 13:12]
L-BFGS:   2%|▏         | 22/1000 [10:12:22 > 13:50]
L-BFGS:   2%|▏         | 23/1000 [10:03:09 > 14:26]
L-BFGS:   2%|▏         | 24/1000 [10:02:35 > 15:03]
L-BFGS:   2%|▎         | 25/1000 [10:01:58 > 15:40]
L-BFGS:   3%|▎         | 26/1000 [10:03:10 > 16:18]
L-BFGS:   3%|▎         | 27/1000 [10:00:39 > 16:55]
L-BFGS:   3%|▎         | 28/1000 [10:08:53 > 17:33]
L-BFGS:   3%|▎         | 29/1000 [10:03:45 > 18:10]
L-BFGS:   3%|▎         | 30/1000 [10:03:48 > 18:48]
L-BFGS:   3%|▎         | 31/1000 [10:06:54 > 19:26]
L-BFGS:   3%|▎         | 32/1000 [10:06:42 > 20:03]
L-BFGS:   3%|▎         | 33/1000 [10:09:05 > 20:42]
L-BFGS:   3%|▎         | 34/1000 [10:04:58 > 21:19]
L-BFGS:   4%|▎         | 35/1000 [10:06:57 > 21:57]
L-BFGS:   4%|▎         | 36/1000 [10:01:35 > 22:33]
L-BFGS:   4%|▎         | 37/1000 [9:51:14 > 23:09] 
L-BFGS:   4%|▍         | 38/1000 [9:47:00 > 23:45]
L-BFGS:   4%|▍         | 39/1000 [9:48:56 > 24:22]
L-BFGS:   4%|▍         | 40/1000 [9:43:51 > 24:58]
L-BFGS:   4%|▍         | 41/1000 [9:36:02 > 25:33]
L-BFGS:   4%|▍         | 42/1000 [9:38:38 > 26:10]
L-BFGS:   4%|▍         | 43/1000 [9:48:16 > 26:48]
L-BFGS:   4%|▍         | 44/1000 [9:48:28 > 27:25]
L-BFGS:   4%|▍         | 45/1000 [9:40:15 > 28:00]
L-BFGS:   5%|▍         | 46/1000 [9:42:07 > 28:37]
L-BFGS:   5%|▍         | 47/1000 [9:47:24 > 29:15]
L-BFGS:   5%|▍         | 48/1000 [9:45:54 > 29:52]
L-BFGS:   5%|▍         | 49/1000 [9:39:49 > 30:28]
L-BFGS:   5%|▌         | 50/1000 [9:49:07 > 31:07]
L-BFGS:   5%|▌         | 51/1000 [9:48:43 > 31:44]
L-BFGS:   5%|▌         | 52/1000 [9:38:55 > 32:19]
L-BFGS:   5%|▌         | 53/1000 [9:37:10 > 32:55]
L-BFGS:   5%|▌         | 54/1000 [9:44:02 > 33:34]
L-BFGS:   6%|▌         | 55/1000 [9:38:05 > 34:10]
L-BFGS:   6%|▌         | 56/1000 [9:30:45 > 34:45]
L-BFGS:   6%|▌         | 57/1000 [9:33:45 > 35:22]
L-BFGS:   6%|▌         | 58/1000 [9:39:41 > 36:00]
L-BFGS:   6%|▌         | 59/1000 [9:38:41 > 36:37]
L-BFGS:   6%|▌         | 60/1000 [9:33:07 > 37:12]
L-BFGS:   6%|▌         | 61/1000 [9:41:56 > 37:51]
L-BFGS:   6%|▌         | 62/1000 [9:41:53 > 38:28]
L-BFGS:   6%|▋         | 63/1000 [9:32:10 > 39:04]
L-BFGS:   6%|▋         | 64/1000 [9:35:38 > 39:41]
L-BFGS:   6%|▋         | 65/1000 [9:35:11 > 40:18]
L-BFGS:   7%|▋         | 66/1000 [9:30:11 > 40:54]
L-BFGS:   7%|▋         | 67/1000 [9:31:19 > 41:31]
L-BFGS:   7%|▋         | 68/1000 [9:29:21 > 42:07]
L-BFGS:   7%|▋         | 69/1000 [9:34:58 > 42:45]
L-BFGS:   7%|▋         | 70/1000 [9:34:10 > 43:22]
L-BFGS:   7%|▋         | 71/1000 [9:35:48 > 44:00]
L-BFGS:   7%|▋         | 72/1000 [9:33:46 > 44:37]
L-BFGS:   7%|▋         | 73/1000 [9:28:16 > 45:13]
L-BFGS:   7%|▋         | 74/1000 [9:28:39 > 45:50]
L-BFGS:   8%|▊         | 75/1000 [9:31:17 > 46:27]
L-BFGS:   8%|▊         | 76/1000 [9:31:45 > 47:05]
L-BFGS:   8%|▊         | 77/1000 [9:26:08 > 47:41]
L-BFGS:   8%|▊         | 78/1000 [9:19:15 > 48:16]
L-BFGS:   8%|▊         | 79/1000 [9:18:23 > 48:53]
L-BFGS:   8%|▊         | 80/1000 [9:24:50 > 49:31]
L-BFGS:   8%|▊         | 81/1000 [9:17:38 > 50:06]
L-BFGS:   8%|▊         | 82/1000 [9:14:29 > 50:42]
L-BFGS:   8%|▊         | 83/1000 [9:24:33 > 51:20]
L-BFGS:   8%|▊         | 84/1000 [9:25:05 > 51:58]
L-BFGS:   8%|▊         | 85/1000 [9:23:42 > 52:34]
L-BFGS:   9%|▊         | 86/1000 [9:25:59 > 53:12]
L-BFGS:   9%|▊         | 87/1000 [9:24:37 > 53:49]
L-BFGS:   9%|▉         | 88/1000 [9:26:15 > 54:27]
L-BFGS:   9%|▉         | 89/1000 [9:21:31 > 55:03]
L-BFGS:   9%|▉         | 90/1000 [9:20:07 > 55:40]
L-BFGS:   9%|▉         | 91/1000 [9:26:18 > 56:18]
L-BFGS:   9%|▉         | 92/1000 [9:16:04 > 56:53]
L-BFGS:   9%|▉         | 93/1000 [9:10:18 > 57:29]
L-BFGS:   9%|▉         | 94/1000 [9:11:58 > 58:06]
L-BFGS:  10%|▉         | 95/1000 [9:14:54 > 58:43]
L-BFGS:  10%|▉         | 96/1000 [9:13:29 > 59:20]
L-BFGS:  10%|▉         | 97/1000 [9:11:25 > 59:56]
L-BFGS:  10%|▉         | 98/1000 [9:12:30 > 1:00:33]
L-BFGS:  10%|▉         | 99/1000 [9:15:19 > 1:01:11]
L-BFGS:  10%|█         | 100/1000 [9:06:03 > 1:01:46]
L-BFGS:  10%|█         | 101/1000 [9:11:45 > 1:02:24]
L-BFGS:  10%|█         | 102/1000 [9:11:04 > 1:03:00]
L-BFGS:  10%|█         | 103/1000 [9:04:14 > 1:03:36]
L-BFGS:  10%|█         | 104/1000 [9:08:40 > 1:04:13]
L-BFGS:  10%|█         | 105/1000 [9:08:37 > 1:04:50]
L-BFGS:  11%|█         | 106/1000 [9:10:57 > 1:05:28]
L-BFGS:  11%|█         | 107/1000 [9:09:06 > 1:06:04]
L-BFGS:  11%|█         | 108/1000 [9:05:52 > 1:06:41]
L-BFGS:  11%|█         | 109/1000 [9:13:25 > 1:07:19]
L-BFGS:  11%|█         | 110/1000 [9:06:34 > 1:07:55]
L-BFGS:  11%|█         | 111/1000 [8:58:16 > 1:08:30]
L-BFGS:  11%|█         | 112/1000 [8:57:33 > 1:09:07]
L-BFGS:  11%|█▏        | 113/1000 [8:57:52 > 1:09:43]
L-BFGS:  11%|█▏        | 114/1000 [8:53:06 > 1:10:19]
L-BFGS:  12%|█▏        | 115/1000 [8:51:12 > 1:10:54]
L-BFGS:  12%|█▏        | 116/1000 [9:02:29 > 1:11:33]
L-BFGS:  12%|█▏        | 117/1000 [9:04:23 > 1:12:10]
L-BFGS:  12%|█▏        | 118/1000 [8:56:12 > 1:12:46]
L-BFGS:  12%|█▏        | 119/1000 [9:00:18 > 1:13:23]
L-BFGS:  12%|█▏        | 120/1000 [9:00:28 > 1:14:00]
L-BFGS:  12%|█▏        | 121/1000 [8:56:03 > 1:14:36]
L-BFGS:  12%|█▏        | 122/1000 [8:49:46 > 1:15:12]
L-BFGS:  12%|█▏        | 123/1000 [8:57:17 > 1:15:50]
L-BFGS:  12%|█▏        | 124/1000 [8:55:39 > 1:16:26]
L-BFGS:  12%|█▎        | 125/1000 [8:47:02 > 1:17:01]
L-BFGS:  13%|█▎        | 126/1000 [8:53:19 > 1:17:39]
L-BFGS:  13%|█▎        | 127/1000 [8:55:11 > 1:18:16]
L-BFGS:  13%|█▎        | 128/1000 [8:57:20 > 1:18:53]
L-BFGS:  13%|█▎        | 129/1000 [8:48:14 > 1:19:28]
L-BFGS:  13%|█▎        | 130/1000 [8:55:28 > 1:20:07]
L-BFGS:  13%|█▎        | 131/1000 [9:00:38 > 1:20:45]
L-BFGS:  13%|█▎        | 132/1000 [8:53:55 > 1:21:21]
L-BFGS:  13%|█▎        | 133/1000 [8:53:38 > 1:21:58]
L-BFGS:  13%|█▎        | 134/1000 [8:50:19 > 1:22:34]
L-BFGS:  14%|█▎        | 135/1000 [8:49:29 > 1:23:11]
L-BFGS:  14%|█▎        | 136/1000 [8:40:52 > 1:23:46]
L-BFGS:  14%|█▎        | 137/1000 [8:40:20 > 1:24:22]
L-BFGS:  14%|█▍        | 138/1000 [8:43:01 > 1:24:59]
L-BFGS:  14%|█▍        | 139/1000 [8:47:31 > 1:25:36]
L-BFGS:  14%|█▍        | 140/1000 [8:40:00 > 1:26:11]
L-BFGS:  14%|█▍        | 141/1000 [8:45:56 > 1:26:49]
L-BFGS:  14%|█▍        | 142/1000 [8:44:48 > 1:27:26]
L-BFGS:  14%|█▍        | 143/1000 [8:38:45 > 1:28:01]
L-BFGS:  14%|█▍        | 144/1000 [8:42:28 > 1:28:39]
L-BFGS:  14%|█▍        | 145/1000 [8:48:18 > 1:29:17]
L-BFGS:  15%|█▍        | 146/1000 [8:44:18 > 1:29:53]
L-BFGS:  15%|█▍        | 147/1000 [8:37:56 > 1:30:29]
L-BFGS:  15%|█▍        | 148/1000 [8:35:20 > 1:31:04]
L-BFGS:  15%|█▍        | 149/1000 [8:43:18 > 1:31:43]
L-BFGS:  15%|█▌        | 150/1000 [8:45:34 > 1:32:20]
L-BFGS:  15%|█▌        | 151/1000 [8:36:36 > 1:32:56]
L-BFGS:  15%|█▌        | 152/1000 [8:35:38 > 1:33:32]
L-BFGS:  15%|█▌        | 153/1000 [8:35:27 > 1:34:09]
L-BFGS:  15%|█▌        | 154/1000 [8:30:14 > 1:34:44]
L-BFGS:  16%|█▌        | 155/1000 [8:28:47 > 1:35:20]
L-BFGS:  16%|█▌        | 156/1000 [8:38:20 > 1:35:58]
L-BFGS:  16%|█▌        | 157/1000 [8:34:29 > 1:36:35]
L-BFGS:  16%|█▌        | 158/1000 [8:34:12 > 1:37:11]
L-BFGS:  16%|█▌        | 159/1000 [8:33:20 > 1:37:48]
L-BFGS:  16%|█▌        | 160/1000 [8:38:46 > 1:38:26]
L-BFGS:  16%|█▌        | 161/1000 [8:40:27 > 1:39:03]
L-BFGS:  16%|█▌        | 162/1000 [8:32:46 > 1:39:39]
L-BFGS:  16%|█▋        | 163/1000 [8:34:57 > 1:40:16]
L-BFGS:  16%|█▋        | 164/1000 [8:40:04 > 1:40:55]
L-BFGS:  16%|█▋        | 165/1000 [8:31:14 > 1:41:30]
L-BFGS:  17%|█▋        | 166/1000 [8:27:47 > 1:42:06]
L-BFGS:  17%|█▋        | 167/1000 [8:33:53 > 1:42:44]
L-BFGS:  17%|█▋        | 168/1000 [8:34:22 > 1:43:22]
L-BFGS:  17%|█▋        | 169/1000 [8:27:03 > 1:43:57]
L-BFGS:  17%|█▋        | 170/1000 [8:30:21 > 1:44:35]
L-BFGS:  17%|█▋        | 171/1000 [8:30:37 > 1:45:12]
L-BFGS:  17%|█▋        | 172/1000 [8:31:57 > 1:45:49]
L-BFGS:  17%|█▋        | 173/1000 [8:22:33 > 1:46:24]
L-BFGS:  17%|█▋        | 174/1000 [8:27:44 > 1:47:02]
L-BFGS:  18%|█▊        | 175/1000 [8:32:47 > 1:47:40]
L-BFGS:  18%|█▊        | 176/1000 [8:30:54 > 1:48:17]
L-BFGS:  18%|█▊        | 177/1000 [8:22:21 > 1:48:52]
L-BFGS:  18%|█▊        | 178/1000 [8:27:35 > 1:49:30]
L-BFGS:  18%|█▊        | 179/1000 [8:29:51 > 1:50:08]
L-BFGS:  18%|█▊        | 180/1000 [8:21:41 > 1:50:44]
L-BFGS:  18%|█▊        | 181/1000 [8:18:09 > 1:51:20]
L-BFGS:  18%|█▊        | 182/1000 [8:20:13 > 1:51:57]
L-BFGS:  18%|█▊        | 183/1000 [8:16:11 > 1:52:33]
L-BFGS:  18%|█▊        | 184/1000 [8:09:54 > 1:53:08]
L-BFGS:  18%|█▊        | 185/1000 [8:10:45 > 1:53:44]
L-BFGS:  19%|█▊        | 186/1000 [8:18:15 > 1:54:22]
L-BFGS:  19%|█▊        | 187/1000 [8:18:00 > 1:54:59]
L-BFGS:  19%|█▉        | 188/1000 [8:18:17 > 1:55:36]
L-BFGS:  19%|█▉        | 189/1000 [8:22:33 > 1:56:14]
L-BFGS:  19%|█▉        | 190/1000 [8:19:24 > 1:56:51]
L-BFGS:  19%|█▉        | 191/1000 [8:17:41 > 1:57:27]
L-BFGS:  19%|█▉        | 192/1000 [8:19:20 > 1:58:05]
L-BFGS:  19%|█▉        | 193/1000 [8:23:37 > 1:58:43]
L-BFGS:  19%|█▉        | 194/1000 [8:23:11 > 1:59:21]
L-BFGS:  20%|█▉        | 195/1000 [8:14:43 > 1:59:56]
L-BFGS:  20%|█▉        | 196/1000 [8:16:45 > 2:00:34]
L-BFGS:  20%|█▉        | 197/1000 [8:22:16 > 2:01:12]
L-BFGS:  20%|█▉        | 198/1000 [8:15:31 > 2:01:48]
L-BFGS:  20%|█▉        | 199/1000 [8:11:06 > 2:02:24]
L-BFGS:  20%|██        | 200/1000 [8:15:18 > 2:03:02]
L-BFGS:  20%|██        | 201/1000 [8:18:24 > 2:03:40]
L-BFGS:  20%|██        | 202/1000 [8:18:26 > 2:04:18]
L-BFGS:  20%|██        | 203/1000 [8:14:07 > 2:04:55]
L-BFGS:  20%|██        | 204/1000 [8:15:44 > 2:05:32]
L-BFGS:  20%|██        | 205/1000 [8:18:54 > 2:06:11]
L-BFGS:  21%|██        | 206/1000 [8:08:54 > 2:06:46]
L-BFGS:  21%|██        | 207/1000 [8:08:40 > 2:07:23]
L-BFGS:  21%|██        | 208/1000 [8:12:40 > 2:08:01]
L-BFGS:  21%|██        | 209/1000 [8:08:50 > 2:08:38]
L-BFGS:  21%|██        | 210/1000 [8:06:22 > 2:09:14]
L-BFGS:  21%|██        | 211/1000 [8:07:14 > 2:09:52]
L-BFGS:  21%|██        | 212/1000 [8:10:40 > 2:10:30]
L-BFGS:  21%|██▏       | 213/1000 [8:10:30 > 2:11:07]
L-BFGS:  21%|██▏       | 214/1000 [8:06:34 > 2:11:44]
L-BFGS:  22%|██▏       | 215/1000 [8:07:58 > 2:12:21]
L-BFGS:  22%|██▏       | 216/1000 [8:12:33 > 2:13:00]
L-BFGS:  22%|██▏       | 217/1000 [8:05:03 > 2:13:36]
L-BFGS:  22%|██▏       | 218/1000 [8:02:31 > 2:14:13]
L-BFGS:  22%|██▏       | 219/1000 [8:03:31 > 2:14:50]
L-BFGS:  22%|██▏       | 220/1000 [8:07:40 > 2:15:28]
L-BFGS:  22%|██▏       | 221/1000 [8:00:55 > 2:16:04]
L-BFGS:  22%|██▏       | 222/1000 [7:54:25 > 2:16:40]
L-BFGS:  22%|██▏       | 223/1000 [7:52:28 > 2:17:16]
L-BFGS:  22%|██▏       | 224/1000 [7:52:24 > 2:17:53]
L-BFGS:  22%|██▎       | 225/1000 [7:52:17 > 2:18:29]
L-BFGS:  23%|██▎       | 226/1000 [7:55:27 > 2:19:07]
L-BFGS:  23%|██▎       | 227/1000 [7:55:32 > 2:19:44]
L-BFGS:  23%|██▎       | 228/1000 [7:56:11 > 2:20:21]
L-BFGS:  23%|██▎       | 229/1000 [7:49:02 > 2:20:56]
L-BFGS:  23%|██▎       | 230/1000 [7:47:55 > 2:21:33]
L-BFGS:  23%|██▎       | 231/1000 [7:49:36 > 2:22:10]
L-BFGS:  23%|██▎       | 232/1000 [7:43:07 > 2:22:45]
L-BFGS:  23%|██▎       | 233/1000 [7:41:02 > 2:23:21]
L-BFGS:  23%|██▎       | 234/1000 [7:43:06 > 2:23:58]
L-BFGS:  24%|██▎       | 235/1000 [7:41:59 > 2:24:34]
L-BFGS:  24%|██▎       | 236/1000 [7:43:59 > 2:25:11]
L-BFGS:  24%|██▎       | 237/1000 [7:42:22 > 2:25:47]
L-BFGS:  24%|██▍       | 238/1000 [7:44:01 > 2:26:24]
L-BFGS:  24%|██▍       | 239/1000 [7:47:14 > 2:27:01]
L-BFGS:  24%|██▍       | 240/1000 [7:45:38 > 2:27:38]
L-BFGS:  24%|██▍       | 241/1000 [7:43:32 > 2:28:14]
L-BFGS:  24%|██▍       | 242/1000 [7:42:38 > 2:28:51]
L-BFGS:  24%|██▍       | 243/1000 [7:37:24 > 2:29:26]
L-BFGS:  24%|██▍       | 244/1000 [7:34:38 > 2:30:02]
L-BFGS:  24%|██▍       | 245/1000 [7:38:29 > 2:30:39]
L-BFGS:  25%|██▍       | 246/1000 [7:36:16 > 2:31:15]
L-BFGS:  25%|██▍       | 247/1000 [7:34:58 > 2:31:51]
L-BFGS:  25%|██▍       | 248/1000 [7:41:27 > 2:32:29]
L-BFGS:  25%|██▍       | 249/1000 [7:45:56 > 2:33:08]
L-BFGS:  25%|██▌       | 250/1000 [7:40:59 > 2:33:44]
L-BFGS:  25%|██▌       | 251/1000 [7:34:02 > 2:34:19]
L-BFGS:  25%|██▌       | 252/1000 [7:35:46 > 2:34:56]
L-BFGS:  25%|██▌       | 253/1000 [7:39:05 > 2:35:33]
L-BFGS:  25%|██▌       | 254/1000 [7:31:18 > 2:36:08]
L-BFGS:  26%|██▌       | 255/1000 [7:31:15 > 2:36:45]
L-BFGS:  26%|██▌       | 256/1000 [7:33:13 > 2:37:22]
L-BFGS:  26%|██▌       | 257/1000 [7:35:30 > 2:37:59]
L-BFGS:  26%|██▌       | 258/1000 [7:28:46 > 2:38:34]
L-BFGS:  26%|██▌       | 259/1000 [7:33:54 > 2:39:12]
L-BFGS:  26%|██▌       | 260/1000 [7:33:49 > 2:39:49]
L-BFGS:  26%|██▌       | 261/1000 [7:33:43 > 2:40:26]
L-BFGS:  26%|██▌       | 262/1000 [7:29:15 > 2:41:02]
L-BFGS:  26%|██▋       | 263/1000 [7:34:31 > 2:41:40]
L-BFGS:  26%|██▋       | 264/1000 [7:36:55 > 2:42:18]
L-BFGS:  26%|██▋       | 265/1000 [7:27:00 > 2:42:53]
L-BFGS:  27%|██▋       | 266/1000 [7:30:35 > 2:43:30]
L-BFGS:  27%|██▋       | 267/1000 [7:31:43 > 2:44:07]
L-BFGS:  27%|██▋       | 268/1000 [7:32:13 > 2:44:45]
L-BFGS:  27%|██▋       | 269/1000 [7:24:05 > 2:45:20]
L-BFGS:  27%|██▋       | 270/1000 [7:24:12 > 2:45:56]
L-BFGS:  27%|██▋       | 271/1000 [7:23:57 > 2:46:33]
L-BFGS:  27%|██▋       | 272/1000 [7:25:22 > 2:47:10]
L-BFGS:  27%|██▋       | 273/1000 [7:25:51 > 2:47:47]
L-BFGS:  27%|██▋       | 274/1000 [7:30:10 > 2:48:25]
L-BFGS:  28%|██▊       | 275/1000 [7:27:24 > 2:49:02]
L-BFGS:  28%|██▊       | 276/1000 [7:25:32 > 2:49:39]
L-BFGS:  28%|██▊       | 277/1000 [7:20:45 > 2:50:14]
L-BFGS:  28%|██▊       | 278/1000 [7:22:59 > 2:50:52]
L-BFGS:  28%|██▊       | 279/1000 [7:24:01 > 2:51:29]
L-BFGS:  28%|██▊       | 280/1000 [7:22:09 > 2:52:06]
L-BFGS:  28%|██▊       | 281/1000 [7:23:57 > 2:52:43]
L-BFGS:  28%|██▊       | 282/1000 [7:22:34 > 2:53:20]
L-BFGS:  28%|██▊       | 283/1000 [7:23:30 > 2:53:57]
L-BFGS:  28%|██▊       | 284/1000 [7:16:50 > 2:54:33]
L-BFGS:  28%|██▊       | 285/1000 [7:15:27 > 2:55:09]
L-BFGS:  29%|██▊       | 286/1000 [7:15:13 > 2:55:46]
L-BFGS:  29%|██▊       | 287/1000 [7:08:20 > 2:56:21]
L-BFGS:  29%|██▉       | 288/1000 [7:08:49 > 2:56:57]
L-BFGS:  29%|██▉       | 289/1000 [7:17:23 > 2:57:36]
L-BFGS:  29%|██▉       | 290/1000 [7:13:16 > 2:58:12]
L-BFGS:  29%|██▉       | 291/1000 [7:12:00 > 2:58:48]
L-BFGS:  29%|██▉       | 292/1000 [7:16:39 > 2:59:26]
L-BFGS:  29%|██▉       | 293/1000 [7:19:12 > 3:00:04]
L-BFGS:  29%|██▉       | 294/1000 [7:19:24 > 3:00:41]
L-BFGS:  30%|██▉       | 295/1000 [7:11:57 > 3:01:17]
L-BFGS:  30%|██▉       | 296/1000 [7:09:29 > 3:01:53]
L-BFGS:  30%|██▉       | 297/1000 [7:13:19 > 3:02:31]
L-BFGS:  30%|██▉       | 298/1000 [7:12:28 > 3:03:08]
L-BFGS:  30%|██▉       | 299/1000 [7:08:54 > 3:03:44]
L-BFGS:  30%|███       | 300/1000 [7:09:39 > 3:04:21]
L-BFGS:  30%|███       | 301/1000 [7:05:10 > 3:04:57]
L-BFGS:  30%|███       | 302/1000 [7:05:06 > 3:05:34]
L-BFGS:  30%|███       | 303/1000 [7:03:38 > 3:06:10]
L-BFGS:  30%|███       | 304/1000 [7:09:06 > 3:06:48]
L-BFGS:  30%|███       | 305/1000 [7:04:42 > 3:07:24]
L-BFGS:  31%|███       | 306/1000 [7:05:13 > 3:08:01]
L-BFGS:  31%|███       | 307/1000 [7:06:54 > 3:08:38]
L-BFGS:  31%|███       | 308/1000 [7:09:54 > 3:09:16]
L-BFGS:  31%|███       | 309/1000 [7:08:28 > 3:09:53]
L-BFGS:  31%|███       | 310/1000 [7:02:18 > 3:10:29]
L-BFGS:  31%|███       | 311/1000 [7:06:56 > 3:11:07]
L-BFGS:  31%|███       | 312/1000 [7:02:10 > 3:11:43]
L-BFGS:  31%|███▏      | 313/1000 [6:56:56 > 3:12:19]
L-BFGS:  31%|███▏      | 314/1000 [6:55:59 > 3:12:55]
L-BFGS:  32%|███▏      | 315/1000 [6:56:46 > 3:13:32]
L-BFGS:  32%|███▏      | 316/1000 [6:59:35 > 3:14:09]
L-BFGS:  32%|███▏      | 317/1000 [6:54:13 > 3:14:45]
L-BFGS:  32%|███▏      | 318/1000 [6:53:17 > 3:15:21]
L-BFGS:  32%|███▏      | 319/1000 [6:52:54 > 3:15:57]
L-BFGS:  32%|███▏      | 320/1000 [6:47:35 > 3:16:32]
L-BFGS:  32%|███▏      | 321/1000 [6:52:51 > 3:17:10]
L-BFGS:  32%|███▏      | 322/1000 [6:55:14 > 3:17:47]
L-BFGS:  32%|███▏      | 323/1000 [6:56:15 > 3:18:25]
L-BFGS:  32%|███▏      | 324/1000 [6:54:57 > 3:19:01]
L-BFGS:  32%|███▎      | 325/1000 [6:56:35 > 3:19:39]
L-BFGS:  33%|███▎      | 326/1000 [6:56:22 > 3:20:16]
L-BFGS:  33%|███▎      | 327/1000 [6:51:20 > 3:20:52]
L-BFGS:  33%|███▎      | 328/1000 [6:52:14 > 3:21:29]
L-BFGS:  33%|███▎      | 329/1000 [6:50:08 > 3:22:05]
L-BFGS:  33%|███▎      | 330/1000 [6:53:13 > 3:22:43]
L-BFGS:  33%|███▎      | 331/1000 [6:52:00 > 3:23:20]
L-BFGS:  33%|███▎      | 332/1000 [6:53:21 > 3:23:57]
L-BFGS:  33%|███▎      | 333/1000 [6:51:11 > 3:24:34]
L-BFGS:  33%|███▎      | 334/1000 [6:47:37 > 3:25:10]
L-BFGS:  34%|███▎      | 335/1000 [6:42:11 > 3:25:45]
L-BFGS:  34%|███▎      | 336/1000 [6:41:43 > 3:26:22]
L-BFGS:  34%|███▎      | 337/1000 [6:47:08 > 3:27:00]
L-BFGS:  34%|███▍      | 338/1000 [6:48:20 > 3:27:37]
L-BFGS:  34%|███▍      | 339/1000 [6:42:01 > 3:28:13]
L-BFGS:  34%|███▍      | 340/1000 [6:44:59 > 3:28:50]
L-BFGS:  34%|███▍      | 341/1000 [6:48:24 > 3:29:28]
L-BFGS:  34%|███▍      | 342/1000 [6:41:39 > 3:30:04]
L-BFGS:  34%|███▍      | 343/1000 [6:38:55 > 3:30:39]
L-BFGS:  34%|███▍      | 344/1000 [6:43:59 > 3:31:18]
L-BFGS:  34%|███▍      | 345/1000 [6:40:29 > 3:31:54]
L-BFGS:  35%|███▍      | 346/1000 [6:40:17 > 3:32:31]
L-BFGS:  35%|███▍      | 347/1000 [6:41:58 > 3:33:08]
L-BFGS:  35%|███▍      | 348/1000 [6:41:53 > 3:33:45]
L-BFGS:  35%|███▍      | 349/1000 [6:38:07 > 3:34:21]
L-BFGS:  35%|███▌      | 350/1000 [6:33:28 > 3:34:57]
L-BFGS:  35%|███▌      | 351/1000 [6:32:23 > 3:35:33]
L-BFGS:  35%|███▌      | 352/1000 [6:33:12 > 3:36:09]
L-BFGS:  35%|███▌      | 353/1000 [6:27:20 > 3:36:44]
L-BFGS:  35%|███▌      | 354/1000 [6:32:15 > 3:37:22]
L-BFGS:  36%|███▌      | 355/1000 [6:39:44 > 3:38:01]
L-BFGS:  36%|███▌      | 356/1000 [6:35:09 > 3:38:37]
L-BFGS:  36%|███▌      | 357/1000 [6:33:33 > 3:39:13]
L-BFGS:  36%|███▌      | 358/1000 [6:30:57 > 3:39:49]
L-BFGS:  36%|███▌      | 359/1000 [6:31:32 > 3:40:26]
L-BFGS:  36%|███▌      | 360/1000 [6:32:40 > 3:41:03]
L-BFGS:  36%|███▌      | 361/1000 [6:32:26 > 3:41:40]
L-BFGS:  36%|███▌      | 362/1000 [6:30:04 > 3:42:17]
L-BFGS:  36%|███▋      | 363/1000 [6:29:17 > 3:42:53]
L-BFGS:  36%|███▋      | 364/1000 [6:23:09 > 3:43:28]
L-BFGS:  36%|███▋      | 365/1000 [6:23:02 > 3:44:05]
L-BFGS:  37%|███▋      | 366/1000 [6:25:18 > 3:44:42]
L-BFGS:  37%|███▋      | 367/1000 [6:27:39 > 3:45:19]
L-BFGS:  37%|███▋      | 368/1000 [6:25:45 > 3:45:55]
L-BFGS:  37%|███▋      | 369/1000 [6:24:47 > 3:46:32]
L-BFGS:  37%|███▋      | 370/1000 [6:29:29 > 3:47:10]
L-BFGS:  37%|███▋      | 371/1000 [6:22:52 > 3:47:45]
L-BFGS:  37%|███▋      | 372/1000 [6:20:08 > 3:48:21]
L-BFGS:  37%|███▋      | 373/1000 [6:24:44 > 3:48:59]
L-BFGS:  37%|███▋      | 374/1000 [6:27:13 > 3:49:37]
L-BFGS:  38%|███▊      | 375/1000 [6:19:44 > 3:50:12]
L-BFGS:  38%|███▊      | 376/1000 [6:18:52 > 3:50:48]
L-BFGS:  38%|███▊      | 377/1000 [6:20:27 > 3:51:25]
L-BFGS:  38%|███▊      | 378/1000 [6:22:35 > 3:52:03]
L-BFGS:  38%|███▊      | 379/1000 [6:16:08 > 3:52:38]
L-BFGS:  38%|███▊      | 380/1000 [6:14:57 > 3:53:14]
L-BFGS:  38%|███▊      | 381/1000 [6:15:27 > 3:53:51]
L-BFGS:  38%|███▊      | 382/1000 [6:16:12 > 3:54:28]
L-BFGS:  38%|███▊      | 383/1000 [6:13:39 > 3:55:03]
L-BFGS:  38%|███▊      | 384/1000 [6:14:30 > 3:55:40]
L-BFGS:  38%|███▊      | 385/1000 [6:11:57 > 3:56:16]
L-BFGS:  39%|███▊      | 386/1000 [6:12:19 > 3:56:53]
L-BFGS:  39%|███▊      | 387/1000 [6:15:54 > 3:57:30]
L-BFGS:  39%|███▉      | 388/1000 [6:19:49 > 3:58:09]
L-BFGS:  39%|███▉      | 389/1000 [6:14:50 > 3:58:45]
L-BFGS:  39%|███▉      | 390/1000 [6:09:45 > 3:59:20]
L-BFGS:  39%|███▉      | 391/1000 [6:09:34 > 3:59:56]
L-BFGS:  39%|███▉      | 392/1000 [6:09:17 > 4:00:33]
L-BFGS:  39%|███▉      | 393/1000 [6:04:27 > 4:01:08]
L-BFGS:  39%|███▉      | 394/1000 [6:04:39 > 4:01:44]
L-BFGS:  40%|███▉      | 395/1000 [6:07:12 > 4:02:21]
L-BFGS:  40%|███▉      | 396/1000 [6:09:35 > 4:02:59]
L-BFGS:  40%|███▉      | 397/1000 [6:04:08 > 4:03:34]
L-BFGS:  40%|███▉      | 398/1000 [6:08:27 > 4:04:12]
L-BFGS:  40%|███▉      | 399/1000 [6:12:38 > 4:04:50]
L-BFGS:  40%|████      | 400/1000 [6:11:45 > 4:05:27]
L-BFGS:  40%|████      | 401/1000 [6:05:18 > 4:06:02]
L-BFGS:  40%|████      | 402/1000 [6:05:14 > 4:06:39]
L-BFGS:  40%|████      | 403/1000 [6:03:00 > 4:07:15]
L-BFGS:  40%|████      | 404/1000 [5:59:22 > 4:07:51]
L-BFGS:  40%|████      | 405/1000 [6:02:24 > 4:08:28]
L-BFGS:  41%|████      | 406/1000 [6:03:09 > 4:09:05]
L-BFGS:  41%|████      | 407/1000 [6:04:51 > 4:09:43]
L-BFGS:  41%|████      | 408/1000 [6:02:04 > 4:10:19]
L-BFGS:  41%|████      | 409/1000 [6:00:52 > 4:10:55]
L-BFGS:  41%|████      | 410/1000 [6:04:57 > 4:11:34]
L-BFGS:  41%|████      | 411/1000 [6:04:40 > 4:12:11]
L-BFGS:  41%|████      | 412/1000 [5:58:12 > 4:12:46]
L-BFGS:  41%|████▏     | 413/1000 [5:59:00 > 4:13:23]
L-BFGS:  41%|████▏     | 414/1000 [6:01:52 > 4:14:01]
L-BFGS:  42%|████▏     | 415/1000 [5:59:47 > 4:14:37]
L-BFGS:  42%|████▏     | 416/1000 [5:55:31 > 4:15:13]
L-BFGS:  42%|████▏     | 417/1000 [6:01:09 > 4:15:52]
L-BFGS:  42%|████▏     | 418/1000 [6:00:48 > 4:16:29]
L-BFGS:  42%|████▏     | 419/1000 [5:58:50 > 4:17:06]
L-BFGS:  42%|████▏     | 420/1000 [5:59:55 > 4:17:43]
L-BFGS:  42%|████▏     | 421/1000 [6:03:45 > 4:18:22]
L-BFGS:  42%|████▏     | 422/1000 [5:57:59 > 4:18:58]
L-BFGS:  42%|████▏     | 423/1000 [5:51:36 > 4:19:33]
L-BFGS:  42%|████▏     | 424/1000 [5:54:49 > 4:20:11]
L-BFGS:  42%|████▎     | 425/1000 [5:53:21 > 4:20:48]
L-BFGS:  43%|████▎     | 426/1000 [5:52:23 > 4:21:25]
L-BFGS:  43%|████▎     | 427/1000 [5:52:26 > 4:22:02]
L-BFGS:  43%|████▎     | 428/1000 [5:52:05 > 4:22:39]
L-BFGS:  43%|████▎     | 429/1000 [5:48:38 > 4:23:15]
L-BFGS:  43%|████▎     | 430/1000 [5:44:39 > 4:23:50]
L-BFGS:  43%|████▎     | 431/1000 [5:44:00 > 4:24:26]
L-BFGS:  43%|████▎     | 432/1000 [5:45:23 > 4:25:03]
L-BFGS:  43%|████▎     | 433/1000 [5:43:09 > 4:25:39]
L-BFGS:  43%|████▎     | 434/1000 [5:39:32 > 4:26:14]
L-BFGS:  44%|████▎     | 435/1000 [5:44:18 > 4:26:52]
L-BFGS:  44%|████▎     | 436/1000 [5:47:10 > 4:27:30]
L-BFGS:  44%|████▎     | 437/1000 [5:42:25 > 4:28:06]
L-BFGS:  44%|████▍     | 438/1000 [5:44:09 > 4:28:43]
L-BFGS:  44%|████▍     | 439/1000 [5:47:25 > 4:29:21]
L-BFGS:  44%|████▍     | 440/1000 [5:43:39 > 4:29:57]
L-BFGS:  44%|████▍     | 441/1000 [5:38:31 > 4:30:32]
L-BFGS:  44%|████▍     | 442/1000 [5:37:56 > 4:31:09]
L-BFGS:  44%|████▍     | 443/1000 [5:39:03 > 4:31:46]
L-BFGS:  44%|████▍     | 444/1000 [5:40:02 > 4:32:23]
L-BFGS:  44%|████▍     | 445/1000 [5:40:07 > 4:33:00]
L-BFGS:  45%|████▍     | 446/1000 [5:42:14 > 4:33:37]
L-BFGS:  45%|████▍     | 447/1000 [5:40:01 > 4:34:14]
L-BFGS:  45%|████▍     | 448/1000 [5:39:15 > 4:34:51]
L-BFGS:  45%|████▍     | 449/1000 [5:35:54 > 4:35:27]
L-BFGS:  45%|████▌     | 450/1000 [5:36:40 > 4:36:04]
L-BFGS:  45%|████▌     | 451/1000 [5:37:22 > 4:36:41]
L-BFGS:  45%|████▌     | 452/1000 [5:36:38 > 4:37:18]
L-BFGS:  45%|████▌     | 453/1000 [5:37:39 > 4:37:55]
L-BFGS:  45%|████▌     | 454/1000 [5:36:54 > 4:38:32]
L-BFGS:  46%|████▌     | 455/1000 [5:37:44 > 4:39:10]
L-BFGS:  46%|████▌     | 456/1000 [5:31:34 > 4:39:45]
L-BFGS:  46%|████▌     | 457/1000 [5:30:12 > 4:40:21]
L-BFGS:  46%|████▌     | 458/1000 [5:29:34 > 4:40:58]
L-BFGS:  46%|████▌     | 459/1000 [5:29:43 > 4:41:34]
L-BFGS:  46%|████▌     | 460/1000 [5:27:39 > 4:42:10]
L-BFGS:  46%|████▌     | 461/1000 [5:28:42 > 4:42:47]
L-BFGS:  46%|████▌     | 462/1000 [5:26:03 > 4:43:23]
L-BFGS:  46%|████▋     | 463/1000 [5:26:16 > 4:44:00]
L-BFGS:  46%|████▋     | 464/1000 [5:25:00 > 4:44:36]
L-BFGS:  46%|████▋     | 465/1000 [5:29:31 > 4:45:14]
L-BFGS:  47%|████▋     | 466/1000 [5:26:06 > 4:45:50]
L-BFGS:  47%|████▋     | 467/1000 [5:26:25 > 4:46:27]
L-BFGS:  47%|████▋     | 468/1000 [5:24:14 > 4:47:03]
L-BFGS:  47%|████▋     | 469/1000 [5:23:49 > 4:47:40]
L-BFGS:  47%|████▋     | 470/1000 [5:23:14 > 4:48:17]
L-BFGS:  47%|████▋     | 471/1000 [5:24:49 > 4:48:54]
L-BFGS:  47%|████▋     | 472/1000 [5:24:10 > 4:49:31]
L-BFGS:  47%|████▋     | 473/1000 [5:20:50 > 4:50:07]
L-BFGS:  47%|████▋     | 474/1000 [5:20:40 > 4:50:43]
L-BFGS:  48%|████▊     | 475/1000 [5:22:16 > 4:51:21]
L-BFGS:  48%|████▊     | 476/1000 [5:25:40 > 4:51:59]
L-BFGS:  48%|████▊     | 477/1000 [5:25:59 > 4:52:37]
L-BFGS:  48%|████▊     | 478/1000 [5:19:38 > 4:53:12]
L-BFGS:  48%|████▊     | 479/1000 [5:22:07 > 4:53:50]
L-BFGS:  48%|████▊     | 480/1000 [5:20:37 > 4:54:27]
L-BFGS:  48%|████▊     | 481/1000 [5:19:28 > 4:55:04]
L-BFGS:  48%|████▊     | 482/1000 [5:15:46 > 4:55:39]
L-BFGS:  48%|████▊     | 483/1000 [5:15:39 > 4:56:16]
L-BFGS:  48%|████▊     | 484/1000 [5:13:40 > 4:56:52]
L-BFGS:  48%|████▊     | 485/1000 [5:09:48 > 4:57:27]
L-BFGS:  49%|████▊     | 486/1000 [5:17:13 > 4:58:07]
L-BFGS:  49%|████▊     | 487/1000 [5:19:14 > 4:58:45]
L-BFGS:  49%|████▉     | 488/1000 [5:19:02 > 4:59:22]
L-BFGS:  49%|████▉     | 489/1000 [5:12:40 > 4:59:57]
L-BFGS:  49%|████▉     | 490/1000 [5:12:10 > 5:00:34]
L-BFGS:  49%|████▉     | 491/1000 [5:14:20 > 5:01:12]
L-BFGS:  49%|████▉     | 492/1000 [5:13:03 > 5:01:49]
L-BFGS:  49%|████▉     | 493/1000 [5:09:05 > 5:02:24]
L-BFGS:  49%|████▉     | 494/1000 [5:10:18 > 5:03:02]
L-BFGS:  50%|████▉     | 495/1000 [5:07:36 > 5:03:38]
L-BFGS:  50%|████▉     | 496/1000 [5:06:10 > 5:04:14]
L-BFGS:  50%|████▉     | 497/1000 [5:05:49 > 5:04:50]
L-BFGS:  50%|████▉     | 498/1000 [5:05:28 > 5:05:27]
L-BFGS:  50%|████▉     | 499/1000 [5:01:29 > 5:06:02]
L-BFGS:  50%|█████     | 500/1000 [5:00:39 > 5:06:38]
L-BFGS:  50%|█████     | 501/1000 [5:02:13 > 5:07:15]
L-BFGS:  50%|█████     | 502/1000 [5:00:54 > 5:07:51]
L-BFGS:  50%|█████     | 503/1000 [5:01:26 > 5:08:28]
L-BFGS:  50%|█████     | 504/1000 [5:00:35 > 5:09:04]
L-BFGS:  50%|█████     | 505/1000 [5:01:08 > 5:09:41]
L-BFGS:  51%|█████     | 506/1000 [4:57:17 > 5:10:16]
L-BFGS:  51%|█████     | 507/1000 [4:55:43 > 5:10:52]
L-BFGS:  51%|█████     | 508/1000 [4:57:03 > 5:11:29]
L-BFGS:  51%|█████     | 509/1000 [4:59:05 > 5:12:06]
L-BFGS:  51%|█████     | 510/1000 [4:55:48 > 5:12:41]
L-BFGS:  51%|█████     | 511/1000 [4:58:08 > 5:13:19]
L-BFGS:  51%|█████     | 512/1000 [4:58:42 > 5:13:56]
L-BFGS:  51%|█████▏    | 513/1000 [4:56:22 > 5:14:32]
L-BFGS:  51%|█████▏    | 514/1000 [4:53:05 > 5:15:07]
L-BFGS:  52%|█████▏    | 515/1000 [4:56:04 > 5:15:45]
L-BFGS:  52%|█████▏    | 516/1000 [4:55:16 > 5:16:22]
L-BFGS:  52%|█████▏    | 517/1000 [4:52:04 > 5:16:57]
L-BFGS:  52%|█████▏    | 518/1000 [4:54:16 > 5:17:35]
L-BFGS:  52%|█████▏    | 519/1000 [4:54:26 > 5:18:11]
L-BFGS:  52%|█████▏    | 520/1000 [4:54:56 > 5:18:49]
L-BFGS:  52%|█████▏    | 521/1000 [4:50:53 > 5:19:24]
L-BFGS:  52%|█████▏    | 522/1000 [4:49:42 > 5:20:00]
L-BFGS:  52%|█████▏    | 523/1000 [4:53:07 > 5:20:38]
L-BFGS:  52%|█████▏    | 524/1000 [4:50:08 > 5:21:14]
L-BFGS:  52%|█████▎    | 525/1000 [4:46:15 > 5:21:49]
L-BFGS:  53%|█████▎    | 526/1000 [4:50:04 > 5:22:27]
L-BFGS:  53%|█████▎    | 527/1000 [4:48:45 > 5:23:04]
L-BFGS:  53%|█████▎    | 528/1000 [4:44:03 > 5:23:39]
L-BFGS:  53%|█████▎    | 529/1000 [4:47:13 > 5:24:16]
L-BFGS:  53%|█████▎    | 530/1000 [4:48:11 > 5:24:54]
L-BFGS:  53%|█████▎    | 531/1000 [4:48:38 > 5:25:31]
L-BFGS:  53%|█████▎    | 532/1000 [4:47:31 > 5:26:08]
L-BFGS:  53%|█████▎    | 533/1000 [4:45:51 > 5:26:44]
L-BFGS:  53%|█████▎    | 534/1000 [4:45:32 > 5:27:21]
L-BFGS:  54%|█████▎    | 535/1000 [4:41:40 > 5:27:56]
L-BFGS:  54%|█████▎    | 536/1000 [4:39:41 > 5:28:32]
L-BFGS:  54%|█████▎    | 537/1000 [4:40:16 > 5:29:09]
L-BFGS:  54%|█████▍    | 538/1000 [4:41:59 > 5:29:46]
L-BFGS:  54%|█████▍    | 539/1000 [4:38:26 > 5:30:21]
L-BFGS:  54%|█████▍    | 540/1000 [4:37:26 > 5:30:57]
L-BFGS:  54%|█████▍    | 541/1000 [4:38:30 > 5:31:34]
L-BFGS:  54%|█████▍    | 542/1000 [4:40:38 > 5:32:12]
L-BFGS:  54%|█████▍    | 543/1000 [4:39:38 > 5:32:49]
L-BFGS:  54%|█████▍    | 544/1000 [4:38:18 > 5:33:25]
L-BFGS:  55%|█████▍    | 545/1000 [4:41:21 > 5:34:03]
L-BFGS:  55%|█████▍    | 546/1000 [4:36:38 > 5:34:39]
L-BFGS:  55%|█████▍    | 547/1000 [4:38:14 > 5:35:16]
L-BFGS:  55%|█████▍    | 548/1000 [4:40:21 > 5:35:54]
L-BFGS:  55%|█████▍    | 549/1000 [4:36:57 > 5:36:30]
L-BFGS:  55%|█████▌    | 550/1000 [4:35:56 > 5:37:07]
L-BFGS:  55%|█████▌    | 551/1000 [4:37:09 > 5:37:44]
L-BFGS:  55%|█████▌    | 552/1000 [4:40:16 > 5:38:23]
L-BFGS:  55%|█████▌    | 553/1000 [4:35:50 > 5:38:59]
L-BFGS:  55%|█████▌    | 554/1000 [4:30:44 > 5:39:34]
L-BFGS:  56%|█████▌    | 555/1000 [4:33:51 > 5:40:12]
L-BFGS:  56%|█████▌    | 556/1000 [4:33:04 > 5:40:49]
L-BFGS:  56%|█████▌    | 557/1000 [4:28:47 > 5:41:24]
L-BFGS:  56%|█████▌    | 558/1000 [4:26:37 > 5:42:00]
L-BFGS:  56%|█████▌    | 559/1000 [4:27:28 > 5:42:37]
L-BFGS:  56%|█████▌    | 560/1000 [4:28:39 > 5:43:14]
L-BFGS:  56%|█████▌    | 561/1000 [4:27:45 > 5:43:50]
L-BFGS:  56%|█████▌    | 562/1000 [4:26:26 > 5:44:27]
L-BFGS:  56%|█████▋    | 563/1000 [4:30:21 > 5:45:05]
L-BFGS:  56%|█████▋    | 564/1000 [4:29:40 > 5:45:42]
L-BFGS:  56%|█████▋    | 565/1000 [4:24:33 > 5:46:17]
L-BFGS:  57%|█████▋    | 566/1000 [4:24:18 > 5:46:54]
L-BFGS:  57%|█████▋    | 567/1000 [4:23:35 > 5:47:31]
L-BFGS:  57%|█████▋    | 568/1000 [4:23:44 > 5:48:07]
L-BFGS:  57%|█████▋    | 569/1000 [4:23:52 > 5:48:44]
L-BFGS:  57%|█████▋    | 570/1000 [4:25:40 > 5:49:22]
L-BFGS:  57%|█████▋    | 571/1000 [4:23:58 > 5:49:59]
L-BFGS:  57%|█████▋    | 572/1000 [4:19:04 > 5:50:34]
L-BFGS:  57%|█████▋    | 573/1000 [4:18:37 > 5:51:10]
L-BFGS:  57%|█████▋    | 574/1000 [4:22:37 > 5:51:49]
L-BFGS:  57%|█████▊    | 575/1000 [4:19:52 > 5:52:25]
L-BFGS:  58%|█████▊    | 576/1000 [4:15:59 > 5:53:00]
L-BFGS:  58%|█████▊    | 577/1000 [4:15:47 > 5:53:36]
L-BFGS:  58%|█████▊    | 578/1000 [4:15:42 > 5:54:13]
L-BFGS:  58%|█████▊    | 579/1000 [4:13:22 > 5:54:48]
L-BFGS:  58%|█████▊    | 580/1000 [4:12:06 > 5:55:24]
L-BFGS:  58%|█████▊    | 581/1000 [4:14:14 > 5:56:01]
L-BFGS:  58%|█████▊    | 582/1000 [4:12:51 > 5:56:37]
L-BFGS:  58%|█████▊    | 583/1000 [4:09:34 > 5:57:12]
L-BFGS:  58%|█████▊    | 584/1000 [4:10:04 > 5:57:49]
L-BFGS:  58%|█████▊    | 585/1000 [4:10:25 > 5:58:25]
L-BFGS:  59%|█████▊    | 586/1000 [4:08:04 > 5:59:01]
L-BFGS:  59%|█████▊    | 587/1000 [4:07:24 > 5:59:37]
L-BFGS:  59%|█████▉    | 588/1000 [4:09:42 > 6:00:14]
L-BFGS:  59%|█████▉    | 589/1000 [4:08:03 > 6:00:50]
L-BFGS:  59%|█████▉    | 590/1000 [4:05:07 > 6:01:25]
L-BFGS:  59%|█████▉    | 591/1000 [4:05:45 > 6:02:01]
L-BFGS:  59%|█████▉    | 592/1000 [4:05:59 > 6:02:38]
L-BFGS:  59%|█████▉    | 593/1000 [4:03:52 > 6:03:13]
L-BFGS:  59%|█████▉    | 594/1000 [4:06:22 > 6:03:51]
L-BFGS:  60%|█████▉    | 595/1000 [4:06:42 > 6:04:28]
L-BFGS:  60%|█████▉    | 596/1000 [4:04:52 > 6:05:04]
L-BFGS:  60%|█████▉    | 597/1000 [4:04:48 > 6:05:40]
L-BFGS:  60%|█████▉    | 598/1000 [4:03:55 > 6:06:17]
L-BFGS:  60%|█████▉    | 599/1000 [4:03:56 > 6:06:53]
L-BFGS:  60%|██████    | 600/1000 [4:01:00 > 6:07:29]
L-BFGS:  60%|██████    | 601/1000 [3:59:39 > 6:08:04]
L-BFGS:  60%|██████    | 602/1000 [4:00:23 > 6:08:41]
L-BFGS:  60%|██████    | 603/1000 [3:59:33 > 6:09:17]
L-BFGS:  60%|██████    | 604/1000 [3:57:09 > 6:09:52]
L-BFGS:  60%|██████    | 605/1000 [3:57:13 > 6:10:29]
L-BFGS:  61%|██████    | 606/1000 [3:58:21 > 6:11:06]
L-BFGS:  61%|██████    | 607/1000 [3:59:17 > 6:11:43]
L-BFGS:  61%|██████    | 608/1000 [3:59:32 > 6:12:20]
L-BFGS:  61%|██████    | 609/1000 [4:00:32 > 6:12:57]
L-BFGS:  61%|██████    | 610/1000 [3:58:56 > 6:13:34]
L-BFGS:  61%|██████    | 611/1000 [3:55:55 > 6:14:09]
L-BFGS:  61%|██████    | 612/1000 [3:57:31 > 6:14:47]
L-BFGS:  61%|██████▏   | 613/1000 [3:57:20 > 6:15:24]
L-BFGS:  61%|██████▏   | 614/1000 [3:54:41 > 6:15:59]
L-BFGS:  62%|██████▏   | 615/1000 [3:51:14 > 6:16:34]
L-BFGS:  62%|██████▏   | 616/1000 [3:54:38 > 6:17:12]
L-BFGS:  62%|██████▏   | 617/1000 [3:56:50 > 6:17:51]
L-BFGS:  62%|██████▏   | 618/1000 [3:53:47 > 6:18:26]
L-BFGS:  62%|██████▏   | 619/1000 [3:50:11 > 6:19:02]
L-BFGS:  62%|██████▏   | 620/1000 [3:52:49 > 6:19:40]
L-BFGS:  62%|██████▏   | 621/1000 [3:54:12 > 6:20:17]
L-BFGS:  62%|██████▏   | 622/1000 [3:53:06 > 6:20:54]
L-BFGS:  62%|██████▏   | 623/1000 [3:50:37 > 6:21:30]
L-BFGS:  62%|██████▏   | 624/1000 [3:50:22 > 6:22:07]
L-BFGS:  62%|██████▎   | 625/1000 [3:50:35 > 6:22:44]
L-BFGS:  63%|██████▎   | 626/1000 [3:49:48 > 6:23:21]
L-BFGS:  63%|██████▎   | 627/1000 [3:47:42 > 6:23:57]
L-BFGS:  63%|██████▎   | 628/1000 [3:47:41 > 6:24:34]
L-BFGS:  63%|██████▎   | 629/1000 [3:48:27 > 6:25:12]
L-BFGS:  63%|██████▎   | 630/1000 [3:47:20 > 6:25:48]
L-BFGS:  63%|██████▎   | 631/1000 [3:49:14 > 6:26:27]
L-BFGS:  63%|██████▎   | 632/1000 [3:48:46 > 6:27:04]
L-BFGS:  63%|██████▎   | 633/1000 [3:45:12 > 6:27:40]
L-BFGS:  63%|██████▎   | 634/1000 [3:47:24 > 6:28:18]
L-BFGS:  64%|██████▎   | 635/1000 [3:50:45 > 6:28:57]
L-BFGS:  64%|██████▎   | 636/1000 [3:49:58 > 6:29:35]
L-BFGS:  64%|██████▎   | 637/1000 [3:45:43 > 6:30:11]
L-BFGS:  64%|██████▍   | 638/1000 [3:46:36 > 6:30:49]
L-BFGS:  64%|██████▍   | 639/1000 [3:45:57 > 6:31:27]
L-BFGS:  64%|██████▍   | 640/1000 [3:43:34 > 6:32:03]
L-BFGS:  64%|██████▍   | 641/1000 [3:43:57 > 6:32:41]
L-BFGS:  64%|██████▍   | 642/1000 [3:42:24 > 6:33:18]
L-BFGS:  64%|██████▍   | 643/1000 [3:43:56 > 6:33:57]
L-BFGS:  64%|██████▍   | 644/1000 [3:43:22 > 6:34:34]
L-BFGS:  64%|██████▍   | 645/1000 [3:40:47 > 6:35:11]
L-BFGS:  65%|██████▍   | 646/1000 [3:42:58 > 6:35:50]
L-BFGS:  65%|██████▍   | 647/1000 [3:40:16 > 6:36:26]
L-BFGS:  65%|██████▍   | 648/1000 [3:36:50 > 6:37:02]
L-BFGS:  65%|██████▍   | 649/1000 [3:36:25 > 6:37:39]
L-BFGS:  65%|██████▌   | 650/1000 [3:36:32 > 6:38:17]
L-BFGS:  65%|██████▌   | 651/1000 [3:36:52 > 6:38:54]
L-BFGS:  65%|██████▌   | 652/1000 [3:37:06 > 6:39:32]
L-BFGS:  65%|██████▌   | 653/1000 [3:37:52 > 6:40:10]
L-BFGS:  65%|██████▌   | 654/1000 [3:36:20 > 6:40:48]
L-BFGS:  66%|██████▌   | 655/1000 [3:32:52 > 6:41:23]
L-BFGS:  66%|██████▌   | 656/1000 [3:34:20 > 6:42:02]
L-BFGS:  66%|██████▌   | 657/1000 [3:34:14 > 6:42:39]
L-BFGS:  66%|██████▌   | 658/1000 [3:34:19 > 6:43:17]
L-BFGS:  66%|██████▌   | 659/1000 [3:30:58 > 6:43:53]
L-BFGS:  66%|██████▌   | 660/1000 [3:29:29 > 6:44:30]
L-BFGS:  66%|██████▌   | 661/1000 [3:29:55 > 6:45:07]
L-BFGS:  66%|██████▌   | 662/1000 [3:27:03 > 6:45:43]
L-BFGS:  66%|██████▋   | 663/1000 [3:27:42 > 6:46:21]
L-BFGS:  66%|██████▋   | 664/1000 [3:28:14 > 6:46:58]
L-BFGS:  66%|██████▋   | 665/1000 [3:29:39 > 6:47:37]
L-BFGS:  67%|██████▋   | 666/1000 [3:25:35 > 6:48:12]
L-BFGS:  67%|██████▋   | 667/1000 [3:27:14 > 6:48:51]
L-BFGS:  67%|██████▋   | 668/1000 [3:29:54 > 6:49:30]
L-BFGS:  67%|██████▋   | 669/1000 [3:26:46 > 6:50:06]
L-BFGS:  67%|██████▋   | 670/1000 [3:23:10 > 6:50:42]
L-BFGS:  67%|██████▋   | 671/1000 [3:23:14 > 6:51:19]
L-BFGS:  67%|██████▋   | 672/1000 [3:22:50 > 6:51:57]
L-BFGS:  67%|██████▋   | 673/1000 [3:23:19 > 6:52:34]
L-BFGS:  67%|██████▋   | 674/1000 [3:23:20 > 6:53:12]
L-BFGS:  68%|██████▊   | 675/1000 [3:22:41 > 6:53:49]
L-BFGS:  68%|██████▊   | 676/1000 [3:20:42 > 6:54:26]
L-BFGS:  68%|██████▊   | 677/1000 [3:17:40 > 6:55:02]
L-BFGS:  68%|██████▊   | 678/1000 [3:19:02 > 6:55:40]
L-BFGS:  68%|██████▊   | 679/1000 [3:21:25 > 6:56:19]
L-BFGS:  68%|██████▊   | 680/1000 [3:21:15 > 6:56:57]
L-BFGS:  68%|██████▊   | 681/1000 [3:16:47 > 6:57:32]
L-BFGS:  68%|██████▊   | 682/1000 [3:18:37 > 6:58:10]
L-BFGS:  68%|██████▊   | 683/1000 [3:20:04 > 6:58:49]
L-BFGS:  68%|██████▊   | 684/1000 [3:19:40 > 6:59:27]
L-BFGS:  68%|██████▊   | 685/1000 [3:16:24 > 7:00:03]
L-BFGS:  69%|██████▊   | 686/1000 [3:17:05 > 7:00:42]
L-BFGS:  69%|██████▊   | 687/1000 [3:18:24 > 7:01:21]
L-BFGS:  69%|██████▉   | 688/1000 [3:14:32 > 7:01:57]
L-BFGS:  69%|██████▉   | 689/1000 [3:12:38 > 7:02:33]
L-BFGS:  69%|██████▉   | 690/1000 [3:12:51 > 7:03:11]
L-BFGS:  69%|██████▉   | 691/1000 [3:10:26 > 7:03:47]
L-BFGS:  69%|██████▉   | 692/1000 [3:07:31 > 7:04:23]
L-BFGS:  69%|██████▉   | 693/1000 [3:09:53 > 7:05:01]
L-BFGS:  69%|██████▉   | 694/1000 [3:11:40 > 7:05:40]
L-BFGS:  70%|██████▉   | 695/1000 [3:09:12 > 7:06:16]
L-BFGS:  70%|██████▉   | 696/1000 [3:06:18 > 7:06:52]
L-BFGS:  70%|██████▉   | 697/1000 [3:08:28 > 7:07:30]
L-BFGS:  70%|██████▉   | 698/1000 [3:08:28 > 7:08:08]
L-BFGS:  70%|██████▉   | 699/1000 [3:09:25 > 7:08:47]
L-BFGS:  70%|███████   | 700/1000 [3:07:43 > 7:09:24]
L-BFGS:  70%|███████   | 701/1000 [3:07:21 > 7:10:01]
L-BFGS:  70%|███████   | 702/1000 [3:05:11 > 7:10:38]
L-BFGS:  70%|███████   | 703/1000 [3:02:35 > 7:11:14]
L-BFGS:  70%|███████   | 704/1000 [3:02:06 > 7:11:51]
L-BFGS:  70%|███████   | 705/1000 [3:03:47 > 7:12:29]
L-BFGS:  71%|███████   | 706/1000 [3:03:25 > 7:13:07]
L-BFGS:  71%|███████   | 707/1000 [3:01:47 > 7:13:44]
L-BFGS:  71%|███████   | 708/1000 [3:01:48 > 7:14:21]
L-BFGS:  71%|███████   | 709/1000 [2:59:59 > 7:14:58]
L-BFGS:  71%|███████   | 710/1000 [2:57:23 > 7:15:34]
L-BFGS:  71%|███████   | 711/1000 [2:57:49 > 7:16:11]
L-BFGS:  71%|███████   | 712/1000 [2:57:38 > 7:16:48]
L-BFGS:  71%|███████▏  | 713/1000 [2:55:31 > 7:17:24]
L-BFGS:  71%|███████▏  | 714/1000 [2:54:59 > 7:18:01]
L-BFGS:  72%|███████▏  | 715/1000 [2:55:40 > 7:18:39]
L-BFGS:  72%|███████▏  | 716/1000 [2:54:21 > 7:19:15]
L-BFGS:  72%|███████▏  | 717/1000 [2:54:24 > 7:19:52]
L-BFGS:  72%|███████▏  | 718/1000 [2:54:01 > 7:20:30]
L-BFGS:  72%|███████▏  | 719/1000 [2:55:52 > 7:21:08]
L-BFGS:  72%|███████▏  | 720/1000 [2:56:05 > 7:21:46]
L-BFGS:  72%|███████▏  | 721/1000 [2:52:57 > 7:22:22]
L-BFGS:  72%|███████▏  | 722/1000 [2:52:15 > 7:23:00]
L-BFGS:  72%|███████▏  | 723/1000 [2:53:20 > 7:23:38]
L-BFGS:  72%|███████▏  | 724/1000 [2:52:33 > 7:24:15]
L-BFGS:  72%|███████▎  | 725/1000 [2:52:49 > 7:24:54]
L-BFGS:  73%|███████▎  | 726/1000 [2:53:54 > 7:25:32]
L-BFGS:  73%|███████▎  | 727/1000 [2:51:37 > 7:26:09]
L-BFGS:  73%|███████▎  | 728/1000 [2:48:27 > 7:26:45]
L-BFGS:  73%|███████▎  | 729/1000 [2:49:11 > 7:27:23]
L-BFGS:  73%|███████▎  | 730/1000 [2:49:00 > 7:28:01]
L-BFGS:  73%|███████▎  | 731/1000 [2:47:21 > 7:28:38]
L-BFGS:  73%|███████▎  | 732/1000 [2:45:36 > 7:29:14]
L-BFGS:  73%|███████▎  | 733/1000 [2:46:03 > 7:29:52]
L-BFGS:  73%|███████▎  | 734/1000 [2:44:21 > 7:30:29]
L-BFGS:  74%|███████▎  | 735/1000 [2:43:39 > 7:31:06]
L-BFGS:  74%|███████▎  | 736/1000 [2:41:23 > 7:31:42]
L-BFGS:  74%|███████▎  | 737/1000 [2:42:45 > 7:32:20]
L-BFGS:  74%|███████▍  | 738/1000 [2:40:47 > 7:32:56]
L-BFGS:  74%|███████▍  | 739/1000 [2:44:34 > 7:33:36]
L-BFGS:  74%|███████▍  | 740/1000 [2:42:45 > 7:34:13]
L-BFGS:  74%|███████▍  | 741/1000 [2:44:43 > 7:34:53]
L-BFGS:  74%|███████▍  | 742/1000 [2:41:54 > 7:35:29]
L-BFGS:  74%|███████▍  | 743/1000 [2:40:48 > 7:36:06]
L-BFGS:  74%|███████▍  | 744/1000 [2:40:16 > 7:36:44]
L-BFGS:  74%|███████▍  | 745/1000 [2:40:51 > 7:37:22]
L-BFGS:  75%|███████▍  | 746/1000 [2:37:02 > 7:37:58]
L-BFGS:  75%|███████▍  | 747/1000 [2:34:42 > 7:38:34]
L-BFGS:  75%|███████▍  | 748/1000 [2:34:26 > 7:39:11]
L-BFGS:  75%|███████▍  | 749/1000 [2:34:26 > 7:39:48]
L-BFGS:  75%|███████▌  | 750/1000 [2:33:26 > 7:40:24]
L-BFGS:  75%|███████▌  | 751/1000 [2:33:47 > 7:41:02]
L-BFGS:  75%|███████▌  | 752/1000 [2:33:19 > 7:41:39]
L-BFGS:  75%|███████▌  | 753/1000 [2:32:59 > 7:42:17]
L-BFGS:  75%|███████▌  | 754/1000 [2:29:41 > 7:42:52]
L-BFGS:  76%|███████▌  | 755/1000 [2:29:15 > 7:43:28]
L-BFGS:  76%|███████▌  | 756/1000 [2:30:40 > 7:44:06]
L-BFGS:  76%|███████▌  | 757/1000 [2:30:00 > 7:44:43]
L-BFGS:  76%|███████▌  | 758/1000 [2:27:10 > 7:45:19]
L-BFGS:  76%|███████▌  | 759/1000 [2:27:02 > 7:45:55]
L-BFGS:  76%|███████▌  | 760/1000 [2:25:41 > 7:46:31]
L-BFGS:  76%|███████▌  | 761/1000 [2:23:49 > 7:47:07]
L-BFGS:  76%|███████▌  | 762/1000 [2:24:50 > 7:47:44]
L-BFGS:  76%|███████▋  | 763/1000 [2:26:44 > 7:48:23]
L-BFGS:  76%|███████▋  | 764/1000 [2:24:44 > 7:48:59]
L-BFGS:  76%|███████▋  | 765/1000 [2:22:15 > 7:49:34]
L-BFGS:  77%|███████▋  | 766/1000 [2:21:38 > 7:50:10]
L-BFGS:  77%|███████▋  | 767/1000 [2:21:24 > 7:50:47]
L-BFGS:  77%|███████▋  | 768/1000 [2:21:24 > 7:51:24]
L-BFGS:  77%|███████▋  | 769/1000 [2:21:39 > 7:52:01]
L-BFGS:  77%|███████▋  | 770/1000 [2:22:29 > 7:52:39]
L-BFGS:  77%|███████▋  | 771/1000 [2:22:32 > 7:53:17]
L-BFGS:  77%|███████▋  | 772/1000 [2:21:21 > 7:53:54]
L-BFGS:  77%|███████▋  | 773/1000 [2:19:07 > 7:54:30]
L-BFGS:  77%|███████▋  | 774/1000 [2:20:35 > 7:55:08]
L-BFGS:  78%|███████▊  | 775/1000 [2:18:24 > 7:55:44]
L-BFGS:  78%|███████▊  | 776/1000 [2:17:29 > 7:56:21]
L-BFGS:  78%|███████▊  | 777/1000 [2:17:40 > 7:56:58]
L-BFGS:  78%|███████▊  | 778/1000 [2:16:53 > 7:57:35]
L-BFGS:  78%|███████▊  | 779/1000 [2:16:46 > 7:58:13]
L-BFGS:  78%|███████▊  | 780/1000 [2:14:22 > 7:58:48]
L-BFGS:  78%|███████▊  | 781/1000 [2:13:17 > 7:59:25]
L-BFGS:  78%|███████▊  | 782/1000 [2:14:09 > 8:00:02]
L-BFGS:  78%|███████▊  | 783/1000 [2:11:44 > 8:00:38]
L-BFGS:  78%|███████▊  | 784/1000 [2:10:23 > 8:01:13]
L-BFGS:  78%|███████▊  | 785/1000 [2:10:57 > 8:01:51]
L-BFGS:  79%|███████▊  | 786/1000 [2:10:55 > 8:02:28]
L-BFGS:  79%|███████▊  | 787/1000 [2:08:35 > 8:03:03]
L-BFGS:  79%|███████▉  | 788/1000 [2:08:26 > 8:03:40]
L-BFGS:  79%|███████▉  | 789/1000 [2:09:53 > 8:04:18]
L-BFGS:  79%|███████▉  | 790/1000 [2:07:36 > 8:04:53]
L-BFGS:  79%|███████▉  | 791/1000 [2:07:35 > 8:05:30]
L-BFGS:  79%|███████▉  | 792/1000 [2:07:06 > 8:06:07]
L-BFGS:  79%|███████▉  | 793/1000 [2:05:52 > 8:06:43]
L-BFGS:  79%|███████▉  | 794/1000 [2:04:18 > 8:07:19]
L-BFGS:  80%|███████▉  | 795/1000 [2:03:38 > 8:07:55]
L-BFGS:  80%|███████▉  | 796/1000 [2:05:17 > 8:08:33]
L-BFGS:  80%|███████▉  | 797/1000 [2:03:47 > 8:09:09]
L-BFGS:  80%|███████▉  | 798/1000 [2:03:02 > 8:09:46]
L-BFGS:  80%|███████▉  | 799/1000 [2:02:08 > 8:10:22]
L-BFGS:  80%|████████  | 800/1000 [2:03:13 > 8:11:00]
L-BFGS:  80%|████████  | 801/1000 [2:02:25 > 8:11:37]
L-BFGS:  80%|████████  | 802/1000 [2:00:42 > 8:12:13]
L-BFGS:  80%|████████  | 803/1000 [2:00:13 > 8:12:49]
L-BFGS:  80%|████████  | 804/1000 [1:58:57 > 8:13:25]
L-BFGS:  80%|████████  | 805/1000 [1:57:10 > 8:14:00]
L-BFGS:  81%|████████  | 806/1000 [1:56:50 > 8:14:37]
L-BFGS:  81%|████████  | 807/1000 [1:56:57 > 8:15:14]
L-BFGS:  81%|████████  | 808/1000 [1:55:22 > 8:15:49]
L-BFGS:  81%|████████  | 809/1000 [1:55:36 > 8:16:26]
L-BFGS:  81%|████████  | 810/1000 [1:55:28 > 8:17:03]
L-BFGS:  81%|████████  | 811/1000 [1:54:24 > 8:17:39]
L-BFGS:  81%|████████  | 812/1000 [1:54:09 > 8:18:15]
L-BFGS:  81%|████████▏ | 813/1000 [1:53:23 > 8:18:52]
L-BFGS:  81%|████████▏ | 814/1000 [1:54:46 > 8:19:30]
L-BFGS:  82%|████████▏ | 815/1000 [1:54:13 > 8:20:07]
L-BFGS:  82%|████████▏ | 816/1000 [1:53:12 > 8:20:44]
L-BFGS:  82%|████████▏ | 817/1000 [1:52:08 > 8:21:20]
L-BFGS:  82%|████████▏ | 818/1000 [1:51:33 > 8:21:57]
L-BFGS:  82%|████████▏ | 819/1000 [1:51:13 > 8:22:34]
L-BFGS:  82%|████████▏ | 820/1000 [1:49:07 > 8:23:09]
L-BFGS:  82%|████████▏ | 821/1000 [1:48:56 > 8:23:46]
L-BFGS:  82%|████████▏ | 822/1000 [1:49:31 > 8:24:24]
L-BFGS:  82%|████████▏ | 823/1000 [1:47:06 > 8:24:59]
L-BFGS:  82%|████████▏ | 824/1000 [1:46:27 > 8:25:35]
L-BFGS:  82%|████████▎ | 825/1000 [1:46:34 > 8:26:12]
L-BFGS:  83%|████████▎ | 826/1000 [1:45:28 > 8:26:48]
L-BFGS:  83%|████████▎ | 827/1000 [1:43:58 > 8:27:24]
L-BFGS:  83%|████████▎ | 828/1000 [1:44:40 > 8:28:01]
L-BFGS:  83%|████████▎ | 829/1000 [1:44:06 > 8:28:38]
L-BFGS:  83%|████████▎ | 830/1000 [1:42:26 > 8:29:13]
L-BFGS:  83%|████████▎ | 831/1000 [1:41:33 > 8:29:49]
L-BFGS:  83%|████████▎ | 832/1000 [1:41:57 > 8:30:26]
L-BFGS:  83%|████████▎ | 833/1000 [1:41:55 > 8:31:03]
L-BFGS:  83%|████████▎ | 834/1000 [1:39:55 > 8:31:38]
L-BFGS:  84%|████████▎ | 835/1000 [1:40:57 > 8:32:16]
L-BFGS:  84%|████████▎ | 836/1000 [1:40:26 > 8:32:53]
L-BFGS:  84%|████████▎ | 837/1000 [1:40:16 > 8:33:30]
L-BFGS:  84%|████████▍ | 838/1000 [1:39:48 > 8:34:08]
L-BFGS:  84%|████████▍ | 839/1000 [1:38:40 > 8:34:44]
L-BFGS:  84%|████████▍ | 840/1000 [1:38:04 > 8:35:21]
L-BFGS:  84%|████████▍ | 841/1000 [1:36:03 > 8:35:56]
L-BFGS:  84%|████████▍ | 842/1000 [1:36:36 > 8:36:33]
L-BFGS:  84%|████████▍ | 843/1000 [1:37:32 > 8:37:12]
L-BFGS:  84%|████████▍ | 844/1000 [1:35:48 > 8:37:48]
L-BFGS:  84%|████████▍ | 845/1000 [1:35:43 > 8:38:25]
L-BFGS:  85%|████████▍ | 846/1000 [1:34:47 > 8:39:02]
L-BFGS:  85%|████████▍ | 847/1000 [1:35:35 > 8:39:41]
L-BFGS:  85%|████████▍ | 848/1000 [1:34:39 > 8:40:18]
L-BFGS:  85%|████████▍ | 849/1000 [1:33:48 > 8:40:55]
L-BFGS:  85%|████████▌ | 850/1000 [1:33:20 > 8:41:32]
L-BFGS:  85%|████████▌ | 851/1000 [1:32:10 > 8:42:09]
L-BFGS:  85%|████████▌ | 852/1000 [1:30:17 > 8:42:44]
L-BFGS:  85%|████████▌ | 853/1000 [1:30:15 > 8:43:22]
L-BFGS:  85%|████████▌ | 854/1000 [1:30:35 > 8:44:00]
L-BFGS:  86%|████████▌ | 855/1000 [1:30:00 > 8:44:37]
L-BFGS:  86%|████████▌ | 856/1000 [1:28:01 > 8:45:13]
L-BFGS:  86%|████████▌ | 857/1000 [1:27:05 > 8:45:49]
L-BFGS:  86%|████████▌ | 858/1000 [1:27:47 > 8:46:27]
L-BFGS:  86%|████████▌ | 859/1000 [1:27:24 > 8:47:05]
L-BFGS:  86%|████████▌ | 860/1000 [1:25:18 > 8:47:40]
L-BFGS:  86%|████████▌ | 861/1000 [1:24:36 > 8:48:16]
L-BFGS:  86%|████████▌ | 862/1000 [1:25:09 > 8:48:54]
L-BFGS:  86%|████████▋ | 863/1000 [1:24:29 > 8:49:31]
L-BFGS:  86%|████████▋ | 864/1000 [1:23:50 > 8:50:08]
L-BFGS:  86%|████████▋ | 865/1000 [1:23:09 > 8:50:45]
L-BFGS:  87%|████████▋ | 866/1000 [1:21:58 > 8:51:21]
L-BFGS:  87%|████████▋ | 867/1000 [1:21:20 > 8:51:58]
L-BFGS:  87%|████████▋ | 868/1000 [1:20:30 > 8:52:34]
L-BFGS:  87%|████████▋ | 869/1000 [1:21:14 > 8:53:13]
L-BFGS:  87%|████████▋ | 870/1000 [1:20:35 > 8:53:50]
L-BFGS:  87%|████████▋ | 871/1000 [1:19:36 > 8:54:27]
L-BFGS:  87%|████████▋ | 872/1000 [1:18:33 > 8:55:03]
L-BFGS:  87%|████████▋ | 873/1000 [1:18:50 > 8:55:41]
L-BFGS:  87%|████████▋ | 874/1000 [1:18:22 > 8:56:19]
L-BFGS:  88%|████████▊ | 875/1000 [1:17:18 > 8:56:55]
L-BFGS:  88%|████████▊ | 876/1000 [1:16:15 > 8:57:32]
L-BFGS:  88%|████████▊ | 877/1000 [1:15:22 > 8:58:08]
L-BFGS:  88%|████████▊ | 878/1000 [1:14:40 > 8:58:45]
L-BFGS:  88%|████████▊ | 879/1000 [1:15:01 > 8:59:23]
L-BFGS:  88%|████████▊ | 880/1000 [1:14:58 > 9:00:01]
L-BFGS:  88%|████████▊ | 881/1000 [1:13:32 > 9:00:38]
L-BFGS:  88%|████████▊ | 882/1000 [1:12:41 > 9:01:14]
L-BFGS:  88%|████████▊ | 883/1000 [1:11:34 > 9:01:50]
L-BFGS:  88%|████████▊ | 884/1000 [1:11:52 > 9:02:29]
L-BFGS:  88%|████████▊ | 885/1000 [1:11:27 > 9:03:06]
L-BFGS:  89%|████████▊ | 886/1000 [1:09:33 > 9:03:41]
L-BFGS:  89%|████████▊ | 887/1000 [1:09:36 > 9:04:19]
L-BFGS:  89%|████████▉ | 888/1000 [1:08:45 > 9:04:56]
L-BFGS:  89%|████████▉ | 889/1000 [1:07:15 > 9:05:31]
L-BFGS:  89%|████████▉ | 890/1000 [1:06:29 > 9:06:07]
L-BFGS:  89%|████████▉ | 891/1000 [1:06:19 > 9:06:44]
L-BFGS:  89%|████████▉ | 892/1000 [1:06:06 > 9:07:21]
L-BFGS:  89%|████████▉ | 893/1000 [1:05:33 > 9:07:58]
L-BFGS:  89%|████████▉ | 894/1000 [1:05:17 > 9:08:35]
L-BFGS:  90%|████████▉ | 895/1000 [1:04:45 > 9:09:13]
L-BFGS:  90%|████████▉ | 896/1000 [1:03:43 > 9:09:49]
L-BFGS:  90%|████████▉ | 897/1000 [1:02:58 > 9:10:25]
L-BFGS:  90%|████████▉ | 898/1000 [1:03:00 > 9:11:03]
L-BFGS:  90%|████████▉ | 899/1000 [1:02:13 > 9:11:40]
L-BFGS:  90%|█████████ | 900/1000 [1:00:46 > 9:12:15]
L-BFGS:  90%|█████████ | 901/1000 [1:00:35 > 9:12:53]
L-BFGS:  90%|█████████ | 902/1000 [59:58 > 9:13:29]  
L-BFGS:  90%|█████████ | 903/1000 [1:01:15 > 9:14:10]
L-BFGS:  90%|█████████ | 904/1000 [59:46 > 9:14:46]  
L-BFGS:  90%|█████████ | 905/1000 [59:28 > 9:15:24]
L-BFGS:  91%|█████████ | 906/1000 [58:55 > 9:16:02]
L-BFGS:  91%|█████████ | 907/1000 [57:49 > 9:16:38]
L-BFGS:  91%|█████████ | 908/1000 [56:35 > 9:17:14]
L-BFGS:  91%|█████████ | 909/1000 [55:57 > 9:17:51]
L-BFGS:  91%|█████████ | 910/1000 [56:03 > 9:18:30]
L-BFGS:  91%|█████████ | 911/1000 [54:50 > 9:19:06]
L-BFGS:  91%|█████████ | 912/1000 [53:58 > 9:19:42]
L-BFGS:  91%|█████████▏| 913/1000 [53:56 > 9:20:20]
L-BFGS:  91%|█████████▏| 914/1000 [53:02 > 9:20:57]
L-BFGS:  92%|█████████▏| 915/1000 [51:52 > 9:21:32]
L-BFGS:  92%|█████████▏| 916/1000 [52:10 > 9:22:11]
L-BFGS:  92%|█████████▏| 917/1000 [51:39 > 9:22:49]
L-BFGS:  92%|█████████▏| 918/1000 [50:52 > 9:23:26]
L-BFGS:  92%|█████████▏| 919/1000 [49:41 > 9:24:02]
L-BFGS:  92%|█████████▏| 920/1000 [49:38 > 9:24:40]
L-BFGS:  92%|█████████▏| 921/1000 [48:33 > 9:25:16]
L-BFGS:  92%|█████████▏| 922/1000 [47:49 > 9:25:52]
L-BFGS:  92%|█████████▏| 923/1000 [47:03 > 9:26:29]
L-BFGS:  92%|█████████▏| 924/1000 [46:34 > 9:27:06]
L-BFGS:  92%|█████████▎| 925/1000 [46:14 > 9:27:43]
L-BFGS:  93%|█████████▎| 926/1000 [44:54 > 9:28:18]
L-BFGS:  93%|█████████▎| 927/1000 [44:17 > 9:28:55]
L-BFGS:  93%|█████████▎| 928/1000 [43:43 > 9:29:31]
L-BFGS:  93%|█████████▎| 929/1000 [42:48 > 9:30:07]
L-BFGS:  93%|█████████▎| 930/1000 [42:38 > 9:30:44]
L-BFGS:  93%|█████████▎| 931/1000 [42:38 > 9:31:23]
L-BFGS:  93%|█████████▎| 932/1000 [42:04 > 9:32:00]
L-BFGS:  93%|█████████▎| 933/1000 [41:16 > 9:32:36]
L-BFGS:  93%|█████████▎| 934/1000 [40:25 > 9:33:13]
L-BFGS:  94%|█████████▎| 935/1000 [40:22 > 9:33:51]
L-BFGS:  94%|█████████▎| 936/1000 [39:19 > 9:34:27]
L-BFGS:  94%|█████████▎| 937/1000 [38:31 > 9:35:03]
L-BFGS:  94%|█████████▍| 938/1000 [37:53 > 9:35:40]
L-BFGS:  94%|█████████▍| 939/1000 [37:16 > 9:36:17]
L-BFGS:  94%|█████████▍| 940/1000 [36:15 > 9:36:52]
L-BFGS:  94%|█████████▍| 941/1000 [35:58 > 9:37:29]
L-BFGS:  94%|█████████▍| 942/1000 [35:26 > 9:38:06]
L-BFGS:  94%|█████████▍| 943/1000 [34:39 > 9:38:42]
L-BFGS:  94%|█████████▍| 944/1000 [33:41 > 9:39:17]
L-BFGS:  94%|█████████▍| 945/1000 [33:32 > 9:39:55]
L-BFGS:  95%|█████████▍| 946/1000 [32:57 > 9:40:32]
L-BFGS:  95%|█████████▍| 947/1000 [32:10 > 9:41:08]
L-BFGS:  95%|█████████▍| 948/1000 [31:42 > 9:41:45]
L-BFGS:  95%|█████████▍| 949/1000 [31:01 > 9:42:21]
L-BFGS:  95%|█████████▌| 950/1000 [30:26 > 9:42:58]
L-BFGS:  95%|█████████▌| 951/1000 [29:51 > 9:43:34]
L-BFGS:  95%|█████████▌| 952/1000 [29:26 > 9:44:12]
L-BFGS:  95%|█████████▌| 953/1000 [29:09 > 9:44:50]
L-BFGS:  95%|█████████▌| 954/1000 [28:13 > 9:45:26]
L-BFGS:  96%|█████████▌| 955/1000 [27:16 > 9:46:01]
L-BFGS:  96%|█████████▌| 956/1000 [26:56 > 9:46:39]
L-BFGS:  96%|█████████▌| 957/1000 [26:42 > 9:47:17]
L-BFGS:  96%|█████████▌| 958/1000 [25:51 > 9:47:53]
L-BFGS:  96%|█████████▌| 959/1000 [24:54 > 9:48:29]
L-BFGS:  96%|█████████▌| 960/1000 [24:15 > 9:49:05]
L-BFGS:  96%|█████████▌| 961/1000 [23:41 > 9:49:41]
L-BFGS:  96%|█████████▌| 962/1000 [22:46 > 9:50:16]
L-BFGS:  96%|█████████▋| 963/1000 [22:14 > 9:50:53]
L-BFGS:  96%|█████████▋| 964/1000 [22:05 > 9:51:31]
L-BFGS:  96%|█████████▋| 965/1000 [21:19 > 9:52:07]
L-BFGS:  97%|█████████▋| 966/1000 [20:28 > 9:52:42]
L-BFGS:  97%|█████████▋| 967/1000 [19:55 > 9:53:19]
L-BFGS:  97%|█████████▋| 968/1000 [19:38 > 9:53:57]
L-BFGS:  97%|█████████▋| 969/1000 [18:47 > 9:54:32]
L-BFGS:  97%|█████████▋| 970/1000 [18:07 > 9:55:08]
L-BFGS:  97%|█████████▋| 971/1000 [17:48 > 9:55:46]
L-BFGS:  97%|█████████▋| 972/1000 [17:04 > 9:56:22]
L-BFGS:  97%|█████████▋| 973/1000 [16:17 > 9:56:58]
L-BFGS:  97%|█████████▋| 974/1000 [15:51 > 9:57:35]
L-BFGS:  98%|█████████▊| 975/1000 [15:27 > 9:58:14]
L-BFGS:  98%|█████████▊| 976/1000 [14:42 > 9:58:49]
L-BFGS:  98%|█████████▊| 977/1000 [14:03 > 9:59:26]
L-BFGS:  98%|█████████▊| 978/1000 [13:33 > 10:00:04]
L-BFGS:  98%|█████████▊| 979/1000 [13:04 > 10:00:42]
L-BFGS:  98%|█████████▊| 980/1000 [12:15 > 10:01:17]
L-BFGS:  98%|█████████▊| 981/1000 [11:56 > 10:01:57]
L-BFGS:  98%|█████████▊| 982/1000 [11:26 > 10:02:36]
L-BFGS:  98%|█████████▊| 983/1000 [10:44 > 10:03:14]
L-BFGS:  98%|█████████▊| 984/1000 [10:04 > 10:03:51]
L-BFGS:  98%|█████████▊| 985/1000 [09:20 > 10:04:28]
L-BFGS:  99%|█████████▊| 986/1000 [08:46 > 10:05:06]
L-BFGS:  99%|█████████▊| 987/1000 [08:02 > 10:05:42]
L-BFGS:  99%|█████████▉| 988/1000 [07:22 > 10:06:18]
L-BFGS:  99%|█████████▉| 989/1000 [06:45 > 10:06:55]
L-BFGS:  99%|█████████▉| 990/1000 [06:07 > 10:07:31]
L-BFGS:  99%|█████████▉| 991/1000 [05:31 > 10:08:09]
L-BFGS:  99%|█████████▉| 992/1000 [04:55 > 10:08:46]
L-BFGS:  99%|█████████▉| 993/1000 [04:22 > 10:09:24]
L-BFGS:  99%|█████████▉| 994/1000 [03:44 > 10:10:02]
L-BFGS: 100%|█████████▉| 995/1000 [03:04 > 10:10:37]
L-BFGS: 100%|█████████▉| 996/1000 [02:29 > 10:11:15]
L-BFGS: 100%|█████████▉| 997/1000 [01:52 > 10:11:54]
L-BFGS: 100%|█████████▉| 998/1000 [01:14 > 10:12:31]
L-BFGS: 100%|█████████▉| 999/1000 [00:36 > 10:13:06]
L-BFGS: 100%|██████████| 1000/1000 [00:00 > 10:13:45]
L-BFGS: 100%|██████████| 1000/1000 [00:00 > 10:13:45]
Training saved: C:\Ali Computation\pinn\code\heterogeneous\pino_heterogeneous\results\exp_J_maximin_N500_float64_lr01_maxiter20\pino_heterogeneous_concentration.png C:\Ali Computation\pinn\code\heterogeneous\pino_heterogeneous\results\exp_J_maximin_N500_float64_lr01_maxiter20\pino_heterogeneous_loss.png C:\Ali Computation\pinn\code\heterogeneous\pino_heterogeneous\results\exp_J_maximin_N500_float64_lr01_maxiter20\pino_heterogeneous_model.pt
COMSOL validation: 81 media -> C:\Ali Computation\pinn\code\heterogeneous\pino_heterogeneous\results\exp_J_maximin_N500_float64_lr01_maxiter20  (x* collocation n=86)

COMSOL vs PINO:   0%|          | 0/81 [00:00<?, ?it/s]
COMSOL vs PINO:   6%|▌         | 5/81 [00:00<00:01, 46.83it/s]
COMSOL vs PINO:  12%|█▏        | 10/81 [00:00<00:01, 46.06it/s]
COMSOL vs PINO:  19%|█▊        | 15/81 [00:00<00:01, 46.02it/s]
COMSOL vs PINO:  25%|██▍       | 20/81 [00:00<00:01, 45.65it/s]
COMSOL vs PINO:  31%|███       | 25/81 [00:00<00:01, 46.28it/s]
COMSOL vs PINO:  37%|███▋      | 30/81 [00:00<00:01, 46.13it/s]
COMSOL vs PINO:  43%|████▎     | 35/81 [00:00<00:00, 46.36it/s]
COMSOL vs PINO:  49%|████▉     | 40/81 [00:00<00:00, 45.42it/s]
COMSOL vs PINO:  56%|█████▌    | 45/81 [00:00<00:00, 45.71it/s]
COMSOL vs PINO:  62%|██████▏   | 50/81 [00:01<00:00, 46.07it/s]
COMSOL vs PINO:  68%|██████▊   | 55/81 [00:01<00:00, 46.99it/s]
COMSOL vs PINO:  74%|███████▍  | 60/81 [00:01<00:00, 47.43it/s]
COMSOL vs PINO:  80%|████████  | 65/81 [00:01<00:00, 47.06it/s]
COMSOL vs PINO:  86%|████████▋ | 70/81 [00:01<00:00, 47.29it/s]
COMSOL vs PINO:  93%|█████████▎| 75/81 [00:01<00:00, 47.22it/s]
COMSOL vs PINO:  99%|█████████▉| 80/81 [00:01<00:00, 47.00it/s]
COMSOL vs PINO: 100%|██████████| 81/81 [00:01<00:00, 46.59it/s]
COMSOL validation summary: n=81  mean=2.608470e-02  max=4.913813e-02  min=1.586860e-02
Wrote C:\Ali Computation\pinn\code\heterogeneous\pino_heterogeneous\results\exp_J_maximin_N500_float64_lr01_maxiter20\comsol_validation_summary.csv
Run metadata: C:\Ali Computation\pinn\code\heterogeneous\pino_heterogeneous\results\exp_J_maximin_N500_float64_lr01_maxiter20\run_meta.json

# exit 0 after 10:14:05.492731
