# code/heterogeneous/pino_heterogeneous/pinn1d_heterogeneous_parametric_neural_operator.py --design grf --n-train 500 --n-sensors 32 --grf-corr-length 0.2 --dtype float64 --early-stop-patience 150 --lr-lbfgs 0.1 --lbfgs-max-iter 20 --epochs 1000 --out-dir results/exp_A_grf_K32_N500_float64_lr01_maxiter20 --skip-validation-plots
# started 2026-06-15 23:48:02
# cwd C:\Ali Computation\pinn\code\heterogeneous\pino_heterogeneous

Using GPU: NVIDIA GeForce RTX 3090 (cuda:0, dtype=torch.float64)
PE (computed) = 0.010368
design=grf  media_mode=grf  n_train_requested=500  n_corner_anchors=16  arch=default  trunk_mode=single  batch_mode=True
branch=[35, 16, 16, 32]  trunk=[2, 32, 32, 32, 32]
results_dir=C:\Ali Computation\pinn\code\heterogeneous\pino_heterogeneous\results\exp_A_grf_K32_N500_float64_lr01_maxiter20
Training: 500 GRF smooth fields (K=35 sensors, ell=0.2, grid_n=201)
  saved/loaded: C:\Ali Computation\pinn\code\heterogeneous\pino_heterogeneous\results\exp_A_grf_K32_N500_float64_lr01_maxiter20\train_grf_cases.npz
  branch CFL range [0.136897, 0.589509]
PDE mesh: bulk 50x50x500 (no interface bands in GRF mode)
COMSOL validation: 81 fixed grid cases from comsol_4zones.txt -> C:\Ali Computation\pinn\code\heterogeneous\pino_heterogeneous\results\exp_A_grf_K32_N500_float64_lr01_maxiter20
run_training=True  run_comsol_validation=True  validate_only=False  skip_validation_plots=True
L-BFGS early stopping: patience=150 (max steps=1000)
L-BFGS: lr=0.1  max_iter=20  outer_steps=1000
PDE collocation points: 1,250,000 (bulk 1,250,000, interface 0)
Collocation mesh plot (pre-train): C:\Ali Computation\pinn\code\heterogeneous\pino_heterogeneous\results\exp_A_grf_K32_N500_float64_lr01_maxiter20\pino_heterogeneous_collocation_points.png
LBFGS (
Parameter Group 0
    history_size: 50
    line_search_fn: strong_wolfe
    lr: 0.1
    max_eval: 25
    max_iter: 20
    tolerance_change: 1e-09
    tolerance_grad: 1e-07
)
Early stopping: patience=150 L-BFGS steps (no total-loss improvement, rtol=1e-12)

L-BFGS:   0%|          | 0/1000 [? > 00:00]
L-BFGS:   0%|          | 1/1000 [4:11:10 > 00:15]
L-BFGS:   0%|          | 2/1000 [4:01:28 > 00:29]
L-BFGS:   0%|          | 3/1000 [4:03:07 > 00:43]
L-BFGS:   0%|          | 4/1000 [4:00:22 > 00:58]
L-BFGS:   0%|          | 5/1000 [4:02:25 > 01:13]
L-BFGS:   1%|          | 6/1000 [4:03:35 > 01:27]
L-BFGS:   1%|          | 7/1000 [4:04:19 > 01:42]
L-BFGS:   1%|          | 8/1000 [4:01:31 > 01:57]
L-BFGS:   1%|          | 9/1000 [3:59:53 > 02:11]
L-BFGS:   1%|          | 10/1000 [3:59:02 > 02:25]
L-BFGS:   1%|          | 11/1000 [3:58:46 > 02:40]
L-BFGS:   1%|          | 12/1000 [4:00:58 > 02:55]
L-BFGS:   1%|▏         | 13/1000 [3:59:42 > 03:09]
L-BFGS:   1%|▏         | 14/1000 [4:01:21 > 03:24]
L-BFGS:   2%|▏         | 15/1000 [4:02:32 > 03:39]
L-BFGS:   2%|▏         | 16/1000 [4:03:27 > 03:54]
L-BFGS:   2%|▏         | 17/1000 [4:01:21 > 04:09]
L-BFGS:   2%|▏         | 18/1000 [3:59:47 > 04:23]
L-BFGS:   2%|▏         | 19/1000 [4:01:25 > 04:38]
L-BFGS:   2%|▏         | 20/1000 [4:02:25 > 04:53]
L-BFGS:   2%|▏         | 21/1000 [4:00:09 > 05:08]
L-BFGS:   2%|▏         | 22/1000 [3:58:16 > 05:22]
L-BFGS:   2%|▏         | 23/1000 [3:59:32 > 05:37]
L-BFGS:   2%|▏         | 24/1000 [4:00:27 > 05:52]
L-BFGS:   2%|▎         | 25/1000 [3:58:09 > 06:06]
L-BFGS:   3%|▎         | 26/1000 [3:59:23 > 06:21]
L-BFGS:   3%|▎         | 27/1000 [3:57:40 > 06:36]
L-BFGS:   3%|▎         | 28/1000 [3:56:02 > 06:50]
L-BFGS:   3%|▎         | 29/1000 [3:55:03 > 07:04]
L-BFGS:   3%|▎         | 30/1000 [3:54:01 > 07:19]
L-BFGS:   3%|▎         | 31/1000 [3:53:17 > 07:33]
L-BFGS:   3%|▎         | 32/1000 [3:52:50 > 07:48]
L-BFGS:   3%|▎         | 33/1000 [3:55:01 > 08:02]
L-BFGS:   3%|▎         | 34/1000 [3:56:42 > 08:17]
L-BFGS:   4%|▎         | 35/1000 [3:55:06 > 08:32]
L-BFGS:   4%|▎         | 36/1000 [3:56:37 > 08:47]
L-BFGS:   4%|▎         | 37/1000 [3:54:44 > 09:01]
L-BFGS:   4%|▍         | 38/1000 [3:53:34 > 09:16]
L-BFGS:   4%|▍         | 39/1000 [3:52:57 > 09:30]
L-BFGS:   4%|▍         | 40/1000 [3:55:22 > 09:45]
L-BFGS:   4%|▍         | 41/1000 [3:54:05 > 10:00]
L-BFGS:   4%|▍         | 42/1000 [3:55:55 > 10:15]
L-BFGS:   4%|▍         | 43/1000 [3:54:14 > 10:29]
L-BFGS:   4%|▍         | 44/1000 [3:55:40 > 10:44]
L-BFGS:   4%|▍         | 45/1000 [3:56:38 > 10:59]
L-BFGS:   5%|▍         | 46/1000 [3:54:32 > 11:14]
L-BFGS:   5%|▍         | 47/1000 [3:53:05 > 11:28]
L-BFGS:   5%|▍         | 48/1000 [3:51:51 > 11:43]
L-BFGS:   5%|▍         | 49/1000 [3:51:05 > 11:57]
L-BFGS:   5%|▌         | 50/1000 [3:50:05 > 12:12]
L-BFGS:   5%|▌         | 51/1000 [3:52:05 > 12:27]
L-BFGS:   5%|▌         | 52/1000 [3:50:37 > 12:41]
L-BFGS:   5%|▌         | 53/1000 [3:52:02 > 12:56]
L-BFGS:   5%|▌         | 54/1000 [3:50:16 > 13:11]
L-BFGS:   6%|▌         | 55/1000 [3:51:47 > 13:26]
L-BFGS:   6%|▌         | 56/1000 [3:49:51 > 13:40]
L-BFGS:   6%|▌         | 57/1000 [3:51:13 > 13:55]
L-BFGS:   6%|▌         | 58/1000 [3:49:24 > 14:09]
L-BFGS:   6%|▌         | 59/1000 [3:50:56 > 14:24]
L-BFGS:   6%|▌         | 60/1000 [3:49:07 > 14:39]
L-BFGS:   6%|▌         | 61/1000 [3:47:42 > 14:53]
L-BFGS:   6%|▌         | 62/1000 [3:49:32 > 15:08]
L-BFGS:   6%|▋         | 63/1000 [3:47:55 > 15:22]
L-BFGS:   6%|▋         | 64/1000 [3:49:29 > 15:37]
L-BFGS:   6%|▋         | 65/1000 [3:47:38 > 15:52]
L-BFGS:   7%|▋         | 66/1000 [3:46:17 > 16:06]
L-BFGS:   7%|▋         | 67/1000 [3:48:25 > 16:21]
L-BFGS:   7%|▋         | 68/1000 [3:49:55 > 16:36]
L-BFGS:   7%|▋         | 69/1000 [3:50:57 > 16:51]
L-BFGS:   7%|▋         | 70/1000 [3:48:43 > 17:06]
L-BFGS:   7%|▋         | 71/1000 [3:47:17 > 17:20]
L-BFGS:   7%|▋         | 72/1000 [3:46:06 > 17:35]
L-BFGS:   7%|▋         | 73/1000 [3:45:12 > 17:49]
L-BFGS:   7%|▋         | 74/1000 [3:47:07 > 18:04]
L-BFGS:   8%|▊         | 75/1000 [3:48:17 > 18:19]
L-BFGS:   8%|▊         | 76/1000 [3:46:31 > 18:34]
L-BFGS:   8%|▊         | 77/1000 [3:47:51 > 18:49]
L-BFGS:   8%|▊         | 78/1000 [3:45:54 > 19:03]
L-BFGS:   8%|▊         | 79/1000 [3:44:02 > 19:18]
L-BFGS:   8%|▊         | 80/1000 [3:42:41 > 19:32]
L-BFGS:   8%|▊         | 81/1000 [3:41:52 > 19:46]
L-BFGS:   8%|▊         | 82/1000 [3:43:39 > 20:01]
L-BFGS:   8%|▊         | 83/1000 [3:44:56 > 20:16]
L-BFGS:   8%|▊         | 84/1000 [3:43:11 > 20:31]
L-BFGS:   8%|▊         | 85/1000 [3:41:50 > 20:45]
L-BFGS:   9%|▊         | 86/1000 [3:40:51 > 20:59]
L-BFGS:   9%|▊         | 87/1000 [3:42:37 > 21:14]
L-BFGS:   9%|▉         | 88/1000 [3:41:27 > 21:29]
L-BFGS:   9%|▉         | 89/1000 [3:43:00 > 21:44]
L-BFGS:   9%|▉         | 90/1000 [3:41:18 > 21:58]
L-BFGS:   9%|▉         | 91/1000 [3:42:41 > 22:13]
L-BFGS:   9%|▉         | 92/1000 [3:40:57 > 22:27]
L-BFGS:   9%|▉         | 93/1000 [3:42:17 > 22:42]
L-BFGS:   9%|▉         | 94/1000 [3:43:15 > 22:57]
L-BFGS:  10%|▉         | 95/1000 [3:43:43 > 23:12]
L-BFGS:  10%|▉         | 96/1000 [3:41:39 > 23:27]
L-BFGS:  10%|▉         | 97/1000 [3:42:53 > 23:42]
L-BFGS:  10%|▉         | 98/1000 [3:41:06 > 23:56]
L-BFGS:  10%|▉         | 99/1000 [3:39:44 > 24:11]
L-BFGS:  10%|█         | 100/1000 [3:38:42 > 24:25]
L-BFGS:  10%|█         | 101/1000 [3:38:04 > 24:40]
L-BFGS:  10%|█         | 102/1000 [3:40:07 > 24:55]
L-BFGS:  10%|█         | 103/1000 [3:38:47 > 25:09]
L-BFGS:  10%|█         | 104/1000 [3:40:27 > 25:24]
L-BFGS:  10%|█         | 105/1000 [3:41:29 > 25:39]
L-BFGS:  11%|█         | 106/1000 [3:39:36 > 25:54]
L-BFGS:  11%|█         | 107/1000 [3:40:40 > 26:09]
L-BFGS:  11%|█         | 108/1000 [3:38:22 > 26:23]
L-BFGS:  11%|█         | 109/1000 [3:36:46 > 26:37]
L-BFGS:  11%|█         | 110/1000 [3:35:35 > 26:52]
L-BFGS:  11%|█         | 111/1000 [3:34:44 > 27:06]
L-BFGS:  11%|█         | 112/1000 [3:33:55 > 27:21]
L-BFGS:  11%|█▏        | 113/1000 [3:33:21 > 27:35]
L-BFGS:  11%|█▏        | 114/1000 [3:32:44 > 27:49]
L-BFGS:  12%|█▏        | 115/1000 [3:32:19 > 28:04]
L-BFGS:  12%|█▏        | 116/1000 [3:31:56 > 28:18]
L-BFGS:  12%|█▏        | 117/1000 [3:31:44 > 28:32]
L-BFGS:  12%|█▏        | 118/1000 [3:31:28 > 28:47]
L-BFGS:  12%|█▏        | 119/1000 [3:31:10 > 29:01]
L-BFGS:  12%|█▏        | 120/1000 [3:30:55 > 29:16]
L-BFGS:  12%|█▏        | 121/1000 [3:30:40 > 29:30]
L-BFGS:  12%|█▏        | 122/1000 [3:30:24 > 29:44]
L-BFGS:  12%|█▏        | 123/1000 [3:32:45 > 29:59]
L-BFGS:  12%|█▏        | 124/1000 [3:31:46 > 30:14]
L-BFGS:  12%|█▎        | 125/1000 [3:33:26 > 30:29]
L-BFGS:  13%|█▎        | 126/1000 [3:34:57 > 30:44]
L-BFGS:  13%|█▎        | 127/1000 [3:36:03 > 30:59]
L-BFGS:  13%|█▎        | 128/1000 [3:36:45 > 31:14]
L-BFGS:  13%|█▎        | 129/1000 [3:37:09 > 31:29]
L-BFGS:  13%|█▎        | 130/1000 [3:34:44 > 31:43]
L-BFGS:  13%|█▎        | 131/1000 [3:33:02 > 31:58]
L-BFGS:  13%|█▎        | 132/1000 [3:34:21 > 32:13]
L-BFGS:  13%|█▎        | 133/1000 [3:32:36 > 32:27]
L-BFGS:  13%|█▎        | 134/1000 [3:33:48 > 32:42]
L-BFGS:  14%|█▎        | 135/1000 [3:32:06 > 32:57]
L-BFGS:  14%|█▎        | 136/1000 [3:33:12 > 33:12]
L-BFGS:  14%|█▎        | 137/1000 [3:31:04 > 33:26]
L-BFGS:  14%|█▍        | 138/1000 [3:29:31 > 33:41]
L-BFGS:  14%|█▍        | 139/1000 [3:30:52 > 33:56]
L-BFGS:  14%|█▍        | 140/1000 [3:31:46 > 34:11]
L-BFGS:  14%|█▍        | 141/1000 [3:32:21 > 34:26]
L-BFGS:  14%|█▍        | 142/1000 [3:30:06 > 34:40]
L-BFGS:  14%|█▍        | 143/1000 [3:30:52 > 34:55]
L-BFGS:  14%|█▍        | 144/1000 [3:31:26 > 35:10]
L-BFGS:  14%|█▍        | 145/1000 [3:29:14 > 35:24]
L-BFGS:  15%|█▍        | 146/1000 [3:27:41 > 35:39]
L-BFGS:  15%|█▍        | 147/1000 [3:26:34 > 35:53]
L-BFGS:  15%|█▍        | 148/1000 [3:25:42 > 36:07]
L-BFGS:  15%|█▍        | 149/1000 [3:25:01 > 36:22]
L-BFGS:  15%|█▌        | 150/1000 [3:27:00 > 36:37]
L-BFGS:  15%|█▌        | 151/1000 [3:25:42 > 36:51]
L-BFGS:  15%|█▌        | 152/1000 [3:24:54 > 37:05]
L-BFGS:  15%|█▌        | 153/1000 [3:24:06 > 37:20]
L-BFGS:  15%|█▌        | 154/1000 [3:23:31 > 37:34]
L-BFGS:  16%|█▌        | 155/1000 [3:23:23 > 37:49]
L-BFGS:  16%|█▌        | 156/1000 [3:25:42 > 38:04]
L-BFGS:  16%|█▌        | 157/1000 [3:24:53 > 38:18]
L-BFGS:  16%|█▌        | 158/1000 [3:24:17 > 38:33]
L-BFGS:  16%|█▌        | 159/1000 [3:23:43 > 38:47]
L-BFGS:  16%|█▌        | 160/1000 [3:23:19 > 39:02]
L-BFGS:  16%|█▌        | 161/1000 [3:25:12 > 39:17]
L-BFGS:  16%|█▌        | 162/1000 [3:26:34 > 39:32]
L-BFGS:  16%|█▋        | 163/1000 [3:27:27 > 39:47]
L-BFGS:  16%|█▋        | 164/1000 [3:27:58 > 40:02]
L-BFGS:  16%|█▋        | 165/1000 [3:25:49 > 40:16]
L-BFGS:  17%|█▋        | 166/1000 [3:26:17 > 40:31]
L-BFGS:  17%|█▋        | 167/1000 [3:24:04 > 40:46]
L-BFGS:  17%|█▋        | 168/1000 [3:22:30 > 41:00]
L-BFGS:  17%|█▋        | 169/1000 [3:21:19 > 41:14]
L-BFGS:  17%|█▋        | 170/1000 [3:22:52 > 41:29]
L-BFGS:  17%|█▋        | 171/1000 [3:21:23 > 41:44]
L-BFGS:  17%|█▋        | 172/1000 [3:20:25 > 41:58]
L-BFGS:  17%|█▋        | 173/1000 [3:21:56 > 42:13]
L-BFGS:  17%|█▋        | 174/1000 [3:22:56 > 42:28]
L-BFGS:  18%|█▊        | 175/1000 [3:23:32 > 42:43]
L-BFGS:  18%|█▊        | 176/1000 [3:21:35 > 42:57]
L-BFGS:  18%|█▊        | 177/1000 [3:20:07 > 43:12]
L-BFGS:  18%|█▊        | 178/1000 [3:18:54 > 43:26]
L-BFGS:  18%|█▊        | 179/1000 [3:20:29 > 43:41]
L-BFGS:  18%|█▊        | 180/1000 [3:19:04 > 43:55]
L-BFGS:  18%|█▊        | 181/1000 [3:18:05 > 44:10]
L-BFGS:  18%|█▊        | 182/1000 [3:19:37 > 44:25]
L-BFGS:  18%|█▊        | 183/1000 [3:18:13 > 44:39]
L-BFGS:  18%|█▊        | 184/1000 [3:19:54 > 44:54]
L-BFGS:  18%|█▊        | 185/1000 [3:18:46 > 45:09]
L-BFGS:  19%|█▊        | 186/1000 [3:20:13 > 45:24]
L-BFGS:  19%|█▊        | 187/1000 [3:21:11 > 45:39]
L-BFGS:  19%|█▉        | 188/1000 [3:19:24 > 45:53]
L-BFGS:  19%|█▉        | 189/1000 [3:18:05 > 46:08]
L-BFGS:  19%|█▉        | 190/1000 [3:19:29 > 46:23]
L-BFGS:  19%|█▉        | 191/1000 [3:20:22 > 46:38]
L-BFGS:  19%|█▉        | 192/1000 [3:20:52 > 46:53]
L-BFGS:  19%|█▉        | 193/1000 [3:21:13 > 47:08]
L-BFGS:  19%|█▉        | 194/1000 [3:18:59 > 47:22]
L-BFGS:  20%|█▉        | 195/1000 [3:19:20 > 47:37]
L-BFGS:  20%|█▉        | 196/1000 [3:19:25 > 47:52]
L-BFGS:  20%|█▉        | 197/1000 [3:19:36 > 48:07]
L-BFGS:  20%|█▉        | 198/1000 [3:17:15 > 48:22]
L-BFGS:  20%|█▉        | 199/1000 [3:17:40 > 48:37]
L-BFGS:  20%|██        | 200/1000 [3:15:46 > 48:51]
L-BFGS:  20%|██        | 201/1000 [3:16:32 > 49:06]
L-BFGS:  20%|██        | 202/1000 [3:14:45 > 49:20]
L-BFGS:  20%|██        | 203/1000 [3:13:25 > 49:35]
L-BFGS:  20%|██        | 204/1000 [3:14:46 > 49:50]
L-BFGS:  20%|██        | 205/1000 [3:15:34 > 50:05]
L-BFGS:  21%|██        | 206/1000 [3:16:04 > 50:20]
L-BFGS:  21%|██        | 207/1000 [3:14:02 > 50:34]
L-BFGS:  21%|██        | 208/1000 [3:14:51 > 50:49]
L-BFGS:  21%|██        | 209/1000 [3:15:22 > 51:04]
L-BFGS:  21%|██        | 210/1000 [3:13:23 > 51:18]
L-BFGS:  21%|██        | 211/1000 [3:14:07 > 51:33]
L-BFGS:  21%|██        | 212/1000 [3:14:48 > 51:48]
L-BFGS:  21%|██▏       | 213/1000 [3:15:25 > 52:03]
L-BFGS:  21%|██▏       | 214/1000 [3:15:44 > 52:18]
L-BFGS:  22%|██▏       | 215/1000 [3:13:42 > 52:33]
L-BFGS:  22%|██▏       | 216/1000 [3:12:08 > 52:47]
L-BFGS:  22%|██▏       | 217/1000 [3:11:06 > 53:02]
L-BFGS:  22%|██▏       | 218/1000 [3:10:11 > 53:16]
L-BFGS:  22%|██▏       | 219/1000 [3:09:24 > 53:31]
L-BFGS:  22%|██▏       | 220/1000 [3:08:48 > 53:45]
L-BFGS:  22%|██▏       | 221/1000 [3:10:39 > 54:00]
L-BFGS:  22%|██▏       | 222/1000 [3:11:50 > 54:15]
L-BFGS:  22%|██▏       | 223/1000 [3:10:10 > 54:30]
L-BFGS:  22%|██▏       | 224/1000 [3:08:42 > 54:44]
L-BFGS:  22%|██▎       | 225/1000 [3:09:56 > 54:59]
L-BFGS:  23%|██▎       | 226/1000 [3:08:23 > 55:13]
L-BFGS:  23%|██▎       | 227/1000 [3:07:15 > 55:28]
L-BFGS:  23%|██▎       | 228/1000 [3:08:45 > 55:43]
L-BFGS:  23%|██▎       | 229/1000 [3:09:41 > 55:58]
L-BFGS:  23%|██▎       | 230/1000 [3:08:01 > 56:12]
L-BFGS:  23%|██▎       | 231/1000 [3:06:42 > 56:26]
L-BFGS:  23%|██▎       | 232/1000 [3:05:44 > 56:41]
L-BFGS:  23%|██▎       | 233/1000 [3:04:57 > 56:55]
L-BFGS:  23%|██▎       | 234/1000 [3:04:22 > 57:10]
L-BFGS:  24%|██▎       | 235/1000 [3:03:57 > 57:24]
L-BFGS:  24%|██▎       | 236/1000 [3:03:37 > 57:38]
L-BFGS:  24%|██▎       | 237/1000 [3:03:16 > 57:53]
L-BFGS:  24%|██▍       | 238/1000 [3:02:58 > 58:07]
L-BFGS:  24%|██▍       | 239/1000 [3:04:52 > 58:22]
L-BFGS:  24%|██▍       | 240/1000 [3:06:03 > 58:37]
L-BFGS:  24%|██▍       | 241/1000 [3:04:44 > 58:51]
L-BFGS:  24%|██▍       | 242/1000 [3:03:58 > 59:06]
L-BFGS:  24%|██▍       | 243/1000 [3:03:29 > 59:20]
L-BFGS:  24%|██▍       | 244/1000 [3:05:08 > 59:35]
L-BFGS:  24%|██▍       | 245/1000 [3:04:14 > 59:50]
L-BFGS:  25%|██▍       | 246/1000 [3:05:32 > 1:00:05]
L-BFGS:  25%|██▍       | 247/1000 [3:06:23 > 1:00:20]
L-BFGS:  25%|██▍       | 248/1000 [3:04:43 > 1:00:35]
L-BFGS:  25%|██▍       | 249/1000 [3:05:41 > 1:00:50]
L-BFGS:  25%|██▌       | 250/1000 [3:06:20 > 1:01:05]
L-BFGS:  25%|██▌       | 251/1000 [3:06:37 > 1:01:20]
L-BFGS:  25%|██▌       | 252/1000 [3:06:37 > 1:01:35]
L-BFGS:  25%|██▌       | 253/1000 [3:06:20 > 1:01:50]
L-BFGS:  25%|██▌       | 254/1000 [3:03:52 > 1:02:04]
L-BFGS:  26%|██▌       | 255/1000 [3:02:06 > 1:02:18]
L-BFGS:  26%|██▌       | 256/1000 [3:02:55 > 1:02:33]
L-BFGS:  26%|██▌       | 257/1000 [3:03:26 > 1:02:48]
L-BFGS:  26%|██▌       | 258/1000 [3:01:36 > 1:03:03]
L-BFGS:  26%|██▌       | 259/1000 [3:02:19 > 1:03:18]
L-BFGS:  26%|██▌       | 260/1000 [3:00:41 > 1:03:32]
L-BFGS:  26%|██▌       | 261/1000 [2:59:22 > 1:03:46]
L-BFGS:  26%|██▌       | 262/1000 [2:58:25 > 1:04:01]
L-BFGS:  26%|██▋       | 263/1000 [2:57:45 > 1:04:15]
L-BFGS:  26%|██▋       | 264/1000 [2:59:21 > 1:04:30]
L-BFGS:  26%|██▋       | 265/1000 [2:58:13 > 1:04:45]
L-BFGS:  27%|██▋       | 266/1000 [2:57:17 > 1:04:59]
L-BFGS:  27%|██▋       | 267/1000 [2:56:32 > 1:05:13]
L-BFGS:  27%|██▋       | 268/1000 [2:56:06 > 1:05:28]
L-BFGS:  27%|██▋       | 269/1000 [2:55:40 > 1:05:42]
L-BFGS:  27%|██▋       | 270/1000 [2:55:24 > 1:05:56]
L-BFGS:  27%|██▋       | 271/1000 [2:55:22 > 1:06:11]
L-BFGS:  27%|██▋       | 272/1000 [2:55:16 > 1:06:25]
L-BFGS:  27%|██▋       | 273/1000 [2:57:14 > 1:06:40]
L-BFGS:  27%|██▋       | 274/1000 [2:58:31 > 1:06:56]
L-BFGS:  28%|██▊       | 275/1000 [2:59:20 > 1:07:11]
L-BFGS:  28%|██▊       | 276/1000 [2:59:48 > 1:07:26]
L-BFGS:  28%|██▊       | 277/1000 [2:58:02 > 1:07:40]
L-BFGS:  28%|██▊       | 278/1000 [2:56:40 > 1:07:55]
L-BFGS:  28%|██▊       | 279/1000 [2:55:39 > 1:08:09]
L-BFGS:  28%|██▊       | 280/1000 [2:56:56 > 1:08:24]
L-BFGS:  28%|██▊       | 281/1000 [2:55:30 > 1:08:38]
L-BFGS:  28%|██▊       | 282/1000 [2:54:18 > 1:08:53]
L-BFGS:  28%|██▊       | 283/1000 [2:55:22 > 1:09:08]
L-BFGS:  28%|██▊       | 284/1000 [2:54:05 > 1:09:22]
L-BFGS:  28%|██▊       | 285/1000 [2:55:09 > 1:09:37]
L-BFGS:  29%|██▊       | 286/1000 [2:53:42 > 1:09:52]
L-BFGS:  29%|██▊       | 287/1000 [2:52:38 > 1:10:06]
L-BFGS:  29%|██▉       | 288/1000 [2:51:48 > 1:10:20]
L-BFGS:  29%|██▉       | 289/1000 [2:53:10 > 1:10:35]
L-BFGS:  29%|██▉       | 290/1000 [2:52:01 > 1:10:50]
L-BFGS:  29%|██▉       | 291/1000 [2:51:13 > 1:11:04]
L-BFGS:  29%|██▉       | 292/1000 [2:50:34 > 1:11:18]
L-BFGS:  29%|██▉       | 293/1000 [2:50:02 > 1:11:33]
L-BFGS:  29%|██▉       | 294/1000 [2:51:36 > 1:11:48]
L-BFGS:  30%|██▉       | 295/1000 [2:52:36 > 1:12:03]
L-BFGS:  30%|██▉       | 296/1000 [2:51:15 > 1:12:17]
L-BFGS:  30%|██▉       | 297/1000 [2:50:23 > 1:12:31]
L-BFGS:  30%|██▉       | 298/1000 [2:49:37 > 1:12:46]
L-BFGS:  30%|██▉       | 299/1000 [2:49:03 > 1:13:00]
L-BFGS:  30%|███       | 300/1000 [2:50:46 > 1:13:15]
L-BFGS:  30%|███       | 301/1000 [2:52:05 > 1:13:30]
L-BFGS:  30%|███       | 302/1000 [2:50:47 > 1:13:45]
L-BFGS:  30%|███       | 303/1000 [2:51:44 > 1:14:00]
L-BFGS:  30%|███       | 304/1000 [2:52:22 > 1:14:15]
L-BFGS:  30%|███       | 305/1000 [2:50:51 > 1:14:29]
L-BFGS:  31%|███       | 306/1000 [2:49:36 > 1:14:44]
L-BFGS:  31%|███       | 307/1000 [2:48:46 > 1:14:58]
L-BFGS:  31%|███       | 308/1000 [2:48:03 > 1:15:13]
L-BFGS:  31%|███       | 309/1000 [2:47:28 > 1:15:27]
L-BFGS:  31%|███       | 310/1000 [2:47:01 > 1:15:42]
L-BFGS:  31%|███       | 311/1000 [2:46:10 > 1:15:56]
L-BFGS:  31%|███       | 312/1000 [2:45:37 > 1:16:10]
L-BFGS:  31%|███▏      | 313/1000 [2:47:02 > 1:16:25]
L-BFGS:  31%|███▏      | 314/1000 [2:48:00 > 1:16:40]
L-BFGS:  32%|███▏      | 315/1000 [2:46:41 > 1:16:55]
L-BFGS:  32%|███▏      | 316/1000 [2:45:39 > 1:17:09]
L-BFGS:  32%|███▏      | 317/1000 [2:46:49 > 1:17:24]
L-BFGS:  32%|███▏      | 318/1000 [2:47:36 > 1:17:39]
L-BFGS:  32%|███▏      | 319/1000 [2:46:03 > 1:17:53]
L-BFGS:  32%|███▏      | 320/1000 [2:44:54 > 1:18:08]
L-BFGS:  32%|███▏      | 321/1000 [2:44:07 > 1:18:22]
L-BFGS:  32%|███▏      | 322/1000 [2:43:28 > 1:18:36]
L-BFGS:  32%|███▏      | 323/1000 [2:42:55 > 1:18:51]
L-BFGS:  32%|███▏      | 324/1000 [2:42:27 > 1:19:05]
L-BFGS:  32%|███▎      | 325/1000 [2:42:03 > 1:19:20]
L-BFGS:  33%|███▎      | 326/1000 [2:41:38 > 1:19:34]
L-BFGS:  33%|███▎      | 327/1000 [2:43:13 > 1:19:49]
L-BFGS:  33%|███▎      | 328/1000 [2:42:26 > 1:20:03]
L-BFGS:  33%|███▎      | 329/1000 [2:42:05 > 1:20:18]
L-BFGS:  33%|███▎      | 330/1000 [2:43:51 > 1:20:33]
L-BFGS:  33%|███▎      | 331/1000 [2:44:54 > 1:20:48]
L-BFGS:  33%|███▎      | 332/1000 [2:43:34 > 1:21:02]
L-BFGS:  33%|███▎      | 333/1000 [2:42:38 > 1:21:17]
L-BFGS:  33%|███▎      | 334/1000 [2:41:53 > 1:21:31]
L-BFGS:  34%|███▎      | 335/1000 [2:43:12 > 1:21:46]
L-BFGS:  34%|███▎      | 336/1000 [2:44:00 > 1:22:01]
L-BFGS:  34%|███▎      | 337/1000 [2:42:38 > 1:22:16]
L-BFGS:  34%|███▍      | 338/1000 [2:43:31 > 1:22:31]
L-BFGS:  34%|███▍      | 339/1000 [2:42:09 > 1:22:45]
L-BFGS:  34%|███▍      | 340/1000 [2:42:44 > 1:23:00]
L-BFGS:  34%|███▍      | 341/1000 [2:43:01 > 1:23:15]
L-BFGS:  34%|███▍      | 342/1000 [2:43:06 > 1:23:30]
L-BFGS:  34%|███▍      | 343/1000 [2:43:04 > 1:23:45]
L-BFGS:  34%|███▍      | 344/1000 [2:43:01 > 1:24:00]
L-BFGS:  34%|███▍      | 345/1000 [2:42:56 > 1:24:15]
L-BFGS:  35%|███▍      | 346/1000 [2:40:51 > 1:24:29]
L-BFGS:  35%|███▍      | 347/1000 [2:41:11 > 1:24:44]
L-BFGS:  35%|███▍      | 348/1000 [2:41:25 > 1:24:59]
L-BFGS:  35%|███▍      | 349/1000 [2:41:26 > 1:25:14]
L-BFGS:  35%|███▌      | 350/1000 [2:41:23 > 1:25:29]
L-BFGS:  35%|███▌      | 351/1000 [2:41:24 > 1:25:44]
L-BFGS:  35%|███▌      | 352/1000 [2:39:20 > 1:25:59]
L-BFGS:  35%|███▌      | 353/1000 [2:37:51 > 1:26:13]
L-BFGS:  35%|███▌      | 354/1000 [2:36:44 > 1:26:27]
L-BFGS:  36%|███▌      | 355/1000 [2:35:56 > 1:26:42]
L-BFGS:  36%|███▌      | 356/1000 [2:35:19 > 1:26:56]
L-BFGS:  36%|███▌      | 357/1000 [2:36:40 > 1:27:11]
L-BFGS:  36%|███▌      | 358/1000 [2:35:58 > 1:27:26]
L-BFGS:  36%|███▌      | 359/1000 [2:35:25 > 1:27:40]
L-BFGS:  36%|███▌      | 360/1000 [2:36:49 > 1:27:55]
L-BFGS:  36%|███▌      | 361/1000 [2:35:51 > 1:28:10]
L-BFGS:  36%|███▌      | 362/1000 [2:36:57 > 1:28:25]
L-BFGS:  36%|███▋      | 363/1000 [2:35:47 > 1:28:39]
L-BFGS:  36%|███▋      | 364/1000 [2:34:57 > 1:28:54]
L-BFGS:  36%|███▋      | 365/1000 [2:34:02 > 1:29:08]
L-BFGS:  37%|███▋      | 366/1000 [2:33:26 > 1:29:22]
L-BFGS:  37%|███▋      | 367/1000 [2:32:53 > 1:29:37]
L-BFGS:  37%|███▋      | 368/1000 [2:34:20 > 1:29:52]
L-BFGS:  37%|███▋      | 369/1000 [2:09:46 > 1:29:59]
L-BFGS:  37%|███▋      | 370/1000 [2:17:59 > 1:30:14]
L-BFGS:  37%|███▋      | 371/1000 [2:23:25 > 1:30:29]
L-BFGS:  37%|███▋      | 372/1000 [2:27:13 > 1:30:44]
L-BFGS:  37%|███▋      | 373/1000 [2:27:56 > 1:30:58]
L-BFGS:  37%|███▋      | 374/1000 [2:30:11 > 1:31:13]
L-BFGS:  38%|███▊      | 375/1000 [2:31:42 > 1:31:28]
L-BFGS:  38%|███▊      | 376/1000 [2:31:03 > 1:31:42]
L-BFGS:  38%|███▊      | 377/1000 [2:30:20 > 1:31:57]
L-BFGS:  38%|███▊      | 378/1000 [2:29:44 > 1:32:11]
L-BFGS:  38%|███▊      | 379/1000 [2:31:00 > 1:32:26]
L-BFGS:  38%|███▊      | 380/1000 [2:31:49 > 1:32:41]
L-BFGS:  38%|███▊      | 381/1000 [2:30:37 > 1:32:55]
L-BFGS:  38%|███▊      | 382/1000 [2:29:37 > 1:33:10]
L-BFGS:  38%|███▊      | 383/1000 [2:28:57 > 1:33:24]
L-BFGS:  38%|███▊      | 384/1000 [2:28:21 > 1:33:39]
L-BFGS:  38%|███▊      | 385/1000 [2:27:50 > 1:33:53]
L-BFGS:  39%|███▊      | 386/1000 [2:29:15 > 1:34:08]
L-BFGS:  39%|███▊      | 387/1000 [2:30:06 > 1:34:23]
L-BFGS:  39%|███▉      | 388/1000 [2:28:56 > 1:34:37]
L-BFGS:  39%|███▉      | 389/1000 [2:30:01 > 1:34:52]
L-BFGS:  39%|███▉      | 390/1000 [2:28:59 > 1:35:07]
L-BFGS:  39%|███▉      | 391/1000 [2:28:07 > 1:35:21]
L-BFGS:  39%|███▉      | 392/1000 [2:27:31 > 1:35:36]
L-BFGS:  39%|███▉      | 393/1000 [2:27:00 > 1:35:50]
L-BFGS:  39%|███▉      | 394/1000 [2:28:18 > 1:36:05]
L-BFGS:  40%|███▉      | 395/1000 [2:27:26 > 1:36:20]
L-BFGS:  40%|███▉      | 396/1000 [2:26:40 > 1:36:34]
L-BFGS:  40%|███▉      | 397/1000 [2:27:51 > 1:36:49]
L-BFGS:  40%|███▉      | 398/1000 [2:26:52 > 1:37:04]
L-BFGS:  40%|███▉      | 399/1000 [2:25:58 > 1:37:18]
L-BFGS:  40%|████      | 400/1000 [2:25:12 > 1:37:32]
L-BFGS:  40%|████      | 401/1000 [2:26:17 > 1:37:47]
L-BFGS:  40%|████      | 402/1000 [2:25:16 > 1:38:02]
L-BFGS:  40%|████      | 403/1000 [2:24:23 > 1:38:16]
L-BFGS:  40%|████      | 404/1000 [2:23:42 > 1:38:30]
L-BFGS:  40%|████      | 405/1000 [2:23:13 > 1:38:45]
L-BFGS:  41%|████      | 406/1000 [2:24:29 > 1:39:00]
L-BFGS:  41%|████      | 407/1000 [2:23:37 > 1:39:14]
L-BFGS:  41%|████      | 408/1000 [2:24:36 > 1:39:29]
L-BFGS:  41%|████      | 409/1000 [2:25:11 > 1:39:44]
L-BFGS:  41%|████      | 410/1000 [2:23:50 > 1:39:58]
L-BFGS:  41%|████      | 411/1000 [2:22:49 > 1:40:13]
L-BFGS:  41%|████      | 412/1000 [2:23:46 > 1:40:28]
L-BFGS:  41%|████▏     | 413/1000 [2:22:40 > 1:40:42]
L-BFGS:  41%|████▏     | 414/1000 [2:23:29 > 1:40:57]
L-BFGS:  42%|████▏     | 415/1000 [2:22:16 > 1:41:11]
L-BFGS:  42%|████▏     | 416/1000 [2:23:01 > 1:41:26]
L-BFGS:  42%|████▏     | 417/1000 [2:23:31 > 1:41:41]
L-BFGS:  42%|████▏     | 418/1000 [2:24:02 > 1:41:56]
L-BFGS:  42%|████▏     | 419/1000 [2:22:41 > 1:42:11]
L-BFGS:  42%|████▏     | 420/1000 [2:23:21 > 1:42:26]
L-BFGS:  42%|████▏     | 421/1000 [2:23:44 > 1:42:41]
L-BFGS:  42%|████▏     | 422/1000 [2:22:16 > 1:42:55]
L-BFGS:  42%|████▏     | 423/1000 [2:22:49 > 1:43:10]
L-BFGS:  42%|████▏     | 424/1000 [2:23:10 > 1:43:26]
L-BFGS:  42%|████▎     | 425/1000 [2:23:16 > 1:43:41]
L-BFGS:  43%|████▎     | 426/1000 [2:21:40 > 1:43:55]
L-BFGS:  43%|████▎     | 427/1000 [2:20:28 > 1:44:09]
L-BFGS:  43%|████▎     | 428/1000 [2:21:11 > 1:44:25]
L-BFGS:  43%|████▎     | 429/1000 [2:19:42 > 1:44:39]
L-BFGS:  43%|████▎     | 430/1000 [2:20:10 > 1:44:54]
L-BFGS:  43%|████▎     | 431/1000 [2:18:53 > 1:45:08]
L-BFGS:  43%|████▎     | 432/1000 [2:17:56 > 1:45:23]
L-BFGS:  43%|████▎     | 433/1000 [2:18:44 > 1:45:38]
L-BFGS:  43%|████▎     | 434/1000 [2:17:33 > 1:45:52]
L-BFGS:  44%|████▎     | 435/1000 [2:18:21 > 1:46:07]
L-BFGS:  44%|████▎     | 436/1000 [2:17:14 > 1:46:21]
L-BFGS:  44%|████▎     | 437/1000 [2:18:00 > 1:46:36]
L-BFGS:  44%|████▍     | 438/1000 [2:18:27 > 1:46:51]
L-BFGS:  44%|████▍     | 439/1000 [2:17:05 > 1:47:06]
L-BFGS:  44%|████▍     | 440/1000 [2:16:03 > 1:47:20]
L-BFGS:  44%|████▍     | 441/1000 [2:15:17 > 1:47:34]
L-BFGS:  44%|████▍     | 442/1000 [2:14:38 > 1:47:49]
L-BFGS:  44%|████▍     | 443/1000 [2:15:38 > 1:48:04]
L-BFGS:  44%|████▍     | 444/1000 [2:14:48 > 1:48:18]
L-BFGS:  44%|████▍     | 445/1000 [2:14:02 > 1:48:32]
L-BFGS:  45%|████▍     | 446/1000 [1:54:25 > 1:48:40]
L-BFGS:  45%|████▍     | 447/1000 [1:59:46 > 1:48:54]
L-BFGS:  45%|████▍     | 448/1000 [2:03:36 > 1:49:09]
L-BFGS:  45%|████▍     | 449/1000 [2:06:15 > 1:49:23]
L-BFGS:  45%|████▌     | 450/1000 [2:09:40 > 1:49:38]
L-BFGS:  45%|████▌     | 451/1000 [2:11:55 > 1:49:53]
L-BFGS:  45%|████▌     | 452/1000 [2:13:23 > 1:50:08]
L-BFGS:  45%|████▌     | 453/1000 [2:12:47 > 1:50:23]
L-BFGS:  45%|████▌     | 454/1000 [2:12:20 > 1:50:37]
L-BFGS:  46%|████▌     | 455/1000 [2:11:54 > 1:50:52]
L-BFGS:  46%|████▌     | 456/1000 [2:11:31 > 1:51:06]
L-BFGS:  46%|████▌     | 457/1000 [1:58:38 > 1:51:16]
L-BFGS:  46%|████▌     | 458/1000 [1:29:09 > 1:51:18]
L-BFGS:  46%|████▌     | 459/1000 [1:17:57 > 1:51:24]
L-BFGS:  46%|████▌     | 460/1000 [1:33:20 > 1:51:39]
L-BFGS:  46%|████▌     | 461/1000 [1:43:53 > 1:51:53]
L-BFGS:  46%|████▌     | 462/1000 [1:23:27 > 1:51:57]
L-BFGS:  46%|████▋     | 463/1000 [1:38:25 > 1:52:12]
L-BFGS:  46%|████▋     | 464/1000 [1:22:36 > 1:52:17]
L-BFGS:  46%|████▋     | 465/1000 [1:36:09 > 1:52:32]
L-BFGS:  47%|████▋     | 466/1000 [1:47:06 > 1:52:46]
L-BFGS:  47%|████▋     | 467/1000 [1:30:10 > 1:52:52]
L-BFGS:  47%|████▋     | 468/1000 [1:41:13 > 1:53:07]
L-BFGS:  47%|████▋     | 469/1000 [1:48:53 > 1:53:21]
L-BFGS:  47%|████▋     | 470/1000 [1:54:11 > 1:53:35]
L-BFGS:  47%|████▋     | 471/1000 [1:59:18 > 1:53:50]
L-BFGS:  47%|████▋     | 472/1000 [2:01:22 > 1:54:05]
L-BFGS:  47%|████▋     | 473/1000 [2:02:38 > 1:54:19]
L-BFGS:  47%|████▋     | 474/1000 [2:03:31 > 1:54:33]
L-BFGS:  48%|████▊     | 475/1000 [2:05:30 > 1:54:48]
L-BFGS:  48%|████▊     | 476/1000 [2:06:43 > 1:55:03]
L-BFGS:  48%|████▊     | 477/1000 [2:06:06 > 1:55:18]
L-BFGS:  48%|████▊     | 478/1000 [2:07:03 > 1:55:33]
L-BFGS:  48%|████▊     | 479/1000 [2:06:11 > 1:55:47]
L-BFGS:  48%|████▊     | 480/1000 [2:07:10 > 1:56:02]
L-BFGS:  48%|████▊     | 481/1000 [2:06:23 > 1:56:16]
L-BFGS:  48%|████▊     | 482/1000 [2:02:43 > 1:56:30]
L-BFGS:  48%|████▊     | 483/1000 [2:03:14 > 1:56:44]
L-BFGS:  48%|████▊     | 484/1000 [2:04:54 > 1:56:59]
L-BFGS:  48%|████▊     | 485/1000 [2:06:00 > 1:57:14]
L-BFGS:  49%|████▊     | 486/1000 [2:05:13 > 1:57:29]
L-BFGS:  49%|████▊     | 487/1000 [2:04:41 > 1:57:43]
L-BFGS:  49%|████▉     | 488/1000 [2:05:38 > 1:57:58]
L-BFGS:  49%|████▉     | 489/1000 [2:06:11 > 1:58:13]
L-BFGS:  49%|████▉     | 490/1000 [2:05:03 > 1:58:28]
L-BFGS:  49%|████▉     | 491/1000 [2:04:06 > 1:58:42]
L-BFGS:  49%|████▉     | 492/1000 [2:04:39 > 1:58:57]
L-BFGS:  49%|████▉     | 493/1000 [2:03:32 > 1:59:12]
L-BFGS:  49%|████▉     | 494/1000 [2:04:06 > 1:59:27]
L-BFGS:  50%|████▉     | 495/1000 [2:04:26 > 1:59:41]
L-BFGS:  50%|████▉     | 496/1000 [2:04:35 > 1:59:56]
L-BFGS:  50%|████▉     | 497/1000 [2:03:10 > 2:00:11]
L-BFGS:  50%|████▉     | 498/1000 [2:02:08 > 2:00:25]
L-BFGS:  50%|████▉     | 499/1000 [2:01:22 > 2:00:40]
L-BFGS:  50%|█████     | 500/1000 [2:02:10 > 2:00:54]
L-BFGS:  50%|█████     | 501/1000 [1:38:13 > 2:01:00]
L-BFGS:  50%|█████     | 502/1000 [1:45:51 > 2:01:15]
L-BFGS:  50%|█████     | 503/1000 [1:49:43 > 2:01:29]
L-BFGS:  50%|█████     | 504/1000 [1:52:18 > 2:01:43]
L-BFGS:  50%|█████     | 505/1000 [1:55:27 > 2:01:58]
L-BFGS:  51%|█████     | 506/1000 [1:57:37 > 2:02:13]
L-BFGS:  51%|█████     | 507/1000 [1:57:36 > 2:02:28]
L-BFGS:  51%|█████     | 508/1000 [1:57:32 > 2:02:42]
L-BFGS:  51%|█████     | 509/1000 [1:57:29 > 2:02:56]
L-BFGS:  51%|█████     | 510/1000 [1:57:26 > 2:03:11]
L-BFGS:  51%|█████     | 511/1000 [1:57:25 > 2:03:25]
L-BFGS:  51%|█████     | 512/1000 [1:58:47 > 2:03:40]
L-BFGS:  51%|█████▏    | 513/1000 [1:58:10 > 2:03:55]
L-BFGS:  51%|█████▏    | 514/1000 [1:57:44 > 2:04:09]
L-BFGS:  52%|█████▏    | 515/1000 [1:57:20 > 2:04:24]
L-BFGS:  52%|█████▏    | 516/1000 [1:56:58 > 2:04:38]
L-BFGS:  52%|█████▏    | 517/1000 [1:46:51 > 2:04:49]
L-BFGS:  52%|█████▏    | 518/1000 [1:17:26 > 2:04:50]
L-BFGS:  52%|█████▏    | 519/1000 [59:39 > 2:04:52]  
L-BFGS:  52%|█████▏    | 520/1000 [48:37 > 2:04:55]
L-BFGS:  52%|█████▏    | 521/1000 [49:13 > 2:05:01]
L-BFGS:  52%|█████▏    | 522/1000 [1:10:21 > 2:05:17]
L-BFGS:  52%|█████▏    | 523/1000 [1:25:05 > 2:05:32]
L-BFGS:  52%|█████▏    | 524/1000 [1:06:19 > 2:05:34]
L-BFGS:  52%|█████▎    | 525/1000 [1:22:03 > 2:05:50]
L-BFGS:  53%|█████▎    | 526/1000 [1:32:44 > 2:06:04]
L-BFGS:  53%|█████▎    | 527/1000 [1:40:05 > 2:06:19]
L-BFGS:  53%|█████▎    | 528/1000 [1:45:11 > 2:06:34]
L-BFGS:  53%|█████▎    | 529/1000 [1:47:18 > 2:06:49]
L-BFGS:  53%|█████▎    | 530/1000 [1:48:45 > 2:07:03]
L-BFGS:  53%|█████▎    | 531/1000 [1:49:43 > 2:07:17]
L-BFGS:  53%|█████▎    | 532/1000 [1:51:38 > 2:07:32]
L-BFGS:  53%|█████▎    | 533/1000 [1:51:32 > 2:07:47]
L-BFGS:  53%|█████▎    | 534/1000 [1:52:46 > 2:08:02]
L-BFGS:  54%|█████▎    | 535/1000 [1:52:12 > 2:08:16]
L-BFGS:  54%|█████▎    | 536/1000 [1:53:02 > 2:08:31]
L-BFGS:  54%|█████▎    | 537/1000 [1:52:18 > 2:08:46]
L-BFGS:  54%|█████▍    | 538/1000 [1:53:01 > 2:09:00]
L-BFGS:  54%|█████▍    | 539/1000 [1:53:21 > 2:09:15]
L-BFGS:  54%|█████▍    | 540/1000 [1:32:23 > 2:09:21]
L-BFGS:  54%|█████▍    | 541/1000 [1:38:51 > 2:09:36]
L-BFGS:  54%|█████▍    | 542/1000 [1:41:56 > 2:09:50]
L-BFGS:  54%|█████▍    | 543/1000 [1:45:21 > 2:10:05]
L-BFGS:  54%|█████▍    | 544/1000 [1:46:30 > 2:10:20]
L-BFGS:  55%|█████▍    | 545/1000 [1:30:12 > 2:10:27]
L-BFGS:  55%|█████▍    | 546/1000 [1:35:51 > 2:10:41]
L-BFGS:  55%|█████▍    | 547/1000 [1:39:43 > 2:10:56]
L-BFGS:  55%|█████▍    | 548/1000 [1:42:22 > 2:11:10]
L-BFGS:  55%|█████▍    | 549/1000 [1:45:27 > 2:11:25]
L-BFGS:  55%|█████▌    | 550/1000 [1:46:13 > 2:11:40]
L-BFGS:  55%|█████▌    | 551/1000 [1:47:58 > 2:11:55]
L-BFGS:  55%|█████▌    | 552/1000 [1:49:04 > 2:12:10]
L-BFGS:  55%|█████▌    | 553/1000 [1:48:33 > 2:12:24]
L-BFGS:  55%|█████▌    | 554/1000 [1:49:23 > 2:12:39]
L-BFGS:  56%|█████▌    | 555/1000 [1:49:51 > 2:12:54]
L-BFGS:  56%|█████▌    | 556/1000 [1:49:56 > 2:13:09]
L-BFGS:  56%|█████▌    | 557/1000 [1:49:52 > 2:13:24]
L-BFGS:  56%|█████▌    | 558/1000 [1:49:45 > 2:13:39]
L-BFGS:  56%|█████▌    | 559/1000 [1:22:58 > 2:13:42]
L-BFGS:  56%|█████▌    | 560/1000 [1:30:49 > 2:13:57]
L-BFGS:  56%|█████▌    | 561/1000 [1:34:57 > 2:14:11]
L-BFGS:  56%|█████▌    | 562/1000 [1:39:07 > 2:14:26]
L-BFGS:  56%|█████▋    | 563/1000 [1:40:38 > 2:14:41]
L-BFGS:  56%|█████▋    | 564/1000 [1:41:37 > 2:14:55]
L-BFGS:  56%|█████▋    | 565/1000 [1:43:33 > 2:15:10]
L-BFGS:  57%|█████▋    | 566/1000 [1:36:00 > 2:15:21]
L-BFGS:  57%|█████▋    | 567/1000 [1:39:27 > 2:15:36]
L-BFGS:  57%|█████▋    | 568/1000 [1:40:31 > 2:15:50]
L-BFGS:  57%|█████▋    | 569/1000 [1:42:26 > 2:16:05]
L-BFGS:  57%|█████▋    | 570/1000 [1:42:25 > 2:16:20]
L-BFGS:  57%|█████▋    | 571/1000 [1:43:36 > 2:16:35]
L-BFGS:  57%|█████▋    | 572/1000 [1:34:31 > 2:16:45]
L-BFGS:  57%|█████▋    | 573/1000 [1:08:28 > 2:16:46]
L-BFGS:  57%|█████▋    | 574/1000 [55:09 > 2:16:50]  
L-BFGS:  57%|█████▊    | 575/1000 [40:57 > 2:16:51]
L-BFGS:  58%|█████▊    | 576/1000 [1:00:15 > 2:17:06]
L-BFGS:  58%|█████▊    | 577/1000 [1:13:47 > 2:17:21]
L-BFGS:  58%|█████▊    | 578/1000 [1:23:17 > 2:17:36]
L-BFGS:  58%|█████▊    | 579/1000 [1:28:39 > 2:17:50]
L-BFGS:  58%|█████▊    | 580/1000 [1:33:31 > 2:18:05]
L-BFGS:  58%|█████▊    | 581/1000 [1:36:53 > 2:18:20]
L-BFGS:  58%|█████▊    | 582/1000 [1:39:07 > 2:18:35]
L-BFGS:  58%|█████▊    | 583/1000 [1:39:22 > 2:18:50]
L-BFGS:  58%|█████▊    | 584/1000 [1:39:29 > 2:19:04]
L-BFGS:  58%|█████▊    | 585/1000 [1:40:41 > 2:19:19]
L-BFGS:  59%|█████▊    | 586/1000 [1:41:30 > 2:19:34]
L-BFGS:  59%|█████▊    | 587/1000 [1:40:45 > 2:19:49]
L-BFGS:  59%|█████▉    | 588/1000 [1:40:02 > 2:20:03]
L-BFGS:  59%|█████▉    | 589/1000 [1:39:22 > 2:20:18]
L-BFGS:  59%|█████▉    | 590/1000 [1:38:52 > 2:20:32]
L-BFGS:  59%|█████▉    | 591/1000 [1:39:35 > 2:20:47]
L-BFGS:  59%|█████▉    | 592/1000 [1:40:02 > 2:21:02]
L-BFGS:  59%|█████▉    | 593/1000 [1:40:13 > 2:21:17]
L-BFGS:  59%|█████▉    | 594/1000 [1:40:20 > 2:21:32]
L-BFGS:  60%|█████▉    | 595/1000 [1:39:08 > 2:21:46]
L-BFGS:  60%|█████▉    | 596/1000 [1:38:17 > 2:22:01]
L-BFGS:  60%|█████▉    | 597/1000 [1:32:58 > 2:22:13]
L-BFGS:  60%|█████▉    | 598/1000 [1:34:58 > 2:22:28]
L-BFGS:  60%|█████▉    | 599/1000 [1:36:17 > 2:22:43]
L-BFGS:  60%|██████    | 600/1000 [1:37:07 > 2:22:58]
L-BFGS:  60%|██████    | 601/1000 [1:36:30 > 2:23:12]
L-BFGS:  60%|██████    | 602/1000 [1:37:09 > 2:23:27]
L-BFGS:  60%|██████    | 603/1000 [1:37:35 > 2:23:42]
L-BFGS:  60%|██████    | 604/1000 [1:36:34 > 2:23:56]
L-BFGS:  60%|██████    | 605/1000 [1:35:50 > 2:24:11]
L-BFGS:  61%|██████    | 606/1000 [1:35:15 > 2:24:25]
L-BFGS:  61%|██████    | 607/1000 [1:34:55 > 2:24:39]
L-BFGS:  61%|██████    | 608/1000 [1:34:37 > 2:24:54]
L-BFGS:  61%|██████    | 609/1000 [1:35:28 > 2:25:09]
L-BFGS:  61%|██████    | 610/1000 [1:36:00 > 2:25:24]
L-BFGS:  61%|██████    | 611/1000 [1:25:02 > 2:25:33]
L-BFGS:  61%|██████    | 612/1000 [1:27:26 > 2:25:48]
L-BFGS:  61%|██████▏   | 613/1000 [1:29:05 > 2:26:02]
L-BFGS:  61%|██████▏   | 614/1000 [1:30:06 > 2:26:17]
L-BFGS:  62%|██████▏   | 615/1000 [1:31:53 > 2:26:32]
L-BFGS:  62%|██████▏   | 616/1000 [1:07:28 > 2:26:33]
L-BFGS:  62%|██████▏   | 617/1000 [1:15:55 > 2:26:49]
L-BFGS:  62%|██████▏   | 618/1000 [1:20:39 > 2:27:03]
L-BFGS:  62%|██████▏   | 619/1000 [1:24:49 > 2:27:18]
L-BFGS:  62%|██████▏   | 620/1000 [1:26:35 > 2:27:32]
L-BFGS:  62%|██████▏   | 621/1000 [1:27:43 > 2:27:47]
L-BFGS:  62%|██████▏   | 622/1000 [1:29:31 > 2:28:02]
L-BFGS:  62%|██████▏   | 623/1000 [1:29:37 > 2:28:16]
L-BFGS:  62%|██████▏   | 624/1000 [1:29:36 > 2:28:30]
L-BFGS:  62%|██████▎   | 625/1000 [1:30:36 > 2:28:45]
L-BFGS:  63%|██████▎   | 626/1000 [1:30:11 > 2:29:00]
L-BFGS:  63%|██████▎   | 627/1000 [1:29:48 > 2:29:14]
L-BFGS:  63%|██████▎   | 628/1000 [1:29:25 > 2:29:29]
L-BFGS:  63%|██████▎   | 629/1000 [1:29:06 > 2:29:43]
L-BFGS:  63%|██████▎   | 630/1000 [1:29:50 > 2:29:58]
L-BFGS:  63%|██████▎   | 631/1000 [1:30:19 > 2:30:13]
L-BFGS:  63%|██████▎   | 632/1000 [1:30:34 > 2:30:28]
L-BFGS:  63%|██████▎   | 633/1000 [1:25:22 > 2:30:40]
L-BFGS:  63%|██████▎   | 634/1000 [1:26:54 > 2:30:55]
L-BFGS:  64%|██████▎   | 635/1000 [1:26:54 > 2:31:09]
L-BFGS:  64%|██████▎   | 636/1000 [1:27:53 > 2:31:24]
L-BFGS:  64%|██████▎   | 637/1000 [1:27:35 > 2:31:39]
L-BFGS:  64%|██████▍   | 638/1000 [1:27:20 > 2:31:53]
L-BFGS:  64%|██████▍   | 639/1000 [1:15:35 > 2:32:01]
L-BFGS:  64%|██████▍   | 640/1000 [1:18:49 > 2:32:16]
L-BFGS:  64%|██████▍   | 641/1000 [1:22:01 > 2:32:31]
L-BFGS:  64%|██████▍   | 642/1000 [1:18:00 > 2:32:42]
L-BFGS:  64%|██████▍   | 643/1000 [1:20:19 > 2:32:57]
L-BFGS:  64%|██████▍   | 644/1000 [1:02:15 > 2:33:00]
L-BFGS:  64%|██████▍   | 645/1000 [1:09:09 > 2:33:15]
L-BFGS:  65%|██████▍   | 646/1000 [1:13:54 > 2:33:29]
L-BFGS:  65%|██████▍   | 647/1000 [1:18:07 > 2:33:44]
L-BFGS:  65%|██████▍   | 648/1000 [1:19:58 > 2:33:59]
L-BFGS:  65%|██████▍   | 649/1000 [1:04:56 > 2:34:04]
L-BFGS:  65%|██████▌   | 650/1000 [1:10:27 > 2:34:18]
L-BFGS:  65%|██████▌   | 651/1000 [1:14:14 > 2:34:33]
L-BFGS:  65%|██████▌   | 652/1000 [1:16:52 > 2:34:47]
L-BFGS:  65%|██████▌   | 653/1000 [1:11:39 > 2:34:57]
L-BFGS:  65%|██████▌   | 654/1000 [1:14:53 > 2:35:12]
L-BFGS:  66%|██████▌   | 655/1000 [1:17:02 > 2:35:26]
L-BFGS:  66%|██████▌   | 656/1000 [57:43 > 2:35:28]  
L-BFGS:  66%|██████▌   | 657/1000 [45:12 > 2:35:31]
L-BFGS:  66%|██████▌   | 658/1000 [40:22 > 2:35:36]
L-BFGS:  66%|██████▌   | 659/1000 [52:39 > 2:35:51]
L-BFGS:  66%|██████▌   | 660/1000 [1:02:11 > 2:36:06]
L-BFGS:  66%|██████▌   | 661/1000 [1:08:45 > 2:36:21]
L-BFGS:  66%|██████▌   | 662/1000 [57:42 > 2:36:27]  
L-BFGS:  66%|██████▋   | 663/1000 [1:04:29 > 2:36:41]
L-BFGS:  66%|██████▋   | 664/1000 [59:28 > 2:36:49]  
L-BFGS:  66%|██████▋   | 665/1000 [1:05:38 > 2:37:04]
L-BFGS:  67%|██████▋   | 666/1000 [1:09:47 > 2:37:18]
L-BFGS:  67%|██████▋   | 667/1000 [1:12:37 > 2:37:33]
L-BFGS:  67%|██████▋   | 668/1000 [1:15:29 > 2:37:48]
L-BFGS:  67%|██████▋   | 669/1000 [1:17:28 > 2:38:03]
L-BFGS:  67%|██████▋   | 670/1000 [1:05:26 > 2:38:09]
L-BFGS:  67%|██████▋   | 671/1000 [1:09:20 > 2:38:24]
L-BFGS:  67%|██████▋   | 672/1000 [1:12:05 > 2:38:38]
L-BFGS:  67%|██████▋   | 673/1000 [1:13:57 > 2:38:53]
L-BFGS:  67%|██████▋   | 674/1000 [1:16:09 > 2:39:08]
L-BFGS:  68%|██████▊   | 675/1000 [1:17:37 > 2:39:23]
L-BFGS:  68%|██████▊   | 676/1000 [1:18:33 > 2:39:38]
L-BFGS:  68%|██████▊   | 677/1000 [59:28 > 2:39:41]  
L-BFGS:  68%|██████▊   | 678/1000 [1:05:42 > 2:39:56]
L-BFGS:  68%|██████▊   | 679/1000 [1:09:06 > 2:40:10]
L-BFGS:  68%|██████▊   | 680/1000 [1:07:39 > 2:40:22]
L-BFGS:  68%|██████▊   | 681/1000 [1:00:09 > 2:40:31]
L-BFGS:  68%|██████▊   | 682/1000 [1:04:58 > 2:40:45]
L-BFGS:  68%|██████▊   | 683/1000 [1:09:12 > 2:41:00]
L-BFGS:  68%|██████▊   | 684/1000 [1:11:04 > 2:41:15]
L-BFGS:  68%|██████▊   | 685/1000 [1:13:06 > 2:41:29]
L-BFGS:  69%|██████▊   | 686/1000 [1:13:33 > 2:41:44]
L-BFGS:  69%|██████▊   | 687/1000 [1:14:44 > 2:41:59]
L-BFGS:  69%|██████▉   | 688/1000 [1:15:30 > 2:42:14]
L-BFGS:  69%|██████▉   | 689/1000 [1:06:04 > 2:42:22]
L-BFGS:  69%|██████▉   | 690/1000 [1:09:17 > 2:42:37]
L-BFGS:  69%|██████▉   | 691/1000 [1:10:32 > 2:42:52]
L-BFGS:  69%|██████▉   | 692/1000 [1:11:22 > 2:43:06]
L-BFGS:  69%|██████▉   | 693/1000 [1:12:47 > 2:43:21]
L-BFGS:  69%|██████▉   | 694/1000 [1:12:49 > 2:43:35]
L-BFGS:  70%|██████▉   | 695/1000 [1:00:28 > 2:43:42]
L-BFGS:  70%|██████▉   | 696/1000 [47:26 > 2:43:45]  
L-BFGS:  70%|██████▉   | 697/1000 [36:34 > 2:43:48]
L-BFGS:  70%|██████▉   | 698/1000 [47:13 > 2:44:02]
L-BFGS:  70%|██████▉   | 699/1000 [48:31 > 2:44:12]
L-BFGS:  70%|███████   | 700/1000 [56:16 > 2:44:27]
L-BFGS:  70%|███████   | 701/1000 [1:01:36 > 2:44:42]
L-BFGS:  70%|███████   | 702/1000 [1:04:23 > 2:44:57]
L-BFGS:  70%|███████   | 703/1000 [1:06:16 > 2:45:11]
L-BFGS:  70%|███████   | 704/1000 [1:07:30 > 2:45:25]
L-BFGS:  70%|███████   | 705/1000 [58:58 > 2:45:33]  
L-BFGS:  71%|███████   | 706/1000 [1:02:24 > 2:45:48]
L-BFGS:  71%|███████   | 707/1000 [1:04:44 > 2:46:02]
L-BFGS:  71%|███████   | 708/1000 [1:07:07 > 2:46:17]
L-BFGS:  71%|███████   | 709/1000 [1:08:45 > 2:46:32]
L-BFGS:  71%|███████   | 710/1000 [52:09 > 2:46:35]  
L-BFGS:  71%|███████   | 711/1000 [58:08 > 2:46:50]
L-BFGS:  71%|███████   | 712/1000 [1:02:14 > 2:47:05]
L-BFGS:  71%|███████▏  | 713/1000 [1:04:59 > 2:47:20]
L-BFGS:  71%|███████▏  | 714/1000 [1:04:21 > 2:47:34]
L-BFGS:  72%|███████▏  | 715/1000 [1:01:23 > 2:47:45]
L-BFGS:  72%|███████▏  | 716/1000 [1:03:24 > 2:48:00]
L-BFGS:  72%|███████▏  | 717/1000 [1:05:31 > 2:48:15]
L-BFGS:  72%|███████▏  | 718/1000 [1:06:47 > 2:48:30]
L-BFGS:  72%|███████▏  | 719/1000 [1:07:37 > 2:48:45]
L-BFGS:  72%|███████▏  | 720/1000 [1:08:07 > 2:49:00]
L-BFGS:  72%|███████▏  | 721/1000 [1:08:24 > 2:49:15]
L-BFGS:  72%|███████▏  | 722/1000 [1:08:29 > 2:49:30]
L-BFGS:  72%|███████▏  | 723/1000 [1:08:28 > 2:49:45]
L-BFGS:  72%|███████▏  | 724/1000 [1:08:22 > 2:50:00]
L-BFGS:  72%|███████▎  | 725/1000 [1:08:14 > 2:50:15]
L-BFGS:  73%|███████▎  | 726/1000 [1:08:07 > 2:50:29]
L-BFGS:  73%|███████▎  | 727/1000 [1:07:06 > 2:50:44]
L-BFGS:  73%|███████▎  | 728/1000 [1:06:21 > 2:50:58]
L-BFGS:  73%|███████▎  | 729/1000 [59:31 > 2:51:08]  
L-BFGS:  73%|███████▎  | 730/1000 [59:21 > 2:51:21]
L-BFGS:  73%|███████▎  | 731/1000 [1:01:29 > 2:51:36]
L-BFGS:  73%|███████▎  | 732/1000 [1:02:07 > 2:51:51]
L-BFGS:  73%|███████▎  | 733/1000 [1:02:33 > 2:52:05]
L-BFGS:  73%|███████▎  | 734/1000 [1:02:43 > 2:52:19]
L-BFGS:  74%|███████▎  | 735/1000 [1:02:46 > 2:52:34]
L-BFGS:  74%|███████▎  | 736/1000 [1:03:37 > 2:52:49]
L-BFGS:  74%|███████▎  | 737/1000 [1:03:28 > 2:53:03]
L-BFGS:  74%|███████▍  | 738/1000 [1:03:57 > 2:53:18]
L-BFGS:  74%|███████▍  | 739/1000 [1:03:31 > 2:53:33]
L-BFGS:  74%|███████▍  | 740/1000 [1:03:50 > 2:53:48]
L-BFGS:  74%|███████▍  | 741/1000 [1:03:16 > 2:54:02]
L-BFGS:  74%|███████▍  | 742/1000 [48:36 > 2:54:06]  
L-BFGS:  74%|███████▍  | 743/1000 [53:13 > 2:54:21]
L-BFGS:  74%|███████▍  | 744/1000 [52:40 > 2:54:33]
L-BFGS:  74%|███████▍  | 745/1000 [55:10 > 2:54:47]
L-BFGS:  75%|███████▍  | 746/1000 [55:22 > 2:55:01]
L-BFGS:  75%|███████▍  | 747/1000 [57:38 > 2:55:16]
L-BFGS:  75%|███████▍  | 748/1000 [59:04 > 2:55:31]
L-BFGS:  75%|███████▍  | 749/1000 [59:55 > 2:55:46]
L-BFGS:  75%|███████▌  | 750/1000 [59:44 > 2:56:00]
L-BFGS:  75%|███████▌  | 751/1000 [1:00:16 > 2:56:15]
L-BFGS:  75%|███████▌  | 752/1000 [58:25 > 2:56:28]  
L-BFGS:  75%|███████▌  | 753/1000 [59:09 > 2:56:43]
L-BFGS:  75%|███████▌  | 754/1000 [51:50 > 2:56:52]
L-BFGS:  76%|███████▌  | 755/1000 [42:27 > 2:56:57]
L-BFGS:  76%|███████▌  | 756/1000 [47:09 > 2:57:11]
L-BFGS:  76%|███████▌  | 757/1000 [44:44 > 2:57:21]
L-BFGS:  76%|███████▌  | 758/1000 [49:18 > 2:57:36]
L-BFGS:  76%|███████▌  | 759/1000 [51:41 > 2:57:50]
L-BFGS:  76%|███████▌  | 760/1000 [40:09 > 2:57:54]
L-BFGS:  76%|███████▌  | 761/1000 [34:51 > 2:58:00]
L-BFGS:  76%|███████▌  | 762/1000 [42:05 > 2:58:15]
L-BFGS:  76%|███████▋  | 763/1000 [47:03 > 2:58:30]
L-BFGS:  76%|███████▋  | 764/1000 [50:25 > 2:58:44]
L-BFGS:  76%|███████▋  | 765/1000 [36:29 > 2:58:46]
L-BFGS:  77%|███████▋  | 766/1000 [42:57 > 2:59:01]
L-BFGS:  77%|███████▋  | 767/1000 [46:42 > 2:59:15]
L-BFGS:  77%|███████▋  | 768/1000 [43:13 > 2:59:24]
L-BFGS:  77%|███████▋  | 769/1000 [47:22 > 2:59:39]
L-BFGS:  77%|███████▋  | 770/1000 [50:16 > 2:59:54]
L-BFGS:  77%|███████▋  | 771/1000 [41:41 > 3:00:00]
L-BFGS:  77%|███████▋  | 772/1000 [33:00 > 3:00:03]
L-BFGS:  77%|███████▋  | 773/1000 [24:58 > 3:00:05]
L-BFGS:  77%|███████▋  | 774/1000 [23:56 > 3:00:11]
L-BFGS:  78%|███████▊  | 775/1000 [25:48 > 3:00:19]
L-BFGS:  78%|███████▊  | 776/1000 [32:14 > 3:00:32]
L-BFGS:  78%|███████▊  | 777/1000 [29:33 > 3:00:38]
L-BFGS:  78%|███████▊  | 778/1000 [26:22 > 3:00:43]
L-BFGS:  78%|███████▊  | 779/1000 [31:48 > 3:00:55]
L-BFGS:  78%|███████▊  | 780/1000 [24:42 > 3:00:58]
L-BFGS:  78%|███████▊  | 781/1000 [33:02 > 3:01:12]
L-BFGS:  78%|███████▊  | 782/1000 [25:33 > 3:01:15]
L-BFGS:  78%|███████▊  | 783/1000 [24:06 > 3:01:20]
L-BFGS:  78%|███████▊  | 784/1000 [23:02 > 3:01:26]
L-BFGS:  78%|███████▊  | 785/1000 [20:24 > 3:01:30]
L-BFGS:  79%|███████▊  | 786/1000 [29:42 > 3:01:45]
L-BFGS:  79%|███████▊  | 787/1000 [36:43 > 3:02:00]
L-BFGS:  79%|███████▉  | 788/1000 [40:54 > 3:02:14]
L-BFGS:  79%|███████▉  | 789/1000 [43:44 > 3:02:29]
L-BFGS:  79%|███████▉  | 790/1000 [46:09 > 3:02:44]
L-BFGS:  79%|███████▉  | 791/1000 [47:11 > 3:02:58]
L-BFGS:  79%|███████▉  | 792/1000 [48:24 > 3:03:13]
L-BFGS:  79%|███████▉  | 793/1000 [49:12 > 3:03:28]
L-BFGS:  79%|███████▉  | 794/1000 [49:04 > 3:03:42]
L-BFGS:  80%|███████▉  | 795/1000 [48:55 > 3:03:57]
L-BFGS:  80%|███████▉  | 796/1000 [48:44 > 3:04:11]
L-BFGS:  80%|███████▉  | 797/1000 [48:32 > 3:04:25]
L-BFGS:  80%|███████▉  | 798/1000 [48:54 > 3:04:40]
L-BFGS:  80%|███████▉  | 799/1000 [41:34 > 3:04:48]
L-BFGS:  80%|████████  | 800/1000 [30:40 > 3:04:49]
L-BFGS:  80%|████████  | 801/1000 [23:39 > 3:04:52]
L-BFGS:  80%|████████  | 802/1000 [30:41 > 3:05:06]
L-BFGS:  80%|████████  | 803/1000 [35:32 > 3:05:20]
L-BFGS:  80%|████████  | 804/1000 [38:49 > 3:05:35]
L-BFGS:  80%|████████  | 805/1000 [41:36 > 3:05:50]
L-BFGS:  81%|████████  | 806/1000 [39:00 > 3:06:00]
L-BFGS:  81%|████████  | 807/1000 [41:00 > 3:06:14]
L-BFGS:  81%|████████  | 808/1000 [42:56 > 3:06:29]
L-BFGS:  81%|████████  | 809/1000 [43:37 > 3:06:44]
L-BFGS:  81%|████████  | 810/1000 [34:44 > 3:06:48]
L-BFGS:  81%|████████  | 811/1000 [38:24 > 3:07:03]
L-BFGS:  81%|████████  | 812/1000 [40:53 > 3:07:19]
L-BFGS:  81%|████████▏ | 813/1000 [42:32 > 3:07:34]
L-BFGS:  81%|████████▏ | 814/1000 [43:04 > 3:07:48]
L-BFGS:  82%|████████▏ | 815/1000 [43:56 > 3:08:03]
L-BFGS:  82%|████████▏ | 816/1000 [44:24 > 3:08:18]
L-BFGS:  82%|████████▏ | 817/1000 [44:43 > 3:08:33]
L-BFGS:  82%|████████▏ | 818/1000 [44:19 > 3:08:48]
L-BFGS:  82%|████████▏ | 819/1000 [33:28 > 3:08:51]
L-BFGS:  82%|████████▏ | 820/1000 [36:50 > 3:09:06]
L-BFGS:  82%|████████▏ | 821/1000 [38:04 > 3:09:20]
L-BFGS:  82%|████████▏ | 822/1000 [39:22 > 3:09:34]
L-BFGS:  82%|████████▏ | 823/1000 [31:58 > 3:09:39]
L-BFGS:  82%|████████▏ | 824/1000 [35:24 > 3:09:54]
L-BFGS:  82%|████████▎ | 825/1000 [29:10 > 3:09:59]
L-BFGS:  83%|████████▎ | 826/1000 [33:18 > 3:10:14]
L-BFGS:  83%|████████▎ | 827/1000 [29:38 > 3:10:22]
L-BFGS:  83%|████████▎ | 828/1000 [33:30 > 3:10:37]
L-BFGS:  83%|████████▎ | 829/1000 [32:08 > 3:10:47]
L-BFGS:  83%|████████▎ | 830/1000 [35:05 > 3:11:02]
L-BFGS:  83%|████████▎ | 831/1000 [36:34 > 3:11:16]
L-BFGS:  83%|████████▎ | 832/1000 [38:00 > 3:11:31]
L-BFGS:  83%|████████▎ | 833/1000 [38:26 > 3:11:46]
L-BFGS:  83%|████████▎ | 834/1000 [38:39 > 3:12:00]
L-BFGS:  84%|████████▎ | 835/1000 [38:44 > 3:12:14]
L-BFGS:  84%|████████▎ | 836/1000 [38:44 > 3:12:29]
L-BFGS:  84%|████████▎ | 837/1000 [35:23 > 3:12:39]
L-BFGS:  84%|████████▍ | 838/1000 [36:15 > 3:12:53]
L-BFGS:  84%|████████▍ | 839/1000 [37:14 > 3:13:08]
L-BFGS:  84%|████████▍ | 840/1000 [37:51 > 3:13:23]
L-BFGS:  84%|████████▍ | 841/1000 [37:45 > 3:13:38]
L-BFGS:  84%|████████▍ | 842/1000 [38:03 > 3:13:53]
L-BFGS:  84%|████████▍ | 843/1000 [38:16 > 3:14:08]
L-BFGS:  84%|████████▍ | 844/1000 [37:54 > 3:14:22]
L-BFGS:  84%|████████▍ | 845/1000 [38:02 > 3:14:37]
L-BFGS:  85%|████████▍ | 846/1000 [38:03 > 3:14:52]
L-BFGS:  85%|████████▍ | 847/1000 [37:58 > 3:15:07]
L-BFGS:  85%|████████▍ | 848/1000 [36:30 > 3:15:21]
L-BFGS:  85%|████████▍ | 849/1000 [36:45 > 3:15:36]
L-BFGS:  85%|████████▌ | 850/1000 [29:01 > 3:15:40]
L-BFGS:  85%|████████▌ | 851/1000 [31:23 > 3:15:55]
L-BFGS:  85%|████████▌ | 852/1000 [32:33 > 3:16:10]
L-BFGS:  85%|████████▌ | 853/1000 [33:16 > 3:16:24]
L-BFGS:  85%|████████▌ | 854/1000 [33:41 > 3:16:39]
L-BFGS:  86%|████████▌ | 855/1000 [33:50 > 3:16:53]
L-BFGS:  86%|████████▌ | 856/1000 [24:45 > 3:16:55]
L-BFGS:  86%|████████▌ | 857/1000 [27:54 > 3:17:10]
L-BFGS:  86%|████████▌ | 858/1000 [29:36 > 3:17:24]
L-BFGS:  86%|████████▌ | 859/1000 [31:06 > 3:17:39]
L-BFGS:  86%|████████▌ | 860/1000 [28:51 > 3:17:49]
L-BFGS:  86%|████████▌ | 861/1000 [30:02 > 3:18:04]
L-BFGS:  86%|████████▌ | 862/1000 [30:47 > 3:18:18]
L-BFGS:  86%|████████▋ | 863/1000 [25:20 > 3:18:24]
L-BFGS:  86%|████████▋ | 864/1000 [27:22 > 3:18:38]
L-BFGS:  86%|████████▋ | 865/1000 [29:06 > 3:18:53]
L-BFGS:  87%|████████▋ | 866/1000 [30:14 > 3:19:08]
L-BFGS:  87%|████████▋ | 867/1000 [24:03 > 3:19:13]
L-BFGS:  87%|████████▋ | 868/1000 [18:14 > 3:19:15]
L-BFGS:  87%|████████▋ | 869/1000 [22:03 > 3:19:29]
L-BFGS:  87%|████████▋ | 870/1000 [24:40 > 3:19:44]
L-BFGS:  87%|████████▋ | 871/1000 [22:20 > 3:19:52]
L-BFGS:  87%|████████▋ | 872/1000 [21:46 > 3:20:02]
L-BFGS:  87%|████████▋ | 873/1000 [24:15 > 3:20:16]
L-BFGS:  87%|████████▋ | 874/1000 [17:34 > 3:20:17]
L-BFGS:  88%|████████▊ | 875/1000 [21:11 > 3:20:32]
L-BFGS:  88%|████████▊ | 876/1000 [23:36 > 3:20:46]
L-BFGS:  88%|████████▊ | 877/1000 [25:13 > 3:21:00]
L-BFGS:  88%|████████▊ | 878/1000 [26:41 > 3:21:15]
L-BFGS:  88%|████████▊ | 879/1000 [27:17 > 3:21:30]
L-BFGS:  88%|████████▊ | 880/1000 [27:58 > 3:21:45]
L-BFGS:  88%|████████▊ | 881/1000 [28:22 > 3:22:00]
L-BFGS:  88%|████████▊ | 882/1000 [27:12 > 3:22:13]
L-BFGS:  88%|████████▊ | 883/1000 [20:14 > 3:22:15]
L-BFGS:  88%|████████▊ | 884/1000 [14:43 > 3:22:16]
L-BFGS:  88%|████████▊ | 885/1000 [18:51 > 3:22:31]
L-BFGS:  89%|████████▊ | 886/1000 [21:38 > 3:22:46]
L-BFGS:  89%|████████▊ | 887/1000 [23:09 > 3:23:01]
L-BFGS:  89%|████████▉ | 888/1000 [20:35 > 3:23:09]
L-BFGS:  89%|████████▉ | 889/1000 [14:55 > 3:23:10]
L-BFGS:  89%|████████▉ | 890/1000 [12:53 > 3:23:14]
L-BFGS:  89%|████████▉ | 891/1000 [16:50 > 3:23:29]
L-BFGS:  89%|████████▉ | 892/1000 [19:48 > 3:23:44]
L-BFGS:  89%|████████▉ | 893/1000 [15:16 > 3:23:47]
L-BFGS:  89%|████████▉ | 894/1000 [14:16 > 3:23:54]
L-BFGS:  90%|████████▉ | 895/1000 [11:06 > 3:23:56]
L-BFGS:  90%|████████▉ | 896/1000 [08:54 > 3:23:58]
L-BFGS:  90%|████████▉ | 897/1000 [07:39 > 3:24:01]
L-BFGS:  90%|████████▉ | 898/1000 [09:59 > 3:24:10]
L-BFGS:  90%|████████▉ | 899/1000 [07:30 > 3:24:12]
L-BFGS:  90%|█████████ | 900/1000 [12:40 > 3:24:27]
L-BFGS:  90%|█████████ | 901/1000 [09:20 > 3:24:28]
L-BFGS:  90%|█████████ | 902/1000 [13:31 > 3:24:42]
L-BFGS:  90%|█████████ | 903/1000 [16:37 > 3:24:57]
L-BFGS:  90%|█████████ | 904/1000 [15:39 > 3:25:06]
L-BFGS:  90%|█████████ | 905/1000 [17:56 > 3:25:21]
L-BFGS:  91%|█████████ | 906/1000 [15:07 > 3:25:26]
L-BFGS:  91%|█████████ | 907/1000 [16:05 > 3:25:38]
L-BFGS:  91%|█████████ | 908/1000 [17:29 > 3:25:52]
L-BFGS:  91%|█████████ | 909/1000 [18:38 > 3:26:07]
L-BFGS:  91%|█████████ | 910/1000 [19:38 > 3:26:22]
L-BFGS:  91%|█████████ | 911/1000 [20:15 > 3:26:37]
L-BFGS:  91%|█████████ | 912/1000 [20:20 > 3:26:51]
L-BFGS:  91%|█████████▏| 913/1000 [20:18 > 3:27:05]
L-BFGS:  91%|█████████▏| 914/1000 [14:47 > 3:27:07]
L-BFGS:  92%|█████████▏| 915/1000 [13:10 > 3:27:14]
L-BFGS:  92%|█████████▏| 916/1000 [09:21 > 3:27:14]
L-BFGS:  92%|█████████▏| 917/1000 [06:42 > 3:27:15]
L-BFGS:  92%|█████████▏| 918/1000 [04:52 > 3:27:16]
L-BFGS:  92%|█████████▏| 919/1000 [03:36 > 3:27:16]
L-BFGS:  92%|█████████▏| 920/1000 [02:43 > 3:27:17]
L-BFGS:  92%|█████████▏| 921/1000 [02:06 > 3:27:17]
L-BFGS:  92%|█████████▏| 922/1000 [01:41 > 3:27:18]
L-BFGS:  92%|█████████▏| 923/1000 [01:23 > 3:27:18]
L-BFGS:  92%|█████████▏| 924/1000 [01:10 > 3:27:19]
L-BFGS:  92%|█████████▎| 925/1000 [01:02 > 3:27:20]
L-BFGS:  93%|█████████▎| 926/1000 [00:55 > 3:27:20]
L-BFGS:  93%|█████████▎| 927/1000 [00:51 > 3:27:21]
L-BFGS:  93%|█████████▎| 928/1000 [00:47 > 3:27:21]
L-BFGS:  93%|█████████▎| 929/1000 [00:45 > 3:27:22]
L-BFGS:  93%|█████████▎| 930/1000 [00:43 > 3:27:23]
L-BFGS:  93%|█████████▎| 931/1000 [00:42 > 3:27:23]
L-BFGS:  93%|█████████▎| 932/1000 [00:40 > 3:27:24]
L-BFGS:  93%|█████████▎| 933/1000 [00:39 > 3:27:24]
L-BFGS:  93%|█████████▎| 934/1000 [00:38 > 3:27:25]
L-BFGS:  94%|█████████▎| 935/1000 [00:38 > 3:27:25]
L-BFGS:  94%|█████████▎| 936/1000 [00:37 > 3:27:26]
L-BFGS:  94%|█████████▎| 937/1000 [00:36 > 3:27:27]
L-BFGS:  94%|█████████▍| 938/1000 [00:36 > 3:27:27]
L-BFGS:  94%|█████████▍| 939/1000 [00:35 > 3:27:28]
L-BFGS:  94%|█████████▍| 940/1000 [00:34 > 3:27:28]
L-BFGS:  94%|█████████▍| 941/1000 [00:34 > 3:27:29]
L-BFGS:  94%|█████████▍| 942/1000 [00:33 > 3:27:30]
L-BFGS:  94%|█████████▍| 943/1000 [00:33 > 3:27:30]
L-BFGS:  94%|█████████▍| 944/1000 [00:32 > 3:27:31]
L-BFGS:  94%|█████████▍| 945/1000 [00:31 > 3:27:31]
L-BFGS:  95%|█████████▍| 946/1000 [00:31 > 3:27:32]
L-BFGS:  95%|█████████▍| 947/1000 [00:30 > 3:27:32]
L-BFGS:  95%|█████████▍| 948/1000 [00:30 > 3:27:33]
L-BFGS:  95%|█████████▍| 949/1000 [00:29 > 3:27:34]
L-BFGS:  95%|█████████▌| 950/1000 [00:29 > 3:27:34]
L-BFGS:  95%|█████████▌| 951/1000 [00:28 > 3:27:35]
L-BFGS:  95%|█████████▌| 952/1000 [00:27 > 3:27:35]
L-BFGS:  95%|█████████▌| 953/1000 [00:27 > 3:27:36]
L-BFGS:  95%|█████████▌| 954/1000 [00:26 > 3:27:36]
L-BFGS:  96%|█████████▌| 955/1000 [00:26 > 3:27:37]
L-BFGS:  96%|█████████▌| 956/1000 [00:25 > 3:27:38]
L-BFGS:  96%|█████████▌| 957/1000 [00:25 > 3:27:38]
L-BFGS:  96%|█████████▌| 958/1000 [00:24 > 3:27:39]
L-BFGS:  96%|█████████▌| 959/1000 [00:23 > 3:27:39]
L-BFGS:  96%|█████████▌| 960/1000 [00:23 > 3:27:40]
L-BFGS:  96%|█████████▌| 961/1000 [00:22 > 3:27:41]
L-BFGS:  96%|█████████▌| 962/1000 [00:22 > 3:27:41]
L-BFGS:  96%|█████████▋| 963/1000 [00:21 > 3:27:42]
L-BFGS:  96%|█████████▋| 964/1000 [00:20 > 3:27:42]
L-BFGS:  96%|█████████▋| 965/1000 [00:20 > 3:27:43]
L-BFGS:  97%|█████████▋| 966/1000 [00:19 > 3:27:43]
L-BFGS:  97%|█████████▋| 967/1000 [00:19 > 3:27:44]
L-BFGS:  97%|█████████▋| 968/1000 [00:18 > 3:27:45]
L-BFGS:  97%|█████████▋| 969/1000 [00:18 > 3:27:45]
L-BFGS:  97%|█████████▋| 970/1000 [00:17 > 3:27:46]
L-BFGS:  97%|█████████▋| 971/1000 [00:16 > 3:27:46]
L-BFGS:  97%|█████████▋| 972/1000 [00:16 > 3:27:47]
L-BFGS:  97%|█████████▋| 973/1000 [00:15 > 3:27:48]
L-BFGS:  97%|█████████▋| 974/1000 [00:15 > 3:27:48]
L-BFGS:  98%|█████████▊| 975/1000 [00:14 > 3:27:49]
L-BFGS:  98%|█████████▊| 976/1000 [00:13 > 3:27:49]
L-BFGS:  98%|█████████▊| 977/1000 [00:13 > 3:27:50]
L-BFGS:  98%|█████████▊| 978/1000 [00:12 > 3:27:50]
L-BFGS:  98%|█████████▊| 979/1000 [00:12 > 3:27:51]
L-BFGS:  98%|█████████▊| 980/1000 [00:11 > 3:27:52]
L-BFGS:  98%|█████████▊| 981/1000 [00:11 > 3:27:52]
L-BFGS:  98%|█████████▊| 982/1000 [00:10 > 3:27:53]
L-BFGS:  98%|█████████▊| 983/1000 [00:09 > 3:27:53]
L-BFGS:  98%|█████████▊| 984/1000 [00:09 > 3:27:54]
L-BFGS:  98%|█████████▊| 985/1000 [00:08 > 3:27:54]
L-BFGS:  99%|█████████▊| 986/1000 [00:08 > 3:27:55]
L-BFGS:  99%|█████████▊| 987/1000 [00:07 > 3:27:56]
L-BFGS:  99%|█████████▉| 988/1000 [00:06 > 3:27:56]
L-BFGS:  99%|█████████▉| 989/1000 [00:06 > 3:27:57]
L-BFGS:  99%|█████████▉| 990/1000 [00:05 > 3:27:57]
L-BFGS:  99%|█████████▉| 991/1000 [00:05 > 3:27:58]
L-BFGS:  99%|█████████▉| 992/1000 [00:04 > 3:27:59]
L-BFGS:  99%|█████████▉| 993/1000 [00:04 > 3:27:59]
L-BFGS:  99%|█████████▉| 994/1000 [00:03 > 3:28:00]
L-BFGS: 100%|█████████▉| 995/1000 [00:02 > 3:28:00]
L-BFGS: 100%|█████████▉| 996/1000 [00:02 > 3:28:01]
L-BFGS: 100%|█████████▉| 997/1000 [00:01 > 3:28:01]
L-BFGS: 100%|█████████▉| 998/1000 [00:01 > 3:28:02]
L-BFGS: 100%|█████████▉| 999/1000 [00:00 > 3:28:03]
L-BFGS: 100%|██████████| 1000/1000 [00:00 > 3:28:03]
L-BFGS: 100%|██████████| 1000/1000 [00:00 > 3:28:03]
Training saved: C:\Ali Computation\pinn\code\heterogeneous\pino_heterogeneous\results\exp_A_grf_K32_N500_float64_lr01_maxiter20\pino_heterogeneous_concentration.png C:\Ali Computation\pinn\code\heterogeneous\pino_heterogeneous\results\exp_A_grf_K32_N500_float64_lr01_maxiter20\pino_heterogeneous_loss.png C:\Ali Computation\pinn\code\heterogeneous\pino_heterogeneous\results\exp_A_grf_K32_N500_float64_lr01_maxiter20\pino_heterogeneous_model.pt
COMSOL validation: 81 media -> C:\Ali Computation\pinn\code\heterogeneous\pino_heterogeneous\results\exp_A_grf_K32_N500_float64_lr01_maxiter20  (x* collocation n=86)

COMSOL vs PINO:   0%|          | 0/81 [00:00<?, ?it/s]
COMSOL vs PINO:   6%|▌         | 5/81 [00:00<00:01, 48.11it/s]
COMSOL vs PINO:  12%|█▏        | 10/81 [00:00<00:01, 48.12it/s]
COMSOL vs PINO:  19%|█▊        | 15/81 [00:00<00:01, 48.52it/s]
COMSOL vs PINO:  25%|██▍       | 20/81 [00:00<00:01, 46.99it/s]
COMSOL vs PINO:  31%|███       | 25/81 [00:00<00:01, 46.73it/s]
COMSOL vs PINO:  37%|███▋      | 30/81 [00:00<00:01, 47.27it/s]
COMSOL vs PINO:  43%|████▎     | 35/81 [00:00<00:00, 47.88it/s]
COMSOL vs PINO:  49%|████▉     | 40/81 [00:00<00:00, 48.12it/s]
COMSOL vs PINO:  56%|█████▌    | 45/81 [00:00<00:00, 47.99it/s]
COMSOL vs PINO:  62%|██████▏   | 50/81 [00:01<00:00, 47.97it/s]
COMSOL vs PINO:  68%|██████▊   | 55/81 [00:01<00:00, 47.47it/s]
COMSOL vs PINO:  74%|███████▍  | 60/81 [00:01<00:00, 47.37it/s]
COMSOL vs PINO:  80%|████████  | 65/81 [00:01<00:00, 47.14it/s]
COMSOL vs PINO:  86%|████████▋ | 70/81 [00:01<00:00, 46.98it/s]
COMSOL vs PINO:  93%|█████████▎| 75/81 [00:01<00:00, 46.86it/s]
COMSOL vs PINO:  99%|█████████▉| 80/81 [00:01<00:00, 46.58it/s]
COMSOL vs PINO: 100%|██████████| 81/81 [00:01<00:00, 47.23it/s]
COMSOL validation summary: n=81  mean=1.342001e-01  max=4.573169e-01  min=2.873798e-02
Wrote C:\Ali Computation\pinn\code\heterogeneous\pino_heterogeneous\results\exp_A_grf_K32_N500_float64_lr01_maxiter20\comsol_validation_summary.csv
Run metadata: C:\Ali Computation\pinn\code\heterogeneous\pino_heterogeneous\results\exp_A_grf_K32_N500_float64_lr01_maxiter20\run_meta.json

# exit 0 after 3:28:21.629012
