# code/heterogeneous/pino_heterogeneous/pinn1d_heterogeneous_parametric_neural_operator.py --design grf --n-train 500 --n-sensors 64 --grf-corr-length 0.2 --dtype float64 --early-stop-patience 150 --lr-lbfgs 0.1 --lbfgs-max-iter 20 --epochs 1000 --out-dir results/exp_B_grf_K64_N500_float64_lr01_maxiter20 --skip-validation-plots
# started 2026-06-16 03:16:24
# cwd C:\Ali Computation\pinn\code\heterogeneous\pino_heterogeneous

Using GPU: NVIDIA GeForce RTX 3090 (cuda:0, dtype=torch.float64)
PE (computed) = 0.010368
design=grf  media_mode=grf  n_train_requested=500  n_corner_anchors=16  arch=default  trunk_mode=single  batch_mode=True
branch=[67, 16, 16, 32]  trunk=[2, 32, 32, 32, 32]
results_dir=C:\Ali Computation\pinn\code\heterogeneous\pino_heterogeneous\results\exp_B_grf_K64_N500_float64_lr01_maxiter20
Training: 500 GRF smooth fields (K=67 sensors, ell=0.2, grid_n=201)
  saved/loaded: C:\Ali Computation\pinn\code\heterogeneous\pino_heterogeneous\results\exp_B_grf_K64_N500_float64_lr01_maxiter20\train_grf_cases.npz
  branch CFL range [0.136897, 0.589545]
PDE mesh: bulk 50x50x500 (no interface bands in GRF mode)
COMSOL validation: 81 fixed grid cases from comsol_4zones.txt -> C:\Ali Computation\pinn\code\heterogeneous\pino_heterogeneous\results\exp_B_grf_K64_N500_float64_lr01_maxiter20
run_training=True  run_comsol_validation=True  validate_only=False  skip_validation_plots=True
L-BFGS early stopping: patience=150 (max steps=1000)
L-BFGS: lr=0.1  max_iter=20  outer_steps=1000
PDE collocation points: 1,250,000 (bulk 1,250,000, interface 0)
Collocation mesh plot (pre-train): C:\Ali Computation\pinn\code\heterogeneous\pino_heterogeneous\results\exp_B_grf_K64_N500_float64_lr01_maxiter20\pino_heterogeneous_collocation_points.png
LBFGS (
Parameter Group 0
    history_size: 50
    line_search_fn: strong_wolfe
    lr: 0.1
    max_eval: 25
    max_iter: 20
    tolerance_change: 1e-09
    tolerance_grad: 1e-07
)
Early stopping: patience=150 L-BFGS steps (no total-loss improvement, rtol=1e-12)

L-BFGS:   0%|          | 0/1000 [? > 00:00]
L-BFGS:   0%|          | 1/1000 [4:07:19 > 00:14]
L-BFGS:   0%|          | 2/1000 [4:08:03 > 00:29]
L-BFGS:   0%|          | 3/1000 [4:08:53 > 00:44]
L-BFGS:   0%|          | 4/1000 [4:05:44 > 00:59]
L-BFGS:   0%|          | 5/1000 [4:04:19 > 01:14]
L-BFGS:   1%|          | 6/1000 [4:03:36 > 01:28]
L-BFGS:   1%|          | 7/1000 [4:06:10 > 01:43]
L-BFGS:   1%|          | 8/1000 [4:07:35 > 01:59]
L-BFGS:   1%|          | 9/1000 [4:05:44 > 02:13]
L-BFGS:   1%|          | 10/1000 [4:07:35 > 02:29]
L-BFGS:   1%|          | 11/1000 [4:08:53 > 02:44]
L-BFGS:   1%|          | 12/1000 [4:09:43 > 02:59]
L-BFGS:   1%|▏         | 13/1000 [4:07:28 > 03:14]
L-BFGS:   1%|▏         | 14/1000 [4:05:31 > 03:29]
L-BFGS:   2%|▏         | 15/1000 [4:04:15 > 03:43]
L-BFGS:   2%|▏         | 16/1000 [4:03:12 > 03:58]
L-BFGS:   2%|▏         | 17/1000 [4:05:19 > 04:13]
L-BFGS:   2%|▏         | 18/1000 [4:03:43 > 04:28]
L-BFGS:   2%|▏         | 19/1000 [4:05:37 > 04:43]
L-BFGS:   2%|▏         | 20/1000 [4:03:56 > 04:58]
L-BFGS:   2%|▏         | 21/1000 [4:02:19 > 05:13]
L-BFGS:   2%|▏         | 22/1000 [4:03:56 > 05:28]
L-BFGS:   2%|▏         | 23/1000 [4:05:20 > 05:43]
L-BFGS:   2%|▏         | 24/1000 [4:03:02 > 05:58]
L-BFGS:   2%|▎         | 25/1000 [4:01:23 > 06:13]
L-BFGS:   3%|▎         | 26/1000 [4:00:13 > 06:27]
L-BFGS:   3%|▎         | 27/1000 [3:59:17 > 06:42]
L-BFGS:   3%|▎         | 28/1000 [3:58:18 > 06:57]
L-BFGS:   3%|▎         | 29/1000 [3:57:40 > 07:11]
L-BFGS:   3%|▎         | 30/1000 [3:57:21 > 07:26]
L-BFGS:   3%|▎         | 31/1000 [3:56:57 > 07:41]
L-BFGS:   3%|▎         | 32/1000 [3:59:21 > 07:56]
L-BFGS:   3%|▎         | 33/1000 [3:58:07 > 08:10]
L-BFGS:   3%|▎         | 34/1000 [3:57:12 > 08:25]
L-BFGS:   4%|▎         | 35/1000 [3:59:14 > 08:40]
L-BFGS:   4%|▎         | 36/1000 [4:00:49 > 08:55]
L-BFGS:   4%|▎         | 37/1000 [4:01:39 > 09:11]
L-BFGS:   4%|▍         | 38/1000 [3:59:35 > 09:25]
L-BFGS:   4%|▍         | 39/1000 [4:01:05 > 09:41]
L-BFGS:   4%|▍         | 40/1000 [4:02:01 > 09:56]
L-BFGS:   4%|▍         | 41/1000 [4:02:36 > 10:11]
L-BFGS:   4%|▍         | 42/1000 [4:02:59 > 10:27]
L-BFGS:   4%|▍         | 43/1000 [4:03:13 > 10:42]
L-BFGS:   4%|▍         | 44/1000 [4:00:30 > 10:57]
L-BFGS:   4%|▍         | 45/1000 [3:58:50 > 11:11]
L-BFGS:   5%|▍         | 46/1000 [4:00:00 > 11:27]
L-BFGS:   5%|▍         | 47/1000 [4:00:43 > 11:42]
L-BFGS:   5%|▍         | 48/1000 [3:58:31 > 11:57]
L-BFGS:   5%|▍         | 49/1000 [3:56:27 > 12:11]
L-BFGS:   5%|▌         | 50/1000 [3:54:54 > 12:26]
L-BFGS:   5%|▌         | 51/1000 [3:56:24 > 12:41]
L-BFGS:   5%|▌         | 52/1000 [3:54:37 > 12:56]
L-BFGS:   5%|▌         | 53/1000 [3:53:23 > 13:11]
L-BFGS:   5%|▌         | 54/1000 [3:52:38 > 13:25]
L-BFGS:   6%|▌         | 55/1000 [3:51:50 > 13:40]
L-BFGS:   6%|▌         | 56/1000 [3:51:04 > 13:54]
L-BFGS:   6%|▌         | 57/1000 [3:50:33 > 14:09]
L-BFGS:   6%|▌         | 58/1000 [3:50:04 > 14:24]
L-BFGS:   6%|▌         | 59/1000 [3:49:49 > 14:38]
L-BFGS:   6%|▌         | 60/1000 [3:49:42 > 14:53]
L-BFGS:   6%|▌         | 61/1000 [3:52:01 > 15:08]
L-BFGS:   6%|▌         | 62/1000 [3:50:47 > 15:23]
L-BFGS:   6%|▋         | 63/1000 [3:49:53 > 15:38]
L-BFGS:   6%|▋         | 64/1000 [3:49:18 > 15:52]
L-BFGS:   6%|▋         | 65/1000 [3:48:51 > 16:07]
L-BFGS:   7%|▋         | 66/1000 [3:48:27 > 16:21]
L-BFGS:   7%|▋         | 67/1000 [3:48:12 > 16:36]
L-BFGS:   7%|▋         | 68/1000 [3:50:53 > 16:51]
L-BFGS:   7%|▋         | 69/1000 [3:50:05 > 17:06]
L-BFGS:   7%|▋         | 70/1000 [3:51:56 > 17:21]
L-BFGS:   7%|▋         | 71/1000 [3:50:48 > 17:36]
L-BFGS:   7%|▋         | 72/1000 [3:49:36 > 17:51]
L-BFGS:   7%|▋         | 73/1000 [3:48:46 > 18:06]
L-BFGS:   7%|▋         | 74/1000 [3:47:59 > 18:20]
L-BFGS:   8%|▊         | 75/1000 [3:47:25 > 18:35]
L-BFGS:   8%|▊         | 76/1000 [3:49:40 > 18:50]
L-BFGS:   8%|▊         | 77/1000 [3:48:30 > 19:05]
L-BFGS:   8%|▊         | 78/1000 [3:47:33 > 19:20]
L-BFGS:   8%|▊         | 79/1000 [3:46:30 > 19:34]
L-BFGS:   8%|▊         | 80/1000 [3:48:19 > 19:50]
L-BFGS:   8%|▊         | 81/1000 [3:46:50 > 20:04]
L-BFGS:   8%|▊         | 82/1000 [3:48:26 > 20:19]
L-BFGS:   8%|▊         | 83/1000 [3:49:31 > 20:35]
L-BFGS:   8%|▊         | 84/1000 [3:47:34 > 20:49]
L-BFGS:   8%|▊         | 85/1000 [3:46:15 > 21:04]
L-BFGS:   9%|▊         | 86/1000 [3:47:41 > 21:19]
L-BFGS:   9%|▊         | 87/1000 [3:45:57 > 21:34]
L-BFGS:   9%|▉         | 88/1000 [3:44:43 > 21:48]
L-BFGS:   9%|▉         | 89/1000 [3:43:55 > 22:03]
L-BFGS:   9%|▉         | 90/1000 [3:45:50 > 22:18]
L-BFGS:   9%|▉         | 91/1000 [3:44:23 > 22:33]
L-BFGS:   9%|▉         | 92/1000 [3:43:16 > 22:48]
L-BFGS:   9%|▉         | 93/1000 [3:45:06 > 23:03]
L-BFGS:   9%|▉         | 94/1000 [3:43:44 > 23:17]
L-BFGS:  10%|▉         | 95/1000 [3:45:17 > 23:33]
L-BFGS:  10%|▉         | 96/1000 [3:43:44 > 23:47]
L-BFGS:  10%|▉         | 97/1000 [3:42:51 > 24:02]
L-BFGS:  10%|▉         | 98/1000 [3:42:07 > 24:17]
L-BFGS:  10%|▉         | 99/1000 [3:44:14 > 24:32]
L-BFGS:  10%|█         | 100/1000 [3:42:59 > 24:47]
L-BFGS:  10%|█         | 101/1000 [3:42:01 > 25:01]
L-BFGS:  10%|█         | 102/1000 [3:41:21 > 25:16]
L-BFGS:  10%|█         | 103/1000 [3:40:45 > 25:31]
L-BFGS:  10%|█         | 104/1000 [3:42:49 > 25:46]
L-BFGS:  10%|█         | 105/1000 [3:41:32 > 26:01]
L-BFGS:  11%|█         | 106/1000 [3:43:14 > 26:16]
L-BFGS:  11%|█         | 107/1000 [3:44:27 > 26:31]
L-BFGS:  11%|█         | 108/1000 [3:44:42 > 26:47]
L-BFGS:  11%|█         | 109/1000 [3:44:52 > 27:02]
L-BFGS:  11%|█         | 110/1000 [3:42:20 > 27:16]
L-BFGS:  11%|█         | 111/1000 [3:43:10 > 27:32]
L-BFGS:  11%|█         | 112/1000 [3:43:36 > 27:47]
L-BFGS:  11%|█▏        | 113/1000 [3:43:49 > 28:02]
L-BFGS:  11%|█▏        | 114/1000 [3:43:53 > 28:17]
L-BFGS:  12%|█▏        | 115/1000 [3:41:16 > 28:32]
L-BFGS:  12%|█▏        | 116/1000 [3:39:27 > 28:47]
L-BFGS:  12%|█▏        | 117/1000 [3:40:38 > 29:02]
L-BFGS:  12%|█▏        | 118/1000 [3:41:23 > 29:17]
L-BFGS:  12%|█▏        | 119/1000 [3:39:12 > 29:32]
L-BFGS:  12%|█▏        | 120/1000 [3:37:41 > 29:46]
L-BFGS:  12%|█▏        | 121/1000 [3:39:07 > 30:02]
L-BFGS:  12%|█▏        | 122/1000 [3:37:29 > 30:16]
L-BFGS:  12%|█▏        | 123/1000 [3:36:12 > 30:31]
L-BFGS:  12%|█▏        | 124/1000 [3:35:22 > 30:45]
L-BFGS:  12%|█▎        | 125/1000 [3:37:21 > 31:01]
L-BFGS:  13%|█▎        | 126/1000 [3:36:13 > 31:15]
L-BFGS:  13%|█▎        | 127/1000 [3:35:26 > 31:30]
L-BFGS:  13%|█▎        | 128/1000 [3:37:15 > 31:45]
L-BFGS:  13%|█▎        | 129/1000 [3:36:02 > 32:00]
L-BFGS:  13%|█▎        | 130/1000 [3:37:32 > 32:15]
L-BFGS:  13%|█▎        | 131/1000 [3:38:33 > 32:31]
L-BFGS:  13%|█▎        | 132/1000 [3:36:41 > 32:45]
L-BFGS:  13%|█▎        | 133/1000 [3:35:17 > 33:00]
L-BFGS:  13%|█▎        | 134/1000 [3:36:44 > 33:15]
L-BFGS:  14%|█▎        | 135/1000 [3:35:05 > 33:30]
L-BFGS:  14%|█▎        | 136/1000 [3:36:31 > 33:45]
L-BFGS:  14%|█▎        | 137/1000 [3:37:07 > 34:01]
L-BFGS:  14%|█▍        | 138/1000 [3:34:46 > 34:15]
L-BFGS:  14%|█▍        | 139/1000 [3:35:38 > 34:30]
L-BFGS:  14%|█▍        | 140/1000 [3:33:43 > 34:45]
L-BFGS:  14%|█▍        | 141/1000 [3:32:16 > 35:00]
L-BFGS:  14%|█▍        | 142/1000 [3:33:39 > 35:15]
L-BFGS:  14%|█▍        | 143/1000 [3:34:27 > 35:30]
L-BFGS:  14%|█▍        | 144/1000 [3:32:34 > 35:45]
L-BFGS:  14%|█▍        | 145/1000 [3:33:44 > 36:00]
L-BFGS:  15%|█▍        | 146/1000 [3:31:53 > 36:15]
L-BFGS:  15%|█▍        | 147/1000 [3:32:57 > 36:30]
L-BFGS:  15%|█▍        | 148/1000 [3:31:10 > 36:44]
L-BFGS:  15%|█▍        | 149/1000 [3:29:47 > 36:59]
L-BFGS:  15%|█▌        | 150/1000 [3:28:52 > 37:14]
L-BFGS:  15%|█▌        | 151/1000 [3:28:20 > 37:28]
L-BFGS:  15%|█▌        | 152/1000 [3:27:39 > 37:43]
L-BFGS:  15%|█▌        | 153/1000 [3:27:07 > 37:58]
L-BFGS:  15%|█▌        | 154/1000 [3:29:04 > 38:13]
L-BFGS:  16%|█▌        | 155/1000 [3:28:00 > 38:27]
L-BFGS:  16%|█▌        | 156/1000 [3:27:33 > 38:42]
L-BFGS:  16%|█▌        | 157/1000 [3:26:58 > 38:57]
L-BFGS:  16%|█▌        | 158/1000 [3:26:40 > 39:12]
L-BFGS:  16%|█▌        | 159/1000 [3:28:49 > 39:27]
L-BFGS:  16%|█▌        | 160/1000 [3:27:47 > 39:42]
L-BFGS:  16%|█▌        | 161/1000 [3:26:47 > 39:56]
L-BFGS:  16%|█▌        | 162/1000 [3:26:13 > 40:11]
L-BFGS:  16%|█▋        | 163/1000 [3:25:42 > 40:26]
L-BFGS:  16%|█▋        | 164/1000 [3:25:14 > 40:40]
L-BFGS:  16%|█▋        | 165/1000 [3:24:58 > 40:55]
L-BFGS:  17%|█▋        | 166/1000 [3:24:31 > 41:10]
L-BFGS:  17%|█▋        | 167/1000 [3:26:16 > 41:25]
L-BFGS:  17%|█▋        | 168/1000 [3:25:09 > 41:40]
L-BFGS:  17%|█▋        | 169/1000 [3:26:36 > 41:55]
L-BFGS:  17%|█▋        | 170/1000 [3:27:32 > 42:10]
L-BFGS:  17%|█▋        | 171/1000 [3:25:42 > 42:25]
L-BFGS:  17%|█▋        | 172/1000 [3:26:45 > 42:40]
L-BFGS:  17%|█▋        | 173/1000 [3:25:01 > 42:54]
L-BFGS:  17%|█▋        | 174/1000 [3:23:45 > 43:09]
L-BFGS:  18%|█▊        | 175/1000 [3:25:12 > 43:24]
L-BFGS:  18%|█▊        | 176/1000 [3:23:44 > 43:39]
L-BFGS:  18%|█▊        | 177/1000 [3:22:37 > 43:54]
L-BFGS:  18%|█▊        | 178/1000 [3:24:08 > 44:09]
L-BFGS:  18%|█▊        | 179/1000 [3:25:14 > 44:24]
L-BFGS:  18%|█▊        | 180/1000 [3:25:52 > 44:39]
L-BFGS:  18%|█▊        | 181/1000 [3:26:13 > 44:54]
L-BFGS:  18%|█▊        | 182/1000 [3:26:21 > 45:10]
L-BFGS:  18%|█▊        | 183/1000 [3:23:56 > 45:24]
L-BFGS:  18%|█▊        | 184/1000 [3:22:17 > 45:39]
L-BFGS:  18%|█▊        | 185/1000 [3:23:46 > 45:54]
L-BFGS:  19%|█▊        | 186/1000 [3:22:14 > 46:09]
L-BFGS:  19%|█▊        | 187/1000 [3:21:12 > 46:24]
L-BFGS:  19%|█▉        | 188/1000 [3:22:43 > 46:39]
L-BFGS:  19%|█▉        | 189/1000 [3:21:20 > 46:54]
L-BFGS:  19%|█▉        | 190/1000 [3:20:01 > 47:08]
L-BFGS:  19%|█▉        | 191/1000 [3:19:08 > 47:23]
L-BFGS:  19%|█▉        | 192/1000 [3:18:29 > 47:37]
L-BFGS:  19%|█▉        | 193/1000 [3:17:58 > 47:52]
L-BFGS:  19%|█▉        | 194/1000 [3:20:03 > 48:07]
L-BFGS:  20%|█▉        | 195/1000 [3:21:27 > 48:23]
L-BFGS:  20%|█▉        | 196/1000 [3:19:50 > 48:37]
L-BFGS:  20%|█▉        | 197/1000 [3:18:28 > 48:52]
L-BFGS:  20%|█▉        | 198/1000 [3:17:23 > 49:07]
L-BFGS:  20%|█▉        | 199/1000 [3:16:29 > 49:21]
L-BFGS:  20%|██        | 200/1000 [3:18:10 > 49:36]
L-BFGS:  20%|██        | 201/1000 [3:16:55 > 49:51]
L-BFGS:  20%|██        | 202/1000 [3:16:02 > 50:06]
L-BFGS:  20%|██        | 203/1000 [3:17:43 > 50:21]
L-BFGS:  20%|██        | 204/1000 [3:16:27 > 50:36]
L-BFGS:  20%|██        | 205/1000 [3:17:47 > 50:51]
L-BFGS:  21%|██        | 206/1000 [3:18:41 > 51:06]
L-BFGS:  21%|██        | 207/1000 [3:19:06 > 51:21]
L-BFGS:  21%|██        | 208/1000 [3:17:16 > 51:36]
L-BFGS:  21%|██        | 209/1000 [3:15:41 > 51:50]
L-BFGS:  21%|██        | 210/1000 [3:14:32 > 52:05]
L-BFGS:  21%|██        | 211/1000 [3:15:57 > 52:20]
L-BFGS:  21%|██        | 212/1000 [3:14:36 > 52:35]
L-BFGS:  21%|██▏       | 213/1000 [3:13:35 > 52:50]
L-BFGS:  21%|██▏       | 214/1000 [3:12:47 > 53:04]
L-BFGS:  22%|██▏       | 215/1000 [3:12:28 > 53:19]
L-BFGS:  22%|██▏       | 216/1000 [3:14:29 > 53:34]
L-BFGS:  22%|██▏       | 217/1000 [3:15:49 > 53:49]
L-BFGS:  22%|██▏       | 218/1000 [3:14:22 > 54:04]
L-BFGS:  22%|██▏       | 219/1000 [3:13:20 > 54:19]
L-BFGS:  22%|██▏       | 220/1000 [3:14:47 > 54:34]
L-BFGS:  22%|██▏       | 221/1000 [3:13:25 > 54:49]
L-BFGS:  22%|██▏       | 222/1000 [3:12:30 > 55:04]
L-BFGS:  22%|██▏       | 223/1000 [3:11:39 > 55:18]
L-BFGS:  22%|██▏       | 224/1000 [3:13:20 > 55:34]
L-BFGS:  22%|██▎       | 225/1000 [3:12:05 > 55:48]
L-BFGS:  23%|██▎       | 226/1000 [3:13:08 > 56:03]
L-BFGS:  23%|██▎       | 227/1000 [3:13:48 > 56:19]
L-BFGS:  23%|██▎       | 228/1000 [3:12:01 > 56:33]
L-BFGS:  23%|██▎       | 229/1000 [3:10:39 > 56:48]
L-BFGS:  23%|██▎       | 230/1000 [3:09:35 > 57:03]
L-BFGS:  23%|██▎       | 231/1000 [3:08:47 > 57:17]
L-BFGS:  23%|██▎       | 232/1000 [3:08:04 > 57:32]
L-BFGS:  23%|██▎       | 233/1000 [3:09:49 > 57:47]
L-BFGS:  23%|██▎       | 234/1000 [3:10:55 > 58:02]
L-BFGS:  24%|██▎       | 235/1000 [3:09:17 > 58:17]
L-BFGS:  24%|██▎       | 236/1000 [3:10:30 > 58:32]
L-BFGS:  24%|██▎       | 237/1000 [3:08:54 > 58:47]
L-BFGS:  24%|██▍       | 238/1000 [3:07:48 > 59:01]
L-BFGS:  24%|██▍       | 239/1000 [3:06:50 > 59:16]
L-BFGS:  24%|██▍       | 240/1000 [3:06:06 > 59:30]
L-BFGS:  24%|██▍       | 241/1000 [3:08:02 > 59:46]
L-BFGS:  24%|██▍       | 242/1000 [3:06:58 > 1:00:00]
L-BFGS:  24%|██▍       | 243/1000 [3:06:01 > 1:00:15]
L-BFGS:  24%|██▍       | 244/1000 [3:07:41 > 1:00:30]
L-BFGS:  24%|██▍       | 245/1000 [3:08:54 > 1:00:46]
L-BFGS:  25%|██▍       | 246/1000 [3:09:39 > 1:01:01]
L-BFGS:  25%|██▍       | 247/1000 [3:07:53 > 1:01:15]
L-BFGS:  25%|██▍       | 248/1000 [3:06:35 > 1:01:30]
L-BFGS:  25%|██▍       | 249/1000 [3:05:34 > 1:01:45]
L-BFGS:  25%|██▌       | 250/1000 [3:07:02 > 1:02:00]
L-BFGS:  25%|██▌       | 251/1000 [3:05:51 > 1:02:15]
L-BFGS:  25%|██▌       | 252/1000 [3:04:56 > 1:02:30]
L-BFGS:  25%|██▌       | 253/1000 [3:06:26 > 1:02:45]
L-BFGS:  25%|██▌       | 254/1000 [3:07:24 > 1:03:00]
L-BFGS:  26%|██▌       | 255/1000 [3:07:40 > 1:03:15]
L-BFGS:  26%|██▌       | 256/1000 [3:07:44 > 1:03:31]
L-BFGS:  26%|██▌       | 257/1000 [3:07:43 > 1:03:46]
L-BFGS:  26%|██▌       | 258/1000 [3:05:30 > 1:04:00]
L-BFGS:  26%|██▌       | 259/1000 [3:03:55 > 1:04:15]
L-BFGS:  26%|██▌       | 260/1000 [3:02:41 > 1:04:30]
L-BFGS:  26%|██▌       | 261/1000 [3:03:55 > 1:04:45]
L-BFGS:  26%|██▌       | 262/1000 [3:02:30 > 1:05:00]
L-BFGS:  26%|██▋       | 263/1000 [3:01:28 > 1:05:14]
L-BFGS:  26%|██▋       | 264/1000 [3:00:38 > 1:05:29]
L-BFGS:  26%|██▋       | 265/1000 [3:00:05 > 1:05:43]
L-BFGS:  27%|██▋       | 266/1000 [2:59:34 > 1:05:58]
L-BFGS:  27%|██▋       | 267/1000 [2:59:12 > 1:06:13]
L-BFGS:  27%|██▋       | 268/1000 [3:00:55 > 1:06:28]
L-BFGS:  27%|██▋       | 269/1000 [2:59:54 > 1:06:42]
L-BFGS:  27%|██▋       | 270/1000 [2:59:09 > 1:06:57]
L-BFGS:  27%|██▋       | 271/1000 [3:00:38 > 1:07:12]
L-BFGS:  27%|██▋       | 272/1000 [3:01:40 > 1:07:28]
L-BFGS:  27%|██▋       | 273/1000 [3:00:24 > 1:07:42]
L-BFGS:  27%|██▋       | 274/1000 [3:01:41 > 1:07:58]
L-BFGS:  28%|██▊       | 275/1000 [3:02:28 > 1:08:13]
L-BFGS:  28%|██▊       | 276/1000 [3:02:58 > 1:08:28]
L-BFGS:  28%|██▊       | 277/1000 [3:01:01 > 1:08:43]
L-BFGS:  28%|██▊       | 278/1000 [3:01:45 > 1:08:58]
L-BFGS:  28%|██▊       | 279/1000 [3:00:18 > 1:09:13]
L-BFGS:  28%|██▊       | 280/1000 [2:59:01 > 1:09:28]
L-BFGS:  28%|██▊       | 281/1000 [3:00:05 > 1:09:43]
L-BFGS:  28%|██▊       | 282/1000 [2:58:41 > 1:09:58]
L-BFGS:  28%|██▊       | 283/1000 [2:57:36 > 1:10:12]
L-BFGS:  28%|██▊       | 284/1000 [2:56:32 > 1:10:27]
L-BFGS:  28%|██▊       | 285/1000 [2:55:39 > 1:10:42]
L-BFGS:  29%|██▊       | 286/1000 [2:57:02 > 1:10:57]
L-BFGS:  29%|██▊       | 287/1000 [2:57:59 > 1:11:12]
L-BFGS:  29%|██▉       | 288/1000 [2:58:31 > 1:11:27]
L-BFGS:  29%|██▉       | 289/1000 [2:56:50 > 1:11:42]
L-BFGS:  29%|██▉       | 290/1000 [2:55:26 > 1:11:56]
L-BFGS:  29%|██▉       | 291/1000 [2:54:31 > 1:12:11]
L-BFGS:  29%|██▉       | 292/1000 [2:55:51 > 1:12:26]
L-BFGS:  29%|██▉       | 293/1000 [2:56:41 > 1:12:41]
L-BFGS:  29%|██▉       | 294/1000 [2:57:09 > 1:12:57]
L-BFGS:  30%|██▉       | 295/1000 [2:57:35 > 1:13:12]
L-BFGS:  30%|██▉       | 296/1000 [2:57:35 > 1:13:27]
L-BFGS:  30%|██▉       | 297/1000 [2:57:34 > 1:13:42]
L-BFGS:  30%|██▉       | 298/1000 [2:55:33 > 1:13:57]
L-BFGS:  30%|██▉       | 299/1000 [2:53:55 > 1:14:12]
L-BFGS:  30%|███       | 300/1000 [2:54:49 > 1:14:27]
L-BFGS:  30%|███       | 301/1000 [2:53:19 > 1:14:41]
L-BFGS:  30%|███       | 302/1000 [2:52:24 > 1:14:56]
L-BFGS:  30%|███       | 303/1000 [2:53:45 > 1:15:11]
L-BFGS:  30%|███       | 304/1000 [2:52:32 > 1:15:26]
L-BFGS:  30%|███       | 305/1000 [2:51:45 > 1:15:41]
L-BFGS:  31%|███       | 306/1000 [2:51:12 > 1:15:56]
L-BFGS:  31%|███       | 307/1000 [2:50:40 > 1:16:10]
L-BFGS:  31%|███       | 308/1000 [2:52:07 > 1:16:26]
L-BFGS:  31%|███       | 309/1000 [2:53:10 > 1:16:41]
L-BFGS:  31%|███       | 310/1000 [2:51:42 > 1:16:56]
L-BFGS:  31%|███       | 311/1000 [2:52:39 > 1:17:11]
L-BFGS:  31%|███       | 312/1000 [2:51:15 > 1:17:25]
L-BFGS:  31%|███▏      | 313/1000 [2:50:07 > 1:17:40]
L-BFGS:  31%|███▏      | 314/1000 [2:51:03 > 1:17:55]
L-BFGS:  32%|███▏      | 315/1000 [2:49:37 > 1:18:10]
L-BFGS:  32%|███▏      | 316/1000 [2:48:36 > 1:18:25]
L-BFGS:  32%|███▏      | 317/1000 [2:49:51 > 1:18:40]
L-BFGS:  32%|███▏      | 318/1000 [2:50:34 > 1:18:55]
L-BFGS:  32%|███▏      | 319/1000 [2:49:01 > 1:19:10]
L-BFGS:  32%|███▏      | 320/1000 [2:47:50 > 1:19:24]
L-BFGS:  32%|███▏      | 321/1000 [2:48:56 > 1:19:39]
L-BFGS:  32%|███▏      | 322/1000 [2:49:36 > 1:19:55]
L-BFGS:  32%|███▏      | 323/1000 [2:48:02 > 1:20:09]
L-BFGS:  32%|███▏      | 324/1000 [2:46:53 > 1:20:24]
L-BFGS:  32%|███▎      | 325/1000 [2:48:05 > 1:20:39]
L-BFGS:  33%|███▎      | 326/1000 [2:48:46 > 1:20:54]
L-BFGS:  33%|███▎      | 327/1000 [2:49:09 > 1:21:10]
L-BFGS:  33%|███▎      | 328/1000 [2:47:23 > 1:21:24]
L-BFGS:  33%|███▎      | 329/1000 [2:47:58 > 1:21:39]
L-BFGS:  33%|███▎      | 330/1000 [2:48:20 > 1:21:55]
L-BFGS:  33%|███▎      | 331/1000 [2:46:49 > 1:22:09]
L-BFGS:  33%|███▎      | 332/1000 [2:45:42 > 1:22:24]
L-BFGS:  33%|███▎      | 333/1000 [2:44:56 > 1:22:39]
L-BFGS:  33%|███▎      | 334/1000 [2:46:10 > 1:22:54]
L-BFGS:  34%|███▎      | 335/1000 [2:45:04 > 1:23:09]
L-BFGS:  34%|███▎      | 336/1000 [2:44:14 > 1:23:23]
L-BFGS:  34%|███▎      | 337/1000 [2:45:26 > 1:23:39]
L-BFGS:  34%|███▍      | 338/1000 [2:44:19 > 1:23:53]
L-BFGS:  34%|███▍      | 339/1000 [2:45:18 > 1:24:09]
L-BFGS:  34%|███▍      | 340/1000 [2:44:09 > 1:24:23]
L-BFGS:  34%|███▍      | 341/1000 [2:43:12 > 1:24:38]
L-BFGS:  34%|███▍      | 342/1000 [2:44:12 > 1:24:53]
L-BFGS:  34%|███▍      | 343/1000 [2:42:46 > 1:25:08]
L-BFGS:  34%|███▍      | 344/1000 [2:43:40 > 1:25:23]
L-BFGS:  34%|███▍      | 345/1000 [2:42:16 > 1:25:38]
L-BFGS:  35%|███▍      | 346/1000 [2:41:15 > 1:25:52]
L-BFGS:  35%|███▍      | 347/1000 [2:42:19 > 1:26:08]
L-BFGS:  35%|███▍      | 348/1000 [2:41:05 > 1:26:22]
L-BFGS:  35%|███▍      | 349/1000 [2:40:11 > 1:26:37]
L-BFGS:  35%|███▌      | 350/1000 [2:39:27 > 1:26:52]
L-BFGS:  35%|███▌      | 351/1000 [2:40:49 > 1:27:07]
L-BFGS:  35%|███▌      | 352/1000 [2:41:38 > 1:27:22]
L-BFGS:  35%|███▌      | 353/1000 [2:42:08 > 1:27:37]
L-BFGS:  35%|███▌      | 354/1000 [2:40:39 > 1:27:52]
L-BFGS:  36%|███▌      | 355/1000 [2:41:22 > 1:28:07]
L-BFGS:  36%|███▌      | 356/1000 [2:39:50 > 1:28:22]
L-BFGS:  36%|███▌      | 357/1000 [2:40:36 > 1:28:37]
L-BFGS:  36%|███▌      | 358/1000 [2:39:05 > 1:28:51]
L-BFGS:  36%|███▌      | 359/1000 [2:38:01 > 1:29:06]
L-BFGS:  36%|███▌      | 360/1000 [2:37:23 > 1:29:21]
L-BFGS:  36%|███▌      | 361/1000 [2:36:59 > 1:29:35]
L-BFGS:  36%|███▌      | 362/1000 [2:36:37 > 1:29:50]
L-BFGS:  36%|███▋      | 363/1000 [2:36:17 > 1:30:05]
L-BFGS:  36%|███▋      | 364/1000 [2:36:00 > 1:30:20]
L-BFGS:  36%|███▋      | 365/1000 [2:35:43 > 1:30:34]
L-BFGS:  37%|███▋      | 366/1000 [2:37:19 > 1:30:50]
L-BFGS:  37%|███▋      | 367/1000 [2:36:27 > 1:31:04]
L-BFGS:  37%|███▋      | 368/1000 [2:37:38 > 1:31:20]
L-BFGS:  37%|███▋      | 369/1000 [2:38:26 > 1:31:35]
L-BFGS:  37%|███▋      | 370/1000 [2:37:03 > 1:31:50]
L-BFGS:  37%|███▋      | 371/1000 [2:37:45 > 1:32:05]
L-BFGS:  37%|███▋      | 372/1000 [2:36:12 > 1:32:19]
L-BFGS:  37%|███▋      | 373/1000 [2:36:51 > 1:32:35]
L-BFGS:  37%|███▋      | 374/1000 [2:35:20 > 1:32:49]
L-BFGS:  38%|███▊      | 375/1000 [2:34:13 > 1:33:04]
L-BFGS:  38%|███▊      | 376/1000 [2:33:24 > 1:33:18]
L-BFGS:  38%|███▊      | 377/1000 [2:32:43 > 1:33:33]
L-BFGS:  38%|███▊      | 378/1000 [2:32:10 > 1:33:48]
L-BFGS:  38%|███▊      | 379/1000 [2:33:33 > 1:34:03]
L-BFGS:  38%|███▊      | 380/1000 [2:32:39 > 1:34:18]
L-BFGS:  38%|███▊      | 381/1000 [2:31:54 > 1:34:32]
L-BFGS:  38%|███▊      | 382/1000 [2:31:23 > 1:34:47]
L-BFGS:  38%|███▊      | 383/1000 [2:30:54 > 1:35:01]
L-BFGS:  38%|███▊      | 384/1000 [2:32:19 > 1:35:17]
L-BFGS:  38%|███▊      | 385/1000 [2:33:12 > 1:35:32]
L-BFGS:  39%|███▊      | 386/1000 [2:31:59 > 1:35:46]
L-BFGS:  39%|███▊      | 387/1000 [2:31:03 > 1:36:01]
L-BFGS:  39%|███▉      | 388/1000 [2:32:01 > 1:36:16]
L-BFGS:  39%|███▉      | 389/1000 [2:31:01 > 1:36:31]
L-BFGS:  39%|███▉      | 390/1000 [2:30:23 > 1:36:46]
L-BFGS:  39%|███▉      | 391/1000 [2:31:40 > 1:37:01]
L-BFGS:  39%|███▉      | 392/1000 [2:30:39 > 1:37:16]
L-BFGS:  39%|███▉      | 393/1000 [2:31:44 > 1:37:31]
L-BFGS:  39%|███▉      | 394/1000 [2:30:35 > 1:37:46]
L-BFGS:  40%|███▉      | 395/1000 [2:29:44 > 1:38:00]
L-BFGS:  40%|███▉      | 396/1000 [2:28:59 > 1:38:15]
L-BFGS:  40%|███▉      | 397/1000 [2:30:10 > 1:38:30]
L-BFGS:  40%|███▉      | 398/1000 [2:31:00 > 1:38:46]
L-BFGS:  40%|███▉      | 399/1000 [2:31:30 > 1:39:01]
L-BFGS:  40%|████      | 400/1000 [2:31:40 > 1:39:16]
L-BFGS:  40%|████      | 401/1000 [2:31:29 > 1:39:31]
L-BFGS:  40%|████      | 402/1000 [2:29:33 > 1:39:46]
L-BFGS:  40%|████      | 403/1000 [2:29:54 > 1:40:01]
L-BFGS:  40%|████      | 404/1000 [2:28:26 > 1:40:16]
L-BFGS:  40%|████      | 405/1000 [2:28:57 > 1:40:31]
L-BFGS:  41%|████      | 406/1000 [2:29:11 > 1:40:46]
L-BFGS:  41%|████      | 407/1000 [2:29:26 > 1:41:01]
L-BFGS:  41%|████      | 408/1000 [2:29:26 > 1:41:17]
L-BFGS:  41%|████      | 409/1000 [2:29:25 > 1:41:32]
L-BFGS:  41%|████      | 410/1000 [2:27:36 > 1:41:47]
L-BFGS:  41%|████      | 411/1000 [2:26:06 > 1:42:01]
L-BFGS:  41%|████      | 412/1000 [2:25:02 > 1:42:16]
L-BFGS:  41%|████▏     | 413/1000 [2:24:16 > 1:42:30]
L-BFGS:  41%|████▏     | 414/1000 [2:23:38 > 1:42:45]
L-BFGS:  42%|████▏     | 415/1000 [2:23:09 > 1:43:00]
L-BFGS:  42%|████▏     | 416/1000 [2:24:25 > 1:43:15]
L-BFGS:  42%|████▏     | 417/1000 [2:23:35 > 1:43:29]
L-BFGS:  42%|████▏     | 418/1000 [2:22:56 > 1:43:44]
L-BFGS:  42%|████▏     | 419/1000 [2:22:40 > 1:43:59]
L-BFGS:  42%|████▏     | 420/1000 [2:22:17 > 1:44:13]
L-BFGS:  42%|████▏     | 421/1000 [2:23:38 > 1:44:29]
L-BFGS:  42%|████▏     | 422/1000 [2:24:33 > 1:44:44]
L-BFGS:  42%|████▏     | 423/1000 [2:23:27 > 1:44:59]
L-BFGS:  42%|████▏     | 424/1000 [2:24:17 > 1:45:14]
L-BFGS:  42%|████▎     | 425/1000 [2:23:08 > 1:45:29]
L-BFGS:  43%|████▎     | 426/1000 [2:23:56 > 1:45:44]
L-BFGS:  43%|████▎     | 427/1000 [2:22:40 > 1:45:59]
L-BFGS:  43%|████▎     | 428/1000 [2:21:47 > 1:46:13]
L-BFGS:  43%|████▎     | 429/1000 [2:20:55 > 1:46:28]
L-BFGS:  43%|████▎     | 430/1000 [2:20:06 > 1:46:43]
L-BFGS:  43%|████▎     | 431/1000 [2:19:34 > 1:46:57]
L-BFGS:  43%|████▎     | 432/1000 [2:20:41 > 1:47:13]
L-BFGS:  43%|████▎     | 433/1000 [2:21:26 > 1:47:28]
L-BFGS:  43%|████▎     | 434/1000 [2:20:13 > 1:47:42]
L-BFGS:  44%|████▎     | 435/1000 [2:20:57 > 1:47:58]
L-BFGS:  44%|████▎     | 436/1000 [2:19:43 > 1:48:12]
L-BFGS:  44%|████▎     | 437/1000 [2:18:48 > 1:48:27]
L-BFGS:  44%|████▍     | 438/1000 [2:19:44 > 1:48:42]
L-BFGS:  44%|████▍     | 439/1000 [2:18:39 > 1:48:57]
L-BFGS:  44%|████▍     | 440/1000 [2:17:52 > 1:49:11]
L-BFGS:  44%|████▍     | 441/1000 [2:18:48 > 1:49:27]
L-BFGS:  44%|████▍     | 442/1000 [2:17:48 > 1:49:41]
L-BFGS:  44%|████▍     | 443/1000 [2:16:58 > 1:49:56]
L-BFGS:  44%|████▍     | 444/1000 [2:17:59 > 1:50:11]
L-BFGS:  44%|████▍     | 445/1000 [2:17:04 > 1:50:26]
L-BFGS:  45%|████▍     | 446/1000 [2:16:14 > 1:50:40]
L-BFGS:  45%|████▍     | 447/1000 [2:15:33 > 1:50:55]
L-BFGS:  45%|████▍     | 448/1000 [2:15:20 > 1:51:10]
L-BFGS:  45%|████▍     | 449/1000 [2:15:02 > 1:51:24]
L-BFGS:  45%|████▌     | 450/1000 [2:14:48 > 1:51:39]
L-BFGS:  45%|████▌     | 451/1000 [2:14:35 > 1:51:54]
L-BFGS:  45%|████▌     | 452/1000 [2:15:57 > 1:52:09]
L-BFGS:  45%|████▌     | 453/1000 [2:16:51 > 1:52:24]
L-BFGS:  45%|████▌     | 454/1000 [2:15:41 > 1:52:39]
L-BFGS:  46%|████▌     | 455/1000 [2:14:52 > 1:52:54]
L-BFGS:  46%|████▌     | 456/1000 [2:15:49 > 1:53:09]
L-BFGS:  46%|████▌     | 457/1000 [2:16:32 > 1:53:24]
L-BFGS:  46%|████▌     | 458/1000 [2:15:17 > 1:53:39]
L-BFGS:  46%|████▌     | 459/1000 [2:14:06 > 1:53:54]
L-BFGS:  46%|████▌     | 460/1000 [2:13:06 > 1:54:08]
L-BFGS:  46%|████▌     | 461/1000 [2:14:01 > 1:54:23]
L-BFGS:  46%|████▌     | 462/1000 [2:12:54 > 1:54:38]
L-BFGS:  46%|████▋     | 463/1000 [2:12:06 > 1:54:53]
L-BFGS:  46%|████▋     | 464/1000 [2:13:05 > 1:55:08]
L-BFGS:  46%|████▋     | 465/1000 [2:13:38 > 1:55:23]
L-BFGS:  47%|████▋     | 466/1000 [2:14:00 > 1:55:38]
L-BFGS:  47%|████▋     | 467/1000 [2:14:07 > 1:55:53]
L-BFGS:  47%|████▋     | 468/1000 [2:14:05 > 1:56:09]
L-BFGS:  47%|████▋     | 469/1000 [2:12:29 > 1:56:23]
L-BFGS:  47%|████▋     | 470/1000 [2:11:21 > 1:56:38]
L-BFGS:  47%|████▋     | 471/1000 [2:10:24 > 1:56:53]
L-BFGS:  47%|████▋     | 472/1000 [2:11:15 > 1:57:08]
L-BFGS:  47%|████▋     | 473/1000 [2:10:13 > 1:57:22]
L-BFGS:  47%|████▋     | 474/1000 [2:10:54 > 1:57:38]
L-BFGS:  48%|████▊     | 475/1000 [2:09:52 > 1:57:52]
L-BFGS:  48%|████▊     | 476/1000 [2:10:33 > 1:58:07]
L-BFGS:  48%|████▊     | 477/1000 [2:11:08 > 1:58:23]
L-BFGS:  48%|████▊     | 478/1000 [2:10:04 > 1:58:37]
L-BFGS:  48%|████▊     | 479/1000 [2:09:10 > 1:58:52]
L-BFGS:  48%|████▊     | 480/1000 [2:09:58 > 1:59:07]
L-BFGS:  48%|████▊     | 481/1000 [2:10:27 > 1:59:23]
L-BFGS:  48%|████▊     | 482/1000 [2:10:44 > 1:59:38]
L-BFGS:  48%|████▊     | 483/1000 [2:10:49 > 1:59:53]
L-BFGS:  48%|████▊     | 484/1000 [2:10:47 > 2:00:08]
L-BFGS:  48%|████▊     | 485/1000 [2:09:16 > 2:00:23]
L-BFGS:  49%|████▊     | 486/1000 [2:09:34 > 2:00:38]
L-BFGS:  49%|████▊     | 487/1000 [2:08:15 > 2:00:53]
L-BFGS:  49%|████▉     | 488/1000 [2:08:29 > 2:01:08]
L-BFGS:  49%|████▉     | 489/1000 [2:08:33 > 2:01:24]
L-BFGS:  49%|████▉     | 490/1000 [2:07:06 > 2:01:38]
L-BFGS:  49%|████▉     | 491/1000 [2:07:33 > 2:01:53]
L-BFGS:  49%|████▉     | 492/1000 [2:07:45 > 2:02:09]
L-BFGS:  49%|████▉     | 493/1000 [2:06:18 > 2:02:23]
L-BFGS:  49%|████▉     | 494/1000 [2:06:41 > 2:02:38]
L-BFGS:  50%|████▉     | 495/1000 [2:05:28 > 2:02:53]
L-BFGS:  50%|████▉     | 496/1000 [2:04:32 > 2:03:08]
L-BFGS:  50%|████▉     | 497/1000 [2:03:48 > 2:03:22]
L-BFGS:  50%|████▉     | 498/1000 [2:04:42 > 2:03:38]
L-BFGS:  50%|████▉     | 499/1000 [2:03:43 > 2:03:52]
L-BFGS:  50%|█████     | 500/1000 [2:02:59 > 2:04:07]
L-BFGS:  50%|█████     | 501/1000 [2:03:58 > 2:04:22]
L-BFGS:  50%|█████     | 502/1000 [2:03:00 > 2:04:37]
L-BFGS:  50%|█████     | 503/1000 [2:03:47 > 2:04:52]
L-BFGS:  50%|█████     | 504/1000 [2:02:41 > 2:05:06]
L-BFGS:  50%|█████     | 505/1000 [2:03:19 > 2:05:22]
L-BFGS:  51%|█████     | 506/1000 [2:02:23 > 2:05:36]
L-BFGS:  51%|█████     | 507/1000 [2:01:43 > 2:05:51]
L-BFGS:  51%|█████     | 508/1000 [2:01:10 > 2:06:06]
L-BFGS:  51%|█████     | 509/1000 [2:02:10 > 2:06:21]
L-BFGS:  51%|█████     | 510/1000 [2:01:20 > 2:06:36]
L-BFGS:  51%|█████     | 511/1000 [2:02:08 > 2:06:51]
L-BFGS:  51%|█████     | 512/1000 [2:02:35 > 2:07:06]
L-BFGS:  51%|█████▏    | 513/1000 [2:01:29 > 2:07:21]
L-BFGS:  51%|█████▏    | 514/1000 [2:00:39 > 2:07:36]
L-BFGS:  52%|█████▏    | 515/1000 [2:01:22 > 2:07:51]
L-BFGS:  52%|█████▏    | 516/1000 [2:01:49 > 2:08:06]
L-BFGS:  52%|█████▏    | 517/1000 [2:01:52 > 2:08:22]
L-BFGS:  52%|█████▏    | 518/1000 [2:01:46 > 2:08:37]
L-BFGS:  52%|█████▏    | 519/1000 [2:00:17 > 2:08:51]
L-BFGS:  52%|█████▏    | 520/1000 [2:00:30 > 2:09:07]
L-BFGS:  52%|█████▏    | 521/1000 [1:59:09 > 2:09:21]
L-BFGS:  52%|█████▏    | 522/1000 [1:59:32 > 2:09:36]
L-BFGS:  52%|█████▏    | 523/1000 [1:58:20 > 2:09:51]
L-BFGS:  52%|█████▏    | 524/1000 [1:58:48 > 2:10:06]
L-BFGS:  52%|█████▎    | 525/1000 [1:59:07 > 2:10:21]
L-BFGS:  53%|█████▎    | 526/1000 [1:57:50 > 2:10:36]
L-BFGS:  53%|█████▎    | 527/1000 [1:56:53 > 2:10:51]
L-BFGS:  53%|█████▎    | 528/1000 [1:56:10 > 2:11:05]
L-BFGS:  53%|█████▎    | 529/1000 [1:55:34 > 2:11:20]
L-BFGS:  53%|█████▎    | 530/1000 [1:56:27 > 2:11:35]
L-BFGS:  53%|█████▎    | 531/1000 [1:55:38 > 2:11:50]
L-BFGS:  53%|█████▎    | 532/1000 [1:54:58 > 2:12:04]
L-BFGS:  53%|█████▎    | 533/1000 [1:54:27 > 2:12:19]
L-BFGS:  53%|█████▎    | 534/1000 [1:54:00 > 2:12:34]
L-BFGS:  54%|█████▎    | 535/1000 [1:55:07 > 2:12:49]
L-BFGS:  54%|█████▎    | 536/1000 [1:47:42 > 2:13:01]
L-BFGS:  54%|█████▎    | 537/1000 [1:50:38 > 2:13:16]
L-BFGS:  54%|█████▍    | 538/1000 [1:51:14 > 2:13:31]
L-BFGS:  54%|█████▍    | 539/1000 [1:53:04 > 2:13:46]
L-BFGS:  54%|█████▍    | 540/1000 [1:52:48 > 2:14:01]
L-BFGS:  54%|█████▍    | 541/1000 [1:52:31 > 2:14:15]
L-BFGS:  54%|█████▍    | 542/1000 [1:53:32 > 2:14:31]
L-BFGS:  54%|█████▍    | 543/1000 [1:54:11 > 2:14:46]
L-BFGS:  54%|█████▍    | 544/1000 [1:53:16 > 2:15:01]
L-BFGS:  55%|█████▍    | 545/1000 [1:25:47 > 2:15:04]
L-BFGS:  55%|█████▍    | 546/1000 [1:34:41 > 2:15:19]
L-BFGS:  55%|█████▍    | 547/1000 [1:39:17 > 2:15:33]
L-BFGS:  55%|█████▍    | 548/1000 [1:43:43 > 2:15:49]
L-BFGS:  55%|█████▍    | 549/1000 [1:45:28 > 2:16:03]
L-BFGS:  55%|█████▌    | 550/1000 [1:46:31 > 2:16:18]
L-BFGS:  55%|█████▌    | 551/1000 [1:47:15 > 2:16:33]
L-BFGS:  55%|█████▌    | 552/1000 [1:47:38 > 2:16:47]
L-BFGS:  55%|█████▌    | 553/1000 [1:47:51 > 2:17:02]
L-BFGS:  55%|█████▌    | 554/1000 [1:47:55 > 2:17:16]
L-BFGS:  56%|█████▌    | 555/1000 [1:49:11 > 2:17:32]
L-BFGS:  56%|█████▌    | 556/1000 [1:50:00 > 2:17:47]
L-BFGS:  56%|█████▌    | 557/1000 [1:49:10 > 2:18:01]
L-BFGS:  56%|█████▌    | 558/1000 [1:48:35 > 2:18:16]
L-BFGS:  56%|█████▌    | 559/1000 [1:49:22 > 2:18:31]
L-BFGS:  56%|█████▌    | 560/1000 [1:49:50 > 2:18:46]
L-BFGS:  56%|█████▌    | 561/1000 [1:50:04 > 2:19:02]
L-BFGS:  56%|█████▌    | 562/1000 [1:48:50 > 2:19:16]
L-BFGS:  56%|█████▋    | 563/1000 [1:49:12 > 2:19:31]
L-BFGS:  56%|█████▋    | 564/1000 [1:48:09 > 2:19:46]
L-BFGS:  56%|█████▋    | 565/1000 [1:48:42 > 2:20:01]
L-BFGS:  57%|█████▋    | 566/1000 [1:49:06 > 2:20:17]
L-BFGS:  57%|█████▋    | 567/1000 [1:49:16 > 2:20:32]
L-BFGS:  57%|█████▋    | 568/1000 [1:49:20 > 2:20:47]
L-BFGS:  57%|█████▋    | 569/1000 [1:49:18 > 2:21:02]
L-BFGS:  57%|█████▋    | 570/1000 [1:47:59 > 2:21:17]
L-BFGS:  57%|█████▋    | 571/1000 [1:46:56 > 2:21:32]
L-BFGS:  57%|█████▋    | 572/1000 [1:47:21 > 2:21:47]
L-BFGS:  57%|█████▋    | 573/1000 [1:46:18 > 2:22:02]
L-BFGS:  57%|█████▋    | 574/1000 [1:46:50 > 2:22:17]
L-BFGS:  57%|█████▊    | 575/1000 [1:45:49 > 2:22:32]
L-BFGS:  58%|█████▊    | 576/1000 [1:44:54 > 2:22:46]
L-BFGS:  58%|█████▊    | 577/1000 [1:44:13 > 2:23:01]
L-BFGS:  58%|█████▊    | 578/1000 [1:44:52 > 2:23:16]
L-BFGS:  58%|█████▊    | 579/1000 [1:43:59 > 2:23:31]
L-BFGS:  58%|█████▊    | 580/1000 [1:44:32 > 2:23:46]
L-BFGS:  58%|█████▊    | 581/1000 [1:44:50 > 2:24:01]
L-BFGS:  58%|█████▊    | 582/1000 [1:43:43 > 2:24:16]
L-BFGS:  58%|█████▊    | 583/1000 [1:42:54 > 2:24:31]
L-BFGS:  58%|█████▊    | 584/1000 [1:43:28 > 2:24:46]
L-BFGS:  58%|█████▊    | 585/1000 [1:14:40 > 2:24:47]
L-BFGS:  59%|█████▊    | 586/1000 [1:23:34 > 2:25:02]
L-BFGS:  59%|█████▊    | 587/1000 [1:10:26 > 2:25:08]
L-BFGS:  59%|█████▉    | 588/1000 [1:20:28 > 2:25:23]
L-BFGS:  59%|█████▉    | 589/1000 [1:00:59 > 2:25:25]
L-BFGS:  59%|█████▉    | 590/1000 [1:13:45 > 2:25:41]
L-BFGS:  59%|█████▉    | 591/1000 [1:21:23 > 2:25:55]
L-BFGS:  59%|█████▉    | 592/1000 [1:26:37 > 2:26:10]
L-BFGS:  59%|█████▉    | 593/1000 [1:31:22 > 2:26:25]
L-BFGS:  59%|█████▉    | 594/1000 [1:34:38 > 2:26:40]
L-BFGS:  60%|█████▉    | 595/1000 [1:36:56 > 2:26:55]
L-BFGS:  60%|█████▉    | 596/1000 [1:38:32 > 2:27:11]
L-BFGS:  60%|█████▉    | 597/1000 [1:38:22 > 2:27:25]
L-BFGS:  60%|█████▉    | 598/1000 [1:38:13 > 2:27:40]
L-BFGS:  60%|█████▉    | 599/1000 [1:38:01 > 2:27:55]
L-BFGS:  60%|██████    | 600/1000 [1:37:51 > 2:28:09]
L-BFGS:  60%|██████    | 601/1000 [1:37:37 > 2:28:24]
L-BFGS:  60%|██████    | 602/1000 [1:37:27 > 2:28:39]
L-BFGS:  60%|██████    | 603/1000 [1:37:14 > 2:28:54]
L-BFGS:  60%|██████    | 604/1000 [1:37:01 > 2:29:08]
L-BFGS:  60%|██████    | 605/1000 [1:36:46 > 2:29:23]
L-BFGS:  61%|██████    | 606/1000 [1:37:43 > 2:29:38]
L-BFGS:  61%|██████    | 607/1000 [1:38:12 > 2:29:54]
L-BFGS:  61%|██████    | 608/1000 [1:38:25 > 2:30:09]
L-BFGS:  61%|██████    | 609/1000 [1:37:19 > 2:30:23]
L-BFGS:  61%|██████    | 610/1000 [1:29:39 > 2:30:35]
L-BFGS:  61%|██████    | 611/1000 [1:32:09 > 2:30:50]
L-BFGS:  61%|██████    | 612/1000 [1:32:40 > 2:31:04]
L-BFGS:  61%|██████▏   | 613/1000 [1:34:08 > 2:31:20]
L-BFGS:  61%|██████▏   | 614/1000 [1:33:58 > 2:31:34]
L-BFGS:  62%|██████▏   | 615/1000 [1:34:53 > 2:31:49]
L-BFGS:  62%|██████▏   | 616/1000 [1:34:18 > 2:32:04]
L-BFGS:  62%|██████▏   | 617/1000 [1:33:52 > 2:32:19]
L-BFGS:  62%|██████▏   | 618/1000 [1:34:35 > 2:32:34]
L-BFGS:  62%|██████▏   | 619/1000 [1:34:58 > 2:32:49]
L-BFGS:  62%|██████▏   | 620/1000 [1:11:50 > 2:32:52]
L-BFGS:  62%|██████▏   | 621/1000 [1:17:50 > 2:33:07]
L-BFGS:  62%|██████▏   | 622/1000 [1:23:02 > 2:33:22]
L-BFGS:  62%|██████▏   | 623/1000 [1:25:31 > 2:33:36]
L-BFGS:  62%|██████▏   | 624/1000 [1:28:19 > 2:33:52]
L-BFGS:  62%|██████▎   | 625/1000 [1:30:07 > 2:34:07]
L-BFGS:  63%|██████▎   | 626/1000 [1:30:15 > 2:34:21]
L-BFGS:  63%|██████▎   | 627/1000 [1:30:28 > 2:34:36]
L-BFGS:  63%|██████▎   | 628/1000 [1:30:32 > 2:34:51]
L-BFGS:  63%|██████▎   | 629/1000 [1:30:28 > 2:35:06]
L-BFGS:  63%|██████▎   | 630/1000 [1:31:25 > 2:35:21]
L-BFGS:  63%|██████▎   | 631/1000 [1:05:59 > 2:35:22]
L-BFGS:  63%|██████▎   | 632/1000 [1:13:08 > 2:35:37]
L-BFGS:  63%|██████▎   | 633/1000 [1:19:07 > 2:35:52]
L-BFGS:  63%|██████▎   | 634/1000 [1:23:11 > 2:36:07]
L-BFGS:  64%|██████▎   | 635/1000 [1:24:56 > 2:36:22]
L-BFGS:  64%|██████▎   | 636/1000 [1:26:03 > 2:36:37]
L-BFGS:  64%|██████▎   | 637/1000 [1:27:51 > 2:36:52]
L-BFGS:  64%|██████▍   | 638/1000 [1:27:54 > 2:37:07]
L-BFGS:  64%|██████▍   | 639/1000 [1:27:44 > 2:37:21]
L-BFGS:  64%|██████▍   | 640/1000 [1:28:36 > 2:37:37]
L-BFGS:  64%|██████▍   | 641/1000 [1:29:11 > 2:37:52]
L-BFGS:  64%|██████▍   | 642/1000 [1:28:26 > 2:38:06]
L-BFGS:  64%|██████▍   | 643/1000 [1:27:48 > 2:38:21]
L-BFGS:  64%|██████▍   | 644/1000 [1:13:46 > 2:38:28]
L-BFGS:  64%|██████▍   | 645/1000 [1:17:26 > 2:38:43]
L-BFGS:  65%|██████▍   | 646/1000 [1:21:01 > 2:38:58]
L-BFGS:  65%|██████▍   | 647/1000 [1:23:22 > 2:39:13]
L-BFGS:  65%|██████▍   | 648/1000 [1:05:23 > 2:39:17]
L-BFGS:  65%|██████▍   | 649/1000 [1:11:18 > 2:39:32]
L-BFGS:  65%|██████▌   | 650/1000 [1:15:19 > 2:39:46]
L-BFGS:  65%|██████▌   | 651/1000 [1:18:09 > 2:40:01]
L-BFGS:  65%|██████▌   | 652/1000 [1:20:01 > 2:40:16]
L-BFGS:  65%|██████▌   | 653/1000 [1:21:14 > 2:40:30]
L-BFGS:  65%|██████▌   | 654/1000 [1:21:58 > 2:40:45]
L-BFGS:  66%|██████▌   | 655/1000 [1:22:26 > 2:41:00]
L-BFGS:  66%|██████▌   | 656/1000 [1:22:40 > 2:41:14]
L-BFGS:  66%|██████▌   | 657/1000 [1:22:48 > 2:41:29]
L-BFGS:  66%|██████▌   | 658/1000 [1:22:56 > 2:41:43]
L-BFGS:  66%|██████▌   | 659/1000 [1:04:54 > 2:41:48]
L-BFGS:  66%|██████▌   | 660/1000 [1:10:14 > 2:42:02]
L-BFGS:  66%|██████▌   | 661/1000 [1:14:55 > 2:42:18]
L-BFGS:  66%|██████▌   | 662/1000 [1:17:57 > 2:42:33]
L-BFGS:  66%|██████▋   | 663/1000 [1:19:07 > 2:42:47]
L-BFGS:  66%|██████▋   | 664/1000 [1:20:52 > 2:43:03]
L-BFGS:  66%|██████▋   | 665/1000 [1:22:03 > 2:43:18]
L-BFGS:  67%|██████▋   | 666/1000 [1:21:50 > 2:43:33]
L-BFGS:  67%|██████▋   | 667/1000 [1:22:34 > 2:43:48]
L-BFGS:  67%|██████▋   | 668/1000 [1:22:02 > 2:44:03]
L-BFGS:  67%|██████▋   | 669/1000 [1:22:32 > 2:44:18]
L-BFGS:  67%|██████▋   | 670/1000 [1:21:51 > 2:44:33]
L-BFGS:  67%|██████▋   | 671/1000 [1:21:11 > 2:44:47]
L-BFGS:  67%|██████▋   | 672/1000 [1:20:38 > 2:45:02]
L-BFGS:  67%|██████▋   | 673/1000 [1:21:06 > 2:45:17]
L-BFGS:  67%|██████▋   | 674/1000 [1:21:24 > 2:45:32]
L-BFGS:  68%|██████▊   | 675/1000 [1:20:34 > 2:45:47]
L-BFGS:  68%|██████▊   | 676/1000 [1:20:52 > 2:46:02]
L-BFGS:  68%|██████▊   | 677/1000 [1:15:17 > 2:46:14]
L-BFGS:  68%|██████▊   | 678/1000 [1:16:03 > 2:46:28]
L-BFGS:  68%|██████▊   | 679/1000 [1:17:26 > 2:46:44]
L-BFGS:  68%|██████▊   | 680/1000 [1:18:20 > 2:46:59]
L-BFGS:  68%|██████▊   | 681/1000 [1:17:59 > 2:47:13]
L-BFGS:  68%|██████▊   | 682/1000 [1:18:34 > 2:47:29]
L-BFGS:  68%|██████▊   | 683/1000 [1:18:02 > 2:47:43]
L-BFGS:  68%|██████▊   | 684/1000 [1:17:32 > 2:47:58]
L-BFGS:  68%|██████▊   | 685/1000 [1:17:06 > 2:48:12]
L-BFGS:  69%|██████▊   | 686/1000 [1:17:38 > 2:48:28]
L-BFGS:  69%|██████▊   | 687/1000 [1:17:04 > 2:48:42]
L-BFGS:  69%|██████▉   | 688/1000 [1:17:29 > 2:48:57]
L-BFGS:  69%|██████▉   | 689/1000 [1:16:54 > 2:49:12]
L-BFGS:  69%|██████▉   | 690/1000 [1:16:26 > 2:49:27]
L-BFGS:  69%|██████▉   | 691/1000 [1:16:58 > 2:49:42]
L-BFGS:  69%|██████▉   | 692/1000 [1:07:17 > 2:49:51]
L-BFGS:  69%|██████▉   | 693/1000 [1:10:23 > 2:50:06]
L-BFGS:  69%|██████▉   | 694/1000 [1:12:29 > 2:50:22]
L-BFGS:  70%|██████▉   | 695/1000 [1:13:53 > 2:50:37]
L-BFGS:  70%|██████▉   | 696/1000 [1:14:45 > 2:50:52]
L-BFGS:  70%|██████▉   | 697/1000 [1:14:27 > 2:51:07]
L-BFGS:  70%|██████▉   | 698/1000 [1:01:43 > 2:51:13]
L-BFGS:  70%|██████▉   | 699/1000 [1:05:09 > 2:51:28]
L-BFGS:  70%|███████   | 700/1000 [1:08:22 > 2:51:43]
L-BFGS:  70%|███████   | 701/1000 [1:09:33 > 2:51:58]
L-BFGS:  70%|███████   | 702/1000 [1:11:09 > 2:52:13]
L-BFGS:  70%|███████   | 703/1000 [1:12:14 > 2:52:28]
L-BFGS:  70%|███████   | 704/1000 [1:12:00 > 2:52:43]
L-BFGS:  70%|███████   | 705/1000 [1:12:39 > 2:52:58]
L-BFGS:  71%|███████   | 706/1000 [1:12:08 > 2:53:13]
L-BFGS:  71%|███████   | 707/1000 [1:11:44 > 2:53:27]
L-BFGS:  71%|███████   | 708/1000 [1:12:14 > 2:53:42]
L-BFGS:  71%|███████   | 709/1000 [58:02 > 2:53:48]  
L-BFGS:  71%|███████   | 710/1000 [1:01:40 > 2:54:02]
L-BFGS:  71%|███████   | 711/1000 [1:04:59 > 2:54:18]
L-BFGS:  71%|███████   | 712/1000 [1:06:25 > 2:54:32]
L-BFGS:  71%|███████▏  | 713/1000 [1:07:17 > 2:54:47]
L-BFGS:  71%|███████▏  | 714/1000 [1:08:39 > 2:55:02]
L-BFGS:  72%|███████▏  | 715/1000 [1:08:42 > 2:55:17]
L-BFGS:  72%|███████▏  | 716/1000 [50:24 > 2:55:18]  
L-BFGS:  72%|███████▏  | 717/1000 [55:50 > 2:55:33]
L-BFGS:  72%|███████▏  | 718/1000 [45:32 > 2:55:38]
L-BFGS:  72%|███████▏  | 719/1000 [52:18 > 2:55:52]
L-BFGS:  72%|███████▏  | 720/1000 [56:56 > 2:56:07]
L-BFGS:  72%|███████▏  | 721/1000 [1:00:08 > 2:56:21]
L-BFGS:  72%|███████▏  | 722/1000 [1:02:24 > 2:56:36]
L-BFGS:  72%|███████▏  | 723/1000 [48:24 > 2:56:40]  
L-BFGS:  72%|███████▏  | 724/1000 [54:02 > 2:56:54]
L-BFGS:  72%|███████▎  | 725/1000 [58:42 > 2:57:10]
L-BFGS:  73%|███████▎  | 726/1000 [1:01:55 > 2:57:25]
L-BFGS:  73%|███████▎  | 727/1000 [1:04:02 > 2:57:40]
L-BFGS:  73%|███████▎  | 728/1000 [1:04:37 > 2:57:55]
L-BFGS:  73%|███████▎  | 729/1000 [1:05:01 > 2:58:10]
L-BFGS:  73%|███████▎  | 730/1000 [1:05:14 > 2:58:24]
L-BFGS:  73%|███████▎  | 731/1000 [58:10 > 2:58:34]  
L-BFGS:  73%|███████▎  | 732/1000 [55:31 > 2:58:45]
L-BFGS:  73%|███████▎  | 733/1000 [44:59 > 2:58:50]
L-BFGS:  73%|███████▎  | 734/1000 [34:30 > 2:58:52]
L-BFGS:  74%|███████▎  | 735/1000 [44:14 > 2:59:07]
L-BFGS:  74%|███████▎  | 736/1000 [50:56 > 2:59:23]
L-BFGS:  74%|███████▎  | 737/1000 [54:45 > 2:59:37]
L-BFGS:  74%|███████▍  | 738/1000 [48:07 > 2:59:45]
L-BFGS:  74%|███████▍  | 739/1000 [52:36 > 2:59:59]
L-BFGS:  74%|███████▍  | 740/1000 [45:48 > 3:00:06]
L-BFGS:  74%|███████▍  | 741/1000 [51:36 > 3:00:22]
L-BFGS:  74%|███████▍  | 742/1000 [55:34 > 3:00:37]
L-BFGS:  74%|███████▍  | 743/1000 [58:17 > 3:00:52]
L-BFGS:  74%|███████▍  | 744/1000 [1:00:06 > 3:01:07]
L-BFGS:  74%|███████▍  | 745/1000 [1:00:32 > 3:01:22]
L-BFGS:  75%|███████▍  | 746/1000 [1:01:33 > 3:01:37]
L-BFGS:  75%|███████▍  | 747/1000 [1:01:25 > 3:01:52]
L-BFGS:  75%|███████▍  | 748/1000 [1:01:13 > 3:02:06]
L-BFGS:  75%|███████▍  | 749/1000 [1:01:02 > 3:02:21]
L-BFGS:  75%|███████▌  | 750/1000 [1:01:33 > 3:02:36]
L-BFGS:  75%|███████▌  | 751/1000 [1:01:49 > 3:02:51]
L-BFGS:  75%|███████▌  | 752/1000 [1:01:13 > 3:03:06]
L-BFGS:  75%|███████▌  | 753/1000 [47:44 > 3:03:10]  
L-BFGS:  75%|███████▌  | 754/1000 [51:17 > 3:03:25]
L-BFGS:  76%|███████▌  | 755/1000 [54:27 > 3:03:40]
L-BFGS:  76%|███████▌  | 756/1000 [55:55 > 3:03:55]
L-BFGS:  76%|███████▌  | 757/1000 [57:34 > 3:04:10]
L-BFGS:  76%|███████▌  | 758/1000 [58:36 > 3:04:25]
L-BFGS:  76%|███████▌  | 759/1000 [58:34 > 3:04:40]
L-BFGS:  76%|███████▌  | 760/1000 [59:11 > 3:04:55]
L-BFGS:  76%|███████▌  | 761/1000 [58:54 > 3:05:10]
L-BFGS:  76%|███████▌  | 762/1000 [58:35 > 3:05:25]
L-BFGS:  76%|███████▋  | 763/1000 [58:14 > 3:05:39]
L-BFGS:  76%|███████▋  | 764/1000 [58:39 > 3:05:55]
L-BFGS:  76%|███████▋  | 765/1000 [58:08 > 3:06:09]
L-BFGS:  77%|███████▋  | 766/1000 [48:44 > 3:06:16]
L-BFGS:  77%|███████▋  | 767/1000 [51:40 > 3:06:31]
L-BFGS:  77%|███████▋  | 768/1000 [40:04 > 3:06:35]
L-BFGS:  77%|███████▋  | 769/1000 [34:40 > 3:06:41]
L-BFGS:  77%|███████▋  | 770/1000 [30:13 > 3:06:46]
L-BFGS:  77%|███████▋  | 771/1000 [37:48 > 3:07:01]
L-BFGS:  77%|███████▋  | 772/1000 [43:00 > 3:07:15]
L-BFGS:  77%|███████▋  | 773/1000 [41:15 > 3:07:25]
L-BFGS:  77%|███████▋  | 774/1000 [45:14 > 3:07:40]
L-BFGS:  78%|███████▊  | 775/1000 [48:38 > 3:07:55]
L-BFGS:  78%|███████▊  | 776/1000 [39:08 > 3:08:00]
L-BFGS:  78%|███████▊  | 777/1000 [43:35 > 3:08:14]
L-BFGS:  78%|███████▊  | 778/1000 [47:17 > 3:08:30]
L-BFGS:  78%|███████▊  | 779/1000 [49:43 > 3:08:45]
L-BFGS:  78%|███████▊  | 780/1000 [51:22 > 3:09:00]
L-BFGS:  78%|███████▊  | 781/1000 [52:25 > 3:09:15]
L-BFGS:  78%|███████▊  | 782/1000 [53:04 > 3:09:30]
L-BFGS:  78%|███████▊  | 783/1000 [52:51 > 3:09:45]
L-BFGS:  78%|███████▊  | 784/1000 [53:16 > 3:10:00]
L-BFGS:  78%|███████▊  | 785/1000 [53:26 > 3:10:15]
L-BFGS:  79%|███████▊  | 786/1000 [53:31 > 3:10:31]
L-BFGS:  79%|███████▊  | 787/1000 [53:28 > 3:10:46]
L-BFGS:  79%|███████▉  | 788/1000 [52:50 > 3:11:01]
L-BFGS:  79%|███████▉  | 789/1000 [52:57 > 3:11:16]
L-BFGS:  79%|███████▉  | 790/1000 [52:21 > 3:11:31]
L-BFGS:  79%|███████▉  | 791/1000 [52:28 > 3:11:46]
L-BFGS:  79%|███████▉  | 792/1000 [51:49 > 3:12:01]
L-BFGS:  79%|███████▉  | 793/1000 [51:19 > 3:12:15]
L-BFGS:  79%|███████▉  | 794/1000 [50:54 > 3:12:30]
L-BFGS:  80%|███████▉  | 795/1000 [50:32 > 3:12:45]
L-BFGS:  80%|███████▉  | 796/1000 [47:11 > 3:12:56]
L-BFGS:  80%|███████▉  | 797/1000 [36:27 > 3:13:00]
L-BFGS:  80%|███████▉  | 798/1000 [40:49 > 3:13:15]
L-BFGS:  80%|███████▉  | 799/1000 [43:10 > 3:13:30]
L-BFGS:  80%|████████  | 800/1000 [44:41 > 3:13:45]
L-BFGS:  80%|████████  | 801/1000 [45:40 > 3:13:59]
L-BFGS:  80%|████████  | 802/1000 [46:15 > 3:14:14]
L-BFGS:  80%|████████  | 803/1000 [47:10 > 3:14:29]
L-BFGS:  80%|████████  | 804/1000 [47:45 > 3:14:44]
L-BFGS:  80%|████████  | 805/1000 [48:04 > 3:14:59]
L-BFGS:  81%|████████  | 806/1000 [48:13 > 3:15:15]
L-BFGS:  81%|████████  | 807/1000 [47:42 > 3:15:29]
L-BFGS:  81%|████████  | 808/1000 [47:14 > 3:15:44]
L-BFGS:  81%|████████  | 809/1000 [46:51 > 3:15:58]
L-BFGS:  81%|████████  | 810/1000 [47:05 > 3:16:14]
L-BFGS:  81%|████████  | 811/1000 [47:08 > 3:16:29]
L-BFGS:  81%|████████  | 812/1000 [47:07 > 3:16:44]
L-BFGS:  81%|████████▏ | 813/1000 [46:28 > 3:16:59]
L-BFGS:  81%|████████▏ | 814/1000 [46:29 > 3:17:14]
L-BFGS:  82%|████████▏ | 815/1000 [37:14 > 3:17:19]
L-BFGS:  82%|████████▏ | 816/1000 [39:22 > 3:17:34]
L-BFGS:  82%|████████▏ | 817/1000 [40:47 > 3:17:48]
L-BFGS:  82%|████████▏ | 818/1000 [35:50 > 3:17:57]
L-BFGS:  82%|████████▏ | 819/1000 [38:14 > 3:18:11]
L-BFGS:  82%|████████▏ | 820/1000 [27:40 > 3:18:12]
L-BFGS:  82%|████████▏ | 821/1000 [32:57 > 3:18:28]
L-BFGS:  82%|████████▏ | 822/1000 [36:33 > 3:18:43]
L-BFGS:  82%|████████▏ | 823/1000 [38:59 > 3:18:58]
L-BFGS:  82%|████████▏ | 824/1000 [40:03 > 3:19:13]
L-BFGS:  82%|████████▎ | 825/1000 [40:45 > 3:19:28]
L-BFGS:  83%|████████▎ | 826/1000 [41:40 > 3:19:43]
L-BFGS:  83%|████████▎ | 827/1000 [41:44 > 3:19:58]
L-BFGS:  83%|████████▎ | 828/1000 [41:43 > 3:20:12]
L-BFGS:  83%|████████▎ | 829/1000 [41:39 > 3:20:27]
L-BFGS:  83%|████████▎ | 830/1000 [41:58 > 3:20:42]
L-BFGS:  83%|████████▎ | 831/1000 [42:03 > 3:20:58]
L-BFGS:  83%|████████▎ | 832/1000 [42:01 > 3:21:13]
L-BFGS:  83%|████████▎ | 833/1000 [41:26 > 3:21:27]
L-BFGS:  83%|████████▎ | 834/1000 [41:26 > 3:21:43]
L-BFGS:  84%|████████▎ | 835/1000 [41:22 > 3:21:58]
L-BFGS:  84%|████████▎ | 836/1000 [40:47 > 3:22:12]
L-BFGS:  84%|████████▎ | 837/1000 [29:19 > 3:22:14]
L-BFGS:  84%|████████▍ | 838/1000 [23:42 > 3:22:18]
L-BFGS:  84%|████████▍ | 839/1000 [28:15 > 3:22:32]
L-BFGS:  84%|████████▍ | 840/1000 [31:48 > 3:22:48]
L-BFGS:  84%|████████▍ | 841/1000 [33:46 > 3:23:02]
L-BFGS:  84%|████████▍ | 842/1000 [35:30 > 3:23:17]
L-BFGS:  84%|████████▍ | 843/1000 [36:37 > 3:23:33]
L-BFGS:  84%|████████▍ | 844/1000 [26:50 > 3:23:34]
L-BFGS:  84%|████████▍ | 845/1000 [28:12 > 3:23:47]
L-BFGS:  85%|████████▍ | 846/1000 [20:04 > 3:23:47]
L-BFGS:  85%|████████▍ | 847/1000 [14:24 > 3:23:48]
L-BFGS:  85%|████████▍ | 848/1000 [10:28 > 3:23:48]
L-BFGS:  85%|████████▍ | 849/1000 [07:43 > 3:23:49]
L-BFGS:  85%|████████▌ | 850/1000 [05:48 > 3:23:50]
L-BFGS:  85%|████████▌ | 851/1000 [04:29 > 3:23:50]
L-BFGS:  85%|████████▌ | 852/1000 [03:33 > 3:23:51]
L-BFGS:  85%|████████▌ | 853/1000 [02:54 > 3:23:51]
L-BFGS:  85%|████████▌ | 854/1000 [02:26 > 3:23:52]
L-BFGS:  86%|████████▌ | 855/1000 [02:07 > 3:23:53]
L-BFGS:  86%|████████▌ | 856/1000 [01:54 > 3:23:53]
L-BFGS:  86%|████████▌ | 857/1000 [01:44 > 3:23:54]
L-BFGS:  86%|████████▌ | 858/1000 [01:38 > 3:23:54]
L-BFGS:  86%|████████▌ | 859/1000 [01:33 > 3:23:55]
L-BFGS:  86%|████████▌ | 860/1000 [01:29 > 3:23:56]
L-BFGS:  86%|████████▌ | 861/1000 [01:26 > 3:23:56]
L-BFGS:  86%|████████▌ | 862/1000 [01:24 > 3:23:57]
L-BFGS:  86%|████████▋ | 863/1000 [01:23 > 3:23:57]
L-BFGS:  86%|████████▋ | 864/1000 [01:21 > 3:23:58]
L-BFGS:  86%|████████▋ | 865/1000 [01:20 > 3:23:58]
L-BFGS:  87%|████████▋ | 866/1000 [01:19 > 3:23:59]
L-BFGS:  87%|████████▋ | 867/1000 [01:19 > 3:24:00]
L-BFGS:  87%|████████▋ | 868/1000 [01:18 > 3:24:00]
L-BFGS:  87%|████████▋ | 869/1000 [01:17 > 3:24:01]
L-BFGS:  87%|████████▋ | 870/1000 [01:16 > 3:24:01]
L-BFGS:  87%|████████▋ | 871/1000 [01:16 > 3:24:02]
L-BFGS:  87%|████████▋ | 872/1000 [01:15 > 3:24:03]
L-BFGS:  87%|████████▋ | 873/1000 [01:15 > 3:24:03]
L-BFGS:  87%|████████▋ | 874/1000 [01:14 > 3:24:04]
L-BFGS:  88%|████████▊ | 875/1000 [01:13 > 3:24:04]
L-BFGS:  88%|████████▊ | 876/1000 [01:13 > 3:24:05]
L-BFGS:  88%|████████▊ | 877/1000 [01:12 > 3:24:06]
L-BFGS:  88%|████████▊ | 878/1000 [01:12 > 3:24:06]
L-BFGS:  88%|████████▊ | 879/1000 [01:11 > 3:24:07]
L-BFGS:  88%|████████▊ | 880/1000 [01:10 > 3:24:07]
L-BFGS:  88%|████████▊ | 881/1000 [01:10 > 3:24:08]
L-BFGS:  88%|████████▊ | 882/1000 [01:09 > 3:24:09]
L-BFGS:  88%|████████▊ | 883/1000 [01:09 > 3:24:09]
L-BFGS:  88%|████████▊ | 884/1000 [01:08 > 3:24:10]
L-BFGS:  88%|████████▊ | 885/1000 [01:07 > 3:24:10]
L-BFGS:  89%|████████▊ | 886/1000 [01:07 > 3:24:11]
L-BFGS:  89%|████████▊ | 887/1000 [01:06 > 3:24:11]
L-BFGS:  89%|████████▉ | 888/1000 [01:06 > 3:24:12]
L-BFGS:  89%|████████▉ | 889/1000 [01:05 > 3:24:13]
L-BFGS:  89%|████████▉ | 890/1000 [01:04 > 3:24:13]
L-BFGS:  89%|████████▉ | 891/1000 [01:04 > 3:24:14]
L-BFGS:  89%|████████▉ | 892/1000 [01:03 > 3:24:14]
L-BFGS:  89%|████████▉ | 893/1000 [01:03 > 3:24:15]
L-BFGS:  89%|████████▉ | 894/1000 [01:02 > 3:24:16]
L-BFGS:  90%|████████▉ | 895/1000 [01:02 > 3:24:16]
L-BFGS:  90%|████████▉ | 896/1000 [01:01 > 3:24:17]
L-BFGS:  90%|████████▉ | 897/1000 [01:00 > 3:24:17]
L-BFGS:  90%|████████▉ | 898/1000 [01:00 > 3:24:18]
L-BFGS:  90%|████████▉ | 899/1000 [00:59 > 3:24:19]
L-BFGS:  90%|█████████ | 900/1000 [00:59 > 3:24:19]
L-BFGS:  90%|█████████ | 901/1000 [00:58 > 3:24:20]
L-BFGS:  90%|█████████ | 902/1000 [00:58 > 3:24:20]
L-BFGS:  90%|█████████ | 903/1000 [00:57 > 3:24:21]
L-BFGS:  90%|█████████ | 904/1000 [00:56 > 3:24:22]
L-BFGS:  90%|█████████ | 905/1000 [00:56 > 3:24:22]
L-BFGS:  91%|█████████ | 906/1000 [00:55 > 3:24:23]
L-BFGS:  91%|█████████ | 907/1000 [00:54 > 3:24:23]
L-BFGS:  91%|█████████ | 908/1000 [00:54 > 3:24:24]
L-BFGS:  91%|█████████ | 909/1000 [00:53 > 3:24:24]
L-BFGS:  91%|█████████ | 910/1000 [00:53 > 3:24:25]
L-BFGS:  91%|█████████ | 911/1000 [00:52 > 3:24:26]
L-BFGS:  91%|█████████ | 912/1000 [00:52 > 3:24:26]
L-BFGS:  91%|█████████▏| 913/1000 [00:51 > 3:24:27]
L-BFGS:  91%|█████████▏| 914/1000 [00:50 > 3:24:27]
L-BFGS:  92%|█████████▏| 915/1000 [00:50 > 3:24:28]
L-BFGS:  92%|█████████▏| 916/1000 [00:49 > 3:24:29]
L-BFGS:  92%|█████████▏| 917/1000 [00:49 > 3:24:29]
L-BFGS:  92%|█████████▏| 918/1000 [00:48 > 3:24:30]
L-BFGS:  92%|█████████▏| 919/1000 [00:47 > 3:24:30]
L-BFGS:  92%|█████████▏| 920/1000 [00:47 > 3:24:31]
L-BFGS:  92%|█████████▏| 921/1000 [00:46 > 3:24:32]
L-BFGS:  92%|█████████▏| 922/1000 [00:46 > 3:24:32]
L-BFGS:  92%|█████████▏| 923/1000 [00:45 > 3:24:33]
L-BFGS:  92%|█████████▏| 924/1000 [00:44 > 3:24:33]
L-BFGS:  92%|█████████▎| 925/1000 [00:44 > 3:24:34]
L-BFGS:  93%|█████████▎| 926/1000 [00:43 > 3:24:35]
L-BFGS:  93%|█████████▎| 927/1000 [00:43 > 3:24:35]
L-BFGS:  93%|█████████▎| 928/1000 [00:42 > 3:24:36]
L-BFGS:  93%|█████████▎| 929/1000 [00:41 > 3:24:36]
L-BFGS:  93%|█████████▎| 930/1000 [00:41 > 3:24:37]
L-BFGS:  93%|█████████▎| 931/1000 [00:40 > 3:24:37]
L-BFGS:  93%|█████████▎| 932/1000 [00:40 > 3:24:38]
L-BFGS:  93%|█████████▎| 933/1000 [00:39 > 3:24:39]
L-BFGS:  93%|█████████▎| 934/1000 [00:39 > 3:24:39]
L-BFGS:  94%|█████████▎| 935/1000 [00:38 > 3:24:40]
L-BFGS:  94%|█████████▎| 936/1000 [00:37 > 3:24:40]
L-BFGS:  94%|█████████▎| 937/1000 [00:37 > 3:24:41]
L-BFGS:  94%|█████████▍| 938/1000 [00:36 > 3:24:42]
L-BFGS:  94%|█████████▍| 939/1000 [00:36 > 3:24:42]
L-BFGS:  94%|█████████▍| 940/1000 [00:35 > 3:24:43]
L-BFGS:  94%|█████████▍| 941/1000 [00:34 > 3:24:43]
L-BFGS:  94%|█████████▍| 942/1000 [00:34 > 3:24:44]
L-BFGS:  94%|█████████▍| 943/1000 [00:33 > 3:24:45]
L-BFGS:  94%|█████████▍| 944/1000 [00:33 > 3:24:45]
L-BFGS:  94%|█████████▍| 945/1000 [00:32 > 3:24:46]
L-BFGS:  95%|█████████▍| 946/1000 [00:31 > 3:24:46]
L-BFGS:  95%|█████████▍| 947/1000 [00:31 > 3:24:47]
L-BFGS:  95%|█████████▍| 948/1000 [00:30 > 3:24:47]
L-BFGS:  95%|█████████▍| 949/1000 [00:30 > 3:24:48]
L-BFGS:  95%|█████████▌| 950/1000 [00:29 > 3:24:49]
L-BFGS:  95%|█████████▌| 951/1000 [00:28 > 3:24:49]
L-BFGS:  95%|█████████▌| 952/1000 [00:28 > 3:24:50]
L-BFGS:  95%|█████████▌| 953/1000 [00:27 > 3:24:50]
L-BFGS:  95%|█████████▌| 954/1000 [00:27 > 3:24:51]
L-BFGS:  96%|█████████▌| 955/1000 [00:26 > 3:24:52]
L-BFGS:  96%|█████████▌| 956/1000 [00:25 > 3:24:52]
L-BFGS:  96%|█████████▌| 957/1000 [00:25 > 3:24:53]
L-BFGS:  96%|█████████▌| 958/1000 [00:24 > 3:24:53]
L-BFGS:  96%|█████████▌| 959/1000 [00:24 > 3:24:54]
L-BFGS:  96%|█████████▌| 960/1000 [00:23 > 3:24:55]
L-BFGS:  96%|█████████▌| 961/1000 [00:23 > 3:24:55]
L-BFGS:  96%|█████████▌| 962/1000 [00:22 > 3:24:56]
L-BFGS:  96%|█████████▋| 963/1000 [00:21 > 3:24:56]
L-BFGS:  96%|█████████▋| 964/1000 [00:21 > 3:24:57]
L-BFGS:  96%|█████████▋| 965/1000 [00:20 > 3:24:58]
L-BFGS:  97%|█████████▋| 966/1000 [00:20 > 3:24:58]
L-BFGS:  97%|█████████▋| 967/1000 [00:19 > 3:24:59]
L-BFGS:  97%|█████████▋| 968/1000 [00:18 > 3:24:59]
L-BFGS:  97%|█████████▋| 969/1000 [00:18 > 3:25:00]
L-BFGS:  97%|█████████▋| 970/1000 [00:17 > 3:25:01]
L-BFGS:  97%|█████████▋| 971/1000 [00:17 > 3:25:01]
L-BFGS:  97%|█████████▋| 972/1000 [00:16 > 3:25:02]
L-BFGS:  97%|█████████▋| 973/1000 [00:15 > 3:25:02]
L-BFGS:  97%|█████████▋| 974/1000 [00:15 > 3:25:03]
L-BFGS:  98%|█████████▊| 975/1000 [00:14 > 3:25:03]
L-BFGS:  98%|█████████▊| 976/1000 [00:14 > 3:25:04]
L-BFGS:  98%|█████████▊| 977/1000 [00:13 > 3:25:05]
L-BFGS:  98%|█████████▊| 978/1000 [00:13 > 3:25:05]
L-BFGS:  98%|█████████▊| 979/1000 [00:12 > 3:25:06]
L-BFGS:  98%|█████████▊| 980/1000 [00:11 > 3:25:06]
L-BFGS:  98%|█████████▊| 981/1000 [00:11 > 3:25:07]
L-BFGS:  98%|█████████▊| 982/1000 [00:10 > 3:25:08]
L-BFGS:  98%|█████████▊| 983/1000 [00:10 > 3:25:08]
L-BFGS:  98%|█████████▊| 984/1000 [00:09 > 3:25:09]
L-BFGS:  98%|█████████▊| 985/1000 [00:08 > 3:25:09]
L-BFGS:  99%|█████████▊| 986/1000 [00:08 > 3:25:10]
L-BFGS:  99%|█████████▊| 987/1000 [00:07 > 3:25:11]
L-BFGS:  99%|█████████▉| 988/1000 [00:07 > 3:25:11]
L-BFGS:  99%|█████████▉| 989/1000 [00:06 > 3:25:12]
L-BFGS:  99%|█████████▉| 990/1000 [00:05 > 3:25:12]
L-BFGS:  99%|█████████▉| 991/1000 [00:05 > 3:25:13]
L-BFGS:  99%|█████████▉| 992/1000 [00:04 > 3:25:13]
L-BFGS:  99%|█████████▉| 993/1000 [00:04 > 3:25:14]
L-BFGS:  99%|█████████▉| 994/1000 [00:03 > 3:25:15]
Early stopping at L-BFGS step 995/1000: total loss unchanged for 150 steps (best=1.057377e-02).

L-BFGS:  99%|█████████▉| 994/1000 [01:14 > 3:25:15]
Training saved: C:\Ali Computation\pinn\code\heterogeneous\pino_heterogeneous\results\exp_B_grf_K64_N500_float64_lr01_maxiter20\pino_heterogeneous_concentration.png C:\Ali Computation\pinn\code\heterogeneous\pino_heterogeneous\results\exp_B_grf_K64_N500_float64_lr01_maxiter20\pino_heterogeneous_loss.png C:\Ali Computation\pinn\code\heterogeneous\pino_heterogeneous\results\exp_B_grf_K64_N500_float64_lr01_maxiter20\pino_heterogeneous_model.pt
COMSOL validation: 81 media -> C:\Ali Computation\pinn\code\heterogeneous\pino_heterogeneous\results\exp_B_grf_K64_N500_float64_lr01_maxiter20  (x* collocation n=86)

COMSOL vs PINO:   0%|          | 0/81 [00:00<?, ?it/s]
COMSOL vs PINO:   6%|▌         | 5/81 [00:00<00:01, 46.53it/s]
COMSOL vs PINO:  12%|█▏        | 10/81 [00:00<00:01, 46.99it/s]
COMSOL vs PINO:  19%|█▊        | 15/81 [00:00<00:01, 47.70it/s]
COMSOL vs PINO:  25%|██▍       | 20/81 [00:00<00:01, 47.84it/s]
COMSOL vs PINO:  31%|███       | 25/81 [00:00<00:01, 47.45it/s]
COMSOL vs PINO:  37%|███▋      | 30/81 [00:00<00:01, 46.64it/s]
COMSOL vs PINO:  43%|████▎     | 35/81 [00:00<00:00, 46.40it/s]
COMSOL vs PINO:  49%|████▉     | 40/81 [00:00<00:00, 46.53it/s]
COMSOL vs PINO:  56%|█████▌    | 45/81 [00:00<00:00, 45.43it/s]
COMSOL vs PINO:  62%|██████▏   | 50/81 [00:01<00:00, 46.27it/s]
COMSOL vs PINO:  68%|██████▊   | 55/81 [00:01<00:00, 46.19it/s]
COMSOL vs PINO:  74%|███████▍  | 60/81 [00:01<00:00, 46.55it/s]
COMSOL vs PINO:  80%|████████  | 65/81 [00:01<00:00, 47.00it/s]
COMSOL vs PINO:  86%|████████▋ | 70/81 [00:01<00:00, 47.32it/s]
COMSOL vs PINO:  93%|█████████▎| 75/81 [00:01<00:00, 47.45it/s]
COMSOL vs PINO:  99%|█████████▉| 80/81 [00:01<00:00, 47.56it/s]
COMSOL vs PINO: 100%|██████████| 81/81 [00:01<00:00, 46.88it/s]
COMSOL validation summary: n=81  mean=7.997604e-02  max=3.250137e-01  min=2.090487e-02
Wrote C:\Ali Computation\pinn\code\heterogeneous\pino_heterogeneous\results\exp_B_grf_K64_N500_float64_lr01_maxiter20\comsol_validation_summary.csv
Run metadata: C:\Ali Computation\pinn\code\heterogeneous\pino_heterogeneous\results\exp_B_grf_K64_N500_float64_lr01_maxiter20\run_meta.json

# exit 0 after 3:25:34.053122
