# code/heterogeneous/pino_heterogeneous/pinn1d_heterogeneous_parametric_neural_operator.py --design grf --n-sensors 100 --n-grf 0 --n-piecewise-per-zones 100 --piecewise-zone-counts 1,2,3,4,5 --min-zone-frac 0.1 --arch w64 --dtype float64 --early-stop-patience 150 --adam-epochs 1000 --lr-adam 0.0025 --lr-lbfgs 0.1 --lbfgs-max-iter 5 --epochs 250 --out-dir results/exp_Ra_piecewise_K100_N500_adam1000_lr25e3_lbfgs250_maxiter5_float64
# started 2026-06-23 14:57:42
# cwd C:\Ali Computation\pinn\code\heterogeneous\pino_heterogeneous

Using GPU: NVIDIA GeForce RTX 3090 (cuda:0, dtype=torch.float64)
PE (computed) = 0.010368
design=grf  media_mode=grf  n_train_requested=500  n_corner_anchors=16  arch=w64  batch_mode=True
branch=[100, 64, 64, 64]  trunk=[2, 64, 64, 64, 64]
results_dir=C:\Ali Computation\pinn\code\heterogeneous\pino_heterogeneous\results\exp_Ra_piecewise_K100_N500_adam1000_lr25e3_lbfgs250_maxiter5_float64
Training: 500 piecewise (100 each for zones [1, 2, 3, 4, 5]), min_zone_frac=0.1 = 500 total; K=100 uniform sensors, grid_n=201
  saved/loaded: C:\Ali Computation\pinn\code\heterogeneous\pino_heterogeneous\results\exp_Ra_piecewise_K100_N500_adam1000_lr25e3_lbfgs250_maxiter5_float64\train_grf_cases.npz
  branch CFL range [0.120459, 0.599738]
PDE mesh: bulk 50x50x500 (no interface bands in GRF mode)
COMSOL validation: 81 fixed grid cases from comsol_4zones.txt -> C:\Ali Computation\pinn\code\heterogeneous\pino_heterogeneous\results\exp_Ra_piecewise_K100_N500_adam1000_lr25e3_lbfgs250_maxiter5_float64\comsol_validation
run_training=True  run_comsol_validation=True  validate_only=False  skip_validation_plots=False
Adam: lr=0.0025  epochs=1000
L-BFGS early stopping: patience=150 (max steps=250)
L-BFGS: lr=0.1  max_iter=5  outer_steps=250
PDE collocation points: 1,250,000 (bulk 1,250,000, interface 0)
Collocation mesh plot (pre-train): C:\Ali Computation\pinn\code\heterogeneous\pino_heterogeneous\results\exp_Ra_piecewise_K100_N500_adam1000_lr25e3_lbfgs250_maxiter5_float64\pino_heterogeneous_collocation_points.png
Adam(lr=0.0025)  epochs=1000

Adam:   0%|          | 0/1000 [? > 00:00]
Adam:   0%|          | 1/1000 [1:53:39 > 00:06]
Adam:   0%|          | 2/1000 [1:00:53 > 00:08]
Adam:   0%|          | 3/1000 [1:11:41 > 00:13]
Adam:   0%|          | 4/1000 [1:17:31 > 00:18]
Adam:   0%|          | 5/1000 [1:19:57 > 00:23]
Adam:   1%|          | 6/1000 [1:37:59 > 00:31]
Adam:   1%|          | 7/1000 [1:12:18 > 00:32]
Adam:   1%|          | 8/1000 [1:28:46 > 00:40]
Adam:   1%|          | 9/1000 [1:07:23 > 00:41]
Adam:   1%|          | 10/1000 [1:08:30 > 00:45]
Adam:   1%|          | 11/1000 [1:09:37 > 00:50]
Adam:   1%|          | 12/1000 [1:11:22 > 00:54]
Adam:   1%|▏         | 13/1000 [1:13:14 > 00:59]
Adam:   1%|▏         | 14/1000 [1:16:28 > 01:04]
Adam:   2%|▏         | 15/1000 [1:37:23 > 01:13]
Adam:   2%|▏         | 16/1000 [1:31:59 > 01:18]
Adam:   2%|▏         | 17/1000 [1:10:17 > 01:19]
Adam:   2%|▏         | 18/1000 [1:14:39 > 01:24]
Adam:   2%|▏         | 19/1000 [1:15:32 > 01:29]
Adam:   2%|▏         | 20/1000 [1:15:44 > 01:34]
Adam:   2%|▏         | 21/1000 [1:12:34 > 01:38]
Adam:   2%|▏         | 22/1000 [1:13:56 > 01:43]
Adam:   2%|▏         | 23/1000 [1:10:36 > 01:47]
Adam:   2%|▏         | 24/1000 [1:27:15 > 01:54]
Adam:   2%|▎         | 25/1000 [1:08:19 > 01:56]
Adam:   3%|▎         | 26/1000 [1:12:11 > 02:01]
Adam:   3%|▎         | 27/1000 [1:32:42 > 02:09]
Adam:   3%|▎         | 28/1000 [1:15:33 > 02:12]
Adam:   3%|▎         | 29/1000 [1:17:59 > 02:17]
Adam:   3%|▎         | 30/1000 [1:20:34 > 02:22]
Adam:   3%|▎         | 31/1000 [1:16:57 > 02:26]
Adam:   3%|▎         | 32/1000 [1:19:55 > 02:32]
Adam:   3%|▎         | 33/1000 [1:16:46 > 02:36]
Adam:   3%|▎         | 34/1000 [1:14:08 > 02:40]
Adam:   4%|▎         | 35/1000 [1:11:32 > 02:45]
Adam:   4%|▎         | 36/1000 [1:12:54 > 02:49]
Adam:   4%|▎         | 37/1000 [1:09:30 > 02:53]
Adam:   4%|▍         | 38/1000 [1:10:47 > 02:58]
Adam:   4%|▍         | 39/1000 [1:14:08 > 03:03]
Adam:   4%|▍         | 40/1000 [1:30:29 > 03:11]
Adam:   4%|▍         | 41/1000 [1:16:17 > 03:14]
Adam:   4%|▍         | 42/1000 [1:18:03 > 03:19]
Adam:   4%|▍         | 43/1000 [1:19:13 > 03:24]
Adam:   4%|▍         | 44/1000 [1:17:03 > 03:28]
Adam:   4%|▍         | 45/1000 [1:15:27 > 03:33]
Adam:   5%|▍         | 46/1000 [1:14:06 > 03:37]
Adam:   5%|▍         | 47/1000 [1:09:26 > 03:41]
Adam:   5%|▍         | 48/1000 [1:22:09 > 03:48]
Adam:   5%|▍         | 49/1000 [1:04:28 > 03:50]
Adam:   5%|▌         | 50/1000 [1:09:33 > 03:55]
Adam:   5%|▌         | 51/1000 [1:10:53 > 04:00]
Adam:   5%|▌         | 52/1000 [1:19:43 > 04:06]
Adam:   5%|▌         | 53/1000 [1:19:39 > 04:11]
Adam:   5%|▌         | 54/1000 [1:20:13 > 04:16]
Adam:   6%|▌         | 55/1000 [1:19:54 > 04:21]
Adam:   6%|▌         | 56/1000 [1:17:52 > 04:26]
Adam:   6%|▌         | 57/1000 [1:15:05 > 04:30]
Adam:   6%|▌         | 58/1000 [1:13:26 > 04:35]
Adam:   6%|▌         | 59/1000 [1:11:56 > 04:39]
Adam:   6%|▌         | 60/1000 [1:10:48 > 04:43]
Adam:   6%|▌         | 61/1000 [1:10:07 > 04:48]
Adam:   6%|▌         | 62/1000 [1:10:38 > 04:52]
Adam:   6%|▋         | 63/1000 [1:22:36 > 04:59]
Adam:   6%|▋         | 64/1000 [1:10:43 > 05:02]
Adam:   6%|▋         | 65/1000 [1:11:36 > 05:07]
Adam:   7%|▋         | 66/1000 [1:18:23 > 05:13]
Adam:   7%|▋         | 67/1000 [1:14:32 > 05:17]
Adam:   7%|▋         | 68/1000 [1:16:17 > 05:22]
Adam:   7%|▋         | 69/1000 [1:15:32 > 05:27]
Adam:   7%|▋         | 70/1000 [1:14:27 > 05:32]
Adam:   7%|▋         | 71/1000 [1:10:47 > 05:36]
Adam:   7%|▋         | 72/1000 [1:11:29 > 05:41]
Adam:   7%|▋         | 73/1000 [1:07:52 > 05:44]
Adam:   7%|▋         | 74/1000 [1:08:06 > 05:49]
Adam:   8%|▊         | 75/1000 [1:09:43 > 05:54]
Adam:   8%|▊         | 76/1000 [1:11:50 > 05:59]
Adam:   8%|▊         | 77/1000 [1:16:16 > 06:04]
Adam:   8%|▊         | 78/1000 [1:17:26 > 06:10]
Adam:   8%|▊         | 79/1000 [1:17:59 > 06:15]
Adam:   8%|▊         | 80/1000 [1:19:15 > 06:20]
Adam:   8%|▊         | 81/1000 [1:14:50 > 06:24]
Adam:   8%|▊         | 82/1000 [1:16:58 > 06:30]
Adam:   8%|▊         | 83/1000 [1:17:12 > 06:35]
Adam:   8%|▊         | 84/1000 [1:09:35 > 06:38]
Adam:   8%|▊         | 85/1000 [1:07:20 > 06:42]
Adam:   9%|▊         | 86/1000 [1:08:37 > 06:47]
Adam:   9%|▊         | 87/1000 [1:05:10 > 06:51]
Adam:   9%|▉         | 88/1000 [1:06:55 > 06:55]
Adam:   9%|▉         | 89/1000 [1:10:14 > 07:01]
Adam:   9%|▉         | 90/1000 [1:12:42 > 07:06]
Adam:   9%|▉         | 91/1000 [1:16:05 > 07:11]
Adam:   9%|▉         | 92/1000 [1:16:36 > 07:17]
Adam:   9%|▉         | 93/1000 [1:16:58 > 07:22]
Adam:   9%|▉         | 94/1000 [1:14:22 > 07:26]
Adam:  10%|▉         | 95/1000 [1:12:23 > 07:31]
Adam:  10%|▉         | 96/1000 [1:10:42 > 07:35]
Adam:  10%|▉         | 97/1000 [1:06:04 > 07:39]
Adam:  10%|▉         | 98/1000 [1:03:58 > 07:43]
Adam:  10%|▉         | 99/1000 [1:05:32 > 07:47]
Adam:  10%|█         | 100/1000 [1:09:06 > 07:53]
Adam:  10%|█         | 101/1000 [1:09:29 > 07:57]
Adam:  10%|█         | 102/1000 [1:17:06 > 08:04]
Adam:  10%|█         | 103/1000 [1:16:21 > 08:09]
Adam:  10%|█         | 104/1000 [1:16:43 > 08:14]
Adam:  10%|█         | 105/1000 [1:16:15 > 08:19]
Adam:  11%|█         | 106/1000 [1:14:07 > 08:24]
Adam:  11%|█         | 107/1000 [1:11:15 > 08:28]
Adam:  11%|█         | 108/1000 [1:09:37 > 08:32]
Adam:  11%|█         | 109/1000 [1:08:02 > 08:37]
Adam:  11%|█         | 110/1000 [1:06:59 > 08:41]
Adam:  11%|█         | 111/1000 [1:06:20 > 08:45]
Adam:  11%|█         | 112/1000 [1:06:43 > 08:50]
Adam:  11%|█▏        | 113/1000 [1:07:43 > 08:55]
Adam:  11%|█▏        | 114/1000 [1:10:04 > 09:00]
Adam:  12%|█▏        | 115/1000 [1:10:02 > 09:05]
Adam:  12%|█▏        | 116/1000 [1:15:35 > 09:11]
Adam:  12%|█▏        | 117/1000 [1:11:30 > 09:15]
Adam:  12%|█▏        | 118/1000 [1:23:58 > 09:23]
Adam:  12%|█▏        | 119/1000 [1:08:32 > 09:25]
Adam:  12%|█▏        | 120/1000 [1:08:24 > 09:30]
Adam:  12%|█▏        | 121/1000 [1:05:38 > 09:34]
Adam:  12%|█▏        | 122/1000 [1:06:40 > 09:38]
Adam:  12%|█▏        | 123/1000 [1:03:34 > 09:42]
Adam:  12%|█▏        | 124/1000 [1:03:54 > 09:47]
Adam:  12%|█▎        | 125/1000 [1:05:44 > 09:51]
Adam:  13%|█▎        | 126/1000 [1:07:51 > 09:56]
Adam:  13%|█▎        | 127/1000 [1:12:09 > 10:02]
Adam:  13%|█▎        | 128/1000 [1:13:07 > 10:07]
Adam:  13%|█▎        | 129/1000 [1:13:40 > 10:12]
Adam:  13%|█▎        | 130/1000 [1:14:43 > 10:18]
Adam:  13%|█▎        | 131/1000 [1:10:42 > 10:22]
Adam:  13%|█▎        | 132/1000 [1:12:51 > 10:27]
Adam:  13%|█▎        | 133/1000 [1:09:44 > 10:32]
Adam:  13%|█▎        | 134/1000 [1:06:55 > 10:36]
Adam:  14%|█▎        | 135/1000 [1:04:36 > 10:40]
Adam:  14%|█▎        | 136/1000 [1:05:27 > 10:45]
Adam:  14%|█▎        | 137/1000 [1:02:02 > 10:49]
Adam:  14%|█▍        | 138/1000 [1:03:39 > 10:53]
Adam:  14%|█▍        | 139/1000 [1:06:31 > 10:58]
Adam:  14%|█▍        | 140/1000 [1:08:47 > 11:04]
Adam:  14%|█▍        | 141/1000 [1:12:12 > 11:09]
Adam:  14%|█▍        | 142/1000 [1:12:38 > 11:14]
Adam:  14%|█▍        | 143/1000 [1:12:47 > 11:19]
Adam:  14%|█▍        | 144/1000 [1:10:18 > 11:24]
Adam:  14%|█▍        | 145/1000 [1:08:25 > 11:29]
Adam:  15%|█▍        | 146/1000 [1:06:57 > 11:33]
Adam:  15%|█▍        | 147/1000 [1:02:30 > 11:37]
Adam:  15%|█▍        | 148/1000 [1:00:24 > 11:41]
Adam:  15%|█▍        | 149/1000 [1:01:59 > 11:45]
Adam:  15%|█▌        | 150/1000 [1:05:13 > 11:50]
Adam:  15%|█▌        | 151/1000 [1:05:29 > 11:55]
Adam:  15%|█▌        | 152/1000 [1:20:12 > 12:03]
Adam:  15%|█▌        | 153/1000 [1:10:05 > 12:07]
Adam:  15%|█▌        | 154/1000 [1:11:05 > 12:12]
Adam:  16%|█▌        | 155/1000 [1:11:03 > 12:17]
Adam:  16%|█▌        | 156/1000 [1:09:21 > 12:21]
Adam:  16%|█▌        | 157/1000 [1:13:29 > 12:27]
Adam:  16%|█▌        | 158/1000 [1:07:27 > 12:31]
Adam:  16%|█▌        | 159/1000 [1:01:29 > 12:35]
Adam:  16%|█▌        | 160/1000 [1:01:12 > 12:39]
Adam:  16%|█▌        | 161/1000 [1:01:13 > 12:43]
Adam:  16%|█▌        | 162/1000 [1:01:59 > 12:48]
Adam:  16%|█▋        | 163/1000 [1:03:12 > 12:53]
Adam:  16%|█▋        | 164/1000 [1:05:46 > 12:58]
Adam:  16%|█▋        | 165/1000 [1:05:59 > 13:03]
Adam:  17%|█▋        | 166/1000 [1:11:21 > 13:09]
Adam:  17%|█▋        | 167/1000 [1:07:28 > 13:13]
Adam:  17%|█▋        | 168/1000 [1:08:47 > 13:18]
Adam:  17%|█▋        | 169/1000 [1:16:11 > 13:25]
Adam:  17%|█▋        | 170/1000 [1:04:19 > 13:28]
Adam:  17%|█▋        | 171/1000 [1:01:43 > 13:32]
Adam:  17%|█▋        | 172/1000 [1:02:44 > 13:36]
Adam:  17%|█▋        | 173/1000 [1:12:05 > 13:43]
Adam:  17%|█▋        | 174/1000 [56:32 > 13:45]  
Adam:  18%|█▊        | 175/1000 [1:12:03 > 13:52]
Adam:  18%|█▊        | 176/1000 [58:07 > 13:54]  
Adam:  18%|█▊        | 177/1000 [1:03:48 > 14:00]
Adam:  18%|█▊        | 178/1000 [1:06:04 > 14:05]
Adam:  18%|█▊        | 179/1000 [1:07:37 > 14:10]
Adam:  18%|█▊        | 180/1000 [1:09:08 > 14:16]
Adam:  18%|█▊        | 181/1000 [1:05:45 > 14:20]
Adam:  18%|█▊        | 182/1000 [1:08:04 > 14:25]
Adam:  18%|█▊        | 183/1000 [1:05:20 > 14:30]
Adam:  18%|█▊        | 184/1000 [1:02:55 > 14:34]
Adam:  18%|█▊        | 185/1000 [1:00:34 > 14:38]
Adam:  19%|█▊        | 186/1000 [1:01:32 > 14:43]
Adam:  19%|█▊        | 187/1000 [58:26 > 14:47]  
Adam:  19%|█▉        | 188/1000 [1:00:00 > 14:51]
Adam:  19%|█▉        | 189/1000 [1:02:47 > 14:56]
Adam:  19%|█▉        | 190/1000 [1:04:51 > 15:02]
Adam:  19%|█▉        | 191/1000 [1:08:01 > 15:07]
Adam:  19%|█▉        | 192/1000 [1:08:27 > 15:12]
Adam:  19%|█▉        | 193/1000 [1:08:38 > 15:18]
Adam:  19%|█▉        | 194/1000 [1:06:14 > 15:22]
Adam:  20%|█▉        | 195/1000 [1:04:37 > 15:27]
Adam:  20%|█▉        | 196/1000 [1:02:57 > 15:31]
Adam:  20%|█▉        | 197/1000 [58:53 > 15:35]  
Adam:  20%|█▉        | 198/1000 [56:52 > 15:39]
Adam:  20%|█▉        | 199/1000 [58:20 > 15:43]
Adam:  20%|██        | 200/1000 [1:01:21 > 15:48]
Adam:  20%|██        | 201/1000 [1:01:35 > 15:53]
Adam:  20%|██        | 202/1000 [1:08:20 > 15:59]
Adam:  20%|██        | 203/1000 [1:07:51 > 16:04]
Adam:  20%|██        | 204/1000 [1:08:10 > 16:10]
Adam:  20%|██        | 205/1000 [1:07:41 > 16:15]
Adam:  21%|██        | 206/1000 [1:05:51 > 16:19]
Adam:  21%|██        | 207/1000 [1:03:20 > 16:24]
Adam:  21%|██        | 208/1000 [1:01:58 > 16:28]
Adam:  21%|██        | 209/1000 [1:00:29 > 16:33]
Adam:  21%|██        | 210/1000 [59:17 > 16:37]  
Adam:  21%|██        | 211/1000 [58:56 > 16:41]
Adam:  21%|██        | 212/1000 [59:24 > 16:46]
Adam:  21%|██▏       | 213/1000 [1:00:19 > 16:51]
Adam:  21%|██▏       | 214/1000 [1:02:27 > 16:56]
Adam:  22%|██▏       | 215/1000 [1:02:27 > 17:01]
Adam:  22%|██▏       | 216/1000 [1:07:18 > 17:07]
Adam:  22%|██▏       | 217/1000 [1:03:38 > 17:11]
Adam:  22%|██▏       | 218/1000 [1:04:45 > 17:16]
Adam:  22%|██▏       | 219/1000 [1:03:48 > 17:21]
Adam:  22%|██▏       | 220/1000 [1:02:50 > 17:26]
Adam:  22%|██▏       | 221/1000 [59:33 > 17:30]  
Adam:  22%|██▏       | 222/1000 [1:00:01 > 17:34]
Adam:  22%|██▏       | 223/1000 [1:03:26 > 17:40]
Adam:  22%|██▏       | 224/1000 [55:18 > 17:43]  
Adam:  22%|██▎       | 225/1000 [57:14 > 17:47]
Adam:  23%|██▎       | 226/1000 [59:24 > 17:52]
Adam:  23%|██▎       | 227/1000 [1:03:18 > 17:58]
Adam:  23%|██▎       | 228/1000 [1:04:29 > 18:03]
Adam:  23%|██▎       | 229/1000 [1:05:09 > 18:09]
Adam:  23%|██▎       | 230/1000 [1:06:08 > 18:14]
Adam:  23%|██▎       | 231/1000 [1:02:45 > 18:18]
Adam:  23%|██▎       | 232/1000 [1:04:45 > 18:24]
Adam:  23%|██▎       | 233/1000 [1:01:53 > 18:28]
Adam:  23%|██▎       | 234/1000 [59:20 > 18:32]  
Adam:  24%|██▎       | 235/1000 [57:07 > 18:36]
Adam:  24%|██▎       | 236/1000 [57:55 > 18:41]
Adam:  24%|██▎       | 237/1000 [54:55 > 18:45]
Adam:  24%|██▍       | 238/1000 [56:18 > 18:49]
Adam:  24%|██▍       | 239/1000 [58:49 > 18:55]
Adam:  24%|██▍       | 240/1000 [1:00:49 > 19:00]
Adam:  24%|██▍       | 241/1000 [1:03:40 > 19:05]
Adam:  24%|██▍       | 242/1000 [1:04:03 > 19:10]
Adam:  24%|██▍       | 243/1000 [1:04:18 > 19:16]
Adam:  24%|██▍       | 244/1000 [1:02:02 > 19:20]
Adam:  24%|██▍       | 245/1000 [1:00:29 > 19:25]
Adam:  25%|██▍       | 246/1000 [59:05 > 19:29]  
Adam:  25%|██▍       | 247/1000 [55:11 > 19:33]
Adam:  25%|██▍       | 248/1000 [53:15 > 19:37]
Adam:  25%|██▍       | 249/1000 [54:33 > 19:41]
Adam:  25%|██▌       | 250/1000 [57:27 > 19:46]
Adam:  25%|██▌       | 251/1000 [57:34 > 19:51]
Adam:  25%|██▌       | 252/1000 [1:04:06 > 19:57]
Adam:  25%|██▌       | 253/1000 [1:17:26 > 20:06]
Adam:  25%|██▌       | 254/1000 [59:41 > 20:08]  
Adam:  26%|██▌       | 255/1000 [1:00:32 > 20:13]
Adam:  26%|██▌       | 256/1000 [59:43 > 20:17]  
Adam:  26%|██▌       | 257/1000 [57:56 > 20:22]
Adam:  26%|██▌       | 258/1000 [56:59 > 20:26]
Adam:  26%|██▌       | 259/1000 [55:54 > 20:31]
Adam:  26%|██▌       | 260/1000 [55:05 > 20:35]
Adam:  26%|██▌       | 261/1000 [54:43 > 20:39]
Adam:  26%|██▌       | 262/1000 [55:09 > 20:44]
Adam:  26%|██▋       | 263/1000 [55:56 > 20:49]
Adam:  26%|██▋       | 264/1000 [58:02 > 20:54]
Adam:  26%|██▋       | 265/1000 [58:08 > 20:59]
Adam:  27%|██▋       | 266/1000 [1:02:49 > 21:05]
Adam:  27%|██▋       | 267/1000 [59:28 > 21:09]  
Adam:  27%|██▋       | 268/1000 [1:00:28 > 21:14]
Adam:  27%|██▋       | 269/1000 [59:41 > 21:19]  
Adam:  27%|██▋       | 270/1000 [58:47 > 21:23]
Adam:  27%|██▋       | 271/1000 [55:44 > 21:27]
Adam:  27%|██▋       | 272/1000 [56:08 > 21:32]
Adam:  27%|██▋       | 273/1000 [53:15 > 21:36]
Adam:  27%|██▋       | 274/1000 [1:02:14 > 21:43]
Adam:  28%|██▊       | 275/1000 [52:14 > 21:45]  
Adam:  28%|██▊       | 276/1000 [54:28 > 21:50]
Adam:  28%|██▊       | 277/1000 [58:31 > 21:56]
Adam:  28%|██▊       | 278/1000 [59:51 > 22:01]
Adam:  28%|██▊       | 279/1000 [1:00:31 > 22:06]
Adam:  28%|██▊       | 280/1000 [1:01:32 > 22:12]
Adam:  28%|██▊       | 281/1000 [58:18 > 22:16]  
Adam:  28%|██▊       | 282/1000 [1:00:00 > 22:21]
Adam:  28%|██▊       | 283/1000 [57:28 > 22:26]  
Adam:  28%|██▊       | 284/1000 [55:17 > 22:30]
Adam:  28%|██▊       | 285/1000 [53:17 > 22:34]
Adam:  29%|██▊       | 286/1000 [54:05 > 22:39]
Adam:  29%|██▊       | 287/1000 [51:22 > 22:42]
Adam:  29%|██▉       | 288/1000 [52:31 > 22:47]
Adam:  29%|██▉       | 289/1000 [55:08 > 22:52]
Adam:  29%|██▉       | 290/1000 [56:56 > 22:58]
Adam:  29%|██▉       | 291/1000 [59:33 > 23:03]
Adam:  29%|██▉       | 292/1000 [59:55 > 23:08]
Adam:  29%|██▉       | 293/1000 [1:00:01 > 23:13]
Adam:  29%|██▉       | 294/1000 [57:56 > 23:18]  
Adam:  30%|██▉       | 295/1000 [56:30 > 23:22]
Adam:  30%|██▉       | 296/1000 [55:13 > 23:27]
Adam:  30%|██▉       | 297/1000 [51:32 > 23:31]
Adam:  30%|██▉       | 298/1000 [57:13 > 23:37]
Adam:  30%|██▉       | 299/1000 [48:45 > 23:39]
Adam:  30%|███       | 300/1000 [1:02:56 > 23:47]
Adam:  30%|███       | 301/1000 [49:30 > 23:49]  
Adam:  30%|███       | 302/1000 [56:53 > 23:55]
Adam:  30%|███       | 303/1000 [57:16 > 24:00]
Adam:  30%|███       | 304/1000 [58:05 > 24:06]
Adam:  30%|███       | 305/1000 [58:18 > 24:11]
Adam:  31%|███       | 306/1000 [57:00 > 24:15]
Adam:  31%|███       | 307/1000 [54:58 > 24:20]
Adam:  31%|███       | 308/1000 [53:53 > 24:24]
Adam:  31%|███       | 309/1000 [52:45 > 24:29]
Adam:  31%|███       | 310/1000 [51:44 > 24:33]
Adam:  31%|███       | 311/1000 [1:02:48 > 24:41]
Adam:  31%|███       | 312/1000 [56:59 > 24:44]  
Adam:  31%|███▏      | 313/1000 [47:34 > 24:47]
Adam:  31%|███▏      | 314/1000 [50:50 > 24:52]
Adam:  32%|███▏      | 315/1000 [51:53 > 24:57]
Adam:  32%|███▏      | 316/1000 [56:58 > 25:03]
Adam:  32%|███▏      | 317/1000 [54:13 > 25:07]
Adam:  32%|███▏      | 318/1000 [55:44 > 25:12]
Adam:  32%|███▏      | 319/1000 [55:11 > 25:17]
Adam:  32%|███▏      | 320/1000 [54:37 > 25:22]
Adam:  32%|███▏      | 321/1000 [51:49 > 25:26]
Adam:  32%|███▏      | 322/1000 [52:16 > 25:30]
Adam:  32%|███▏      | 323/1000 [49:40 > 25:34]
Adam:  32%|███▏      | 324/1000 [49:48 > 25:39]
Adam:  32%|███▎      | 325/1000 [51:07 > 25:43]
Adam:  33%|███▎      | 326/1000 [52:37 > 25:48]
Adam:  33%|███▎      | 327/1000 [55:48 > 25:54]
Adam:  33%|███▎      | 328/1000 [56:31 > 25:59]
Adam:  33%|███▎      | 329/1000 [56:55 > 26:05]
Adam:  33%|███▎      | 330/1000 [57:45 > 26:10]
Adam:  33%|███▎      | 331/1000 [54:39 > 26:14]
Adam:  33%|███▎      | 332/1000 [56:13 > 26:20]
Adam:  33%|███▎      | 333/1000 [53:43 > 26:24]
Adam:  33%|███▎      | 334/1000 [51:34 > 26:28]
Adam:  34%|███▎      | 335/1000 [49:36 > 26:32]
Adam:  34%|███▎      | 336/1000 [50:21 > 26:37]
Adam:  34%|███▎      | 337/1000 [47:48 > 26:41]
Adam:  34%|███▍      | 338/1000 [48:58 > 26:45]
Adam:  34%|███▍      | 339/1000 [51:15 > 26:51]
Adam:  34%|███▍      | 340/1000 [52:50 > 26:56]
Adam:  34%|███▍      | 341/1000 [1:06:15 > 27:05]
Adam:  34%|███▍      | 342/1000 [52:18 > 27:06]  
Adam:  34%|███▍      | 343/1000 [53:24 > 27:12]
Adam:  34%|███▍      | 344/1000 [52:12 > 27:16]
Adam:  34%|███▍      | 345/1000 [54:14 > 27:22]
Adam:  35%|███▍      | 346/1000 [54:48 > 27:27]
Adam:  35%|███▍      | 347/1000 [50:26 > 27:30]
Adam:  35%|███▍      | 348/1000 [48:09 > 27:34]
Adam:  35%|███▍      | 349/1000 [48:55 > 27:39]
Adam:  35%|███▌      | 350/1000 [51:45 > 27:44]
Adam:  35%|███▌      | 351/1000 [51:25 > 27:49]
Adam:  35%|███▌      | 352/1000 [56:46 > 27:56]
Adam:  35%|███▌      | 353/1000 [56:11 > 28:01]
Adam:  35%|███▌      | 354/1000 [56:17 > 28:06]
Adam:  36%|███▌      | 355/1000 [55:44 > 28:11]
Adam:  36%|███▌      | 356/1000 [54:04 > 28:16]
Adam:  36%|███▌      | 357/1000 [52:02 > 28:20]
Adam:  36%|███▌      | 358/1000 [51:04 > 28:25]
Adam:  36%|███▌      | 359/1000 [49:47 > 28:29]
Adam:  36%|███▌      | 360/1000 [48:53 > 28:34]
Adam:  36%|███▌      | 361/1000 [48:24 > 28:38]
Adam:  36%|███▌      | 362/1000 [48:40 > 28:43]
Adam:  36%|███▋      | 363/1000 [49:17 > 28:47]
Adam:  36%|███▋      | 364/1000 [50:58 > 28:53]
Adam:  36%|███▋      | 365/1000 [51:03 > 28:58]
Adam:  37%|███▋      | 366/1000 [55:09 > 29:04]
Adam:  37%|███▋      | 367/1000 [52:08 > 29:08]
Adam:  37%|███▋      | 368/1000 [53:02 > 29:13]
Adam:  37%|███▋      | 369/1000 [52:15 > 29:18]
Adam:  37%|███▋      | 370/1000 [51:24 > 29:23]
Adam:  37%|███▋      | 371/1000 [48:40 > 29:27]
Adam:  37%|███▋      | 372/1000 [49:05 > 29:32]
Adam:  37%|███▋      | 373/1000 [46:30 > 29:35]
Adam:  37%|███▋      | 374/1000 [46:31 > 29:40]
Adam:  38%|███▊      | 375/1000 [47:34 > 29:45]
Adam:  38%|███▊      | 376/1000 [49:04 > 29:50]
Adam:  38%|███▊      | 377/1000 [52:09 > 29:56]
Adam:  38%|███▊      | 378/1000 [52:49 > 30:01]
Adam:  38%|███▊      | 379/1000 [53:12 > 30:06]
Adam:  38%|███▊      | 380/1000 [54:06 > 30:12]
Adam:  38%|███▊      | 381/1000 [51:12 > 30:16]
Adam:  38%|███▊      | 382/1000 [52:35 > 30:21]
Adam:  38%|███▊      | 383/1000 [50:18 > 30:26]
Adam:  38%|███▊      | 384/1000 [48:26 > 30:30]
Adam:  38%|███▊      | 385/1000 [46:38 > 30:34]
Adam:  39%|███▊      | 386/1000 [47:16 > 30:39]
Adam:  39%|███▊      | 387/1000 [44:49 > 30:43]
Adam:  39%|███▉      | 388/1000 [46:02 > 30:48]
Adam:  39%|███▉      | 389/1000 [48:03 > 30:53]
Adam:  39%|███▉      | 390/1000 [49:41 > 30:58]
Adam:  39%|███▉      | 391/1000 [51:51 > 31:04]
Adam:  39%|███▉      | 392/1000 [52:09 > 31:09]
Adam:  39%|███▉      | 393/1000 [52:26 > 31:14]
Adam:  39%|███▉      | 394/1000 [50:49 > 31:19]
Adam:  40%|███▉      | 395/1000 [49:26 > 31:24]
Adam:  40%|███▉      | 396/1000 [48:18 > 31:28]
Adam:  40%|███▉      | 397/1000 [45:09 > 31:32]
Adam:  40%|███▉      | 398/1000 [43:27 > 31:36]
Adam:  40%|███▉      | 399/1000 [44:29 > 31:41]
Adam:  40%|████      | 400/1000 [46:49 > 31:46]
Adam:  40%|████      | 401/1000 [46:57 > 31:51]
Adam:  40%|████      | 402/1000 [52:23 > 31:57]
Adam:  40%|████      | 403/1000 [51:58 > 32:02]
Adam:  40%|████      | 404/1000 [52:11 > 32:08]
Adam:  40%|████      | 405/1000 [51:44 > 32:13]
Adam:  41%|████      | 406/1000 [54:06 > 32:19]
Adam:  41%|████      | 407/1000 [47:05 > 32:22]
Adam:  41%|████      | 408/1000 [46:17 > 32:26]
Adam:  41%|████      | 409/1000 [45:18 > 32:31]
Adam:  41%|████      | 410/1000 [44:27 > 32:35]
Adam:  41%|████      | 411/1000 [44:14 > 32:40]
Adam:  41%|████      | 412/1000 [44:29 > 32:44]
Adam:  41%|████▏     | 413/1000 [45:06 > 32:49]
Adam:  41%|████▏     | 414/1000 [46:47 > 32:54]
Adam:  42%|████▏     | 415/1000 [46:53 > 32:59]
Adam:  42%|████▏     | 416/1000 [50:31 > 33:05]
Adam:  42%|████▏     | 417/1000 [47:43 > 33:09]
Adam:  42%|████▏     | 418/1000 [48:39 > 33:15]
Adam:  42%|████▏     | 419/1000 [56:50 > 33:22]
Adam:  42%|████▏     | 420/1000 [44:27 > 33:24]
Adam:  42%|████▏     | 421/1000 [42:51 > 33:28]
Adam:  42%|████▏     | 422/1000 [43:48 > 33:33]
Adam:  42%|████▏     | 423/1000 [41:53 > 33:37]
Adam:  42%|████▏     | 424/1000 [51:55 > 33:45]
Adam:  42%|████▎     | 425/1000 [40:29 > 33:46]
Adam:  43%|████▎     | 426/1000 [42:46 > 33:51]
Adam:  43%|████▎     | 427/1000 [46:22 > 33:57]
Adam:  43%|████▎     | 428/1000 [47:26 > 34:02]
Adam:  43%|████▎     | 429/1000 [48:09 > 34:08]
Adam:  43%|████▎     | 430/1000 [49:00 > 34:13]
Adam:  43%|████▎     | 431/1000 [46:32 > 34:17]
Adam:  43%|████▎     | 432/1000 [47:58 > 34:23]
Adam:  43%|████▎     | 433/1000 [46:00 > 34:27]
Adam:  43%|████▎     | 434/1000 [49:42 > 34:33]
Adam:  44%|████▎     | 435/1000 [49:11 > 34:38]
Adam:  44%|████▎     | 436/1000 [39:31 > 34:40]
Adam:  44%|████▎     | 437/1000 [38:27 > 34:44]
Adam:  44%|████▍     | 438/1000 [40:14 > 34:49]
Adam:  44%|████▍     | 439/1000 [42:37 > 34:54]
Adam:  44%|████▍     | 440/1000 [44:18 > 34:59]
Adam:  44%|████▍     | 441/1000 [46:45 > 35:05]
Adam:  44%|████▍     | 442/1000 [47:18 > 35:10]
Adam:  44%|████▍     | 443/1000 [47:35 > 35:15]
Adam:  44%|████▍     | 444/1000 [46:00 > 35:20]
Adam:  44%|████▍     | 445/1000 [44:51 > 35:24]
Adam:  45%|████▍     | 446/1000 [43:57 > 35:29]
Adam:  45%|████▍     | 447/1000 [41:01 > 35:33]
Adam:  45%|████▍     | 448/1000 [39:34 > 35:37]
Adam:  45%|████▍     | 449/1000 [50:20 > 35:45]
Adam:  45%|████▌     | 450/1000 [39:48 > 35:47]
Adam:  45%|████▌     | 451/1000 [50:33 > 35:55]
Adam:  45%|████▌     | 452/1000 [43:17 > 35:58]
Adam:  45%|████▌     | 453/1000 [44:15 > 36:03]
Adam:  45%|████▌     | 454/1000 [45:16 > 36:08]
Adam:  46%|████▌     | 455/1000 [45:32 > 36:13]
Adam:  46%|████▌     | 456/1000 [44:42 > 36:18]
Adam:  46%|████▌     | 457/1000 [43:19 > 36:23]
Adam:  46%|████▌     | 458/1000 [42:24 > 36:27]
Adam:  46%|████▌     | 459/1000 [41:39 > 36:31]
Adam:  46%|████▌     | 460/1000 [40:56 > 36:36]
Adam:  46%|████▌     | 461/1000 [40:32 > 36:40]
Adam:  46%|████▌     | 462/1000 [40:55 > 36:45]
Adam:  46%|████▋     | 463/1000 [41:33 > 36:50]
Adam:  46%|████▋     | 464/1000 [42:57 > 36:55]
Adam:  46%|████▋     | 465/1000 [42:54 > 37:00]
Adam:  47%|████▋     | 466/1000 [46:16 > 37:06]
Adam:  47%|████▋     | 467/1000 [43:41 > 37:10]
Adam:  47%|████▋     | 468/1000 [46:44 > 37:16]
Adam:  47%|████▋     | 469/1000 [43:16 > 37:20]
Adam:  47%|████▋     | 470/1000 [42:47 > 37:25]
Adam:  47%|████▋     | 471/1000 [40:42 > 37:29]
Adam:  47%|████▋     | 472/1000 [41:03 > 37:34]
Adam:  47%|████▋     | 473/1000 [38:58 > 37:38]
Adam:  47%|████▋     | 474/1000 [47:54 > 37:46]
Adam:  48%|████▊     | 475/1000 [37:38 > 37:47]
Adam:  48%|████▊     | 476/1000 [39:25 > 37:52]
Adam:  48%|████▊     | 477/1000 [42:23 > 37:58]
Adam:  48%|████▊     | 478/1000 [43:18 > 38:03]
Adam:  48%|████▊     | 479/1000 [43:46 > 38:08]
Adam:  48%|████▊     | 480/1000 [45:07 > 38:14]
Adam:  48%|████▊     | 481/1000 [41:58 > 38:18]
Adam:  48%|████▊     | 482/1000 [43:16 > 38:23]
Adam:  48%|████▊     | 483/1000 [41:24 > 38:28]
Adam:  48%|████▊     | 484/1000 [39:46 > 38:32]
Adam:  48%|████▊     | 485/1000 [38:21 > 38:36]
Adam:  49%|████▊     | 486/1000 [38:54 > 38:41]
Adam:  49%|████▊     | 487/1000 [40:40 > 38:46]
Adam:  49%|████▉     | 488/1000 [36:38 > 38:49]
Adam:  49%|████▉     | 489/1000 [38:46 > 38:54]
Adam:  49%|████▉     | 490/1000 [40:21 > 38:59]
Adam:  49%|████▉     | 491/1000 [42:22 > 39:05]
Adam:  49%|████▉     | 492/1000 [42:44 > 39:10]
Adam:  49%|████▉     | 493/1000 [42:57 > 39:15]
Adam:  49%|████▉     | 494/1000 [41:28 > 39:20]
Adam:  50%|████▉     | 495/1000 [44:36 > 39:26]
Adam:  50%|████▉     | 496/1000 [38:10 > 39:29]
Adam:  50%|████▉     | 497/1000 [35:56 > 39:33]
Adam:  50%|████▉     | 498/1000 [34:52 > 39:36]
Adam:  50%|████▉     | 499/1000 [36:00 > 39:41]
Adam:  50%|█████     | 500/1000 [38:02 > 39:46]
Adam:  50%|█████     | 501/1000 [38:11 > 39:51]
Adam:  50%|█████     | 502/1000 [42:28 > 39:57]
Adam:  50%|█████     | 503/1000 [42:10 > 40:02]
Adam:  50%|█████     | 504/1000 [50:56 > 40:11]
Adam:  50%|█████     | 505/1000 [39:38 > 40:13]
Adam:  51%|█████     | 506/1000 [39:13 > 40:17]
Adam:  51%|█████     | 507/1000 [38:08 > 40:22]
Adam:  51%|█████     | 508/1000 [37:35 > 40:26]
Adam:  51%|█████     | 509/1000 [36:55 > 40:30]
Adam:  51%|█████     | 510/1000 [36:22 > 40:35]
Adam:  51%|█████     | 511/1000 [36:08 > 40:39]
Adam:  51%|█████     | 512/1000 [36:30 > 40:44]
Adam:  51%|█████▏    | 513/1000 [37:05 > 40:49]
Adam:  51%|█████▏    | 514/1000 [38:25 > 40:54]
Adam:  52%|█████▏    | 515/1000 [38:22 > 40:58]
Adam:  52%|█████▏    | 516/1000 [41:19 > 41:04]
Adam:  52%|█████▏    | 517/1000 [39:04 > 41:09]
Adam:  52%|█████▏    | 518/1000 [39:48 > 41:14]
Adam:  52%|█████▏    | 519/1000 [39:15 > 41:19]
Adam:  52%|█████▏    | 520/1000 [38:39 > 41:23]
Adam:  52%|█████▏    | 521/1000 [36:39 > 41:27]
Adam:  52%|█████▏    | 522/1000 [36:58 > 41:32]
Adam:  52%|█████▏    | 523/1000 [35:03 > 41:36]
Adam:  52%|█████▏    | 524/1000 [35:03 > 41:40]
Adam:  52%|█████▎    | 525/1000 [36:02 > 41:45]
Adam:  53%|█████▎    | 526/1000 [37:09 > 41:50]
Adam:  53%|█████▎    | 527/1000 [39:25 > 41:56]
Adam:  53%|█████▎    | 528/1000 [39:59 > 42:01]
Adam:  53%|█████▎    | 529/1000 [40:23 > 42:07]
Adam:  53%|█████▎    | 530/1000 [40:47 > 42:12]
Adam:  53%|█████▎    | 531/1000 [38:31 > 42:16]
Adam:  53%|█████▎    | 532/1000 [39:30 > 42:22]
Adam:  53%|█████▎    | 533/1000 [37:39 > 42:26]
Adam:  53%|█████▎    | 534/1000 [36:10 > 42:30]
Adam:  54%|█████▎    | 535/1000 [34:45 > 42:34]
Adam:  54%|█████▎    | 536/1000 [35:14 > 42:39]
Adam:  54%|█████▎    | 537/1000 [33:22 > 42:43]
Adam:  54%|█████▍    | 538/1000 [34:11 > 42:47]
Adam:  54%|█████▍    | 539/1000 [35:44 > 42:53]
Adam:  54%|█████▍    | 540/1000 [36:51 > 42:58]
Adam:  54%|█████▍    | 541/1000 [38:32 > 43:03]
Adam:  54%|█████▍    | 542/1000 [44:45 > 43:11]
Adam:  54%|█████▍    | 543/1000 [36:58 > 43:14]
Adam:  54%|█████▍    | 544/1000 [43:01 > 43:21]
Adam:  55%|█████▍    | 545/1000 [33:29 > 43:23]
Adam:  55%|█████▍    | 546/1000 [33:31 > 43:27]
Adam:  55%|█████▍    | 547/1000 [31:47 > 43:31]
Adam:  55%|█████▍    | 548/1000 [36:53 > 43:37]
Adam:  55%|█████▍    | 549/1000 [30:26 > 43:39]
Adam:  55%|█████▌    | 550/1000 [32:51 > 43:45]
Adam:  55%|█████▌    | 551/1000 [33:26 > 43:49]
Adam:  55%|█████▌    | 552/1000 [37:37 > 43:56]
Adam:  55%|█████▌    | 553/1000 [37:34 > 44:01]
Adam:  55%|█████▌    | 554/1000 [37:51 > 44:06]
Adam:  56%|█████▌    | 555/1000 [37:42 > 44:11]
Adam:  56%|█████▌    | 556/1000 [36:43 > 44:16]
Adam:  56%|█████▌    | 557/1000 [35:20 > 44:20]
Adam:  56%|█████▌    | 558/1000 [34:31 > 44:24]
Adam:  56%|█████▌    | 559/1000 [33:42 > 44:29]
Adam:  56%|█████▌    | 560/1000 [33:03 > 44:33]
Adam:  56%|█████▌    | 561/1000 [32:48 > 44:38]
Adam:  56%|█████▌    | 562/1000 [33:03 > 44:42]
Adam:  56%|█████▋    | 563/1000 [33:22 > 44:47]
Adam:  56%|█████▋    | 564/1000 [34:29 > 44:52]
Adam:  56%|█████▋    | 565/1000 [43:27 > 45:01]
Adam:  57%|█████▋    | 566/1000 [41:02 > 45:06]
Adam:  57%|█████▋    | 567/1000 [31:14 > 45:07]
Adam:  57%|█████▋    | 568/1000 [40:20 > 45:16]
Adam:  57%|█████▋    | 569/1000 [31:08 > 45:17]
Adam:  57%|█████▋    | 570/1000 [37:51 > 45:24]
Adam:  57%|█████▋    | 571/1000 [29:04 > 45:26]
Adam:  57%|█████▋    | 572/1000 [30:24 > 45:30]
Adam:  57%|█████▋    | 573/1000 [29:27 > 45:34]
Adam:  57%|█████▋    | 574/1000 [30:04 > 45:39]
Adam:  57%|█████▊    | 575/1000 [31:13 > 45:44]
Adam:  58%|█████▊    | 576/1000 [32:23 > 45:49]
Adam:  58%|█████▊    | 577/1000 [34:34 > 45:54]
Adam:  58%|█████▊    | 578/1000 [35:11 > 45:59]
Adam:  58%|█████▊    | 579/1000 [35:32 > 46:05]
Adam:  58%|█████▊    | 580/1000 [36:03 > 46:10]
Adam:  58%|█████▊    | 581/1000 [36:12 > 46:15]
Adam:  58%|█████▊    | 582/1000 [34:25 > 46:20]
Adam:  58%|█████▊    | 583/1000 [33:02 > 46:24]
Adam:  58%|█████▊    | 584/1000 [31:52 > 46:28]
Adam:  58%|█████▊    | 585/1000 [30:43 > 46:32]
Adam:  59%|█████▊    | 586/1000 [31:13 > 46:37]
Adam:  59%|█████▊    | 587/1000 [31:47 > 46:42]
Adam:  59%|█████▉    | 588/1000 [29:43 > 46:45]
Adam:  59%|█████▉    | 589/1000 [31:20 > 46:51]
Adam:  59%|█████▉    | 590/1000 [32:30 > 46:56]
Adam:  59%|█████▉    | 591/1000 [34:00 > 47:01]
Adam:  59%|█████▉    | 592/1000 [34:18 > 47:06]
Adam:  59%|█████▉    | 593/1000 [34:26 > 47:12]
Adam:  59%|█████▉    | 594/1000 [33:15 > 47:16]
Adam:  60%|█████▉    | 595/1000 [32:23 > 47:21]
Adam:  60%|█████▉    | 596/1000 [31:36 > 47:25]
Adam:  60%|█████▉    | 597/1000 [29:29 > 47:29]
Adam:  60%|█████▉    | 598/1000 [28:28 > 47:33]
Adam:  60%|█████▉    | 599/1000 [29:07 > 47:37]
Adam:  60%|██████    | 600/1000 [30:36 > 47:43]
Adam:  60%|██████    | 601/1000 [30:46 > 47:47]
Adam:  60%|██████    | 602/1000 [34:07 > 47:54]
Adam:  60%|██████    | 603/1000 [33:51 > 47:59]
Adam:  60%|██████    | 604/1000 [33:55 > 48:04]
Adam:  60%|██████    | 605/1000 [33:40 > 48:09]
Adam:  61%|██████    | 606/1000 [32:42 > 48:14]
Adam:  61%|██████    | 607/1000 [31:24 > 48:18]
Adam:  61%|██████    | 608/1000 [30:38 > 48:22]
Adam:  61%|██████    | 609/1000 [29:56 > 48:27]
Adam:  61%|██████    | 610/1000 [29:19 > 48:31]
Adam:  61%|██████    | 611/1000 [35:29 > 48:39]
Adam:  61%|██████    | 612/1000 [27:18 > 48:40]
Adam:  61%|██████▏   | 613/1000 [28:12 > 48:45]
Adam:  61%|██████▏   | 614/1000 [29:36 > 48:50]
Adam:  62%|██████▏   | 615/1000 [29:51 > 48:55]
Adam:  62%|██████▏   | 616/1000 [32:26 > 49:01]
Adam:  62%|██████▏   | 617/1000 [30:48 > 49:05]
Adam:  62%|██████▏   | 618/1000 [31:25 > 49:10]
Adam:  62%|██████▏   | 619/1000 [30:59 > 49:15]
Adam:  62%|██████▏   | 620/1000 [30:28 > 49:20]
Adam:  62%|██████▏   | 621/1000 [28:56 > 49:24]
Adam:  62%|██████▏   | 622/1000 [29:09 > 49:28]
Adam:  62%|██████▏   | 623/1000 [27:38 > 49:32]
Adam:  62%|██████▏   | 624/1000 [27:41 > 49:37]
Adam:  62%|██████▎   | 625/1000 [28:18 > 49:41]
Adam:  63%|██████▎   | 626/1000 [29:05 > 49:46]
Adam:  63%|██████▎   | 627/1000 [30:50 > 49:52]
Adam:  63%|██████▎   | 628/1000 [31:12 > 49:57]
Adam:  63%|██████▎   | 629/1000 [31:24 > 50:03]
Adam:  63%|██████▎   | 630/1000 [31:52 > 50:08]
Adam:  63%|██████▎   | 631/1000 [30:07 > 50:12]
Adam:  63%|██████▎   | 632/1000 [30:59 > 50:18]
Adam:  63%|██████▎   | 633/1000 [29:37 > 50:22]
Adam:  63%|██████▎   | 634/1000 [28:22 > 50:26]
Adam:  64%|██████▎   | 635/1000 [27:19 > 50:30]
Adam:  64%|██████▎   | 636/1000 [27:39 > 50:35]
Adam:  64%|██████▎   | 637/1000 [26:10 > 50:39]
Adam:  64%|██████▍   | 638/1000 [33:04 > 50:47]
Adam:  64%|██████▍   | 639/1000 [26:12 > 50:49]
Adam:  64%|██████▍   | 640/1000 [27:35 > 50:54]
Adam:  64%|██████▍   | 641/1000 [29:11 > 50:59]
Adam:  64%|██████▍   | 642/1000 [29:38 > 51:05]
Adam:  64%|██████▍   | 643/1000 [29:48 > 51:10]
Adam:  64%|██████▍   | 644/1000 [28:52 > 51:14]
Adam:  64%|██████▍   | 645/1000 [28:12 > 51:19]
Adam:  65%|██████▍   | 646/1000 [27:35 > 51:23]
Adam:  65%|██████▍   | 647/1000 [25:44 > 51:27]
Adam:  65%|██████▍   | 648/1000 [24:52 > 51:31]
Adam:  65%|██████▍   | 649/1000 [25:27 > 51:35]
Adam:  65%|██████▌   | 650/1000 [26:48 > 51:41]
Adam:  65%|██████▌   | 651/1000 [26:52 > 51:45]
Adam:  65%|██████▌   | 652/1000 [29:50 > 51:52]
Adam:  65%|██████▌   | 653/1000 [29:36 > 51:57]
Adam:  65%|██████▌   | 654/1000 [29:33 > 52:02]
Adam:  66%|██████▌   | 655/1000 [29:23 > 52:07]
Adam:  66%|██████▌   | 656/1000 [28:31 > 52:12]
Adam:  66%|██████▌   | 657/1000 [27:22 > 52:16]
Adam:  66%|██████▌   | 658/1000 [26:43 > 52:20]
Adam:  66%|██████▌   | 659/1000 [26:07 > 52:25]
Adam:  66%|██████▌   | 660/1000 [25:31 > 52:29]
Adam:  66%|██████▌   | 661/1000 [25:14 > 52:33]
Adam:  66%|██████▌   | 662/1000 [30:10 > 52:41]
Adam:  66%|██████▋   | 663/1000 [24:17 > 52:43]
Adam:  66%|██████▋   | 664/1000 [25:33 > 52:48]
Adam:  66%|██████▋   | 665/1000 [25:53 > 52:53]
Adam:  67%|██████▋   | 666/1000 [28:08 > 52:59]
Adam:  67%|██████▋   | 667/1000 [29:32 > 53:05]
Adam:  67%|██████▋   | 668/1000 [26:21 > 53:08]
Adam:  67%|██████▋   | 669/1000 [31:38 > 53:16]
Adam:  67%|██████▋   | 670/1000 [26:13 > 53:19]
Adam:  67%|██████▋   | 671/1000 [29:05 > 53:25]
Adam:  67%|██████▋   | 672/1000 [22:11 > 53:26]
Adam:  67%|██████▋   | 673/1000 [21:49 > 53:30]
Adam:  67%|██████▋   | 674/1000 [22:28 > 53:35]
Adam:  68%|██████▊   | 675/1000 [23:28 > 53:39]
Adam:  68%|██████▊   | 676/1000 [24:32 > 53:44]
Adam:  68%|██████▊   | 677/1000 [26:15 > 53:50]
Adam:  68%|██████▊   | 678/1000 [26:42 > 53:55]
Adam:  68%|██████▊   | 679/1000 [29:01 > 54:02]
Adam:  68%|██████▊   | 680/1000 [26:49 > 54:06]
Adam:  68%|██████▊   | 681/1000 [25:31 > 54:10]
Adam:  68%|██████▊   | 682/1000 [26:20 > 54:16]
Adam:  68%|██████▊   | 683/1000 [25:14 > 54:20]
Adam:  68%|██████▊   | 684/1000 [24:15 > 54:24]
Adam:  68%|██████▊   | 685/1000 [23:24 > 54:28]
Adam:  69%|██████▊   | 686/1000 [23:43 > 54:33]
Adam:  69%|██████▊   | 687/1000 [22:29 > 54:37]
Adam:  69%|██████▉   | 688/1000 [23:02 > 54:41]
Adam:  69%|██████▉   | 689/1000 [24:02 > 54:47]
Adam:  69%|██████▉   | 690/1000 [24:47 > 54:52]
Adam:  69%|██████▉   | 691/1000 [25:55 > 54:57]
Adam:  69%|██████▉   | 692/1000 [26:02 > 55:02]
Adam:  69%|██████▉   | 693/1000 [26:06 > 55:08]
Adam:  69%|██████▉   | 694/1000 [25:09 > 55:12]
Adam:  70%|██████▉   | 695/1000 [24:27 > 55:17]
Adam:  70%|██████▉   | 696/1000 [23:50 > 55:21]
Adam:  70%|██████▉   | 697/1000 [22:14 > 55:25]
Adam:  70%|██████▉   | 698/1000 [21:25 > 55:29]
Adam:  70%|██████▉   | 699/1000 [21:55 > 55:33]
Adam:  70%|███████   | 700/1000 [23:04 > 55:39]
Adam:  70%|███████   | 701/1000 [23:04 > 55:43]
Adam:  70%|███████   | 702/1000 [25:36 > 55:50]
Adam:  70%|███████   | 703/1000 [25:19 > 55:55]
Adam:  70%|███████   | 704/1000 [25:21 > 56:00]
Adam:  70%|███████   | 705/1000 [25:12 > 56:05]
Adam:  71%|███████   | 706/1000 [24:36 > 56:10]
Adam:  71%|███████   | 707/1000 [23:23 > 56:14]
Adam:  71%|███████   | 708/1000 [22:47 > 56:18]
Adam:  71%|███████   | 709/1000 [22:14 > 56:23]
Adam:  71%|███████   | 710/1000 [21:48 > 56:27]
Adam:  71%|███████   | 711/1000 [21:32 > 56:31]
Adam:  71%|███████   | 712/1000 [21:39 > 56:36]
Adam:  71%|███████▏  | 713/1000 [21:51 > 56:41]
Adam:  71%|███████▏  | 714/1000 [24:35 > 56:47]
Adam:  72%|███████▏  | 715/1000 [21:58 > 56:51]
Adam:  72%|███████▏  | 716/1000 [23:54 > 56:57]
Adam:  72%|███████▏  | 717/1000 [22:38 > 57:01]
Adam:  72%|███████▏  | 718/1000 [23:07 > 57:06]
Adam:  72%|███████▏  | 719/1000 [22:52 > 57:11]
Adam:  72%|███████▏  | 720/1000 [22:27 > 57:16]
Adam:  72%|███████▏  | 721/1000 [23:20 > 57:21]
Adam:  72%|███████▏  | 722/1000 [20:47 > 57:24]
Adam:  72%|███████▏  | 723/1000 [19:52 > 57:28]
Adam:  72%|███████▏  | 724/1000 [20:01 > 57:33]
Adam:  72%|███████▎  | 725/1000 [20:33 > 57:38]
Adam:  73%|███████▎  | 726/1000 [21:11 > 57:43]
Adam:  73%|███████▎  | 727/1000 [22:28 > 57:48]
Adam:  73%|███████▎  | 728/1000 [22:49 > 57:53]
Adam:  73%|███████▎  | 729/1000 [22:56 > 57:59]
Adam:  73%|███████▎  | 730/1000 [23:16 > 58:04]
Adam:  73%|███████▎  | 731/1000 [21:58 > 58:08]
Adam:  73%|███████▎  | 732/1000 [22:30 > 58:14]
Adam:  73%|███████▎  | 733/1000 [21:29 > 58:18]
Adam:  73%|███████▎  | 734/1000 [20:35 > 58:22]
Adam:  74%|███████▎  | 735/1000 [19:49 > 58:26]
Adam:  74%|███████▎  | 736/1000 [20:02 > 58:31]
Adam:  74%|███████▎  | 737/1000 [18:59 > 58:35]
Adam:  74%|███████▍  | 738/1000 [19:22 > 58:39]
Adam:  74%|███████▍  | 739/1000 [20:12 > 58:45]
Adam:  74%|███████▍  | 740/1000 [20:50 > 58:50]
Adam:  74%|███████▍  | 741/1000 [21:44 > 58:55]
Adam:  74%|███████▍  | 742/1000 [21:48 > 59:01]
Adam:  74%|███████▍  | 743/1000 [21:50 > 59:06]
Adam:  74%|███████▍  | 744/1000 [21:03 > 59:10]
Adam:  74%|███████▍  | 745/1000 [20:29 > 59:15]
Adam:  75%|███████▍  | 746/1000 [19:58 > 59:19]
Adam:  75%|███████▍  | 747/1000 [18:35 > 59:23]
Adam:  75%|███████▍  | 748/1000 [17:53 > 59:27]
Adam:  75%|███████▍  | 749/1000 [18:17 > 59:32]
Adam:  75%|███████▌  | 750/1000 [23:17 > 59:40]
Adam:  75%|███████▌  | 751/1000 [18:02 > 59:41]
Adam:  75%|███████▌  | 752/1000 [20:26 > 59:48]
Adam:  75%|███████▌  | 753/1000 [20:27 > 59:53]
Adam:  75%|███████▌  | 754/1000 [20:39 > 59:58]
Adam:  76%|███████▌  | 755/1000 [20:36 > 1:00:03]
Adam:  76%|███████▌  | 756/1000 [20:10 > 1:00:08]
Adam:  76%|███████▌  | 757/1000 [19:15 > 1:00:12]
Adam:  76%|███████▌  | 758/1000 [18:49 > 1:00:17]
Adam:  76%|███████▌  | 759/1000 [21:43 > 1:00:24]
Adam:  76%|███████▌  | 760/1000 [17:00 > 1:00:25]
Adam:  76%|███████▌  | 761/1000 [17:06 > 1:00:30]
Adam:  76%|███████▌  | 762/1000 [17:26 > 1:00:34]
Adam:  76%|███████▋  | 763/1000 [17:46 > 1:00:39]
Adam:  76%|███████▋  | 764/1000 [18:28 > 1:00:44]
Adam:  76%|███████▋  | 765/1000 [18:28 > 1:00:49]
Adam:  77%|███████▋  | 766/1000 [19:57 > 1:00:55]
Adam:  77%|███████▋  | 767/1000 [18:51 > 1:00:59]
Adam:  77%|███████▋  | 768/1000 [19:11 > 1:01:04]
Adam:  77%|███████▋  | 769/1000 [18:51 > 1:01:09]
Adam:  77%|███████▋  | 770/1000 [18:32 > 1:01:14]
Adam:  77%|███████▋  | 771/1000 [17:34 > 1:01:18]
Adam:  77%|███████▋  | 772/1000 [17:37 > 1:01:23]
Adam:  77%|███████▋  | 773/1000 [16:39 > 1:01:26]
Adam:  77%|███████▋  | 774/1000 [16:38 > 1:01:31]
Adam:  78%|███████▊  | 775/1000 [19:19 > 1:01:38]
Adam:  78%|███████▊  | 776/1000 [16:43 > 1:01:41]
Adam:  78%|███████▊  | 777/1000 [17:56 > 1:01:46]
Adam:  78%|███████▊  | 778/1000 [18:19 > 1:01:52]
Adam:  78%|███████▊  | 779/1000 [18:32 > 1:01:57]
Adam:  78%|███████▊  | 780/1000 [18:48 > 1:02:02]
Adam:  78%|███████▊  | 781/1000 [17:44 > 1:02:06]
Adam:  78%|███████▊  | 782/1000 [18:13 > 1:02:12]
Adam:  78%|███████▊  | 783/1000 [17:22 > 1:02:16]
Adam:  78%|███████▊  | 784/1000 [16:48 > 1:02:20]
Adam:  78%|███████▊  | 785/1000 [15:56 > 1:02:24]
Adam:  79%|███████▊  | 786/1000 [16:09 > 1:02:29]
Adam:  79%|███████▊  | 787/1000 [15:17 > 1:02:33]
Adam:  79%|███████▉  | 788/1000 [15:39 > 1:02:38]
Adam:  79%|███████▉  | 789/1000 [16:20 > 1:02:43]
Adam:  79%|███████▉  | 790/1000 [16:49 > 1:02:48]
Adam:  79%|███████▉  | 791/1000 [20:57 > 1:02:57]
Adam:  79%|███████▉  | 792/1000 [16:34 > 1:02:59]
Adam:  79%|███████▉  | 793/1000 [16:51 > 1:03:04]
Adam:  79%|███████▉  | 794/1000 [16:24 > 1:03:08]
Adam:  80%|███████▉  | 795/1000 [16:04 > 1:03:13]
Adam:  80%|███████▉  | 796/1000 [18:20 > 1:03:20]
Adam:  80%|███████▉  | 797/1000 [13:56 > 1:03:21]
Adam:  80%|███████▉  | 798/1000 [13:40 > 1:03:25]
Adam:  80%|███████▉  | 799/1000 [14:10 > 1:03:30]
Adam:  80%|████████  | 800/1000 [18:13 > 1:03:38]
Adam:  80%|████████  | 801/1000 [14:09 > 1:03:39]
Adam:  80%|████████  | 802/1000 [16:12 > 1:03:46]
Adam:  80%|████████  | 803/1000 [16:13 > 1:03:51]
Adam:  80%|████████  | 804/1000 [16:23 > 1:03:56]
Adam:  80%|████████  | 805/1000 [16:21 > 1:04:01]
Adam:  81%|████████  | 806/1000 [15:56 > 1:04:06]
Adam:  81%|████████  | 807/1000 [15:18 > 1:04:10]
Adam:  81%|████████  | 808/1000 [14:56 > 1:04:15]
Adam:  81%|████████  | 809/1000 [14:33 > 1:04:19]
Adam:  81%|████████  | 810/1000 [14:14 > 1:04:23]
Adam:  81%|████████  | 811/1000 [14:05 > 1:04:28]
Adam:  81%|████████  | 812/1000 [14:08 > 1:04:32]
Adam:  81%|████████▏ | 813/1000 [14:15 > 1:04:37]
Adam:  81%|████████▏ | 814/1000 [14:42 > 1:04:42]
Adam:  82%|████████▏ | 815/1000 [18:32 > 1:04:51]
Adam:  82%|████████▏ | 816/1000 [17:03 > 1:04:56]
Adam:  82%|████████▏ | 817/1000 [13:20 > 1:04:57]
Adam:  82%|████████▏ | 818/1000 [14:00 > 1:05:02]
Adam:  82%|████████▏ | 819/1000 [14:05 > 1:05:07]
Adam:  82%|████████▏ | 820/1000 [14:03 > 1:05:12]
Adam:  82%|████████▏ | 821/1000 [13:24 > 1:05:16]
Adam:  82%|████████▏ | 822/1000 [13:32 > 1:05:21]
Adam:  82%|████████▏ | 823/1000 [12:52 > 1:05:25]
Adam:  82%|████████▏ | 824/1000 [12:54 > 1:05:29]
Adam:  82%|████████▎ | 825/1000 [13:11 > 1:05:34]
Adam:  83%|████████▎ | 826/1000 [16:26 > 1:05:42]
Adam:  83%|████████▎ | 827/1000 [13:29 > 1:05:45]
Adam:  83%|████████▎ | 828/1000 [13:54 > 1:05:50]
Adam:  83%|████████▎ | 829/1000 [14:16 > 1:05:55]
Adam:  83%|████████▎ | 830/1000 [14:20 > 1:06:00]
Adam:  83%|████████▎ | 831/1000 [13:34 > 1:06:05]
Adam:  83%|████████▎ | 832/1000 [13:59 > 1:06:10]
Adam:  83%|████████▎ | 833/1000 [13:20 > 1:06:14]
Adam:  83%|████████▎ | 834/1000 [12:47 > 1:06:19]
Adam:  84%|████████▎ | 835/1000 [13:01 > 1:06:24]
Adam:  84%|████████▎ | 836/1000 [12:12 > 1:06:27]
Adam:  84%|████████▎ | 837/1000 [11:34 > 1:06:31]
Adam:  84%|████████▍ | 838/1000 [11:51 > 1:06:36]
Adam:  84%|████████▍ | 839/1000 [12:22 > 1:06:41]
Adam:  84%|████████▍ | 840/1000 [12:44 > 1:06:46]
Adam:  84%|████████▍ | 841/1000 [13:18 > 1:06:52]
Adam:  84%|████████▍ | 842/1000 [13:19 > 1:06:57]
Adam:  84%|████████▍ | 843/1000 [13:18 > 1:07:02]
Adam:  84%|████████▍ | 844/1000 [12:47 > 1:07:07]
Adam:  84%|████████▍ | 845/1000 [12:24 > 1:07:11]
Adam:  85%|████████▍ | 846/1000 [12:03 > 1:07:16]
Adam:  85%|████████▍ | 847/1000 [11:13 > 1:07:19]
Adam:  85%|████████▍ | 848/1000 [10:46 > 1:07:23]
Adam:  85%|████████▍ | 849/1000 [10:57 > 1:07:28]
Adam:  85%|████████▌ | 850/1000 [13:55 > 1:07:36]
Adam:  85%|████████▌ | 851/1000 [13:32 > 1:07:41]
Adam:  85%|████████▌ | 852/1000 [11:20 > 1:07:44]
Adam:  85%|████████▌ | 853/1000 [11:33 > 1:07:49]
Adam:  85%|████████▌ | 854/1000 [11:49 > 1:07:54]
Adam:  86%|████████▌ | 855/1000 [11:52 > 1:07:59]
Adam:  86%|████████▌ | 856/1000 [11:38 > 1:08:04]
Adam:  86%|████████▌ | 857/1000 [11:13 > 1:08:08]
Adam:  86%|████████▌ | 858/1000 [10:58 > 1:08:13]
Adam:  86%|████████▌ | 859/1000 [10:41 > 1:08:17]
Adam:  86%|████████▌ | 860/1000 [10:27 > 1:08:22]
Adam:  86%|████████▌ | 861/1000 [10:20 > 1:08:26]
Adam:  86%|████████▌ | 862/1000 [10:21 > 1:08:31]
Adam:  86%|████████▋ | 863/1000 [10:25 > 1:08:35]
Adam:  86%|████████▋ | 864/1000 [10:45 > 1:08:40]
Adam:  86%|████████▋ | 865/1000 [10:43 > 1:08:45]
Adam:  87%|████████▋ | 866/1000 [11:28 > 1:08:51]
Adam:  87%|████████▋ | 867/1000 [10:47 > 1:08:55]
Adam:  87%|████████▋ | 868/1000 [10:55 > 1:09:01]
Adam:  87%|████████▋ | 869/1000 [10:42 > 1:09:05]
Adam:  87%|████████▋ | 870/1000 [10:28 > 1:09:10]
Adam:  87%|████████▋ | 871/1000 [09:52 > 1:09:14]
Adam:  87%|████████▋ | 872/1000 [09:52 > 1:09:19]
Adam:  87%|████████▋ | 873/1000 [09:18 > 1:09:23]
Adam:  87%|████████▋ | 874/1000 [09:15 > 1:09:27]
Adam:  88%|████████▊ | 875/1000 [09:27 > 1:09:32]
Adam:  88%|████████▊ | 876/1000 [09:40 > 1:09:37]
Adam:  88%|████████▊ | 877/1000 [10:11 > 1:09:43]
Adam:  88%|████████▊ | 878/1000 [10:15 > 1:09:48]
Adam:  88%|████████▊ | 879/1000 [10:15 > 1:09:53]
Adam:  88%|████████▊ | 880/1000 [10:19 > 1:09:58]
Adam:  88%|████████▊ | 881/1000 [09:42 > 1:10:03]
Adam:  88%|████████▊ | 882/1000 [09:54 > 1:10:08]
Adam:  88%|████████▊ | 883/1000 [09:24 > 1:10:12]
Adam:  88%|████████▊ | 884/1000 [08:58 > 1:10:17]
Adam:  88%|████████▊ | 885/1000 [08:34 > 1:10:21]
Adam:  89%|████████▊ | 886/1000 [08:43 > 1:10:26]
Adam:  89%|████████▊ | 887/1000 [08:06 > 1:10:29]
Adam:  89%|████████▉ | 888/1000 [09:39 > 1:10:36]
Adam:  89%|████████▉ | 889/1000 [08:10 > 1:10:39]
Adam:  89%|████████▉ | 890/1000 [08:31 > 1:10:44]
Adam:  89%|████████▉ | 891/1000 [08:54 > 1:10:50]
Adam:  89%|████████▉ | 892/1000 [08:58 > 1:10:55]
Adam:  89%|████████▉ | 893/1000 [08:57 > 1:11:00]
Adam:  89%|████████▉ | 894/1000 [08:36 > 1:11:05]
Adam:  90%|████████▉ | 895/1000 [08:20 > 1:11:09]
Adam:  90%|████████▉ | 896/1000 [09:07 > 1:11:15]
Adam:  90%|████████▉ | 897/1000 [07:13 > 1:11:17]
Adam:  90%|████████▉ | 898/1000 [06:59 > 1:11:21]
Adam:  90%|████████▉ | 899/1000 [07:11 > 1:11:26]
Adam:  90%|█████████ | 900/1000 [07:33 > 1:11:31]
Adam:  90%|█████████ | 901/1000 [07:33 > 1:11:36]
Adam:  90%|█████████ | 902/1000 [08:21 > 1:11:42]
Adam:  90%|█████████ | 903/1000 [08:14 > 1:11:47]
Adam:  90%|█████████ | 904/1000 [10:03 > 1:11:56]
Adam:  90%|█████████ | 905/1000 [07:33 > 1:11:57]
Adam:  91%|█████████ | 906/1000 [07:25 > 1:12:02]
Adam:  91%|█████████ | 907/1000 [07:11 > 1:12:06]
Adam:  91%|█████████ | 908/1000 [07:01 > 1:12:11]
Adam:  91%|█████████ | 909/1000 [06:50 > 1:12:15]
Adam:  91%|█████████ | 910/1000 [06:40 > 1:12:19]
Adam:  91%|█████████ | 911/1000 [06:34 > 1:12:24]
Adam:  91%|█████████ | 912/1000 [06:34 > 1:12:28]
Adam:  91%|█████████▏| 913/1000 [06:37 > 1:12:33]
Adam:  91%|█████████▏| 914/1000 [06:48 > 1:12:38]
Adam:  92%|█████████▏| 915/1000 [06:43 > 1:12:43]
Adam:  92%|█████████▏| 916/1000 [07:11 > 1:12:49]
Adam:  92%|█████████▏| 917/1000 [06:44 > 1:12:53]
Adam:  92%|█████████▏| 918/1000 [06:47 > 1:12:59]
Adam:  92%|█████████▏| 919/1000 [06:37 > 1:13:03]
Adam:  92%|█████████▏| 920/1000 [06:36 > 1:13:08]
Adam:  92%|█████████▏| 921/1000 [06:00 > 1:13:12]
Adam:  92%|█████████▏| 922/1000 [06:00 > 1:13:17]
Adam:  92%|█████████▏| 923/1000 [05:37 > 1:13:21]
Adam:  92%|█████████▏| 924/1000 [05:35 > 1:13:25]
Adam:  92%|█████████▎| 925/1000 [05:39 > 1:13:30]
Adam:  93%|█████████▎| 926/1000 [05:45 > 1:13:35]
Adam:  93%|█████████▎| 927/1000 [06:01 > 1:13:41]
Adam:  93%|█████████▎| 928/1000 [07:25 > 1:13:50]
Adam:  93%|█████████▎| 929/1000 [05:36 > 1:13:51]
Adam:  93%|█████████▎| 930/1000 [05:45 > 1:13:56]
Adam:  93%|█████████▎| 931/1000 [06:19 > 1:14:03]
Adam:  93%|█████████▎| 932/1000 [05:18 > 1:14:06]
Adam:  93%|█████████▎| 933/1000 [05:06 > 1:14:10]
Adam:  93%|█████████▎| 934/1000 [04:54 > 1:14:15]
Adam:  94%|█████████▎| 935/1000 [04:42 > 1:14:19]
Adam:  94%|█████████▎| 936/1000 [05:12 > 1:14:25]
Adam:  94%|█████████▎| 937/1000 [04:20 > 1:14:27]
Adam:  94%|█████████▍| 938/1000 [04:26 > 1:14:32]
Adam:  94%|█████████▍| 939/1000 [04:38 > 1:14:37]
Adam:  94%|█████████▍| 940/1000 [04:44 > 1:14:42]
Adam:  94%|█████████▍| 941/1000 [04:54 > 1:14:48]
Adam:  94%|█████████▍| 942/1000 [04:52 > 1:14:53]
Adam:  94%|█████████▍| 943/1000 [04:49 > 1:14:58]
Adam:  94%|█████████▍| 944/1000 [04:35 > 1:15:03]
Adam:  94%|█████████▍| 945/1000 [04:24 > 1:15:07]
Adam:  95%|█████████▍| 946/1000 [04:13 > 1:15:12]
Adam:  95%|█████████▍| 947/1000 [03:53 > 1:15:15]
Adam:  95%|█████████▍| 948/1000 [03:41 > 1:15:19]
Adam:  95%|█████████▍| 949/1000 [03:42 > 1:15:24]
Adam:  95%|█████████▌| 950/1000 [04:24 > 1:15:31]
Adam:  95%|█████████▌| 951/1000 [03:36 > 1:15:34]
Adam:  95%|█████████▌| 952/1000 [04:00 > 1:15:40]
Adam:  95%|█████████▌| 953/1000 [03:55 > 1:15:45]
Adam:  95%|█████████▌| 954/1000 [03:53 > 1:15:50]
Adam:  96%|█████████▌| 955/1000 [03:47 > 1:15:55]
Adam:  96%|█████████▌| 956/1000 [03:37 > 1:16:00]
Adam:  96%|█████████▌| 957/1000 [03:25 > 1:16:04]
Adam:  96%|█████████▌| 958/1000 [03:16 > 1:16:09]
Adam:  96%|█████████▌| 959/1000 [03:08 > 1:16:13]
Adam:  96%|█████████▌| 960/1000 [02:59 > 1:16:17]
Adam:  96%|█████████▌| 961/1000 [02:54 > 1:16:22]
Adam:  96%|█████████▌| 962/1000 [02:51 > 1:16:27]
Adam:  96%|█████████▋| 963/1000 [02:49 > 1:16:31]
Adam:  96%|█████████▋| 964/1000 [02:51 > 1:16:36]
Adam:  96%|█████████▋| 965/1000 [02:46 > 1:16:41]
Adam:  97%|█████████▋| 966/1000 [02:58 > 1:16:48]
Adam:  97%|█████████▋| 967/1000 [02:39 > 1:16:51]
Adam:  97%|█████████▋| 968/1000 [02:38 > 1:16:57]
Adam:  97%|█████████▋| 969/1000 [02:31 > 1:17:01]
Adam:  97%|█████████▋| 970/1000 [02:25 > 1:17:06]
Adam:  97%|█████████▋| 971/1000 [02:13 > 1:17:10]
Adam:  97%|█████████▋| 972/1000 [02:09 > 1:17:15]
Adam:  97%|█████████▋| 973/1000 [01:58 > 1:17:19]
Adam:  97%|█████████▋| 974/1000 [01:55 > 1:17:23]
Adam:  98%|█████████▊| 975/1000 [01:53 > 1:17:28]
Adam:  98%|█████████▊| 976/1000 [01:52 > 1:17:33]
Adam:  98%|█████████▊| 977/1000 [01:54 > 1:17:39]
Adam:  98%|█████████▊| 978/1000 [01:50 > 1:17:44]
Adam:  98%|█████████▊| 979/1000 [02:12 > 1:17:53]
Adam:  98%|█████████▊| 980/1000 [01:36 > 1:17:54]
Adam:  98%|█████████▊| 981/1000 [01:28 > 1:17:59]
Adam:  98%|█████████▊| 982/1000 [01:27 > 1:18:04]
Adam:  98%|█████████▊| 983/1000 [01:19 > 1:18:08]
Adam:  98%|█████████▊| 984/1000 [01:12 > 1:18:13]
Adam:  98%|█████████▊| 985/1000 [01:19 > 1:18:20]
Adam:  99%|█████████▊| 986/1000 [00:59 > 1:18:21]
Adam:  99%|█████████▊| 987/1000 [00:53 > 1:18:25]
Adam:  99%|█████████▉| 988/1000 [00:51 > 1:18:30]
Adam:  99%|█████████▉| 989/1000 [00:49 > 1:18:35]
Adam:  99%|█████████▉| 990/1000 [00:47 > 1:18:40]
Adam:  99%|█████████▉| 991/1000 [00:44 > 1:18:46]
Adam:  99%|█████████▉| 992/1000 [00:46 > 1:18:54]
Adam:  99%|█████████▉| 993/1000 [00:33 > 1:18:56]
Adam:  99%|█████████▉| 994/1000 [00:28 > 1:19:01]
Adam: 100%|█████████▉| 995/1000 [00:23 > 1:19:05]
Adam: 100%|█████████▉| 996/1000 [00:18 > 1:19:10]
Adam: 100%|█████████▉| 997/1000 [00:13 > 1:19:13]
Adam: 100%|█████████▉| 998/1000 [00:08 > 1:19:17]
Adam: 100%|█████████▉| 999/1000 [00:04 > 1:19:22]
Adam: 100%|██████████| 1000/1000 [00:00 > 1:19:27]
Adam: 100%|██████████| 1000/1000 [00:00 > 1:19:27]
LBFGS (
Parameter Group 0
    history_size: 50
    line_search_fn: strong_wolfe
    lr: 0.1
    max_eval: 6
    max_iter: 5
    tolerance_change: 1e-09
    tolerance_grad: 1e-07
)
Early stopping: patience=150 L-BFGS steps (no total-loss improvement, rtol=1e-12)

L-BFGS:   0%|          | 0/250 [? > 00:00]
L-BFGS:   0%|          | 1/250 [2:21:47 > 00:34]
L-BFGS:   1%|          | 2/250 [2:14:31 > 01:05]
L-BFGS:   1%|          | 3/250 [2:09:24 > 01:35]
L-BFGS:   2%|▏         | 4/250 [2:10:38 > 02:08]
L-BFGS:   2%|▏         | 5/250 [2:13:18 > 02:42]
L-BFGS:   2%|▏         | 6/250 [2:05:34 > 03:09]
L-BFGS:   3%|▎         | 7/250 [2:08:19 > 03:43]
L-BFGS:   3%|▎         | 8/250 [2:04:41 > 04:12]
L-BFGS:   4%|▎         | 9/250 [2:06:18 > 04:44]
L-BFGS:   4%|▍         | 10/250 [2:09:10 > 05:19]
L-BFGS:   4%|▍         | 11/250 [2:07:29 > 05:50]
L-BFGS:   5%|▍         | 12/250 [2:11:17 > 06:26]
L-BFGS:   5%|▌         | 13/250 [2:08:42 > 06:57]
L-BFGS:   6%|▌         | 14/250 [2:11:19 > 07:32]
L-BFGS:   6%|▌         | 15/250 [2:09:57 > 08:05]
L-BFGS:   6%|▋         | 16/250 [2:09:31 > 08:38]
L-BFGS:   7%|▋         | 17/250 [2:09:43 > 09:12]
L-BFGS:   7%|▋         | 18/250 [2:02:44 > 09:40]
L-BFGS:   8%|▊         | 19/250 [1:58:39 > 10:09]
L-BFGS:   8%|▊         | 20/250 [1:55:56 > 10:37]
L-BFGS:   8%|▊         | 21/250 [1:54:10 > 11:07]
L-BFGS:   9%|▉         | 22/250 [1:58:12 > 11:41]
L-BFGS:   9%|▉         | 23/250 [2:02:14 > 12:16]
L-BFGS:  10%|▉         | 24/250 [2:01:34 > 12:48]
L-BFGS:  10%|█         | 25/250 [1:58:35 > 13:18]
L-BFGS:  10%|█         | 26/250 [1:53:25 > 13:45]
L-BFGS:  11%|█         | 27/250 [1:59:22 > 14:22]
L-BFGS:  11%|█         | 28/250 [1:57:46 > 14:53]
L-BFGS:  12%|█▏        | 29/250 [2:01:41 > 15:29]
L-BFGS:  12%|█▏        | 30/250 [1:59:27 > 16:00]
L-BFGS:  12%|█▏        | 31/250 [2:02:29 > 16:36]
L-BFGS:  13%|█▎        | 32/250 [2:00:58 > 17:09]
L-BFGS:  13%|█▎        | 33/250 [2:01:21 > 17:43]
L-BFGS:  14%|█▎        | 34/250 [2:01:40 > 18:17]
L-BFGS:  14%|█▍        | 35/250 [1:54:38 > 18:45]
L-BFGS:  14%|█▍        | 36/250 [1:50:51 > 19:14]
L-BFGS:  15%|█▍        | 37/250 [1:46:55 > 19:42]
L-BFGS:  15%|█▌        | 38/250 [1:45:38 > 20:11]
L-BFGS:  16%|█▌        | 39/250 [1:48:06 > 20:44]
L-BFGS:  16%|█▌        | 40/250 [1:51:09 > 21:18]
L-BFGS:  16%|█▋        | 41/250 [1:50:18 > 21:49]
L-BFGS:  17%|█▋        | 42/250 [1:49:33 > 22:21]
L-BFGS:  17%|█▋        | 43/250 [1:44:36 > 22:48]
L-BFGS:  18%|█▊        | 44/250 [1:43:17 > 23:18]
L-BFGS:  18%|█▊        | 45/250 [1:43:20 > 23:48]
L-BFGS:  18%|█▊        | 46/250 [1:49:03 > 24:25]
L-BFGS:  19%|█▉        | 47/250 [1:47:30 > 24:56]
L-BFGS:  19%|█▉        | 48/250 [1:50:04 > 25:31]
L-BFGS:  20%|█▉        | 49/250 [1:49:22 > 26:03]
L-BFGS:  20%|██        | 50/250 [1:46:00 > 26:33]
L-BFGS:  20%|██        | 51/250 [1:45:29 > 27:05]
L-BFGS:  21%|██        | 52/250 [1:46:30 > 27:38]
L-BFGS:  21%|██        | 53/250 [1:43:09 > 28:08]
L-BFGS:  22%|██▏       | 54/250 [1:39:39 > 28:36]
L-BFGS:  22%|██▏       | 55/250 [1:36:47 > 29:04]
L-BFGS:  22%|██▏       | 56/250 [1:40:09 > 29:38]
L-BFGS:  23%|██▎       | 57/250 [1:42:36 > 30:12]
L-BFGS:  23%|██▎       | 58/250 [1:38:04 > 30:40]
L-BFGS:  24%|██▎       | 59/250 [1:41:10 > 31:14]
L-BFGS:  24%|██▍       | 60/250 [1:39:36 > 31:45]
L-BFGS:  24%|██▍       | 61/250 [1:39:19 > 32:16]
L-BFGS:  25%|██▍       | 62/250 [1:34:04 > 32:43]
L-BFGS:  25%|██▌       | 63/250 [1:33:12 > 33:13]
L-BFGS:  26%|██▌       | 64/250 [1:30:06 > 33:40]
L-BFGS:  26%|██▌       | 65/250 [1:35:53 > 34:16]
L-BFGS:  26%|██▋       | 66/250 [1:31:55 > 34:43]
L-BFGS:  27%|██▋       | 67/250 [1:35:36 > 35:17]
L-BFGS:  27%|██▋       | 68/250 [1:34:27 > 35:48]
L-BFGS:  28%|██▊       | 69/250 [1:38:15 > 36:24]
L-BFGS:  28%|██▊       | 70/250 [1:32:27 > 36:51]
L-BFGS:  28%|██▊       | 71/250 [1:35:35 > 37:26]
L-BFGS:  29%|██▉       | 72/250 [1:30:30 > 37:53]
L-BFGS:  29%|██▉       | 73/250 [1:36:43 > 38:31]
L-BFGS:  30%|██▉       | 74/250 [1:33:16 > 39:00]
L-BFGS:  30%|███       | 75/250 [1:37:42 > 39:38]
L-BFGS:  30%|███       | 76/250 [1:32:37 > 40:06]
L-BFGS:  31%|███       | 77/250 [1:33:26 > 40:39]
L-BFGS:  31%|███       | 78/250 [1:34:14 > 41:13]
L-BFGS:  32%|███▏      | 79/250 [1:32:42 > 41:45]
L-BFGS:  32%|███▏      | 80/250 [1:34:59 > 42:21]
L-BFGS:  32%|███▏      | 81/250 [1:32:11 > 42:52]
L-BFGS:  33%|███▎      | 82/250 [1:30:17 > 43:23]
L-BFGS:  33%|███▎      | 83/250 [1:28:29 > 43:54]
L-BFGS:  34%|███▎      | 84/250 [1:31:29 > 44:30]
L-BFGS:  34%|███▍      | 85/250 [1:29:43 > 45:01]
L-BFGS:  34%|███▍      | 86/250 [1:27:10 > 45:32]
L-BFGS:  35%|███▍      | 87/250 [1:27:20 > 46:04]
L-BFGS:  35%|███▌      | 88/250 [1:25:06 > 46:34]
L-BFGS:  36%|███▌      | 89/250 [1:20:33 > 47:01]
L-BFGS:  36%|███▌      | 90/250 [1:24:18 > 47:36]
L-BFGS:  36%|███▋      | 91/250 [1:21:07 > 48:05]
L-BFGS:  37%|███▋      | 92/250 [1:22:58 > 48:38]
L-BFGS:  37%|███▋      | 93/250 [1:19:50 > 49:06]
L-BFGS:  38%|███▊      | 94/250 [1:22:02 > 49:40]
L-BFGS:  38%|███▊      | 95/250 [1:19:22 > 50:09]
L-BFGS:  38%|███▊      | 96/250 [1:17:34 > 50:38]
L-BFGS:  39%|███▉      | 97/250 [1:15:07 > 51:06]
L-BFGS:  39%|███▉      | 98/250 [1:15:00 > 51:36]
L-BFGS:  40%|███▉      | 99/250 [1:13:31 > 52:04]
L-BFGS:  40%|████      | 100/250 [1:12:56 > 52:33]
L-BFGS:  40%|████      | 101/250 [1:10:56 > 53:00]
L-BFGS:  41%|████      | 102/250 [1:14:43 > 53:35]
L-BFGS:  41%|████      | 103/250 [1:16:44 > 54:08]
L-BFGS:  42%|████▏     | 104/250 [1:17:34 > 54:42]
L-BFGS:  42%|████▏     | 105/250 [1:19:02 > 55:16]
L-BFGS:  42%|████▏     | 106/250 [1:13:59 > 55:43]
L-BFGS:  43%|████▎     | 107/250 [1:17:19 > 56:19]
L-BFGS:  43%|████▎     | 108/250 [1:15:56 > 56:50]
L-BFGS:  44%|████▎     | 109/250 [1:17:24 > 57:25]
L-BFGS:  44%|████▍     | 110/250 [1:16:00 > 57:57]
L-BFGS:  44%|████▍     | 111/250 [1:17:34 > 58:32]
L-BFGS:  45%|████▍     | 112/250 [1:15:53 > 59:04]
L-BFGS:  45%|████▌     | 113/250 [1:15:42 > 59:38]
L-BFGS:  46%|████▌     | 114/250 [1:12:44 > 1:00:07]
L-BFGS:  46%|████▌     | 115/250 [1:12:37 > 1:00:40]
L-BFGS:  46%|████▋     | 116/250 [1:10:26 > 1:01:10]
L-BFGS:  47%|████▋     | 117/250 [1:07:39 > 1:01:38]
L-BFGS:  47%|████▋     | 118/250 [1:09:34 > 1:02:12]
L-BFGS:  48%|████▊     | 119/250 [1:09:46 > 1:02:45]
L-BFGS:  48%|████▊     | 120/250 [1:07:45 > 1:03:15]
L-BFGS:  48%|████▊     | 121/250 [1:06:57 > 1:03:45]
L-BFGS:  49%|████▉     | 122/250 [1:09:49 > 1:04:22]
L-BFGS:  49%|████▉     | 123/250 [1:05:26 > 1:04:49]
L-BFGS:  50%|████▉     | 124/250 [1:07:30 > 1:05:24]
L-BFGS:  50%|█████     | 125/250 [1:06:42 > 1:05:55]
L-BFGS:  50%|█████     | 126/250 [1:05:49 > 1:06:27]
L-BFGS:  51%|█████     | 127/250 [1:04:33 > 1:06:57]
L-BFGS:  51%|█████     | 128/250 [1:06:22 > 1:07:33]
L-BFGS:  52%|█████▏    | 129/250 [1:06:10 > 1:08:06]
L-BFGS:  52%|█████▏    | 130/250 [1:05:40 > 1:08:39]
L-BFGS:  52%|█████▏    | 131/250 [1:03:17 > 1:09:09]
L-BFGS:  53%|█████▎    | 132/250 [1:02:39 > 1:09:40]
L-BFGS:  53%|█████▎    | 133/250 [1:01:20 > 1:10:11]
L-BFGS:  54%|█████▎    | 134/250 [58:45 > 1:10:39]  
L-BFGS:  54%|█████▍    | 135/250 [1:00:37 > 1:11:13]
L-BFGS:  54%|█████▍    | 136/250 [57:05 > 1:11:40]  
L-BFGS:  55%|█████▍    | 137/250 [57:08 > 1:12:11]
L-BFGS:  55%|█████▌    | 138/250 [57:32 > 1:12:43]
L-BFGS:  56%|█████▌    | 139/250 [59:16 > 1:13:17]
L-BFGS:  56%|█████▌    | 140/250 [55:35 > 1:13:44]
L-BFGS:  56%|█████▋    | 141/250 [58:01 > 1:14:20]
L-BFGS:  57%|█████▋    | 142/250 [57:13 > 1:14:51]
L-BFGS:  57%|█████▋    | 143/250 [56:09 > 1:15:22]
L-BFGS:  58%|█████▊    | 144/250 [55:26 > 1:15:53]
L-BFGS:  58%|█████▊    | 145/250 [54:46 > 1:16:24]
L-BFGS:  58%|█████▊    | 146/250 [51:55 > 1:16:51]
L-BFGS:  59%|█████▉    | 147/250 [53:58 > 1:17:26]
L-BFGS:  59%|█████▉    | 148/250 [51:13 > 1:17:53]
L-BFGS:  60%|█████▉    | 149/250 [51:24 > 1:18:24]
L-BFGS:  60%|██████    | 150/250 [50:57 > 1:18:55]
L-BFGS:  60%|██████    | 151/250 [50:30 > 1:19:26]
L-BFGS:  61%|██████    | 152/250 [48:00 > 1:19:52]
L-BFGS:  61%|██████    | 153/250 [48:18 > 1:20:23]
L-BFGS:  62%|██████▏   | 154/250 [46:19 > 1:20:50]
L-BFGS:  62%|██████▏   | 155/250 [46:29 > 1:21:20]
L-BFGS:  62%|██████▏   | 156/250 [47:05 > 1:21:52]
L-BFGS:  63%|██████▎   | 157/250 [49:12 > 1:22:28]
L-BFGS:  63%|██████▎   | 158/250 [48:47 > 1:23:00]
L-BFGS:  64%|██████▎   | 159/250 [49:03 > 1:23:33]
L-BFGS:  64%|██████▍   | 160/250 [47:15 > 1:24:03]
L-BFGS:  64%|██████▍   | 161/250 [45:25 > 1:24:31]
L-BFGS:  65%|██████▍   | 162/250 [46:22 > 1:25:05]
L-BFGS:  65%|██████▌   | 163/250 [45:52 > 1:25:37]
L-BFGS:  66%|██████▌   | 164/250 [44:51 > 1:26:07]
L-BFGS:  66%|██████▌   | 165/250 [42:52 > 1:26:35]
L-BFGS:  66%|██████▋   | 166/250 [44:11 > 1:27:10]
L-BFGS:  67%|██████▋   | 167/250 [43:22 > 1:27:41]
L-BFGS:  67%|██████▋   | 168/250 [44:57 > 1:28:17]
L-BFGS:  68%|██████▊   | 169/250 [43:45 > 1:28:49]
L-BFGS:  68%|██████▊   | 170/250 [44:16 > 1:29:24]
L-BFGS:  68%|██████▊   | 171/250 [41:15 > 1:29:51]
L-BFGS:  69%|██████▉   | 172/250 [42:25 > 1:30:26]
L-BFGS:  69%|██████▉   | 173/250 [39:32 > 1:30:53]
L-BFGS:  70%|██████▉   | 174/250 [40:42 > 1:31:28]
L-BFGS:  70%|███████   | 175/250 [40:33 > 1:32:01]
L-BFGS:  70%|███████   | 176/250 [40:09 > 1:32:34]
L-BFGS:  71%|███████   | 177/250 [40:14 > 1:33:08]
L-BFGS:  71%|███████   | 178/250 [37:35 > 1:33:36]
L-BFGS:  72%|███████▏  | 179/250 [36:45 > 1:34:06]
L-BFGS:  72%|███████▏  | 180/250 [36:50 > 1:34:39]
L-BFGS:  72%|███████▏  | 181/250 [37:24 > 1:35:14]
L-BFGS:  73%|███████▎  | 182/250 [34:33 > 1:35:39]
L-BFGS:  73%|███████▎  | 183/250 [36:03 > 1:36:16]
L-BFGS:  74%|███████▎  | 184/250 [33:37 > 1:36:42]
L-BFGS:  74%|███████▍  | 185/250 [34:32 > 1:37:17]
L-BFGS:  74%|███████▍  | 186/250 [32:19 > 1:37:44]
L-BFGS:  75%|███████▍  | 187/250 [31:58 > 1:38:15]
L-BFGS:  75%|███████▌  | 188/250 [31:46 > 1:38:46]
L-BFGS:  76%|███████▌  | 189/250 [31:17 > 1:39:17]
L-BFGS:  76%|███████▌  | 190/250 [29:25 > 1:39:43]
L-BFGS:  76%|███████▋  | 191/250 [30:52 > 1:40:19]
L-BFGS:  77%|███████▋  | 192/250 [29:02 > 1:40:46]
L-BFGS:  77%|███████▋  | 193/250 [28:38 > 1:41:16]
L-BFGS:  78%|███████▊  | 194/250 [27:09 > 1:41:43]
L-BFGS:  78%|███████▊  | 195/250 [27:10 > 1:42:14]
L-BFGS:  78%|███████▊  | 196/250 [25:53 > 1:42:41]
L-BFGS:  79%|███████▉  | 197/250 [26:01 > 1:43:12]
L-BFGS:  79%|███████▉  | 198/250 [25:52 > 1:43:43]
L-BFGS:  80%|███████▉  | 199/250 [26:55 > 1:44:19]
L-BFGS:  80%|████████  | 200/250 [26:21 > 1:44:50]
L-BFGS:  80%|████████  | 201/250 [26:30 > 1:45:24]
L-BFGS:  81%|████████  | 202/250 [26:15 > 1:45:58]
L-BFGS:  81%|████████  | 203/250 [24:49 > 1:46:27]
L-BFGS:  82%|████████▏ | 204/250 [24:37 > 1:47:00]
L-BFGS:  82%|████████▏ | 205/250 [23:10 > 1:47:28]
L-BFGS:  82%|████████▏ | 206/250 [23:30 > 1:48:03]
L-BFGS:  83%|████████▎ | 207/250 [22:55 > 1:48:35]
L-BFGS:  83%|████████▎ | 208/250 [23:00 > 1:49:10]
L-BFGS:  84%|████████▎ | 209/250 [22:06 > 1:49:41]
L-BFGS:  84%|████████▍ | 210/250 [21:16 > 1:50:12]
L-BFGS:  84%|████████▍ | 211/250 [19:43 > 1:50:39]
L-BFGS:  85%|████████▍ | 212/250 [19:20 > 1:51:10]
L-BFGS:  85%|████████▌ | 213/250 [17:57 > 1:51:35]
L-BFGS:  86%|████████▌ | 214/250 [18:47 > 1:52:12]
L-BFGS:  86%|████████▌ | 215/250 [18:15 > 1:52:43]
L-BFGS:  86%|████████▋ | 216/250 [18:22 > 1:53:18]
L-BFGS:  87%|████████▋ | 217/250 [17:52 > 1:53:51]
L-BFGS:  87%|████████▋ | 218/250 [17:36 > 1:54:25]
L-BFGS:  88%|████████▊ | 219/250 [17:04 > 1:54:58]
L-BFGS:  88%|████████▊ | 220/250 [16:22 > 1:55:30]
L-BFGS:  88%|████████▊ | 221/250 [16:19 > 1:56:06]
L-BFGS:  89%|████████▉ | 222/250 [15:24 > 1:56:38]
L-BFGS:  89%|████████▉ | 223/250 [14:30 > 1:57:08]
L-BFGS:  90%|████████▉ | 224/250 [13:49 > 1:57:39]
L-BFGS:  90%|█████████ | 225/250 [13:52 > 1:58:16]
L-BFGS:  90%|█████████ | 226/250 [13:00 > 1:58:46]
L-BFGS:  91%|█████████ | 227/250 [12:47 > 1:59:22]
L-BFGS:  91%|█████████ | 228/250 [12:13 > 1:59:55]
L-BFGS:  92%|█████████▏| 229/250 [11:09 > 2:00:24]
L-BFGS:  92%|█████████▏| 230/250 [10:16 > 2:00:52]
L-BFGS:  92%|█████████▏| 231/250 [10:02 > 2:01:26]
L-BFGS:  93%|█████████▎| 232/250 [09:44 > 2:02:00]
L-BFGS:  93%|█████████▎| 233/250 [09:13 > 2:02:33]
L-BFGS:  94%|█████████▎| 234/250 [08:51 > 2:03:07]
L-BFGS:  94%|█████████▍| 235/250 [07:44 > 2:03:33]
L-BFGS:  94%|█████████▍| 236/250 [07:37 > 2:04:10]
L-BFGS:  95%|█████████▍| 237/250 [06:59 > 2:04:41]
L-BFGS:  95%|█████████▌| 238/250 [06:36 > 2:05:16]
L-BFGS:  96%|█████████▌| 239/250 [06:02 > 2:05:49]
L-BFGS:  96%|█████████▌| 240/250 [05:33 > 2:06:23]
L-BFGS:  96%|█████████▋| 241/250 [04:59 > 2:06:56]
L-BFGS:  97%|█████████▋| 242/250 [04:13 > 2:07:24]
L-BFGS:  97%|█████████▋| 243/250 [03:37 > 2:07:54]
L-BFGS:  98%|█████████▊| 244/250 [03:09 > 2:08:26]
L-BFGS:  98%|█████████▊| 245/250 [02:41 > 2:09:01]
L-BFGS:  98%|█████████▊| 246/250 [02:03 > 2:09:28]
L-BFGS:  99%|█████████▉| 247/250 [01:36 > 2:10:04]
L-BFGS:  99%|█████████▉| 248/250 [01:01 > 2:10:31]
L-BFGS: 100%|█████████▉| 249/250 [00:30 > 2:11:01]
L-BFGS: 100%|██████████| 250/250 [00:00 > 2:11:31]
L-BFGS: 100%|██████████| 250/250 [00:00 > 2:11:31]
Training saved: C:\Ali Computation\pinn\code\heterogeneous\pino_heterogeneous\results\exp_Ra_piecewise_K100_N500_adam1000_lr25e3_lbfgs250_maxiter5_float64\pino_heterogeneous_concentration.png C:\Ali Computation\pinn\code\heterogeneous\pino_heterogeneous\results\exp_Ra_piecewise_K100_N500_adam1000_lr25e3_lbfgs250_maxiter5_float64\pino_heterogeneous_loss.png C:\Ali Computation\pinn\code\heterogeneous\pino_heterogeneous\results\exp_Ra_piecewise_K100_N500_adam1000_lr25e3_lbfgs250_maxiter5_float64\pino_heterogeneous_model.pt
COMSOL validation: 81 media -> C:\Ali Computation\pinn\code\heterogeneous\pino_heterogeneous\results\exp_Ra_piecewise_K100_N500_adam1000_lr25e3_lbfgs250_maxiter5_float64\comsol_validation  (x* collocation n=86)

COMSOL vs PINO:   0%|          | 0/81 [00:00<?, ?it/s]
COMSOL vs PINO:   1%|          | 1/81 [00:01<01:31,  1.14s/it]
COMSOL vs PINO:   2%|▏         | 2/81 [00:02<01:24,  1.07s/it]
COMSOL vs PINO:   4%|▎         | 3/81 [00:03<01:21,  1.05s/it]
COMSOL vs PINO:   5%|▍         | 4/81 [00:04<01:27,  1.14s/it]
COMSOL vs PINO:   6%|▌         | 5/81 [00:05<01:24,  1.11s/it]
COMSOL vs PINO:   7%|▋         | 6/81 [00:06<01:21,  1.09s/it]
COMSOL vs PINO:   9%|▊         | 7/81 [00:07<01:20,  1.08s/it]
COMSOL vs PINO:  10%|▉         | 8/81 [00:08<01:17,  1.07s/it]
COMSOL vs PINO:  11%|█         | 9/81 [00:09<01:16,  1.06s/it]
COMSOL vs PINO:  12%|█▏        | 10/81 [00:10<01:14,  1.05s/it]
COMSOL vs PINO:  14%|█▎        | 11/81 [00:11<01:13,  1.04s/it]
COMSOL vs PINO:  15%|█▍        | 12/81 [00:12<01:12,  1.05s/it]
COMSOL vs PINO:  16%|█▌        | 13/81 [00:13<01:10,  1.04s/it]
COMSOL vs PINO:  17%|█▋        | 14/81 [00:14<01:10,  1.05s/it]
COMSOL vs PINO:  19%|█▊        | 15/81 [00:15<01:09,  1.05s/it]
COMSOL vs PINO:  20%|█▉        | 16/81 [00:17<01:07,  1.05s/it]
COMSOL vs PINO:  21%|██        | 17/81 [00:18<01:06,  1.04s/it]
COMSOL vs PINO:  22%|██▏       | 18/81 [00:19<01:05,  1.05s/it]
COMSOL vs PINO:  23%|██▎       | 19/81 [00:20<01:11,  1.15s/it]
COMSOL vs PINO:  25%|██▍       | 20/81 [00:21<01:09,  1.13s/it]
COMSOL vs PINO:  26%|██▌       | 21/81 [00:22<01:06,  1.10s/it]
COMSOL vs PINO:  27%|██▋       | 22/81 [00:23<01:03,  1.08s/it]
COMSOL vs PINO:  28%|██▊       | 23/81 [00:24<01:02,  1.07s/it]
COMSOL vs PINO:  30%|██▉       | 24/81 [00:25<01:00,  1.06s/it]
COMSOL vs PINO:  31%|███       | 25/81 [00:26<00:59,  1.06s/it]
COMSOL vs PINO:  32%|███▏      | 26/81 [00:27<00:58,  1.06s/it]
COMSOL vs PINO:  33%|███▎      | 27/81 [00:28<00:57,  1.06s/it]
COMSOL vs PINO:  35%|███▍      | 28/81 [00:30<00:57,  1.08s/it]
COMSOL vs PINO:  36%|███▌      | 29/81 [00:31<00:55,  1.07s/it]
COMSOL vs PINO:  37%|███▋      | 30/81 [00:32<00:55,  1.08s/it]
COMSOL vs PINO:  38%|███▊      | 31/81 [00:33<00:53,  1.08s/it]
COMSOL vs PINO:  40%|███▉      | 32/81 [00:34<00:52,  1.08s/it]
COMSOL vs PINO:  41%|████      | 33/81 [00:35<00:56,  1.17s/it]
COMSOL vs PINO:  42%|████▏     | 34/81 [00:36<00:53,  1.14s/it]
COMSOL vs PINO:  43%|████▎     | 35/81 [00:37<00:51,  1.12s/it]
COMSOL vs PINO:  44%|████▍     | 36/81 [00:38<00:49,  1.10s/it]
COMSOL vs PINO:  46%|████▌     | 37/81 [00:40<00:47,  1.09s/it]
COMSOL vs PINO:  47%|████▋     | 38/81 [00:41<00:45,  1.07s/it]
COMSOL vs PINO:  48%|████▊     | 39/81 [00:42<00:44,  1.07s/it]
COMSOL vs PINO:  49%|████▉     | 40/81 [00:43<00:44,  1.08s/it]
COMSOL vs PINO:  51%|█████     | 41/81 [00:44<00:42,  1.06s/it]
COMSOL vs PINO:  52%|█████▏    | 42/81 [00:45<00:41,  1.05s/it]
COMSOL vs PINO:  53%|█████▎    | 43/81 [00:46<00:39,  1.05s/it]
COMSOL vs PINO:  54%|█████▍    | 44/81 [00:47<00:38,  1.05s/it]
COMSOL vs PINO:  56%|█████▌    | 45/81 [00:48<00:37,  1.05s/it]
COMSOL vs PINO:  57%|█████▋    | 46/81 [00:49<00:39,  1.14s/it]
COMSOL vs PINO:  58%|█████▊    | 47/81 [00:50<00:38,  1.13s/it]
COMSOL vs PINO:  59%|█████▉    | 48/81 [00:51<00:36,  1.11s/it]
COMSOL vs PINO:  60%|██████    | 49/81 [00:52<00:34,  1.09s/it]
COMSOL vs PINO:  62%|██████▏   | 50/81 [00:54<00:33,  1.08s/it]
COMSOL vs PINO:  63%|██████▎   | 51/81 [00:55<00:32,  1.07s/it]
COMSOL vs PINO:  64%|██████▍   | 52/81 [00:56<00:31,  1.07s/it]
COMSOL vs PINO:  65%|██████▌   | 53/81 [00:57<00:30,  1.09s/it]
COMSOL vs PINO:  67%|██████▋   | 54/81 [00:58<00:29,  1.08s/it]
COMSOL vs PINO:  68%|██████▊   | 55/81 [00:59<00:28,  1.09s/it]
COMSOL vs PINO:  69%|██████▉   | 56/81 [01:00<00:27,  1.09s/it]
COMSOL vs PINO:  70%|███████   | 57/81 [01:01<00:25,  1.08s/it]
COMSOL vs PINO:  72%|███████▏  | 58/81 [01:02<00:24,  1.07s/it]
COMSOL vs PINO:  73%|███████▎  | 59/81 [01:03<00:23,  1.06s/it]
COMSOL vs PINO:  74%|███████▍  | 60/81 [01:05<00:24,  1.16s/it]
COMSOL vs PINO:  75%|███████▌  | 61/81 [01:06<00:22,  1.14s/it]
COMSOL vs PINO:  77%|███████▋  | 62/81 [01:07<00:21,  1.11s/it]
COMSOL vs PINO:  78%|███████▊  | 63/81 [01:08<00:19,  1.09s/it]
COMSOL vs PINO:  79%|███████▉  | 64/81 [01:09<00:18,  1.09s/it]
COMSOL vs PINO:  80%|████████  | 65/81 [01:10<00:17,  1.07s/it]
COMSOL vs PINO:  81%|████████▏ | 66/81 [01:11<00:16,  1.07s/it]
COMSOL vs PINO:  83%|████████▎ | 67/81 [01:12<00:14,  1.07s/it]
COMSOL vs PINO:  84%|████████▍ | 68/81 [01:13<00:14,  1.08s/it]
COMSOL vs PINO:  85%|████████▌ | 69/81 [01:14<00:12,  1.07s/it]
COMSOL vs PINO:  86%|████████▋ | 70/81 [01:15<00:11,  1.06s/it]
COMSOL vs PINO:  88%|████████▊ | 71/81 [01:16<00:10,  1.08s/it]
COMSOL vs PINO:  89%|████████▉ | 72/81 [01:17<00:09,  1.07s/it]
COMSOL vs PINO:  90%|█████████ | 73/81 [01:19<00:09,  1.15s/it]
COMSOL vs PINO:  91%|█████████▏| 74/81 [01:20<00:08,  1.15s/it]
COMSOL vs PINO:  93%|█████████▎| 75/81 [01:21<00:06,  1.12s/it]
COMSOL vs PINO:  94%|█████████▍| 76/81 [01:22<00:05,  1.09s/it]
COMSOL vs PINO:  95%|█████████▌| 77/81 [01:23<00:04,  1.08s/it]
COMSOL vs PINO:  96%|█████████▋| 78/81 [01:24<00:03,  1.07s/it]
COMSOL vs PINO:  98%|█████████▊| 79/81 [01:25<00:02,  1.06s/it]
COMSOL vs PINO:  99%|█████████▉| 80/81 [01:26<00:01,  1.05s/it]
COMSOL vs PINO: 100%|██████████| 81/81 [01:27<00:00,  1.04s/it]
COMSOL vs PINO: 100%|██████████| 81/81 [01:27<00:00,  1.08s/it]
COMSOL validation summary: n=81  mean=6.893213e-02  max=1.772253e-01  min=2.162286e-02
Wrote C:\Ali Computation\pinn\code\heterogeneous\pino_heterogeneous\results\exp_Ra_piecewise_K100_N500_adam1000_lr25e3_lbfgs250_maxiter5_float64\comsol_validation\comsol_validation_summary.csv
Run metadata: C:\Ali Computation\pinn\code\heterogeneous\pino_heterogeneous\results\exp_Ra_piecewise_K100_N500_adam1000_lr25e3_lbfgs250_maxiter5_float64\run_meta.json
Wall-clock train: 12660.6 s
Wall-clock validation: 87.6 s
Wall-clock total: 12761.0 s  device=cuda

# exit 0 after 3:32:49.022212
