# code/heterogeneous/pino_heterogeneous/pinn1d_heterogeneous_parametric_neural_operator.py --design grf --n-sensors 100 --n-grf 0 --n-piecewise-per-zones 100 --piecewise-zone-counts 1,2,3,4,5 --min-zone-frac 0.1 --arch w64 --dtype float64 --early-stop-patience 150 --lr-lbfgs 0.1 --lbfgs-max-iter 20 --epochs 1000 --out-dir results/exp_Ua_piecewise_K100_N500_z1to5_min10pct_w64_float64_lbfgs1000_maxiter20
# started 2026-06-25 05:35:15
# cwd C:\Ali Computation\pinn\code\heterogeneous\pino_heterogeneous

Using GPU: NVIDIA GeForce RTX 3090 (cuda:0, dtype=torch.float64)
PE (computed) = 0.010368
design=grf  media_mode=grf  n_train_requested=500  n_corner_anchors=16  arch=w64  batch_mode=True
branch=[100, 64, 64, 64]  trunk=[2, 64, 64, 64, 64]
results_dir=C:\Ali Computation\pinn\code\heterogeneous\pino_heterogeneous\results\exp_Ua_piecewise_K100_N500_z1to5_min10pct_w64_float64_lbfgs1000_maxiter20
Training: 500 piecewise (100 each for zones [1, 2, 3, 4, 5]), min_zone_frac=0.1 = 500 total; K=100 uniform sensors, grid_n=201
  saved/loaded: C:\Ali Computation\pinn\code\heterogeneous\pino_heterogeneous\results\exp_Ua_piecewise_K100_N500_z1to5_min10pct_w64_float64_lbfgs1000_maxiter20\train_grf_cases.npz
  branch CFL range [0.120459, 0.599738]
PDE mesh: bulk 50x50x500 (no interface bands in GRF mode)
COMSOL validation: 81 fixed grid cases from comsol_4zones.txt -> C:\Ali Computation\pinn\code\heterogeneous\pino_heterogeneous\results\exp_Ua_piecewise_K100_N500_z1to5_min10pct_w64_float64_lbfgs1000_maxiter20\comsol_validation
run_training=True  run_comsol_validation=True  validate_only=False  skip_validation_plots=False
L-BFGS early stopping: patience=150 (max steps=1000)
L-BFGS: lr=0.1  max_iter=20  outer_steps=1000
PDE collocation points: 1,250,000 (bulk 1,250,000, interface 0)
Collocation mesh plot (pre-train): C:\Ali Computation\pinn\code\heterogeneous\pino_heterogeneous\results\exp_Ua_piecewise_K100_N500_z1to5_min10pct_w64_float64_lbfgs1000_maxiter20\pino_heterogeneous_collocation_points.png
LBFGS (
Parameter Group 0
    history_size: 50
    line_search_fn: strong_wolfe
    lr: 0.1
    max_eval: 25
    max_iter: 20
    tolerance_change: 1e-09
    tolerance_grad: 1e-07
)
Early stopping: patience=150 L-BFGS steps (no total-loss improvement, rtol=1e-12)

L-BFGS:   0%|          | 0/1000 [? > 00:00]
L-BFGS:   0%|          | 1/1000 [34:26:33 > 02:04]
L-BFGS:   0%|          | 2/1000 [34:16:20 > 04:07]
L-BFGS:   0%|          | 3/1000 [34:10:05 > 06:10]
L-BFGS:   0%|          | 4/1000 [34:05:17 > 08:13]
L-BFGS:   0%|          | 5/1000 [33:54:15 > 10:15]
L-BFGS:   1%|          | 6/1000 [33:51:16 > 12:17]
L-BFGS:   1%|          | 7/1000 [33:47:58 > 14:20]
L-BFGS:   1%|          | 8/1000 [33:17:55 > 16:17]
L-BFGS:   1%|          | 9/1000 [33:23:32 > 18:19]
L-BFGS:   1%|          | 10/1000 [33:22:22 > 20:21]
L-BFGS:   1%|          | 11/1000 [33:03:11 > 22:18]
L-BFGS:   1%|          | 12/1000 [33:08:56 > 24:20]
L-BFGS:   1%|▏         | 13/1000 [33:11:57 > 26:22]
L-BFGS:   1%|▏         | 14/1000 [32:54:48 > 28:20]
L-BFGS:   2%|▏         | 15/1000 [32:38:23 > 30:17]
L-BFGS:   2%|▏         | 16/1000 [32:30:19 > 32:16]
L-BFGS:   2%|▏         | 17/1000 [32:20:23 > 34:13]
L-BFGS:   2%|▏         | 18/1000 [32:17:12 > 36:11]
L-BFGS:   2%|▏         | 19/1000 [32:09:48 > 38:08]
L-BFGS:   2%|▏         | 20/1000 [32:30:25 > 40:11]
L-BFGS:   2%|▏         | 21/1000 [32:19:01 > 42:08]
L-BFGS:   2%|▏         | 22/1000 [32:35:23 > 44:11]
L-BFGS:   2%|▏         | 23/1000 [32:47:16 > 46:14]
L-BFGS:   2%|▏         | 24/1000 [32:58:59 > 48:17]
L-BFGS:   2%|▎         | 25/1000 [32:35:19 > 50:15]
L-BFGS:   3%|▎         | 26/1000 [32:23:07 > 52:13]
L-BFGS:   3%|▎         | 27/1000 [32:09:07 > 54:10]
L-BFGS:   3%|▎         | 28/1000 [32:03:22 > 56:08]
L-BFGS:   3%|▎         | 29/1000 [32:20:24 > 58:11]
L-BFGS:   3%|▎         | 30/1000 [32:29:55 > 1:00:13]
L-BFGS:   3%|▎         | 31/1000 [32:15:24 > 1:02:11]
L-BFGS:   3%|▎         | 32/1000 [32:01:15 > 1:04:09]
L-BFGS:   3%|▎         | 33/1000 [32:15:26 > 1:06:11]
L-BFGS:   3%|▎         | 34/1000 [32:00:49 > 1:08:08]
L-BFGS:   4%|▎         | 35/1000 [32:14:29 > 1:10:11]
L-BFGS:   4%|▎         | 36/1000 [31:59:00 > 1:12:09]
L-BFGS:   4%|▎         | 37/1000 [31:49:32 > 1:14:06]
L-BFGS:   4%|▍         | 38/1000 [31:40:17 > 1:16:04]
L-BFGS:   4%|▍         | 39/1000 [31:57:32 > 1:18:06]
L-BFGS:   4%|▍         | 40/1000 [32:05:40 > 1:20:08]
L-BFGS:   4%|▍         | 41/1000 [32:06:56 > 1:22:09]
L-BFGS:   4%|▍         | 42/1000 [31:52:34 > 1:24:07]
L-BFGS:   4%|▍         | 43/1000 [31:39:16 > 1:26:05]
L-BFGS:   4%|▍         | 44/1000 [31:52:51 > 1:28:07]
L-BFGS:   4%|▍         | 45/1000 [31:38:11 > 1:30:04]
L-BFGS:   5%|▍         | 46/1000 [31:30:00 > 1:32:02]
L-BFGS:   5%|▍         | 47/1000 [31:44:36 > 1:34:05]
L-BFGS:   5%|▍         | 48/1000 [31:56:30 > 1:36:08]
L-BFGS:   5%|▍         | 49/1000 [31:38:08 > 1:38:05]
L-BFGS:   5%|▌         | 50/1000 [31:53:51 > 1:40:08]
L-BFGS:   5%|▌         | 51/1000 [31:39:01 > 1:42:07]
L-BFGS:   5%|▌         | 52/1000 [31:48:06 > 1:44:09]
L-BFGS:   5%|▌         | 53/1000 [31:32:19 > 1:46:07]
L-BFGS:   5%|▌         | 54/1000 [31:19:20 > 1:48:04]
L-BFGS:   6%|▌         | 55/1000 [31:11:00 > 1:50:02]
L-BFGS:   6%|▌         | 56/1000 [31:03:09 > 1:52:00]
L-BFGS:   6%|▌         | 57/1000 [30:58:15 > 1:53:58]
L-BFGS:   6%|▌         | 58/1000 [31:17:53 > 1:56:00]
L-BFGS:   6%|▌         | 59/1000 [31:07:29 > 1:57:58]
L-BFGS:   6%|▌         | 60/1000 [30:58:14 > 1:59:56]
L-BFGS:   6%|▌         | 61/1000 [30:52:42 > 2:01:54]
L-BFGS:   6%|▌         | 62/1000 [30:46:38 > 2:03:51]
L-BFGS:   6%|▋         | 63/1000 [30:43:09 > 2:05:49]
L-BFGS:   6%|▋         | 64/1000 [31:03:46 > 2:07:52]
L-BFGS:   6%|▋         | 65/1000 [31:14:41 > 2:09:54]
L-BFGS:   7%|▋         | 66/1000 [30:58:31 > 2:11:51]
L-BFGS:   7%|▋         | 67/1000 [30:50:44 > 2:13:49]
L-BFGS:   7%|▋         | 68/1000 [31:06:01 > 2:15:52]
L-BFGS:   7%|▋         | 69/1000 [30:49:31 > 2:17:49]
L-BFGS:   7%|▋         | 70/1000 [30:43:49 > 2:19:48]
L-BFGS:   7%|▋         | 71/1000 [30:32:57 > 2:21:45]
L-BFGS:   7%|▋         | 72/1000 [30:31:01 > 2:23:43]
L-BFGS:   7%|▋         | 73/1000 [30:22:46 > 2:25:40]
L-BFGS:   7%|▋         | 74/1000 [30:22:47 > 2:27:38]
L-BFGS:   8%|▊         | 75/1000 [30:35:56 > 2:29:40]
L-BFGS:   8%|▊         | 76/1000 [30:29:24 > 2:31:38]
L-BFGS:   8%|▊         | 77/1000 [30:20:30 > 2:33:35]
L-BFGS:   8%|▊         | 78/1000 [30:17:20 > 2:35:33]
L-BFGS:   8%|▊         | 79/1000 [30:10:46 > 2:37:31]
L-BFGS:   8%|▊         | 80/1000 [30:28:53 > 2:39:33]
L-BFGS:   8%|▊         | 81/1000 [30:18:03 > 2:41:30]
L-BFGS:   8%|▊         | 82/1000 [30:13:08 > 2:43:28]
L-BFGS:   8%|▊         | 83/1000 [30:05:59 > 2:45:26]
L-BFGS:   8%|▊         | 84/1000 [30:03:22 > 2:47:24]
L-BFGS:   8%|▊         | 85/1000 [29:58:15 > 2:49:21]
L-BFGS:   9%|▊         | 86/1000 [29:56:48 > 2:51:19]
L-BFGS:   9%|▊         | 87/1000 [30:10:53 > 2:53:21]
L-BFGS:   9%|▉         | 88/1000 [30:26:04 > 2:55:23]
L-BFGS:   9%|▉         | 89/1000 [30:10:10 > 2:57:20]
L-BFGS:   9%|▉         | 90/1000 [30:04:15 > 2:59:19]
L-BFGS:   9%|▉         | 91/1000 [29:53:34 > 3:01:16]
L-BFGS:   9%|▉         | 92/1000 [30:07:10 > 3:03:18]
L-BFGS:   9%|▉         | 93/1000 [30:19:51 > 3:05:20]
L-BFGS:   9%|▉         | 94/1000 [30:04:59 > 3:07:18]
L-BFGS:  10%|▉         | 95/1000 [29:55:18 > 3:09:16]
L-BFGS:  10%|▉         | 96/1000 [29:46:31 > 3:11:13]
L-BFGS:  10%|▉         | 97/1000 [30:03:00 > 3:13:16]
L-BFGS:  10%|▉         | 98/1000 [29:50:16 > 3:15:13]
L-BFGS:  10%|▉         | 99/1000 [29:43:11 > 3:17:11]
L-BFGS:  10%|█         | 100/1000 [29:59:46 > 3:19:14]
L-BFGS:  10%|█         | 101/1000 [30:14:19 > 3:21:18]
L-BFGS:  10%|█         | 102/1000 [29:54:40 > 3:23:15]
L-BFGS:  10%|█         | 103/1000 [30:04:51 > 3:25:18]
L-BFGS:  10%|█         | 104/1000 [30:13:22 > 3:27:21]
L-BFGS:  10%|█         | 105/1000 [30:13:17 > 3:29:23]
L-BFGS:  11%|█         | 106/1000 [30:15:26 > 3:31:25]
L-BFGS:  11%|█         | 107/1000 [29:53:47 > 3:33:23]
L-BFGS:  11%|█         | 108/1000 [30:00:33 > 3:35:25]
L-BFGS:  11%|█         | 109/1000 [29:40:48 > 3:37:22]
L-BFGS:  11%|█         | 110/1000 [29:31:38 > 3:39:20]
L-BFGS:  11%|█         | 111/1000 [29:19:25 > 3:41:18]
L-BFGS:  11%|█         | 112/1000 [29:31:42 > 3:43:20]
L-BFGS:  11%|█▏        | 113/1000 [29:39:12 > 3:45:21]
L-BFGS:  11%|█▏        | 114/1000 [29:24:31 > 3:47:19]
L-BFGS:  12%|█▏        | 115/1000 [29:15:47 > 3:49:17]
L-BFGS:  12%|█▏        | 116/1000 [29:06:43 > 3:51:14]
L-BFGS:  12%|█▏        | 117/1000 [29:02:10 > 3:53:12]
L-BFGS:  12%|█▏        | 118/1000 [28:55:56 > 3:55:10]
L-BFGS:  12%|█▏        | 119/1000 [29:12:31 > 3:57:12]
L-BFGS:  12%|█▏        | 120/1000 [29:01:57 > 3:59:09]
L-BFGS:  12%|█▏        | 121/1000 [29:17:19 > 4:01:12]
L-BFGS:  12%|█▏        | 122/1000 [29:26:20 > 4:03:15]
L-BFGS:  12%|█▏        | 123/1000 [29:12:12 > 4:05:13]
L-BFGS:  12%|█▏        | 124/1000 [28:59:41 > 4:07:10]
L-BFGS:  12%|█▎        | 125/1000 [29:16:42 > 4:09:13]
L-BFGS:  13%|█▎        | 126/1000 [29:25:30 > 4:11:16]
L-BFGS:  13%|█▎        | 127/1000 [29:07:28 > 4:13:14]
L-BFGS:  13%|█▎        | 128/1000 [28:55:30 > 4:15:12]
L-BFGS:  13%|█▎        | 129/1000 [29:08:07 > 4:17:15]
L-BFGS:  13%|█▎        | 130/1000 [28:55:01 > 4:19:12]
L-BFGS:  13%|█▎        | 131/1000 [28:43:52 > 4:21:10]
L-BFGS:  13%|█▎        | 132/1000 [28:36:27 > 4:23:08]
L-BFGS:  13%|█▎        | 133/1000 [28:29:40 > 4:25:05]
L-BFGS:  13%|█▎        | 134/1000 [28:25:45 > 4:27:03]
L-BFGS:  14%|█▎        | 135/1000 [28:21:03 > 4:29:01]
L-BFGS:  14%|█▎        | 136/1000 [28:41:05 > 4:31:04]
L-BFGS:  14%|█▎        | 137/1000 [28:30:42 > 4:33:01]
L-BFGS:  14%|█▍        | 138/1000 [28:49:42 > 4:35:05]
L-BFGS:  14%|█▍        | 139/1000 [28:34:03 > 4:37:02]
L-BFGS:  14%|█▍        | 140/1000 [28:45:29 > 4:39:05]
L-BFGS:  14%|█▍        | 141/1000 [28:34:55 > 4:41:03]
L-BFGS:  14%|█▍        | 142/1000 [28:39:50 > 4:43:05]
L-BFGS:  14%|█▍        | 143/1000 [28:47:35 > 4:45:07]
L-BFGS:  14%|█▍        | 144/1000 [28:30:00 > 4:47:05]
L-BFGS:  14%|█▍        | 145/1000 [28:20:19 > 4:49:03]
L-BFGS:  15%|█▍        | 146/1000 [28:09:50 > 4:51:00]
L-BFGS:  15%|█▍        | 147/1000 [28:22:26 > 4:53:02]
L-BFGS:  15%|█▍        | 148/1000 [28:29:06 > 4:55:04]
L-BFGS:  15%|█▍        | 149/1000 [28:18:31 > 4:57:02]
L-BFGS:  15%|█▌        | 150/1000 [28:05:05 > 4:58:59]
L-BFGS:  15%|█▌        | 151/1000 [28:15:26 > 5:01:01]
L-BFGS:  15%|█▌        | 152/1000 [28:06:12 > 5:02:59]
L-BFGS:  15%|█▌        | 153/1000 [27:55:39 > 5:04:57]
L-BFGS:  15%|█▌        | 154/1000 [28:10:00 > 5:06:59]
L-BFGS:  16%|█▌        | 155/1000 [28:17:56 > 5:09:01]
L-BFGS:  16%|█▌        | 156/1000 [28:04:51 > 5:10:59]
L-BFGS:  16%|█▌        | 157/1000 [27:52:55 > 5:12:57]
L-BFGS:  16%|█▌        | 158/1000 [27:46:13 > 5:14:55]
L-BFGS:  16%|█▌        | 159/1000 [28:01:22 > 5:16:57]
L-BFGS:  16%|█▌        | 160/1000 [28:14:50 > 5:19:01]
L-BFGS:  16%|█▌        | 161/1000 [28:19:36 > 5:21:04]
L-BFGS:  16%|█▌        | 162/1000 [27:59:17 > 5:23:01]
L-BFGS:  16%|█▋        | 163/1000 [27:50:23 > 5:25:00]
L-BFGS:  16%|█▋        | 164/1000 [27:58:59 > 5:27:02]
L-BFGS:  16%|█▋        | 165/1000 [27:55:19 > 5:29:02]
L-BFGS:  17%|█▋        | 166/1000 [27:43:51 > 5:31:00]
L-BFGS:  17%|█▋        | 167/1000 [27:54:36 > 5:33:03]
L-BFGS:  17%|█▋        | 168/1000 [27:40:48 > 5:35:01]
L-BFGS:  17%|█▋        | 169/1000 [27:32:31 > 5:36:59]
L-BFGS:  17%|█▋        | 170/1000 [27:23:40 > 5:38:57]
L-BFGS:  17%|█▋        | 171/1000 [27:38:10 > 5:40:59]
L-BFGS:  17%|█▋        | 172/1000 [27:44:04 > 5:43:01]
L-BFGS:  17%|█▋        | 173/1000 [27:48:49 > 5:45:03]
L-BFGS:  17%|█▋        | 174/1000 [27:36:32 > 5:47:02]
L-BFGS:  18%|█▊        | 175/1000 [27:22:22 > 5:48:59]
L-BFGS:  18%|█▊        | 176/1000 [27:16:25 > 5:50:58]
L-BFGS:  18%|█▊        | 177/1000 [27:07:23 > 5:52:55]
L-BFGS:  18%|█▊        | 178/1000 [27:05:04 > 5:54:54]
L-BFGS:  18%|█▊        | 179/1000 [26:58:14 > 5:56:51]
L-BFGS:  18%|█▊        | 180/1000 [27:11:57 > 5:58:53]
L-BFGS:  18%|█▊        | 181/1000 [27:20:46 > 6:00:55]
L-BFGS:  18%|█▊        | 182/1000 [27:10:28 > 6:02:54]
L-BFGS:  18%|█▊        | 183/1000 [27:20:45 > 6:04:56]
L-BFGS:  18%|█▊        | 184/1000 [27:08:45 > 6:06:54]
L-BFGS:  18%|█▊        | 185/1000 [26:59:00 > 6:08:52]
L-BFGS:  19%|█▊        | 186/1000 [26:52:34 > 6:10:50]
L-BFGS:  19%|█▊        | 187/1000 [27:06:23 > 6:12:53]
L-BFGS:  19%|█▉        | 188/1000 [26:56:53 > 6:14:51]
L-BFGS:  19%|█▉        | 189/1000 [26:47:44 > 6:16:49]
L-BFGS:  19%|█▉        | 190/1000 [27:05:18 > 6:18:53]
L-BFGS:  19%|█▉        | 191/1000 [26:55:14 > 6:20:51]
L-BFGS:  19%|█▉        | 192/1000 [27:04:51 > 6:22:54]
L-BFGS:  19%|█▉        | 193/1000 [27:13:32 > 6:24:57]
L-BFGS:  19%|█▉        | 194/1000 [26:57:13 > 6:26:55]
L-BFGS:  20%|█▉        | 195/1000 [26:46:02 > 6:28:53]
L-BFGS:  20%|█▉        | 196/1000 [26:36:33 > 6:30:51]
L-BFGS:  20%|█▉        | 197/1000 [26:30:08 > 6:32:49]
L-BFGS:  20%|█▉        | 198/1000 [26:24:21 > 6:34:47]
L-BFGS:  20%|█▉        | 199/1000 [26:20:51 > 6:36:45]
L-BFGS:  20%|██        | 200/1000 [26:16:32 > 6:38:43]
L-BFGS:  20%|██        | 201/1000 [26:13:47 > 6:40:41]
L-BFGS:  20%|██        | 202/1000 [26:10:28 > 6:42:39]
L-BFGS:  20%|██        | 203/1000 [26:29:33 > 6:44:42]
L-BFGS:  20%|██        | 204/1000 [26:20:13 > 6:46:40]
L-BFGS:  20%|██        | 205/1000 [26:31:58 > 6:48:42]
L-BFGS:  21%|██        | 206/1000 [26:19:36 > 6:50:40]
L-BFGS:  21%|██        | 207/1000 [26:31:23 > 6:52:43]
L-BFGS:  21%|██        | 208/1000 [26:22:32 > 6:54:42]
L-BFGS:  21%|██        | 209/1000 [26:27:33 > 6:56:43]
L-BFGS:  21%|██        | 210/1000 [26:17:29 > 6:58:42]
L-BFGS:  21%|██        | 211/1000 [26:23:30 > 7:00:43]
L-BFGS:  21%|██        | 212/1000 [26:29:15 > 7:02:46]
L-BFGS:  21%|██▏       | 213/1000 [26:14:17 > 7:04:44]
L-BFGS:  21%|██▏       | 214/1000 [26:05:24 > 7:06:42]
L-BFGS:  22%|██▏       | 215/1000 [25:56:25 > 7:08:39]
L-BFGS:  22%|██▏       | 216/1000 [25:51:50 > 7:10:38]
L-BFGS:  22%|██▏       | 217/1000 [25:45:50 > 7:12:36]
L-BFGS:  22%|██▏       | 218/1000 [26:01:54 > 7:14:39]
L-BFGS:  22%|██▏       | 219/1000 [26:07:50 > 7:16:40]
L-BFGS:  22%|██▏       | 220/1000 [25:54:41 > 7:18:38]
L-BFGS:  22%|██▏       | 221/1000 [26:05:41 > 7:20:41]
L-BFGS:  22%|██▏       | 222/1000 [25:52:47 > 7:22:39]
L-BFGS:  22%|██▏       | 223/1000 [25:44:37 > 7:24:37]
L-BFGS:  22%|██▏       | 224/1000 [25:54:49 > 7:26:39]
L-BFGS:  22%|██▎       | 225/1000 [26:05:45 > 7:28:43]
L-BFGS:  23%|██▎       | 226/1000 [26:11:28 > 7:30:46]
L-BFGS:  23%|██▎       | 227/1000 [26:13:42 > 7:32:49]
L-BFGS:  23%|██▎       | 228/1000 [26:16:40 > 7:34:52]
L-BFGS:  23%|██▎       | 229/1000 [25:56:06 > 7:36:50]
L-BFGS:  23%|██▎       | 230/1000 [25:43:15 > 7:38:49]
L-BFGS:  23%|██▎       | 231/1000 [25:54:23 > 7:40:52]
L-BFGS:  23%|██▎       | 232/1000 [25:58:25 > 7:42:55]
L-BFGS:  23%|██▎       | 233/1000 [25:57:20 > 7:44:57]
L-BFGS:  23%|██▎       | 234/1000 [25:56:56 > 7:46:59]
L-BFGS:  24%|██▎       | 235/1000 [25:41:47 > 7:48:58]
L-BFGS:  24%|██▎       | 236/1000 [25:26:39 > 7:50:55]
L-BFGS:  24%|██▎       | 237/1000 [25:33:07 > 7:52:57]
L-BFGS:  24%|██▍       | 238/1000 [25:20:17 > 7:54:55]
L-BFGS:  24%|██▍       | 239/1000 [25:12:50 > 7:56:53]
L-BFGS:  24%|██▍       | 240/1000 [25:05:07 > 7:58:51]
L-BFGS:  24%|██▍       | 241/1000 [25:01:03 > 8:00:49]
L-BFGS:  24%|██▍       | 242/1000 [24:55:09 > 8:02:47]
L-BFGS:  24%|██▍       | 243/1000 [25:09:00 > 8:04:50]
L-BFGS:  24%|██▍       | 244/1000 [24:59:55 > 8:06:47]
L-BFGS:  24%|██▍       | 245/1000 [24:54:55 > 8:08:46]
L-BFGS:  25%|██▍       | 246/1000 [24:49:07 > 8:10:43]
L-BFGS:  25%|██▍       | 247/1000 [24:46:11 > 8:12:42]
L-BFGS:  25%|██▍       | 248/1000 [24:59:48 > 8:14:44]
L-BFGS:  25%|██▍       | 249/1000 [24:51:59 > 8:16:42]
L-BFGS:  25%|██▌       | 250/1000 [25:03:21 > 8:18:45]
L-BFGS:  25%|██▌       | 251/1000 [25:14:38 > 8:20:49]
L-BFGS:  25%|██▌       | 252/1000 [25:01:43 > 8:22:47]
L-BFGS:  25%|██▌       | 253/1000 [24:49:11 > 8:24:45]
L-BFGS:  25%|██▌       | 254/1000 [25:00:29 > 8:26:48]
L-BFGS:  26%|██▌       | 255/1000 [25:07:28 > 8:28:51]
L-BFGS:  26%|██▌       | 256/1000 [25:13:03 > 8:30:55]
L-BFGS:  26%|██▌       | 257/1000 [24:55:45 > 8:32:53]
L-BFGS:  26%|██▌       | 258/1000 [25:00:16 > 8:34:55]
L-BFGS:  26%|██▌       | 259/1000 [25:04:38 > 8:36:58]
L-BFGS:  26%|██▌       | 260/1000 [24:45:26 > 8:38:55]
L-BFGS:  26%|██▌       | 261/1000 [24:36:39 > 8:40:54]
L-BFGS:  26%|██▌       | 262/1000 [24:25:03 > 8:42:51]
L-BFGS:  26%|██▋       | 263/1000 [24:21:31 > 8:44:50]
L-BFGS:  26%|██▋       | 264/1000 [24:29:36 > 8:46:52]
L-BFGS:  26%|██▋       | 265/1000 [24:22:24 > 8:48:50]
L-BFGS:  27%|██▋       | 266/1000 [24:13:49 > 8:50:48]
L-BFGS:  27%|██▋       | 267/1000 [24:25:35 > 8:52:50]
L-BFGS:  27%|██▋       | 268/1000 [24:15:05 > 8:54:48]
L-BFGS:  27%|██▋       | 269/1000 [24:09:53 > 8:56:46]
L-BFGS:  27%|██▋       | 270/1000 [24:17:56 > 8:58:48]
L-BFGS:  27%|██▋       | 271/1000 [24:10:04 > 9:00:46]
L-BFGS:  27%|██▋       | 272/1000 [24:02:00 > 9:02:44]
L-BFGS:  27%|██▋       | 273/1000 [24:15:44 > 9:04:47]
L-BFGS:  27%|██▋       | 274/1000 [24:03:39 > 9:06:44]
L-BFGS:  28%|██▊       | 275/1000 [23:59:19 > 9:08:43]
L-BFGS:  28%|██▊       | 276/1000 [23:50:54 > 9:10:40]
L-BFGS:  28%|██▊       | 277/1000 [23:49:11 > 9:12:39]
L-BFGS:  28%|██▊       | 278/1000 [23:42:22 > 9:14:36]
L-BFGS:  28%|██▊       | 279/1000 [23:42:04 > 9:16:35]
L-BFGS:  28%|██▊       | 280/1000 [23:52:53 > 9:18:37]
L-BFGS:  28%|██▊       | 281/1000 [23:44:16 > 9:20:35]
L-BFGS:  28%|██▊       | 282/1000 [23:57:40 > 9:22:38]
L-BFGS:  28%|██▊       | 283/1000 [24:04:11 > 9:24:40]
L-BFGS:  28%|██▊       | 284/1000 [23:52:40 > 9:26:38]
L-BFGS:  28%|██▊       | 285/1000 [23:42:13 > 9:28:36]
L-BFGS:  29%|██▊       | 286/1000 [23:55:12 > 9:30:40]
L-BFGS:  29%|██▊       | 287/1000 [23:43:04 > 9:32:37]
L-BFGS:  29%|██▉       | 288/1000 [23:35:30 > 9:34:36]
L-BFGS:  29%|██▉       | 289/1000 [23:47:36 > 9:36:39]
L-BFGS:  29%|██▉       | 290/1000 [23:54:07 > 9:38:42]
L-BFGS:  29%|██▉       | 291/1000 [23:42:35 > 9:40:40]
L-BFGS:  29%|██▉       | 292/1000 [23:48:21 > 9:42:43]
L-BFGS:  29%|██▉       | 293/1000 [23:36:32 > 9:44:41]
L-BFGS:  29%|██▉       | 294/1000 [23:41:30 > 9:46:43]
L-BFGS:  30%|██▉       | 295/1000 [23:30:14 > 9:48:41]
L-BFGS:  30%|██▉       | 296/1000 [23:36:26 > 9:50:44]
L-BFGS:  30%|██▉       | 297/1000 [23:25:34 > 9:52:42]
L-BFGS:  30%|██▉       | 298/1000 [23:30:35 > 9:54:44]
L-BFGS:  30%|██▉       | 299/1000 [23:21:43 > 9:56:43]
L-BFGS:  30%|███       | 300/1000 [23:27:02 > 9:58:45]
L-BFGS:  30%|███       | 301/1000 [23:19:49 > 10:00:44]
L-BFGS:  30%|███       | 302/1000 [23:24:36 > 10:02:46]
L-BFGS:  30%|███       | 303/1000 [23:12:04 > 10:04:44]
L-BFGS:  30%|███       | 304/1000 [23:22:19 > 10:06:47]
L-BFGS:  30%|███       | 305/1000 [23:09:38 > 10:08:45]
L-BFGS:  31%|███       | 306/1000 [23:01:42 > 10:10:43]
L-BFGS:  31%|███       | 307/1000 [23:10:37 > 10:12:46]
L-BFGS:  31%|███       | 308/1000 [23:17:52 > 10:14:49]
L-BFGS:  31%|███       | 309/1000 [23:03:40 > 10:16:46]
L-BFGS:  31%|███       | 310/1000 [22:54:52 > 10:18:45]
L-BFGS:  31%|███       | 311/1000 [22:46:22 > 10:20:42]
L-BFGS:  31%|███       | 312/1000 [22:41:34 > 10:22:40]
L-BFGS:  31%|███▏      | 313/1000 [22:36:04 > 10:24:38]
L-BFGS:  31%|███▏      | 314/1000 [22:52:38 > 10:26:42]
L-BFGS:  32%|███▏      | 315/1000 [22:44:54 > 10:28:40]
L-BFGS:  32%|███▏      | 316/1000 [22:36:02 > 10:30:38]
L-BFGS:  32%|███▏      | 317/1000 [22:32:05 > 10:32:36]
L-BFGS:  32%|███▏      | 318/1000 [22:43:54 > 10:34:39]
L-BFGS:  32%|███▏      | 319/1000 [22:35:39 > 10:36:37]
L-BFGS:  32%|███▏      | 320/1000 [22:45:56 > 10:38:40]
L-BFGS:  32%|███▏      | 321/1000 [22:53:39 > 10:40:44]
L-BFGS:  32%|███▏      | 322/1000 [22:54:02 > 10:42:46]
L-BFGS:  32%|███▏      | 323/1000 [22:41:12 > 10:44:44]
L-BFGS:  32%|███▏      | 324/1000 [22:28:47 > 10:46:42]
L-BFGS:  32%|███▎      | 325/1000 [22:22:28 > 10:48:40]
L-BFGS:  33%|███▎      | 326/1000 [22:14:21 > 10:50:38]
L-BFGS:  33%|███▎      | 327/1000 [22:26:02 > 10:52:40]
L-BFGS:  33%|███▎      | 328/1000 [22:33:15 > 10:54:43]
L-BFGS:  33%|███▎      | 329/1000 [22:34:32 > 10:56:45]
L-BFGS:  33%|███▎      | 330/1000 [22:36:43 > 10:58:47]
L-BFGS:  33%|███▎      | 331/1000 [22:37:00 > 11:00:50]
L-BFGS:  33%|███▎      | 332/1000 [22:36:13 > 11:02:52]
L-BFGS:  33%|███▎      | 333/1000 [22:22:37 > 11:04:50]
L-BFGS:  33%|███▎      | 334/1000 [22:09:51 > 11:06:48]
L-BFGS:  34%|███▎      | 335/1000 [22:03:14 > 11:08:46]
L-BFGS:  34%|███▎      | 336/1000 [22:11:19 > 11:10:48]
L-BFGS:  34%|███▎      | 337/1000 [22:17:55 > 11:12:51]
L-BFGS:  34%|███▍      | 338/1000 [22:22:39 > 11:14:54]
L-BFGS:  34%|███▍      | 339/1000 [22:09:06 > 11:16:53]
L-BFGS:  34%|███▍      | 340/1000 [22:15:41 > 11:18:56]
L-BFGS:  34%|███▍      | 341/1000 [22:18:19 > 11:20:59]
L-BFGS:  34%|███▍      | 342/1000 [22:05:10 > 11:22:57]
L-BFGS:  34%|███▍      | 343/1000 [22:08:52 > 11:25:00]
L-BFGS:  34%|███▍      | 344/1000 [21:56:40 > 11:26:58]
L-BFGS:  34%|███▍      | 345/1000 [22:00:29 > 11:29:00]
L-BFGS:  35%|███▍      | 346/1000 [21:49:35 > 11:30:58]
L-BFGS:  35%|███▍      | 347/1000 [21:39:46 > 11:32:56]
L-BFGS:  35%|███▍      | 348/1000 [21:48:45 > 11:34:59]
L-BFGS:  35%|███▍      | 349/1000 [21:38:13 > 11:36:57]
L-BFGS:  35%|███▌      | 350/1000 [21:31:43 > 11:38:55]
L-BFGS:  35%|███▌      | 351/1000 [21:38:31 > 11:40:57]
L-BFGS:  35%|███▌      | 352/1000 [21:43:25 > 11:42:59]
L-BFGS:  35%|███▌      | 353/1000 [21:45:55 > 11:45:01]
L-BFGS:  35%|███▌      | 354/1000 [21:46:51 > 11:47:03]
L-BFGS:  36%|███▌      | 355/1000 [21:34:39 > 11:49:02]
L-BFGS:  36%|███▌      | 356/1000 [21:39:41 > 11:51:04]
L-BFGS:  36%|███▌      | 357/1000 [21:44:04 > 11:53:07]
L-BFGS:  36%|███▌      | 358/1000 [21:29:24 > 11:55:05]
L-BFGS:  36%|███▌      | 359/1000 [21:38:06 > 11:57:09]
L-BFGS:  36%|███▌      | 360/1000 [21:41:47 > 11:59:12]
L-BFGS:  36%|███▌      | 361/1000 [21:26:13 > 12:01:10]
L-BFGS:  36%|███▌      | 362/1000 [21:15:44 > 12:03:08]
L-BFGS:  36%|███▋      | 363/1000 [21:23:41 > 12:05:11]
L-BFGS:  36%|███▋      | 364/1000 [21:12:47 > 12:07:09]
L-BFGS:  36%|███▋      | 365/1000 [21:20:32 > 12:09:12]
L-BFGS:  37%|███▋      | 366/1000 [21:23:31 > 12:11:15]
L-BFGS:  37%|███▋      | 367/1000 [21:26:47 > 12:13:18]
L-BFGS:  37%|███▋      | 368/1000 [21:23:36 > 12:15:20]
L-BFGS:  37%|███▋      | 369/1000 [21:23:49 > 12:17:22]
L-BFGS:  37%|███▋      | 370/1000 [21:21:10 > 12:19:24]
L-BFGS:  37%|███▋      | 371/1000 [21:22:24 > 12:21:27]
L-BFGS:  37%|███▋      | 372/1000 [21:18:34 > 12:23:29]
L-BFGS:  37%|███▋      | 373/1000 [21:17:24 > 12:25:31]
L-BFGS:  37%|███▋      | 374/1000 [21:17:22 > 12:27:34]
L-BFGS:  38%|███▊      | 375/1000 [21:00:29 > 12:29:32]
L-BFGS:  38%|███▊      | 376/1000 [21:06:13 > 12:31:35]
L-BFGS:  38%|███▊      | 377/1000 [21:08:57 > 12:33:39]
L-BFGS:  38%|███▊      | 378/1000 [21:09:03 > 12:35:42]
L-BFGS:  38%|███▊      | 379/1000 [20:54:56 > 12:37:40]
L-BFGS:  38%|███▊      | 380/1000 [20:57:07 > 12:39:43]
L-BFGS:  38%|███▊      | 381/1000 [20:44:42 > 12:41:41]
L-BFGS:  38%|███▊      | 382/1000 [20:33:18 > 12:43:39]
L-BFGS:  38%|███▊      | 383/1000 [20:26:57 > 12:45:37]
L-BFGS:  38%|███▊      | 384/1000 [20:34:02 > 12:47:39]
L-BFGS:  38%|███▊      | 385/1000 [20:25:56 > 12:49:38]
L-BFGS:  39%|███▊      | 386/1000 [20:32:02 > 12:51:40]
L-BFGS:  39%|███▊      | 387/1000 [20:23:27 > 12:53:38]
L-BFGS:  39%|███▉      | 388/1000 [20:28:03 > 12:55:40]
L-BFGS:  39%|███▉      | 389/1000 [20:20:29 > 12:57:39]
L-BFGS:  39%|███▉      | 390/1000 [20:25:31 > 12:59:41]
L-BFGS:  39%|███▉      | 391/1000 [20:13:57 > 13:01:38]
L-BFGS:  39%|███▉      | 392/1000 [20:08:34 > 13:03:37]
L-BFGS:  39%|███▉      | 393/1000 [20:12:39 > 13:05:38]
L-BFGS:  39%|███▉      | 394/1000 [20:05:34 > 13:07:36]
L-BFGS:  40%|███▉      | 395/1000 [19:58:36 > 13:09:34]
L-BFGS:  40%|███▉      | 396/1000 [20:08:02 > 13:11:36]
L-BFGS:  40%|███▉      | 397/1000 [19:59:06 > 13:13:34]
L-BFGS:  40%|███▉      | 398/1000 [19:53:53 > 13:15:32]
L-BFGS:  40%|███▉      | 399/1000 [20:02:52 > 13:17:35]
L-BFGS:  40%|████      | 400/1000 [19:54:57 > 13:19:33]
L-BFGS:  40%|████      | 401/1000 [20:02:54 > 13:21:36]
L-BFGS:  40%|████      | 402/1000 [20:10:55 > 13:23:40]
L-BFGS:  40%|████      | 403/1000 [19:59:45 > 13:25:38]
L-BFGS:  40%|████      | 404/1000 [19:48:45 > 13:27:36]
L-BFGS:  40%|████      | 405/1000 [19:57:49 > 13:29:39]
L-BFGS:  41%|████      | 406/1000 [19:47:30 > 13:31:37]
L-BFGS:  41%|████      | 407/1000 [19:40:42 > 13:33:35]
L-BFGS:  41%|████      | 408/1000 [19:34:36 > 13:35:34]
L-BFGS:  41%|████      | 409/1000 [19:30:16 > 13:37:32]
L-BFGS:  41%|████      | 410/1000 [19:41:23 > 13:39:35]
L-BFGS:  41%|████      | 411/1000 [19:49:38 > 13:41:39]
L-BFGS:  41%|████      | 412/1000 [19:38:37 > 13:43:37]
L-BFGS:  41%|████▏     | 413/1000 [19:30:33 > 13:45:35]
L-BFGS:  41%|████▏     | 414/1000 [19:23:55 > 13:47:33]
L-BFGS:  42%|████▏     | 415/1000 [19:32:32 > 13:49:36]
L-BFGS:  42%|████▏     | 416/1000 [19:22:53 > 13:51:33]
L-BFGS:  42%|████▏     | 417/1000 [19:31:35 > 13:53:37]
L-BFGS:  42%|████▏     | 418/1000 [19:36:33 > 13:55:40]
L-BFGS:  42%|████▏     | 419/1000 [19:36:32 > 13:57:42]
L-BFGS:  42%|████▏     | 420/1000 [19:37:44 > 13:59:44]
L-BFGS:  42%|████▏     | 421/1000 [19:37:18 > 14:01:47]
L-BFGS:  42%|████▏     | 422/1000 [19:36:15 > 14:03:49]
L-BFGS:  42%|████▏     | 423/1000 [19:24:03 > 14:05:48]
L-BFGS:  42%|████▏     | 424/1000 [19:12:23 > 14:07:45]
L-BFGS:  42%|████▎     | 425/1000 [19:19:14 > 14:09:48]
L-BFGS:  43%|████▎     | 426/1000 [19:22:02 > 14:11:51]
L-BFGS:  43%|████▎     | 427/1000 [19:11:09 > 14:13:49]
L-BFGS:  43%|████▎     | 428/1000 [19:16:58 > 14:15:53]
L-BFGS:  43%|████▎     | 429/1000 [19:22:38 > 14:17:57]
L-BFGS:  43%|████▎     | 430/1000 [19:23:27 > 14:20:00]
L-BFGS:  43%|████▎     | 431/1000 [19:07:32 > 14:21:57]
L-BFGS:  43%|████▎     | 432/1000 [18:58:51 > 14:23:56]
L-BFGS:  43%|████▎     | 433/1000 [18:49:19 > 14:25:54]
L-BFGS:  43%|████▎     | 434/1000 [18:58:54 > 14:27:57]
L-BFGS:  44%|████▎     | 435/1000 [18:48:46 > 14:29:55]
L-BFGS:  44%|████▎     | 436/1000 [18:42:46 > 14:31:54]
L-BFGS:  44%|████▎     | 437/1000 [18:36:19 > 14:33:52]
L-BFGS:  44%|████▍     | 438/1000 [18:32:42 > 14:35:50]
L-BFGS:  44%|████▍     | 439/1000 [18:40:49 > 14:37:52]
L-BFGS:  44%|████▍     | 440/1000 [18:34:49 > 14:39:51]
L-BFGS:  44%|████▍     | 441/1000 [18:41:24 > 14:41:53]
L-BFGS:  44%|████▍     | 442/1000 [18:46:25 > 14:43:56]
L-BFGS:  44%|████▍     | 443/1000 [18:34:24 > 14:45:54]
L-BFGS:  44%|████▍     | 444/1000 [18:38:59 > 14:47:56]
L-BFGS:  44%|████▍     | 445/1000 [18:41:10 > 14:49:58]
L-BFGS:  45%|████▍     | 446/1000 [18:41:47 > 14:52:01]
L-BFGS:  45%|████▍     | 447/1000 [18:44:22 > 14:54:04]
L-BFGS:  45%|████▍     | 448/1000 [18:31:16 > 14:56:02]
L-BFGS:  45%|████▍     | 449/1000 [18:36:08 > 14:58:05]
L-BFGS:  45%|████▌     | 450/1000 [18:24:04 > 15:00:03]
L-BFGS:  45%|████▌     | 451/1000 [18:31:43 > 15:02:07]
L-BFGS:  45%|████▌     | 452/1000 [18:35:13 > 15:04:10]
L-BFGS:  45%|████▌     | 453/1000 [18:21:51 > 15:06:08]
L-BFGS:  45%|████▌     | 454/1000 [18:12:40 > 15:08:06]
L-BFGS:  46%|████▌     | 455/1000 [18:04:56 > 15:10:04]
L-BFGS:  46%|████▌     | 456/1000 [18:14:13 > 15:12:08]
L-BFGS:  46%|████▌     | 457/1000 [18:19:20 > 15:14:11]
L-BFGS:  46%|████▌     | 458/1000 [18:08:26 > 15:16:10]
L-BFGS:  46%|████▌     | 459/1000 [17:59:50 > 15:18:08]
L-BFGS:  46%|████▌     | 460/1000 [17:53:37 > 15:20:06]
L-BFGS:  46%|████▌     | 461/1000 [17:48:14 > 15:22:04]
L-BFGS:  46%|████▌     | 462/1000 [17:44:28 > 15:24:02]
L-BFGS:  46%|████▋     | 463/1000 [17:40:58 > 15:26:00]
L-BFGS:  46%|████▋     | 464/1000 [17:38:06 > 15:27:58]
L-BFGS:  46%|████▋     | 465/1000 [17:46:24 > 15:30:01]
L-BFGS:  47%|████▋     | 466/1000 [17:41:52 > 15:31:59]
L-BFGS:  47%|████▋     | 467/1000 [17:50:28 > 15:34:03]
L-BFGS:  47%|████▋     | 468/1000 [17:40:29 > 15:36:00]
L-BFGS:  47%|████▋     | 469/1000 [17:47:19 > 15:38:03]
L-BFGS:  47%|████▋     | 470/1000 [17:48:52 > 15:40:05]
L-BFGS:  47%|████▋     | 471/1000 [17:40:13 > 15:42:04]
L-BFGS:  47%|████▋     | 472/1000 [17:42:38 > 15:44:05]
L-BFGS:  47%|████▋     | 473/1000 [17:34:23 > 15:46:04]
L-BFGS:  47%|████▋     | 474/1000 [17:26:39 > 15:48:02]
L-BFGS:  48%|████▊     | 475/1000 [17:34:48 > 15:50:05]
L-BFGS:  48%|████▊     | 476/1000 [17:36:42 > 15:52:07]
L-BFGS:  48%|████▊     | 477/1000 [17:26:12 > 15:54:05]
L-BFGS:  48%|████▊     | 478/1000 [17:20:21 > 15:56:03]
L-BFGS:  48%|████▊     | 479/1000 [17:13:31 > 15:58:01]
L-BFGS:  48%|████▊     | 480/1000 [17:10:19 > 16:00:00]
L-BFGS:  48%|████▊     | 481/1000 [17:05:23 > 16:01:57]
L-BFGS:  48%|████▊     | 482/1000 [17:15:25 > 16:04:01]
L-BFGS:  48%|████▊     | 483/1000 [17:20:27 > 16:06:03]
L-BFGS:  48%|████▊     | 484/1000 [17:26:06 > 16:08:07]
L-BFGS:  48%|████▊     | 485/1000 [17:28:50 > 16:10:10]
L-BFGS:  49%|████▊     | 486/1000 [17:29:02 > 16:12:13]
L-BFGS:  49%|████▊     | 487/1000 [17:17:20 > 16:14:12]
L-BFGS:  49%|████▉     | 488/1000 [17:18:59 > 16:16:15]
L-BFGS:  49%|████▉     | 489/1000 [17:08:26 > 16:18:13]
L-BFGS:  49%|████▉     | 490/1000 [16:58:57 > 16:20:11]
L-BFGS:  49%|████▉     | 491/1000 [16:53:17 > 16:22:10]
L-BFGS:  49%|████▉     | 492/1000 [16:47:24 > 16:24:08]
L-BFGS:  49%|████▉     | 493/1000 [16:43:58 > 16:26:06]
L-BFGS:  49%|████▉     | 494/1000 [16:39:40 > 16:28:04]
L-BFGS:  50%|████▉     | 495/1000 [16:48:59 > 16:30:07]
L-BFGS:  50%|████▉     | 496/1000 [16:53:47 > 16:32:09]
L-BFGS:  50%|████▉     | 497/1000 [16:46:38 > 16:34:08]
L-BFGS:  50%|████▉     | 498/1000 [16:39:18 > 16:36:06]
L-BFGS:  50%|████▉     | 499/1000 [16:46:07 > 16:38:09]
L-BFGS:  50%|█████     | 500/1000 [16:48:33 > 16:40:11]
L-BFGS:  50%|█████     | 501/1000 [16:38:04 > 16:42:09]
L-BFGS:  50%|█████     | 502/1000 [16:32:30 > 16:44:07]
L-BFGS:  50%|█████     | 503/1000 [16:25:45 > 16:46:05]
L-BFGS:  50%|█████     | 504/1000 [16:22:54 > 16:48:04]
L-BFGS:  50%|█████     | 505/1000 [16:18:05 > 16:50:02]
L-BFGS:  51%|█████     | 506/1000 [16:16:24 > 16:52:00]
L-BFGS:  51%|█████     | 507/1000 [16:11:52 > 16:53:58]
L-BFGS:  51%|█████     | 508/1000 [16:10:46 > 16:55:56]
L-BFGS:  51%|█████     | 509/1000 [16:16:23 > 16:57:58]
L-BFGS:  51%|█████     | 510/1000 [16:12:07 > 16:59:56]
L-BFGS:  51%|█████     | 511/1000 [16:07:18 > 17:01:54]
L-BFGS:  51%|█████     | 512/1000 [16:15:06 > 17:03:57]
L-BFGS:  51%|█████▏    | 513/1000 [16:08:18 > 17:05:55]
L-BFGS:  51%|█████▏    | 514/1000 [16:04:07 > 17:07:53]
L-BFGS:  52%|█████▏    | 515/1000 [15:59:20 > 17:09:51]
L-BFGS:  52%|█████▏    | 516/1000 [16:08:12 > 17:11:54]
L-BFGS:  52%|█████▏    | 517/1000 [16:01:10 > 17:13:52]
L-BFGS:  52%|█████▏    | 518/1000 [15:56:20 > 17:15:50]
L-BFGS:  52%|█████▏    | 519/1000 [15:51:54 > 17:17:48]
L-BFGS:  52%|█████▏    | 520/1000 [16:00:49 > 17:19:52]
L-BFGS:  52%|█████▏    | 521/1000 [15:53:29 > 17:21:50]
L-BFGS:  52%|█████▏    | 522/1000 [16:05:06 > 17:23:55]
L-BFGS:  52%|█████▏    | 523/1000 [16:08:33 > 17:25:58]
L-BFGS:  52%|█████▏    | 524/1000 [15:57:28 > 17:27:56]
L-BFGS:  52%|█████▎    | 525/1000 [15:49:39 > 17:29:54]
L-BFGS:  53%|█████▎    | 526/1000 [15:55:23 > 17:31:58]
L-BFGS:  53%|█████▎    | 527/1000 [15:47:02 > 17:33:56]
L-BFGS:  53%|█████▎    | 528/1000 [15:39:59 > 17:35:54]
L-BFGS:  53%|█████▎    | 529/1000 [15:35:02 > 17:37:52]
L-BFGS:  53%|█████▎    | 530/1000 [15:30:24 > 17:39:50]
L-BFGS:  53%|█████▎    | 531/1000 [15:27:27 > 17:41:48]
L-BFGS:  53%|█████▎    | 532/1000 [15:36:24 > 17:43:52]
L-BFGS:  53%|█████▎    | 533/1000 [15:30:15 > 17:45:50]
L-BFGS:  53%|█████▎    | 534/1000 [15:34:46 > 17:47:52]
L-BFGS:  54%|█████▎    | 535/1000 [15:28:42 > 17:49:51]
L-BFGS:  54%|█████▎    | 536/1000 [15:21:45 > 17:51:49]
L-BFGS:  54%|█████▎    | 537/1000 [15:28:38 > 17:53:52]
L-BFGS:  54%|█████▍    | 538/1000 [15:23:05 > 17:55:50]
L-BFGS:  54%|█████▍    | 539/1000 [15:15:37 > 17:57:48]
L-BFGS:  54%|█████▍    | 540/1000 [15:12:52 > 17:59:47]
L-BFGS:  54%|█████▍    | 541/1000 [15:17:16 > 18:01:49]
L-BFGS:  54%|█████▍    | 542/1000 [15:12:03 > 18:03:47]
L-BFGS:  54%|█████▍    | 543/1000 [15:05:56 > 18:05:45]
L-BFGS:  54%|█████▍    | 544/1000 [15:03:00 > 18:07:43]
L-BFGS:  55%|█████▍    | 545/1000 [15:08:22 > 18:09:45]
L-BFGS:  55%|█████▍    | 546/1000 [15:12:50 > 18:11:48]
L-BFGS:  55%|█████▍    | 547/1000 [15:04:36 > 18:13:46]
L-BFGS:  55%|█████▍    | 548/1000 [15:10:19 > 18:15:49]
L-BFGS:  55%|█████▍    | 549/1000 [15:00:42 > 18:17:47]
L-BFGS:  55%|█████▌    | 550/1000 [15:04:17 > 18:19:49]
L-BFGS:  55%|█████▌    | 551/1000 [14:57:52 > 18:21:48]
L-BFGS:  55%|█████▌    | 552/1000 [14:50:53 > 18:23:45]
L-BFGS:  55%|█████▌    | 553/1000 [14:57:31 > 18:25:48]
L-BFGS:  55%|█████▌    | 554/1000 [15:00:06 > 18:27:51]
L-BFGS:  56%|█████▌    | 555/1000 [14:52:09 > 18:29:49]
L-BFGS:  56%|█████▌    | 556/1000 [14:56:46 > 18:31:53]
L-BFGS:  56%|█████▌    | 557/1000 [15:01:14 > 18:33:57]
L-BFGS:  56%|█████▌    | 558/1000 [14:49:29 > 18:35:54]
L-BFGS:  56%|█████▌    | 559/1000 [14:52:25 > 18:37:57]
L-BFGS:  56%|█████▌    | 560/1000 [14:44:23 > 18:39:56]
L-BFGS:  56%|█████▌    | 561/1000 [14:47:06 > 18:41:59]
L-BFGS:  56%|█████▌    | 562/1000 [14:38:58 > 18:43:57]
L-BFGS:  56%|█████▋    | 563/1000 [14:31:14 > 18:45:55]
L-BFGS:  56%|█████▋    | 564/1000 [14:26:37 > 18:47:54]
L-BFGS:  56%|█████▋    | 565/1000 [14:21:38 > 18:49:51]
L-BFGS:  57%|█████▋    | 566/1000 [14:18:54 > 18:51:50]
L-BFGS:  57%|█████▋    | 567/1000 [14:14:57 > 18:53:48]
L-BFGS:  57%|█████▋    | 568/1000 [14:12:58 > 18:55:46]
L-BFGS:  57%|█████▋    | 569/1000 [14:09:33 > 18:57:44]
L-BFGS:  57%|█████▋    | 570/1000 [14:08:04 > 18:59:43]
L-BFGS:  57%|█████▋    | 571/1000 [14:14:35 > 19:01:45]
L-BFGS:  57%|█████▋    | 572/1000 [14:10:15 > 19:03:43]
L-BFGS:  57%|█████▋    | 573/1000 [14:05:26 > 19:05:41]
L-BFGS:  57%|█████▋    | 574/1000 [14:02:35 > 19:07:40]
L-BFGS:  57%|█████▊    | 575/1000 [13:58:57 > 19:09:37]
L-BFGS:  58%|█████▊    | 576/1000 [13:56:58 > 19:11:36]
L-BFGS:  58%|█████▊    | 577/1000 [13:53:38 > 19:13:34]
L-BFGS:  58%|█████▊    | 578/1000 [13:52:06 > 19:15:32]
L-BFGS:  58%|█████▊    | 579/1000 [13:58:57 > 19:17:35]
L-BFGS:  58%|█████▊    | 580/1000 [14:04:08 > 19:19:38]
L-BFGS:  58%|█████▊    | 581/1000 [13:55:45 > 19:21:35]
L-BFGS:  58%|█████▊    | 582/1000 [13:51:36 > 19:23:34]
L-BFGS:  58%|█████▊    | 583/1000 [13:55:40 > 19:25:36]
L-BFGS:  58%|█████▊    | 584/1000 [13:56:13 > 19:27:38]
L-BFGS:  58%|█████▊    | 585/1000 [13:58:47 > 19:29:40]
L-BFGS:  59%|█████▊    | 586/1000 [13:49:51 > 19:31:38]
L-BFGS:  59%|█████▊    | 587/1000 [13:53:42 > 19:33:41]
L-BFGS:  59%|█████▉    | 588/1000 [13:45:29 > 19:35:39]
L-BFGS:  59%|█████▉    | 589/1000 [13:39:20 > 19:37:38]
L-BFGS:  59%|█████▉    | 590/1000 [13:34:01 > 19:39:36]
L-BFGS:  59%|█████▉    | 591/1000 [13:30:20 > 19:41:34]
L-BFGS:  59%|█████▉    | 592/1000 [13:36:37 > 19:43:37]
L-BFGS:  59%|█████▉    | 593/1000 [13:31:09 > 19:45:35]
L-BFGS:  59%|█████▉    | 594/1000 [13:38:30 > 19:47:39]
L-BFGS:  60%|█████▉    | 595/1000 [13:40:19 > 19:49:42]
L-BFGS:  60%|█████▉    | 596/1000 [13:31:51 > 19:51:41]
L-BFGS:  60%|█████▉    | 597/1000 [13:24:40 > 19:53:39]
L-BFGS:  60%|█████▉    | 598/1000 [13:30:16 > 19:55:42]
L-BFGS:  60%|█████▉    | 599/1000 [13:22:19 > 19:57:40]
L-BFGS:  60%|██████    | 600/1000 [13:16:50 > 19:59:39]
L-BFGS:  60%|██████    | 601/1000 [13:22:21 > 20:01:42]
L-BFGS:  60%|██████    | 602/1000 [13:24:32 > 20:03:45]
L-BFGS:  60%|██████    | 603/1000 [13:15:22 > 20:05:42]
L-BFGS:  60%|██████    | 604/1000 [13:19:01 > 20:07:45]
L-BFGS:  60%|██████    | 605/1000 [13:12:36 > 20:09:44]
L-BFGS:  61%|██████    | 606/1000 [13:04:43 > 20:11:42]
L-BFGS:  61%|██████    | 607/1000 [13:01:27 > 20:13:40]
L-BFGS:  61%|██████    | 608/1000 [13:04:22 > 20:15:42]
L-BFGS:  61%|██████    | 609/1000 [13:07:41 > 20:17:45]
L-BFGS:  61%|██████    | 610/1000 [12:59:42 > 20:19:43]
L-BFGS:  61%|██████    | 611/1000 [13:03:03 > 20:21:46]
L-BFGS:  61%|██████    | 612/1000 [12:55:31 > 20:23:44]
L-BFGS:  61%|██████▏   | 613/1000 [13:00:08 > 20:25:47]
L-BFGS:  61%|██████▏   | 614/1000 [13:00:12 > 20:27:49]
L-BFGS:  62%|██████▏   | 615/1000 [12:51:26 > 20:29:47]
L-BFGS:  62%|██████▏   | 616/1000 [12:46:11 > 20:31:45]
L-BFGS:  62%|██████▏   | 617/1000 [12:40:27 > 20:33:43]
L-BFGS:  62%|██████▏   | 618/1000 [12:46:16 > 20:35:46]
L-BFGS:  62%|██████▏   | 619/1000 [12:39:40 > 20:37:44]
L-BFGS:  62%|██████▏   | 620/1000 [12:44:15 > 20:39:47]
L-BFGS:  62%|██████▏   | 621/1000 [12:37:06 > 20:41:45]
L-BFGS:  62%|██████▏   | 622/1000 [12:32:29 > 20:43:44]
L-BFGS:  62%|██████▏   | 623/1000 [12:37:49 > 20:45:47]
L-BFGS:  62%|██████▏   | 624/1000 [12:42:25 > 20:47:51]
L-BFGS:  62%|██████▎   | 625/1000 [12:32:53 > 20:49:49]
L-BFGS:  63%|██████▎   | 626/1000 [12:35:40 > 20:51:52]
L-BFGS:  63%|██████▎   | 627/1000 [12:38:00 > 20:53:55]
L-BFGS:  63%|██████▎   | 628/1000 [12:28:23 > 20:55:53]
L-BFGS:  63%|██████▎   | 629/1000 [12:22:04 > 20:57:52]
L-BFGS:  63%|██████▎   | 630/1000 [12:16:05 > 20:59:49]
L-BFGS:  63%|██████▎   | 631/1000 [12:20:32 > 21:01:52]
L-BFGS:  63%|██████▎   | 632/1000 [12:13:50 > 21:03:50]
L-BFGS:  63%|██████▎   | 633/1000 [12:09:39 > 21:05:49]
L-BFGS:  63%|██████▎   | 634/1000 [12:13:35 > 21:07:51]
L-BFGS:  64%|██████▎   | 635/1000 [12:08:09 > 21:09:50]
L-BFGS:  64%|██████▎   | 636/1000 [12:03:00 > 21:11:47]
L-BFGS:  64%|██████▎   | 637/1000 [12:07:51 > 21:13:50]
L-BFGS:  64%|██████▍   | 638/1000 [12:00:58 > 21:15:48]
L-BFGS:  64%|██████▍   | 639/1000 [12:04:23 > 21:17:51]
L-BFGS:  64%|██████▍   | 640/1000 [11:59:11 > 21:19:49]
L-BFGS:  64%|██████▍   | 641/1000 [11:53:13 > 21:21:47]
L-BFGS:  64%|██████▍   | 642/1000 [11:56:47 > 21:23:49]
L-BFGS:  64%|██████▍   | 643/1000 [11:58:31 > 21:25:51]
L-BFGS:  64%|██████▍   | 644/1000 [11:52:21 > 21:27:50]
L-BFGS:  64%|██████▍   | 645/1000 [11:46:20 > 21:29:48]
L-BFGS:  65%|██████▍   | 646/1000 [11:50:57 > 21:31:51]
L-BFGS:  65%|██████▍   | 647/1000 [11:44:34 > 21:33:49]
L-BFGS:  65%|██████▍   | 648/1000 [11:40:04 > 21:35:47]
L-BFGS:  65%|██████▍   | 649/1000 [11:35:45 > 21:37:45]
L-BFGS:  65%|██████▌   | 650/1000 [11:32:31 > 21:39:43]
L-BFGS:  65%|██████▌   | 651/1000 [11:29:16 > 21:41:41]
L-BFGS:  65%|██████▌   | 652/1000 [11:26:51 > 21:43:40]
L-BFGS:  65%|██████▌   | 653/1000 [11:32:38 > 21:45:42]
L-BFGS:  65%|██████▌   | 654/1000 [11:37:51 > 21:47:46]
L-BFGS:  66%|██████▌   | 655/1000 [11:40:07 > 21:49:50]
L-BFGS:  66%|██████▌   | 656/1000 [11:31:42 > 21:51:48]
L-BFGS:  66%|██████▌   | 657/1000 [11:25:38 > 21:53:46]
L-BFGS:  66%|██████▌   | 658/1000 [11:20:17 > 21:55:44]
L-BFGS:  66%|██████▌   | 659/1000 [11:16:25 > 21:57:42]
L-BFGS:  66%|██████▌   | 660/1000 [11:12:46 > 21:59:40]
L-BFGS:  66%|██████▌   | 661/1000 [11:10:00 > 22:01:39]
L-BFGS:  66%|██████▌   | 662/1000 [11:07:03 > 22:03:37]
L-BFGS:  66%|██████▋   | 663/1000 [11:04:50 > 22:05:35]
L-BFGS:  66%|██████▋   | 664/1000 [11:02:14 > 22:07:33]
L-BFGS:  66%|██████▋   | 665/1000 [11:09:13 > 22:09:37]
L-BFGS:  67%|██████▋   | 666/1000 [11:13:00 > 22:11:40]
L-BFGS:  67%|██████▋   | 667/1000 [11:14:12 > 22:13:43]
L-BFGS:  67%|██████▋   | 668/1000 [11:05:50 > 22:15:40]
L-BFGS:  67%|██████▋   | 669/1000 [11:00:59 > 22:17:39]
L-BFGS:  67%|██████▋   | 670/1000 [11:04:43 > 22:19:42]
L-BFGS:  67%|██████▋   | 671/1000 [10:57:08 > 22:21:40]
L-BFGS:  67%|██████▋   | 672/1000 [10:53:18 > 22:23:38]
L-BFGS:  67%|██████▋   | 673/1000 [10:55:07 > 22:25:40]
L-BFGS:  67%|██████▋   | 674/1000 [10:57:23 > 22:27:43]
L-BFGS:  68%|██████▊   | 675/1000 [10:56:56 > 22:29:45]
L-BFGS:  68%|██████▊   | 676/1000 [10:50:06 > 22:31:43]
L-BFGS:  68%|██████▊   | 677/1000 [10:51:18 > 22:33:46]
L-BFGS:  68%|██████▊   | 678/1000 [10:45:47 > 22:35:45]
L-BFGS:  68%|██████▊   | 679/1000 [10:39:10 > 22:37:42]
L-BFGS:  68%|██████▊   | 680/1000 [10:41:46 > 22:39:44]
L-BFGS:  68%|██████▊   | 681/1000 [10:36:52 > 22:41:43]
L-BFGS:  68%|██████▊   | 682/1000 [10:31:38 > 22:43:41]
L-BFGS:  68%|██████▊   | 683/1000 [10:28:30 > 22:45:39]
L-BFGS:  68%|██████▊   | 684/1000 [10:32:07 > 22:47:42]
L-BFGS:  68%|██████▊   | 685/1000 [10:34:48 > 22:49:45]
L-BFGS:  69%|██████▊   | 686/1000 [10:36:38 > 22:51:48]
L-BFGS:  69%|██████▊   | 687/1000 [10:38:32 > 22:53:52]
L-BFGS:  69%|██████▉   | 688/1000 [10:29:04 > 22:55:50]
L-BFGS:  69%|██████▉   | 689/1000 [10:23:25 > 22:57:48]
L-BFGS:  69%|██████▉   | 690/1000 [10:17:18 > 22:59:46]
L-BFGS:  69%|██████▉   | 691/1000 [10:13:52 > 23:01:45]
L-BFGS:  69%|██████▉   | 692/1000 [10:17:49 > 23:03:48]
L-BFGS:  69%|██████▉   | 693/1000 [10:19:22 > 23:05:50]
L-BFGS:  69%|██████▉   | 694/1000 [10:13:20 > 23:07:49]
L-BFGS:  70%|██████▉   | 695/1000 [10:07:33 > 23:09:47]
L-BFGS:  70%|██████▉   | 696/1000 [10:10:39 > 23:11:49]
L-BFGS:  70%|██████▉   | 697/1000 [10:04:34 > 23:13:47]
L-BFGS:  70%|██████▉   | 698/1000 [10:07:28 > 23:15:50]
L-BFGS:  70%|██████▉   | 699/1000 [10:07:36 > 23:17:52]
L-BFGS:  70%|███████   | 700/1000 [10:02:00 > 23:19:51]
L-BFGS:  70%|███████   | 701/1000 [10:02:44 > 23:21:53]
L-BFGS:  70%|███████   | 702/1000 [9:55:40 > 23:23:51] 
L-BFGS:  70%|███████   | 703/1000 [9:51:45 > 23:25:49]
L-BFGS:  70%|███████   | 704/1000 [9:46:55 > 23:27:47]
L-BFGS:  70%|███████   | 705/1000 [9:49:47 > 23:29:49]
L-BFGS:  71%|███████   | 706/1000 [9:51:06 > 23:31:52]
L-BFGS:  71%|███████   | 707/1000 [9:45:52 > 23:33:50]
L-BFGS:  71%|███████   | 708/1000 [9:40:53 > 23:35:48]
L-BFGS:  71%|███████   | 709/1000 [9:37:34 > 23:37:46]
L-BFGS:  71%|███████   | 710/1000 [9:33:57 > 23:39:44]
L-BFGS:  71%|███████   | 711/1000 [9:38:11 > 23:41:47]
L-BFGS:  71%|███████   | 712/1000 [9:33:19 > 23:43:45]
L-BFGS:  71%|███████▏  | 713/1000 [9:36:53 > 23:45:49]
L-BFGS:  71%|███████▏  | 714/1000 [9:30:57 > 23:47:47]
L-BFGS:  72%|███████▏  | 715/1000 [9:34:58 > 23:49:51]
L-BFGS:  72%|███████▏  | 716/1000 [9:29:26 > 23:51:49]
L-BFGS:  72%|███████▏  | 717/1000 [9:23:47 > 23:53:47]
L-BFGS:  72%|███████▏  | 718/1000 [9:20:29 > 23:55:46]
L-BFGS:  72%|███████▏  | 719/1000 [9:23:32 > 23:57:48]
L-BFGS:  72%|███████▏  | 720/1000 [9:18:35 > 23:59:47]
L-BFGS:  72%|███████▏  | 721/1000 [9:14:07 > 24:01:45]
L-BFGS:  72%|███████▏  | 722/1000 [9:11:00 > 24:03:43]
L-BFGS:  72%|███████▏  | 723/1000 [9:07:45 > 24:05:41]
L-BFGS:  72%|███████▏  | 724/1000 [9:05:16 > 24:07:39]
L-BFGS:  72%|███████▎  | 725/1000 [9:02:38 > 24:09:37]
L-BFGS:  73%|███████▎  | 726/1000 [9:07:49 > 24:11:41]
L-BFGS:  73%|███████▎  | 727/1000 [9:03:05 > 24:13:39]
L-BFGS:  73%|███████▎  | 728/1000 [8:59:34 > 24:15:37]
L-BFGS:  73%|███████▎  | 729/1000 [9:03:21 > 24:17:40]
L-BFGS:  73%|███████▎  | 730/1000 [8:58:38 > 24:19:39]
L-BFGS:  73%|███████▎  | 731/1000 [9:00:07 > 24:21:41]
L-BFGS:  73%|███████▎  | 732/1000 [9:01:39 > 24:23:44]
L-BFGS:  73%|███████▎  | 733/1000 [9:01:56 > 24:25:47]
L-BFGS:  73%|███████▎  | 734/1000 [9:00:12 > 24:27:49]
L-BFGS:  74%|███████▎  | 735/1000 [8:59:10 > 24:29:52]
L-BFGS:  74%|███████▎  | 736/1000 [8:51:36 > 24:31:50]
L-BFGS:  74%|███████▎  | 737/1000 [8:46:24 > 24:33:48]
L-BFGS:  74%|███████▍  | 738/1000 [8:41:34 > 24:35:46]
L-BFGS:  74%|███████▍  | 739/1000 [8:44:35 > 24:37:49]
L-BFGS:  74%|███████▍  | 740/1000 [8:38:28 > 24:39:47]
L-BFGS:  74%|███████▍  | 741/1000 [8:39:54 > 24:41:49]
L-BFGS:  74%|███████▍  | 742/1000 [8:35:25 > 24:43:47]
L-BFGS:  74%|███████▍  | 743/1000 [8:36:47 > 24:45:50]
L-BFGS:  74%|███████▍  | 744/1000 [8:31:46 > 24:47:48]
L-BFGS:  74%|███████▍  | 745/1000 [8:33:10 > 24:49:51]
L-BFGS:  75%|███████▍  | 746/1000 [8:34:51 > 24:51:54]
L-BFGS:  75%|███████▍  | 747/1000 [8:35:05 > 24:53:58]
L-BFGS:  75%|███████▍  | 748/1000 [8:28:34 > 24:55:56]
L-BFGS:  75%|███████▍  | 749/1000 [8:22:12 > 24:57:54]
L-BFGS:  75%|███████▌  | 750/1000 [8:18:25 > 24:59:53]
L-BFGS:  75%|███████▌  | 751/1000 [8:20:43 > 25:01:56]
L-BFGS:  75%|███████▌  | 752/1000 [8:21:12 > 25:03:58]
L-BFGS:  75%|███████▌  | 753/1000 [8:21:12 > 25:06:01]
L-BFGS:  75%|███████▌  | 754/1000 [8:14:20 > 25:07:59]
L-BFGS:  76%|███████▌  | 755/1000 [8:15:16 > 25:10:02]
L-BFGS:  76%|███████▌  | 756/1000 [8:09:11 > 25:12:00]
L-BFGS:  76%|███████▌  | 757/1000 [8:04:52 > 25:13:58]
L-BFGS:  76%|███████▌  | 758/1000 [8:05:44 > 25:16:01]
L-BFGS:  76%|███████▌  | 759/1000 [8:01:39 > 25:17:59]
L-BFGS:  76%|███████▌  | 760/1000 [8:02:24 > 25:20:01]
L-BFGS:  76%|███████▌  | 761/1000 [7:56:51 > 25:21:59]
L-BFGS:  76%|███████▌  | 762/1000 [7:53:32 > 25:23:58]
L-BFGS:  76%|███████▋  | 763/1000 [7:49:27 > 25:25:55]
L-BFGS:  76%|███████▋  | 764/1000 [7:47:17 > 25:27:54]
L-BFGS:  76%|███████▋  | 765/1000 [7:48:32 > 25:29:56]
L-BFGS:  77%|███████▋  | 766/1000 [7:50:06 > 25:31:58]
L-BFGS:  77%|███████▋  | 767/1000 [7:45:01 > 25:33:56]
L-BFGS:  77%|███████▋  | 768/1000 [7:46:56 > 25:35:59]
L-BFGS:  77%|███████▋  | 769/1000 [7:47:21 > 25:38:02]
L-BFGS:  77%|███████▋  | 770/1000 [7:48:17 > 25:40:06]
L-BFGS:  77%|███████▋  | 771/1000 [7:47:42 > 25:42:10]
L-BFGS:  77%|███████▋  | 772/1000 [7:46:29 > 25:44:13]
L-BFGS:  77%|███████▋  | 773/1000 [7:39:23 > 25:46:11]
L-BFGS:  77%|███████▋  | 774/1000 [7:33:30 > 25:48:09]
L-BFGS:  78%|███████▊  | 775/1000 [7:29:07 > 25:50:07]
L-BFGS:  78%|███████▊  | 776/1000 [7:31:07 > 25:52:11]
L-BFGS:  78%|███████▊  | 777/1000 [7:31:19 > 25:54:14]
L-BFGS:  78%|███████▊  | 778/1000 [7:31:21 > 25:56:17]
L-BFGS:  78%|███████▊  | 779/1000 [7:29:08 > 25:58:19]
L-BFGS:  78%|███████▊  | 780/1000 [7:28:02 > 26:00:21]
L-BFGS:  78%|███████▊  | 781/1000 [7:25:40 > 26:02:23]
L-BFGS:  78%|███████▊  | 782/1000 [7:19:39 > 26:04:22]
L-BFGS:  78%|███████▊  | 783/1000 [7:14:18 > 26:06:20]
L-BFGS:  78%|███████▊  | 784/1000 [7:10:30 > 26:08:18]
L-BFGS:  78%|███████▊  | 785/1000 [7:11:29 > 26:10:21]
L-BFGS:  79%|███████▊  | 786/1000 [7:07:44 > 26:12:19]
L-BFGS:  79%|███████▊  | 787/1000 [7:03:09 > 26:14:17]
L-BFGS:  79%|███████▉  | 788/1000 [7:00:46 > 26:16:16]
L-BFGS:  79%|███████▉  | 789/1000 [6:56:59 > 26:18:13]
L-BFGS:  79%|███████▉  | 790/1000 [6:55:15 > 26:20:12]
L-BFGS:  79%|███████▉  | 791/1000 [6:52:06 > 26:22:09]
L-BFGS:  79%|███████▉  | 792/1000 [6:50:37 > 26:24:08]
L-BFGS:  79%|███████▉  | 793/1000 [6:52:19 > 26:26:10]
L-BFGS:  79%|███████▉  | 794/1000 [6:53:22 > 26:28:13]
L-BFGS:  80%|███████▉  | 795/1000 [6:49:15 > 26:30:11]
L-BFGS:  80%|███████▉  | 796/1000 [6:45:25 > 26:32:09]
L-BFGS:  80%|███████▉  | 797/1000 [6:47:11 > 26:34:12]
L-BFGS:  80%|███████▉  | 798/1000 [6:42:41 > 26:36:10]
L-BFGS:  80%|███████▉  | 799/1000 [6:44:50 > 26:38:13]
L-BFGS:  80%|████████  | 800/1000 [6:39:53 > 26:40:11]
L-BFGS:  80%|████████  | 801/1000 [6:36:17 > 26:42:10]
L-BFGS:  80%|████████  | 802/1000 [6:38:18 > 26:44:13]
L-BFGS:  80%|████████  | 803/1000 [6:38:33 > 26:46:16]
L-BFGS:  80%|████████  | 804/1000 [6:33:56 > 26:48:15]
L-BFGS:  80%|████████  | 805/1000 [6:29:00 > 26:50:13]
L-BFGS:  81%|████████  | 806/1000 [6:25:59 > 26:52:11]
L-BFGS:  81%|████████  | 807/1000 [6:22:19 > 26:54:09]
L-BFGS:  81%|████████  | 808/1000 [6:20:10 > 26:56:08]
L-BFGS:  81%|████████  | 809/1000 [6:17:03 > 26:58:05]
L-BFGS:  81%|████████  | 810/1000 [6:19:56 > 27:00:09]
L-BFGS:  81%|████████  | 811/1000 [6:15:56 > 27:02:07]
L-BFGS:  81%|████████  | 812/1000 [6:17:14 > 27:04:09]
L-BFGS:  81%|████████▏ | 813/1000 [6:17:14 > 27:06:12]
L-BFGS:  81%|████████▏ | 814/1000 [6:12:43 > 27:08:10]
L-BFGS:  82%|████████▏ | 815/1000 [6:08:34 > 27:10:08]
L-BFGS:  82%|████████▏ | 816/1000 [6:09:45 > 27:12:11]
L-BFGS:  82%|████████▏ | 817/1000 [6:04:59 > 27:14:09]
L-BFGS:  82%|████████▏ | 818/1000 [6:02:12 > 27:16:08]
L-BFGS:  82%|████████▏ | 819/1000 [6:02:51 > 27:18:10]
L-BFGS:  82%|████████▏ | 820/1000 [6:01:59 > 27:20:11]
L-BFGS:  82%|████████▏ | 821/1000 [6:01:49 > 27:22:14]
L-BFGS:  82%|████████▏ | 822/1000 [5:56:48 > 27:24:12]
L-BFGS:  82%|████████▏ | 823/1000 [5:57:17 > 27:26:15]
L-BFGS:  82%|████████▏ | 824/1000 [5:52:33 > 27:28:13]
L-BFGS:  82%|████████▎ | 825/1000 [5:48:53 > 27:30:12]
L-BFGS:  83%|████████▎ | 826/1000 [5:49:44 > 27:32:14]
L-BFGS:  83%|████████▎ | 827/1000 [5:45:50 > 27:34:13]
L-BFGS:  83%|████████▎ | 828/1000 [5:47:32 > 27:36:17]
L-BFGS:  83%|████████▎ | 829/1000 [5:46:57 > 27:38:20]
L-BFGS:  83%|████████▎ | 830/1000 [5:41:57 > 27:40:18]
L-BFGS:  83%|████████▎ | 831/1000 [5:37:38 > 27:42:16]
L-BFGS:  83%|████████▎ | 832/1000 [5:34:18 > 27:44:15]
L-BFGS:  83%|████████▎ | 833/1000 [5:35:32 > 27:46:18]
L-BFGS:  83%|████████▎ | 834/1000 [5:31:39 > 27:48:16]
L-BFGS:  84%|████████▎ | 835/1000 [5:32:29 > 27:50:19]
L-BFGS:  84%|████████▎ | 836/1000 [5:31:58 > 27:52:22]
L-BFGS:  84%|████████▎ | 837/1000 [5:26:49 > 27:54:20]
L-BFGS:  84%|████████▍ | 838/1000 [5:23:28 > 27:56:18]
L-BFGS:  84%|████████▍ | 839/1000 [5:24:17 > 27:58:22]
L-BFGS:  84%|████████▍ | 840/1000 [5:19:33 > 28:00:19]
L-BFGS:  84%|████████▍ | 841/1000 [5:16:48 > 28:02:18]
L-BFGS:  84%|████████▍ | 842/1000 [5:16:32 > 28:04:20]
L-BFGS:  84%|████████▍ | 843/1000 [5:13:12 > 28:06:18]
L-BFGS:  84%|████████▍ | 844/1000 [5:09:38 > 28:08:16]
L-BFGS:  84%|████████▍ | 845/1000 [5:10:27 > 28:10:19]
L-BFGS:  85%|████████▍ | 846/1000 [5:06:37 > 28:12:16]
L-BFGS:  85%|████████▍ | 847/1000 [5:07:03 > 28:14:19]
L-BFGS:  85%|████████▍ | 848/1000 [5:03:03 > 28:16:17]
L-BFGS:  85%|████████▍ | 849/1000 [5:00:10 > 28:18:15]
L-BFGS:  85%|████████▌ | 850/1000 [5:00:26 > 28:20:18]
L-BFGS:  85%|████████▌ | 851/1000 [4:57:23 > 28:22:16]
L-BFGS:  85%|████████▌ | 852/1000 [4:53:39 > 28:24:14]
L-BFGS:  85%|████████▌ | 853/1000 [4:54:06 > 28:26:16]
L-BFGS:  85%|████████▌ | 854/1000 [4:50:58 > 28:28:15]
L-BFGS:  86%|████████▌ | 855/1000 [4:47:36 > 28:30:12]
L-BFGS:  86%|████████▌ | 856/1000 [4:48:36 > 28:32:15]
L-BFGS:  86%|████████▌ | 857/1000 [4:48:16 > 28:34:18]
L-BFGS:  86%|████████▌ | 858/1000 [4:44:28 > 28:36:17]
L-BFGS:  86%|████████▌ | 859/1000 [4:40:50 > 28:38:14]
L-BFGS:  86%|████████▌ | 860/1000 [4:38:03 > 28:40:13]
L-BFGS:  86%|████████▌ | 861/1000 [4:38:55 > 28:42:16]
L-BFGS:  86%|████████▌ | 862/1000 [4:39:27 > 28:44:20]
L-BFGS:  86%|████████▋ | 863/1000 [4:38:32 > 28:46:23]
L-BFGS:  86%|████████▋ | 864/1000 [4:37:01 > 28:48:26]
L-BFGS:  86%|████████▋ | 865/1000 [4:32:30 > 28:50:25]
L-BFGS:  87%|████████▋ | 866/1000 [4:31:14 > 28:52:27]
L-BFGS:  87%|████████▋ | 867/1000 [4:27:19 > 28:54:25]
L-BFGS:  87%|████████▋ | 868/1000 [4:23:29 > 28:56:23]
L-BFGS:  87%|████████▋ | 869/1000 [4:23:35 > 28:58:26]
L-BFGS:  87%|████████▋ | 870/1000 [4:22:28 > 29:00:28]
L-BFGS:  87%|████████▋ | 871/1000 [4:18:54 > 29:02:27]
L-BFGS:  87%|████████▋ | 872/1000 [4:18:08 > 29:04:29]
L-BFGS:  87%|████████▋ | 873/1000 [4:13:58 > 29:06:27]
L-BFGS:  87%|████████▋ | 874/1000 [4:13:25 > 29:08:29]
L-BFGS:  88%|████████▊ | 875/1000 [4:09:39 > 29:10:27]
L-BFGS:  88%|████████▊ | 876/1000 [4:06:47 > 29:12:26]
L-BFGS:  88%|████████▊ | 877/1000 [4:03:46 > 29:14:23]
L-BFGS:  88%|████████▊ | 878/1000 [4:04:06 > 29:16:26]
L-BFGS:  88%|████████▊ | 879/1000 [4:03:45 > 29:18:29]
L-BFGS:  88%|████████▊ | 880/1000 [4:03:15 > 29:20:32]
L-BFGS:  88%|████████▊ | 881/1000 [3:58:58 > 29:22:30]
L-BFGS:  88%|████████▊ | 882/1000 [3:55:42 > 29:24:28]
L-BFGS:  88%|████████▊ | 883/1000 [3:52:34 > 29:26:26]
L-BFGS:  88%|████████▊ | 884/1000 [3:50:02 > 29:28:25]
L-BFGS:  88%|████████▊ | 885/1000 [3:51:01 > 29:30:29]
L-BFGS:  89%|████████▊ | 886/1000 [3:50:18 > 29:32:32]
L-BFGS:  89%|████████▊ | 887/1000 [3:46:38 > 29:34:30]
L-BFGS:  89%|████████▉ | 888/1000 [3:46:16 > 29:36:33]
L-BFGS:  89%|████████▉ | 889/1000 [3:42:36 > 29:38:31]
L-BFGS:  89%|████████▉ | 890/1000 [3:39:20 > 29:40:30]
L-BFGS:  89%|████████▉ | 891/1000 [3:36:37 > 29:42:28]
L-BFGS:  89%|████████▉ | 892/1000 [3:33:57 > 29:44:26]
L-BFGS:  89%|████████▉ | 893/1000 [3:34:27 > 29:46:29]
L-BFGS:  89%|████████▉ | 894/1000 [3:33:27 > 29:48:31]
L-BFGS:  90%|████████▉ | 895/1000 [3:30:16 > 29:50:30]
L-BFGS:  90%|████████▉ | 896/1000 [3:29:53 > 29:52:33]
L-BFGS:  90%|████████▉ | 897/1000 [3:26:02 > 29:54:31]
L-BFGS:  90%|████████▉ | 898/1000 [3:23:24 > 29:56:30]
L-BFGS:  90%|████████▉ | 899/1000 [3:22:29 > 29:58:31]
L-BFGS:  90%|█████████ | 900/1000 [3:21:42 > 30:00:34]
L-BFGS:  90%|█████████ | 901/1000 [3:18:03 > 30:02:32]
L-BFGS:  90%|█████████ | 902/1000 [3:15:16 > 30:04:30]
L-BFGS:  90%|█████████ | 903/1000 [3:12:25 > 30:06:28]
L-BFGS:  90%|█████████ | 904/1000 [3:10:09 > 30:08:27]
L-BFGS:  90%|█████████ | 905/1000 [3:07:42 > 30:10:24]
L-BFGS:  91%|█████████ | 906/1000 [3:05:41 > 30:12:23]
L-BFGS:  91%|█████████ | 907/1000 [3:03:25 > 30:14:21]
L-BFGS:  91%|█████████ | 908/1000 [3:01:31 > 30:16:19]
L-BFGS:  91%|█████████ | 909/1000 [3:01:08 > 30:18:21]
L-BFGS:  91%|█████████ | 910/1000 [3:00:51 > 30:20:24]
L-BFGS:  91%|█████████ | 911/1000 [2:57:28 > 30:22:22]
L-BFGS:  91%|█████████ | 912/1000 [2:55:06 > 30:24:21]
L-BFGS:  91%|█████████▏| 913/1000 [2:52:17 > 30:26:18]
L-BFGS:  91%|█████████▏| 914/1000 [2:51:48 > 30:28:20]
L-BFGS:  92%|█████████▏| 915/1000 [2:51:14 > 30:30:24]
L-BFGS:  92%|█████████▏| 916/1000 [2:48:00 > 30:32:22]
L-BFGS:  92%|█████████▏| 917/1000 [2:45:18 > 30:34:20]
L-BFGS:  92%|█████████▏| 918/1000 [2:42:41 > 30:36:18]
L-BFGS:  92%|█████████▏| 919/1000 [2:40:26 > 30:38:16]
L-BFGS:  92%|█████████▏| 920/1000 [2:39:57 > 30:40:19]
L-BFGS:  92%|█████████▏| 921/1000 [2:39:28 > 30:42:23]
L-BFGS:  92%|█████████▏| 922/1000 [2:36:14 > 30:44:21]
L-BFGS:  92%|█████████▏| 923/1000 [2:33:31 > 30:46:19]
L-BFGS:  92%|█████████▏| 924/1000 [2:30:54 > 30:48:17]
L-BFGS:  92%|█████████▎| 925/1000 [2:28:36 > 30:50:15]
L-BFGS:  93%|█████████▎| 926/1000 [2:28:16 > 30:52:19]
L-BFGS:  93%|█████████▎| 927/1000 [2:25:43 > 30:54:17]
L-BFGS:  93%|█████████▎| 928/1000 [2:22:58 > 30:56:15]
L-BFGS:  93%|█████████▎| 929/1000 [2:22:22 > 30:58:18]
L-BFGS:  93%|█████████▎| 930/1000 [2:21:30 > 31:00:22]
L-BFGS:  93%|█████████▎| 931/1000 [2:19:51 > 31:02:24]
L-BFGS:  93%|█████████▎| 932/1000 [2:16:45 > 31:04:23]
L-BFGS:  93%|█████████▎| 933/1000 [2:13:48 > 31:06:20]
L-BFGS:  93%|█████████▎| 934/1000 [2:12:50 > 31:08:23]
L-BFGS:  94%|█████████▎| 935/1000 [2:09:53 > 31:10:21]
L-BFGS:  94%|█████████▎| 936/1000 [2:08:52 > 31:12:24]
L-BFGS:  94%|█████████▎| 937/1000 [2:07:17 > 31:14:26]
L-BFGS:  94%|█████████▍| 938/1000 [2:04:09 > 31:16:24]
L-BFGS:  94%|█████████▍| 939/1000 [2:01:40 > 31:18:23]
L-BFGS:  94%|█████████▍| 940/1000 [1:59:04 > 31:20:20]
L-BFGS:  94%|█████████▍| 941/1000 [1:58:02 > 31:22:23]
L-BFGS:  94%|█████████▍| 942/1000 [1:55:51 > 31:24:22]
L-BFGS:  94%|█████████▍| 943/1000 [1:53:39 > 31:26:21]
L-BFGS:  94%|█████████▍| 944/1000 [1:52:23 > 31:28:23]
L-BFGS:  94%|█████████▍| 945/1000 [1:49:49 > 31:30:22]
L-BFGS:  95%|█████████▍| 946/1000 [1:47:19 > 31:32:20]
L-BFGS:  95%|█████████▍| 947/1000 [1:45:06 > 31:34:18]
L-BFGS:  95%|█████████▍| 948/1000 [1:42:50 > 31:36:16]
L-BFGS:  95%|█████████▍| 949/1000 [1:42:00 > 31:38:19]
L-BFGS:  95%|█████████▌| 950/1000 [1:39:30 > 31:40:17]
L-BFGS:  95%|█████████▌| 951/1000 [1:37:13 > 31:42:15]
L-BFGS:  95%|█████████▌| 952/1000 [1:36:09 > 31:44:18]
L-BFGS:  95%|█████████▌| 953/1000 [1:33:43 > 31:46:17]
L-BFGS:  95%|█████████▌| 954/1000 [1:32:45 > 31:48:21]
L-BFGS:  96%|█████████▌| 955/1000 [1:31:10 > 31:50:24]
L-BFGS:  96%|█████████▌| 956/1000 [1:29:33 > 31:52:27]
L-BFGS:  96%|█████████▌| 957/1000 [1:27:47 > 31:54:30]
L-BFGS:  96%|█████████▌| 958/1000 [1:24:50 > 31:56:29]
L-BFGS:  96%|█████████▌| 959/1000 [1:22:11 > 31:58:27]
L-BFGS:  96%|█████████▌| 960/1000 [1:20:40 > 32:00:29]
L-BFGS:  96%|█████████▌| 961/1000 [1:19:05 > 32:02:33]
L-BFGS:  96%|█████████▌| 962/1000 [1:16:15 > 32:04:30]
L-BFGS:  96%|█████████▋| 963/1000 [1:13:57 > 32:06:29]
L-BFGS:  96%|█████████▋| 964/1000 [1:12:17 > 32:08:31]
L-BFGS:  96%|█████████▋| 965/1000 [1:09:56 > 32:10:29]
L-BFGS:  97%|█████████▋| 966/1000 [49:48 > 32:10:43]  
L-BFGS:  97%|█████████▋| 967/1000 [53:12 > 32:12:40]
L-BFGS:  97%|█████████▋| 968/1000 [55:41 > 32:14:42]
L-BFGS:  97%|█████████▋| 969/1000 [56:51 > 32:16:45]
L-BFGS:  97%|█████████▋| 970/1000 [56:12 > 32:18:43]
L-BFGS:  97%|█████████▋| 971/1000 [55:10 > 32:20:42]
L-BFGS:  97%|█████████▋| 972/1000 [53:48 > 32:22:40]
L-BFGS:  97%|█████████▋| 973/1000 [52:17 > 32:24:38]
L-BFGS:  97%|█████████▋| 974/1000 [50:35 > 32:26:36]
L-BFGS:  98%|█████████▊| 975/1000 [49:25 > 32:28:39]
L-BFGS:  98%|█████████▊| 976/1000 [48:00 > 32:30:42]
L-BFGS:  98%|█████████▊| 977/1000 [45:48 > 32:32:41]
L-BFGS:  98%|█████████▊| 978/1000 [44:15 > 32:34:44]
L-BFGS:  98%|█████████▊| 979/1000 [42:29 > 32:36:47]
L-BFGS:  98%|█████████▊| 980/1000 [40:12 > 32:38:46]
L-BFGS:  98%|█████████▊| 981/1000 [37:54 > 32:40:43]
L-BFGS:  98%|█████████▊| 982/1000 [35:48 > 32:42:42]
L-BFGS:  98%|█████████▊| 983/1000 [33:40 > 32:44:40]
L-BFGS:  98%|█████████▊| 984/1000 [32:04 > 32:46:43]
L-BFGS:  98%|█████████▊| 985/1000 [30:13 > 32:48:46]
L-BFGS:  99%|█████████▊| 986/1000 [28:02 > 32:50:44]
L-BFGS:  99%|█████████▊| 987/1000 [25:53 > 32:52:42]
L-BFGS:  99%|█████████▉| 988/1000 [23:49 > 32:54:40]
L-BFGS:  99%|█████████▉| 989/1000 [21:46 > 32:56:38]
L-BFGS:  99%|█████████▉| 990/1000 [20:00 > 32:58:41]
L-BFGS:  99%|█████████▉| 991/1000 [18:05 > 33:00:43]
L-BFGS:  99%|█████████▉| 992/1000 [16:09 > 33:02:46]
L-BFGS:  99%|█████████▉| 993/1000 [14:03 > 33:04:44]
L-BFGS:  99%|█████████▉| 994/1000 [12:04 > 33:06:46]
L-BFGS: 100%|█████████▉| 995/1000 [08:09 > 33:07:31]
L-BFGS: 100%|█████████▉| 996/1000 [05:36 > 33:08:22]
L-BFGS: 100%|█████████▉| 997/1000 [04:47 > 33:10:25]
L-BFGS: 100%|█████████▉| 998/1000 [03:24 > 33:12:23]
L-BFGS: 100%|█████████▉| 999/1000 [01:48 > 33:14:26]
L-BFGS: 100%|██████████| 1000/1000 [00:00 > 33:16:28]
L-BFGS: 100%|██████████| 1000/1000 [00:00 > 33:16:28]
Training saved: C:\Ali Computation\pinn\code\heterogeneous\pino_heterogeneous\results\exp_Ua_piecewise_K100_N500_z1to5_min10pct_w64_float64_lbfgs1000_maxiter20\pino_heterogeneous_concentration.png C:\Ali Computation\pinn\code\heterogeneous\pino_heterogeneous\results\exp_Ua_piecewise_K100_N500_z1to5_min10pct_w64_float64_lbfgs1000_maxiter20\pino_heterogeneous_loss.png C:\Ali Computation\pinn\code\heterogeneous\pino_heterogeneous\results\exp_Ua_piecewise_K100_N500_z1to5_min10pct_w64_float64_lbfgs1000_maxiter20\pino_heterogeneous_model.pt
COMSOL validation: 81 media -> C:\Ali Computation\pinn\code\heterogeneous\pino_heterogeneous\results\exp_Ua_piecewise_K100_N500_z1to5_min10pct_w64_float64_lbfgs1000_maxiter20\comsol_validation  (x* collocation n=86)

COMSOL vs PINO:   0%|          | 0/81 [00:00<?, ?it/s]
COMSOL vs PINO:   1%|          | 1/81 [00:01<01:26,  1.08s/it]
COMSOL vs PINO:   2%|▏         | 2/81 [00:02<01:23,  1.06s/it]
COMSOL vs PINO:   4%|▎         | 3/81 [00:03<01:21,  1.05s/it]
COMSOL vs PINO:   5%|▍         | 4/81 [00:04<01:21,  1.05s/it]
COMSOL vs PINO:   6%|▌         | 5/81 [00:05<01:26,  1.13s/it]
COMSOL vs PINO:   7%|▋         | 6/81 [00:06<01:23,  1.11s/it]
COMSOL vs PINO:   9%|▊         | 7/81 [00:07<01:20,  1.09s/it]
COMSOL vs PINO:  10%|▉         | 8/81 [00:08<01:18,  1.07s/it]
COMSOL vs PINO:  11%|█         | 9/81 [00:09<01:16,  1.07s/it]
COMSOL vs PINO:  12%|█▏        | 10/81 [00:10<01:15,  1.06s/it]
COMSOL vs PINO:  14%|█▎        | 11/81 [00:11<01:13,  1.05s/it]
COMSOL vs PINO:  15%|█▍        | 12/81 [00:12<01:13,  1.06s/it]
COMSOL vs PINO:  16%|█▌        | 13/81 [00:13<01:11,  1.06s/it]
COMSOL vs PINO:  17%|█▋        | 14/81 [00:14<01:10,  1.05s/it]
COMSOL vs PINO:  19%|█▊        | 15/81 [00:15<01:09,  1.05s/it]
COMSOL vs PINO:  20%|█▉        | 16/81 [00:17<01:08,  1.05s/it]
COMSOL vs PINO:  21%|██        | 17/81 [00:18<01:08,  1.06s/it]
COMSOL vs PINO:  22%|██▏       | 18/81 [00:19<01:06,  1.06s/it]
COMSOL vs PINO:  23%|██▎       | 19/81 [00:20<01:11,  1.16s/it]
COMSOL vs PINO:  25%|██▍       | 20/81 [00:21<01:08,  1.11s/it]
COMSOL vs PINO:  26%|██▌       | 21/81 [00:22<01:06,  1.10s/it]
COMSOL vs PINO:  27%|██▋       | 22/81 [00:23<01:04,  1.10s/it]
COMSOL vs PINO:  28%|██▊       | 23/81 [00:24<01:02,  1.08s/it]
COMSOL vs PINO:  30%|██▉       | 24/81 [00:25<01:01,  1.08s/it]
COMSOL vs PINO:  31%|███       | 25/81 [00:26<01:00,  1.07s/it]
COMSOL vs PINO:  32%|███▏      | 26/81 [00:27<00:58,  1.07s/it]
COMSOL vs PINO:  33%|███▎      | 27/81 [00:29<00:57,  1.06s/it]
COMSOL vs PINO:  35%|███▍      | 28/81 [00:30<00:56,  1.06s/it]
COMSOL vs PINO:  36%|███▌      | 29/81 [00:31<00:54,  1.06s/it]
COMSOL vs PINO:  37%|███▋      | 30/81 [00:32<00:53,  1.06s/it]
COMSOL vs PINO:  38%|███▊      | 31/81 [00:33<00:52,  1.05s/it]
COMSOL vs PINO:  40%|███▉      | 32/81 [00:34<00:51,  1.05s/it]
COMSOL vs PINO:  41%|████      | 33/81 [00:35<00:55,  1.16s/it]
COMSOL vs PINO:  42%|████▏     | 34/81 [00:36<00:53,  1.14s/it]
COMSOL vs PINO:  43%|████▎     | 35/81 [00:37<00:50,  1.11s/it]
COMSOL vs PINO:  44%|████▍     | 36/81 [00:38<00:49,  1.09s/it]
COMSOL vs PINO:  46%|████▌     | 37/81 [00:39<00:47,  1.09s/it]
COMSOL vs PINO:  47%|████▋     | 38/81 [00:40<00:46,  1.07s/it]
COMSOL vs PINO:  48%|████▊     | 39/81 [00:42<00:44,  1.07s/it]
COMSOL vs PINO:  49%|████▉     | 40/81 [00:43<00:43,  1.06s/it]
COMSOL vs PINO:  51%|█████     | 41/81 [00:44<00:41,  1.05s/it]
COMSOL vs PINO:  52%|█████▏    | 42/81 [00:45<00:41,  1.06s/it]
COMSOL vs PINO:  53%|█████▎    | 43/81 [00:46<00:40,  1.06s/it]
COMSOL vs PINO:  54%|█████▍    | 44/81 [00:47<00:39,  1.06s/it]
COMSOL vs PINO:  56%|█████▌    | 45/81 [00:48<00:38,  1.06s/it]
COMSOL vs PINO:  57%|█████▋    | 46/81 [00:49<00:40,  1.15s/it]
COMSOL vs PINO:  58%|█████▊    | 47/81 [00:50<00:37,  1.12s/it]
COMSOL vs PINO:  59%|█████▉    | 48/81 [00:51<00:36,  1.11s/it]
COMSOL vs PINO:  60%|██████    | 49/81 [00:52<00:35,  1.10s/it]
COMSOL vs PINO:  62%|██████▏   | 50/81 [00:53<00:33,  1.08s/it]
COMSOL vs PINO:  63%|██████▎   | 51/81 [00:55<00:32,  1.08s/it]
COMSOL vs PINO:  64%|██████▍   | 52/81 [00:56<00:30,  1.07s/it]
COMSOL vs PINO:  65%|██████▌   | 53/81 [00:57<00:29,  1.06s/it]
COMSOL vs PINO:  67%|██████▋   | 54/81 [00:58<00:28,  1.06s/it]
COMSOL vs PINO:  68%|██████▊   | 55/81 [00:59<00:27,  1.06s/it]
COMSOL vs PINO:  69%|██████▉   | 56/81 [01:00<00:26,  1.05s/it]
COMSOL vs PINO:  70%|███████   | 57/81 [01:01<00:25,  1.06s/it]
COMSOL vs PINO:  72%|███████▏  | 58/81 [01:02<00:24,  1.06s/it]
COMSOL vs PINO:  73%|███████▎  | 59/81 [01:03<00:23,  1.05s/it]
COMSOL vs PINO:  74%|███████▍  | 60/81 [01:04<00:22,  1.06s/it]
COMSOL vs PINO:  75%|███████▌  | 61/81 [01:05<00:23,  1.16s/it]
COMSOL vs PINO:  77%|███████▋  | 62/81 [01:06<00:21,  1.12s/it]
COMSOL vs PINO:  78%|███████▊  | 63/81 [01:08<00:19,  1.10s/it]
COMSOL vs PINO:  79%|███████▉  | 64/81 [01:09<00:18,  1.09s/it]
COMSOL vs PINO:  80%|████████  | 65/81 [01:10<00:17,  1.08s/it]
COMSOL vs PINO:  81%|████████▏ | 66/81 [01:11<00:16,  1.07s/it]
COMSOL vs PINO:  83%|████████▎ | 67/81 [01:12<00:14,  1.07s/it]
COMSOL vs PINO:  84%|████████▍ | 68/81 [01:13<00:13,  1.05s/it]
COMSOL vs PINO:  85%|████████▌ | 69/81 [01:14<00:12,  1.06s/it]
COMSOL vs PINO:  86%|████████▋ | 70/81 [01:15<00:11,  1.06s/it]
COMSOL vs PINO:  88%|████████▊ | 71/81 [01:16<00:10,  1.06s/it]
COMSOL vs PINO:  89%|████████▉ | 72/81 [01:17<00:09,  1.06s/it]
COMSOL vs PINO:  90%|█████████ | 73/81 [01:18<00:08,  1.06s/it]
COMSOL vs PINO:  91%|█████████▏| 74/81 [01:19<00:07,  1.05s/it]
COMSOL vs PINO:  93%|█████████▎| 75/81 [01:20<00:06,  1.06s/it]
COMSOL vs PINO:  94%|█████████▍| 76/81 [01:22<00:05,  1.16s/it]
COMSOL vs PINO:  95%|█████████▌| 77/81 [01:23<00:04,  1.13s/it]
COMSOL vs PINO:  96%|█████████▋| 78/81 [01:24<00:03,  1.11s/it]
COMSOL vs PINO:  98%|█████████▊| 79/81 [01:25<00:02,  1.09s/it]
COMSOL vs PINO:  99%|█████████▉| 80/81 [01:26<00:01,  1.08s/it]
COMSOL vs PINO: 100%|██████████| 81/81 [01:27<00:00,  1.07s/it]
COMSOL vs PINO: 100%|██████████| 81/81 [01:27<00:00,  1.08s/it]
COMSOL validation summary: n=81  mean=3.699275e-02  max=1.057310e-01  min=1.299484e-02
Wrote C:\Ali Computation\pinn\code\heterogeneous\pino_heterogeneous\results\exp_Ua_piecewise_K100_N500_z1to5_min10pct_w64_float64_lbfgs1000_maxiter20\comsol_validation\comsol_validation_summary.csv
Run metadata: C:\Ali Computation\pinn\code\heterogeneous\pino_heterogeneous\results\exp_Ua_piecewise_K100_N500_z1to5_min10pct_w64_float64_lbfgs1000_maxiter20\run_meta.json
Wall-clock train: 119789.2 s
Wall-clock validation: 87.4 s
Wall-clock total: 119888.9 s  device=cuda

# exit 0 after 1 day, 9:18:14.186938
