# code/heterogeneous/pino_heterogeneous/pinn1d_heterogeneous_parametric_neural_operator.py --design grf --n-sensors 100 --n-grf 0 --n-piecewise-per-zones 125 --piecewise-zone-counts 2,3,4,5 --min-zone-frac 0.1 --arch w64 --dtype float64 --early-stop-patience 150 --lr-lbfgs 0.1 --lbfgs-max-iter 20 --epochs 1000 --out-dir results/exp_Ub_piecewise_K100_N500_z2to5_n125_w64_float64_lbfgs1000_maxiter20
# started 2026-06-26 14:53:29
# cwd C:\Ali Computation\pinn\code\heterogeneous\pino_heterogeneous

Using GPU: NVIDIA GeForce RTX 3090 (cuda:0, dtype=torch.float64)
PE (computed) = 0.010368
design=grf  media_mode=grf  n_train_requested=500  n_corner_anchors=16  arch=w64  batch_mode=True
branch=[100, 64, 64, 64]  trunk=[2, 64, 64, 64, 64]
results_dir=C:\Ali Computation\pinn\code\heterogeneous\pino_heterogeneous\results\exp_Ub_piecewise_K100_N500_z2to5_n125_w64_float64_lbfgs1000_maxiter20
Training: 500 piecewise (125 each for zones [2, 3, 4, 5]), min_zone_frac=0.1 = 500 total; K=100 uniform sensors, grid_n=201
  saved/loaded: C:\Ali Computation\pinn\code\heterogeneous\pino_heterogeneous\results\exp_Ub_piecewise_K100_N500_z2to5_n125_w64_float64_lbfgs1000_maxiter20\train_grf_cases.npz
  branch CFL range [0.120642, 0.599907]
PDE mesh: bulk 50x50x500 (no interface bands in GRF mode)
COMSOL validation: 81 fixed grid cases from comsol_4zones.txt -> C:\Ali Computation\pinn\code\heterogeneous\pino_heterogeneous\results\exp_Ub_piecewise_K100_N500_z2to5_n125_w64_float64_lbfgs1000_maxiter20\comsol_validation
run_training=True  run_comsol_validation=True  validate_only=False  skip_validation_plots=False
L-BFGS early stopping: patience=150 (max steps=1000)
L-BFGS: lr=0.1  max_iter=20  outer_steps=1000
PDE collocation points: 1,250,000 (bulk 1,250,000, interface 0)
Collocation mesh plot (pre-train): C:\Ali Computation\pinn\code\heterogeneous\pino_heterogeneous\results\exp_Ub_piecewise_K100_N500_z2to5_n125_w64_float64_lbfgs1000_maxiter20\pino_heterogeneous_collocation_points.png
LBFGS (
Parameter Group 0
    history_size: 50
    line_search_fn: strong_wolfe
    lr: 0.1
    max_eval: 25
    max_iter: 20
    tolerance_change: 1e-09
    tolerance_grad: 1e-07
)
Early stopping: patience=150 L-BFGS steps (no total-loss improvement, rtol=1e-12)

L-BFGS:   0%|          | 0/1000 [? > 00:00]
L-BFGS:   0%|          | 1/1000 [32:43:09 > 01:57]
L-BFGS:   0%|          | 2/1000 [32:34:56 > 03:55]
L-BFGS:   0%|          | 3/1000 [33:16:22 > 05:58]
L-BFGS:   0%|          | 4/1000 [33:31:59 > 08:01]
L-BFGS:   0%|          | 5/1000 [33:07:27 > 09:58]
L-BFGS:   1%|          | 6/1000 [33:22:55 > 12:01]
L-BFGS:   1%|          | 7/1000 [33:02:09 > 13:59]
L-BFGS:   1%|          | 8/1000 [32:49:13 > 15:56]
L-BFGS:   1%|          | 9/1000 [32:38:53 > 17:54]
L-BFGS:   1%|          | 10/1000 [32:32:25 > 19:51]
L-BFGS:   1%|          | 11/1000 [32:52:58 > 21:54]
L-BFGS:   1%|          | 12/1000 [32:41:06 > 23:52]
L-BFGS:   1%|▏         | 13/1000 [32:31:36 > 25:50]
L-BFGS:   1%|▏         | 14/1000 [32:25:07 > 27:47]
L-BFGS:   2%|▏         | 15/1000 [32:19:08 > 29:45]
L-BFGS:   2%|▏         | 16/1000 [33:54:28 > 32:03]
L-BFGS:   2%|▏         | 17/1000 [34:02:45 > 34:09]
L-BFGS:   2%|▏         | 18/1000 [33:57:42 > 36:13]
L-BFGS:   2%|▏         | 19/1000 [33:36:05 > 38:13]
L-BFGS:   2%|▏         | 20/1000 [33:38:31 > 40:18]
L-BFGS:   2%|▏         | 21/1000 [33:42:45 > 42:23]
L-BFGS:   2%|▏         | 22/1000 [33:43:34 > 44:27]
L-BFGS:   2%|▏         | 23/1000 [33:26:16 > 46:28]
L-BFGS:   2%|▏         | 24/1000 [33:06:59 > 48:28]
L-BFGS:   2%|▎         | 25/1000 [33:16:41 > 50:32]
L-BFGS:   3%|▎         | 26/1000 [33:26:49 > 52:38]
L-BFGS:   3%|▎         | 27/1000 [33:07:33 > 54:38]
L-BFGS:   3%|▎         | 28/1000 [33:19:16 > 56:43]
L-BFGS:   3%|▎         | 29/1000 [33:02:33 > 58:44]
L-BFGS:   3%|▎         | 30/1000 [33:20:08 > 1:00:50]
L-BFGS:   3%|▎         | 31/1000 [33:27:36 > 1:02:56]
L-BFGS:   3%|▎         | 32/1000 [33:08:40 > 1:04:57]
L-BFGS:   3%|▎         | 33/1000 [32:50:29 > 1:06:57]
L-BFGS:   3%|▎         | 34/1000 [32:41:01 > 1:08:57]
L-BFGS:   4%|▎         | 35/1000 [32:28:41 > 1:10:57]
L-BFGS:   4%|▎         | 36/1000 [32:24:52 > 1:12:58]
L-BFGS:   4%|▎         | 37/1000 [32:43:47 > 1:15:03]
L-BFGS:   4%|▍         | 38/1000 [32:54:54 > 1:17:08]
L-BFGS:   4%|▍         | 39/1000 [33:02:09 > 1:19:13]
L-BFGS:   4%|▍         | 40/1000 [33:04:43 > 1:21:18]
L-BFGS:   4%|▍         | 41/1000 [33:08:46 > 1:23:23]
L-BFGS:   4%|▍         | 42/1000 [32:44:12 > 1:25:23]
L-BFGS:   4%|▍         | 43/1000 [32:32:22 > 1:27:24]
L-BFGS:   4%|▍         | 44/1000 [32:40:12 > 1:29:29]
L-BFGS:   4%|▍         | 45/1000 [32:22:58 > 1:31:28]
L-BFGS:   5%|▍         | 46/1000 [32:32:48 > 1:33:33]
L-BFGS:   5%|▍         | 47/1000 [32:38:33 > 1:35:37]
L-BFGS:   5%|▍         | 48/1000 [32:24:00 > 1:37:38]
L-BFGS:   5%|▍         | 49/1000 [32:34:22 > 1:39:43]
L-BFGS:   5%|▌         | 50/1000 [32:43:02 > 1:41:49]
L-BFGS:   5%|▌         | 51/1000 [32:52:12 > 1:43:55]
L-BFGS:   5%|▌         | 52/1000 [32:27:34 > 1:45:55]
L-BFGS:   5%|▌         | 53/1000 [32:13:41 > 1:47:56]
L-BFGS:   5%|▌         | 54/1000 [32:00:05 > 1:49:56]
L-BFGS:   6%|▌         | 55/1000 [31:53:59 > 1:51:57]
L-BFGS:   6%|▌         | 56/1000 [31:44:11 > 1:53:57]
L-BFGS:   6%|▌         | 57/1000 [31:41:04 > 1:55:58]
L-BFGS:   6%|▌         | 58/1000 [31:33:45 > 1:57:57]
L-BFGS:   6%|▌         | 59/1000 [31:32:40 > 1:59:58]
L-BFGS:   6%|▌         | 60/1000 [31:27:00 > 2:01:58]
L-BFGS:   6%|▌         | 61/1000 [31:26:00 > 2:03:59]
L-BFGS:   6%|▌         | 62/1000 [31:21:22 > 2:05:59]
L-BFGS:   6%|▋         | 63/1000 [31:44:32 > 2:08:04]
L-BFGS:   6%|▋         | 64/1000 [31:59:06 > 2:10:10]
L-BFGS:   6%|▋         | 65/1000 [31:45:09 > 2:12:10]
L-BFGS:   7%|▋         | 66/1000 [31:33:36 > 2:14:11]
L-BFGS:   7%|▋         | 67/1000 [31:25:47 > 2:16:11]
L-BFGS:   7%|▋         | 68/1000 [31:19:32 > 2:18:11]
L-BFGS:   7%|▋         | 69/1000 [31:40:07 > 2:20:17]
L-BFGS:   7%|▋         | 70/1000 [31:47:57 > 2:22:22]
L-BFGS:   7%|▋         | 71/1000 [31:34:53 > 2:24:23]
L-BFGS:   7%|▋         | 72/1000 [31:47:36 > 2:26:28]
L-BFGS:   7%|▋         | 73/1000 [31:28:06 > 2:28:28]
L-BFGS:   7%|▋         | 74/1000 [31:40:09 > 2:30:33]
L-BFGS:   8%|▊         | 75/1000 [31:43:26 > 2:32:37]
L-BFGS:   8%|▊         | 76/1000 [31:48:00 > 2:34:42]
L-BFGS:   8%|▊         | 77/1000 [31:28:07 > 2:36:42]
L-BFGS:   8%|▊         | 78/1000 [31:39:03 > 2:38:48]
L-BFGS:   8%|▊         | 79/1000 [31:40:40 > 2:40:52]
L-BFGS:   8%|▊         | 80/1000 [31:43:35 > 2:42:57]
L-BFGS:   8%|▊         | 81/1000 [31:25:01 > 2:44:58]
L-BFGS:   8%|▊         | 82/1000 [31:31:44 > 2:47:03]
L-BFGS:   8%|▊         | 83/1000 [31:40:50 > 2:49:09]
L-BFGS:   8%|▊         | 84/1000 [31:45:00 > 2:51:14]
L-BFGS:   8%|▊         | 85/1000 [31:24:37 > 2:53:15]
L-BFGS:   9%|▊         | 86/1000 [31:05:44 > 2:55:15]
L-BFGS:   9%|▊         | 87/1000 [31:16:05 > 2:57:20]
L-BFGS:   9%|▉         | 88/1000 [31:26:01 > 2:59:26]
L-BFGS:   9%|▉         | 89/1000 [31:26:32 > 3:01:31]
L-BFGS:   9%|▉         | 90/1000 [31:08:00 > 3:03:31]
L-BFGS:   9%|▉         | 91/1000 [31:13:23 > 3:05:36]
L-BFGS:   9%|▉         | 92/1000 [31:17:51 > 3:07:41]
L-BFGS:   9%|▉         | 93/1000 [30:55:51 > 3:09:41]
L-BFGS:   9%|▉         | 94/1000 [30:45:59 > 3:11:42]
L-BFGS:  10%|▉         | 95/1000 [30:33:01 > 3:13:42]
L-BFGS:  10%|▉         | 96/1000 [30:28:34 > 3:15:43]
L-BFGS:  10%|▉         | 97/1000 [30:19:33 > 3:17:43]
L-BFGS:  10%|▉         | 98/1000 [30:17:55 > 3:19:44]
L-BFGS:  10%|▉         | 99/1000 [30:32:22 > 3:21:48]
L-BFGS:  10%|█         | 100/1000 [30:20:43 > 3:23:48]
L-BFGS:  10%|█         | 101/1000 [30:33:14 > 3:25:53]
L-BFGS:  10%|█         | 102/1000 [30:40:53 > 3:27:57]
L-BFGS:  10%|█         | 103/1000 [30:28:22 > 3:29:58]
L-BFGS:  10%|█         | 104/1000 [30:39:03 > 3:32:03]
L-BFGS:  10%|█         | 105/1000 [30:25:00 > 3:34:04]
L-BFGS:  11%|█         | 106/1000 [30:13:30 > 3:36:04]
L-BFGS:  11%|█         | 107/1000 [30:06:14 > 3:38:04]
L-BFGS:  11%|█         | 108/1000 [29:59:03 > 3:40:05]
L-BFGS:  11%|█         | 109/1000 [29:54:49 > 3:42:05]
L-BFGS:  11%|█         | 110/1000 [30:12:37 > 3:44:10]
L-BFGS:  11%|█         | 111/1000 [30:03:32 > 3:46:11]
L-BFGS:  11%|█         | 112/1000 [30:22:29 > 3:48:17]
L-BFGS:  11%|█▏        | 113/1000 [30:29:44 > 3:50:23]
L-BFGS:  11%|█▏        | 114/1000 [30:36:28 > 3:52:28]
L-BFGS:  12%|█▏        | 115/1000 [30:16:10 > 3:54:29]
L-BFGS:  12%|█▏        | 116/1000 [30:25:40 > 3:56:34]
L-BFGS:  12%|█▏        | 117/1000 [30:26:14 > 3:58:39]
L-BFGS:  12%|█▏        | 118/1000 [30:09:06 > 4:00:40]
L-BFGS:  12%|█▏        | 119/1000 [29:53:13 > 4:02:40]
L-BFGS:  12%|█▏        | 120/1000 [30:04:42 > 4:04:45]
L-BFGS:  12%|█▏        | 121/1000 [30:12:40 > 4:06:50]
L-BFGS:  12%|█▏        | 122/1000 [30:13:03 > 4:08:54]
L-BFGS:  12%|█▏        | 123/1000 [30:15:43 > 4:10:59]
L-BFGS:  12%|█▏        | 124/1000 [29:55:27 > 4:12:59]
L-BFGS:  12%|█▎        | 125/1000 [30:04:37 > 4:15:05]
L-BFGS:  13%|█▎        | 126/1000 [30:05:09 > 4:17:09]
L-BFGS:  13%|█▎        | 127/1000 [29:45:36 > 4:19:09]
L-BFGS:  13%|█▎        | 128/1000 [29:54:56 > 4:21:15]
L-BFGS:  13%|█▎        | 129/1000 [29:59:28 > 4:23:20]
L-BFGS:  13%|█▎        | 130/1000 [30:06:49 > 4:25:26]
L-BFGS:  13%|█▎        | 131/1000 [29:45:29 > 4:27:26]
L-BFGS:  13%|█▎        | 132/1000 [29:57:14 > 4:29:32]
L-BFGS:  13%|█▎        | 133/1000 [29:35:46 > 4:31:32]
L-BFGS:  13%|█▎        | 134/1000 [29:44:53 > 4:33:38]
L-BFGS:  14%|█▎        | 135/1000 [29:52:19 > 4:35:43]
L-BFGS:  14%|█▎        | 136/1000 [29:51:49 > 4:37:48]
L-BFGS:  14%|█▎        | 137/1000 [29:53:18 > 4:39:53]
L-BFGS:  14%|█▍        | 138/1000 [29:31:46 > 4:41:54]
L-BFGS:  14%|█▍        | 139/1000 [29:17:54 > 4:43:54]
L-BFGS:  14%|█▍        | 140/1000 [29:24:01 > 4:45:58]
L-BFGS:  14%|█▍        | 141/1000 [29:28:44 > 4:48:03]
L-BFGS:  14%|█▍        | 142/1000 [29:15:24 > 4:50:04]
L-BFGS:  14%|█▍        | 143/1000 [29:00:42 > 4:52:04]
L-BFGS:  14%|█▍        | 144/1000 [29:10:24 > 4:54:08]
L-BFGS:  14%|█▍        | 145/1000 [29:16:06 > 4:56:13]
L-BFGS:  15%|█▍        | 146/1000 [29:02:42 > 4:58:14]
L-BFGS:  15%|█▍        | 147/1000 [29:12:15 > 5:00:19]
L-BFGS:  15%|█▍        | 148/1000 [29:20:03 > 5:02:24]
L-BFGS:  15%|█▍        | 149/1000 [29:28:18 > 5:04:31]
L-BFGS:  15%|█▌        | 150/1000 [29:06:00 > 5:06:31]
L-BFGS:  15%|█▌        | 151/1000 [28:52:56 > 5:08:31]
L-BFGS:  15%|█▌        | 152/1000 [29:02:22 > 5:10:36]
L-BFGS:  15%|█▌        | 153/1000 [28:48:09 > 5:12:37]
L-BFGS:  15%|█▌        | 154/1000 [28:59:17 > 5:14:42]
L-BFGS:  16%|█▌        | 155/1000 [29:07:33 > 5:16:48]
L-BFGS:  16%|█▌        | 156/1000 [28:49:56 > 5:18:49]
L-BFGS:  16%|█▌        | 157/1000 [28:37:21 > 5:20:49]
L-BFGS:  16%|█▌        | 158/1000 [28:45:03 > 5:22:54]
L-BFGS:  16%|█▌        | 159/1000 [28:52:44 > 5:24:59]
L-BFGS:  16%|█▌        | 160/1000 [28:57:25 > 5:27:04]
L-BFGS:  16%|█▌        | 161/1000 [28:37:55 > 5:29:04]
L-BFGS:  16%|█▌        | 162/1000 [28:26:46 > 5:31:05]
L-BFGS:  16%|█▋        | 163/1000 [28:15:12 > 5:33:05]
L-BFGS:  16%|█▋        | 164/1000 [28:09:32 > 5:35:05]
L-BFGS:  16%|█▋        | 165/1000 [28:20:15 > 5:37:10]
L-BFGS:  17%|█▋        | 166/1000 [28:12:04 > 5:39:10]
L-BFGS:  17%|█▋        | 167/1000 [28:02:26 > 5:41:10]
L-BFGS:  17%|█▋        | 168/1000 [27:57:49 > 5:43:11]
L-BFGS:  17%|█▋        | 169/1000 [27:52:06 > 5:45:11]
L-BFGS:  17%|█▋        | 170/1000 [28:07:32 > 5:47:16]
L-BFGS:  17%|█▋        | 171/1000 [27:57:28 > 5:49:16]
L-BFGS:  17%|█▋        | 172/1000 [27:52:20 > 5:51:16]
L-BFGS:  17%|█▋        | 173/1000 [28:04:21 > 5:53:21]
L-BFGS:  17%|█▋        | 174/1000 [27:57:23 > 5:55:22]
L-BFGS:  18%|█▊        | 175/1000 [27:46:04 > 5:57:22]
L-BFGS:  18%|█▊        | 176/1000 [27:43:11 > 5:59:23]
L-BFGS:  18%|█▊        | 177/1000 [27:35:19 > 6:01:22]
L-BFGS:  18%|█▊        | 178/1000 [27:34:15 > 6:03:23]
L-BFGS:  18%|█▊        | 179/1000 [27:46:42 > 6:05:27]
L-BFGS:  18%|█▊        | 180/1000 [27:56:58 > 6:07:32]
L-BFGS:  18%|█▊        | 181/1000 [27:45:47 > 6:09:33]
L-BFGS:  18%|█▊        | 182/1000 [27:55:19 > 6:11:38]
L-BFGS:  18%|█▊        | 183/1000 [27:43:55 > 6:13:38]
L-BFGS:  18%|█▊        | 184/1000 [27:55:29 > 6:15:44]
L-BFGS:  18%|█▊        | 185/1000 [28:06:45 > 6:17:50]
L-BFGS:  19%|█▊        | 186/1000 [27:47:27 > 6:19:50]
L-BFGS:  19%|█▊        | 187/1000 [27:36:38 > 6:21:51]
L-BFGS:  19%|█▉        | 188/1000 [27:46:53 > 6:23:56]
L-BFGS:  19%|█▉        | 189/1000 [27:31:04 > 6:25:56]
L-BFGS:  19%|█▉        | 190/1000 [27:44:13 > 6:28:02]
L-BFGS:  19%|█▉        | 191/1000 [27:28:56 > 6:30:02]
L-BFGS:  19%|█▉        | 192/1000 [27:20:13 > 6:32:03]
L-BFGS:  19%|█▉        | 193/1000 [27:29:28 > 6:34:07]
L-BFGS:  19%|█▉        | 194/1000 [27:19:15 > 6:36:08]
L-BFGS:  20%|█▉        | 195/1000 [27:09:07 > 6:38:08]
L-BFGS:  20%|█▉        | 196/1000 [27:22:36 > 6:40:13]
L-BFGS:  20%|█▉        | 197/1000 [27:11:04 > 6:42:13]
L-BFGS:  20%|█▉        | 198/1000 [27:04:13 > 6:44:14]
L-BFGS:  20%|█▉        | 199/1000 [27:13:55 > 6:46:18]
L-BFGS:  20%|██        | 200/1000 [27:05:48 > 6:48:19]
L-BFGS:  20%|██        | 201/1000 [26:55:04 > 6:50:19]
L-BFGS:  20%|██        | 202/1000 [26:52:06 > 6:52:20]
L-BFGS:  20%|██        | 203/1000 [27:03:30 > 6:54:25]
L-BFGS:  20%|██        | 204/1000 [26:52:16 > 6:56:25]
L-BFGS:  20%|██        | 205/1000 [27:02:38 > 6:58:29]
L-BFGS:  21%|██        | 206/1000 [26:50:44 > 7:00:29]
L-BFGS:  21%|██        | 207/1000 [27:03:57 > 7:02:35]
L-BFGS:  21%|██        | 208/1000 [26:50:54 > 7:04:35]
L-BFGS:  21%|██        | 209/1000 [26:42:57 > 7:06:35]
L-BFGS:  21%|██        | 210/1000 [26:34:49 > 7:08:35]
L-BFGS:  21%|██        | 211/1000 [26:49:56 > 7:10:41]
L-BFGS:  21%|██        | 212/1000 [26:58:44 > 7:12:46]
L-BFGS:  21%|██▏       | 213/1000 [26:46:18 > 7:14:47]
L-BFGS:  21%|██▏       | 214/1000 [26:34:57 > 7:16:47]
L-BFGS:  22%|██▏       | 215/1000 [26:50:45 > 7:18:53]
L-BFGS:  22%|██▏       | 216/1000 [26:58:54 > 7:20:59]
L-BFGS:  22%|██▏       | 217/1000 [27:02:59 > 7:23:04]
L-BFGS:  22%|██▏       | 218/1000 [26:45:34 > 7:25:05]
L-BFGS:  22%|██▏       | 219/1000 [26:31:50 > 7:27:05]
L-BFGS:  22%|██▏       | 220/1000 [26:43:47 > 7:29:11]
L-BFGS:  22%|██▏       | 221/1000 [26:29:25 > 7:31:11]
L-BFGS:  22%|██▏       | 222/1000 [26:37:48 > 7:33:16]
L-BFGS:  22%|██▏       | 223/1000 [26:22:42 > 7:35:16]
L-BFGS:  22%|██▏       | 224/1000 [26:14:48 > 7:37:17]
L-BFGS:  22%|██▎       | 225/1000 [26:05:43 > 7:39:17]
L-BFGS:  23%|██▎       | 226/1000 [26:18:54 > 7:41:22]
L-BFGS:  23%|██▎       | 227/1000 [26:27:32 > 7:43:27]
L-BFGS:  23%|██▎       | 228/1000 [26:12:46 > 7:45:27]
L-BFGS:  23%|██▎       | 229/1000 [26:20:58 > 7:47:32]
L-BFGS:  23%|██▎       | 230/1000 [26:23:16 > 7:49:36]
L-BFGS:  23%|██▎       | 231/1000 [26:10:56 > 7:51:37]
L-BFGS:  23%|██▎       | 232/1000 [25:59:23 > 7:53:37]
L-BFGS:  23%|██▎       | 233/1000 [25:52:49 > 7:55:37]
L-BFGS:  23%|██▎       | 234/1000 [25:45:17 > 7:57:37]
L-BFGS:  24%|██▎       | 235/1000 [26:00:00 > 7:59:43]
L-BFGS:  24%|██▎       | 236/1000 [26:05:18 > 8:01:47]
L-BFGS:  24%|██▎       | 237/1000 [25:52:14 > 8:03:47]
L-BFGS:  24%|██▍       | 238/1000 [25:45:01 > 8:05:48]
L-BFGS:  24%|██▍       | 239/1000 [25:36:42 > 8:07:48]
L-BFGS:  24%|██▍       | 240/1000 [25:51:09 > 8:09:53]
L-BFGS:  24%|██▍       | 241/1000 [25:58:41 > 8:11:58]
L-BFGS:  24%|██▍       | 242/1000 [26:07:03 > 8:14:04]
L-BFGS:  24%|██▍       | 243/1000 [25:50:09 > 8:16:04]
L-BFGS:  24%|██▍       | 244/1000 [25:39:38 > 8:18:05]
L-BFGS:  24%|██▍       | 245/1000 [25:51:01 > 8:20:11]
L-BFGS:  25%|██▍       | 246/1000 [25:39:52 > 8:22:12]
L-BFGS:  25%|██▍       | 247/1000 [25:27:28 > 8:24:11]
L-BFGS:  25%|██▍       | 248/1000 [25:38:53 > 8:26:17]
L-BFGS:  25%|██▍       | 249/1000 [25:29:46 > 8:28:18]
L-BFGS:  25%|██▌       | 250/1000 [25:18:19 > 8:30:17]
L-BFGS:  25%|██▌       | 251/1000 [25:32:53 > 8:32:23]
L-BFGS:  25%|██▌       | 252/1000 [25:37:46 > 8:34:28]
L-BFGS:  25%|██▌       | 253/1000 [25:25:45 > 8:36:28]
L-BFGS:  25%|██▌       | 254/1000 [25:15:05 > 8:38:29]
L-BFGS:  26%|██▌       | 255/1000 [25:08:12 > 8:40:29]
L-BFGS:  26%|██▌       | 256/1000 [25:18:29 > 8:42:34]
L-BFGS:  26%|██▌       | 257/1000 [25:26:27 > 8:44:39]
L-BFGS:  26%|██▌       | 258/1000 [25:11:02 > 8:46:39]
L-BFGS:  26%|██▌       | 259/1000 [25:04:24 > 8:48:40]
L-BFGS:  26%|██▌       | 260/1000 [24:54:09 > 8:50:39]
L-BFGS:  26%|██▌       | 261/1000 [25:05:17 > 8:52:44]
L-BFGS:  26%|██▌       | 262/1000 [24:57:57 > 8:54:45]
L-BFGS:  26%|██▋       | 263/1000 [24:48:24 > 8:56:45]
L-BFGS:  26%|██▋       | 264/1000 [24:45:10 > 8:58:45]
L-BFGS:  26%|██▋       | 265/1000 [24:38:32 > 9:00:45]
L-BFGS:  27%|██▋       | 266/1000 [24:50:26 > 9:02:50]
L-BFGS:  27%|██▋       | 267/1000 [24:57:57 > 9:04:54]
L-BFGS:  27%|██▋       | 268/1000 [25:05:55 > 9:07:00]
L-BFGS:  27%|██▋       | 269/1000 [25:10:14 > 9:09:05]
L-BFGS:  27%|██▋       | 270/1000 [24:55:54 > 9:11:05]
L-BFGS:  27%|██▋       | 271/1000 [25:06:41 > 9:13:12]
L-BFGS:  27%|██▋       | 272/1000 [24:49:30 > 9:15:12]
L-BFGS:  27%|██▋       | 273/1000 [24:40:08 > 9:17:12]
L-BFGS:  27%|██▋       | 274/1000 [24:48:52 > 9:19:18]
L-BFGS:  28%|██▊       | 275/1000 [24:37:09 > 9:21:18]
L-BFGS:  28%|██▊       | 276/1000 [24:27:58 > 9:23:18]
L-BFGS:  28%|██▊       | 277/1000 [24:21:29 > 9:25:19]
L-BFGS:  28%|██▊       | 278/1000 [24:15:24 > 9:27:19]
L-BFGS:  28%|██▊       | 279/1000 [24:11:17 > 9:29:19]
L-BFGS:  28%|██▊       | 280/1000 [24:26:41 > 9:31:25]
L-BFGS:  28%|██▊       | 281/1000 [24:37:51 > 9:33:31]
L-BFGS:  28%|██▊       | 282/1000 [24:24:32 > 9:35:31]
L-BFGS:  28%|██▊       | 283/1000 [24:31:50 > 9:37:36]
L-BFGS:  28%|██▊       | 284/1000 [24:18:20 > 9:39:36]
L-BFGS:  28%|██▊       | 285/1000 [24:10:53 > 9:41:36]
L-BFGS:  29%|██▊       | 286/1000 [24:02:27 > 9:43:36]
L-BFGS:  29%|██▊       | 287/1000 [23:59:01 > 9:45:37]
L-BFGS:  29%|██▉       | 288/1000 [23:52:38 > 9:47:37]
L-BFGS:  29%|██▉       | 289/1000 [24:06:44 > 9:49:42]
L-BFGS:  29%|██▉       | 290/1000 [24:01:15 > 9:51:44]
L-BFGS:  29%|██▉       | 291/1000 [24:06:56 > 9:53:47]
L-BFGS:  29%|██▉       | 292/1000 [24:14:11 > 9:55:53]
L-BFGS:  29%|██▉       | 293/1000 [24:00:46 > 9:57:53]
L-BFGS:  29%|██▉       | 294/1000 [23:53:10 > 9:59:53]
L-BFGS:  30%|██▉       | 295/1000 [23:45:04 > 10:01:53]
L-BFGS:  30%|██▉       | 296/1000 [23:41:09 > 10:03:54]
L-BFGS:  30%|██▉       | 297/1000 [23:35:07 > 10:05:54]
L-BFGS:  30%|██▉       | 298/1000 [23:47:18 > 10:07:59]
L-BFGS:  30%|██▉       | 299/1000 [23:38:41 > 10:09:59]
L-BFGS:  30%|███       | 300/1000 [23:33:55 > 10:12:00]
L-BFGS:  30%|███       | 301/1000 [23:43:33 > 10:14:04]
L-BFGS:  30%|███       | 302/1000 [23:37:23 > 10:16:05]
L-BFGS:  30%|███       | 303/1000 [23:27:29 > 10:18:05]
L-BFGS:  30%|███       | 304/1000 [23:37:21 > 10:20:09]
L-BFGS:  30%|███       | 305/1000 [23:29:56 > 10:22:10]
L-BFGS:  31%|███       | 306/1000 [23:38:30 > 10:24:15]
L-BFGS:  31%|███       | 307/1000 [23:45:45 > 10:26:20]
L-BFGS:  31%|███       | 308/1000 [23:50:56 > 10:28:26]
L-BFGS:  31%|███       | 309/1000 [23:36:40 > 10:30:26]
L-BFGS:  31%|███       | 310/1000 [23:25:05 > 10:32:26]
L-BFGS:  31%|███       | 311/1000 [23:16:56 > 10:34:27]
L-BFGS:  31%|███       | 312/1000 [23:29:03 > 10:36:33]
L-BFGS:  31%|███▏      | 313/1000 [23:20:29 > 10:38:34]
L-BFGS:  31%|███▏      | 314/1000 [23:29:10 > 10:40:39]
L-BFGS:  32%|███▏      | 315/1000 [23:15:28 > 10:42:39]
L-BFGS:  32%|███▏      | 316/1000 [23:25:40 > 10:44:45]
L-BFGS:  32%|███▏      | 317/1000 [23:28:09 > 10:46:49]
L-BFGS:  32%|███▏      | 318/1000 [23:15:28 > 10:48:50]
L-BFGS:  32%|███▏      | 319/1000 [23:04:22 > 10:50:50]
L-BFGS:  32%|███▏      | 320/1000 [23:13:11 > 10:52:55]
L-BFGS:  32%|███▏      | 321/1000 [23:15:53 > 10:54:59]
L-BFGS:  32%|███▏      | 322/1000 [23:05:45 > 10:57:00]
L-BFGS:  32%|███▏      | 323/1000 [23:10:33 > 10:59:05]
L-BFGS:  32%|███▏      | 324/1000 [23:10:08 > 11:01:09]
L-BFGS:  32%|███▎      | 325/1000 [22:58:42 > 11:03:09]
L-BFGS:  33%|███▎      | 326/1000 [23:03:21 > 11:05:14]
L-BFGS:  33%|███▎      | 327/1000 [22:52:46 > 11:07:15]
L-BFGS:  33%|███▎      | 328/1000 [22:42:38 > 11:09:15]
L-BFGS:  33%|███▎      | 329/1000 [22:37:15 > 11:11:15]
L-BFGS:  33%|███▎      | 330/1000 [22:30:52 > 11:13:15]
L-BFGS:  33%|███▎      | 331/1000 [22:27:31 > 11:15:16]
L-BFGS:  33%|███▎      | 332/1000 [22:22:34 > 11:17:16]
L-BFGS:  33%|███▎      | 333/1000 [22:36:57 > 11:19:21]
L-BFGS:  33%|███▎      | 334/1000 [22:28:20 > 11:21:21]
L-BFGS:  34%|███▎      | 335/1000 [22:22:39 > 11:23:22]
L-BFGS:  34%|███▎      | 336/1000 [22:33:46 > 11:25:27]
L-BFGS:  34%|███▎      | 337/1000 [22:25:57 > 11:27:28]
L-BFGS:  34%|███▍      | 338/1000 [22:39:10 > 11:29:34]
L-BFGS:  34%|███▍      | 339/1000 [22:26:14 > 11:31:34]
L-BFGS:  34%|███▍      | 340/1000 [22:36:08 > 11:33:40]
L-BFGS:  34%|███▍      | 341/1000 [22:24:22 > 11:35:40]
L-BFGS:  34%|███▍      | 342/1000 [22:33:24 > 11:37:46]
L-BFGS:  34%|███▍      | 343/1000 [22:21:12 > 11:39:46]
L-BFGS:  34%|███▍      | 344/1000 [22:30:19 > 11:41:52]
L-BFGS:  34%|███▍      | 345/1000 [22:17:41 > 11:43:52]
L-BFGS:  35%|███▍      | 346/1000 [22:08:31 > 11:45:53]
L-BFGS:  35%|███▍      | 347/1000 [22:15:05 > 11:47:57]
L-BFGS:  35%|███▍      | 348/1000 [22:21:44 > 11:50:02]
L-BFGS:  35%|███▍      | 349/1000 [22:11:37 > 11:52:03]
L-BFGS:  35%|███▌      | 350/1000 [21:59:31 > 11:54:03]
L-BFGS:  35%|███▌      | 351/1000 [21:55:16 > 11:56:04]
L-BFGS:  35%|███▌      | 352/1000 [22:01:15 > 11:58:08]
L-BFGS:  35%|███▌      | 353/1000 [21:54:09 > 12:00:09]
L-BFGS:  35%|███▌      | 354/1000 [21:45:31 > 12:02:09]
L-BFGS:  36%|███▌      | 355/1000 [21:55:33 > 12:04:14]
L-BFGS:  36%|███▌      | 356/1000 [21:46:09 > 12:06:14]
L-BFGS:  36%|███▌      | 357/1000 [21:40:34 > 12:08:15]
L-BFGS:  36%|███▌      | 358/1000 [21:48:03 > 12:10:19]
L-BFGS:  36%|███▌      | 359/1000 [21:56:39 > 12:12:24]
L-BFGS:  36%|███▌      | 360/1000 [21:43:14 > 12:14:24]
L-BFGS:  36%|███▌      | 361/1000 [21:48:38 > 12:16:29]
L-BFGS:  36%|███▌      | 362/1000 [21:54:54 > 12:18:34]
L-BFGS:  36%|███▋      | 363/1000 [21:56:34 > 12:20:39]
L-BFGS:  36%|███▋      | 364/1000 [22:00:56 > 12:22:45]
L-BFGS:  36%|███▋      | 365/1000 [21:44:36 > 12:24:45]
L-BFGS:  37%|███▋      | 366/1000 [21:52:23 > 12:26:51]
L-BFGS:  37%|███▋      | 367/1000 [21:36:36 > 12:28:51]
L-BFGS:  37%|███▋      | 368/1000 [21:27:55 > 12:30:52]
L-BFGS:  37%|███▋      | 369/1000 [21:18:20 > 12:32:52]
L-BFGS:  37%|███▋      | 370/1000 [21:13:49 > 12:34:53]
L-BFGS:  37%|███▋      | 371/1000 [21:07:09 > 12:36:53]
L-BFGS:  37%|███▋      | 372/1000 [21:04:44 > 12:38:53]
L-BFGS:  37%|███▋      | 373/1000 [21:16:44 > 12:40:59]
L-BFGS:  37%|███▋      | 374/1000 [21:23:50 > 12:43:04]
L-BFGS:  38%|███▊      | 375/1000 [21:14:41 > 12:45:05]
L-BFGS:  38%|███▊      | 376/1000 [21:19:52 > 12:47:09]
L-BFGS:  38%|███▊      | 377/1000 [21:09:57 > 12:49:10]
L-BFGS:  38%|███▊      | 378/1000 [21:01:10 > 12:51:10]
L-BFGS:  38%|███▊      | 379/1000 [21:10:23 > 12:53:15]
L-BFGS:  38%|███▊      | 380/1000 [21:00:12 > 12:55:15]
L-BFGS:  38%|███▊      | 381/1000 [21:08:10 > 12:57:20]
L-BFGS:  38%|███▊      | 382/1000 [20:56:35 > 12:59:20]
L-BFGS:  38%|███▊      | 383/1000 [20:51:15 > 13:01:21]
L-BFGS:  38%|███▊      | 384/1000 [20:43:15 > 13:03:21]
L-BFGS:  38%|███▊      | 385/1000 [20:51:56 > 13:05:26]
L-BFGS:  39%|███▊      | 386/1000 [20:57:29 > 13:07:30]
L-BFGS:  39%|███▊      | 387/1000 [21:00:06 > 13:09:35]
L-BFGS:  39%|███▉      | 388/1000 [20:49:18 > 13:11:35]
L-BFGS:  39%|███▉      | 389/1000 [20:39:38 > 13:13:35]
L-BFGS:  39%|███▉      | 390/1000 [20:34:37 > 13:15:36]
L-BFGS:  39%|███▉      | 391/1000 [20:28:37 > 13:17:36]
L-BFGS:  39%|███▉      | 392/1000 [20:25:47 > 13:19:37]
L-BFGS:  39%|███▉      | 393/1000 [20:20:55 > 13:21:37]
L-BFGS:  39%|███▉      | 394/1000 [20:18:48 > 13:23:37]
L-BFGS:  40%|███▉      | 395/1000 [20:29:57 > 13:25:42]
L-BFGS:  40%|███▉      | 396/1000 [20:23:22 > 13:27:43]
L-BFGS:  40%|███▉      | 397/1000 [20:17:37 > 13:29:43]
L-BFGS:  40%|███▉      | 398/1000 [20:13:37 > 13:31:44]
L-BFGS:  40%|███▉      | 399/1000 [20:09:26 > 13:33:44]
L-BFGS:  40%|████      | 400/1000 [20:06:34 > 13:35:44]
L-BFGS:  40%|████      | 401/1000 [20:18:24 > 13:37:50]
L-BFGS:  40%|████      | 402/1000 [20:11:59 > 13:39:50]
L-BFGS:  40%|████      | 403/1000 [20:05:13 > 13:41:50]
L-BFGS:  40%|████      | 404/1000 [20:01:54 > 13:43:51]
L-BFGS:  40%|████      | 405/1000 [20:15:51 > 13:45:57]
L-BFGS:  41%|████      | 406/1000 [20:21:25 > 13:48:02]
L-BFGS:  41%|████      | 407/1000 [20:26:41 > 13:50:08]
L-BFGS:  41%|████      | 408/1000 [20:29:20 > 13:52:14]
L-BFGS:  41%|████      | 409/1000 [20:28:25 > 13:54:19]
L-BFGS:  41%|████      | 410/1000 [20:29:10 > 13:56:25]
L-BFGS:  41%|████      | 411/1000 [20:11:09 > 13:58:24]
L-BFGS:  41%|████      | 412/1000 [20:14:17 > 14:00:29]
L-BFGS:  41%|████▏     | 413/1000 [20:00:25 > 14:02:29]
L-BFGS:  41%|████▏     | 414/1000 [19:52:56 > 14:04:30]
L-BFGS:  42%|████▏     | 415/1000 [19:57:10 > 14:06:34]
L-BFGS:  42%|████▏     | 416/1000 [20:01:26 > 14:08:39]
L-BFGS:  42%|████▏     | 417/1000 [20:02:46 > 14:10:44]
L-BFGS:  42%|████▏     | 418/1000 [20:02:53 > 14:12:49]
L-BFGS:  42%|████▏     | 419/1000 [19:51:25 > 14:14:49]
L-BFGS:  42%|████▏     | 420/1000 [19:40:36 > 14:16:49]
L-BFGS:  42%|████▏     | 421/1000 [19:48:15 > 14:18:55]
L-BFGS:  42%|████▏     | 422/1000 [19:51:01 > 14:21:00]
L-BFGS:  42%|████▏     | 423/1000 [19:40:13 > 14:23:00]
L-BFGS:  42%|████▏     | 424/1000 [19:46:18 > 14:25:06]
L-BFGS:  42%|████▎     | 425/1000 [19:52:21 > 14:27:12]
L-BFGS:  43%|████▎     | 426/1000 [19:37:19 > 14:29:12]
L-BFGS:  43%|████▎     | 427/1000 [19:42:02 > 14:31:17]
L-BFGS:  43%|████▎     | 428/1000 [19:46:17 > 14:33:23]
L-BFGS:  43%|████▎     | 429/1000 [19:44:47 > 14:35:28]
L-BFGS:  43%|████▎     | 430/1000 [19:31:34 > 14:37:29]
L-BFGS:  43%|████▎     | 431/1000 [19:20:19 > 14:39:29]
L-BFGS:  43%|████▎     | 432/1000 [19:13:07 > 14:41:29]
L-BFGS:  43%|████▎     | 433/1000 [19:06:37 > 14:43:30]
L-BFGS:  43%|████▎     | 434/1000 [19:15:28 > 14:45:35]
L-BFGS:  44%|████▎     | 435/1000 [19:19:02 > 14:47:39]
L-BFGS:  44%|████▎     | 436/1000 [19:11:02 > 14:49:40]
L-BFGS:  44%|████▎     | 437/1000 [19:01:07 > 14:51:40]
L-BFGS:  44%|████▍     | 438/1000 [19:07:52 > 14:53:45]
L-BFGS:  44%|████▍     | 439/1000 [19:11:31 > 14:55:49]
L-BFGS:  44%|████▍     | 440/1000 [19:00:49 > 14:57:49]
L-BFGS:  44%|████▍     | 441/1000 [18:54:14 > 14:59:50]
L-BFGS:  44%|████▍     | 442/1000 [18:59:56 > 15:01:54]
L-BFGS:  44%|████▍     | 443/1000 [19:06:04 > 15:04:00]
L-BFGS:  44%|████▍     | 444/1000 [19:08:47 > 15:06:05]
L-BFGS:  44%|████▍     | 445/1000 [18:57:24 > 15:08:06]
L-BFGS:  45%|████▍     | 446/1000 [18:47:20 > 15:10:06]
L-BFGS:  45%|████▍     | 447/1000 [18:57:18 > 15:12:12]
L-BFGS:  45%|████▍     | 448/1000 [19:01:47 > 15:14:18]
L-BFGS:  45%|████▍     | 449/1000 [18:48:56 > 15:16:18]
L-BFGS:  45%|████▌     | 450/1000 [18:40:07 > 15:18:19]
L-BFGS:  45%|████▌     | 451/1000 [18:47:27 > 15:20:24]
L-BFGS:  45%|████▌     | 452/1000 [18:52:46 > 15:22:30]
L-BFGS:  45%|████▌     | 453/1000 [18:40:19 > 15:24:30]
L-BFGS:  45%|████▌     | 454/1000 [18:31:14 > 15:26:31]
L-BFGS:  46%|████▌     | 455/1000 [18:35:56 > 15:28:35]
L-BFGS:  46%|████▌     | 456/1000 [18:28:26 > 15:30:36]
L-BFGS:  46%|████▌     | 457/1000 [18:35:18 > 15:32:42]
L-BFGS:  46%|████▌     | 458/1000 [18:23:42 > 15:34:41]
L-BFGS:  46%|████▌     | 459/1000 [18:18:54 > 15:36:42]
L-BFGS:  46%|████▌     | 460/1000 [18:10:39 > 15:38:42]
L-BFGS:  46%|████▌     | 461/1000 [18:08:03 > 15:40:43]
L-BFGS:  46%|████▌     | 462/1000 [18:02:02 > 15:42:43]
L-BFGS:  46%|████▋     | 463/1000 [18:00:59 > 15:44:44]
L-BFGS:  46%|████▋     | 464/1000 [18:07:57 > 15:46:48]
L-BFGS:  46%|████▋     | 465/1000 [18:03:04 > 15:48:49]
L-BFGS:  47%|████▋     | 466/1000 [18:08:36 > 15:50:53]
L-BFGS:  47%|████▋     | 467/1000 [18:13:21 > 15:52:58]
L-BFGS:  47%|████▋     | 468/1000 [18:03:13 > 15:54:58]
L-BFGS:  47%|████▋     | 469/1000 [18:10:06 > 15:57:03]
L-BFGS:  47%|████▋     | 470/1000 [17:59:00 > 15:59:03]
L-BFGS:  47%|████▋     | 471/1000 [18:03:28 > 16:01:08]
L-BFGS:  47%|████▋     | 472/1000 [18:08:12 > 16:03:13]
L-BFGS:  47%|████▋     | 473/1000 [18:09:36 > 16:05:18]
L-BFGS:  47%|████▋     | 474/1000 [17:58:36 > 16:07:19]
L-BFGS:  48%|████▊     | 475/1000 [18:03:07 > 16:09:24]
L-BFGS:  48%|████▊     | 476/1000 [17:52:30 > 16:11:25]
L-BFGS:  48%|████▊     | 477/1000 [17:58:28 > 16:13:31]
L-BFGS:  48%|████▊     | 478/1000 [17:48:47 > 16:15:31]
L-BFGS:  48%|████▊     | 479/1000 [17:38:50 > 16:17:31]
L-BFGS:  48%|████▊     | 480/1000 [17:45:56 > 16:19:37]
L-BFGS:  48%|████▊     | 481/1000 [17:38:11 > 16:21:38]
L-BFGS:  48%|████▊     | 482/1000 [17:29:26 > 16:23:37]
L-BFGS:  48%|████▊     | 483/1000 [17:38:44 > 16:25:43]
L-BFGS:  48%|████▊     | 484/1000 [17:41:19 > 16:27:48]
L-BFGS:  48%|████▊     | 485/1000 [17:43:54 > 16:29:53]
L-BFGS:  49%|████▊     | 486/1000 [17:32:16 > 16:31:53]
L-BFGS:  49%|████▊     | 487/1000 [17:24:27 > 16:33:54]
L-BFGS:  49%|████▉     | 488/1000 [17:17:01 > 16:35:54]
L-BFGS:  49%|████▉     | 489/1000 [17:24:25 > 16:37:59]
L-BFGS:  49%|████▉     | 490/1000 [17:15:03 > 16:39:59]
L-BFGS:  49%|████▉     | 491/1000 [17:20:27 > 16:42:04]
L-BFGS:  49%|████▉     | 492/1000 [17:13:58 > 16:44:05]
L-BFGS:  49%|████▉     | 493/1000 [17:06:01 > 16:46:04]
L-BFGS:  49%|████▉     | 494/1000 [17:11:55 > 16:48:09]
L-BFGS:  50%|████▉     | 495/1000 [17:15:23 > 16:50:13]
L-BFGS:  50%|████▉     | 496/1000 [17:19:18 > 16:52:19]
L-BFGS:  50%|████▉     | 497/1000 [17:08:13 > 16:54:19]
L-BFGS:  50%|████▉     | 498/1000 [17:00:43 > 16:56:19]
L-BFGS:  50%|████▉     | 499/1000 [16:54:03 > 16:58:20]
L-BFGS:  50%|█████     | 500/1000 [17:02:24 > 17:00:25]
L-BFGS:  50%|█████     | 501/1000 [16:53:52 > 17:02:25]
L-BFGS:  50%|█████     | 502/1000 [16:48:28 > 17:04:26]
L-BFGS:  50%|█████     | 503/1000 [16:42:41 > 17:06:26]
L-BFGS:  50%|█████     | 504/1000 [16:39:38 > 17:08:26]
L-BFGS:  50%|█████     | 505/1000 [16:51:24 > 17:10:33]
L-BFGS:  51%|█████     | 506/1000 [16:55:38 > 17:12:38]
L-BFGS:  51%|█████     | 507/1000 [16:59:51 > 17:14:44]
L-BFGS:  51%|█████     | 508/1000 [17:01:46 > 17:16:50]
L-BFGS:  51%|█████     | 509/1000 [17:00:52 > 17:18:55]
L-BFGS:  51%|█████     | 510/1000 [16:46:39 > 17:20:55]
L-BFGS:  51%|█████     | 511/1000 [16:49:38 > 17:23:00]
L-BFGS:  51%|█████     | 512/1000 [16:50:43 > 17:25:05]
L-BFGS:  51%|█████▏    | 513/1000 [16:48:46 > 17:27:09]
L-BFGS:  51%|█████▏    | 514/1000 [16:48:18 > 17:29:14]
L-BFGS:  52%|█████▏    | 515/1000 [16:35:23 > 17:31:14]
L-BFGS:  52%|█████▏    | 516/1000 [16:39:11 > 17:33:20]
L-BFGS:  52%|█████▏    | 517/1000 [16:26:59 > 17:35:20]
L-BFGS:  52%|█████▏    | 518/1000 [16:29:46 > 17:37:24]
L-BFGS:  52%|█████▏    | 519/1000 [16:32:59 > 17:39:30]
L-BFGS:  52%|█████▏    | 520/1000 [16:21:53 > 17:41:30]
L-BFGS:  52%|█████▏    | 521/1000 [16:14:22 > 17:43:30]
L-BFGS:  52%|█████▏    | 522/1000 [16:18:56 > 17:45:35]
L-BFGS:  52%|█████▏    | 523/1000 [16:11:35 > 17:47:36]
L-BFGS:  52%|█████▏    | 524/1000 [16:17:28 > 17:49:41]
L-BFGS:  52%|█████▎    | 525/1000 [16:09:02 > 17:51:42]
L-BFGS:  53%|█████▎    | 526/1000 [16:01:33 > 17:53:42]
L-BFGS:  53%|█████▎    | 527/1000 [15:56:36 > 17:55:42]
L-BFGS:  53%|█████▎    | 528/1000 [15:52:02 > 17:57:43]
L-BFGS:  53%|█████▎    | 529/1000 [15:48:49 > 17:59:43]
L-BFGS:  53%|█████▎    | 530/1000 [15:45:01 > 18:01:43]
L-BFGS:  53%|█████▎    | 531/1000 [15:56:34 > 18:03:50]
L-BFGS:  53%|█████▎    | 532/1000 [16:01:52 > 18:05:55]
L-BFGS:  53%|█████▎    | 533/1000 [15:51:22 > 18:07:55]
L-BFGS:  53%|█████▎    | 534/1000 [15:46:11 > 18:09:56]
L-BFGS:  54%|█████▎    | 535/1000 [15:51:36 > 18:12:01]
L-BFGS:  54%|█████▎    | 536/1000 [15:44:24 > 18:14:01]
L-BFGS:  54%|█████▎    | 537/1000 [15:48:10 > 18:16:06]
L-BFGS:  54%|█████▍    | 538/1000 [15:40:41 > 18:18:06]
L-BFGS:  54%|█████▍    | 539/1000 [15:33:49 > 18:20:06]
L-BFGS:  54%|█████▍    | 540/1000 [15:40:29 > 18:22:12]
L-BFGS:  54%|█████▍    | 541/1000 [15:32:39 > 18:24:12]
L-BFGS:  54%|█████▍    | 542/1000 [15:27:25 > 18:26:12]
L-BFGS:  54%|█████▍    | 543/1000 [15:22:19 > 18:28:13]
L-BFGS:  54%|█████▍    | 544/1000 [15:19:05 > 18:30:13]
L-BFGS:  55%|█████▍    | 545/1000 [15:24:53 > 18:32:18]
L-BFGS:  55%|█████▍    | 546/1000 [15:20:28 > 18:34:18]
L-BFGS:  55%|█████▍    | 547/1000 [15:25:10 > 18:36:23]
L-BFGS:  55%|█████▍    | 548/1000 [15:25:43 > 18:38:27]
L-BFGS:  55%|█████▍    | 549/1000 [15:28:42 > 18:40:32]
L-BFGS:  55%|█████▌    | 550/1000 [15:18:38 > 18:42:32]
L-BFGS:  55%|█████▌    | 551/1000 [15:12:34 > 18:44:33]
L-BFGS:  55%|█████▌    | 552/1000 [15:06:10 > 18:46:33]
L-BFGS:  55%|█████▌    | 553/1000 [15:13:31 > 18:48:38]
L-BFGS:  55%|█████▌    | 554/1000 [15:05:56 > 18:50:38]
L-BFGS:  56%|█████▌    | 555/1000 [15:12:09 > 18:52:44]
L-BFGS:  56%|█████▌    | 556/1000 [15:03:44 > 18:54:44]
L-BFGS:  56%|█████▌    | 557/1000 [15:41:20 > 18:57:04]
L-BFGS:  56%|█████▌    | 558/1000 [16:05:50 > 18:59:24]
L-BFGS:  56%|█████▌    | 559/1000 [15:54:32 > 19:01:31]
L-BFGS:  56%|█████▌    | 560/1000 [15:47:58 > 19:03:38]
L-BFGS:  56%|█████▌    | 561/1000 [15:29:57 > 19:05:40]
L-BFGS:  56%|█████▌    | 562/1000 [15:29:05 > 19:07:48]
L-BFGS:  56%|█████▋    | 563/1000 [15:24:40 > 19:09:54]
L-BFGS:  56%|█████▋    | 564/1000 [15:14:37 > 19:11:58]
L-BFGS:  56%|█████▋    | 565/1000 [15:13:33 > 19:14:04]
L-BFGS:  57%|█████▋    | 566/1000 [15:08:12 > 19:16:08]
L-BFGS:  57%|█████▋    | 567/1000 [14:56:56 > 19:18:10]
L-BFGS:  57%|█████▋    | 568/1000 [14:47:31 > 19:20:11]
L-BFGS:  57%|█████▋    | 569/1000 [14:42:42 > 19:22:13]
L-BFGS:  57%|█████▋    | 570/1000 [14:35:35 > 19:24:13]
L-BFGS:  57%|█████▋    | 571/1000 [14:41:04 > 19:26:19]
L-BFGS:  57%|█████▋    | 572/1000 [14:41:36 > 19:28:23]
L-BFGS:  57%|█████▋    | 573/1000 [14:44:27 > 19:30:29]
L-BFGS:  57%|█████▋    | 574/1000 [14:42:49 > 19:32:34]
L-BFGS:  57%|█████▊    | 575/1000 [14:43:18 > 19:34:39]
L-BFGS:  58%|█████▊    | 576/1000 [14:33:24 > 19:36:40]
L-BFGS:  58%|█████▊    | 577/1000 [14:24:17 > 19:38:41]
L-BFGS:  58%|█████▊    | 578/1000 [14:28:56 > 19:40:46]
L-BFGS:  58%|█████▊    | 579/1000 [14:19:54 > 19:42:47]
L-BFGS:  58%|█████▊    | 580/1000 [14:26:06 > 19:44:53]
L-BFGS:  58%|█████▊    | 581/1000 [14:28:13 > 19:46:59]
L-BFGS:  58%|█████▊    | 582/1000 [14:28:45 > 19:49:04]
L-BFGS:  58%|█████▊    | 583/1000 [14:19:26 > 19:51:06]
L-BFGS:  58%|█████▊    | 584/1000 [14:11:37 > 19:53:06]
L-BFGS:  58%|█████▊    | 585/1000 [14:05:45 > 19:55:07]
L-BFGS:  59%|█████▊    | 586/1000 [13:59:51 > 19:57:08]
L-BFGS:  59%|█████▊    | 587/1000 [13:56:05 > 19:59:09]
L-BFGS:  59%|█████▉    | 588/1000 [13:52:24 > 20:01:09]
L-BFGS:  59%|█████▉    | 589/1000 [14:00:05 > 20:03:15]
L-BFGS:  59%|█████▉    | 590/1000 [13:53:25 > 20:05:16]
L-BFGS:  59%|█████▉    | 591/1000 [13:48:53 > 20:07:16]
L-BFGS:  59%|█████▉    | 592/1000 [13:55:11 > 20:09:22]
L-BFGS:  59%|█████▉    | 593/1000 [13:59:14 > 20:11:28]
L-BFGS:  59%|█████▉    | 594/1000 [13:50:50 > 20:13:29]
L-BFGS:  60%|█████▉    | 595/1000 [13:46:03 > 20:15:30]
L-BFGS:  60%|█████▉    | 596/1000 [13:42:48 > 20:17:32]
L-BFGS:  60%|█████▉    | 597/1000 [13:38:52 > 20:19:33]
L-BFGS:  60%|█████▉    | 598/1000 [13:42:24 > 20:21:38]
L-BFGS:  60%|█████▉    | 599/1000 [13:37:04 > 20:23:39]
L-BFGS:  60%|██████    | 600/1000 [13:40:12 > 20:25:44]
L-BFGS:  60%|██████    | 601/1000 [13:32:09 > 20:27:44]
L-BFGS:  60%|██████    | 602/1000 [13:27:42 > 20:29:45]
L-BFGS:  60%|██████    | 603/1000 [13:22:06 > 20:31:45]
L-BFGS:  60%|██████    | 604/1000 [13:27:46 > 20:33:50]
L-BFGS:  60%|██████    | 605/1000 [13:22:03 > 20:35:50]
L-BFGS:  61%|██████    | 606/1000 [13:18:04 > 20:37:51]
L-BFGS:  61%|██████    | 607/1000 [13:13:44 > 20:39:51]
L-BFGS:  61%|██████    | 608/1000 [13:11:05 > 20:41:52]
L-BFGS:  61%|██████    | 609/1000 [13:17:30 > 20:43:58]
L-BFGS:  61%|██████    | 610/1000 [13:23:25 > 20:46:04]
L-BFGS:  61%|██████    | 611/1000 [13:27:44 > 20:48:11]
L-BFGS:  61%|██████    | 612/1000 [13:31:03 > 20:50:18]
L-BFGS:  61%|██████▏   | 613/1000 [13:30:58 > 20:52:25]
L-BFGS:  61%|██████▏   | 614/1000 [13:28:27 > 20:54:30]
L-BFGS:  62%|██████▏   | 615/1000 [13:27:17 > 20:56:36]
L-BFGS:  62%|██████▏   | 616/1000 [13:14:41 > 20:58:37]
L-BFGS:  62%|██████▏   | 617/1000 [13:15:56 > 21:00:43]
L-BFGS:  62%|██████▏   | 618/1000 [13:05:33 > 21:02:43]
L-BFGS:  62%|██████▏   | 619/1000 [13:10:34 > 21:04:50]
L-BFGS:  62%|██████▏   | 620/1000 [13:04:54 > 21:06:53]
L-BFGS:  62%|██████▏   | 621/1000 [12:55:38 > 21:08:53]
L-BFGS:  62%|██████▏   | 622/1000 [13:01:37 > 21:11:00]
L-BFGS:  62%|██████▏   | 623/1000 [13:03:32 > 21:13:06]
L-BFGS:  62%|██████▏   | 624/1000 [12:56:39 > 21:15:08]
L-BFGS:  62%|██████▎   | 625/1000 [12:57:03 > 21:17:14]
L-BFGS:  63%|██████▎   | 626/1000 [12:57:57 > 21:19:19]
L-BFGS:  63%|██████▎   | 627/1000 [12:47:38 > 21:21:20]
L-BFGS:  63%|██████▎   | 628/1000 [12:49:38 > 21:23:25]
L-BFGS:  63%|██████▎   | 629/1000 [12:50:42 > 21:25:31]
L-BFGS:  63%|██████▎   | 630/1000 [12:49:21 > 21:27:36]
L-BFGS:  63%|██████▎   | 631/1000 [12:49:59 > 21:29:43]
L-BFGS:  63%|██████▎   | 632/1000 [12:40:17 > 21:31:44]
L-BFGS:  63%|██████▎   | 633/1000 [12:45:52 > 21:33:52]
L-BFGS:  63%|██████▎   | 634/1000 [12:45:49 > 21:35:58]
L-BFGS:  64%|██████▎   | 635/1000 [12:43:22 > 21:38:03]
L-BFGS:  64%|██████▎   | 636/1000 [12:32:38 > 21:40:04]
L-BFGS:  64%|██████▎   | 637/1000 [12:24:47 > 21:42:05]
L-BFGS:  64%|██████▍   | 638/1000 [12:28:03 > 21:44:11]
L-BFGS:  64%|██████▍   | 639/1000 [12:27:43 > 21:46:16]
L-BFGS:  64%|██████▍   | 640/1000 [12:19:06 > 21:48:17]
L-BFGS:  64%|██████▍   | 641/1000 [12:19:52 > 21:50:21]
L-BFGS:  64%|██████▍   | 642/1000 [12:14:57 > 21:52:23]
L-BFGS:  64%|██████▍   | 643/1000 [12:15:56 > 21:54:28]
L-BFGS:  64%|██████▍   | 644/1000 [12:14:09 > 21:56:32]
L-BFGS:  64%|██████▍   | 645/1000 [12:07:13 > 21:58:33]
L-BFGS:  65%|██████▍   | 646/1000 [12:09:44 > 22:00:39]
L-BFGS:  65%|██████▍   | 647/1000 [12:03:51 > 22:02:40]
L-BFGS:  65%|██████▍   | 648/1000 [12:05:24 > 22:04:45]
L-BFGS:  65%|██████▍   | 649/1000 [11:57:56 > 22:06:46]
L-BFGS:  65%|██████▌   | 650/1000 [11:53:15 > 22:08:47]
L-BFGS:  65%|██████▌   | 651/1000 [11:58:54 > 22:10:54]
L-BFGS:  65%|██████▌   | 652/1000 [11:52:46 > 22:12:55]
L-BFGS:  65%|██████▌   | 653/1000 [11:49:26 > 22:14:57]
L-BFGS:  65%|██████▌   | 654/1000 [11:55:27 > 22:17:05]
L-BFGS:  66%|██████▌   | 655/1000 [11:58:04 > 22:19:11]
L-BFGS:  66%|██████▌   | 656/1000 [11:51:30 > 22:21:14]
L-BFGS:  66%|██████▌   | 657/1000 [11:43:15 > 22:23:14]
L-BFGS:  66%|██████▌   | 658/1000 [11:41:49 > 22:25:17]
L-BFGS:  66%|██████▌   | 659/1000 [11:53:44 > 22:27:29]
L-BFGS:  66%|██████▌   | 660/1000 [11:51:44 > 22:29:34]
L-BFGS:  66%|██████▌   | 661/1000 [11:41:41 > 22:31:35]
L-BFGS:  66%|██████▌   | 662/1000 [11:33:21 > 22:33:36]
L-BFGS:  66%|██████▋   | 663/1000 [11:36:34 > 22:35:42]
L-BFGS:  66%|██████▋   | 664/1000 [11:29:11 > 22:37:43]
L-BFGS:  66%|██████▋   | 665/1000 [11:24:26 > 22:39:44]
L-BFGS:  67%|██████▋   | 666/1000 [11:27:49 > 22:41:50]
L-BFGS:  67%|██████▋   | 667/1000 [11:29:32 > 22:43:56]
L-BFGS:  67%|██████▋   | 668/1000 [11:27:49 > 22:46:00]
L-BFGS:  67%|██████▋   | 669/1000 [11:22:09 > 22:48:03]
L-BFGS:  67%|██████▋   | 670/1000 [11:21:55 > 22:50:07]
L-BFGS:  67%|██████▋   | 671/1000 [11:15:00 > 22:52:08]
L-BFGS:  67%|██████▋   | 672/1000 [11:08:02 > 22:54:08]
L-BFGS:  67%|██████▋   | 673/1000 [11:11:37 > 22:56:14]
L-BFGS:  67%|██████▋   | 674/1000 [11:07:37 > 22:58:16]
L-BFGS:  68%|██████▊   | 675/1000 [11:04:28 > 23:00:18]
L-BFGS:  68%|██████▊   | 676/1000 [11:00:33 > 23:02:20]
L-BFGS:  68%|██████▊   | 677/1000 [10:58:30 > 23:04:22]
L-BFGS:  68%|██████▊   | 678/1000 [10:55:05 > 23:06:24]
L-BFGS:  68%|██████▊   | 679/1000 [11:00:20 > 23:08:30]
L-BFGS:  68%|██████▊   | 680/1000 [10:59:59 > 23:10:35]
L-BFGS:  68%|██████▊   | 681/1000 [10:52:16 > 23:12:35]
L-BFGS:  68%|██████▊   | 682/1000 [10:55:43 > 23:14:41]
L-BFGS:  68%|██████▊   | 683/1000 [10:56:09 > 23:16:46]
L-BFGS:  68%|██████▊   | 684/1000 [10:48:56 > 23:18:47]
L-BFGS:  68%|██████▊   | 685/1000 [10:51:32 > 23:20:53]
L-BFGS:  69%|██████▊   | 686/1000 [10:43:56 > 23:22:54]
L-BFGS:  69%|██████▊   | 687/1000 [10:46:37 > 23:25:00]
L-BFGS:  69%|██████▉   | 688/1000 [10:40:30 > 23:27:02]
L-BFGS:  69%|██████▉   | 689/1000 [10:33:36 > 23:29:02]
L-BFGS:  69%|██████▉   | 690/1000 [10:37:53 > 23:31:08]
L-BFGS:  69%|██████▉   | 691/1000 [10:32:28 > 23:33:09]
L-BFGS:  69%|██████▉   | 692/1000 [10:26:08 > 23:35:09]
L-BFGS:  69%|██████▉   | 693/1000 [10:26:30 > 23:37:13]
L-BFGS:  69%|██████▉   | 694/1000 [10:20:49 > 23:39:13]
L-BFGS:  70%|██████▉   | 695/1000 [10:27:43 > 23:41:20]
L-BFGS:  70%|██████▉   | 696/1000 [10:21:55 > 23:43:21]
L-BFGS:  70%|██████▉   | 697/1000 [10:24:38 > 23:45:27]
L-BFGS:  70%|██████▉   | 698/1000 [10:18:50 > 23:47:29]
L-BFGS:  70%|██████▉   | 699/1000 [10:22:12 > 23:49:35]
L-BFGS:  70%|███████   | 700/1000 [10:16:08 > 23:51:36]
L-BFGS:  70%|███████   | 701/1000 [10:11:20 > 23:53:38]
L-BFGS:  70%|███████   | 702/1000 [10:06:20 > 23:55:39]
L-BFGS:  70%|███████   | 703/1000 [10:03:09 > 23:57:40]
L-BFGS:  70%|███████   | 704/1000 [10:00:33 > 23:59:41]
L-BFGS:  70%|███████   | 705/1000 [9:57:38 > 24:01:42] 
L-BFGS:  71%|███████   | 706/1000 [10:01:59 > 24:03:48]
L-BFGS:  71%|███████   | 707/1000 [9:58:00 > 24:05:50] 
L-BFGS:  71%|███████   | 708/1000 [9:52:23 > 24:07:50]
L-BFGS:  71%|███████   | 709/1000 [9:56:28 > 24:09:56]
L-BFGS:  71%|███████   | 710/1000 [9:57:33 > 24:12:01]
L-BFGS:  71%|███████   | 711/1000 [9:50:51 > 24:14:01]
L-BFGS:  71%|███████   | 712/1000 [9:52:22 > 24:16:06]
L-BFGS:  71%|███████▏  | 713/1000 [9:45:35 > 24:18:07]
L-BFGS:  71%|███████▏  | 714/1000 [9:41:19 > 24:20:07]
L-BFGS:  72%|███████▏  | 715/1000 [9:44:22 > 24:22:13]
L-BFGS:  72%|███████▏  | 716/1000 [9:46:03 > 24:24:19]
L-BFGS:  72%|███████▏  | 717/1000 [9:49:01 > 24:26:26]
L-BFGS:  72%|███████▏  | 718/1000 [9:49:09 > 24:28:32]
L-BFGS:  72%|███████▏  | 719/1000 [9:41:07 > 24:30:34]
L-BFGS:  72%|███████▏  | 720/1000 [9:41:43 > 24:32:40]
L-BFGS:  72%|███████▏  | 721/1000 [9:34:39 > 24:34:41]
L-BFGS:  72%|███████▏  | 722/1000 [9:29:34 > 24:36:42]
L-BFGS:  72%|███████▏  | 723/1000 [9:26:08 > 24:38:44]
L-BFGS:  72%|███████▏  | 724/1000 [9:28:44 > 24:40:50]
L-BFGS:  72%|███████▎  | 725/1000 [9:22:18 > 24:42:50]
L-BFGS:  73%|███████▎  | 726/1000 [9:17:50 > 24:44:51]
L-BFGS:  73%|███████▎  | 727/1000 [9:13:45 > 24:46:52]
L-BFGS:  73%|███████▎  | 728/1000 [9:10:23 > 24:48:53]
L-BFGS:  73%|███████▎  | 729/1000 [9:07:10 > 24:50:53]
L-BFGS:  73%|███████▎  | 730/1000 [9:10:10 > 24:52:58]
L-BFGS:  73%|███████▎  | 731/1000 [9:06:42 > 24:54:59]
L-BFGS:  73%|███████▎  | 732/1000 [9:09:41 > 24:57:05]
L-BFGS:  73%|███████▎  | 733/1000 [9:09:22 > 24:59:09]
L-BFGS:  73%|███████▎  | 734/1000 [9:04:39 > 25:01:11]
L-BFGS:  74%|███████▎  | 735/1000 [8:59:00 > 25:03:11]
L-BFGS:  74%|███████▎  | 736/1000 [8:55:22 > 25:05:12]
L-BFGS:  74%|███████▎  | 737/1000 [8:57:31 > 25:07:17]
L-BFGS:  74%|███████▍  | 738/1000 [8:53:35 > 25:09:18]
L-BFGS:  74%|███████▍  | 739/1000 [8:55:40 > 25:11:23]
L-BFGS:  74%|███████▍  | 740/1000 [8:57:50 > 25:13:30]
L-BFGS:  74%|███████▍  | 741/1000 [8:51:19 > 25:15:30]
L-BFGS:  74%|███████▍  | 742/1000 [8:51:36 > 25:17:35]
L-BFGS:  74%|███████▍  | 743/1000 [8:52:30 > 25:19:41]
L-BFGS:  74%|███████▍  | 744/1000 [8:51:09 > 25:21:46]
L-BFGS:  74%|███████▍  | 745/1000 [8:44:17 > 25:23:47]
L-BFGS:  75%|███████▍  | 746/1000 [8:39:15 > 25:25:48]
L-BFGS:  75%|███████▍  | 747/1000 [8:36:21 > 25:27:50]
L-BFGS:  75%|███████▍  | 748/1000 [8:39:32 > 25:29:56]
L-BFGS:  75%|███████▍  | 749/1000 [8:34:28 > 25:31:58]
L-BFGS:  75%|███████▌  | 750/1000 [8:36:01 > 25:34:03]
L-BFGS:  75%|███████▌  | 751/1000 [8:36:54 > 25:36:10]
L-BFGS:  75%|███████▌  | 752/1000 [8:38:09 > 25:38:17]
L-BFGS:  75%|███████▌  | 753/1000 [8:36:32 > 25:40:23]
L-BFGS:  75%|███████▌  | 754/1000 [8:28:48 > 25:42:24]
L-BFGS:  76%|███████▌  | 755/1000 [8:28:35 > 25:44:29]
L-BFGS:  76%|███████▌  | 756/1000 [8:22:23 > 25:46:30]
L-BFGS:  76%|███████▌  | 757/1000 [8:22:27 > 25:48:36]
L-BFGS:  76%|███████▌  | 758/1000 [8:16:57 > 25:50:37]
L-BFGS:  76%|███████▌  | 759/1000 [8:11:16 > 25:52:37]
L-BFGS:  76%|███████▌  | 760/1000 [8:09:30 > 25:54:40]
L-BFGS:  76%|███████▌  | 761/1000 [8:05:16 > 25:56:40]
L-BFGS:  76%|███████▌  | 762/1000 [8:03:24 > 25:58:42]
L-BFGS:  76%|███████▋  | 763/1000 [7:59:59 > 26:00:43]
L-BFGS:  76%|███████▋  | 764/1000 [8:02:39 > 26:02:48]
L-BFGS:  76%|███████▋  | 765/1000 [8:03:17 > 26:04:53]
L-BFGS:  77%|███████▋  | 766/1000 [7:57:24 > 26:06:53]
L-BFGS:  77%|███████▋  | 767/1000 [7:53:48 > 26:08:54]
L-BFGS:  77%|███████▋  | 768/1000 [7:50:52 > 26:10:56]
L-BFGS:  77%|███████▋  | 769/1000 [7:53:12 > 26:13:01]
L-BFGS:  77%|███████▋  | 770/1000 [7:48:37 > 26:15:02]
L-BFGS:  77%|███████▋  | 771/1000 [7:45:50 > 26:17:04]
L-BFGS:  77%|███████▋  | 772/1000 [7:47:55 > 26:19:09]
L-BFGS:  77%|███████▋  | 773/1000 [7:50:20 > 26:21:16]
L-BFGS:  77%|███████▋  | 774/1000 [7:44:37 > 26:23:17]
L-BFGS:  78%|███████▊  | 775/1000 [7:40:18 > 26:25:19]
L-BFGS:  78%|███████▊  | 776/1000 [7:37:03 > 26:27:20]
L-BFGS:  78%|███████▊  | 777/1000 [7:40:39 > 26:29:28]
L-BFGS:  78%|███████▊  | 778/1000 [7:35:50 > 26:31:29]
L-BFGS:  78%|███████▊  | 779/1000 [7:30:53 > 26:33:30]
L-BFGS:  78%|███████▊  | 780/1000 [7:28:58 > 26:35:32]
L-BFGS:  78%|███████▊  | 781/1000 [7:25:30 > 26:37:34]
L-BFGS:  78%|███████▊  | 782/1000 [7:23:11 > 26:39:35]
L-BFGS:  78%|███████▊  | 783/1000 [7:19:46 > 26:41:36]
L-BFGS:  78%|███████▊  | 784/1000 [7:18:45 > 26:43:39]
L-BFGS:  78%|███████▊  | 785/1000 [7:22:10 > 26:45:46]
L-BFGS:  79%|███████▊  | 786/1000 [7:17:25 > 26:47:47]
L-BFGS:  79%|███████▊  | 787/1000 [7:19:49 > 26:49:53]
L-BFGS:  79%|███████▉  | 788/1000 [7:21:44 > 26:52:01]
L-BFGS:  79%|███████▉  | 789/1000 [7:20:30 > 26:54:07]
L-BFGS:  79%|███████▉  | 790/1000 [7:14:23 > 26:56:08]
L-BFGS:  79%|███████▉  | 791/1000 [7:08:42 > 26:58:09]
L-BFGS:  79%|███████▉  | 792/1000 [7:05:47 > 27:00:11]
L-BFGS:  79%|███████▉  | 793/1000 [7:01:19 > 27:02:12]
L-BFGS:  79%|███████▉  | 794/1000 [6:59:14 > 27:04:14]
L-BFGS:  80%|███████▉  | 795/1000 [7:02:18 > 27:06:21]
L-BFGS:  80%|███████▉  | 796/1000 [7:02:08 > 27:08:26]
L-BFGS:  80%|███████▉  | 797/1000 [7:02:58 > 27:10:33]
L-BFGS:  80%|███████▉  | 798/1000 [6:56:37 > 27:12:34]
L-BFGS:  80%|███████▉  | 799/1000 [6:56:33 > 27:14:40]
L-BFGS:  80%|████████  | 800/1000 [6:55:38 > 27:16:45]
L-BFGS:  80%|████████  | 801/1000 [6:53:50 > 27:18:50]
L-BFGS:  80%|████████  | 802/1000 [6:48:30 > 27:20:52]
L-BFGS:  80%|████████  | 803/1000 [6:43:03 > 27:22:52]
L-BFGS:  80%|████████  | 804/1000 [6:39:54 > 27:24:54]
L-BFGS:  80%|████████  | 805/1000 [6:41:24 > 27:27:00]
L-BFGS:  81%|████████  | 806/1000 [6:41:24 > 27:29:05]
L-BFGS:  81%|████████  | 807/1000 [6:41:10 > 27:31:11]
L-BFGS:  81%|████████  | 808/1000 [6:35:48 > 27:33:13]
L-BFGS:  81%|████████  | 809/1000 [6:31:59 > 27:35:15]
L-BFGS:  81%|████████  | 810/1000 [6:34:37 > 27:37:23]
L-BFGS:  81%|████████  | 811/1000 [6:29:38 > 27:39:24]
L-BFGS:  81%|████████  | 812/1000 [6:26:19 > 27:41:27]
L-BFGS:  81%|████████▏ | 813/1000 [6:27:47 > 27:43:34]
L-BFGS:  81%|████████▏ | 814/1000 [6:22:37 > 27:45:35]
L-BFGS:  82%|████████▏ | 815/1000 [6:19:49 > 27:47:37]
L-BFGS:  82%|████████▏ | 816/1000 [6:20:31 > 27:49:44]
L-BFGS:  82%|████████▏ | 817/1000 [6:16:30 > 27:51:45]
L-BFGS:  82%|████████▏ | 818/1000 [6:16:42 > 27:53:51]
L-BFGS:  82%|████████▏ | 819/1000 [6:12:53 > 27:55:54]
L-BFGS:  82%|████████▏ | 820/1000 [6:09:19 > 27:57:56]
L-BFGS:  82%|████████▏ | 821/1000 [6:05:57 > 27:59:57]
L-BFGS:  82%|████████▏ | 822/1000 [6:02:53 > 28:01:59]
L-BFGS:  82%|████████▏ | 823/1000 [6:00:58 > 28:04:01]
L-BFGS:  82%|████████▏ | 824/1000 [6:02:34 > 28:06:08]
L-BFGS:  82%|████████▎ | 825/1000 [5:58:58 > 28:08:10]
L-BFGS:  83%|████████▎ | 826/1000 [5:59:30 > 28:10:16]
L-BFGS:  83%|████████▎ | 827/1000 [5:56:10 > 28:12:18]
L-BFGS:  83%|████████▎ | 828/1000 [5:52:36 > 28:14:20]
L-BFGS:  83%|████████▎ | 829/1000 [5:49:36 > 28:16:22]
L-BFGS:  83%|████████▎ | 830/1000 [5:50:16 > 28:18:28]
L-BFGS:  83%|████████▎ | 831/1000 [5:50:37 > 28:20:34]
L-BFGS:  83%|████████▎ | 832/1000 [5:50:11 > 28:22:41]
L-BFGS:  83%|████████▎ | 833/1000 [5:44:41 > 28:24:42]
L-BFGS:  83%|████████▎ | 834/1000 [5:41:01 > 28:26:43]
L-BFGS:  84%|████████▎ | 835/1000 [5:41:31 > 28:28:50]
L-BFGS:  84%|████████▎ | 836/1000 [5:42:02 > 28:30:57]
L-BFGS:  84%|████████▎ | 837/1000 [5:41:20 > 28:33:04]
L-BFGS:  84%|████████▍ | 838/1000 [5:36:28 > 28:35:06]
L-BFGS:  84%|████████▍ | 839/1000 [5:37:10 > 28:37:14]
L-BFGS:  84%|████████▍ | 840/1000 [5:36:14 > 28:39:21]
L-BFGS:  84%|████████▍ | 841/1000 [5:30:31 > 28:41:23]
L-BFGS:  84%|████████▍ | 842/1000 [5:29:31 > 28:43:29]
L-BFGS:  84%|████████▍ | 843/1000 [5:25:14 > 28:45:31]
L-BFGS:  84%|████████▍ | 844/1000 [5:21:13 > 28:47:33]
L-BFGS:  84%|████████▍ | 845/1000 [5:17:48 > 28:49:35]
L-BFGS:  85%|████████▍ | 846/1000 [5:14:04 > 28:51:36]
L-BFGS:  85%|████████▍ | 847/1000 [5:11:21 > 28:53:37]
L-BFGS:  85%|████████▍ | 848/1000 [5:08:44 > 28:55:39]
L-BFGS:  85%|████████▍ | 849/1000 [5:10:38 > 28:57:46]
L-BFGS:  85%|████████▌ | 850/1000 [5:07:14 > 28:59:47]
L-BFGS:  85%|████████▌ | 851/1000 [5:04:42 > 29:01:50]
L-BFGS:  85%|████████▌ | 852/1000 [5:05:12 > 29:03:56]
L-BFGS:  85%|████████▌ | 853/1000 [5:02:23 > 29:05:58]
L-BFGS:  85%|████████▌ | 854/1000 [4:58:22 > 29:07:59]
L-BFGS:  86%|████████▌ | 855/1000 [4:55:53 > 29:10:01]
L-BFGS:  86%|████████▌ | 856/1000 [4:52:42 > 29:12:02]
L-BFGS:  86%|████████▌ | 857/1000 [4:53:25 > 29:14:08]
L-BFGS:  86%|████████▌ | 858/1000 [4:50:24 > 29:16:10]
L-BFGS:  86%|████████▌ | 859/1000 [4:50:15 > 29:18:15]
L-BFGS:  86%|████████▌ | 860/1000 [4:49:35 > 29:20:20]
L-BFGS:  86%|████████▌ | 861/1000 [4:44:47 > 29:22:21]
L-BFGS:  86%|████████▌ | 862/1000 [4:44:22 > 29:24:26]
L-BFGS:  86%|████████▋ | 863/1000 [4:39:55 > 29:26:26]
L-BFGS:  86%|████████▋ | 864/1000 [4:36:56 > 29:28:27]
L-BFGS:  86%|████████▋ | 865/1000 [4:34:25 > 29:30:29]
L-BFGS:  87%|████████▋ | 866/1000 [4:34:54 > 29:32:35]
L-BFGS:  87%|████████▋ | 867/1000 [4:33:44 > 29:34:39]
L-BFGS:  87%|████████▋ | 868/1000 [4:33:18 > 29:36:45]
L-BFGS:  87%|████████▋ | 869/1000 [4:32:34 > 29:38:51]
L-BFGS:  87%|████████▋ | 870/1000 [4:27:55 > 29:40:52]
L-BFGS:  87%|████████▋ | 871/1000 [4:27:49 > 29:42:59]
L-BFGS:  87%|████████▋ | 872/1000 [4:26:40 > 29:45:05]
L-BFGS:  87%|████████▋ | 873/1000 [4:22:15 > 29:47:06]
L-BFGS:  87%|████████▋ | 874/1000 [4:22:00 > 29:49:13]
L-BFGS:  88%|████████▊ | 875/1000 [4:20:33 > 29:51:19]
L-BFGS:  88%|████████▊ | 876/1000 [4:16:38 > 29:53:21]
L-BFGS:  88%|████████▊ | 877/1000 [4:12:42 > 29:55:22]
L-BFGS:  88%|████████▊ | 878/1000 [4:12:34 > 29:57:28]
L-BFGS:  88%|████████▊ | 879/1000 [4:12:03 > 29:59:35]
L-BFGS:  88%|████████▊ | 880/1000 [4:08:05 > 30:01:37]
L-BFGS:  88%|████████▊ | 881/1000 [4:04:23 > 30:03:38]
L-BFGS:  88%|████████▊ | 882/1000 [4:01:15 > 30:05:40]
L-BFGS:  88%|████████▊ | 883/1000 [4:00:21 > 30:07:44]
L-BFGS:  88%|████████▊ | 884/1000 [3:57:10 > 30:09:46]
L-BFGS:  88%|████████▊ | 885/1000 [3:54:05 > 30:11:46]
L-BFGS:  89%|████████▊ | 886/1000 [3:53:34 > 30:13:51]
L-BFGS:  89%|████████▊ | 887/1000 [3:53:08 > 30:15:57]
L-BFGS:  89%|████████▉ | 888/1000 [3:49:25 > 30:17:58]
L-BFGS:  89%|████████▉ | 889/1000 [3:49:21 > 30:20:04]
L-BFGS:  89%|████████▉ | 890/1000 [3:48:29 > 30:22:11]
L-BFGS:  89%|████████▉ | 891/1000 [3:44:20 > 30:24:11]
L-BFGS:  89%|████████▉ | 892/1000 [3:43:21 > 30:26:17]
L-BFGS:  89%|████████▉ | 893/1000 [3:39:37 > 30:28:18]
L-BFGS:  89%|████████▉ | 894/1000 [3:36:31 > 30:30:19]
L-BFGS:  90%|████████▉ | 895/1000 [3:36:51 > 30:32:26]
L-BFGS:  90%|████████▉ | 896/1000 [3:34:04 > 30:34:29]
L-BFGS:  90%|████████▉ | 897/1000 [3:33:21 > 30:36:35]
L-BFGS:  90%|████████▉ | 898/1000 [3:33:02 > 30:38:42]
L-BFGS:  90%|████████▉ | 899/1000 [3:31:43 > 30:40:49]
L-BFGS:  90%|█████████ | 900/1000 [3:27:24 > 30:42:51]
L-BFGS:  90%|█████████ | 901/1000 [3:26:03 > 30:44:57]
L-BFGS:  90%|█████████ | 902/1000 [3:22:48 > 30:46:59]
L-BFGS:  90%|█████████ | 903/1000 [3:21:31 > 30:49:05]
L-BFGS:  90%|█████████ | 904/1000 [3:17:05 > 30:51:05]
L-BFGS:  90%|█████████ | 905/1000 [3:14:04 > 30:53:06]
L-BFGS:  91%|█████████ | 906/1000 [3:11:02 > 30:55:06]
L-BFGS:  91%|█████████ | 907/1000 [3:08:36 > 30:57:07]
L-BFGS:  91%|█████████ | 908/1000 [3:05:43 > 30:59:07]
L-BFGS:  91%|█████████ | 909/1000 [3:05:36 > 31:01:12]
L-BFGS:  91%|█████████ | 910/1000 [3:02:49 > 31:03:13]
L-BFGS:  91%|█████████ | 911/1000 [3:00:43 > 31:05:15]
L-BFGS:  91%|█████████ | 912/1000 [3:00:20 > 31:07:20]
L-BFGS:  91%|█████████▏| 913/1000 [2:59:32 > 31:09:26]
L-BFGS:  91%|█████████▏| 914/1000 [2:58:22 > 31:11:32]
L-BFGS:  92%|█████████▏| 915/1000 [2:55:15 > 31:13:34]
L-BFGS:  92%|█████████▏| 916/1000 [2:53:45 > 31:15:39]
L-BFGS:  92%|█████████▏| 917/1000 [2:50:27 > 31:17:40]
L-BFGS:  92%|█████████▏| 918/1000 [2:48:13 > 31:19:43]
L-BFGS:  92%|█████████▏| 919/1000 [2:45:31 > 31:21:45]
L-BFGS:  92%|█████████▏| 920/1000 [2:45:00 > 31:23:51]
L-BFGS:  92%|█████████▏| 921/1000 [2:43:59 > 31:25:58]
L-BFGS:  92%|█████████▏| 922/1000 [2:41:05 > 31:28:00]
L-BFGS:  92%|█████████▏| 923/1000 [2:40:15 > 31:30:07]
L-BFGS:  92%|█████████▏| 924/1000 [2:38:59 > 31:32:14]
L-BFGS:  92%|█████████▎| 925/1000 [2:36:11 > 31:34:18]
L-BFGS:  93%|█████████▎| 926/1000 [2:33:29 > 31:36:21]
L-BFGS:  93%|█████████▎| 927/1000 [2:30:15 > 31:38:22]
L-BFGS:  93%|█████████▎| 928/1000 [2:29:07 > 31:40:28]
L-BFGS:  93%|█████████▎| 929/1000 [2:27:42 > 31:42:34]
L-BFGS:  93%|█████████▎| 930/1000 [2:25:55 > 31:44:40]
L-BFGS:  93%|█████████▎| 931/1000 [2:22:43 > 31:46:42]
L-BFGS:  93%|█████████▎| 932/1000 [2:21:10 > 31:48:48]
L-BFGS:  93%|█████████▎| 933/1000 [2:19:31 > 31:50:53]
L-BFGS:  93%|█████████▎| 934/1000 [2:17:42 > 31:52:59]
L-BFGS:  94%|█████████▎| 935/1000 [2:14:24 > 31:55:01]
L-BFGS:  94%|█████████▎| 936/1000 [2:11:28 > 31:57:02]
L-BFGS:  94%|█████████▎| 937/1000 [2:08:44 > 31:59:03]
L-BFGS:  94%|█████████▍| 938/1000 [2:07:27 > 32:01:08]
L-BFGS:  94%|█████████▍| 939/1000 [2:04:38 > 32:03:09]
L-BFGS:  94%|█████████▍| 940/1000 [2:03:30 > 32:05:15]
L-BFGS:  94%|█████████▍| 941/1000 [2:00:37 > 32:07:15]
L-BFGS:  94%|█████████▍| 942/1000 [1:59:36 > 32:09:22]
L-BFGS:  94%|█████████▍| 943/1000 [1:56:46 > 32:11:23]
L-BFGS:  94%|█████████▍| 944/1000 [1:55:46 > 32:13:29]
L-BFGS:  94%|█████████▍| 945/1000 [1:53:00 > 32:15:31]
L-BFGS:  95%|█████████▍| 946/1000 [1:52:08 > 32:17:39]
L-BFGS:  95%|█████████▍| 947/1000 [1:50:41 > 32:19:45]
L-BFGS:  95%|█████████▍| 948/1000 [1:48:55 > 32:21:52]
L-BFGS:  95%|█████████▍| 949/1000 [1:47:21 > 32:24:00]
L-BFGS:  95%|█████████▌| 950/1000 [1:45:03 > 32:26:05]
L-BFGS:  95%|█████████▌| 951/1000 [1:41:51 > 32:28:07]
L-BFGS:  95%|█████████▌| 952/1000 [1:38:45 > 32:30:07]
L-BFGS:  95%|█████████▌| 953/1000 [1:36:14 > 32:32:09]
L-BFGS:  95%|█████████▌| 954/1000 [1:33:43 > 32:34:10]
L-BFGS:  96%|█████████▌| 955/1000 [1:31:37 > 32:36:12]
L-BFGS:  96%|█████████▌| 956/1000 [1:29:22 > 32:38:13]
L-BFGS:  96%|█████████▌| 957/1000 [1:28:19 > 32:40:19]
L-BFGS:  96%|█████████▌| 958/1000 [1:26:55 > 32:42:26]
L-BFGS:  96%|█████████▌| 959/1000 [1:25:06 > 32:44:31]
L-BFGS:  96%|█████████▌| 960/1000 [1:22:20 > 32:46:32]
L-BFGS:  96%|█████████▌| 961/1000 [1:19:43 > 32:48:33]
L-BFGS:  96%|█████████▌| 962/1000 [1:18:07 > 32:50:38]
L-BFGS:  96%|█████████▋| 963/1000 [1:16:23 > 32:52:43]
L-BFGS:  96%|█████████▋| 964/1000 [1:13:52 > 32:54:44]
L-BFGS:  96%|█████████▋| 965/1000 [1:12:08 > 32:56:49]
L-BFGS:  97%|█████████▋| 966/1000 [1:09:37 > 32:58:50]
L-BFGS:  97%|█████████▋| 967/1000 [1:07:20 > 33:00:52]
L-BFGS:  97%|█████████▋| 968/1000 [1:05:48 > 33:02:57]
L-BFGS:  97%|█████████▋| 969/1000 [1:04:05 > 33:05:03]
L-BFGS:  97%|█████████▋| 970/1000 [1:02:16 > 33:07:08]
L-BFGS:  97%|█████████▋| 971/1000 [59:37 > 33:09:09]  
L-BFGS:  97%|█████████▋| 972/1000 [57:10 > 33:11:10]
L-BFGS:  97%|█████████▋| 973/1000 [55:39 > 33:13:16]
L-BFGS:  97%|█████████▋| 974/1000 [53:09 > 33:15:16]
L-BFGS:  98%|█████████▊| 975/1000 [50:59 > 33:17:18]
L-BFGS:  98%|█████████▊| 976/1000 [49:23 > 33:19:24]
L-BFGS:  98%|█████████▊| 977/1000 [46:57 > 33:21:24]
L-BFGS:  98%|█████████▊| 978/1000 [44:45 > 33:23:25]
L-BFGS:  98%|█████████▊| 979/1000 [42:39 > 33:25:27]
L-BFGS:  98%|█████████▊| 980/1000 [41:09 > 33:27:34]
L-BFGS:  98%|█████████▊| 981/1000 [38:50 > 33:29:35]
L-BFGS:  98%|█████████▊| 982/1000 [36:44 > 33:31:37]
L-BFGS:  98%|█████████▊| 983/1000 [34:57 > 33:33:42]
L-BFGS:  98%|█████████▊| 984/1000 [33:05 > 33:35:48]
L-BFGS:  98%|█████████▊| 985/1000 [30:45 > 33:37:49]
L-BFGS:  99%|█████████▊| 986/1000 [28:54 > 33:39:54]
L-BFGS:  99%|█████████▊| 987/1000 [26:57 > 33:42:00]
L-BFGS:  99%|█████████▉| 988/1000 [24:40 > 33:44:01]
L-BFGS:  99%|█████████▉| 989/1000 [22:31 > 33:46:03]
L-BFGS:  99%|█████████▉| 990/1000 [20:23 > 33:48:04]
L-BFGS:  99%|█████████▉| 991/1000 [18:20 > 33:50:06]
L-BFGS:  99%|█████████▉| 992/1000 [16:16 > 33:52:07]
L-BFGS:  99%|█████████▉| 993/1000 [14:14 > 33:54:09]
L-BFGS:  99%|█████████▉| 994/1000 [12:10 > 33:56:10]
L-BFGS: 100%|█████████▉| 995/1000 [10:08 > 33:58:12]
L-BFGS: 100%|█████████▉| 996/1000 [08:11 > 34:00:18]
L-BFGS: 100%|█████████▉| 997/1000 [06:12 > 34:02:25]
L-BFGS: 100%|█████████▉| 998/1000 [04:06 > 34:04:26]
L-BFGS: 100%|█████████▉| 999/1000 [02:04 > 34:06:33]
L-BFGS: 100%|██████████| 1000/1000 [00:00 > 34:08:35]
L-BFGS: 100%|██████████| 1000/1000 [00:00 > 34:08:35]
Training saved: C:\Ali Computation\pinn\code\heterogeneous\pino_heterogeneous\results\exp_Ub_piecewise_K100_N500_z2to5_n125_w64_float64_lbfgs1000_maxiter20\pino_heterogeneous_concentration.png C:\Ali Computation\pinn\code\heterogeneous\pino_heterogeneous\results\exp_Ub_piecewise_K100_N500_z2to5_n125_w64_float64_lbfgs1000_maxiter20\pino_heterogeneous_loss.png C:\Ali Computation\pinn\code\heterogeneous\pino_heterogeneous\results\exp_Ub_piecewise_K100_N500_z2to5_n125_w64_float64_lbfgs1000_maxiter20\pino_heterogeneous_model.pt
COMSOL validation: 81 media -> C:\Ali Computation\pinn\code\heterogeneous\pino_heterogeneous\results\exp_Ub_piecewise_K100_N500_z2to5_n125_w64_float64_lbfgs1000_maxiter20\comsol_validation  (x* collocation n=86)

COMSOL vs PINO:   0%|          | 0/81 [00:00<?, ?it/s]
COMSOL vs PINO:   1%|          | 1/81 [00:01<01:22,  1.03s/it]
COMSOL vs PINO:   2%|▏         | 2/81 [00:02<01:21,  1.03s/it]
COMSOL vs PINO:   4%|▎         | 3/81 [00:03<01:20,  1.03s/it]
COMSOL vs PINO:   5%|▍         | 4/81 [00:04<01:26,  1.13s/it]
COMSOL vs PINO:   6%|▌         | 5/81 [00:05<01:22,  1.09s/it]
COMSOL vs PINO:   7%|▋         | 6/81 [00:06<01:19,  1.06s/it]
COMSOL vs PINO:   9%|▊         | 7/81 [00:07<01:18,  1.06s/it]
COMSOL vs PINO:  10%|▉         | 8/81 [00:08<01:16,  1.05s/it]
COMSOL vs PINO:  11%|█         | 9/81 [00:09<01:15,  1.04s/it]
COMSOL vs PINO:  12%|█▏        | 10/81 [00:10<01:14,  1.04s/it]
COMSOL vs PINO:  14%|█▎        | 11/81 [00:11<01:12,  1.04s/it]
COMSOL vs PINO:  15%|█▍        | 12/81 [00:12<01:11,  1.03s/it]
COMSOL vs PINO:  16%|█▌        | 13/81 [00:13<01:10,  1.03s/it]
COMSOL vs PINO:  17%|█▋        | 14/81 [00:14<01:09,  1.04s/it]
COMSOL vs PINO:  19%|█▊        | 15/81 [00:15<01:08,  1.04s/it]
COMSOL vs PINO:  20%|█▉        | 16/81 [00:16<01:07,  1.04s/it]
COMSOL vs PINO:  21%|██        | 17/81 [00:17<01:06,  1.04s/it]
COMSOL vs PINO:  22%|██▏       | 18/81 [00:18<01:05,  1.03s/it]
COMSOL vs PINO:  23%|██▎       | 19/81 [00:20<01:10,  1.13s/it]
COMSOL vs PINO:  25%|██▍       | 20/81 [00:21<01:07,  1.11s/it]
COMSOL vs PINO:  26%|██▌       | 21/81 [00:22<01:05,  1.10s/it]
COMSOL vs PINO:  27%|██▋       | 22/81 [00:23<01:03,  1.08s/it]
COMSOL vs PINO:  28%|██▊       | 23/81 [00:24<01:02,  1.07s/it]
COMSOL vs PINO:  30%|██▉       | 24/81 [00:25<01:01,  1.07s/it]
COMSOL vs PINO:  31%|███       | 25/81 [00:26<00:59,  1.07s/it]
COMSOL vs PINO:  32%|███▏      | 26/81 [00:27<00:58,  1.06s/it]
COMSOL vs PINO:  33%|███▎      | 27/81 [00:28<00:57,  1.06s/it]
COMSOL vs PINO:  35%|███▍      | 28/81 [00:29<00:55,  1.05s/it]
COMSOL vs PINO:  36%|███▌      | 29/81 [00:30<00:54,  1.05s/it]
COMSOL vs PINO:  37%|███▋      | 30/81 [00:31<00:53,  1.05s/it]
COMSOL vs PINO:  38%|███▊      | 31/81 [00:32<00:52,  1.04s/it]
COMSOL vs PINO:  40%|███▉      | 32/81 [00:34<00:55,  1.13s/it]
COMSOL vs PINO:  41%|████      | 33/81 [00:35<00:53,  1.11s/it]
COMSOL vs PINO:  42%|████▏     | 34/81 [00:36<00:51,  1.09s/it]
COMSOL vs PINO:  43%|████▎     | 35/81 [00:37<00:49,  1.07s/it]
COMSOL vs PINO:  44%|████▍     | 36/81 [00:38<00:47,  1.06s/it]
COMSOL vs PINO:  46%|████▌     | 37/81 [00:39<00:46,  1.06s/it]
COMSOL vs PINO:  47%|████▋     | 38/81 [00:40<00:45,  1.05s/it]
COMSOL vs PINO:  48%|████▊     | 39/81 [00:41<00:43,  1.04s/it]
COMSOL vs PINO:  49%|████▉     | 40/81 [00:42<00:42,  1.04s/it]
COMSOL vs PINO:  51%|█████     | 41/81 [00:43<00:41,  1.04s/it]
COMSOL vs PINO:  52%|█████▏    | 42/81 [00:44<00:40,  1.04s/it]
COMSOL vs PINO:  53%|█████▎    | 43/81 [00:45<00:39,  1.04s/it]
COMSOL vs PINO:  54%|█████▍    | 44/81 [00:46<00:38,  1.04s/it]
COMSOL vs PINO:  56%|█████▌    | 45/81 [00:47<00:37,  1.03s/it]
COMSOL vs PINO:  57%|█████▋    | 46/81 [00:48<00:39,  1.13s/it]
COMSOL vs PINO:  58%|█████▊    | 47/81 [00:49<00:37,  1.11s/it]
COMSOL vs PINO:  59%|█████▉    | 48/81 [00:51<00:35,  1.09s/it]
COMSOL vs PINO:  60%|██████    | 49/81 [00:52<00:34,  1.07s/it]
COMSOL vs PINO:  62%|██████▏   | 50/81 [00:53<00:32,  1.06s/it]
COMSOL vs PINO:  63%|██████▎   | 51/81 [00:54<00:31,  1.05s/it]
COMSOL vs PINO:  64%|██████▍   | 52/81 [00:55<00:30,  1.06s/it]
COMSOL vs PINO:  65%|██████▌   | 53/81 [00:56<00:29,  1.06s/it]
COMSOL vs PINO:  67%|██████▋   | 54/81 [00:57<00:28,  1.06s/it]
COMSOL vs PINO:  68%|██████▊   | 55/81 [00:58<00:27,  1.06s/it]
COMSOL vs PINO:  69%|██████▉   | 56/81 [00:59<00:26,  1.06s/it]
COMSOL vs PINO:  70%|███████   | 57/81 [01:00<00:25,  1.05s/it]
COMSOL vs PINO:  72%|███████▏  | 58/81 [01:01<00:24,  1.05s/it]
COMSOL vs PINO:  73%|███████▎  | 59/81 [01:02<00:25,  1.14s/it]
COMSOL vs PINO:  74%|███████▍  | 60/81 [01:03<00:23,  1.11s/it]
COMSOL vs PINO:  75%|███████▌  | 61/81 [01:04<00:21,  1.09s/it]
COMSOL vs PINO:  77%|███████▋  | 62/81 [01:06<00:20,  1.08s/it]
COMSOL vs PINO:  78%|███████▊  | 63/81 [01:07<00:19,  1.07s/it]
COMSOL vs PINO:  79%|███████▉  | 64/81 [01:08<00:18,  1.07s/it]
COMSOL vs PINO:  80%|████████  | 65/81 [01:09<00:16,  1.06s/it]
COMSOL vs PINO:  81%|████████▏ | 66/81 [01:10<00:15,  1.05s/it]
COMSOL vs PINO:  83%|████████▎ | 67/81 [01:11<00:14,  1.05s/it]
COMSOL vs PINO:  84%|████████▍ | 68/81 [01:12<00:13,  1.04s/it]
COMSOL vs PINO:  85%|████████▌ | 69/81 [01:13<00:12,  1.04s/it]
COMSOL vs PINO:  86%|████████▋ | 70/81 [01:14<00:11,  1.04s/it]
COMSOL vs PINO:  88%|████████▊ | 71/81 [01:15<00:10,  1.04s/it]
COMSOL vs PINO:  89%|████████▉ | 72/81 [01:16<00:10,  1.14s/it]
COMSOL vs PINO:  90%|█████████ | 73/81 [01:17<00:08,  1.11s/it]
COMSOL vs PINO:  91%|█████████▏| 74/81 [01:18<00:07,  1.09s/it]
COMSOL vs PINO:  93%|█████████▎| 75/81 [01:19<00:06,  1.08s/it]
COMSOL vs PINO:  94%|█████████▍| 76/81 [01:20<00:05,  1.07s/it]
COMSOL vs PINO:  95%|█████████▌| 77/81 [01:21<00:04,  1.06s/it]
COMSOL vs PINO:  96%|█████████▋| 78/81 [01:23<00:03,  1.06s/it]
COMSOL vs PINO:  98%|█████████▊| 79/81 [01:24<00:02,  1.06s/it]
COMSOL vs PINO:  99%|█████████▉| 80/81 [01:25<00:01,  1.05s/it]
COMSOL vs PINO: 100%|██████████| 81/81 [01:26<00:00,  1.05s/it]
COMSOL vs PINO: 100%|██████████| 81/81 [01:26<00:00,  1.06s/it]
COMSOL validation summary: n=81  mean=2.994025e-02  max=6.461134e-02  min=1.100369e-02
Wrote C:\Ali Computation\pinn\code\heterogeneous\pino_heterogeneous\results\exp_Ub_piecewise_K100_N500_z2to5_n125_w64_float64_lbfgs1000_maxiter20\comsol_validation\comsol_validation_summary.csv
Run metadata: C:\Ali Computation\pinn\code\heterogeneous\pino_heterogeneous\results\exp_Ub_piecewise_K100_N500_z2to5_n125_w64_float64_lbfgs1000_maxiter20\run_meta.json
Wall-clock train: 122916.7 s
Wall-clock validation: 86.2 s
Wall-clock total: 123015.7 s  device=cuda

# exit 0 after 1 day, 10:10:26.229072
