# code/heterogeneous/pino_heterogeneous/pinn1d_heterogeneous_parametric_neural_operator.py --design grf --n-sensors 100 --n-grf 0 --n-piecewise-per-zones 50 --piecewise-zone-counts 1,2,3,4,5 --min-zone-frac 0.1 --arch w64 --dtype float64 --early-stop-patience 150 --lr-lbfgs 0.1 --lbfgs-max-iter 20 --epochs 1000 --out-dir results/exp_Uc_piecewise_K100_N250_z1to5_min10pct_w64_float64_lbfgs1000_maxiter20
# started 2026-06-28 01:03:55
# cwd C:\Ali Computation\pinn\code\heterogeneous\pino_heterogeneous

Using GPU: NVIDIA GeForce RTX 3090 (cuda:0, dtype=torch.float64)
PE (computed) = 0.010368
design=grf  media_mode=grf  n_train_requested=250  n_corner_anchors=16  arch=w64  batch_mode=True
branch=[100, 64, 64, 64]  trunk=[2, 64, 64, 64, 64]
results_dir=C:\Ali Computation\pinn\code\heterogeneous\pino_heterogeneous\results\exp_Uc_piecewise_K100_N250_z1to5_min10pct_w64_float64_lbfgs1000_maxiter20
Training: 250 piecewise (50 each for zones [1, 2, 3, 4, 5]), min_zone_frac=0.1 = 250 total; K=100 uniform sensors, grid_n=201
  saved/loaded: C:\Ali Computation\pinn\code\heterogeneous\pino_heterogeneous\results\exp_Uc_piecewise_K100_N250_z1to5_min10pct_w64_float64_lbfgs1000_maxiter20\train_grf_cases.npz
  branch CFL range [0.120358, 0.599469]
PDE mesh: bulk 50x50x250 (no interface bands in GRF mode)
COMSOL validation: 81 fixed grid cases from comsol_4zones.txt -> C:\Ali Computation\pinn\code\heterogeneous\pino_heterogeneous\results\exp_Uc_piecewise_K100_N250_z1to5_min10pct_w64_float64_lbfgs1000_maxiter20\comsol_validation
run_training=True  run_comsol_validation=True  validate_only=False  skip_validation_plots=False
L-BFGS early stopping: patience=150 (max steps=1000)
L-BFGS: lr=0.1  max_iter=20  outer_steps=1000
PDE collocation points: 625,000 (bulk 625,000, interface 0)
Collocation mesh plot (pre-train): C:\Ali Computation\pinn\code\heterogeneous\pino_heterogeneous\results\exp_Uc_piecewise_K100_N250_z1to5_min10pct_w64_float64_lbfgs1000_maxiter20\pino_heterogeneous_collocation_points.png
LBFGS (
Parameter Group 0
    history_size: 50
    line_search_fn: strong_wolfe
    lr: 0.1
    max_eval: 25
    max_iter: 20
    tolerance_change: 1e-09
    tolerance_grad: 1e-07
)
Early stopping: patience=150 L-BFGS steps (no total-loss improvement, rtol=1e-12)

L-BFGS:   0%|          | 0/1000 [? > 00:00]
L-BFGS:   0%|          | 1/1000 [4:44:13 > 00:17]
L-BFGS:   0%|          | 2/1000 [4:40:27 > 00:33]
L-BFGS:   0%|          | 3/1000 [4:45:27 > 00:51]
L-BFGS:   0%|          | 4/1000 [4:47:58 > 01:08]
L-BFGS:   0%|          | 5/1000 [4:45:25 > 01:25]
L-BFGS:   1%|          | 6/1000 [4:43:48 > 01:42]
L-BFGS:   1%|          | 7/1000 [4:43:17 > 01:59]
L-BFGS:   1%|          | 8/1000 [4:42:45 > 02:17]
L-BFGS:   1%|          | 9/1000 [4:42:37 > 02:34]
L-BFGS:   1%|          | 10/1000 [4:43:00 > 02:51]
L-BFGS:   1%|          | 11/1000 [4:42:57 > 03:08]
L-BFGS:   1%|          | 12/1000 [4:42:54 > 03:25]
L-BFGS:   1%|▏         | 13/1000 [4:42:59 > 03:43]
L-BFGS:   1%|▏         | 14/1000 [4:42:45 > 04:00]
L-BFGS:   2%|▏         | 15/1000 [4:42:47 > 04:17]
L-BFGS:   2%|▏         | 16/1000 [4:42:23 > 04:34]
L-BFGS:   2%|▏         | 17/1000 [4:45:34 > 04:52]
L-BFGS:   2%|▏         | 18/1000 [4:47:43 > 05:10]
L-BFGS:   2%|▏         | 19/1000 [4:48:56 > 05:28]
L-BFGS:   2%|▏         | 20/1000 [4:46:02 > 05:45]
L-BFGS:   2%|▏         | 21/1000 [4:44:04 > 06:02]
L-BFGS:   2%|▏         | 22/1000 [4:42:33 > 06:19]
L-BFGS:   2%|▏         | 23/1000 [4:41:12 > 06:37]
L-BFGS:   2%|▏         | 24/1000 [4:43:33 > 06:54]
L-BFGS:   2%|▎         | 25/1000 [4:45:04 > 07:12]
L-BFGS:   3%|▎         | 26/1000 [4:42:42 > 07:29]
L-BFGS:   3%|▎         | 27/1000 [4:44:20 > 07:47]
L-BFGS:   3%|▎         | 28/1000 [4:41:58 > 08:04]
L-BFGS:   3%|▎         | 29/1000 [4:40:14 > 08:21]
L-BFGS:   3%|▎         | 30/1000 [4:42:17 > 08:39]
L-BFGS:   3%|▎         | 31/1000 [4:43:47 > 08:57]
L-BFGS:   3%|▎         | 32/1000 [4:41:18 > 09:14]
L-BFGS:   3%|▎         | 33/1000 [4:42:52 > 09:32]
L-BFGS:   3%|▎         | 34/1000 [4:43:46 > 09:50]
L-BFGS:   4%|▎         | 35/1000 [4:44:23 > 10:08]
L-BFGS:   4%|▎         | 36/1000 [4:41:34 > 10:25]
L-BFGS:   4%|▎         | 37/1000 [4:39:27 > 10:42]
L-BFGS:   4%|▍         | 38/1000 [4:41:05 > 11:00]
L-BFGS:   4%|▍         | 39/1000 [4:39:21 > 11:17]
L-BFGS:   4%|▍         | 40/1000 [4:38:02 > 11:34]
L-BFGS:   4%|▍         | 41/1000 [4:37:00 > 11:51]
L-BFGS:   4%|▍         | 42/1000 [4:39:55 > 12:09]
L-BFGS:   4%|▍         | 43/1000 [4:38:13 > 12:27]
L-BFGS:   4%|▍         | 44/1000 [4:40:11 > 12:45]
L-BFGS:   4%|▍         | 45/1000 [4:38:11 > 13:02]
L-BFGS:   5%|▍         | 46/1000 [4:36:49 > 13:19]
L-BFGS:   5%|▍         | 47/1000 [4:39:04 > 13:37]
L-BFGS:   5%|▍         | 48/1000 [4:37:14 > 13:54]
L-BFGS:   5%|▍         | 49/1000 [4:38:58 > 14:12]
L-BFGS:   5%|▌         | 50/1000 [4:39:40 > 14:30]
L-BFGS:   5%|▌         | 51/1000 [4:36:52 > 14:47]
L-BFGS:   5%|▌         | 52/1000 [4:38:07 > 15:05]
L-BFGS:   5%|▌         | 53/1000 [4:35:33 > 15:22]
L-BFGS:   5%|▌         | 54/1000 [4:33:43 > 15:39]
L-BFGS:   6%|▌         | 55/1000 [4:35:42 > 15:57]
L-BFGS:   6%|▌         | 56/1000 [4:36:55 > 16:15]
L-BFGS:   6%|▌         | 57/1000 [4:37:32 > 16:33]
L-BFGS:   6%|▌         | 58/1000 [4:34:46 > 16:50]
L-BFGS:   6%|▌         | 59/1000 [4:32:46 > 17:07]
L-BFGS:   6%|▌         | 60/1000 [4:34:24 > 17:25]
L-BFGS:   6%|▌         | 61/1000 [4:35:27 > 17:42]
L-BFGS:   6%|▌         | 62/1000 [4:32:56 > 18:00]
L-BFGS:   6%|▋         | 63/1000 [4:31:07 > 18:17]
L-BFGS:   6%|▋         | 64/1000 [4:32:58 > 18:35]
L-BFGS:   6%|▋         | 65/1000 [4:31:07 > 18:52]
L-BFGS:   7%|▋         | 66/1000 [4:32:48 > 19:10]
L-BFGS:   7%|▋         | 67/1000 [4:30:37 > 19:27]
L-BFGS:   7%|▋         | 68/1000 [4:32:40 > 19:45]
L-BFGS:   7%|▋         | 69/1000 [4:30:52 > 20:02]
L-BFGS:   7%|▋         | 70/1000 [4:29:34 > 20:19]
L-BFGS:   7%|▋         | 71/1000 [4:31:42 > 20:37]
L-BFGS:   7%|▋         | 72/1000 [4:29:55 > 20:54]
L-BFGS:   7%|▋         | 73/1000 [4:31:50 > 21:12]
L-BFGS:   7%|▋         | 74/1000 [4:29:48 > 21:29]
L-BFGS:   8%|▊         | 75/1000 [4:28:20 > 21:47]
L-BFGS:   8%|▊         | 76/1000 [4:30:33 > 22:04]
L-BFGS:   8%|▊         | 77/1000 [4:28:44 > 22:22]
L-BFGS:   8%|▊         | 78/1000 [4:27:15 > 22:39]
L-BFGS:   8%|▊         | 79/1000 [4:25:42 > 22:56]
L-BFGS:   8%|▊         | 80/1000 [4:27:44 > 23:14]
L-BFGS:   8%|▊         | 81/1000 [4:25:57 > 23:31]
L-BFGS:   8%|▊         | 82/1000 [4:24:42 > 23:48]
L-BFGS:   8%|▊         | 83/1000 [4:23:36 > 24:05]
L-BFGS:   8%|▊         | 84/1000 [4:25:55 > 24:23]
L-BFGS:   8%|▊         | 85/1000 [4:27:30 > 24:41]
L-BFGS:   9%|▊         | 86/1000 [4:25:22 > 24:58]
L-BFGS:   9%|▊         | 87/1000 [4:23:43 > 25:15]
L-BFGS:   9%|▉         | 88/1000 [4:22:21 > 25:32]
L-BFGS:   9%|▉         | 89/1000 [4:24:26 > 25:50]
L-BFGS:   9%|▉         | 90/1000 [4:22:45 > 26:07]
L-BFGS:   9%|▉         | 91/1000 [4:21:34 > 26:24]
L-BFGS:   9%|▉         | 92/1000 [4:20:47 > 26:41]
L-BFGS:   9%|▉         | 93/1000 [4:23:05 > 26:59]
L-BFGS:   9%|▉         | 94/1000 [4:24:36 > 27:17]
L-BFGS:  10%|▉         | 95/1000 [4:25:33 > 27:35]
L-BFGS:  10%|▉         | 96/1000 [4:23:05 > 27:52]
L-BFGS:  10%|▉         | 97/1000 [4:24:28 > 28:10]
L-BFGS:  10%|▉         | 98/1000 [4:22:32 > 28:27]
L-BFGS:  10%|▉         | 99/1000 [4:24:18 > 28:45]
L-BFGS:  10%|█         | 100/1000 [4:25:26 > 29:03]
L-BFGS:  10%|█         | 101/1000 [4:23:01 > 29:20]
L-BFGS:  10%|█         | 102/1000 [4:24:30 > 29:38]
L-BFGS:  10%|█         | 103/1000 [4:22:12 > 29:55]
L-BFGS:  10%|█         | 104/1000 [4:20:32 > 30:12]
L-BFGS:  10%|█         | 105/1000 [4:22:24 > 30:30]
L-BFGS:  11%|█         | 106/1000 [4:23:34 > 30:48]
L-BFGS:  11%|█         | 107/1000 [4:21:18 > 31:06]
L-BFGS:  11%|█         | 108/1000 [4:19:16 > 31:23]
L-BFGS:  11%|█         | 109/1000 [4:17:32 > 31:40]
L-BFGS:  11%|█         | 110/1000 [4:19:18 > 31:58]
L-BFGS:  11%|█         | 111/1000 [4:17:21 > 32:15]
L-BFGS:  11%|█         | 112/1000 [4:15:54 > 32:32]
L-BFGS:  11%|█▏        | 113/1000 [4:14:52 > 32:49]
L-BFGS:  11%|█▏        | 114/1000 [4:17:06 > 33:07]
L-BFGS:  12%|█▏        | 115/1000 [4:18:35 > 33:25]
L-BFGS:  12%|█▏        | 116/1000 [4:19:29 > 33:42]
L-BFGS:  12%|█▏        | 117/1000 [4:20:10 > 34:00]
L-BFGS:  12%|█▏        | 118/1000 [4:20:24 > 34:18]
L-BFGS:  12%|█▏        | 119/1000 [4:17:34 > 34:35]
L-BFGS:  12%|█▏        | 120/1000 [4:15:26 > 34:52]
L-BFGS:  12%|█▏        | 121/1000 [4:16:50 > 35:10]
L-BFGS:  12%|█▏        | 122/1000 [4:17:43 > 35:28]
L-BFGS:  12%|█▏        | 123/1000 [4:18:14 > 35:46]
L-BFGS:  12%|█▏        | 124/1000 [4:15:33 > 36:03]
L-BFGS:  12%|█▎        | 125/1000 [4:13:31 > 36:20]
L-BFGS:  13%|█▎        | 126/1000 [4:12:02 > 36:37]
L-BFGS:  13%|█▎        | 127/1000 [4:11:23 > 36:54]
L-BFGS:  13%|█▎        | 128/1000 [4:13:55 > 37:12]
L-BFGS:  13%|█▎        | 129/1000 [4:15:35 > 37:30]
L-BFGS:  13%|█▎        | 130/1000 [4:13:41 > 37:47]
L-BFGS:  13%|█▎        | 131/1000 [4:12:18 > 38:05]
L-BFGS:  13%|█▎        | 132/1000 [4:11:12 > 38:22]
L-BFGS:  13%|█▎        | 133/1000 [4:13:15 > 38:40]
L-BFGS:  13%|█▎        | 134/1000 [4:14:42 > 38:58]
L-BFGS:  14%|█▎        | 135/1000 [4:15:38 > 39:16]
L-BFGS:  14%|█▎        | 136/1000 [4:13:25 > 39:33]
L-BFGS:  14%|█▎        | 137/1000 [4:14:18 > 39:51]
L-BFGS:  14%|█▍        | 138/1000 [4:14:27 > 40:09]
L-BFGS:  14%|█▍        | 139/1000 [4:11:34 > 40:26]
L-BFGS:  14%|█▍        | 140/1000 [4:12:25 > 40:43]
L-BFGS:  14%|█▍        | 141/1000 [4:09:59 > 41:01]
L-BFGS:  14%|█▍        | 142/1000 [4:11:16 > 41:18]
L-BFGS:  14%|█▍        | 143/1000 [4:09:03 > 41:36]
L-BFGS:  14%|█▍        | 144/1000 [4:10:25 > 41:53]
L-BFGS:  14%|█▍        | 145/1000 [4:11:11 > 42:11]
L-BFGS:  15%|█▍        | 146/1000 [4:11:41 > 42:29]
L-BFGS:  15%|█▍        | 147/1000 [4:11:50 > 42:47]
L-BFGS:  15%|█▍        | 148/1000 [4:09:01 > 43:04]
L-BFGS:  15%|█▍        | 149/1000 [4:09:51 > 43:22]
L-BFGS:  15%|█▌        | 150/1000 [4:10:20 > 43:39]
L-BFGS:  15%|█▌        | 151/1000 [4:10:33 > 43:57]
L-BFGS:  15%|█▌        | 152/1000 [4:10:36 > 44:15]
L-BFGS:  15%|█▌        | 153/1000 [4:07:44 > 44:32]
L-BFGS:  15%|█▌        | 154/1000 [4:05:34 > 44:49]
L-BFGS:  16%|█▌        | 155/1000 [4:06:56 > 45:07]
L-BFGS:  16%|█▌        | 156/1000 [4:08:11 > 45:25]
L-BFGS:  16%|█▌        | 157/1000 [4:09:02 > 45:43]
L-BFGS:  16%|█▌        | 158/1000 [4:09:38 > 46:01]
L-BFGS:  16%|█▌        | 159/1000 [4:06:54 > 46:18]
L-BFGS:  16%|█▌        | 160/1000 [4:04:57 > 46:35]
L-BFGS:  16%|█▌        | 161/1000 [4:06:23 > 46:53]
L-BFGS:  16%|█▌        | 162/1000 [4:04:26 > 47:10]
L-BFGS:  16%|█▋        | 163/1000 [4:05:50 > 47:28]
L-BFGS:  16%|█▋        | 164/1000 [4:03:59 > 47:46]
L-BFGS:  16%|█▋        | 165/1000 [4:05:29 > 48:04]
L-BFGS:  17%|█▋        | 166/1000 [4:03:21 > 48:21]
L-BFGS:  17%|█▋        | 167/1000 [4:01:33 > 48:38]
L-BFGS:  17%|█▋        | 168/1000 [4:00:10 > 48:55]
L-BFGS:  17%|█▋        | 169/1000 [3:59:00 > 49:12]
L-BFGS:  17%|█▋        | 170/1000 [4:01:03 > 49:30]
L-BFGS:  17%|█▋        | 171/1000 [4:02:17 > 49:48]
L-BFGS:  17%|█▋        | 172/1000 [4:03:03 > 50:05]
L-BFGS:  17%|█▋        | 173/1000 [4:00:49 > 50:23]
L-BFGS:  17%|█▋        | 174/1000 [4:01:51 > 50:40]
L-BFGS:  18%|█▊        | 175/1000 [3:59:42 > 50:58]
L-BFGS:  18%|█▊        | 176/1000 [4:01:00 > 51:15]
L-BFGS:  18%|█▊        | 177/1000 [3:58:55 > 51:32]
L-BFGS:  18%|█▊        | 178/1000 [3:57:26 > 51:50]
L-BFGS:  18%|█▊        | 179/1000 [3:59:20 > 52:07]
L-BFGS:  18%|█▊        | 180/1000 [3:57:31 > 52:25]
L-BFGS:  18%|█▊        | 181/1000 [3:56:14 > 52:42]
L-BFGS:  18%|█▊        | 182/1000 [3:55:17 > 52:59]
L-BFGS:  18%|█▊        | 183/1000 [3:54:21 > 53:16]
L-BFGS:  18%|█▊        | 184/1000 [3:56:31 > 53:34]
L-BFGS:  18%|█▊        | 185/1000 [3:58:21 > 53:52]
L-BFGS:  19%|█▊        | 186/1000 [3:59:33 > 54:10]
L-BFGS:  19%|█▊        | 187/1000 [4:00:18 > 54:28]
L-BFGS:  19%|█▉        | 188/1000 [3:57:57 > 54:45]
L-BFGS:  19%|█▉        | 189/1000 [3:56:15 > 55:02]
L-BFGS:  19%|█▉        | 190/1000 [3:57:42 > 55:20]
L-BFGS:  19%|█▉        | 191/1000 [3:55:56 > 55:37]
L-BFGS:  19%|█▉        | 192/1000 [3:54:32 > 55:54]
L-BFGS:  19%|█▉        | 193/1000 [3:53:28 > 56:12]
L-BFGS:  19%|█▉        | 194/1000 [3:55:29 > 56:30]
L-BFGS:  20%|█▉        | 195/1000 [3:56:38 > 56:47]
L-BFGS:  20%|█▉        | 196/1000 [3:56:57 > 57:05]
L-BFGS:  20%|█▉        | 197/1000 [3:57:16 > 57:23]
L-BFGS:  20%|█▉        | 198/1000 [3:57:16 > 57:41]
L-BFGS:  20%|█▉        | 199/1000 [3:54:25 > 57:58]
L-BFGS:  20%|██        | 200/1000 [3:52:22 > 58:15]
L-BFGS:  20%|██        | 201/1000 [3:50:48 > 58:32]
L-BFGS:  20%|██        | 202/1000 [3:52:21 > 58:50]
L-BFGS:  20%|██        | 203/1000 [3:53:20 > 59:08]
L-BFGS:  20%|██        | 204/1000 [3:51:15 > 59:25]
L-BFGS:  20%|██        | 205/1000 [3:49:45 > 59:42]
L-BFGS:  21%|██        | 206/1000 [3:48:34 > 59:59]
L-BFGS:  21%|██        | 207/1000 [3:50:19 > 1:00:17]
L-BFGS:  21%|██        | 208/1000 [3:48:49 > 1:00:34]
L-BFGS:  21%|██        | 209/1000 [3:47:43 > 1:00:51]
L-BFGS:  21%|██        | 210/1000 [3:46:48 > 1:01:08]
L-BFGS:  21%|██        | 211/1000 [3:46:10 > 1:01:25]
L-BFGS:  21%|██        | 212/1000 [3:45:35 > 1:01:43]
L-BFGS:  21%|██▏       | 213/1000 [3:47:43 > 1:02:00]
L-BFGS:  21%|██▏       | 214/1000 [3:49:21 > 1:02:18]
L-BFGS:  22%|██▏       | 215/1000 [3:50:37 > 1:02:36]
L-BFGS:  22%|██▏       | 216/1000 [3:51:28 > 1:02:54]
L-BFGS:  22%|██▏       | 217/1000 [3:52:02 > 1:03:12]
L-BFGS:  22%|██▏       | 218/1000 [3:49:36 > 1:03:29]
L-BFGS:  22%|██▏       | 219/1000 [3:50:29 > 1:03:47]
L-BFGS:  22%|██▏       | 220/1000 [3:48:14 > 1:04:04]
L-BFGS:  22%|██▏       | 221/1000 [3:46:38 > 1:04:22]
L-BFGS:  22%|██▏       | 222/1000 [3:45:28 > 1:04:39]
L-BFGS:  22%|██▏       | 223/1000 [3:44:37 > 1:04:56]
L-BFGS:  22%|██▏       | 224/1000 [3:43:58 > 1:05:13]
L-BFGS:  22%|██▎       | 225/1000 [3:43:08 > 1:05:30]
L-BFGS:  23%|██▎       | 226/1000 [3:44:51 > 1:05:48]
L-BFGS:  23%|██▎       | 227/1000 [3:45:56 > 1:06:06]
L-BFGS:  23%|██▎       | 228/1000 [3:44:01 > 1:06:23]
L-BFGS:  23%|██▎       | 229/1000 [3:45:13 > 1:06:41]
L-BFGS:  23%|██▎       | 230/1000 [3:43:22 > 1:06:58]
L-BFGS:  23%|██▎       | 231/1000 [3:44:41 > 1:07:16]
L-BFGS:  23%|██▎       | 232/1000 [3:45:22 > 1:07:34]
L-BFGS:  23%|██▎       | 233/1000 [3:43:10 > 1:07:51]
L-BFGS:  23%|██▎       | 234/1000 [3:41:33 > 1:08:08]
L-BFGS:  24%|██▎       | 235/1000 [3:42:59 > 1:08:26]
L-BFGS:  24%|██▎       | 236/1000 [3:41:15 > 1:08:43]
L-BFGS:  24%|██▎       | 237/1000 [3:40:01 > 1:09:00]
L-BFGS:  24%|██▍       | 238/1000 [3:39:02 > 1:09:17]
L-BFGS:  24%|██▍       | 239/1000 [3:40:54 > 1:09:35]
L-BFGS:  24%|██▍       | 240/1000 [3:39:26 > 1:09:52]
L-BFGS:  24%|██▍       | 241/1000 [3:40:54 > 1:10:10]
L-BFGS:  24%|██▍       | 242/1000 [3:39:20 > 1:10:27]
L-BFGS:  24%|██▍       | 243/1000 [3:38:11 > 1:10:44]
L-BFGS:  24%|██▍       | 244/1000 [3:37:44 > 1:11:01]
L-BFGS:  24%|██▍       | 245/1000 [3:37:14 > 1:11:18]
L-BFGS:  25%|██▍       | 246/1000 [3:39:29 > 1:11:36]
L-BFGS:  25%|██▍       | 247/1000 [3:40:52 > 1:11:54]
L-BFGS:  25%|██▍       | 248/1000 [3:41:51 > 1:12:12]
L-BFGS:  25%|██▍       | 249/1000 [3:42:18 > 1:12:30]
L-BFGS:  25%|██▌       | 250/1000 [3:40:01 > 1:12:47]
L-BFGS:  25%|██▌       | 251/1000 [3:38:19 > 1:13:05]
L-BFGS:  25%|██▌       | 252/1000 [3:37:13 > 1:13:22]
L-BFGS:  25%|██▌       | 253/1000 [3:36:11 > 1:13:39]
L-BFGS:  25%|██▌       | 254/1000 [3:37:41 > 1:13:57]
L-BFGS:  26%|██▌       | 255/1000 [3:38:32 > 1:14:15]
L-BFGS:  26%|██▌       | 256/1000 [3:36:36 > 1:14:32]
L-BFGS:  26%|██▌       | 257/1000 [3:35:03 > 1:14:49]
L-BFGS:  26%|██▌       | 258/1000 [3:33:54 > 1:15:06]
L-BFGS:  26%|██▌       | 259/1000 [3:35:25 > 1:15:24]
L-BFGS:  26%|██▌       | 260/1000 [3:36:27 > 1:15:42]
L-BFGS:  26%|██▌       | 261/1000 [3:37:03 > 1:16:00]
L-BFGS:  26%|██▌       | 262/1000 [3:37:25 > 1:16:17]
L-BFGS:  26%|██▋       | 263/1000 [3:35:05 > 1:16:35]
L-BFGS:  26%|██▋       | 264/1000 [3:33:21 > 1:16:52]
L-BFGS:  26%|██▋       | 265/1000 [3:32:06 > 1:17:09]
L-BFGS:  27%|██▋       | 266/1000 [3:31:05 > 1:17:26]
L-BFGS:  27%|██▋       | 267/1000 [3:30:16 > 1:17:43]
L-BFGS:  27%|██▋       | 268/1000 [3:32:12 > 1:18:01]
L-BFGS:  27%|██▋       | 269/1000 [3:33:27 > 1:18:19]
L-BFGS:  27%|██▋       | 270/1000 [3:31:42 > 1:18:36]
L-BFGS:  27%|██▋       | 271/1000 [3:32:54 > 1:18:54]
L-BFGS:  27%|██▋       | 272/1000 [3:31:11 > 1:19:11]
L-BFGS:  27%|██▋       | 273/1000 [3:30:14 > 1:19:28]
L-BFGS:  27%|██▋       | 274/1000 [3:29:30 > 1:19:45]
L-BFGS:  28%|██▊       | 275/1000 [3:31:25 > 1:20:03]
L-BFGS:  28%|██▊       | 276/1000 [3:30:09 > 1:20:20]
L-BFGS:  28%|██▊       | 277/1000 [3:29:14 > 1:20:38]
L-BFGS:  28%|██▊       | 278/1000 [3:28:25 > 1:20:55]
L-BFGS:  28%|██▊       | 279/1000 [3:30:07 > 1:21:13]
L-BFGS:  28%|██▊       | 280/1000 [3:29:00 > 1:21:30]
L-BFGS:  28%|██▊       | 281/1000 [3:28:00 > 1:21:47]
L-BFGS:  28%|██▊       | 282/1000 [3:27:15 > 1:22:04]
L-BFGS:  28%|██▊       | 283/1000 [3:29:06 > 1:22:22]
L-BFGS:  28%|██▊       | 284/1000 [3:29:56 > 1:22:40]
L-BFGS:  28%|██▊       | 285/1000 [3:28:00 > 1:22:57]
L-BFGS:  29%|██▊       | 286/1000 [3:26:30 > 1:23:14]
L-BFGS:  29%|██▊       | 287/1000 [3:25:24 > 1:23:31]
L-BFGS:  29%|██▉       | 288/1000 [3:24:40 > 1:23:49]
L-BFGS:  29%|██▉       | 289/1000 [3:26:18 > 1:24:06]
L-BFGS:  29%|██▉       | 290/1000 [3:27:21 > 1:24:24]
L-BFGS:  29%|██▉       | 291/1000 [3:25:40 > 1:24:41]
L-BFGS:  29%|██▉       | 292/1000 [3:24:20 > 1:24:58]
L-BFGS:  29%|██▉       | 293/1000 [3:23:21 > 1:25:16]
L-BFGS:  29%|██▉       | 294/1000 [3:22:32 > 1:25:33]
L-BFGS:  30%|██▉       | 295/1000 [3:21:53 > 1:25:50]
L-BFGS:  30%|██▉       | 296/1000 [3:21:24 > 1:26:07]
L-BFGS:  30%|██▉       | 297/1000 [3:20:55 > 1:26:24]
L-BFGS:  30%|██▉       | 298/1000 [3:22:57 > 1:26:42]
L-BFGS:  30%|██▉       | 299/1000 [3:21:54 > 1:26:59]
L-BFGS:  30%|███       | 300/1000 [3:21:00 > 1:27:16]
L-BFGS:  30%|███       | 301/1000 [3:22:43 > 1:27:34]
L-BFGS:  30%|███       | 302/1000 [3:21:34 > 1:27:51]
L-BFGS:  30%|███       | 303/1000 [3:23:19 > 1:28:09]
L-BFGS:  30%|███       | 304/1000 [3:24:23 > 1:28:27]
L-BFGS:  30%|███       | 305/1000 [3:22:40 > 1:28:44]
L-BFGS:  31%|███       | 306/1000 [3:23:48 > 1:29:02]
L-BFGS:  31%|███       | 307/1000 [3:24:31 > 1:29:20]
L-BFGS:  31%|███       | 308/1000 [3:24:59 > 1:29:38]
L-BFGS:  31%|███       | 309/1000 [3:25:11 > 1:29:56]
L-BFGS:  31%|███       | 310/1000 [3:22:51 > 1:30:13]
L-BFGS:  31%|███       | 311/1000 [3:23:32 > 1:30:31]
L-BFGS:  31%|███       | 312/1000 [3:21:29 > 1:30:48]
L-BFGS:  31%|███▏      | 313/1000 [3:19:48 > 1:31:05]
L-BFGS:  31%|███▏      | 314/1000 [3:18:20 > 1:31:22]
L-BFGS:  32%|███▏      | 315/1000 [3:17:20 > 1:31:39]
L-BFGS:  32%|███▏      | 316/1000 [3:18:49 > 1:31:57]
L-BFGS:  32%|███▏      | 317/1000 [3:17:24 > 1:32:14]
L-BFGS:  32%|███▏      | 318/1000 [3:16:19 > 1:32:31]
L-BFGS:  32%|███▏      | 319/1000 [3:17:47 > 1:32:49]
L-BFGS:  32%|███▏      | 320/1000 [3:18:46 > 1:33:07]
L-BFGS:  32%|███▏      | 321/1000 [3:17:03 > 1:33:24]
L-BFGS:  32%|███▏      | 322/1000 [3:15:41 > 1:33:41]
L-BFGS:  32%|███▏      | 323/1000 [3:14:45 > 1:33:58]
L-BFGS:  32%|███▏      | 324/1000 [3:14:00 > 1:34:16]
L-BFGS:  32%|███▎      | 325/1000 [3:13:20 > 1:34:33]
L-BFGS:  33%|███▎      | 326/1000 [3:12:53 > 1:34:50]
L-BFGS:  33%|███▎      | 327/1000 [3:12:22 > 1:35:07]
L-BFGS:  33%|███▎      | 328/1000 [3:11:56 > 1:35:24]
L-BFGS:  33%|███▎      | 329/1000 [3:11:34 > 1:35:41]
L-BFGS:  33%|███▎      | 330/1000 [3:11:13 > 1:35:58]
L-BFGS:  33%|███▎      | 331/1000 [3:10:54 > 1:36:15]
L-BFGS:  33%|███▎      | 332/1000 [3:10:46 > 1:36:33]
L-BFGS:  33%|███▎      | 333/1000 [3:10:48 > 1:36:50]
L-BFGS:  33%|███▎      | 334/1000 [3:12:59 > 1:37:08]
L-BFGS:  34%|███▎      | 335/1000 [3:12:07 > 1:37:25]
L-BFGS:  34%|███▎      | 336/1000 [3:11:28 > 1:37:42]
L-BFGS:  34%|███▎      | 337/1000 [3:10:56 > 1:37:59]
L-BFGS:  34%|███▍      | 338/1000 [3:10:28 > 1:38:17]
L-BFGS:  34%|███▍      | 339/1000 [3:10:01 > 1:38:34]
L-BFGS:  34%|███▍      | 340/1000 [3:09:35 > 1:38:51]
L-BFGS:  34%|███▍      | 341/1000 [3:09:17 > 1:39:08]
L-BFGS:  34%|███▍      | 342/1000 [3:11:15 > 1:39:26]
L-BFGS:  34%|███▍      | 343/1000 [3:12:13 > 1:39:44]
L-BFGS:  34%|███▍      | 344/1000 [3:12:41 > 1:40:02]
L-BFGS:  34%|███▍      | 345/1000 [3:10:43 > 1:40:19]
L-BFGS:  35%|███▍      | 346/1000 [3:09:14 > 1:40:36]
L-BFGS:  35%|███▍      | 347/1000 [3:10:29 > 1:40:54]
L-BFGS:  35%|███▍      | 348/1000 [3:08:54 > 1:41:11]
L-BFGS:  35%|███▍      | 349/1000 [3:07:45 > 1:41:28]
L-BFGS:  35%|███▌      | 350/1000 [3:06:55 > 1:41:45]
L-BFGS:  35%|███▌      | 351/1000 [3:06:10 > 1:42:02]
L-BFGS:  35%|███▌      | 352/1000 [3:05:38 > 1:42:19]
L-BFGS:  35%|███▌      | 353/1000 [3:05:07 > 1:42:36]
L-BFGS:  35%|███▌      | 354/1000 [3:04:41 > 1:42:54]
L-BFGS:  36%|███▌      | 355/1000 [3:04:19 > 1:43:11]
L-BFGS:  36%|███▌      | 356/1000 [3:03:53 > 1:43:28]
L-BFGS:  36%|███▌      | 357/1000 [3:03:29 > 1:43:45]
L-BFGS:  36%|███▌      | 358/1000 [3:05:19 > 1:44:03]
L-BFGS:  36%|███▌      | 359/1000 [3:06:34 > 1:44:21]
L-BFGS:  36%|███▌      | 360/1000 [3:07:23 > 1:44:38]
L-BFGS:  36%|███▌      | 361/1000 [3:05:48 > 1:44:55]
L-BFGS:  36%|███▌      | 362/1000 [3:04:34 > 1:45:13]
L-BFGS:  36%|███▋      | 363/1000 [3:03:50 > 1:45:30]
L-BFGS:  36%|███▋      | 364/1000 [3:05:27 > 1:45:48]
L-BFGS:  36%|███▋      | 365/1000 [3:04:17 > 1:46:05]
L-BFGS:  37%|███▋      | 366/1000 [3:03:24 > 1:46:22]
L-BFGS:  37%|███▋      | 367/1000 [3:02:44 > 1:46:39]
L-BFGS:  37%|███▋      | 368/1000 [3:04:13 > 1:46:57]
L-BFGS:  37%|███▋      | 369/1000 [3:05:14 > 1:47:15]
L-BFGS:  37%|███▋      | 370/1000 [3:03:44 > 1:47:32]
L-BFGS:  37%|███▋      | 371/1000 [3:02:31 > 1:47:50]
L-BFGS:  37%|███▋      | 372/1000 [3:03:47 > 1:48:08]
L-BFGS:  37%|███▋      | 373/1000 [3:02:09 > 1:48:25]
L-BFGS:  37%|███▋      | 374/1000 [3:00:51 > 1:48:42]
L-BFGS:  38%|███▊      | 375/1000 [2:59:51 > 1:48:59]
L-BFGS:  38%|███▊      | 376/1000 [3:01:13 > 1:49:17]
L-BFGS:  38%|███▊      | 377/1000 [3:02:07 > 1:49:35]
L-BFGS:  38%|███▊      | 378/1000 [3:02:35 > 1:49:52]
L-BFGS:  38%|███▊      | 379/1000 [3:00:46 > 1:50:09]
L-BFGS:  38%|███▊      | 380/1000 [2:59:22 > 1:50:27]
L-BFGS:  38%|███▊      | 381/1000 [3:00:25 > 1:50:44]
L-BFGS:  38%|███▊      | 382/1000 [2:58:59 > 1:51:01]
L-BFGS:  38%|███▊      | 383/1000 [3:00:01 > 1:51:19]
L-BFGS:  38%|███▊      | 384/1000 [2:58:35 > 1:51:36]
L-BFGS:  38%|███▊      | 385/1000 [2:57:26 > 1:51:54]
L-BFGS:  39%|███▊      | 386/1000 [2:58:37 > 1:52:11]
L-BFGS:  39%|███▊      | 387/1000 [2:57:14 > 1:52:28]
L-BFGS:  39%|███▉      | 388/1000 [2:56:17 > 1:52:46]
L-BFGS:  39%|███▉      | 389/1000 [2:55:31 > 1:53:03]
L-BFGS:  39%|███▉      | 390/1000 [2:54:50 > 1:53:20]
L-BFGS:  39%|███▉      | 391/1000 [2:56:27 > 1:53:38]
L-BFGS:  39%|███▉      | 392/1000 [2:55:44 > 1:53:55]
L-BFGS:  39%|███▉      | 393/1000 [2:55:04 > 1:54:12]
L-BFGS:  39%|███▉      | 394/1000 [2:54:33 > 1:54:29]
L-BFGS:  40%|███▉      | 395/1000 [2:54:05 > 1:54:47]
L-BFGS:  40%|███▉      | 396/1000 [2:53:41 > 1:55:04]
L-BFGS:  40%|███▉      | 397/1000 [2:53:15 > 1:55:21]
L-BFGS:  40%|███▉      | 398/1000 [2:52:53 > 1:55:38]
L-BFGS:  40%|███▉      | 399/1000 [2:52:39 > 1:55:55]
L-BFGS:  40%|████      | 400/1000 [2:52:18 > 1:56:13]
L-BFGS:  40%|████      | 401/1000 [2:52:01 > 1:56:30]
L-BFGS:  40%|████      | 402/1000 [2:53:39 > 1:56:48]
L-BFGS:  40%|████      | 403/1000 [2:52:28 > 1:57:05]
L-BFGS:  40%|████      | 404/1000 [2:51:29 > 1:57:22]
L-BFGS:  40%|████      | 405/1000 [2:52:44 > 1:57:40]
L-BFGS:  41%|████      | 406/1000 [2:53:35 > 1:57:58]
L-BFGS:  41%|████      | 407/1000 [2:52:01 > 1:58:15]
L-BFGS:  41%|████      | 408/1000 [2:50:52 > 1:58:32]
L-BFGS:  41%|████      | 409/1000 [2:52:04 > 1:58:50]
L-BFGS:  41%|████      | 410/1000 [2:52:46 > 1:59:07]
L-BFGS:  41%|████      | 411/1000 [2:51:07 > 1:59:25]
L-BFGS:  41%|████      | 412/1000 [2:49:53 > 1:59:42]
L-BFGS:  41%|████▏     | 413/1000 [2:50:57 > 1:59:59]
L-BFGS:  41%|████▏     | 414/1000 [2:51:37 > 2:00:17]
L-BFGS:  42%|████▏     | 415/1000 [2:51:58 > 2:00:35]
L-BFGS:  42%|████▏     | 416/1000 [2:50:08 > 2:00:52]
L-BFGS:  42%|████▏     | 417/1000 [2:48:50 > 2:01:09]
L-BFGS:  42%|████▏     | 418/1000 [2:47:52 > 2:01:26]
L-BFGS:  42%|████▏     | 419/1000 [2:47:03 > 2:01:44]
L-BFGS:  42%|████▏     | 420/1000 [2:48:24 > 2:02:01]
L-BFGS:  42%|████▏     | 421/1000 [2:47:31 > 2:02:19]
L-BFGS:  42%|████▏     | 422/1000 [2:46:52 > 2:02:36]
L-BFGS:  42%|████▏     | 423/1000 [2:46:18 > 2:02:53]
L-BFGS:  42%|████▏     | 424/1000 [2:45:56 > 2:03:10]
L-BFGS:  42%|████▎     | 425/1000 [2:47:30 > 2:03:28]
L-BFGS:  43%|████▎     | 426/1000 [2:46:30 > 2:03:45]
L-BFGS:  43%|████▎     | 427/1000 [2:45:41 > 2:04:03]
L-BFGS:  43%|████▎     | 428/1000 [2:45:05 > 2:04:20]
L-BFGS:  43%|████▎     | 429/1000 [2:44:31 > 2:04:37]
L-BFGS:  43%|████▎     | 430/1000 [2:45:59 > 2:04:55]
L-BFGS:  43%|████▎     | 431/1000 [2:46:53 > 2:05:13]
L-BFGS:  43%|████▎     | 432/1000 [2:45:13 > 2:05:30]
L-BFGS:  43%|████▎     | 433/1000 [2:44:01 > 2:05:47]
L-BFGS:  43%|████▎     | 434/1000 [2:44:59 > 2:06:05]
L-BFGS:  44%|████▎     | 435/1000 [2:43:43 > 2:06:22]
L-BFGS:  44%|████▎     | 436/1000 [2:44:34 > 2:06:40]
L-BFGS:  44%|████▎     | 437/1000 [2:45:09 > 2:06:58]
L-BFGS:  44%|████▍     | 438/1000 [2:43:30 > 2:07:15]
L-BFGS:  44%|████▍     | 439/1000 [2:44:09 > 2:07:33]
L-BFGS:  44%|████▍     | 440/1000 [2:44:32 > 2:07:50]
L-BFGS:  44%|████▍     | 441/1000 [2:42:52 > 2:08:08]
L-BFGS:  44%|████▍     | 442/1000 [2:43:30 > 2:08:25]
L-BFGS:  44%|████▍     | 443/1000 [2:43:48 > 2:08:43]
L-BFGS:  44%|████▍     | 444/1000 [2:42:12 > 2:09:00]
L-BFGS:  44%|████▍     | 445/1000 [2:42:44 > 2:09:18]
L-BFGS:  45%|████▍     | 446/1000 [2:43:00 > 2:09:36]
L-BFGS:  45%|████▍     | 447/1000 [2:41:11 > 2:09:53]
L-BFGS:  45%|████▍     | 448/1000 [2:39:52 > 2:10:10]
L-BFGS:  45%|████▍     | 449/1000 [2:38:53 > 2:10:27]
L-BFGS:  45%|████▌     | 450/1000 [2:38:14 > 2:10:44]
L-BFGS:  45%|████▌     | 451/1000 [2:37:54 > 2:11:02]
L-BFGS:  45%|████▌     | 452/1000 [2:37:31 > 2:11:19]
L-BFGS:  45%|████▌     | 453/1000 [2:39:05 > 2:11:37]
L-BFGS:  45%|████▌     | 454/1000 [2:38:09 > 2:11:54]
L-BFGS:  46%|████▌     | 455/1000 [2:39:21 > 2:12:12]
L-BFGS:  46%|████▌     | 456/1000 [2:40:05 > 2:12:30]
L-BFGS:  46%|████▌     | 457/1000 [2:38:38 > 2:12:47]
L-BFGS:  46%|████▌     | 458/1000 [2:37:32 > 2:13:04]
L-BFGS:  46%|████▌     | 459/1000 [2:38:31 > 2:13:22]
L-BFGS:  46%|████▌     | 460/1000 [2:39:10 > 2:13:40]
L-BFGS:  46%|████▌     | 461/1000 [2:37:22 > 2:13:57]
L-BFGS:  46%|████▌     | 462/1000 [2:35:59 > 2:14:14]
L-BFGS:  46%|████▋     | 463/1000 [2:34:55 > 2:14:32]
L-BFGS:  46%|████▋     | 464/1000 [2:35:59 > 2:14:49]
L-BFGS:  46%|████▋     | 465/1000 [2:34:45 > 2:15:07]
L-BFGS:  47%|████▋     | 466/1000 [2:35:37 > 2:15:24]
L-BFGS:  47%|████▋     | 467/1000 [2:36:09 > 2:15:42]
L-BFGS:  47%|████▋     | 468/1000 [2:36:27 > 2:16:00]
L-BFGS:  47%|████▋     | 469/1000 [2:36:35 > 2:16:18]
L-BFGS:  47%|████▋     | 470/1000 [2:34:47 > 2:16:35]
L-BFGS:  47%|████▋     | 471/1000 [2:33:26 > 2:16:52]
L-BFGS:  47%|████▋     | 472/1000 [2:32:25 > 2:17:09]
L-BFGS:  47%|████▋     | 473/1000 [2:31:36 > 2:17:26]
L-BFGS:  47%|████▋     | 474/1000 [2:31:07 > 2:17:43]
L-BFGS:  48%|████▊     | 475/1000 [2:30:34 > 2:18:01]
L-BFGS:  48%|████▊     | 476/1000 [2:30:01 > 2:18:18]
L-BFGS:  48%|████▊     | 477/1000 [2:29:33 > 2:18:35]
L-BFGS:  48%|████▊     | 478/1000 [2:29:10 > 2:18:52]
L-BFGS:  48%|████▊     | 479/1000 [2:28:54 > 2:19:09]
L-BFGS:  48%|████▊     | 480/1000 [2:28:49 > 2:19:26]
L-BFGS:  48%|████▊     | 481/1000 [2:30:26 > 2:19:44]
L-BFGS:  48%|████▊     | 482/1000 [2:29:45 > 2:20:01]
L-BFGS:  48%|████▊     | 483/1000 [2:30:56 > 2:20:19]
L-BFGS:  48%|████▊     | 484/1000 [2:31:40 > 2:20:37]
L-BFGS:  48%|████▊     | 485/1000 [2:30:19 > 2:20:54]
L-BFGS:  49%|████▊     | 486/1000 [2:29:16 > 2:21:12]
L-BFGS:  49%|████▊     | 487/1000 [2:30:11 > 2:21:30]
L-BFGS:  49%|████▉     | 488/1000 [2:30:52 > 2:21:48]
L-BFGS:  49%|████▉     | 489/1000 [2:31:15 > 2:22:05]
L-BFGS:  49%|████▉     | 490/1000 [2:29:22 > 2:22:23]
L-BFGS:  49%|████▉     | 491/1000 [2:29:39 > 2:22:40]
L-BFGS:  49%|████▉     | 492/1000 [2:29:46 > 2:22:58]
L-BFGS:  49%|████▉     | 493/1000 [2:28:01 > 2:23:15]
L-BFGS:  49%|████▉     | 494/1000 [2:28:33 > 2:23:33]
L-BFGS:  50%|████▉     | 495/1000 [2:27:03 > 2:23:50]
L-BFGS:  50%|████▉     | 496/1000 [2:25:53 > 2:24:07]
L-BFGS:  50%|████▉     | 497/1000 [2:26:41 > 2:24:25]
L-BFGS:  50%|████▉     | 498/1000 [2:25:25 > 2:24:42]
L-BFGS:  50%|████▉     | 499/1000 [2:26:13 > 2:25:00]
L-BFGS:  50%|█████     | 500/1000 [2:24:57 > 2:25:17]
L-BFGS:  50%|█████     | 501/1000 [2:23:56 > 2:25:34]
L-BFGS:  50%|█████     | 502/1000 [2:23:09 > 2:25:51]
L-BFGS:  50%|█████     | 503/1000 [2:22:34 > 2:26:09]
L-BFGS:  50%|█████     | 504/1000 [2:22:04 > 2:26:26]
L-BFGS:  50%|█████     | 505/1000 [2:21:36 > 2:26:43]
L-BFGS:  51%|█████     | 506/1000 [2:22:55 > 2:27:01]
L-BFGS:  51%|█████     | 507/1000 [2:23:43 > 2:27:18]
L-BFGS:  51%|█████     | 508/1000 [2:22:33 > 2:27:36]
L-BFGS:  51%|█████     | 509/1000 [2:21:55 > 2:27:53]
L-BFGS:  51%|█████     | 510/1000 [2:21:21 > 2:28:10]
L-BFGS:  51%|█████     | 511/1000 [2:22:29 > 2:28:28]
L-BFGS:  51%|█████     | 512/1000 [2:23:14 > 2:28:46]
L-BFGS:  51%|█████▏    | 513/1000 [2:22:01 > 2:29:03]
L-BFGS:  51%|█████▏    | 514/1000 [2:22:43 > 2:29:21]
L-BFGS:  52%|█████▏    | 515/1000 [2:23:07 > 2:29:39]
L-BFGS:  52%|█████▏    | 516/1000 [2:21:42 > 2:29:56]
L-BFGS:  52%|█████▏    | 517/1000 [2:22:17 > 2:30:14]
L-BFGS:  52%|█████▏    | 518/1000 [2:22:38 > 2:30:32]
L-BFGS:  52%|█████▏    | 519/1000 [2:22:32 > 2:30:50]
L-BFGS:  52%|█████▏    | 520/1000 [2:20:38 > 2:31:07]
L-BFGS:  52%|█████▏    | 521/1000 [2:20:51 > 2:31:25]
L-BFGS:  52%|█████▏    | 522/1000 [2:20:56 > 2:31:43]
L-BFGS:  52%|█████▏    | 523/1000 [2:19:17 > 2:32:00]
L-BFGS:  52%|█████▏    | 524/1000 [2:18:05 > 2:32:17]
L-BFGS:  52%|█████▎    | 525/1000 [2:18:44 > 2:32:35]
L-BFGS:  53%|█████▎    | 526/1000 [2:17:28 > 2:32:52]
L-BFGS:  53%|█████▎    | 527/1000 [2:18:09 > 2:33:10]
L-BFGS:  53%|█████▎    | 528/1000 [2:18:30 > 2:33:27]
L-BFGS:  53%|█████▎    | 529/1000 [2:17:04 > 2:33:45]
L-BFGS:  53%|█████▎    | 530/1000 [2:17:33 > 2:34:02]
L-BFGS:  53%|█████▎    | 531/1000 [2:17:51 > 2:34:20]
L-BFGS:  53%|█████▎    | 532/1000 [2:16:20 > 2:34:37]
L-BFGS:  53%|█████▎    | 533/1000 [2:15:11 > 2:34:54]
L-BFGS:  53%|█████▎    | 534/1000 [2:14:20 > 2:35:11]
L-BFGS:  54%|█████▎    | 535/1000 [2:15:13 > 2:35:29]
L-BFGS:  54%|█████▎    | 536/1000 [2:15:47 > 2:35:47]
L-BFGS:  54%|█████▎    | 537/1000 [2:16:03 > 2:36:05]
L-BFGS:  54%|█████▍    | 538/1000 [2:16:25 > 2:36:23]
L-BFGS:  54%|█████▍    | 539/1000 [2:15:02 > 2:36:40]
L-BFGS:  54%|█████▍    | 540/1000 [2:13:56 > 2:36:57]
L-BFGS:  54%|█████▍    | 541/1000 [2:13:05 > 2:37:15]
L-BFGS:  54%|█████▍    | 542/1000 [2:12:27 > 2:37:32]
L-BFGS:  54%|█████▍    | 543/1000 [2:11:52 > 2:37:49]
L-BFGS:  54%|█████▍    | 544/1000 [2:12:59 > 2:38:07]
L-BFGS:  55%|█████▍    | 545/1000 [2:13:40 > 2:38:25]
L-BFGS:  55%|█████▍    | 546/1000 [2:12:30 > 2:38:42]
L-BFGS:  55%|█████▍    | 547/1000 [2:11:32 > 2:38:59]
L-BFGS:  55%|█████▍    | 548/1000 [2:10:46 > 2:39:16]
L-BFGS:  55%|█████▍    | 549/1000 [2:11:29 > 2:39:34]
L-BFGS:  55%|█████▌    | 550/1000 [2:10:23 > 2:39:51]
L-BFGS:  55%|█████▌    | 551/1000 [2:11:04 > 2:40:09]
L-BFGS:  55%|█████▌    | 552/1000 [2:09:52 > 2:40:26]
L-BFGS:  55%|█████▌    | 553/1000 [2:10:29 > 2:40:44]
L-BFGS:  55%|█████▌    | 554/1000 [2:09:22 > 2:41:01]
L-BFGS:  56%|█████▌    | 555/1000 [2:08:25 > 2:41:18]
L-BFGS:  56%|█████▌    | 556/1000 [2:09:12 > 2:41:36]
L-BFGS:  56%|█████▌    | 557/1000 [2:09:43 > 2:41:54]
L-BFGS:  56%|█████▌    | 558/1000 [2:08:23 > 2:42:11]
L-BFGS:  56%|█████▌    | 559/1000 [2:08:56 > 2:42:29]
L-BFGS:  56%|█████▌    | 560/1000 [2:07:40 > 2:42:46]
L-BFGS:  56%|█████▌    | 561/1000 [2:06:47 > 2:43:03]
L-BFGS:  56%|█████▌    | 562/1000 [2:06:01 > 2:43:20]
L-BFGS:  56%|█████▋    | 563/1000 [2:05:24 > 2:43:37]
L-BFGS:  56%|█████▋    | 564/1000 [2:06:22 > 2:43:55]
L-BFGS:  56%|█████▋    | 565/1000 [2:05:31 > 2:44:12]
L-BFGS:  57%|█████▋    | 566/1000 [2:06:17 > 2:44:30]
L-BFGS:  57%|█████▋    | 567/1000 [2:06:55 > 2:44:48]
L-BFGS:  57%|█████▋    | 568/1000 [2:05:48 > 2:45:05]
L-BFGS:  57%|█████▋    | 569/1000 [2:05:01 > 2:45:22]
L-BFGS:  57%|█████▋    | 570/1000 [2:05:48 > 2:45:40]
L-BFGS:  57%|█████▋    | 571/1000 [2:06:17 > 2:45:58]
L-BFGS:  57%|█████▋    | 572/1000 [2:05:04 > 2:46:16]
L-BFGS:  57%|█████▋    | 573/1000 [2:05:34 > 2:46:33]
L-BFGS:  57%|█████▋    | 574/1000 [2:05:54 > 2:46:51]
L-BFGS:  57%|█████▊    | 575/1000 [2:04:34 > 2:47:09]
L-BFGS:  58%|█████▊    | 576/1000 [2:03:30 > 2:47:26]
L-BFGS:  58%|█████▊    | 577/1000 [2:04:08 > 2:47:44]
L-BFGS:  58%|█████▊    | 578/1000 [2:02:48 > 2:48:01]
L-BFGS:  58%|█████▊    | 579/1000 [2:03:18 > 2:48:19]
L-BFGS:  58%|█████▊    | 580/1000 [2:02:04 > 2:48:36]
L-BFGS:  58%|█████▊    | 581/1000 [2:02:32 > 2:48:54]
L-BFGS:  58%|█████▊    | 582/1000 [2:01:17 > 2:49:11]
L-BFGS:  58%|█████▊    | 583/1000 [2:00:28 > 2:49:28]
L-BFGS:  58%|█████▊    | 584/1000 [1:59:42 > 2:49:45]
L-BFGS:  58%|█████▊    | 585/1000 [1:59:11 > 2:50:02]
L-BFGS:  59%|█████▊    | 586/1000 [1:58:38 > 2:50:19]
L-BFGS:  59%|█████▊    | 587/1000 [1:58:13 > 2:50:36]
L-BFGS:  59%|█████▉    | 588/1000 [1:57:47 > 2:50:53]
L-BFGS:  59%|█████▉    | 589/1000 [1:57:26 > 2:51:11]
L-BFGS:  59%|█████▉    | 590/1000 [1:57:06 > 2:51:28]
L-BFGS:  59%|█████▉    | 591/1000 [1:58:11 > 2:51:46]
L-BFGS:  59%|█████▉    | 592/1000 [1:58:51 > 2:52:03]
L-BFGS:  59%|█████▉    | 593/1000 [1:57:50 > 2:52:20]
L-BFGS:  59%|█████▉    | 594/1000 [1:58:25 > 2:52:38]
L-BFGS:  60%|█████▉    | 595/1000 [1:57:22 > 2:52:55]
L-BFGS:  60%|█████▉    | 596/1000 [1:56:40 > 2:53:13]
L-BFGS:  60%|█████▉    | 597/1000 [1:57:33 > 2:53:30]
L-BFGS:  60%|█████▉    | 598/1000 [1:56:43 > 2:53:48]
L-BFGS:  60%|█████▉    | 599/1000 [1:57:29 > 2:54:06]
L-BFGS:  60%|██████    | 600/1000 [1:57:53 > 2:54:24]
L-BFGS:  60%|██████    | 601/1000 [1:56:42 > 2:54:41]
L-BFGS:  60%|██████    | 602/1000 [1:55:45 > 2:54:58]
L-BFGS:  60%|██████    | 603/1000 [1:55:00 > 2:55:15]
L-BFGS:  60%|██████    | 604/1000 [1:55:46 > 2:55:33]
L-BFGS:  60%|██████    | 605/1000 [1:54:51 > 2:55:50]
L-BFGS:  61%|██████    | 606/1000 [1:55:29 > 2:56:08]
L-BFGS:  61%|██████    | 607/1000 [1:54:15 > 2:56:25]
L-BFGS:  61%|██████    | 608/1000 [1:53:22 > 2:56:43]
L-BFGS:  61%|██████    | 609/1000 [1:53:59 > 2:57:00]
L-BFGS:  61%|██████    | 610/1000 [1:52:56 > 2:57:18]
L-BFGS:  61%|██████    | 611/1000 [1:52:08 > 2:57:35]
L-BFGS:  61%|██████    | 612/1000 [1:52:52 > 2:57:52]
L-BFGS:  61%|██████▏   | 613/1000 [1:53:17 > 2:58:10]
L-BFGS:  61%|██████▏   | 614/1000 [1:53:27 > 2:58:28]
L-BFGS:  62%|██████▏   | 615/1000 [1:53:29 > 2:58:46]
L-BFGS:  62%|██████▏   | 616/1000 [1:52:06 > 2:59:03]
L-BFGS:  62%|██████▏   | 617/1000 [1:51:01 > 2:59:20]
L-BFGS:  62%|██████▏   | 618/1000 [1:50:12 > 2:59:37]
L-BFGS:  62%|██████▏   | 619/1000 [1:50:51 > 2:59:55]
L-BFGS:  62%|██████▏   | 620/1000 [1:49:57 > 3:00:12]
L-BFGS:  62%|██████▏   | 621/1000 [1:50:28 > 3:00:30]
L-BFGS:  62%|██████▏   | 622/1000 [1:50:46 > 3:00:48]
L-BFGS:  62%|██████▏   | 623/1000 [1:50:53 > 3:01:06]
L-BFGS:  62%|██████▏   | 624/1000 [1:49:35 > 3:01:23]
L-BFGS:  62%|██████▎   | 625/1000 [1:48:38 > 3:01:40]
L-BFGS:  63%|██████▎   | 626/1000 [1:48:05 > 3:01:57]
L-BFGS:  63%|██████▎   | 627/1000 [1:47:36 > 3:02:14]
L-BFGS:  63%|██████▎   | 628/1000 [1:48:26 > 3:02:32]
L-BFGS:  63%|██████▎   | 629/1000 [1:47:39 > 3:02:49]
L-BFGS:  63%|██████▎   | 630/1000 [1:48:19 > 3:03:07]
L-BFGS:  63%|██████▎   | 631/1000 [1:48:43 > 3:03:25]
L-BFGS:  63%|██████▎   | 632/1000 [1:47:35 > 3:03:43]
L-BFGS:  63%|██████▎   | 633/1000 [1:46:43 > 3:04:00]
L-BFGS:  63%|██████▎   | 634/1000 [1:47:18 > 3:04:18]
L-BFGS:  64%|██████▎   | 635/1000 [1:46:21 > 3:04:35]
L-BFGS:  64%|██████▎   | 636/1000 [1:45:29 > 3:04:52]
L-BFGS:  64%|██████▎   | 637/1000 [1:45:56 > 3:05:10]
L-BFGS:  64%|██████▍   | 638/1000 [1:46:10 > 3:05:28]
L-BFGS:  64%|██████▍   | 639/1000 [1:46:14 > 3:05:45]
L-BFGS:  64%|██████▍   | 640/1000 [1:45:00 > 3:06:03]
L-BFGS:  64%|██████▍   | 641/1000 [1:44:04 > 3:06:20]
L-BFGS:  64%|██████▍   | 642/1000 [1:43:19 > 3:06:37]
L-BFGS:  64%|██████▍   | 643/1000 [1:42:40 > 3:06:54]
L-BFGS:  64%|██████▍   | 644/1000 [1:42:09 > 3:07:11]
L-BFGS:  64%|██████▍   | 645/1000 [1:41:41 > 3:07:28]
L-BFGS:  65%|██████▍   | 646/1000 [1:42:28 > 3:07:46]
L-BFGS:  65%|██████▍   | 647/1000 [1:41:44 > 3:08:03]
L-BFGS:  65%|██████▍   | 648/1000 [1:42:22 > 3:08:21]
L-BFGS:  65%|██████▍   | 649/1000 [1:41:30 > 3:08:38]
L-BFGS:  65%|██████▌   | 650/1000 [1:40:50 > 3:08:55]
L-BFGS:  65%|██████▌   | 651/1000 [1:40:14 > 3:09:12]
L-BFGS:  65%|██████▌   | 652/1000 [1:40:57 > 3:09:30]
L-BFGS:  65%|██████▌   | 653/1000 [1:41:21 > 3:09:48]
L-BFGS:  65%|██████▌   | 654/1000 [1:41:33 > 3:10:06]
L-BFGS:  66%|██████▌   | 655/1000 [1:40:38 > 3:10:23]
L-BFGS:  66%|██████▌   | 656/1000 [1:39:52 > 3:10:40]
L-BFGS:  66%|██████▌   | 657/1000 [1:39:14 > 3:10:57]
L-BFGS:  66%|██████▌   | 658/1000 [1:38:43 > 3:11:15]
L-BFGS:  66%|██████▌   | 659/1000 [1:38:16 > 3:11:32]
L-BFGS:  66%|██████▌   | 660/1000 [1:37:51 > 3:11:49]
L-BFGS:  66%|██████▌   | 661/1000 [1:38:44 > 3:12:07]
L-BFGS:  66%|██████▌   | 662/1000 [1:38:01 > 3:12:24]
L-BFGS:  66%|██████▋   | 663/1000 [1:37:25 > 3:12:42]
L-BFGS:  66%|██████▋   | 664/1000 [1:36:56 > 3:12:59]
L-BFGS:  66%|██████▋   | 665/1000 [1:36:30 > 3:13:16]
L-BFGS:  67%|██████▋   | 666/1000 [1:35:55 > 3:13:33]
L-BFGS:  67%|██████▋   | 667/1000 [1:36:34 > 3:13:51]
L-BFGS:  67%|██████▋   | 668/1000 [1:36:58 > 3:14:09]
L-BFGS:  67%|██████▋   | 669/1000 [1:35:59 > 3:14:26]
L-BFGS:  67%|██████▋   | 670/1000 [1:35:13 > 3:14:43]
L-BFGS:  67%|██████▋   | 671/1000 [1:34:36 > 3:15:00]
L-BFGS:  67%|██████▋   | 672/1000 [1:34:06 > 3:15:17]
L-BFGS:  67%|██████▋   | 673/1000 [1:33:38 > 3:15:34]
L-BFGS:  67%|██████▋   | 674/1000 [1:33:14 > 3:15:51]
L-BFGS:  68%|██████▊   | 675/1000 [1:32:53 > 3:16:08]
L-BFGS:  68%|██████▊   | 676/1000 [1:32:31 > 3:16:26]
L-BFGS:  68%|██████▊   | 677/1000 [1:32:14 > 3:16:43]
L-BFGS:  68%|██████▊   | 678/1000 [1:31:55 > 3:17:00]
L-BFGS:  68%|██████▊   | 679/1000 [1:31:36 > 3:17:17]
L-BFGS:  68%|██████▊   | 680/1000 [1:32:23 > 3:17:35]
L-BFGS:  68%|██████▊   | 681/1000 [1:31:45 > 3:17:52]
L-BFGS:  68%|██████▊   | 682/1000 [1:31:14 > 3:18:09]
L-BFGS:  68%|██████▊   | 683/1000 [1:30:48 > 3:18:26]
L-BFGS:  68%|██████▊   | 684/1000 [1:30:28 > 3:18:43]
L-BFGS:  68%|██████▊   | 685/1000 [1:30:15 > 3:19:00]
L-BFGS:  69%|██████▊   | 686/1000 [1:31:07 > 3:19:18]
L-BFGS:  69%|██████▊   | 687/1000 [1:30:32 > 3:19:36]
L-BFGS:  69%|██████▉   | 688/1000 [1:30:04 > 3:19:53]
L-BFGS:  69%|██████▉   | 689/1000 [1:29:38 > 3:20:10]
L-BFGS:  69%|██████▉   | 690/1000 [1:30:19 > 3:20:28]
L-BFGS:  69%|██████▉   | 691/1000 [1:30:42 > 3:20:46]
L-BFGS:  69%|██████▉   | 692/1000 [1:29:50 > 3:21:03]
L-BFGS:  69%|██████▉   | 693/1000 [1:30:10 > 3:21:21]
L-BFGS:  69%|██████▉   | 694/1000 [1:29:18 > 3:21:38]
L-BFGS:  70%|██████▉   | 695/1000 [1:29:28 > 3:21:56]
L-BFGS:  70%|██████▉   | 696/1000 [1:28:26 > 3:22:13]
L-BFGS:  70%|██████▉   | 697/1000 [1:28:40 > 3:22:31]
L-BFGS:  70%|██████▉   | 698/1000 [1:28:45 > 3:22:49]
L-BFGS:  70%|██████▉   | 699/1000 [1:27:43 > 3:23:06]
L-BFGS:  70%|███████   | 700/1000 [1:27:53 > 3:23:24]
L-BFGS:  70%|███████   | 701/1000 [1:27:55 > 3:23:42]
L-BFGS:  70%|███████   | 702/1000 [1:27:52 > 3:23:59]
L-BFGS:  70%|███████   | 703/1000 [1:27:46 > 3:24:17]
L-BFGS:  70%|███████   | 704/1000 [1:26:36 > 3:24:34]
L-BFGS:  70%|███████   | 705/1000 [1:26:40 > 3:24:52]
L-BFGS:  71%|███████   | 706/1000 [1:25:38 > 3:25:09]
L-BFGS:  71%|███████   | 707/1000 [1:25:49 > 3:25:27]
L-BFGS:  71%|███████   | 708/1000 [1:24:53 > 3:25:44]
L-BFGS:  71%|███████   | 709/1000 [1:25:07 > 3:26:02]
L-BFGS:  71%|███████   | 710/1000 [1:24:12 > 3:26:19]
L-BFGS:  71%|███████   | 711/1000 [1:24:28 > 3:26:37]
L-BFGS:  71%|███████   | 712/1000 [1:24:34 > 3:26:55]
L-BFGS:  71%|███████▏  | 713/1000 [1:23:36 > 3:27:12]
L-BFGS:  71%|███████▏  | 714/1000 [1:23:55 > 3:27:30]
L-BFGS:  72%|███████▏  | 715/1000 [1:24:03 > 3:27:48]
L-BFGS:  72%|███████▏  | 716/1000 [1:23:06 > 3:28:05]
L-BFGS:  72%|███████▏  | 717/1000 [1:22:21 > 3:28:22]
L-BFGS:  72%|███████▏  | 718/1000 [1:21:44 > 3:28:39]
L-BFGS:  72%|███████▏  | 719/1000 [1:21:12 > 3:28:57]
L-BFGS:  72%|███████▏  | 720/1000 [1:20:45 > 3:29:14]
L-BFGS:  72%|███████▏  | 721/1000 [1:20:22 > 3:29:31]
L-BFGS:  72%|███████▏  | 722/1000 [1:20:58 > 3:29:49]
L-BFGS:  72%|███████▏  | 723/1000 [1:20:21 > 3:30:06]
L-BFGS:  72%|███████▏  | 724/1000 [1:19:42 > 3:30:23]
L-BFGS:  72%|███████▎  | 725/1000 [1:20:04 > 3:30:41]
L-BFGS:  73%|███████▎  | 726/1000 [1:19:18 > 3:30:58]
L-BFGS:  73%|███████▎  | 727/1000 [1:18:41 > 3:31:15]
L-BFGS:  73%|███████▎  | 728/1000 [1:19:05 > 3:31:33]
L-BFGS:  73%|███████▎  | 729/1000 [1:18:22 > 3:31:50]
L-BFGS:  73%|███████▎  | 730/1000 [1:18:42 > 3:32:08]
L-BFGS:  73%|███████▎  | 731/1000 [1:18:49 > 3:32:26]
L-BFGS:  73%|███████▎  | 732/1000 [1:18:52 > 3:32:44]
L-BFGS:  73%|███████▎  | 733/1000 [1:18:46 > 3:33:02]
L-BFGS:  73%|███████▎  | 734/1000 [1:18:40 > 3:33:20]
L-BFGS:  74%|███████▎  | 735/1000 [1:17:34 > 3:33:37]
L-BFGS:  74%|███████▎  | 736/1000 [1:17:36 > 3:33:54]
L-BFGS:  74%|███████▎  | 737/1000 [1:17:31 > 3:34:12]
L-BFGS:  74%|███████▍  | 738/1000 [1:16:28 > 3:34:29]
L-BFGS:  74%|███████▍  | 739/1000 [1:16:34 > 3:34:47]
L-BFGS:  74%|███████▍  | 740/1000 [1:15:39 > 3:35:04]
L-BFGS:  74%|███████▍  | 741/1000 [1:14:55 > 3:35:21]
L-BFGS:  74%|███████▍  | 742/1000 [1:15:15 > 3:35:39]
L-BFGS:  74%|███████▍  | 743/1000 [1:15:31 > 3:35:57]
L-BFGS:  74%|███████▍  | 744/1000 [1:15:36 > 3:36:15]
L-BFGS:  74%|███████▍  | 745/1000 [1:14:42 > 3:36:32]
L-BFGS:  75%|███████▍  | 746/1000 [1:14:50 > 3:36:50]
L-BFGS:  75%|███████▍  | 747/1000 [1:13:59 > 3:37:08]
L-BFGS:  75%|███████▍  | 748/1000 [1:14:09 > 3:37:25]
L-BFGS:  75%|███████▍  | 749/1000 [1:13:20 > 3:37:43]
L-BFGS:  75%|███████▌  | 750/1000 [1:13:32 > 3:38:01]
L-BFGS:  75%|███████▌  | 751/1000 [1:12:44 > 3:38:18]
L-BFGS:  75%|███████▌  | 752/1000 [1:12:05 > 3:38:35]
L-BFGS:  75%|███████▌  | 753/1000 [1:12:15 > 3:38:53]
L-BFGS:  75%|███████▌  | 754/1000 [1:11:26 > 3:39:10]
L-BFGS:  76%|███████▌  | 755/1000 [1:11:36 > 3:39:28]
L-BFGS:  76%|███████▌  | 756/1000 [1:10:49 > 3:39:45]
L-BFGS:  76%|███████▌  | 757/1000 [1:10:59 > 3:40:03]
L-BFGS:  76%|███████▌  | 758/1000 [1:10:12 > 3:40:20]
L-BFGS:  76%|███████▌  | 759/1000 [1:10:23 > 3:40:38]
L-BFGS:  76%|███████▌  | 760/1000 [1:10:26 > 3:40:56]
L-BFGS:  76%|███████▌  | 761/1000 [1:09:33 > 3:41:13]
L-BFGS:  76%|███████▌  | 762/1000 [1:08:51 > 3:41:30]
L-BFGS:  76%|███████▋  | 763/1000 [1:08:17 > 3:41:47]
L-BFGS:  76%|███████▋  | 764/1000 [1:07:48 > 3:42:04]
L-BFGS:  76%|███████▋  | 765/1000 [1:07:21 > 3:42:21]
L-BFGS:  77%|███████▋  | 766/1000 [1:06:59 > 3:42:38]
L-BFGS:  77%|███████▋  | 767/1000 [1:06:38 > 3:42:55]
L-BFGS:  77%|███████▋  | 768/1000 [1:07:06 > 3:43:13]
L-BFGS:  77%|███████▋  | 769/1000 [1:06:31 > 3:43:30]
L-BFGS:  77%|███████▋  | 770/1000 [1:06:03 > 3:43:47]
L-BFGS:  77%|███████▋  | 771/1000 [1:06:28 > 3:44:05]
L-BFGS:  77%|███████▋  | 772/1000 [1:05:58 > 3:44:22]
L-BFGS:  77%|███████▋  | 773/1000 [1:06:19 > 3:44:40]
L-BFGS:  77%|███████▋  | 774/1000 [1:06:27 > 3:44:58]
L-BFGS:  78%|███████▊  | 775/1000 [1:05:42 > 3:45:16]
L-BFGS:  78%|███████▊  | 776/1000 [1:05:53 > 3:45:33]
L-BFGS:  78%|███████▊  | 777/1000 [1:05:07 > 3:45:51]
L-BFGS:  78%|███████▊  | 778/1000 [1:04:32 > 3:46:08]
L-BFGS:  78%|███████▊  | 779/1000 [1:04:45 > 3:46:26]
L-BFGS:  78%|███████▊  | 780/1000 [1:04:49 > 3:46:44]
L-BFGS:  78%|███████▊  | 781/1000 [1:04:02 > 3:47:01]
L-BFGS:  78%|███████▊  | 782/1000 [1:04:02 > 3:47:19]
L-BFGS:  78%|███████▊  | 783/1000 [1:03:10 > 3:47:36]
L-BFGS:  78%|███████▊  | 784/1000 [1:02:30 > 3:47:53]
L-BFGS:  78%|███████▊  | 785/1000 [1:02:41 > 3:48:11]
L-BFGS:  79%|███████▊  | 786/1000 [1:02:01 > 3:48:28]
L-BFGS:  79%|███████▊  | 787/1000 [1:01:26 > 3:48:45]
L-BFGS:  79%|███████▉  | 788/1000 [1:01:39 > 3:49:03]
L-BFGS:  79%|███████▉  | 789/1000 [1:01:45 > 3:49:21]
L-BFGS:  79%|███████▉  | 790/1000 [1:01:00 > 3:49:38]
L-BFGS:  79%|███████▉  | 791/1000 [1:00:23 > 3:49:55]
L-BFGS:  79%|███████▉  | 792/1000 [1:00:35 > 3:50:13]
L-BFGS:  79%|███████▉  | 793/1000 [59:56 > 3:50:30]  
L-BFGS:  79%|███████▉  | 794/1000 [1:00:05 > 3:50:48]
L-BFGS:  80%|███████▉  | 795/1000 [59:24 > 3:51:05]  
L-BFGS:  80%|███████▉  | 796/1000 [58:52 > 3:51:22]
L-BFGS:  80%|███████▉  | 797/1000 [58:22 > 3:51:39]
L-BFGS:  80%|███████▉  | 798/1000 [58:38 > 3:51:57]
L-BFGS:  80%|███████▉  | 799/1000 [58:02 > 3:52:14]
L-BFGS:  80%|████████  | 800/1000 [58:13 > 3:52:32]
L-BFGS:  80%|████████  | 801/1000 [57:41 > 3:52:49]
L-BFGS:  80%|████████  | 802/1000 [57:14 > 3:53:06]
L-BFGS:  80%|████████  | 803/1000 [57:31 > 3:53:24]
L-BFGS:  80%|████████  | 804/1000 [57:37 > 3:53:42]
L-BFGS:  80%|████████  | 805/1000 [56:56 > 3:53:59]
L-BFGS:  81%|████████  | 806/1000 [57:02 > 3:54:17]
L-BFGS:  81%|████████  | 807/1000 [57:01 > 3:54:35]
L-BFGS:  81%|████████  | 808/1000 [56:15 > 3:54:52]
L-BFGS:  81%|████████  | 809/1000 [56:17 > 3:55:10]
L-BFGS:  81%|████████  | 810/1000 [56:12 > 3:55:28]
L-BFGS:  81%|████████  | 811/1000 [55:22 > 3:55:45]
L-BFGS:  81%|████████  | 812/1000 [50:47 > 3:55:58]
L-BFGS:  81%|████████▏ | 813/1000 [51:21 > 3:56:16]
L-BFGS:  81%|████████▏ | 814/1000 [52:19 > 3:56:33]
L-BFGS:  82%|████████▏ | 815/1000 [52:52 > 3:56:51]
L-BFGS:  82%|████████▏ | 816/1000 [53:12 > 3:57:09]
L-BFGS:  82%|████████▏ | 817/1000 [52:42 > 3:57:26]
L-BFGS:  82%|████████▏ | 818/1000 [52:16 > 3:57:43]
L-BFGS:  82%|████████▏ | 819/1000 [52:29 > 3:58:01]
L-BFGS:  82%|████████▏ | 820/1000 [51:57 > 3:58:18]
L-BFGS:  82%|████████▏ | 821/1000 [52:06 > 3:58:36]
L-BFGS:  82%|████████▏ | 822/1000 [52:07 > 3:58:54]
L-BFGS:  82%|████████▏ | 823/1000 [51:26 > 3:59:11]
L-BFGS:  82%|████████▏ | 824/1000 [50:51 > 3:59:28]
L-BFGS:  82%|████████▎ | 825/1000 [50:57 > 3:59:46]
L-BFGS:  83%|████████▎ | 826/1000 [50:22 > 4:00:03]
L-BFGS:  83%|████████▎ | 827/1000 [49:51 > 4:00:20]
L-BFGS:  83%|████████▎ | 828/1000 [49:24 > 4:00:37]
L-BFGS:  83%|████████▎ | 829/1000 [49:38 > 4:00:55]
L-BFGS:  83%|████████▎ | 830/1000 [49:09 > 4:01:12]
L-BFGS:  83%|████████▎ | 831/1000 [49:21 > 4:01:30]
L-BFGS:  83%|████████▎ | 832/1000 [48:48 > 4:01:47]
L-BFGS:  83%|████████▎ | 833/1000 [48:55 > 4:02:05]
L-BFGS:  83%|████████▎ | 834/1000 [48:54 > 4:02:23]
L-BFGS:  84%|████████▎ | 835/1000 [48:14 > 4:02:40]
L-BFGS:  84%|████████▎ | 836/1000 [48:15 > 4:02:58]
L-BFGS:  84%|████████▎ | 837/1000 [48:10 > 4:03:16]
L-BFGS:  84%|████████▍ | 838/1000 [48:01 > 4:03:34]
L-BFGS:  84%|████████▍ | 839/1000 [47:50 > 4:03:52]
L-BFGS:  84%|████████▍ | 840/1000 [47:36 > 4:04:10]
L-BFGS:  84%|████████▍ | 841/1000 [39:40 > 4:04:18]
L-BFGS:  84%|████████▍ | 842/1000 [41:38 > 4:04:36]
L-BFGS:  84%|████████▍ | 843/1000 [42:24 > 4:04:53]
L-BFGS:  84%|████████▍ | 844/1000 [42:51 > 4:05:10]
L-BFGS:  84%|████████▍ | 845/1000 [43:06 > 4:05:27]
L-BFGS:  85%|████████▍ | 846/1000 [43:09 > 4:05:44]
L-BFGS:  85%|████████▍ | 847/1000 [43:08 > 4:06:02]
L-BFGS:  85%|████████▍ | 848/1000 [43:31 > 4:06:19]
L-BFGS:  85%|████████▍ | 849/1000 [43:42 > 4:06:37]
L-BFGS:  85%|████████▌ | 850/1000 [43:13 > 4:06:54]
L-BFGS:  85%|████████▌ | 851/1000 [42:49 > 4:07:11]
L-BFGS:  85%|████████▌ | 852/1000 [42:26 > 4:07:29]
L-BFGS:  85%|████████▌ | 853/1000 [42:05 > 4:07:46]
L-BFGS:  85%|████████▌ | 854/1000 [41:45 > 4:08:03]
L-BFGS:  86%|████████▌ | 855/1000 [41:26 > 4:08:20]
L-BFGS:  86%|████████▌ | 856/1000 [41:37 > 4:08:38]
L-BFGS:  86%|████████▌ | 857/1000 [41:40 > 4:08:56]
L-BFGS:  86%|████████▌ | 858/1000 [41:36 > 4:09:13]
L-BFGS:  86%|████████▌ | 859/1000 [40:58 > 4:09:30]
L-BFGS:  86%|████████▌ | 860/1000 [40:33 > 4:09:48]
L-BFGS:  86%|████████▌ | 861/1000 [40:38 > 4:10:06]
L-BFGS:  86%|████████▌ | 862/1000 [40:08 > 4:10:23]
L-BFGS:  86%|████████▋ | 863/1000 [39:41 > 4:10:40]
L-BFGS:  86%|████████▋ | 864/1000 [39:46 > 4:10:58]
L-BFGS:  86%|████████▋ | 865/1000 [39:17 > 4:11:15]
L-BFGS:  87%|████████▋ | 866/1000 [29:36 > 4:11:19]
L-BFGS:  87%|████████▋ | 867/1000 [32:01 > 4:11:36]
L-BFGS:  87%|████████▋ | 868/1000 [34:04 > 4:11:54]
L-BFGS:  87%|████████▋ | 869/1000 [35:23 > 4:12:12]
L-BFGS:  87%|████████▋ | 870/1000 [35:47 > 4:12:29]
L-BFGS:  87%|████████▋ | 871/1000 [35:57 > 4:12:46]
L-BFGS:  87%|████████▋ | 872/1000 [36:22 > 4:13:04]
L-BFGS:  87%|████████▋ | 873/1000 [36:33 > 4:13:22]
L-BFGS:  87%|████████▋ | 874/1000 [36:10 > 4:13:39]
L-BFGS:  88%|████████▊ | 875/1000 [36:14 > 4:13:57]
L-BFGS:  88%|████████▊ | 876/1000 [36:11 > 4:14:15]
L-BFGS:  88%|████████▊ | 877/1000 [35:39 > 4:14:32]
L-BFGS:  88%|████████▊ | 878/1000 [35:37 > 4:14:49]
L-BFGS:  88%|████████▊ | 879/1000 [35:05 > 4:15:07]
L-BFGS:  88%|████████▊ | 880/1000 [35:02 > 4:15:24]
L-BFGS:  88%|████████▊ | 881/1000 [34:54 > 4:15:42]
L-BFGS:  88%|████████▊ | 882/1000 [32:42 > 4:15:57]
L-BFGS:  88%|████████▊ | 883/1000 [32:43 > 4:16:14]
L-BFGS:  88%|████████▊ | 884/1000 [32:38 > 4:16:31]
L-BFGS:  88%|████████▊ | 885/1000 [32:30 > 4:16:48]
L-BFGS:  89%|████████▊ | 886/1000 [32:20 > 4:17:05]
L-BFGS:  89%|████████▊ | 887/1000 [32:30 > 4:17:23]
L-BFGS:  89%|████████▉ | 888/1000 [32:07 > 4:17:40]
L-BFGS:  89%|████████▉ | 889/1000 [32:10 > 4:17:58]
L-BFGS:  89%|████████▉ | 890/1000 [32:10 > 4:18:16]
L-BFGS:  89%|████████▉ | 891/1000 [32:04 > 4:18:34]
L-BFGS:  89%|████████▉ | 892/1000 [31:54 > 4:18:52]
L-BFGS:  89%|████████▉ | 893/1000 [31:21 > 4:19:09]
L-BFGS:  89%|████████▉ | 894/1000 [31:14 > 4:19:27]
L-BFGS:  90%|████████▉ | 895/1000 [31:04 > 4:19:45]
L-BFGS:  90%|████████▉ | 896/1000 [30:52 > 4:20:03]
L-BFGS:  90%|████████▉ | 897/1000 [30:38 > 4:20:21]
L-BFGS:  90%|████████▉ | 898/1000 [30:22 > 4:20:38]
L-BFGS:  90%|████████▉ | 899/1000 [30:06 > 4:20:56]
L-BFGS:  90%|█████████ | 900/1000 [29:28 > 4:21:14]
L-BFGS:  90%|█████████ | 901/1000 [28:53 > 4:21:31]
L-BFGS:  90%|█████████ | 902/1000 [28:44 > 4:21:48]
L-BFGS:  90%|█████████ | 903/1000 [28:33 > 4:22:06]
L-BFGS:  90%|█████████ | 904/1000 [28:19 > 4:22:24]
L-BFGS:  90%|█████████ | 905/1000 [27:45 > 4:22:41]
L-BFGS:  91%|█████████ | 906/1000 [27:16 > 4:22:58]
L-BFGS:  91%|█████████ | 907/1000 [27:09 > 4:23:16]
L-BFGS:  91%|█████████ | 908/1000 [26:40 > 4:23:33]
L-BFGS:  91%|█████████ | 909/1000 [26:15 > 4:23:50]
L-BFGS:  91%|█████████ | 910/1000 [26:11 > 4:24:08]
L-BFGS:  91%|█████████ | 911/1000 [25:45 > 4:24:25]
L-BFGS:  91%|█████████ | 912/1000 [25:39 > 4:24:43]
L-BFGS:  91%|█████████▏| 913/1000 [25:30 > 4:25:01]
L-BFGS:  91%|█████████▏| 914/1000 [25:01 > 4:25:18]
L-BFGS:  92%|█████████▏| 915/1000 [24:35 > 4:25:35]
L-BFGS:  92%|█████████▏| 916/1000 [24:29 > 4:25:53]
L-BFGS:  92%|█████████▏| 917/1000 [24:19 > 4:26:11]
L-BFGS:  92%|█████████▏| 918/1000 [23:50 > 4:26:28]
L-BFGS:  92%|█████████▏| 919/1000 [22:37 > 4:26:43]
L-BFGS:  92%|█████████▏| 920/1000 [22:32 > 4:27:00]
L-BFGS:  92%|█████████▏| 921/1000 [22:39 > 4:27:18]
L-BFGS:  92%|█████████▏| 922/1000 [22:38 > 4:27:36]
L-BFGS:  92%|█████████▏| 923/1000 [22:17 > 4:27:53]
L-BFGS:  92%|█████████▏| 924/1000 [21:56 > 4:28:11]
L-BFGS:  92%|█████████▎| 925/1000 [21:37 > 4:28:28]
L-BFGS:  93%|█████████▎| 926/1000 [21:18 > 4:28:45]
L-BFGS:  93%|█████████▎| 927/1000 [21:00 > 4:29:02]
L-BFGS:  93%|█████████▎| 928/1000 [20:57 > 4:29:20]
L-BFGS:  93%|█████████▎| 929/1000 [20:34 > 4:29:37]
L-BFGS:  93%|█████████▎| 930/1000 [20:25 > 4:29:55]
L-BFGS:  93%|█████████▎| 931/1000 [20:14 > 4:30:13]
L-BFGS:  93%|█████████▎| 932/1000 [20:01 > 4:30:31]
L-BFGS:  93%|█████████▎| 933/1000 [19:46 > 4:30:49]
L-BFGS:  93%|█████████▎| 934/1000 [19:16 > 4:31:06]
L-BFGS:  94%|█████████▎| 935/1000 [18:51 > 4:31:23]
L-BFGS:  94%|█████████▎| 936/1000 [18:28 > 4:31:40]
L-BFGS:  94%|█████████▎| 937/1000 [18:07 > 4:31:57]
L-BFGS:  94%|█████████▍| 938/1000 [18:00 > 4:32:15]
L-BFGS:  94%|█████████▍| 939/1000 [17:49 > 4:32:33]
L-BFGS:  94%|█████████▍| 940/1000 [17:24 > 4:32:50]
L-BFGS:  94%|█████████▍| 941/1000 [17:02 > 4:33:07]
L-BFGS:  94%|█████████▍| 942/1000 [16:40 > 4:33:24]
L-BFGS:  94%|█████████▍| 943/1000 [16:20 > 4:33:41]
L-BFGS:  94%|█████████▍| 944/1000 [16:13 > 4:33:59]
L-BFGS:  94%|█████████▍| 945/1000 [15:51 > 4:34:16]
L-BFGS:  95%|█████████▍| 946/1000 [15:42 > 4:34:34]
L-BFGS:  95%|█████████▍| 947/1000 [15:19 > 4:34:51]
L-BFGS:  95%|█████████▍| 948/1000 [14:59 > 4:35:08]
L-BFGS:  95%|█████████▍| 949/1000 [14:41 > 4:35:25]
L-BFGS:  95%|█████████▌| 950/1000 [14:23 > 4:35:43]
L-BFGS:  95%|█████████▌| 951/1000 [14:15 > 4:36:01]
L-BFGS:  95%|█████████▌| 952/1000 [13:54 > 4:36:18]
L-BFGS:  95%|█████████▌| 953/1000 [13:44 > 4:36:36]
L-BFGS:  95%|█████████▌| 954/1000 [13:32 > 4:36:54]
L-BFGS:  96%|█████████▌| 955/1000 [13:18 > 4:37:12]
L-BFGS:  96%|█████████▌| 956/1000 [13:02 > 4:37:30]
L-BFGS:  96%|█████████▌| 957/1000 [12:46 > 4:37:47]
L-BFGS:  96%|█████████▌| 958/1000 [12:30 > 4:38:05]
L-BFGS:  96%|█████████▌| 959/1000 [12:03 > 4:38:22]
L-BFGS:  96%|█████████▌| 960/1000 [11:39 > 4:38:40]
L-BFGS:  96%|█████████▌| 961/1000 [11:17 > 4:38:57]
L-BFGS:  96%|█████████▌| 962/1000 [10:57 > 4:39:14]
L-BFGS:  96%|█████████▋| 963/1000 [10:38 > 4:39:31]
L-BFGS:  96%|█████████▋| 964/1000 [10:26 > 4:39:49]
L-BFGS:  96%|█████████▋| 965/1000 [10:13 > 4:40:07]
L-BFGS:  97%|█████████▋| 966/1000 [09:51 > 4:40:24]
L-BFGS:  97%|█████████▋| 967/1000 [09:38 > 4:40:42]
L-BFGS:  97%|█████████▋| 968/1000 [09:23 > 4:40:59]
L-BFGS:  97%|█████████▋| 969/1000 [09:01 > 4:41:16]
L-BFGS:  97%|█████████▋| 970/1000 [08:46 > 4:41:34]
L-BFGS:  97%|█████████▋| 971/1000 [08:25 > 4:41:51]
L-BFGS:  97%|█████████▋| 972/1000 [08:11 > 4:42:09]
L-BFGS:  97%|█████████▋| 973/1000 [07:50 > 4:42:26]
L-BFGS:  97%|█████████▋| 974/1000 [07:35 > 4:42:44]
L-BFGS:  98%|█████████▊| 975/1000 [07:20 > 4:43:02]
L-BFGS:  98%|█████████▊| 976/1000 [06:59 > 4:43:19]
L-BFGS:  98%|█████████▊| 977/1000 [06:39 > 4:43:36]
L-BFGS:  98%|█████████▊| 978/1000 [06:21 > 4:43:53]
L-BFGS:  98%|█████████▊| 979/1000 [06:03 > 4:44:11]
L-BFGS:  98%|█████████▊| 980/1000 [05:49 > 4:44:29]
L-BFGS:  98%|█████████▊| 981/1000 [05:30 > 4:44:46]
L-BFGS:  98%|█████████▊| 982/1000 [05:12 > 4:45:03]
L-BFGS:  98%|█████████▊| 983/1000 [04:54 > 4:45:20]
L-BFGS:  98%|█████████▊| 984/1000 [04:36 > 4:45:38]
L-BFGS:  98%|█████████▊| 985/1000 [04:22 > 4:45:55]
L-BFGS:  99%|█████████▊| 986/1000 [04:03 > 4:46:13]
L-BFGS:  99%|█████████▊| 987/1000 [03:45 > 4:46:30]
L-BFGS:  99%|█████████▉| 988/1000 [03:29 > 4:46:48]
L-BFGS:  99%|█████████▉| 989/1000 [03:11 > 4:47:05]
L-BFGS:  99%|█████████▉| 990/1000 [02:53 > 4:47:22]
L-BFGS:  99%|█████████▉| 991/1000 [02:35 > 4:47:39]
L-BFGS:  99%|█████████▉| 992/1000 [02:17 > 4:47:56]
L-BFGS:  99%|█████████▉| 993/1000 [02:01 > 4:48:14]
L-BFGS:  99%|█████████▉| 994/1000 [01:45 > 4:48:32]
L-BFGS: 100%|█████████▉| 995/1000 [01:26 > 4:48:49]
L-BFGS: 100%|█████████▉| 996/1000 [01:09 > 4:49:06]
L-BFGS: 100%|█████████▉| 997/1000 [00:52 > 4:49:24]
L-BFGS: 100%|█████████▉| 998/1000 [00:35 > 4:49:42]
L-BFGS: 100%|█████████▉| 999/1000 [00:17 > 4:49:59]
L-BFGS: 100%|██████████| 1000/1000 [00:00 > 4:50:16]
L-BFGS: 100%|██████████| 1000/1000 [00:00 > 4:50:16]
Training saved: C:\Ali Computation\pinn\code\heterogeneous\pino_heterogeneous\results\exp_Uc_piecewise_K100_N250_z1to5_min10pct_w64_float64_lbfgs1000_maxiter20\pino_heterogeneous_concentration.png C:\Ali Computation\pinn\code\heterogeneous\pino_heterogeneous\results\exp_Uc_piecewise_K100_N250_z1to5_min10pct_w64_float64_lbfgs1000_maxiter20\pino_heterogeneous_loss.png C:\Ali Computation\pinn\code\heterogeneous\pino_heterogeneous\results\exp_Uc_piecewise_K100_N250_z1to5_min10pct_w64_float64_lbfgs1000_maxiter20\pino_heterogeneous_model.pt
COMSOL validation: 81 media -> C:\Ali Computation\pinn\code\heterogeneous\pino_heterogeneous\results\exp_Uc_piecewise_K100_N250_z1to5_min10pct_w64_float64_lbfgs1000_maxiter20\comsol_validation  (x* collocation n=86)

COMSOL vs PINO:   0%|          | 0/81 [00:00<?, ?it/s]
COMSOL vs PINO:   1%|          | 1/81 [00:01<01:21,  1.02s/it]
COMSOL vs PINO:   2%|▏         | 2/81 [00:02<01:22,  1.05s/it]
COMSOL vs PINO:   4%|▎         | 3/81 [00:03<01:21,  1.04s/it]
COMSOL vs PINO:   5%|▍         | 4/81 [00:04<01:19,  1.03s/it]
COMSOL vs PINO:   6%|▌         | 5/81 [00:05<01:25,  1.13s/it]
COMSOL vs PINO:   7%|▋         | 6/81 [00:06<01:22,  1.09s/it]
COMSOL vs PINO:   9%|▊         | 7/81 [00:07<01:19,  1.07s/it]
COMSOL vs PINO:  10%|▉         | 8/81 [00:08<01:17,  1.06s/it]
COMSOL vs PINO:  11%|█         | 9/81 [00:09<01:15,  1.05s/it]
COMSOL vs PINO:  12%|█▏        | 10/81 [00:10<01:14,  1.05s/it]
COMSOL vs PINO:  14%|█▎        | 11/81 [00:11<01:13,  1.05s/it]
COMSOL vs PINO:  15%|█▍        | 12/81 [00:12<01:12,  1.05s/it]
COMSOL vs PINO:  16%|█▌        | 13/81 [00:13<01:10,  1.04s/it]
COMSOL vs PINO:  17%|█▋        | 14/81 [00:14<01:10,  1.05s/it]
COMSOL vs PINO:  19%|█▊        | 15/81 [00:15<01:08,  1.04s/it]
COMSOL vs PINO:  20%|█▉        | 16/81 [00:16<01:07,  1.04s/it]
COMSOL vs PINO:  21%|██        | 17/81 [00:17<01:06,  1.04s/it]
COMSOL vs PINO:  22%|██▏       | 18/81 [00:18<01:05,  1.04s/it]
COMSOL vs PINO:  23%|██▎       | 19/81 [00:20<01:10,  1.14s/it]
COMSOL vs PINO:  25%|██▍       | 20/81 [00:21<01:08,  1.12s/it]
COMSOL vs PINO:  26%|██▌       | 21/81 [00:22<01:05,  1.10s/it]
COMSOL vs PINO:  27%|██▋       | 22/81 [00:23<01:03,  1.08s/it]
COMSOL vs PINO:  28%|██▊       | 23/81 [00:24<01:02,  1.07s/it]
COMSOL vs PINO:  30%|██▉       | 24/81 [00:25<01:00,  1.06s/it]
COMSOL vs PINO:  31%|███       | 25/81 [00:26<00:59,  1.06s/it]
COMSOL vs PINO:  32%|███▏      | 26/81 [00:27<00:58,  1.06s/it]
COMSOL vs PINO:  33%|███▎      | 27/81 [00:28<00:56,  1.05s/it]
COMSOL vs PINO:  35%|███▍      | 28/81 [00:29<00:55,  1.05s/it]
COMSOL vs PINO:  36%|███▌      | 29/81 [00:30<00:54,  1.05s/it]
COMSOL vs PINO:  37%|███▋      | 30/81 [00:31<00:53,  1.05s/it]
COMSOL vs PINO:  38%|███▊      | 31/81 [00:32<00:52,  1.05s/it]
COMSOL vs PINO:  40%|███▉      | 32/81 [00:33<00:51,  1.05s/it]
COMSOL vs PINO:  41%|████      | 33/81 [00:35<00:54,  1.14s/it]
COMSOL vs PINO:  42%|████▏     | 34/81 [00:36<00:51,  1.10s/it]
COMSOL vs PINO:  43%|████▎     | 35/81 [00:37<00:50,  1.09s/it]
COMSOL vs PINO:  44%|████▍     | 36/81 [00:38<00:48,  1.07s/it]
COMSOL vs PINO:  46%|████▌     | 37/81 [00:39<00:46,  1.07s/it]
COMSOL vs PINO:  47%|████▋     | 38/81 [00:40<00:45,  1.06s/it]
COMSOL vs PINO:  48%|████▊     | 39/81 [00:41<00:44,  1.06s/it]
COMSOL vs PINO:  49%|████▉     | 40/81 [00:42<00:43,  1.05s/it]
COMSOL vs PINO:  51%|█████     | 41/81 [00:43<00:41,  1.04s/it]
COMSOL vs PINO:  52%|█████▏    | 42/81 [00:44<00:40,  1.04s/it]
COMSOL vs PINO:  53%|█████▎    | 43/81 [00:45<00:39,  1.04s/it]
COMSOL vs PINO:  54%|█████▍    | 44/81 [00:46<00:38,  1.04s/it]
COMSOL vs PINO:  56%|█████▌    | 45/81 [00:47<00:37,  1.04s/it]
COMSOL vs PINO:  57%|█████▋    | 46/81 [00:49<00:39,  1.13s/it]
COMSOL vs PINO:  58%|█████▊    | 47/81 [00:50<00:37,  1.11s/it]
COMSOL vs PINO:  59%|█████▉    | 48/81 [00:51<00:36,  1.09s/it]
COMSOL vs PINO:  60%|██████    | 49/81 [00:52<00:34,  1.08s/it]
COMSOL vs PINO:  62%|██████▏   | 50/81 [00:53<00:32,  1.06s/it]
COMSOL vs PINO:  63%|██████▎   | 51/81 [00:54<00:31,  1.06s/it]
COMSOL vs PINO:  64%|██████▍   | 52/81 [00:55<00:30,  1.05s/it]
COMSOL vs PINO:  65%|██████▌   | 53/81 [00:56<00:29,  1.05s/it]
COMSOL vs PINO:  67%|██████▋   | 54/81 [00:57<00:28,  1.05s/it]
COMSOL vs PINO:  68%|██████▊   | 55/81 [00:58<00:27,  1.05s/it]
COMSOL vs PINO:  69%|██████▉   | 56/81 [00:59<00:26,  1.05s/it]
COMSOL vs PINO:  70%|███████   | 57/81 [01:00<00:25,  1.05s/it]
COMSOL vs PINO:  72%|███████▏  | 58/81 [01:01<00:24,  1.04s/it]
COMSOL vs PINO:  73%|███████▎  | 59/81 [01:02<00:23,  1.05s/it]
COMSOL vs PINO:  74%|███████▍  | 60/81 [01:03<00:21,  1.05s/it]
COMSOL vs PINO:  75%|███████▌  | 61/81 [01:05<00:22,  1.14s/it]
COMSOL vs PINO:  77%|███████▋  | 62/81 [01:06<00:21,  1.11s/it]
COMSOL vs PINO:  78%|███████▊  | 63/81 [01:07<00:19,  1.09s/it]
COMSOL vs PINO:  79%|███████▉  | 64/81 [01:08<00:18,  1.08s/it]
COMSOL vs PINO:  80%|████████  | 65/81 [01:09<00:17,  1.07s/it]
COMSOL vs PINO:  81%|████████▏ | 66/81 [01:10<00:16,  1.07s/it]
COMSOL vs PINO:  83%|████████▎ | 67/81 [01:11<00:14,  1.06s/it]
COMSOL vs PINO:  84%|████████▍ | 68/81 [01:12<00:13,  1.05s/it]
COMSOL vs PINO:  85%|████████▌ | 69/81 [01:13<00:12,  1.04s/it]
COMSOL vs PINO:  86%|████████▋ | 70/81 [01:14<00:11,  1.04s/it]
COMSOL vs PINO:  88%|████████▊ | 71/81 [01:15<00:10,  1.05s/it]
COMSOL vs PINO:  89%|████████▉ | 72/81 [01:16<00:09,  1.04s/it]
COMSOL vs PINO:  90%|█████████ | 73/81 [01:17<00:08,  1.04s/it]
COMSOL vs PINO:  91%|█████████▏| 74/81 [01:18<00:07,  1.05s/it]
COMSOL vs PINO:  93%|█████████▎| 75/81 [01:19<00:06,  1.05s/it]
COMSOL vs PINO:  94%|█████████▍| 76/81 [01:21<00:05,  1.14s/it]
COMSOL vs PINO:  95%|█████████▌| 77/81 [01:22<00:04,  1.11s/it]
COMSOL vs PINO:  96%|█████████▋| 78/81 [01:23<00:03,  1.09s/it]
COMSOL vs PINO:  98%|█████████▊| 79/81 [01:24<00:02,  1.07s/it]
COMSOL vs PINO:  99%|█████████▉| 80/81 [01:25<00:01,  1.07s/it]
COMSOL vs PINO: 100%|██████████| 81/81 [01:26<00:00,  1.07s/it]
COMSOL vs PINO: 100%|██████████| 81/81 [01:26<00:00,  1.07s/it]
COMSOL validation summary: n=81  mean=4.284959e-02  max=1.330026e-01  min=1.489604e-02
Wrote C:\Ali Computation\pinn\code\heterogeneous\pino_heterogeneous\results\exp_Uc_piecewise_K100_N250_z1to5_min10pct_w64_float64_lbfgs1000_maxiter20\comsol_validation\comsol_validation_summary.csv
Run metadata: C:\Ali Computation\pinn\code\heterogeneous\pino_heterogeneous\results\exp_Uc_piecewise_K100_N250_z1to5_min10pct_w64_float64_lbfgs1000_maxiter20\run_meta.json
Wall-clock train: 17418.1 s
Wall-clock validation: 86.4 s
Wall-clock total: 17514.1 s  device=cuda

# exit 0 after 4:52:00.696440
