# code/heterogeneous/pino_heterogeneous/pinn1d_heterogeneous_parametric_neural_operator.py --design grf --n-sensors 100 --n-grf 0 --n-piecewise-per-zones 20 --piecewise-zone-counts 1,2,3,4,5 --min-zone-frac 0.1 --arch w64 --dtype float64 --early-stop-patience 150 --lr-lbfgs 0.1 --lbfgs-max-iter 20 --epochs 1000 --out-dir results/exp_Ud_piecewise_K100_N100_z1to5_min10pct_w64_float64_lbfgs1000_maxiter20
# started 2026-06-28 05:55:56
# cwd C:\Ali Computation\pinn\code\heterogeneous\pino_heterogeneous

Using GPU: NVIDIA GeForce RTX 3090 (cuda:0, dtype=torch.float64)
PE (computed) = 0.010368
design=grf  media_mode=grf  n_train_requested=100  n_corner_anchors=16  arch=w64  batch_mode=True
branch=[100, 64, 64, 64]  trunk=[2, 64, 64, 64, 64]
results_dir=C:\Ali Computation\pinn\code\heterogeneous\pino_heterogeneous\results\exp_Ud_piecewise_K100_N100_z1to5_min10pct_w64_float64_lbfgs1000_maxiter20
Training: 100 piecewise (20 each for zones [1, 2, 3, 4, 5]), min_zone_frac=0.1 = 100 total; K=100 uniform sensors, grid_n=201
  saved/loaded: C:\Ali Computation\pinn\code\heterogeneous\pino_heterogeneous\results\exp_Ud_piecewise_K100_N100_z1to5_min10pct_w64_float64_lbfgs1000_maxiter20\train_grf_cases.npz
  branch CFL range [0.120007, 0.595489]
PDE mesh: bulk 50x50x100 (no interface bands in GRF mode)
COMSOL validation: 81 fixed grid cases from comsol_4zones.txt -> C:\Ali Computation\pinn\code\heterogeneous\pino_heterogeneous\results\exp_Ud_piecewise_K100_N100_z1to5_min10pct_w64_float64_lbfgs1000_maxiter20\comsol_validation
run_training=True  run_comsol_validation=True  validate_only=False  skip_validation_plots=False
L-BFGS early stopping: patience=150 (max steps=1000)
L-BFGS: lr=0.1  max_iter=20  outer_steps=1000
PDE collocation points: 250,000 (bulk 250,000, interface 0)
Collocation mesh plot (pre-train): C:\Ali Computation\pinn\code\heterogeneous\pino_heterogeneous\results\exp_Ud_piecewise_K100_N100_z1to5_min10pct_w64_float64_lbfgs1000_maxiter20\pino_heterogeneous_collocation_points.png
LBFGS (
Parameter Group 0
    history_size: 50
    line_search_fn: strong_wolfe
    lr: 0.1
    max_eval: 25
    max_iter: 20
    tolerance_change: 1e-09
    tolerance_grad: 1e-07
)
Early stopping: patience=150 L-BFGS steps (no total-loss improvement, rtol=1e-12)

L-BFGS:   0%|          | 0/1000 [? > 00:00]
L-BFGS:   0%|          | 1/1000 [2:56:00 > 00:10]
L-BFGS:   0%|          | 2/1000 [2:52:53 > 00:20]
L-BFGS:   0%|          | 3/1000 [2:49:25 > 00:30]
L-BFGS:   0%|          | 4/1000 [2:48:00 > 00:40]
L-BFGS:   0%|          | 5/1000 [2:49:56 > 00:51]
L-BFGS:   1%|          | 6/1000 [2:48:51 > 01:01]
L-BFGS:   1%|          | 7/1000 [2:48:08 > 01:11]
L-BFGS:   1%|          | 8/1000 [2:47:30 > 01:21]
L-BFGS:   1%|          | 9/1000 [2:49:25 > 01:32]
L-BFGS:   1%|          | 10/1000 [2:49:13 > 01:42]
L-BFGS:   1%|          | 11/1000 [2:48:55 > 01:52]
L-BFGS:   1%|          | 12/1000 [2:48:51 > 02:02]
L-BFGS:   1%|▏         | 13/1000 [2:50:43 > 02:13]
L-BFGS:   1%|▏         | 14/1000 [2:49:54 > 02:23]
L-BFGS:   2%|▏         | 15/1000 [2:51:19 > 02:34]
L-BFGS:   2%|▏         | 16/1000 [2:50:11 > 02:44]
L-BFGS:   2%|▏         | 17/1000 [2:51:32 > 02:55]
L-BFGS:   2%|▏         | 18/1000 [2:50:27 > 03:05]
L-BFGS:   2%|▏         | 19/1000 [2:49:58 > 03:15]
L-BFGS:   2%|▏         | 20/1000 [2:48:54 > 03:26]
L-BFGS:   2%|▏         | 21/1000 [2:49:52 > 03:36]
L-BFGS:   2%|▏         | 22/1000 [2:48:28 > 03:46]
L-BFGS:   2%|▏         | 23/1000 [2:47:34 > 03:57]
L-BFGS:   2%|▏         | 24/1000 [2:46:47 > 04:07]
L-BFGS:   2%|▎         | 25/1000 [2:48:04 > 04:17]
L-BFGS:   3%|▎         | 26/1000 [2:49:00 > 04:28]
L-BFGS:   3%|▎         | 27/1000 [2:47:39 > 04:38]
L-BFGS:   3%|▎         | 28/1000 [2:46:36 > 04:48]
L-BFGS:   3%|▎         | 29/1000 [2:47:58 > 04:59]
L-BFGS:   3%|▎         | 30/1000 [2:46:47 > 05:09]
L-BFGS:   3%|▎         | 31/1000 [2:45:49 > 05:19]
L-BFGS:   3%|▎         | 32/1000 [2:47:07 > 05:30]
L-BFGS:   3%|▎         | 33/1000 [2:46:11 > 05:40]
L-BFGS:   3%|▎         | 34/1000 [2:47:16 > 05:50]
L-BFGS:   4%|▎         | 35/1000 [2:47:59 > 06:01]
L-BFGS:   4%|▎         | 36/1000 [2:46:33 > 06:11]
L-BFGS:   4%|▎         | 37/1000 [2:45:33 > 06:21]
L-BFGS:   4%|▍         | 38/1000 [2:44:40 > 06:32]
L-BFGS:   4%|▍         | 39/1000 [2:45:05 > 06:42]
L-BFGS:   4%|▍         | 40/1000 [2:46:55 > 06:53]
L-BFGS:   4%|▍         | 41/1000 [2:48:08 > 07:03]
L-BFGS:   4%|▍         | 42/1000 [2:47:01 > 07:14]
L-BFGS:   4%|▍         | 43/1000 [2:46:07 > 07:24]
L-BFGS:   4%|▍         | 44/1000 [2:45:31 > 07:34]
L-BFGS:   4%|▍         | 45/1000 [2:45:00 > 07:45]
L-BFGS:   5%|▍         | 46/1000 [2:44:41 > 07:55]
L-BFGS:   5%|▍         | 47/1000 [2:46:17 > 08:06]
L-BFGS:   5%|▍         | 48/1000 [2:47:25 > 08:17]
L-BFGS:   5%|▍         | 49/1000 [2:47:45 > 08:27]
L-BFGS:   5%|▌         | 50/1000 [2:45:29 > 08:37]
L-BFGS:   5%|▌         | 51/1000 [2:45:52 > 08:48]
L-BFGS:   5%|▌         | 52/1000 [2:46:04 > 08:58]
L-BFGS:   5%|▌         | 53/1000 [2:44:26 > 09:09]
L-BFGS:   5%|▌         | 54/1000 [2:43:04 > 09:19]
L-BFGS:   6%|▌         | 55/1000 [2:42:09 > 09:29]
L-BFGS:   6%|▌         | 56/1000 [2:41:24 > 09:39]
L-BFGS:   6%|▌         | 57/1000 [2:40:46 > 09:49]
L-BFGS:   6%|▌         | 58/1000 [2:42:19 > 10:00]
L-BFGS:   6%|▌         | 59/1000 [2:41:26 > 10:10]
L-BFGS:   6%|▌         | 60/1000 [2:40:49 > 10:20]
L-BFGS:   6%|▌         | 61/1000 [2:40:09 > 10:30]
L-BFGS:   6%|▌         | 62/1000 [2:41:37 > 10:41]
L-BFGS:   6%|▋         | 63/1000 [2:40:43 > 10:51]
L-BFGS:   6%|▋         | 64/1000 [2:41:53 > 11:02]
L-BFGS:   6%|▋         | 65/1000 [2:40:52 > 11:12]
L-BFGS:   7%|▋         | 66/1000 [2:41:52 > 11:23]
L-BFGS:   7%|▋         | 67/1000 [2:40:41 > 11:33]
L-BFGS:   7%|▋         | 68/1000 [2:40:17 > 11:43]
L-BFGS:   7%|▋         | 69/1000 [2:40:23 > 11:53]
L-BFGS:   7%|▋         | 70/1000 [2:41:59 > 12:04]
L-BFGS:   7%|▋         | 71/1000 [2:41:15 > 12:15]
L-BFGS:   7%|▋         | 72/1000 [2:42:32 > 12:25]
L-BFGS:   7%|▋         | 73/1000 [2:43:27 > 12:36]
L-BFGS:   7%|▋         | 74/1000 [2:43:58 > 12:47]
L-BFGS:   8%|▊         | 75/1000 [2:42:24 > 12:57]
L-BFGS:   8%|▊         | 76/1000 [2:41:16 > 13:07]
L-BFGS:   8%|▊         | 77/1000 [2:40:20 > 13:18]
L-BFGS:   8%|▊         | 78/1000 [2:41:18 > 13:28]
L-BFGS:   8%|▊         | 79/1000 [2:41:29 > 13:39]
L-BFGS:   8%|▊         | 80/1000 [2:41:35 > 13:49]
L-BFGS:   8%|▊         | 81/1000 [2:39:40 > 14:00]
L-BFGS:   8%|▊         | 82/1000 [2:38:24 > 14:10]
L-BFGS:   8%|▊         | 83/1000 [2:37:25 > 14:20]
L-BFGS:   8%|▊         | 84/1000 [2:36:39 > 14:30]
L-BFGS:   8%|▊         | 85/1000 [2:37:53 > 14:41]
L-BFGS:   9%|▊         | 86/1000 [2:38:40 > 14:51]
L-BFGS:   9%|▊         | 87/1000 [2:39:13 > 15:02]
L-BFGS:   9%|▉         | 88/1000 [2:39:36 > 15:12]
L-BFGS:   9%|▉         | 89/1000 [2:37:56 > 15:23]
L-BFGS:   9%|▉         | 90/1000 [2:36:50 > 15:33]
L-BFGS:   9%|▉         | 91/1000 [2:37:42 > 15:43]
L-BFGS:   9%|▉         | 92/1000 [2:36:34 > 15:54]
L-BFGS:   9%|▉         | 93/1000 [2:37:25 > 16:04]
L-BFGS:   9%|▉         | 94/1000 [2:37:55 > 16:15]
L-BFGS:  10%|▉         | 95/1000 [2:36:23 > 16:25]
L-BFGS:  10%|▉         | 96/1000 [2:37:11 > 16:35]
L-BFGS:  10%|▉         | 97/1000 [2:38:14 > 16:46]
L-BFGS:  10%|▉         | 98/1000 [2:39:00 > 16:57]
L-BFGS:  10%|▉         | 99/1000 [2:39:31 > 17:08]
L-BFGS:  10%|█         | 100/1000 [2:38:02 > 17:18]
L-BFGS:  10%|█         | 101/1000 [2:36:56 > 17:28]
L-BFGS:  10%|█         | 102/1000 [2:36:09 > 17:39]
L-BFGS:  10%|█         | 103/1000 [2:35:21 > 17:49]
L-BFGS:  10%|█         | 104/1000 [2:34:55 > 17:59]
L-BFGS:  10%|█         | 105/1000 [2:36:22 > 18:10]
L-BFGS:  11%|█         | 106/1000 [2:37:22 > 18:21]
L-BFGS:  11%|█         | 107/1000 [2:37:46 > 18:31]
L-BFGS:  11%|█         | 108/1000 [2:37:34 > 18:42]
L-BFGS:  11%|█         | 109/1000 [2:37:16 > 18:53]
L-BFGS:  11%|█         | 110/1000 [2:35:11 > 19:03]
L-BFGS:  11%|█         | 111/1000 [2:33:43 > 19:13]
L-BFGS:  11%|█         | 112/1000 [2:32:46 > 19:23]
L-BFGS:  11%|█▏        | 113/1000 [2:33:42 > 19:34]
L-BFGS:  11%|█▏        | 114/1000 [2:32:37 > 19:44]
L-BFGS:  12%|█▏        | 115/1000 [2:31:40 > 19:54]
L-BFGS:  12%|█▏        | 116/1000 [2:30:57 > 20:04]
L-BFGS:  12%|█▏        | 117/1000 [2:30:28 > 20:14]
L-BFGS:  12%|█▏        | 118/1000 [2:31:49 > 20:25]
L-BFGS:  12%|█▏        | 119/1000 [2:30:56 > 20:35]
L-BFGS:  12%|█▏        | 120/1000 [2:30:21 > 20:45]
L-BFGS:  12%|█▏        | 121/1000 [2:29:55 > 20:56]
L-BFGS:  12%|█▏        | 122/1000 [2:29:28 > 21:06]
L-BFGS:  12%|█▏        | 123/1000 [2:29:06 > 21:16]
L-BFGS:  12%|█▏        | 124/1000 [2:28:59 > 21:26]
L-BFGS:  12%|█▎        | 125/1000 [2:28:35 > 21:36]
L-BFGS:  13%|█▎        | 126/1000 [2:28:34 > 21:46]
L-BFGS:  13%|█▎        | 127/1000 [2:28:58 > 21:57]
L-BFGS:  13%|█▎        | 128/1000 [2:29:21 > 22:07]
L-BFGS:  13%|█▎        | 129/1000 [2:31:18 > 22:18]
L-BFGS:  13%|█▎        | 130/1000 [2:30:42 > 22:28]
L-BFGS:  13%|█▎        | 131/1000 [2:32:01 > 22:39]
L-BFGS:  13%|█▎        | 132/1000 [2:31:08 > 22:49]
L-BFGS:  13%|█▎        | 133/1000 [2:30:26 > 23:00]
L-BFGS:  13%|█▎        | 134/1000 [2:29:55 > 23:10]
L-BFGS:  14%|█▎        | 135/1000 [2:29:32 > 23:20]
L-BFGS:  14%|█▎        | 136/1000 [2:29:11 > 23:31]
L-BFGS:  14%|█▎        | 137/1000 [2:29:58 > 23:41]
L-BFGS:  14%|█▍        | 138/1000 [2:30:26 > 23:52]
L-BFGS:  14%|█▍        | 139/1000 [2:28:55 > 24:02]
L-BFGS:  14%|█▍        | 140/1000 [2:27:49 > 24:12]
L-BFGS:  14%|█▍        | 141/1000 [2:27:02 > 24:22]
L-BFGS:  14%|█▍        | 142/1000 [2:26:29 > 24:32]
L-BFGS:  14%|█▍        | 143/1000 [2:26:04 > 24:43]
L-BFGS:  14%|█▍        | 144/1000 [2:25:43 > 24:53]
L-BFGS:  14%|█▍        | 145/1000 [2:25:20 > 25:03]
L-BFGS:  15%|█▍        | 146/1000 [2:26:46 > 25:14]
L-BFGS:  15%|█▍        | 147/1000 [2:25:59 > 25:24]
L-BFGS:  15%|█▍        | 148/1000 [2:25:24 > 25:34]
L-BFGS:  15%|█▍        | 149/1000 [2:24:48 > 25:44]
L-BFGS:  15%|█▌        | 150/1000 [2:26:07 > 25:55]
L-BFGS:  15%|█▌        | 151/1000 [2:25:28 > 26:05]
L-BFGS:  15%|█▌        | 152/1000 [2:24:52 > 26:15]
L-BFGS:  15%|█▌        | 153/1000 [2:24:22 > 26:25]
L-BFGS:  15%|█▌        | 154/1000 [2:23:54 > 26:35]
L-BFGS:  16%|█▌        | 155/1000 [2:23:36 > 26:46]
L-BFGS:  16%|█▌        | 156/1000 [2:23:59 > 26:56]
L-BFGS:  16%|█▌        | 157/1000 [2:24:12 > 27:06]
L-BFGS:  16%|█▌        | 158/1000 [2:24:15 > 27:16]
L-BFGS:  16%|█▌        | 159/1000 [2:25:59 > 27:27]
L-BFGS:  16%|█▌        | 160/1000 [2:25:27 > 27:38]
L-BFGS:  16%|█▌        | 161/1000 [2:24:57 > 27:48]
L-BFGS:  16%|█▌        | 162/1000 [2:24:37 > 27:58]
L-BFGS:  16%|█▋        | 163/1000 [2:24:16 > 28:09]
L-BFGS:  16%|█▋        | 164/1000 [2:24:02 > 28:19]
L-BFGS:  16%|█▋        | 165/1000 [2:23:43 > 28:29]
L-BFGS:  17%|█▋        | 166/1000 [2:23:22 > 28:39]
L-BFGS:  17%|█▋        | 167/1000 [2:24:21 > 28:50]
L-BFGS:  17%|█▋        | 168/1000 [2:23:18 > 29:00]
L-BFGS:  17%|█▋        | 169/1000 [2:24:13 > 29:11]
L-BFGS:  17%|█▋        | 170/1000 [2:22:59 > 29:21]
L-BFGS:  17%|█▋        | 171/1000 [2:22:05 > 29:31]
L-BFGS:  17%|█▋        | 172/1000 [2:21:24 > 29:41]
L-BFGS:  17%|█▋        | 173/1000 [2:20:56 > 29:51]
L-BFGS:  17%|█▋        | 174/1000 [2:20:31 > 30:02]
L-BFGS:  18%|█▊        | 175/1000 [2:20:13 > 30:12]
L-BFGS:  18%|█▊        | 176/1000 [2:19:57 > 30:22]
L-BFGS:  18%|█▊        | 177/1000 [2:19:44 > 30:32]
L-BFGS:  18%|█▊        | 178/1000 [2:21:14 > 30:43]
L-BFGS:  18%|█▊        | 179/1000 [2:20:41 > 30:53]
L-BFGS:  18%|█▊        | 180/1000 [2:20:04 > 31:03]
L-BFGS:  18%|█▊        | 181/1000 [2:19:39 > 31:13]
L-BFGS:  18%|█▊        | 182/1000 [2:20:54 > 31:24]
L-BFGS:  18%|█▊        | 183/1000 [2:21:39 > 31:34]
L-BFGS:  18%|█▊        | 184/1000 [2:22:13 > 31:45]
L-BFGS:  18%|█▊        | 185/1000 [2:21:22 > 31:55]
L-BFGS:  19%|█▊        | 186/1000 [2:20:48 > 32:06]
L-BFGS:  19%|█▊        | 187/1000 [2:22:06 > 32:16]
L-BFGS:  19%|█▉        | 188/1000 [2:22:50 > 32:27]
L-BFGS:  19%|█▉        | 189/1000 [2:21:50 > 32:37]
L-BFGS:  19%|█▉        | 190/1000 [2:21:03 > 32:48]
L-BFGS:  19%|█▉        | 191/1000 [2:20:24 > 32:58]
L-BFGS:  19%|█▉        | 192/1000 [2:19:49 > 33:08]
L-BFGS:  19%|█▉        | 193/1000 [2:19:30 > 33:19]
L-BFGS:  19%|█▉        | 194/1000 [2:19:06 > 33:29]
L-BFGS:  20%|█▉        | 195/1000 [2:20:10 > 33:40]
L-BFGS:  20%|█▉        | 196/1000 [2:18:50 > 33:50]
L-BFGS:  20%|█▉        | 197/1000 [2:17:53 > 34:00]
L-BFGS:  20%|█▉        | 198/1000 [2:17:14 > 34:10]
L-BFGS:  20%|█▉        | 199/1000 [2:18:18 > 34:21]
L-BFGS:  20%|██        | 200/1000 [2:17:22 > 34:31]
L-BFGS:  20%|██        | 201/1000 [2:16:37 > 34:41]
L-BFGS:  20%|██        | 202/1000 [2:16:05 > 34:51]
L-BFGS:  20%|██        | 203/1000 [2:15:40 > 35:02]
L-BFGS:  20%|██        | 204/1000 [2:16:55 > 35:12]
L-BFGS:  20%|██        | 205/1000 [2:16:07 > 35:22]
L-BFGS:  21%|██        | 206/1000 [2:17:11 > 35:33]
L-BFGS:  21%|██        | 207/1000 [2:17:53 > 35:43]
L-BFGS:  21%|██        | 208/1000 [2:18:19 > 35:54]
L-BFGS:  21%|██        | 209/1000 [2:18:31 > 36:05]
L-BFGS:  21%|██        | 210/1000 [2:16:58 > 36:15]
L-BFGS:  21%|██        | 211/1000 [2:17:28 > 36:25]
L-BFGS:  21%|██        | 212/1000 [2:17:45 > 36:36]
L-BFGS:  21%|██▏       | 213/1000 [2:16:20 > 36:46]
L-BFGS:  21%|██▏       | 214/1000 [2:17:15 > 36:57]
L-BFGS:  22%|██▏       | 215/1000 [2:16:27 > 37:07]
L-BFGS:  22%|██▏       | 216/1000 [2:15:58 > 37:17]
L-BFGS:  22%|██▏       | 217/1000 [2:17:05 > 37:28]
L-BFGS:  22%|██▏       | 218/1000 [2:16:17 > 37:38]
L-BFGS:  22%|██▏       | 219/1000 [2:15:40 > 37:49]
L-BFGS:  22%|██▏       | 220/1000 [2:16:43 > 38:00]
L-BFGS:  22%|██▏       | 221/1000 [2:15:44 > 38:10]
L-BFGS:  22%|██▏       | 222/1000 [2:15:01 > 38:20]
L-BFGS:  22%|██▏       | 223/1000 [2:16:06 > 38:31]
L-BFGS:  22%|██▏       | 224/1000 [2:15:09 > 38:41]
L-BFGS:  22%|██▎       | 225/1000 [2:13:52 > 38:51]
L-BFGS:  23%|██▎       | 226/1000 [2:12:55 > 39:02]
L-BFGS:  23%|██▎       | 227/1000 [2:13:47 > 39:12]
L-BFGS:  23%|██▎       | 228/1000 [2:12:48 > 39:22]
L-BFGS:  23%|██▎       | 229/1000 [2:12:00 > 39:32]
L-BFGS:  23%|██▎       | 230/1000 [2:12:59 > 39:43]
L-BFGS:  23%|██▎       | 231/1000 [2:13:41 > 39:54]
L-BFGS:  23%|██▎       | 232/1000 [2:14:05 > 40:04]
L-BFGS:  23%|██▎       | 233/1000 [2:14:15 > 40:15]
L-BFGS:  23%|██▎       | 234/1000 [2:12:49 > 40:25]
L-BFGS:  24%|██▎       | 235/1000 [2:11:47 > 40:35]
L-BFGS:  24%|██▎       | 236/1000 [2:12:31 > 40:46]
L-BFGS:  24%|██▎       | 237/1000 [2:11:22 > 40:56]
L-BFGS:  24%|██▍       | 238/1000 [2:10:36 > 41:06]
L-BFGS:  24%|██▍       | 239/1000 [2:11:31 > 41:17]
L-BFGS:  24%|██▍       | 240/1000 [2:10:36 > 41:27]
L-BFGS:  24%|██▍       | 241/1000 [2:09:54 > 41:37]
L-BFGS:  24%|██▍       | 242/1000 [2:10:53 > 41:48]
L-BFGS:  24%|██▍       | 243/1000 [2:10:20 > 41:58]
L-BFGS:  24%|██▍       | 244/1000 [2:10:06 > 42:08]
L-BFGS:  24%|██▍       | 245/1000 [2:09:58 > 42:18]
L-BFGS:  25%|██▍       | 246/1000 [2:11:21 > 42:29]
L-BFGS:  25%|██▍       | 247/1000 [2:12:17 > 42:40]
L-BFGS:  25%|██▍       | 248/1000 [2:11:21 > 42:50]
L-BFGS:  25%|██▍       | 249/1000 [2:10:34 > 43:01]
L-BFGS:  25%|██▌       | 250/1000 [2:09:59 > 43:11]
L-BFGS:  25%|██▌       | 251/1000 [2:11:04 > 43:22]
L-BFGS:  25%|██▌       | 252/1000 [2:11:48 > 43:32]
L-BFGS:  25%|██▌       | 253/1000 [2:12:09 > 43:43]
L-BFGS:  25%|██▌       | 254/1000 [2:11:52 > 43:54]
L-BFGS:  26%|██▌       | 255/1000 [2:10:02 > 44:04]
L-BFGS:  26%|██▌       | 256/1000 [2:10:12 > 44:14]
L-BFGS:  26%|██▌       | 257/1000 [2:08:48 > 44:25]
L-BFGS:  26%|██▌       | 258/1000 [2:09:15 > 44:35]
L-BFGS:  26%|██▌       | 259/1000 [2:09:29 > 44:46]
L-BFGS:  26%|██▌       | 260/1000 [2:08:10 > 44:56]
L-BFGS:  26%|██▌       | 261/1000 [2:07:11 > 45:06]
L-BFGS:  26%|██▌       | 262/1000 [2:07:53 > 45:17]
L-BFGS:  26%|██▋       | 263/1000 [2:08:25 > 45:27]
L-BFGS:  26%|██▋       | 264/1000 [2:07:10 > 45:37]
L-BFGS:  26%|██▋       | 265/1000 [2:06:17 > 45:48]
L-BFGS:  27%|██▋       | 266/1000 [2:07:02 > 45:58]
L-BFGS:  27%|██▋       | 267/1000 [2:06:11 > 46:08]
L-BFGS:  27%|██▋       | 268/1000 [2:05:26 > 46:18]
L-BFGS:  27%|██▋       | 269/1000 [2:06:17 > 46:29]
L-BFGS:  27%|██▋       | 270/1000 [2:05:25 > 46:39]
L-BFGS:  27%|██▋       | 271/1000 [2:04:49 > 46:49]
L-BFGS:  27%|██▋       | 272/1000 [2:04:32 > 47:00]
L-BFGS:  27%|██▋       | 273/1000 [2:06:06 > 47:10]
L-BFGS:  27%|██▋       | 274/1000 [2:05:35 > 47:21]
L-BFGS:  28%|██▊       | 275/1000 [2:05:13 > 47:31]
L-BFGS:  28%|██▊       | 276/1000 [2:06:27 > 47:42]
L-BFGS:  28%|██▊       | 277/1000 [2:05:44 > 47:52]
L-BFGS:  28%|██▊       | 278/1000 [2:05:08 > 48:02]
L-BFGS:  28%|██▊       | 279/1000 [2:06:11 > 48:13]
L-BFGS:  28%|██▊       | 280/1000 [2:06:52 > 48:24]
L-BFGS:  28%|██▊       | 281/1000 [2:05:51 > 48:34]
L-BFGS:  28%|██▊       | 282/1000 [2:06:31 > 48:45]
L-BFGS:  28%|██▊       | 283/1000 [2:04:56 > 48:55]
L-BFGS:  28%|██▊       | 284/1000 [2:05:11 > 49:06]
L-BFGS:  28%|██▊       | 285/1000 [2:05:17 > 49:16]
L-BFGS:  29%|██▊       | 286/1000 [2:03:47 > 49:26]
L-BFGS:  29%|██▊       | 287/1000 [2:02:47 > 49:37]
L-BFGS:  29%|██▉       | 288/1000 [2:03:28 > 49:47]
L-BFGS:  29%|██▉       | 289/1000 [2:02:23 > 49:57]
L-BFGS:  29%|██▉       | 290/1000 [2:03:02 > 50:08]
L-BFGS:  29%|██▉       | 291/1000 [2:02:04 > 50:18]
L-BFGS:  29%|██▉       | 292/1000 [2:02:47 > 50:29]
L-BFGS:  29%|██▉       | 293/1000 [2:03:14 > 50:39]
L-BFGS:  29%|██▉       | 294/1000 [2:03:29 > 50:50]
L-BFGS:  30%|██▉       | 295/1000 [2:02:16 > 51:00]
L-BFGS:  30%|██▉       | 296/1000 [2:01:13 > 51:10]
L-BFGS:  30%|██▉       | 297/1000 [2:01:51 > 51:21]
L-BFGS:  30%|██▉       | 298/1000 [2:00:54 > 51:31]
L-BFGS:  30%|██▉       | 299/1000 [2:01:31 > 51:41]
L-BFGS:  30%|███       | 300/1000 [2:01:59 > 51:52]
L-BFGS:  30%|███       | 301/1000 [2:00:58 > 52:02]
L-BFGS:  30%|███       | 302/1000 [2:00:36 > 52:13]
L-BFGS:  30%|███       | 303/1000 [2:00:19 > 52:23]
L-BFGS:  30%|███       | 304/1000 [2:01:31 > 52:34]
L-BFGS:  30%|███       | 305/1000 [2:00:50 > 52:44]
L-BFGS:  31%|███       | 306/1000 [2:01:44 > 52:55]
L-BFGS:  31%|███       | 307/1000 [2:00:50 > 53:05]
L-BFGS:  31%|███       | 308/1000 [2:00:07 > 53:15]
L-BFGS:  31%|███       | 309/1000 [1:59:41 > 53:26]
L-BFGS:  31%|███       | 310/1000 [2:00:47 > 53:37]
L-BFGS:  31%|███       | 311/1000 [2:01:23 > 53:47]
L-BFGS:  31%|███       | 312/1000 [1:59:53 > 53:57]
L-BFGS:  31%|███▏      | 313/1000 [1:58:46 > 54:08]
L-BFGS:  31%|███▏      | 314/1000 [1:57:52 > 54:18]
L-BFGS:  32%|███▏      | 315/1000 [1:57:14 > 54:28]
L-BFGS:  32%|███▏      | 316/1000 [1:58:05 > 54:39]
L-BFGS:  32%|███▏      | 317/1000 [1:57:15 > 54:49]
L-BFGS:  32%|███▏      | 318/1000 [1:58:00 > 54:59]
L-BFGS:  32%|███▏      | 319/1000 [1:58:28 > 55:10]
L-BFGS:  32%|███▏      | 320/1000 [1:58:42 > 55:20]
L-BFGS:  32%|███▏      | 321/1000 [1:58:54 > 55:31]
L-BFGS:  32%|███▏      | 322/1000 [1:57:35 > 55:41]
L-BFGS:  32%|███▏      | 323/1000 [1:56:32 > 55:51]
L-BFGS:  32%|███▏      | 324/1000 [1:55:50 > 56:01]
L-BFGS:  32%|███▎      | 325/1000 [1:56:37 > 56:12]
L-BFGS:  33%|███▎      | 326/1000 [1:55:44 > 56:22]
L-BFGS:  33%|███▎      | 327/1000 [1:55:05 > 56:32]
L-BFGS:  33%|███▎      | 328/1000 [1:54:37 > 56:42]
L-BFGS:  33%|███▎      | 329/1000 [1:55:38 > 56:53]
L-BFGS:  33%|███▎      | 330/1000 [1:56:23 > 57:04]
L-BFGS:  33%|███▎      | 331/1000 [1:55:52 > 57:14]
L-BFGS:  33%|███▎      | 332/1000 [1:55:28 > 57:24]
L-BFGS:  33%|███▎      | 333/1000 [1:55:06 > 57:35]
L-BFGS:  33%|███▎      | 334/1000 [1:54:49 > 57:45]
L-BFGS:  34%|███▎      | 335/1000 [1:56:00 > 57:56]
L-BFGS:  34%|███▎      | 336/1000 [1:55:19 > 58:06]
L-BFGS:  34%|███▎      | 337/1000 [1:56:11 > 58:17]
L-BFGS:  34%|███▍      | 338/1000 [1:55:25 > 58:27]
L-BFGS:  34%|███▍      | 339/1000 [1:54:43 > 58:37]
L-BFGS:  34%|███▍      | 340/1000 [1:54:17 > 58:48]
L-BFGS:  34%|███▍      | 341/1000 [1:54:49 > 58:58]
L-BFGS:  34%|███▍      | 342/1000 [1:55:02 > 59:09]
L-BFGS:  34%|███▍      | 343/1000 [1:55:08 > 59:20]
L-BFGS:  34%|███▍      | 344/1000 [1:55:09 > 59:30]
L-BFGS:  34%|███▍      | 345/1000 [1:55:09 > 59:41]
L-BFGS:  35%|███▍      | 346/1000 [1:55:02 > 59:51]
L-BFGS:  35%|███▍      | 347/1000 [1:54:53 > 1:00:02]
L-BFGS:  35%|███▍      | 348/1000 [1:53:27 > 1:00:12]
L-BFGS:  35%|███▍      | 349/1000 [1:52:21 > 1:00:22]
L-BFGS:  35%|███▌      | 350/1000 [1:52:51 > 1:00:33]
L-BFGS:  35%|███▌      | 351/1000 [1:52:06 > 1:00:43]
L-BFGS:  35%|███▌      | 352/1000 [1:51:22 > 1:00:53]
L-BFGS:  35%|███▌      | 353/1000 [1:50:46 > 1:01:03]
L-BFGS:  35%|███▌      | 354/1000 [1:50:16 > 1:01:13]
L-BFGS:  36%|███▌      | 355/1000 [1:49:59 > 1:01:24]
L-BFGS:  36%|███▌      | 356/1000 [1:49:37 > 1:01:34]
L-BFGS:  36%|███▌      | 357/1000 [1:50:35 > 1:01:44]
L-BFGS:  36%|███▌      | 358/1000 [1:51:16 > 1:01:55]
L-BFGS:  36%|███▌      | 359/1000 [1:50:35 > 1:02:05]
L-BFGS:  36%|███▌      | 360/1000 [1:49:59 > 1:02:15]
L-BFGS:  36%|███▌      | 361/1000 [1:50:55 > 1:02:26]
L-BFGS:  36%|███▌      | 362/1000 [1:51:41 > 1:02:37]
L-BFGS:  36%|███▋      | 363/1000 [1:52:12 > 1:02:48]
L-BFGS:  36%|███▋      | 364/1000 [1:51:16 > 1:02:58]
L-BFGS:  36%|███▋      | 365/1000 [1:51:51 > 1:03:09]
L-BFGS:  37%|███▋      | 366/1000 [1:50:53 > 1:03:19]
L-BFGS:  37%|███▋      | 367/1000 [1:51:28 > 1:03:30]
L-BFGS:  37%|███▋      | 368/1000 [1:50:32 > 1:03:40]
L-BFGS:  37%|███▋      | 369/1000 [1:51:06 > 1:03:51]
L-BFGS:  37%|███▋      | 370/1000 [1:49:57 > 1:04:01]
L-BFGS:  37%|███▋      | 371/1000 [1:48:52 > 1:04:11]
L-BFGS:  37%|███▋      | 372/1000 [1:49:16 > 1:04:22]
L-BFGS:  37%|███▋      | 373/1000 [1:49:31 > 1:04:32]
L-BFGS:  37%|███▋      | 374/1000 [1:48:20 > 1:04:42]
L-BFGS:  38%|███▊      | 375/1000 [1:47:27 > 1:04:53]
L-BFGS:  38%|███▊      | 376/1000 [1:46:49 > 1:05:03]
L-BFGS:  38%|███▊      | 377/1000 [1:46:20 > 1:05:13]
L-BFGS:  38%|███▊      | 378/1000 [1:45:58 > 1:05:23]
L-BFGS:  38%|███▊      | 379/1000 [1:45:36 > 1:05:33]
L-BFGS:  38%|███▊      | 380/1000 [1:45:22 > 1:05:43]
L-BFGS:  38%|███▊      | 381/1000 [1:45:12 > 1:05:54]
L-BFGS:  38%|███▊      | 382/1000 [1:44:56 > 1:06:04]
L-BFGS:  38%|███▊      | 383/1000 [1:44:43 > 1:06:14]
L-BFGS:  38%|███▊      | 384/1000 [1:45:42 > 1:06:25]
L-BFGS:  38%|███▊      | 385/1000 [1:46:20 > 1:06:35]
L-BFGS:  39%|███▊      | 386/1000 [1:46:47 > 1:06:46]
L-BFGS:  39%|███▊      | 387/1000 [1:47:01 > 1:06:56]
L-BFGS:  39%|███▉      | 388/1000 [1:45:59 > 1:07:06]
L-BFGS:  39%|███▉      | 389/1000 [1:45:27 > 1:07:17]
L-BFGS:  39%|███▉      | 390/1000 [1:45:13 > 1:07:27]
L-BFGS:  39%|███▉      | 391/1000 [1:46:54 > 1:07:38]
L-BFGS:  39%|███▉      | 392/1000 [1:46:34 > 1:07:49]
L-BFGS:  39%|███▉      | 393/1000 [1:45:52 > 1:07:59]
L-BFGS:  39%|███▉      | 394/1000 [1:46:40 > 1:08:10]
L-BFGS:  40%|███▉      | 395/1000 [1:45:48 > 1:08:20]
L-BFGS:  40%|███▉      | 396/1000 [1:45:05 > 1:08:30]
L-BFGS:  40%|███▉      | 397/1000 [1:44:35 > 1:08:41]
L-BFGS:  40%|███▉      | 398/1000 [1:45:23 > 1:08:51]
L-BFGS:  40%|███▉      | 399/1000 [1:44:33 > 1:09:02]
L-BFGS:  40%|████      | 400/1000 [1:43:36 > 1:09:12]
L-BFGS:  40%|████      | 401/1000 [1:42:51 > 1:09:22]
L-BFGS:  40%|████      | 402/1000 [1:43:31 > 1:09:33]
L-BFGS:  40%|████      | 403/1000 [1:42:46 > 1:09:43]
L-BFGS:  40%|████      | 404/1000 [1:43:16 > 1:09:53]
L-BFGS:  40%|████      | 405/1000 [1:42:27 > 1:10:04]
L-BFGS:  41%|████      | 406/1000 [1:41:49 > 1:10:14]
L-BFGS:  41%|████      | 407/1000 [1:41:17 > 1:10:24]
L-BFGS:  41%|████      | 408/1000 [1:40:55 > 1:10:34]
L-BFGS:  41%|████      | 409/1000 [1:41:47 > 1:10:45]
L-BFGS:  41%|████      | 410/1000 [1:41:03 > 1:10:55]
L-BFGS:  41%|████      | 411/1000 [1:40:33 > 1:11:05]
L-BFGS:  41%|████      | 412/1000 [1:41:18 > 1:11:15]
L-BFGS:  41%|████▏     | 413/1000 [1:41:49 > 1:11:26]
L-BFGS:  41%|████▏     | 414/1000 [1:42:11 > 1:11:37]
L-BFGS:  42%|████▏     | 415/1000 [1:42:18 > 1:11:47]
L-BFGS:  42%|████▏     | 416/1000 [1:42:26 > 1:11:58]
L-BFGS:  42%|████▏     | 417/1000 [1:42:22 > 1:12:08]
L-BFGS:  42%|████▏     | 418/1000 [1:42:42 > 1:12:19]
L-BFGS:  42%|████▏     | 419/1000 [1:43:01 > 1:12:30]
L-BFGS:  42%|████▏     | 420/1000 [1:41:57 > 1:12:40]
L-BFGS:  42%|████▏     | 421/1000 [1:42:19 > 1:12:51]
L-BFGS:  42%|████▏     | 422/1000 [1:41:25 > 1:13:01]
L-BFGS:  42%|████▏     | 423/1000 [1:41:51 > 1:13:12]
L-BFGS:  42%|████▏     | 424/1000 [1:40:51 > 1:13:22]
L-BFGS:  42%|████▎     | 425/1000 [1:40:07 > 1:13:33]
L-BFGS:  43%|████▎     | 426/1000 [1:39:42 > 1:13:43]
L-BFGS:  43%|████▎     | 427/1000 [1:39:20 > 1:13:53]
L-BFGS:  43%|████▎     | 428/1000 [1:38:49 > 1:14:04]
L-BFGS:  43%|████▎     | 429/1000 [1:39:14 > 1:14:14]
L-BFGS:  43%|████▎     | 430/1000 [1:39:31 > 1:14:25]
L-BFGS:  43%|████▎     | 431/1000 [1:38:26 > 1:14:35]
L-BFGS:  43%|████▎     | 432/1000 [1:37:43 > 1:14:45]
L-BFGS:  43%|████▎     | 433/1000 [1:38:14 > 1:14:56]
L-BFGS:  43%|████▎     | 434/1000 [1:38:34 > 1:15:06]
L-BFGS:  44%|████▎     | 435/1000 [1:38:45 > 1:15:17]
L-BFGS:  44%|████▎     | 436/1000 [1:38:49 > 1:15:27]
L-BFGS:  44%|████▎     | 437/1000 [1:37:41 > 1:15:38]
L-BFGS:  44%|████▍     | 438/1000 [1:37:59 > 1:15:48]
L-BFGS:  44%|████▍     | 439/1000 [1:37:02 > 1:15:58]
L-BFGS:  44%|████▍     | 440/1000 [1:36:15 > 1:16:09]
L-BFGS:  44%|████▍     | 441/1000 [1:35:41 > 1:16:19]
L-BFGS:  44%|████▍     | 442/1000 [1:35:14 > 1:16:29]
L-BFGS:  44%|████▍     | 443/1000 [1:35:59 > 1:16:39]
L-BFGS:  44%|████▍     | 444/1000 [1:35:22 > 1:16:50]
L-BFGS:  44%|████▍     | 445/1000 [1:34:52 > 1:17:00]
L-BFGS:  45%|████▍     | 446/1000 [1:34:28 > 1:17:10]
L-BFGS:  45%|████▍     | 447/1000 [1:35:33 > 1:17:21]
L-BFGS:  45%|████▍     | 448/1000 [1:36:26 > 1:17:31]
L-BFGS:  45%|████▍     | 449/1000 [1:36:57 > 1:17:42]
L-BFGS:  45%|████▌     | 450/1000 [1:37:13 > 1:17:53]
L-BFGS:  45%|████▌     | 451/1000 [1:37:23 > 1:18:04]
L-BFGS:  45%|████▌     | 452/1000 [1:36:18 > 1:18:14]
L-BFGS:  45%|████▌     | 453/1000 [1:35:31 > 1:18:24]
L-BFGS:  45%|████▌     | 454/1000 [1:34:53 > 1:18:35]
L-BFGS:  46%|████▌     | 455/1000 [1:34:28 > 1:18:45]
L-BFGS:  46%|████▌     | 456/1000 [1:35:11 > 1:18:56]
L-BFGS:  46%|████▌     | 457/1000 [1:35:31 > 1:19:06]
L-BFGS:  46%|████▌     | 458/1000 [1:35:25 > 1:19:17]
L-BFGS:  46%|████▌     | 459/1000 [1:34:13 > 1:19:27]
L-BFGS:  46%|████▌     | 460/1000 [1:33:20 > 1:19:37]
L-BFGS:  46%|████▌     | 461/1000 [1:33:43 > 1:19:48]
L-BFGS:  46%|████▌     | 462/1000 [1:32:52 > 1:19:58]
L-BFGS:  46%|████▋     | 463/1000 [1:32:12 > 1:20:08]
L-BFGS:  46%|████▋     | 464/1000 [1:32:48 > 1:20:19]
L-BFGS:  46%|████▋     | 465/1000 [1:32:00 > 1:20:29]
L-BFGS:  47%|████▋     | 466/1000 [1:32:30 > 1:20:39]
L-BFGS:  47%|████▋     | 467/1000 [1:31:44 > 1:20:50]
L-BFGS:  47%|████▋     | 468/1000 [1:32:14 > 1:21:00]
L-BFGS:  47%|████▋     | 469/1000 [1:31:25 > 1:21:10]
L-BFGS:  47%|████▋     | 470/1000 [1:30:47 > 1:21:21]
L-BFGS:  47%|████▋     | 471/1000 [1:30:18 > 1:21:31]
L-BFGS:  47%|████▋     | 472/1000 [1:29:58 > 1:21:41]
L-BFGS:  47%|████▋     | 473/1000 [1:29:42 > 1:21:51]
L-BFGS:  47%|████▋     | 474/1000 [1:29:23 > 1:22:01]
L-BFGS:  48%|████▊     | 475/1000 [1:30:13 > 1:22:12]
L-BFGS:  48%|████▊     | 476/1000 [1:29:55 > 1:22:22]
L-BFGS:  48%|████▊     | 477/1000 [1:29:46 > 1:22:32]
L-BFGS:  48%|████▊     | 478/1000 [1:29:42 > 1:22:43]
L-BFGS:  48%|████▊     | 479/1000 [1:29:32 > 1:22:53]
L-BFGS:  48%|████▊     | 480/1000 [1:30:28 > 1:23:04]
L-BFGS:  48%|████▊     | 481/1000 [1:29:58 > 1:23:14]
L-BFGS:  48%|████▊     | 482/1000 [1:30:38 > 1:23:25]
L-BFGS:  48%|████▊     | 483/1000 [1:31:03 > 1:23:36]
L-BFGS:  48%|████▊     | 484/1000 [1:31:16 > 1:23:46]
L-BFGS:  48%|████▊     | 485/1000 [1:31:27 > 1:23:57]
L-BFGS:  49%|████▊     | 486/1000 [1:31:24 > 1:24:08]
L-BFGS:  49%|████▊     | 487/1000 [1:29:59 > 1:24:18]
L-BFGS:  49%|████▉     | 488/1000 [1:29:55 > 1:24:28]
L-BFGS:  49%|████▉     | 489/1000 [1:29:51 > 1:24:39]
L-BFGS:  49%|████▉     | 490/1000 [1:29:52 > 1:24:50]
L-BFGS:  49%|████▉     | 491/1000 [1:28:40 > 1:25:00]
L-BFGS:  49%|████▉     | 492/1000 [1:27:45 > 1:25:10]
L-BFGS:  49%|████▉     | 493/1000 [1:27:03 > 1:25:20]
L-BFGS:  49%|████▉     | 494/1000 [1:26:35 > 1:25:30]
L-BFGS:  50%|████▉     | 495/1000 [1:27:11 > 1:25:41]
L-BFGS:  50%|████▉     | 496/1000 [1:26:32 > 1:25:51]
L-BFGS:  50%|████▉     | 497/1000 [1:26:00 > 1:26:01]
L-BFGS:  50%|████▉     | 498/1000 [1:25:34 > 1:26:11]
L-BFGS:  50%|████▉     | 499/1000 [1:25:13 > 1:26:22]
L-BFGS:  50%|█████     | 500/1000 [1:24:58 > 1:26:32]
L-BFGS:  50%|█████     | 501/1000 [1:25:44 > 1:26:42]
L-BFGS:  50%|█████     | 502/1000 [1:26:13 > 1:26:53]
L-BFGS:  50%|█████     | 503/1000 [1:25:29 > 1:27:03]
L-BFGS:  50%|█████     | 504/1000 [1:25:01 > 1:27:13]
L-BFGS:  50%|█████     | 505/1000 [1:24:44 > 1:27:23]
L-BFGS:  51%|█████     | 506/1000 [1:24:38 > 1:27:34]
L-BFGS:  51%|█████     | 507/1000 [1:24:17 > 1:27:44]
L-BFGS:  51%|█████     | 508/1000 [1:23:55 > 1:27:54]
L-BFGS:  51%|█████     | 509/1000 [1:23:50 > 1:28:04]
L-BFGS:  51%|█████     | 510/1000 [1:23:40 > 1:28:15]
L-BFGS:  51%|█████     | 511/1000 [1:23:42 > 1:28:25]
L-BFGS:  51%|█████     | 512/1000 [1:23:38 > 1:28:35]
L-BFGS:  51%|█████▏    | 513/1000 [1:23:33 > 1:28:46]
L-BFGS:  51%|█████▏    | 514/1000 [1:23:26 > 1:28:56]
L-BFGS:  52%|█████▏    | 515/1000 [1:24:17 > 1:29:07]
L-BFGS:  52%|█████▏    | 516/1000 [1:23:51 > 1:29:17]
L-BFGS:  52%|█████▏    | 517/1000 [1:23:20 > 1:29:27]
L-BFGS:  52%|█████▏    | 518/1000 [1:23:41 > 1:29:38]
L-BFGS:  52%|█████▏    | 519/1000 [1:22:53 > 1:29:48]
L-BFGS:  52%|█████▏    | 520/1000 [1:22:18 > 1:29:58]
L-BFGS:  52%|█████▏    | 521/1000 [1:22:47 > 1:30:09]
L-BFGS:  52%|█████▏    | 522/1000 [1:22:06 > 1:30:19]
L-BFGS:  52%|█████▏    | 523/1000 [1:21:36 > 1:30:29]
L-BFGS:  52%|█████▏    | 524/1000 [1:22:12 > 1:30:40]
L-BFGS:  52%|█████▎    | 525/1000 [1:21:34 > 1:30:50]
L-BFGS:  53%|█████▎    | 526/1000 [1:22:02 > 1:31:00]
L-BFGS:  53%|█████▎    | 527/1000 [1:21:22 > 1:31:11]
L-BFGS:  53%|█████▎    | 528/1000 [1:20:52 > 1:31:21]
L-BFGS:  53%|█████▎    | 529/1000 [1:20:24 > 1:31:31]
L-BFGS:  53%|█████▎    | 530/1000 [1:21:00 > 1:31:41]
L-BFGS:  53%|█████▎    | 531/1000 [1:20:25 > 1:31:52]
L-BFGS:  53%|█████▎    | 532/1000 [1:20:54 > 1:32:02]
L-BFGS:  53%|█████▎    | 533/1000 [1:20:16 > 1:32:12]
L-BFGS:  53%|█████▎    | 534/1000 [1:20:41 > 1:32:23]
L-BFGS:  54%|█████▎    | 535/1000 [1:20:00 > 1:32:33]
L-BFGS:  54%|█████▎    | 536/1000 [1:19:46 > 1:32:43]
L-BFGS:  54%|█████▎    | 537/1000 [1:19:37 > 1:32:54]
L-BFGS:  54%|█████▍    | 538/1000 [1:20:25 > 1:33:04]
L-BFGS:  54%|█████▍    | 539/1000 [1:20:58 > 1:33:15]
L-BFGS:  54%|█████▍    | 540/1000 [1:21:13 > 1:33:26]
L-BFGS:  54%|█████▍    | 541/1000 [1:21:22 > 1:33:37]
L-BFGS:  54%|█████▍    | 542/1000 [1:20:29 > 1:33:47]
L-BFGS:  54%|█████▍    | 543/1000 [1:19:49 > 1:33:57]
L-BFGS:  54%|█████▍    | 544/1000 [1:19:15 > 1:34:08]
L-BFGS:  55%|█████▍    | 545/1000 [1:19:46 > 1:34:18]
L-BFGS:  55%|█████▍    | 546/1000 [1:19:02 > 1:34:29]
L-BFGS:  55%|█████▍    | 547/1000 [1:19:06 > 1:34:39]
L-BFGS:  55%|█████▍    | 548/1000 [1:18:13 > 1:34:49]
L-BFGS:  55%|█████▍    | 549/1000 [1:17:34 > 1:35:00]
L-BFGS:  55%|█████▌    | 550/1000 [1:17:59 > 1:35:10]
L-BFGS:  55%|█████▌    | 551/1000 [1:18:12 > 1:35:21]
L-BFGS:  55%|█████▌    | 552/1000 [1:18:20 > 1:35:31]
L-BFGS:  55%|█████▌    | 553/1000 [1:17:24 > 1:35:41]
L-BFGS:  55%|█████▌    | 554/1000 [1:17:40 > 1:35:52]
L-BFGS:  56%|█████▌    | 555/1000 [1:16:51 > 1:36:02]
L-BFGS:  56%|█████▌    | 556/1000 [1:16:15 > 1:36:12]
L-BFGS:  56%|█████▌    | 557/1000 [1:15:47 > 1:36:23]
L-BFGS:  56%|█████▌    | 558/1000 [1:16:17 > 1:36:33]
L-BFGS:  56%|█████▌    | 559/1000 [1:15:43 > 1:36:43]
L-BFGS:  56%|█████▌    | 560/1000 [1:16:08 > 1:36:54]
L-BFGS:  56%|█████▌    | 561/1000 [1:16:23 > 1:37:04]
L-BFGS:  56%|█████▌    | 562/1000 [1:16:30 > 1:37:15]
L-BFGS:  56%|█████▋    | 563/1000 [1:16:29 > 1:37:26]
L-BFGS:  56%|█████▋    | 564/1000 [1:16:33 > 1:37:36]
L-BFGS:  56%|█████▋    | 565/1000 [1:16:43 > 1:37:47]
L-BFGS:  57%|█████▋    | 566/1000 [1:16:00 > 1:37:57]
L-BFGS:  57%|█████▋    | 567/1000 [1:15:23 > 1:38:08]
L-BFGS:  57%|█████▋    | 568/1000 [1:15:51 > 1:38:18]
L-BFGS:  57%|█████▋    | 569/1000 [1:15:15 > 1:38:29]
L-BFGS:  57%|█████▋    | 570/1000 [1:14:43 > 1:38:39]
L-BFGS:  57%|█████▋    | 571/1000 [1:14:17 > 1:38:49]
L-BFGS:  57%|█████▋    | 572/1000 [1:14:54 > 1:39:00]
L-BFGS:  57%|█████▋    | 573/1000 [1:14:18 > 1:39:10]
L-BFGS:  57%|█████▋    | 574/1000 [1:14:48 > 1:39:21]
L-BFGS:  57%|█████▊    | 575/1000 [1:14:56 > 1:39:32]
L-BFGS:  58%|█████▊    | 576/1000 [1:13:52 > 1:39:42]
L-BFGS:  58%|█████▊    | 577/1000 [1:13:05 > 1:39:52]
L-BFGS:  58%|█████▊    | 578/1000 [1:12:32 > 1:40:02]
L-BFGS:  58%|█████▊    | 579/1000 [1:12:02 > 1:40:12]
L-BFGS:  58%|█████▊    | 580/1000 [1:11:41 > 1:40:23]
L-BFGS:  58%|█████▊    | 581/1000 [1:11:23 > 1:40:33]
L-BFGS:  58%|█████▊    | 582/1000 [1:11:56 > 1:40:43]
L-BFGS:  58%|█████▊    | 583/1000 [1:11:30 > 1:40:54]
L-BFGS:  58%|█████▊    | 584/1000 [1:11:55 > 1:41:04]
L-BFGS:  58%|█████▊    | 585/1000 [1:11:18 > 1:41:14]
L-BFGS:  59%|█████▊    | 586/1000 [1:11:40 > 1:41:25]
L-BFGS:  59%|█████▊    | 587/1000 [1:11:01 > 1:41:35]
L-BFGS:  59%|█████▉    | 588/1000 [1:11:22 > 1:41:46]
L-BFGS:  59%|█████▉    | 589/1000 [1:10:46 > 1:41:56]
L-BFGS:  59%|█████▉    | 590/1000 [1:10:15 > 1:42:06]
L-BFGS:  59%|█████▉    | 591/1000 [1:10:42 > 1:42:16]
L-BFGS:  59%|█████▉    | 592/1000 [1:10:55 > 1:42:27]
L-BFGS:  59%|█████▉    | 593/1000 [1:10:12 > 1:42:37]
L-BFGS:  59%|█████▉    | 594/1000 [1:09:48 > 1:42:47]
L-BFGS:  60%|█████▉    | 595/1000 [1:10:27 > 1:42:58]
L-BFGS:  60%|█████▉    | 596/1000 [1:10:02 > 1:43:09]
L-BFGS:  60%|█████▉    | 597/1000 [1:10:31 > 1:43:19]
L-BFGS:  60%|█████▉    | 598/1000 [1:10:00 > 1:43:30]
L-BFGS:  60%|█████▉    | 599/1000 [1:10:24 > 1:43:40]
L-BFGS:  60%|██████    | 600/1000 [1:09:50 > 1:43:51]
L-BFGS:  60%|██████    | 601/1000 [1:10:14 > 1:44:01]
L-BFGS:  60%|██████    | 602/1000 [1:09:32 > 1:44:12]
L-BFGS:  60%|██████    | 603/1000 [1:09:51 > 1:44:22]
L-BFGS:  60%|██████    | 604/1000 [1:09:59 > 1:44:33]
L-BFGS:  60%|██████    | 605/1000 [1:09:43 > 1:44:44]
L-BFGS:  61%|██████    | 606/1000 [1:09:30 > 1:44:54]
L-BFGS:  61%|██████    | 607/1000 [1:08:31 > 1:45:04]
L-BFGS:  61%|██████    | 608/1000 [1:07:49 > 1:45:15]
L-BFGS:  61%|██████    | 609/1000 [1:07:15 > 1:45:25]
L-BFGS:  61%|██████    | 610/1000 [1:06:45 > 1:45:35]
L-BFGS:  61%|██████    | 611/1000 [1:06:23 > 1:45:45]
L-BFGS:  61%|██████    | 612/1000 [1:06:50 > 1:45:56]
L-BFGS:  61%|██████▏   | 613/1000 [1:06:19 > 1:46:06]
L-BFGS:  61%|██████▏   | 614/1000 [1:06:00 > 1:46:16]
L-BFGS:  62%|██████▏   | 615/1000 [1:06:27 > 1:46:27]
L-BFGS:  62%|██████▏   | 616/1000 [1:05:56 > 1:46:37]
L-BFGS:  62%|██████▏   | 617/1000 [1:05:31 > 1:46:47]
L-BFGS:  62%|██████▏   | 618/1000 [1:05:54 > 1:46:58]
L-BFGS:  62%|██████▏   | 619/1000 [1:06:10 > 1:47:08]
L-BFGS:  62%|██████▏   | 620/1000 [1:06:18 > 1:47:19]
L-BFGS:  62%|██████▏   | 621/1000 [1:05:33 > 1:47:29]
L-BFGS:  62%|██████▏   | 622/1000 [1:04:58 > 1:47:39]
L-BFGS:  62%|██████▏   | 623/1000 [1:04:42 > 1:47:49]
L-BFGS:  62%|██████▏   | 624/1000 [1:04:35 > 1:48:00]
L-BFGS:  62%|██████▎   | 625/1000 [1:04:25 > 1:48:10]
L-BFGS:  63%|██████▎   | 626/1000 [1:05:02 > 1:48:21]
L-BFGS:  63%|██████▎   | 627/1000 [1:04:40 > 1:48:31]
L-BFGS:  63%|██████▎   | 628/1000 [1:04:23 > 1:48:41]
L-BFGS:  63%|██████▎   | 629/1000 [1:04:07 > 1:48:52]
L-BFGS:  63%|██████▎   | 630/1000 [1:04:37 > 1:49:02]
L-BFGS:  63%|██████▎   | 631/1000 [1:04:08 > 1:49:13]
L-BFGS:  63%|██████▎   | 632/1000 [1:03:45 > 1:49:23]
L-BFGS:  63%|██████▎   | 633/1000 [1:03:27 > 1:49:33]
L-BFGS:  63%|██████▎   | 634/1000 [1:02:55 > 1:49:44]
L-BFGS:  64%|██████▎   | 635/1000 [1:02:30 > 1:49:54]
L-BFGS:  64%|██████▎   | 636/1000 [1:02:07 > 1:50:04]
L-BFGS:  64%|██████▎   | 637/1000 [1:02:33 > 1:50:14]
L-BFGS:  64%|██████▍   | 638/1000 [1:02:03 > 1:50:25]
L-BFGS:  64%|██████▍   | 639/1000 [1:02:22 > 1:50:35]
L-BFGS:  64%|██████▍   | 640/1000 [1:01:51 > 1:50:45]
L-BFGS:  64%|██████▍   | 641/1000 [1:01:26 > 1:50:56]
L-BFGS:  64%|██████▍   | 642/1000 [1:01:04 > 1:51:06]
L-BFGS:  64%|██████▍   | 643/1000 [1:01:32 > 1:51:16]
L-BFGS:  64%|██████▍   | 644/1000 [1:01:45 > 1:51:27]
L-BFGS:  64%|██████▍   | 645/1000 [1:01:06 > 1:51:37]
L-BFGS:  65%|██████▍   | 646/1000 [1:00:41 > 1:51:47]
L-BFGS:  65%|██████▍   | 647/1000 [1:00:16 > 1:51:57]
L-BFGS:  65%|██████▍   | 648/1000 [1:00:40 > 1:52:08]
L-BFGS:  65%|██████▍   | 649/1000 [1:00:14 > 1:52:18]
L-BFGS:  65%|██████▌   | 650/1000 [1:00:32 > 1:52:29]
L-BFGS:  65%|██████▌   | 651/1000 [1:00:40 > 1:52:39]
L-BFGS:  65%|██████▌   | 652/1000 [1:00:07 > 1:52:49]
L-BFGS:  65%|██████▌   | 653/1000 [1:00:35 > 1:53:00]
L-BFGS:  65%|██████▌   | 654/1000 [1:00:48 > 1:53:11]
L-BFGS:  66%|██████▌   | 655/1000 [1:00:56 > 1:53:22]
L-BFGS:  66%|██████▌   | 656/1000 [1:00:17 > 1:53:32]
L-BFGS:  66%|██████▌   | 657/1000 [59:48 > 1:53:42]  
L-BFGS:  66%|██████▌   | 658/1000 [1:00:08 > 1:53:53]
L-BFGS:  66%|██████▌   | 659/1000 [59:33 > 1:54:03]  
L-BFGS:  66%|██████▌   | 660/1000 [59:05 > 1:54:14]
L-BFGS:  66%|██████▌   | 661/1000 [58:42 > 1:54:24]
L-BFGS:  66%|██████▌   | 662/1000 [59:07 > 1:54:35]
L-BFGS:  66%|██████▋   | 663/1000 [58:27 > 1:54:45]
L-BFGS:  66%|██████▋   | 664/1000 [58:33 > 1:54:55]
L-BFGS:  66%|██████▋   | 665/1000 [57:54 > 1:55:06]
L-BFGS:  67%|██████▋   | 666/1000 [58:03 > 1:55:16]
L-BFGS:  67%|██████▋   | 667/1000 [57:26 > 1:55:26]
L-BFGS:  67%|██████▋   | 668/1000 [57:38 > 1:55:37]
L-BFGS:  67%|██████▋   | 669/1000 [57:04 > 1:55:47]
L-BFGS:  67%|██████▋   | 670/1000 [57:15 > 1:55:58]
L-BFGS:  67%|██████▋   | 671/1000 [56:41 > 1:56:08]
L-BFGS:  67%|██████▋   | 672/1000 [56:52 > 1:56:18]
L-BFGS:  67%|██████▋   | 673/1000 [56:57 > 1:56:29]
L-BFGS:  67%|██████▋   | 674/1000 [56:19 > 1:56:39]
L-BFGS:  68%|██████▊   | 675/1000 [55:50 > 1:56:49]
L-BFGS:  68%|██████▊   | 676/1000 [56:05 > 1:57:00]
L-BFGS:  68%|██████▊   | 677/1000 [55:34 > 1:57:10]
L-BFGS:  68%|██████▊   | 678/1000 [55:08 > 1:57:20]
L-BFGS:  68%|██████▊   | 679/1000 [54:45 > 1:57:30]
L-BFGS:  68%|██████▊   | 680/1000 [54:30 > 1:57:41]
L-BFGS:  68%|██████▊   | 681/1000 [54:53 > 1:57:51]
L-BFGS:  68%|██████▊   | 682/1000 [55:24 > 1:58:02]
L-BFGS:  68%|██████▊   | 683/1000 [55:01 > 1:58:12]
L-BFGS:  68%|██████▊   | 684/1000 [54:42 > 1:58:22]
L-BFGS:  68%|██████▊   | 685/1000 [54:26 > 1:58:33]
L-BFGS:  69%|██████▊   | 686/1000 [54:48 > 1:58:44]
L-BFGS:  69%|██████▊   | 687/1000 [55:02 > 1:58:54]
L-BFGS:  69%|██████▉   | 688/1000 [54:28 > 1:59:05]
L-BFGS:  69%|██████▉   | 689/1000 [54:43 > 1:59:15]
L-BFGS:  69%|██████▉   | 690/1000 [54:10 > 1:59:26]
L-BFGS:  69%|██████▉   | 691/1000 [53:44 > 1:59:36]
L-BFGS:  69%|██████▉   | 692/1000 [53:15 > 1:59:46]
L-BFGS:  69%|██████▉   | 693/1000 [52:47 > 1:59:56]
L-BFGS:  69%|██████▉   | 694/1000 [53:00 > 2:00:07]
L-BFGS:  70%|██████▉   | 695/1000 [53:05 > 2:00:18]
L-BFGS:  70%|██████▉   | 696/1000 [52:30 > 2:00:28]
L-BFGS:  70%|██████▉   | 697/1000 [52:02 > 2:00:38]
L-BFGS:  70%|██████▉   | 698/1000 [51:40 > 2:00:48]
L-BFGS:  70%|██████▉   | 699/1000 [51:23 > 2:00:58]
L-BFGS:  70%|███████   | 700/1000 [51:07 > 2:01:08]
L-BFGS:  70%|███████   | 701/1000 [51:28 > 2:01:19]
L-BFGS:  70%|███████   | 702/1000 [46:49 > 2:01:26]
L-BFGS:  70%|███████   | 703/1000 [48:21 > 2:01:37]
L-BFGS:  70%|███████   | 704/1000 [49:23 > 2:01:47]
L-BFGS:  70%|███████   | 705/1000 [49:26 > 2:01:58]
L-BFGS:  71%|███████   | 706/1000 [49:26 > 2:02:08]
L-BFGS:  71%|███████   | 707/1000 [49:22 > 2:02:18]
L-BFGS:  71%|███████   | 708/1000 [49:17 > 2:02:28]
L-BFGS:  71%|███████   | 709/1000 [49:11 > 2:02:38]
L-BFGS:  71%|███████   | 710/1000 [49:37 > 2:02:49]
L-BFGS:  71%|███████   | 711/1000 [49:26 > 2:02:59]
L-BFGS:  71%|███████   | 712/1000 [49:58 > 2:03:10]
L-BFGS:  71%|███████▏  | 713/1000 [49:40 > 2:03:20]
L-BFGS:  71%|███████▏  | 714/1000 [49:24 > 2:03:30]
L-BFGS:  72%|███████▏  | 715/1000 [49:46 > 2:03:41]
L-BFGS:  72%|███████▏  | 716/1000 [49:23 > 2:03:52]
L-BFGS:  72%|███████▏  | 717/1000 [49:03 > 2:04:02]
L-BFGS:  72%|███████▏  | 718/1000 [48:44 > 2:04:12]
L-BFGS:  72%|███████▏  | 719/1000 [48:19 > 2:04:22]
L-BFGS:  72%|███████▏  | 720/1000 [48:38 > 2:04:33]
L-BFGS:  72%|███████▏  | 721/1000 [48:18 > 2:04:43]
L-BFGS:  72%|███████▏  | 722/1000 [48:30 > 2:04:54]
L-BFGS:  72%|███████▏  | 723/1000 [48:29 > 2:05:05]
L-BFGS:  72%|███████▏  | 724/1000 [47:50 > 2:05:15]
L-BFGS:  72%|███████▎  | 725/1000 [47:20 > 2:05:25]
L-BFGS:  73%|███████▎  | 726/1000 [47:32 > 2:05:36]
L-BFGS:  73%|███████▎  | 727/1000 [47:35 > 2:05:46]
L-BFGS:  73%|███████▎  | 728/1000 [47:00 > 2:05:56]
L-BFGS:  73%|███████▎  | 729/1000 [47:05 > 2:06:07]
L-BFGS:  73%|███████▎  | 730/1000 [47:08 > 2:06:17]
L-BFGS:  73%|███████▎  | 731/1000 [46:33 > 2:06:28]
L-BFGS:  73%|███████▎  | 732/1000 [46:04 > 2:06:38]
L-BFGS:  73%|███████▎  | 733/1000 [45:43 > 2:06:48]
L-BFGS:  73%|███████▎  | 734/1000 [45:55 > 2:06:58]
L-BFGS:  74%|███████▎  | 735/1000 [45:34 > 2:07:09]
L-BFGS:  74%|███████▎  | 736/1000 [45:11 > 2:07:19]
L-BFGS:  74%|███████▎  | 737/1000 [45:23 > 2:07:29]
L-BFGS:  74%|███████▍  | 738/1000 [44:59 > 2:07:40]
L-BFGS:  74%|███████▍  | 739/1000 [44:38 > 2:07:50]
L-BFGS:  74%|███████▍  | 740/1000 [44:52 > 2:08:00]
L-BFGS:  74%|███████▍  | 741/1000 [44:39 > 2:08:11]
L-BFGS:  74%|███████▍  | 742/1000 [44:29 > 2:08:21]
L-BFGS:  74%|███████▍  | 743/1000 [44:19 > 2:08:31]
L-BFGS:  74%|███████▍  | 744/1000 [44:41 > 2:08:42]
L-BFGS:  74%|███████▍  | 745/1000 [44:18 > 2:08:52]
L-BFGS:  75%|███████▍  | 746/1000 [43:59 > 2:09:03]
L-BFGS:  75%|███████▍  | 747/1000 [44:14 > 2:09:13]
L-BFGS:  75%|███████▍  | 748/1000 [44:21 > 2:09:24]
L-BFGS:  75%|███████▍  | 749/1000 [43:54 > 2:09:35]
L-BFGS:  75%|███████▌  | 750/1000 [43:33 > 2:09:45]
L-BFGS:  75%|███████▌  | 751/1000 [43:39 > 2:09:56]
L-BFGS:  75%|███████▌  | 752/1000 [43:02 > 2:10:06]
L-BFGS:  75%|███████▌  | 753/1000 [43:03 > 2:10:16]
L-BFGS:  75%|███████▌  | 754/1000 [43:02 > 2:10:27]
L-BFGS:  76%|███████▌  | 755/1000 [42:29 > 2:10:37]
L-BFGS:  76%|███████▌  | 756/1000 [42:00 > 2:10:47]
L-BFGS:  76%|███████▌  | 757/1000 [41:39 > 2:10:57]
L-BFGS:  76%|███████▌  | 758/1000 [41:49 > 2:11:08]
L-BFGS:  76%|███████▌  | 759/1000 [41:54 > 2:11:19]
L-BFGS:  76%|███████▌  | 760/1000 [41:25 > 2:11:29]
L-BFGS:  76%|███████▌  | 761/1000 [41:30 > 2:11:39]
L-BFGS:  76%|███████▌  | 762/1000 [41:03 > 2:11:49]
L-BFGS:  76%|███████▋  | 763/1000 [41:08 > 2:12:00]
L-BFGS:  76%|███████▋  | 764/1000 [41:08 > 2:12:11]
L-BFGS:  76%|███████▋  | 765/1000 [41:05 > 2:12:21]
L-BFGS:  77%|███████▋  | 766/1000 [40:31 > 2:12:31]
L-BFGS:  77%|███████▋  | 767/1000 [40:06 > 2:12:42]
L-BFGS:  77%|███████▋  | 768/1000 [40:14 > 2:12:52]
L-BFGS:  77%|███████▋  | 769/1000 [40:16 > 2:13:03]
L-BFGS:  77%|███████▋  | 770/1000 [39:53 > 2:13:13]
L-BFGS:  77%|███████▋  | 771/1000 [39:38 > 2:13:23]
L-BFGS:  77%|███████▋  | 772/1000 [39:22 > 2:13:34]
L-BFGS:  77%|███████▋  | 773/1000 [39:09 > 2:13:44]
L-BFGS:  77%|███████▋  | 774/1000 [39:25 > 2:13:55]
L-BFGS:  78%|███████▊  | 775/1000 [39:07 > 2:14:05]
L-BFGS:  78%|███████▊  | 776/1000 [38:49 > 2:14:15]
L-BFGS:  78%|███████▊  | 777/1000 [32:06 > 2:14:20]
L-BFGS:  78%|███████▊  | 778/1000 [33:51 > 2:14:30]
L-BFGS:  78%|███████▊  | 779/1000 [35:27 > 2:14:41]
L-BFGS:  78%|███████▊  | 780/1000 [36:31 > 2:14:52]
L-BFGS:  78%|███████▊  | 781/1000 [36:37 > 2:15:02]
L-BFGS:  78%|███████▊  | 782/1000 [36:35 > 2:15:12]
L-BFGS:  78%|███████▊  | 783/1000 [36:57 > 2:15:23]
L-BFGS:  78%|███████▊  | 784/1000 [36:45 > 2:15:33]
L-BFGS:  78%|███████▊  | 785/1000 [37:00 > 2:15:43]
L-BFGS:  79%|███████▊  | 786/1000 [36:40 > 2:15:54]
L-BFGS:  79%|███████▊  | 787/1000 [36:22 > 2:16:04]
L-BFGS:  79%|███████▉  | 788/1000 [36:33 > 2:16:14]
L-BFGS:  79%|███████▉  | 789/1000 [36:36 > 2:16:25]
L-BFGS:  79%|███████▉  | 790/1000 [36:36 > 2:16:35]
L-BFGS:  79%|███████▉  | 791/1000 [36:06 > 2:16:46]
L-BFGS:  79%|███████▉  | 792/1000 [35:43 > 2:16:56]
L-BFGS:  79%|███████▉  | 793/1000 [35:51 > 2:17:06]
L-BFGS:  79%|███████▉  | 794/1000 [35:50 > 2:17:17]
L-BFGS:  80%|███████▉  | 795/1000 [35:48 > 2:17:28]
L-BFGS:  80%|███████▉  | 796/1000 [35:43 > 2:17:38]
L-BFGS:  80%|███████▉  | 797/1000 [35:12 > 2:17:48]
L-BFGS:  80%|███████▉  | 798/1000 [34:48 > 2:17:58]
L-BFGS:  80%|███████▉  | 799/1000 [34:55 > 2:18:09]
L-BFGS:  80%|████████  | 800/1000 [35:02 > 2:18:20]
L-BFGS:  80%|████████  | 801/1000 [35:05 > 2:18:31]
L-BFGS:  80%|████████  | 802/1000 [34:40 > 2:18:41]
L-BFGS:  80%|████████  | 803/1000 [34:20 > 2:18:51]
L-BFGS:  80%|████████  | 804/1000 [34:25 > 2:19:02]
L-BFGS:  80%|████████  | 805/1000 [34:04 > 2:19:12]
L-BFGS:  81%|████████  | 806/1000 [34:08 > 2:19:23]
L-BFGS:  81%|████████  | 807/1000 [33:44 > 2:19:33]
L-BFGS:  81%|████████  | 808/1000 [33:24 > 2:19:44]
L-BFGS:  81%|████████  | 809/1000 [26:25 > 2:19:47]
L-BFGS:  81%|████████  | 810/1000 [28:10 > 2:19:57]
L-BFGS:  81%|████████  | 811/1000 [29:13 > 2:20:07]
L-BFGS:  81%|████████  | 812/1000 [29:55 > 2:20:18]
L-BFGS:  81%|████████▏ | 813/1000 [30:21 > 2:20:28]
L-BFGS:  81%|████████▏ | 814/1000 [30:58 > 2:20:38]
L-BFGS:  82%|████████▏ | 815/1000 [30:58 > 2:20:49]
L-BFGS:  82%|████████▏ | 816/1000 [30:56 > 2:20:59]
L-BFGS:  82%|████████▏ | 817/1000 [30:51 > 2:21:09]
L-BFGS:  82%|████████▏ | 818/1000 [30:44 > 2:21:19]
L-BFGS:  82%|████████▏ | 819/1000 [30:57 > 2:21:30]
L-BFGS:  82%|████████▏ | 820/1000 [30:42 > 2:21:40]
L-BFGS:  82%|████████▏ | 821/1000 [30:49 > 2:21:50]
L-BFGS:  82%|████████▏ | 822/1000 [30:29 > 2:22:01]
L-BFGS:  82%|████████▏ | 823/1000 [30:14 > 2:22:11]
L-BFGS:  82%|████████▏ | 824/1000 [30:22 > 2:22:21]
L-BFGS:  82%|████████▎ | 825/1000 [30:01 > 2:22:31]
L-BFGS:  83%|████████▎ | 826/1000 [29:45 > 2:22:42]
L-BFGS:  83%|████████▎ | 827/1000 [29:50 > 2:22:52]
L-BFGS:  83%|████████▎ | 828/1000 [29:30 > 2:23:02]
L-BFGS:  83%|████████▎ | 829/1000 [29:18 > 2:23:13]
L-BFGS:  83%|████████▎ | 830/1000 [29:05 > 2:23:23]
L-BFGS:  83%|████████▎ | 831/1000 [29:11 > 2:23:33]
L-BFGS:  83%|████████▎ | 832/1000 [29:16 > 2:23:44]
L-BFGS:  83%|████████▎ | 833/1000 [28:56 > 2:23:54]
L-BFGS:  83%|████████▎ | 834/1000 [28:41 > 2:24:05]
L-BFGS:  84%|████████▎ | 835/1000 [28:28 > 2:24:15]
L-BFGS:  84%|████████▎ | 836/1000 [28:36 > 2:24:26]
L-BFGS:  84%|████████▎ | 837/1000 [28:18 > 2:24:36]
L-BFGS:  84%|████████▍ | 838/1000 [28:03 > 2:24:46]
L-BFGS:  84%|████████▍ | 839/1000 [28:09 > 2:24:57]
L-BFGS:  84%|████████▍ | 840/1000 [28:09 > 2:25:08]
L-BFGS:  84%|████████▍ | 841/1000 [28:01 > 2:25:18]
L-BFGS:  84%|████████▍ | 842/1000 [27:31 > 2:25:29]
L-BFGS:  84%|████████▍ | 843/1000 [27:07 > 2:25:39]
L-BFGS:  84%|████████▍ | 844/1000 [27:07 > 2:25:49]
L-BFGS:  84%|████████▍ | 845/1000 [27:03 > 2:26:00]
L-BFGS:  85%|████████▍ | 846/1000 [26:39 > 2:26:10]
L-BFGS:  85%|████████▍ | 847/1000 [26:18 > 2:26:20]
L-BFGS:  85%|████████▍ | 848/1000 [26:01 > 2:26:30]
L-BFGS:  85%|████████▍ | 849/1000 [25:47 > 2:26:41]
L-BFGS:  85%|████████▌ | 850/1000 [25:51 > 2:26:51]
L-BFGS:  85%|████████▌ | 851/1000 [25:32 > 2:27:01]
L-BFGS:  85%|████████▌ | 852/1000 [25:36 > 2:27:12]
L-BFGS:  85%|████████▌ | 853/1000 [25:16 > 2:27:22]
L-BFGS:  85%|████████▌ | 854/1000 [25:16 > 2:27:33]
L-BFGS:  86%|████████▌ | 855/1000 [25:15 > 2:27:43]
L-BFGS:  86%|████████▌ | 856/1000 [24:52 > 2:27:53]
L-BFGS:  86%|████████▌ | 857/1000 [24:35 > 2:28:04]
L-BFGS:  86%|████████▌ | 858/1000 [24:18 > 2:28:14]
L-BFGS:  86%|████████▌ | 859/1000 [24:04 > 2:28:24]
L-BFGS:  86%|████████▌ | 860/1000 [23:57 > 2:28:34]
L-BFGS:  86%|████████▌ | 861/1000 [23:48 > 2:28:45]
L-BFGS:  86%|████████▌ | 862/1000 [23:40 > 2:28:55]
L-BFGS:  86%|████████▋ | 863/1000 [23:45 > 2:29:06]
L-BFGS:  86%|████████▋ | 864/1000 [23:49 > 2:29:16]
L-BFGS:  86%|████████▋ | 865/1000 [23:31 > 2:29:27]
L-BFGS:  87%|████████▋ | 866/1000 [23:15 > 2:29:37]
L-BFGS:  87%|████████▋ | 867/1000 [23:01 > 2:29:47]
L-BFGS:  87%|████████▋ | 868/1000 [23:05 > 2:29:58]
L-BFGS:  87%|████████▋ | 869/1000 [23:04 > 2:30:09]
L-BFGS:  87%|████████▋ | 870/1000 [22:57 > 2:30:19]
L-BFGS:  87%|████████▋ | 871/1000 [22:45 > 2:30:30]
L-BFGS:  87%|████████▋ | 872/1000 [22:19 > 2:30:40]
L-BFGS:  87%|████████▋ | 873/1000 [22:12 > 2:30:51]
L-BFGS:  87%|████████▋ | 874/1000 [21:50 > 2:31:01]
L-BFGS:  88%|████████▊ | 875/1000 [21:31 > 2:31:11]
L-BFGS:  88%|████████▊ | 876/1000 [21:14 > 2:31:21]
L-BFGS:  88%|████████▊ | 877/1000 [20:59 > 2:31:31]
L-BFGS:  88%|████████▊ | 878/1000 [21:01 > 2:31:42]
L-BFGS:  88%|████████▊ | 879/1000 [21:00 > 2:31:53]
L-BFGS:  88%|████████▊ | 880/1000 [20:55 > 2:32:03]
L-BFGS:  88%|████████▊ | 881/1000 [20:48 > 2:32:14]
L-BFGS:  88%|████████▊ | 882/1000 [20:27 > 2:32:24]
L-BFGS:  88%|████████▊ | 883/1000 [20:09 > 2:32:34]
L-BFGS:  88%|████████▊ | 884/1000 [19:53 > 2:32:44]
L-BFGS:  88%|████████▊ | 885/1000 [19:53 > 2:32:55]
L-BFGS:  89%|████████▊ | 886/1000 [19:49 > 2:33:05]
L-BFGS:  89%|████████▊ | 887/1000 [19:44 > 2:33:16]
L-BFGS:  89%|████████▉ | 888/1000 [19:23 > 2:33:26]
L-BFGS:  89%|████████▉ | 889/1000 [19:24 > 2:33:37]
L-BFGS:  89%|████████▉ | 890/1000 [19:22 > 2:33:48]
L-BFGS:  89%|████████▉ | 891/1000 [19:18 > 2:33:58]
L-BFGS:  89%|████████▉ | 892/1000 [18:57 > 2:34:09]
L-BFGS:  89%|████████▉ | 893/1000 [18:40 > 2:34:19]
L-BFGS:  89%|████████▉ | 894/1000 [18:38 > 2:34:30]
L-BFGS:  90%|████████▉ | 895/1000 [18:20 > 2:34:40]
L-BFGS:  90%|████████▉ | 896/1000 [18:05 > 2:34:50]
L-BFGS:  90%|████████▉ | 897/1000 [18:04 > 2:35:01]
L-BFGS:  90%|████████▉ | 898/1000 [17:47 > 2:35:12]
L-BFGS:  90%|████████▉ | 899/1000 [17:29 > 2:35:22]
L-BFGS:  90%|█████████ | 900/1000 [17:12 > 2:35:32]
L-BFGS:  90%|█████████ | 901/1000 [17:09 > 2:35:42]
L-BFGS:  90%|█████████ | 902/1000 [17:04 > 2:35:53]
L-BFGS:  90%|█████████ | 903/1000 [16:45 > 2:36:03]
L-BFGS:  90%|█████████ | 904/1000 [16:29 > 2:36:13]
L-BFGS:  90%|█████████ | 905/1000 [16:15 > 2:36:24]
L-BFGS:  91%|█████████ | 906/1000 [16:02 > 2:36:34]
L-BFGS:  91%|█████████ | 907/1000 [16:01 > 2:36:44]
L-BFGS:  91%|█████████ | 908/1000 [15:46 > 2:36:54]
L-BFGS:  91%|█████████ | 909/1000 [15:33 > 2:37:05]
L-BFGS:  91%|█████████ | 910/1000 [15:21 > 2:37:15]
L-BFGS:  91%|█████████ | 911/1000 [15:20 > 2:37:25]
L-BFGS:  91%|█████████ | 912/1000 [15:16 > 2:37:36]
L-BFGS:  91%|█████████▏| 913/1000 [15:09 > 2:37:47]
L-BFGS:  91%|█████████▏| 914/1000 [15:02 > 2:37:57]
L-BFGS:  92%|█████████▏| 915/1000 [14:53 > 2:38:08]
L-BFGS:  92%|█████████▏| 916/1000 [14:34 > 2:38:18]
L-BFGS:  92%|█████████▏| 917/1000 [14:17 > 2:38:28]
L-BFGS:  92%|█████████▏| 918/1000 [14:16 > 2:38:39]
L-BFGS:  92%|█████████▏| 919/1000 [14:13 > 2:38:50]
L-BFGS:  92%|█████████▏| 920/1000 [13:57 > 2:39:00]
L-BFGS:  92%|█████████▏| 921/1000 [13:43 > 2:39:10]
L-BFGS:  92%|█████████▏| 922/1000 [13:40 > 2:39:21]
L-BFGS:  92%|█████████▏| 923/1000 [13:34 > 2:39:32]
L-BFGS:  92%|█████████▏| 924/1000 [13:18 > 2:39:42]
L-BFGS:  92%|█████████▎| 925/1000 [13:03 > 2:39:52]
L-BFGS:  93%|█████████▎| 926/1000 [12:59 > 2:40:03]
L-BFGS:  93%|█████████▎| 927/1000 [12:53 > 2:40:14]
L-BFGS:  93%|█████████▎| 928/1000 [12:35 > 2:40:24]
L-BFGS:  93%|█████████▎| 929/1000 [12:26 > 2:40:35]
L-BFGS:  93%|█████████▎| 930/1000 [12:16 > 2:40:45]
L-BFGS:  93%|█████████▎| 931/1000 [12:07 > 2:40:56]
L-BFGS:  93%|█████████▎| 932/1000 [11:57 > 2:41:06]
L-BFGS:  93%|█████████▎| 933/1000 [11:47 > 2:41:17]
L-BFGS:  93%|█████████▎| 934/1000 [11:28 > 2:41:27]
L-BFGS:  94%|█████████▎| 935/1000 [11:21 > 2:41:38]
L-BFGS:  94%|█████████▎| 936/1000 [11:12 > 2:41:48]
L-BFGS:  94%|█████████▎| 937/1000 [11:03 > 2:41:59]
L-BFGS:  94%|█████████▍| 938/1000 [10:53 > 2:42:09]
L-BFGS:  94%|█████████▍| 939/1000 [10:43 > 2:42:20]
L-BFGS:  94%|█████████▍| 940/1000 [10:33 > 2:42:30]
L-BFGS:  94%|█████████▍| 941/1000 [10:16 > 2:42:41]
L-BFGS:  94%|█████████▍| 942/1000 [10:07 > 2:42:51]
L-BFGS:  94%|█████████▍| 943/1000 [09:51 > 2:43:01]
L-BFGS:  94%|█████████▍| 944/1000 [09:44 > 2:43:12]
L-BFGS:  94%|█████████▍| 945/1000 [09:29 > 2:43:22]
L-BFGS:  95%|█████████▍| 946/1000 [09:16 > 2:43:32]
L-BFGS:  95%|█████████▍| 947/1000 [09:13 > 2:43:43]
L-BFGS:  95%|█████████▍| 948/1000 [09:07 > 2:43:54]
L-BFGS:  95%|█████████▍| 949/1000 [08:53 > 2:44:04]
L-BFGS:  95%|█████████▌| 950/1000 [08:47 > 2:44:15]
L-BFGS:  95%|█████████▌| 951/1000 [08:33 > 2:44:25]
L-BFGS:  95%|█████████▌| 952/1000 [08:26 > 2:44:36]
L-BFGS:  95%|█████████▌| 953/1000 [08:18 > 2:44:47]
L-BFGS:  95%|█████████▌| 954/1000 [08:04 > 2:44:57]
L-BFGS:  96%|█████████▌| 955/1000 [07:50 > 2:45:07]
L-BFGS:  96%|█████████▌| 956/1000 [07:43 > 2:45:18]
L-BFGS:  96%|█████████▌| 957/1000 [07:28 > 2:45:28]
L-BFGS:  96%|█████████▌| 958/1000 [07:14 > 2:45:38]
L-BFGS:  96%|█████████▌| 959/1000 [07:02 > 2:45:48]
L-BFGS:  96%|█████████▌| 960/1000 [06:55 > 2:45:59]
L-BFGS:  96%|█████████▌| 961/1000 [06:42 > 2:46:09]
L-BFGS:  96%|█████████▌| 962/1000 [06:34 > 2:46:20]
L-BFGS:  96%|█████████▋| 963/1000 [06:26 > 2:46:30]
L-BFGS:  96%|█████████▋| 964/1000 [06:13 > 2:46:41]
L-BFGS:  96%|█████████▋| 965/1000 [06:01 > 2:46:51]
L-BFGS:  97%|█████████▋| 966/1000 [05:49 > 2:47:01]
L-BFGS:  97%|█████████▋| 967/1000 [05:38 > 2:47:11]
L-BFGS:  97%|█████████▋| 968/1000 [05:31 > 2:47:22]
L-BFGS:  97%|█████████▋| 969/1000 [05:19 > 2:47:32]
L-BFGS:  97%|█████████▋| 970/1000 [05:11 > 2:47:42]
L-BFGS:  97%|█████████▋| 971/1000 [05:02 > 2:47:53]
L-BFGS:  97%|█████████▋| 972/1000 [04:49 > 2:48:03]
L-BFGS:  97%|█████████▋| 973/1000 [04:41 > 2:48:14]
L-BFGS:  97%|█████████▋| 974/1000 [04:29 > 2:48:24]
L-BFGS:  98%|█████████▊| 975/1000 [04:20 > 2:48:35]
L-BFGS:  98%|█████████▊| 976/1000 [04:09 > 2:48:45]
L-BFGS:  98%|█████████▊| 977/1000 [03:58 > 2:48:55]
L-BFGS:  98%|█████████▊| 978/1000 [03:47 > 2:49:06]
L-BFGS:  98%|█████████▊| 979/1000 [03:39 > 2:49:16]
L-BFGS:  98%|█████████▊| 980/1000 [03:28 > 2:49:27]
L-BFGS:  98%|█████████▊| 981/1000 [03:19 > 2:49:37]
L-BFGS:  98%|█████████▊| 982/1000 [03:10 > 2:49:48]
L-BFGS:  98%|█████████▊| 983/1000 [02:58 > 2:49:58]
L-BFGS:  98%|█████████▊| 984/1000 [02:47 > 2:50:09]
L-BFGS:  98%|█████████▊| 985/1000 [02:36 > 2:50:19]
L-BFGS:  99%|█████████▊| 986/1000 [02:26 > 2:50:30]
L-BFGS:  99%|█████████▊| 987/1000 [02:16 > 2:50:40]
L-BFGS:  99%|█████████▉| 988/1000 [02:06 > 2:50:51]
L-BFGS:  99%|█████████▉| 989/1000 [01:55 > 2:51:01]
L-BFGS:  99%|█████████▉| 990/1000 [01:44 > 2:51:11]
L-BFGS:  99%|█████████▉| 991/1000 [01:34 > 2:51:22]
L-BFGS:  99%|█████████▉| 992/1000 [01:24 > 2:51:33]
L-BFGS:  99%|█████████▉| 993/1000 [01:12 > 2:51:43]
L-BFGS:  99%|█████████▉| 994/1000 [01:01 > 2:51:53]
L-BFGS: 100%|█████████▉| 995/1000 [00:51 > 2:52:03]
L-BFGS: 100%|█████████▉| 996/1000 [00:41 > 2:52:14]
L-BFGS: 100%|█████████▉| 997/1000 [00:31 > 2:52:24]
L-BFGS: 100%|█████████▉| 998/1000 [00:20 > 2:52:35]
L-BFGS: 100%|█████████▉| 999/1000 [00:10 > 2:52:45]
L-BFGS: 100%|██████████| 1000/1000 [00:00 > 2:52:55]
L-BFGS: 100%|██████████| 1000/1000 [00:00 > 2:52:55]
Training saved: C:\Ali Computation\pinn\code\heterogeneous\pino_heterogeneous\results\exp_Ud_piecewise_K100_N100_z1to5_min10pct_w64_float64_lbfgs1000_maxiter20\pino_heterogeneous_concentration.png C:\Ali Computation\pinn\code\heterogeneous\pino_heterogeneous\results\exp_Ud_piecewise_K100_N100_z1to5_min10pct_w64_float64_lbfgs1000_maxiter20\pino_heterogeneous_loss.png C:\Ali Computation\pinn\code\heterogeneous\pino_heterogeneous\results\exp_Ud_piecewise_K100_N100_z1to5_min10pct_w64_float64_lbfgs1000_maxiter20\pino_heterogeneous_model.pt
COMSOL validation: 81 media -> C:\Ali Computation\pinn\code\heterogeneous\pino_heterogeneous\results\exp_Ud_piecewise_K100_N100_z1to5_min10pct_w64_float64_lbfgs1000_maxiter20\comsol_validation  (x* collocation n=86)

COMSOL vs PINO:   0%|          | 0/81 [00:00<?, ?it/s]
COMSOL vs PINO:   1%|          | 1/81 [00:01<01:22,  1.03s/it]
COMSOL vs PINO:   2%|▏         | 2/81 [00:02<01:20,  1.02s/it]
COMSOL vs PINO:   4%|▎         | 3/81 [00:03<01:19,  1.02s/it]
COMSOL vs PINO:   5%|▍         | 4/81 [00:04<01:26,  1.12s/it]
COMSOL vs PINO:   6%|▌         | 5/81 [00:05<01:22,  1.08s/it]
COMSOL vs PINO:   7%|▋         | 6/81 [00:06<01:19,  1.06s/it]
COMSOL vs PINO:   9%|▊         | 7/81 [00:07<01:18,  1.05s/it]
COMSOL vs PINO:  10%|▉         | 8/81 [00:08<01:16,  1.05s/it]
COMSOL vs PINO:  11%|█         | 9/81 [00:09<01:15,  1.05s/it]
COMSOL vs PINO:  12%|█▏        | 10/81 [00:10<01:14,  1.05s/it]
COMSOL vs PINO:  14%|█▎        | 11/81 [00:11<01:13,  1.05s/it]
COMSOL vs PINO:  15%|█▍        | 12/81 [00:12<01:11,  1.04s/it]
COMSOL vs PINO:  16%|█▌        | 13/81 [00:13<01:10,  1.04s/it]
COMSOL vs PINO:  17%|█▋        | 14/81 [00:14<01:09,  1.03s/it]
COMSOL vs PINO:  19%|█▊        | 15/81 [00:15<01:08,  1.03s/it]
COMSOL vs PINO:  20%|█▉        | 16/81 [00:16<01:07,  1.04s/it]
COMSOL vs PINO:  21%|██        | 17/81 [00:18<01:11,  1.12s/it]
COMSOL vs PINO:  22%|██▏       | 18/81 [00:19<01:09,  1.10s/it]
COMSOL vs PINO:  23%|██▎       | 19/81 [00:20<01:06,  1.08s/it]
COMSOL vs PINO:  25%|██▍       | 20/81 [00:21<01:05,  1.07s/it]
COMSOL vs PINO:  26%|██▌       | 21/81 [00:22<01:04,  1.08s/it]
COMSOL vs PINO:  27%|██▋       | 22/81 [00:23<01:03,  1.07s/it]
COMSOL vs PINO:  28%|██▊       | 23/81 [00:24<01:01,  1.06s/it]
COMSOL vs PINO:  30%|██▉       | 24/81 [00:25<01:00,  1.05s/it]
COMSOL vs PINO:  31%|███       | 25/81 [00:26<00:58,  1.04s/it]
COMSOL vs PINO:  32%|███▏      | 26/81 [00:27<00:57,  1.05s/it]
COMSOL vs PINO:  33%|███▎      | 27/81 [00:28<00:56,  1.04s/it]
COMSOL vs PINO:  35%|███▍      | 28/81 [00:29<00:55,  1.04s/it]
COMSOL vs PINO:  36%|███▌      | 29/81 [00:30<00:54,  1.04s/it]
COMSOL vs PINO:  37%|███▋      | 30/81 [00:31<00:53,  1.04s/it]
COMSOL vs PINO:  38%|███▊      | 31/81 [00:32<00:52,  1.05s/it]
COMSOL vs PINO:  40%|███▉      | 32/81 [00:34<00:55,  1.14s/it]
COMSOL vs PINO:  41%|████      | 33/81 [00:35<00:53,  1.11s/it]
COMSOL vs PINO:  42%|████▏     | 34/81 [00:36<00:51,  1.09s/it]
COMSOL vs PINO:  43%|████▎     | 35/81 [00:37<00:49,  1.07s/it]
COMSOL vs PINO:  44%|████▍     | 36/81 [00:38<00:48,  1.07s/it]
COMSOL vs PINO:  46%|████▌     | 37/81 [00:39<00:46,  1.06s/it]
COMSOL vs PINO:  47%|████▋     | 38/81 [00:40<00:45,  1.05s/it]
COMSOL vs PINO:  48%|████▊     | 39/81 [00:41<00:44,  1.05s/it]
COMSOL vs PINO:  49%|████▉     | 40/81 [00:42<00:42,  1.04s/it]
COMSOL vs PINO:  51%|█████     | 41/81 [00:43<00:41,  1.04s/it]
COMSOL vs PINO:  52%|█████▏    | 42/81 [00:44<00:40,  1.04s/it]
COMSOL vs PINO:  53%|█████▎    | 43/81 [00:45<00:39,  1.04s/it]
COMSOL vs PINO:  54%|█████▍    | 44/81 [00:46<00:38,  1.04s/it]
COMSOL vs PINO:  56%|█████▌    | 45/81 [00:47<00:40,  1.13s/it]
COMSOL vs PINO:  57%|█████▋    | 46/81 [00:48<00:38,  1.10s/it]
COMSOL vs PINO:  58%|█████▊    | 47/81 [00:49<00:36,  1.09s/it]
COMSOL vs PINO:  59%|█████▉    | 48/81 [00:50<00:35,  1.08s/it]
COMSOL vs PINO:  60%|██████    | 49/81 [00:52<00:34,  1.07s/it]
COMSOL vs PINO:  62%|██████▏   | 50/81 [00:53<00:32,  1.05s/it]
COMSOL vs PINO:  63%|██████▎   | 51/81 [00:54<00:31,  1.05s/it]
COMSOL vs PINO:  64%|██████▍   | 52/81 [00:55<00:30,  1.07s/it]
COMSOL vs PINO:  65%|██████▌   | 53/81 [00:56<00:29,  1.06s/it]
COMSOL vs PINO:  67%|██████▋   | 54/81 [00:57<00:28,  1.06s/it]
COMSOL vs PINO:  68%|██████▊   | 55/81 [00:58<00:27,  1.05s/it]
COMSOL vs PINO:  69%|██████▉   | 56/81 [00:59<00:26,  1.05s/it]
COMSOL vs PINO:  70%|███████   | 57/81 [01:00<00:25,  1.05s/it]
COMSOL vs PINO:  72%|███████▏  | 58/81 [01:01<00:24,  1.05s/it]
COMSOL vs PINO:  73%|███████▎  | 59/81 [01:02<00:23,  1.05s/it]
COMSOL vs PINO:  74%|███████▍  | 60/81 [01:03<00:23,  1.14s/it]
COMSOL vs PINO:  75%|███████▌  | 61/81 [01:04<00:22,  1.11s/it]
COMSOL vs PINO:  77%|███████▋  | 62/81 [01:05<00:20,  1.09s/it]
COMSOL vs PINO:  78%|███████▊  | 63/81 [01:07<00:19,  1.08s/it]
COMSOL vs PINO:  79%|███████▉  | 64/81 [01:08<00:18,  1.07s/it]
COMSOL vs PINO:  80%|████████  | 65/81 [01:09<00:17,  1.07s/it]
COMSOL vs PINO:  81%|████████▏ | 66/81 [01:10<00:15,  1.06s/it]
COMSOL vs PINO:  83%|████████▎ | 67/81 [01:11<00:14,  1.06s/it]
COMSOL vs PINO:  84%|████████▍ | 68/81 [01:12<00:13,  1.05s/it]
COMSOL vs PINO:  85%|████████▌ | 69/81 [01:13<00:12,  1.05s/it]
COMSOL vs PINO:  86%|████████▋ | 70/81 [01:14<00:11,  1.05s/it]
COMSOL vs PINO:  88%|████████▊ | 71/81 [01:15<00:10,  1.05s/it]
COMSOL vs PINO:  89%|████████▉ | 72/81 [01:16<00:09,  1.05s/it]
COMSOL vs PINO:  90%|█████████ | 73/81 [01:17<00:08,  1.04s/it]
COMSOL vs PINO:  91%|█████████▏| 74/81 [01:18<00:07,  1.05s/it]
COMSOL vs PINO:  93%|█████████▎| 75/81 [01:19<00:06,  1.15s/it]
COMSOL vs PINO:  94%|█████████▍| 76/81 [01:21<00:05,  1.13s/it]
COMSOL vs PINO:  95%|█████████▌| 77/81 [01:22<00:04,  1.10s/it]
COMSOL vs PINO:  96%|█████████▋| 78/81 [01:23<00:03,  1.08s/it]
COMSOL vs PINO:  98%|█████████▊| 79/81 [01:24<00:02,  1.09s/it]
COMSOL vs PINO:  99%|█████████▉| 80/81 [01:25<00:01,  1.07s/it]
COMSOL vs PINO: 100%|██████████| 81/81 [01:26<00:00,  1.06s/it]
COMSOL vs PINO: 100%|██████████| 81/81 [01:26<00:00,  1.07s/it]
COMSOL validation summary: n=81  mean=4.894818e-02  max=2.042595e-01  min=1.198426e-02
Wrote C:\Ali Computation\pinn\code\heterogeneous\pino_heterogeneous\results\exp_Ud_piecewise_K100_N100_z1to5_min10pct_w64_float64_lbfgs1000_maxiter20\comsol_validation\comsol_validation_summary.csv
Run metadata: C:\Ali Computation\pinn\code\heterogeneous\pino_heterogeneous\results\exp_Ud_piecewise_K100_N100_z1to5_min10pct_w64_float64_lbfgs1000_maxiter20\run_meta.json
Wall-clock train: 10376.4 s
Wall-clock validation: 86.3 s
Wall-clock total: 10470.8 s  device=cuda

# exit 0 after 2:54:37.046484
