# code/heterogeneous/pino_heterogeneous/pinn1d_heterogeneous_parametric_neural_operator.py --design grf --n-sensors 200 --n-grf 0 --n-piecewise-per-zones 100 --piecewise-zone-counts 4 --min-zone-frac 0.1 --arch w64 --dtype float64 --early-stop-patience 150 --lr-lbfgs 0.1 --lbfgs-max-iter 20 --epochs 1000 --out-dir results/exp_Tc_piecewise_K200_N100_z4_min10pct_w64_float64_lbfgs1000_maxiter20
# started 2026-06-24 22:35:13
# cwd C:\Ali Computation\pinn\code\heterogeneous\pino_heterogeneous

Using GPU: NVIDIA GeForce RTX 3090 (cuda:0, dtype=torch.float64)
PE (computed) = 0.010368
design=grf  media_mode=grf  n_train_requested=100  n_corner_anchors=16  arch=w64  batch_mode=True
branch=[200, 64, 64, 64]  trunk=[2, 64, 64, 64, 64]
results_dir=C:\Ali Computation\pinn\code\heterogeneous\pino_heterogeneous\results\exp_Tc_piecewise_K200_N100_z4_min10pct_w64_float64_lbfgs1000_maxiter20
Training: 100 piecewise (100 each for zones [4]), min_zone_frac=0.1 = 100 total; K=200 uniform sensors, grid_n=201
  saved/loaded: C:\Ali Computation\pinn\code\heterogeneous\pino_heterogeneous\results\exp_Tc_piecewise_K200_N100_z4_min10pct_w64_float64_lbfgs1000_maxiter20\train_grf_cases.npz
  branch CFL range [0.120517, 0.599951]
PDE mesh: bulk 50x50x100 (no interface bands in GRF mode)
COMSOL validation: 81 fixed grid cases from comsol_4zones.txt -> C:\Ali Computation\pinn\code\heterogeneous\pino_heterogeneous\results\exp_Tc_piecewise_K200_N100_z4_min10pct_w64_float64_lbfgs1000_maxiter20\comsol_validation
run_training=True  run_comsol_validation=True  validate_only=False  skip_validation_plots=False
L-BFGS early stopping: patience=150 (max steps=1000)
L-BFGS: lr=0.1  max_iter=20  outer_steps=1000
PDE collocation points: 250,000 (bulk 250,000, interface 0)
Collocation mesh plot (pre-train): C:\Ali Computation\pinn\code\heterogeneous\pino_heterogeneous\results\exp_Tc_piecewise_K200_N100_z4_min10pct_w64_float64_lbfgs1000_maxiter20\pino_heterogeneous_collocation_points.png
LBFGS (
Parameter Group 0
    history_size: 50
    line_search_fn: strong_wolfe
    lr: 0.1
    max_eval: 25
    max_iter: 20
    tolerance_change: 1e-09
    tolerance_grad: 1e-07
)
Early stopping: patience=150 L-BFGS steps (no total-loss improvement, rtol=1e-12)

L-BFGS:   0%|          | 0/1000 [? > 00:00]
L-BFGS:   0%|          | 1/1000 [2:59:01 > 00:10]
L-BFGS:   0%|          | 2/1000 [2:49:30 > 00:20]
L-BFGS:   0%|          | 3/1000 [2:47:09 > 00:30]
L-BFGS:   0%|          | 4/1000 [2:46:10 > 00:40]
L-BFGS:   0%|          | 5/1000 [2:45:59 > 00:50]
L-BFGS:   1%|          | 6/1000 [2:48:18 > 01:00]
L-BFGS:   1%|          | 7/1000 [2:47:25 > 01:10]
L-BFGS:   1%|          | 8/1000 [2:46:50 > 01:20]
L-BFGS:   1%|          | 9/1000 [2:48:42 > 01:31]
L-BFGS:   1%|          | 10/1000 [2:50:48 > 01:42]
L-BFGS:   1%|          | 11/1000 [2:50:08 > 01:52]
L-BFGS:   1%|          | 12/1000 [2:51:42 > 02:02]
L-BFGS:   1%|▏         | 13/1000 [2:52:45 > 02:13]
L-BFGS:   1%|▏         | 14/1000 [2:51:28 > 02:23]
L-BFGS:   2%|▏         | 15/1000 [2:50:33 > 02:34]
L-BFGS:   2%|▏         | 16/1000 [2:51:56 > 02:44]
L-BFGS:   2%|▏         | 17/1000 [2:50:38 > 02:55]
L-BFGS:   2%|▏         | 18/1000 [2:49:41 > 03:05]
L-BFGS:   2%|▏         | 19/1000 [2:49:13 > 03:15]
L-BFGS:   2%|▏         | 20/1000 [2:48:05 > 03:25]
L-BFGS:   2%|▏         | 21/1000 [2:48:58 > 03:36]
L-BFGS:   2%|▏         | 22/1000 [2:47:38 > 03:46]
L-BFGS:   2%|▏         | 23/1000 [2:46:28 > 03:56]
L-BFGS:   2%|▏         | 24/1000 [2:45:45 > 04:06]
L-BFGS:   2%|▎         | 25/1000 [2:47:06 > 04:17]
L-BFGS:   3%|▎         | 26/1000 [2:46:09 > 04:27]
L-BFGS:   3%|▎         | 27/1000 [2:45:22 > 04:37]
L-BFGS:   3%|▎         | 28/1000 [2:46:40 > 04:47]
L-BFGS:   3%|▎         | 29/1000 [2:45:42 > 04:58]
L-BFGS:   3%|▎         | 30/1000 [2:44:53 > 05:08]
L-BFGS:   3%|▎         | 31/1000 [2:46:15 > 05:18]
L-BFGS:   3%|▎         | 32/1000 [2:45:12 > 05:28]
L-BFGS:   3%|▎         | 33/1000 [2:46:26 > 05:39]
L-BFGS:   3%|▎         | 34/1000 [2:47:09 > 05:49]
L-BFGS:   4%|▎         | 35/1000 [2:47:33 > 06:00]
L-BFGS:   4%|▎         | 36/1000 [2:46:04 > 06:10]
L-BFGS:   4%|▎         | 37/1000 [2:46:59 > 06:21]
L-BFGS:   4%|▍         | 38/1000 [2:47:53 > 06:31]
L-BFGS:   4%|▍         | 39/1000 [2:49:00 > 06:42]
L-BFGS:   4%|▍         | 40/1000 [2:49:53 > 06:53]
L-BFGS:   4%|▍         | 41/1000 [2:50:20 > 07:03]
L-BFGS:   4%|▍         | 42/1000 [2:48:31 > 07:14]
L-BFGS:   4%|▍         | 43/1000 [2:49:07 > 07:24]
L-BFGS:   4%|▍         | 44/1000 [2:47:45 > 07:35]
L-BFGS:   4%|▍         | 45/1000 [2:46:32 > 07:45]
L-BFGS:   5%|▍         | 46/1000 [2:47:40 > 07:56]
L-BFGS:   5%|▍         | 47/1000 [2:48:28 > 08:07]
L-BFGS:   5%|▍         | 48/1000 [2:49:06 > 08:17]
L-BFGS:   5%|▍         | 49/1000 [2:46:50 > 08:28]
L-BFGS:   5%|▌         | 50/1000 [2:46:52 > 08:38]
L-BFGS:   5%|▌         | 51/1000 [2:46:51 > 08:49]
L-BFGS:   5%|▌         | 52/1000 [2:46:47 > 08:59]
L-BFGS:   5%|▌         | 53/1000 [2:46:37 > 09:10]
L-BFGS:   5%|▌         | 54/1000 [2:44:41 > 09:20]
L-BFGS:   6%|▌         | 55/1000 [2:45:14 > 09:31]
L-BFGS:   6%|▌         | 56/1000 [2:45:31 > 09:41]
L-BFGS:   6%|▌         | 57/1000 [2:45:45 > 09:52]
L-BFGS:   6%|▌         | 58/1000 [2:45:42 > 10:02]
L-BFGS:   6%|▌         | 59/1000 [2:45:44 > 10:13]
L-BFGS:   6%|▌         | 60/1000 [2:43:45 > 10:23]
L-BFGS:   6%|▌         | 61/1000 [2:42:17 > 10:33]
L-BFGS:   6%|▌         | 62/1000 [2:41:11 > 10:44]
L-BFGS:   6%|▋         | 63/1000 [2:40:34 > 10:54]
L-BFGS:   6%|▋         | 64/1000 [2:39:53 > 11:04]
L-BFGS:   6%|▋         | 65/1000 [2:39:25 > 11:14]
L-BFGS:   7%|▋         | 66/1000 [2:38:57 > 11:24]
L-BFGS:   7%|▋         | 67/1000 [2:38:45 > 11:35]
L-BFGS:   7%|▋         | 68/1000 [2:40:59 > 11:45]
L-BFGS:   7%|▋         | 69/1000 [2:42:31 > 11:56]
L-BFGS:   7%|▋         | 70/1000 [2:41:40 > 12:06]
L-BFGS:   7%|▋         | 71/1000 [2:41:05 > 12:17]
L-BFGS:   7%|▋         | 72/1000 [2:42:19 > 12:27]
L-BFGS:   7%|▋         | 73/1000 [2:43:18 > 12:38]
L-BFGS:   7%|▋         | 74/1000 [2:43:56 > 12:49]
L-BFGS:   8%|▊         | 75/1000 [2:42:24 > 12:59]
L-BFGS:   8%|▊         | 76/1000 [2:41:12 > 13:10]
L-BFGS:   8%|▊         | 77/1000 [2:42:10 > 13:20]
L-BFGS:   8%|▊         | 78/1000 [2:40:45 > 13:30]
L-BFGS:   8%|▊         | 79/1000 [2:39:18 > 13:41]
L-BFGS:   8%|▊         | 80/1000 [2:39:58 > 13:51]
L-BFGS:   8%|▊         | 81/1000 [2:38:34 > 14:01]
L-BFGS:   8%|▊         | 82/1000 [2:37:35 > 14:12]
L-BFGS:   8%|▊         | 83/1000 [2:38:44 > 14:22]
L-BFGS:   8%|▊         | 84/1000 [2:39:29 > 14:33]
L-BFGS:   8%|▊         | 85/1000 [2:37:56 > 14:43]
L-BFGS:   9%|▊         | 86/1000 [2:38:51 > 14:54]
L-BFGS:   9%|▊         | 87/1000 [2:37:31 > 15:04]
L-BFGS:   9%|▉         | 88/1000 [2:38:28 > 15:14]
L-BFGS:   9%|▉         | 89/1000 [2:37:11 > 15:24]
L-BFGS:   9%|▉         | 90/1000 [2:36:11 > 15:35]
L-BFGS:   9%|▉         | 91/1000 [2:35:20 > 15:45]
L-BFGS:   9%|▉         | 92/1000 [2:34:48 > 15:55]
L-BFGS:   9%|▉         | 93/1000 [2:34:18 > 16:05]
L-BFGS:   9%|▉         | 94/1000 [2:33:55 > 16:15]
L-BFGS:  10%|▉         | 95/1000 [2:33:45 > 16:25]
L-BFGS:  10%|▉         | 96/1000 [2:33:25 > 16:36]
L-BFGS:  10%|▉         | 97/1000 [2:35:13 > 16:46]
L-BFGS:  10%|▉         | 98/1000 [2:35:14 > 16:57]
L-BFGS:  10%|▉         | 99/1000 [2:35:06 > 17:07]
L-BFGS:  10%|█         | 100/1000 [2:34:59 > 17:17]
L-BFGS:  10%|█         | 101/1000 [2:36:34 > 17:28]
L-BFGS:  10%|█         | 102/1000 [2:35:51 > 17:38]
L-BFGS:  10%|█         | 103/1000 [2:35:18 > 17:49]
L-BFGS:  10%|█         | 104/1000 [2:36:43 > 17:59]
L-BFGS:  10%|█         | 105/1000 [2:37:39 > 18:10]
L-BFGS:  11%|█         | 106/1000 [2:36:19 > 18:20]
L-BFGS:  11%|█         | 107/1000 [2:37:22 > 18:31]
L-BFGS:  11%|█         | 108/1000 [2:35:35 > 18:41]
L-BFGS:  11%|█         | 109/1000 [2:35:54 > 18:52]
L-BFGS:  11%|█         | 110/1000 [2:34:17 > 19:02]
L-BFGS:  11%|█         | 111/1000 [2:34:52 > 19:13]
L-BFGS:  11%|█         | 112/1000 [2:35:17 > 19:23]
L-BFGS:  11%|█▏        | 113/1000 [2:33:39 > 19:34]
L-BFGS:  11%|█▏        | 114/1000 [2:34:11 > 19:44]
L-BFGS:  12%|█▏        | 115/1000 [2:34:46 > 19:55]
L-BFGS:  12%|█▏        | 116/1000 [2:33:09 > 20:05]
L-BFGS:  12%|█▏        | 117/1000 [2:32:00 > 20:15]
L-BFGS:  12%|█▏        | 118/1000 [2:31:12 > 20:25]
L-BFGS:  12%|█▏        | 119/1000 [2:30:32 > 20:35]
L-BFGS:  12%|█▏        | 120/1000 [2:31:43 > 20:46]
L-BFGS:  12%|█▏        | 121/1000 [2:30:52 > 20:56]
L-BFGS:  12%|█▏        | 122/1000 [2:30:06 > 21:06]
L-BFGS:  12%|█▏        | 123/1000 [2:29:38 > 21:16]
L-BFGS:  12%|█▏        | 124/1000 [2:31:01 > 21:27]
L-BFGS:  12%|█▎        | 125/1000 [2:31:52 > 21:38]
L-BFGS:  13%|█▎        | 126/1000 [2:30:36 > 21:48]
L-BFGS:  13%|█▎        | 127/1000 [2:32:17 > 21:59]
L-BFGS:  13%|█▎        | 128/1000 [2:33:17 > 22:09]
L-BFGS:  13%|█▎        | 129/1000 [2:32:16 > 22:20]
L-BFGS:  13%|█▎        | 130/1000 [2:31:29 > 22:30]
L-BFGS:  13%|█▎        | 131/1000 [2:30:48 > 22:40]
L-BFGS:  13%|█▎        | 132/1000 [2:30:13 > 22:51]
L-BFGS:  13%|█▎        | 133/1000 [2:31:41 > 23:01]
L-BFGS:  13%|█▎        | 134/1000 [2:30:46 > 23:12]
L-BFGS:  14%|█▎        | 135/1000 [2:30:03 > 23:22]
L-BFGS:  14%|█▎        | 136/1000 [2:31:11 > 23:33]
L-BFGS:  14%|█▎        | 137/1000 [2:29:57 > 23:43]
L-BFGS:  14%|█▍        | 138/1000 [2:30:20 > 23:54]
L-BFGS:  14%|█▍        | 139/1000 [2:30:42 > 24:04]
L-BFGS:  14%|█▍        | 140/1000 [2:30:56 > 24:15]
L-BFGS:  14%|█▍        | 141/1000 [2:29:15 > 24:25]
L-BFGS:  14%|█▍        | 142/1000 [2:28:00 > 24:35]
L-BFGS:  14%|█▍        | 143/1000 [2:27:03 > 24:45]
L-BFGS:  14%|█▍        | 144/1000 [2:28:00 > 24:56]
L-BFGS:  14%|█▍        | 145/1000 [2:26:59 > 25:06]
L-BFGS:  15%|█▍        | 146/1000 [2:26:16 > 25:16]
L-BFGS:  15%|█▍        | 147/1000 [2:25:41 > 25:26]
L-BFGS:  15%|█▍        | 148/1000 [2:26:57 > 25:37]
L-BFGS:  15%|█▍        | 149/1000 [2:26:09 > 25:47]
L-BFGS:  15%|█▌        | 150/1000 [2:27:12 > 25:58]
L-BFGS:  15%|█▌        | 151/1000 [2:26:07 > 26:08]
L-BFGS:  15%|█▌        | 152/1000 [2:25:19 > 26:18]
L-BFGS:  15%|█▌        | 153/1000 [2:26:25 > 26:29]
L-BFGS:  15%|█▌        | 154/1000 [2:27:18 > 26:39]
L-BFGS:  16%|█▌        | 155/1000 [2:26:06 > 26:50]
L-BFGS:  16%|█▌        | 156/1000 [2:25:35 > 27:00]
L-BFGS:  16%|█▌        | 157/1000 [2:25:20 > 27:10]
L-BFGS:  16%|█▌        | 158/1000 [2:26:45 > 27:21]
L-BFGS:  16%|█▌        | 159/1000 [2:26:06 > 27:31]
L-BFGS:  16%|█▌        | 160/1000 [2:25:29 > 27:42]
L-BFGS:  16%|█▌        | 161/1000 [2:25:03 > 27:52]
L-BFGS:  16%|█▌        | 162/1000 [2:26:24 > 28:03]
L-BFGS:  16%|█▋        | 163/1000 [2:25:33 > 28:13]
L-BFGS:  16%|█▋        | 164/1000 [2:24:48 > 28:23]
L-BFGS:  16%|█▋        | 165/1000 [2:24:19 > 28:34]
L-BFGS:  17%|█▋        | 166/1000 [2:23:47 > 28:44]
L-BFGS:  17%|█▋        | 167/1000 [2:24:33 > 28:54]
L-BFGS:  17%|█▋        | 168/1000 [2:23:29 > 29:05]
L-BFGS:  17%|█▋        | 169/1000 [2:24:16 > 29:15]
L-BFGS:  17%|█▋        | 170/1000 [2:24:48 > 29:26]
L-BFGS:  17%|█▋        | 171/1000 [2:23:31 > 29:36]
L-BFGS:  17%|█▋        | 172/1000 [2:22:29 > 29:46]
L-BFGS:  17%|█▋        | 173/1000 [2:21:41 > 29:56]
L-BFGS:  17%|█▋        | 174/1000 [2:21:11 > 30:07]
L-BFGS:  18%|█▊        | 175/1000 [2:22:24 > 30:17]
L-BFGS:  18%|█▊        | 176/1000 [2:21:30 > 30:27]
L-BFGS:  18%|█▊        | 177/1000 [2:20:47 > 30:37]
L-BFGS:  18%|█▊        | 178/1000 [2:20:12 > 30:48]
L-BFGS:  18%|█▊        | 179/1000 [2:21:29 > 30:58]
L-BFGS:  18%|█▊        | 180/1000 [2:20:48 > 31:08]
L-BFGS:  18%|█▊        | 181/1000 [2:21:43 > 31:19]
L-BFGS:  18%|█▊        | 182/1000 [2:22:23 > 31:30]
L-BFGS:  18%|█▊        | 183/1000 [2:22:44 > 31:40]
L-BFGS:  18%|█▊        | 184/1000 [2:21:10 > 31:50]
L-BFGS:  18%|█▊        | 185/1000 [2:22:00 > 32:01]
L-BFGS:  19%|█▊        | 186/1000 [2:22:54 > 32:12]
L-BFGS:  19%|█▊        | 187/1000 [2:21:54 > 32:22]
L-BFGS:  19%|█▉        | 188/1000 [2:21:02 > 32:32]
L-BFGS:  19%|█▉        | 189/1000 [2:20:23 > 32:43]
L-BFGS:  19%|█▉        | 190/1000 [2:21:39 > 32:53]
L-BFGS:  19%|█▉        | 191/1000 [2:22:32 > 33:04]
L-BFGS:  19%|█▉        | 192/1000 [2:21:18 > 33:14]
L-BFGS:  19%|█▉        | 193/1000 [2:20:33 > 33:25]
L-BFGS:  19%|█▉        | 194/1000 [2:19:50 > 33:35]
L-BFGS:  20%|█▉        | 195/1000 [2:20:59 > 33:46]
L-BFGS:  20%|█▉        | 196/1000 [2:19:28 > 33:56]
L-BFGS:  20%|█▉        | 197/1000 [2:18:19 > 34:06]
L-BFGS:  20%|█▉        | 198/1000 [2:19:06 > 34:17]
L-BFGS:  20%|█▉        | 199/1000 [2:18:04 > 34:27]
L-BFGS:  20%|██        | 200/1000 [2:17:11 > 34:37]
L-BFGS:  20%|██        | 201/1000 [2:18:11 > 34:48]
L-BFGS:  20%|██        | 202/1000 [2:17:11 > 34:58]
L-BFGS:  20%|██        | 203/1000 [2:18:07 > 35:08]
L-BFGS:  20%|██        | 204/1000 [2:17:00 > 35:19]
L-BFGS:  20%|██        | 205/1000 [2:17:53 > 35:29]
L-BFGS:  21%|██        | 206/1000 [2:16:48 > 35:39]
L-BFGS:  21%|██        | 207/1000 [2:17:41 > 35:50]
L-BFGS:  21%|██        | 208/1000 [2:18:09 > 36:01]
L-BFGS:  21%|██        | 209/1000 [2:16:48 > 36:11]
L-BFGS:  21%|██        | 210/1000 [2:15:46 > 36:21]
L-BFGS:  21%|██        | 211/1000 [2:14:58 > 36:31]
L-BFGS:  21%|██        | 212/1000 [2:14:33 > 36:41]
L-BFGS:  21%|██▏       | 213/1000 [2:15:37 > 36:52]
L-BFGS:  21%|██▏       | 214/1000 [2:14:49 > 37:02]
L-BFGS:  22%|██▏       | 215/1000 [2:16:22 > 37:13]
L-BFGS:  22%|██▏       | 216/1000 [2:15:45 > 37:23]
L-BFGS:  22%|██▏       | 217/1000 [2:16:53 > 37:34]
L-BFGS:  22%|██▏       | 218/1000 [2:17:37 > 37:44]
L-BFGS:  22%|██▏       | 219/1000 [2:16:29 > 37:55]
L-BFGS:  22%|██▏       | 220/1000 [2:15:46 > 38:05]
L-BFGS:  22%|██▏       | 221/1000 [2:15:05 > 38:15]
L-BFGS:  22%|██▏       | 222/1000 [2:16:11 > 38:26]
L-BFGS:  22%|██▏       | 223/1000 [2:16:51 > 38:37]
L-BFGS:  22%|██▏       | 224/1000 [2:15:43 > 38:47]
L-BFGS:  22%|██▎       | 225/1000 [2:14:32 > 38:57]
L-BFGS:  23%|██▎       | 226/1000 [2:14:58 > 39:08]
L-BFGS:  23%|██▎       | 227/1000 [2:13:43 > 39:18]
L-BFGS:  23%|██▎       | 228/1000 [2:12:45 > 39:28]
L-BFGS:  23%|██▎       | 229/1000 [2:13:30 > 39:39]
L-BFGS:  23%|██▎       | 230/1000 [2:12:27 > 39:49]
L-BFGS:  23%|██▎       | 231/1000 [2:11:48 > 39:59]
L-BFGS:  23%|██▎       | 232/1000 [2:12:47 > 40:10]
L-BFGS:  23%|██▎       | 233/1000 [2:13:23 > 40:20]
L-BFGS:  23%|██▎       | 234/1000 [2:12:16 > 40:31]
L-BFGS:  24%|██▎       | 235/1000 [2:11:22 > 40:41]
L-BFGS:  24%|██▎       | 236/1000 [2:12:11 > 40:51]
L-BFGS:  24%|██▎       | 237/1000 [2:12:45 > 41:02]
L-BFGS:  24%|██▍       | 238/1000 [2:11:30 > 41:12]
L-BFGS:  24%|██▍       | 239/1000 [2:10:38 > 41:22]
L-BFGS:  24%|██▍       | 240/1000 [2:11:33 > 41:33]
L-BFGS:  24%|██▍       | 241/1000 [2:12:11 > 41:43]
L-BFGS:  24%|██▍       | 242/1000 [2:12:30 > 41:54]
L-BFGS:  24%|██▍       | 243/1000 [2:12:39 > 42:05]
L-BFGS:  24%|██▍       | 244/1000 [2:11:39 > 42:15]
L-BFGS:  24%|██▍       | 245/1000 [2:11:11 > 42:25]
L-BFGS:  25%|██▍       | 246/1000 [2:10:35 > 42:36]
L-BFGS:  25%|██▍       | 247/1000 [2:10:04 > 42:46]
L-BFGS:  25%|██▍       | 248/1000 [2:11:21 > 42:57]
L-BFGS:  25%|██▍       | 249/1000 [2:12:05 > 43:07]
L-BFGS:  25%|██▌       | 250/1000 [2:12:41 > 43:18]
L-BFGS:  25%|██▌       | 251/1000 [2:11:19 > 43:28]
L-BFGS:  25%|██▌       | 252/1000 [2:10:27 > 43:39]
L-BFGS:  25%|██▌       | 253/1000 [2:09:41 > 43:49]
L-BFGS:  25%|██▌       | 254/1000 [2:08:55 > 43:59]
L-BFGS:  26%|██▌       | 255/1000 [2:07:59 > 44:09]
L-BFGS:  26%|██▌       | 256/1000 [2:08:47 > 44:20]
L-BFGS:  26%|██▌       | 257/1000 [2:09:27 > 44:31]
L-BFGS:  26%|██▌       | 258/1000 [2:08:11 > 44:41]
L-BFGS:  26%|██▌       | 259/1000 [2:07:16 > 44:51]
L-BFGS:  26%|██▌       | 260/1000 [2:08:01 > 45:02]
L-BFGS:  26%|██▌       | 261/1000 [2:08:32 > 45:12]
L-BFGS:  26%|██▌       | 262/1000 [2:08:51 > 45:23]
L-BFGS:  26%|██▋       | 263/1000 [2:07:32 > 45:33]
L-BFGS:  26%|██▋       | 264/1000 [2:06:32 > 45:43]
L-BFGS:  26%|██▋       | 265/1000 [2:07:15 > 45:54]
L-BFGS:  27%|██▋       | 266/1000 [2:07:48 > 46:04]
L-BFGS:  27%|██▋       | 267/1000 [2:06:37 > 46:14]
L-BFGS:  27%|██▋       | 268/1000 [2:05:43 > 46:24]
L-BFGS:  27%|██▋       | 269/1000 [2:05:01 > 46:35]
L-BFGS:  27%|██▋       | 270/1000 [2:05:58 > 46:45]
L-BFGS:  27%|██▋       | 271/1000 [2:05:06 > 46:55]
L-BFGS:  27%|██▋       | 272/1000 [2:04:26 > 47:06]
L-BFGS:  27%|██▋       | 273/1000 [2:04:19 > 47:16]
L-BFGS:  27%|██▋       | 274/1000 [2:04:27 > 47:26]
L-BFGS:  28%|██▊       | 275/1000 [2:06:01 > 47:37]
L-BFGS:  28%|██▊       | 276/1000 [2:06:54 > 47:48]
L-BFGS:  28%|██▊       | 277/1000 [2:06:03 > 47:58]
L-BFGS:  28%|██▊       | 278/1000 [2:06:53 > 48:09]
L-BFGS:  28%|██▊       | 279/1000 [2:05:51 > 48:19]
L-BFGS:  28%|██▊       | 280/1000 [2:06:32 > 48:30]
L-BFGS:  28%|██▊       | 281/1000 [2:07:01 > 48:40]
L-BFGS:  28%|██▊       | 282/1000 [2:05:55 > 48:51]
L-BFGS:  28%|██▊       | 283/1000 [2:04:52 > 49:01]
L-BFGS:  28%|██▊       | 284/1000 [2:05:11 > 49:12]
L-BFGS:  28%|██▊       | 285/1000 [2:03:52 > 49:22]
L-BFGS:  29%|██▊       | 286/1000 [2:02:58 > 49:32]
L-BFGS:  29%|██▊       | 287/1000 [2:03:38 > 49:43]
L-BFGS:  29%|██▉       | 288/1000 [2:04:04 > 49:53]
L-BFGS:  29%|██▉       | 289/1000 [2:02:48 > 50:03]
L-BFGS:  29%|██▉       | 290/1000 [2:03:31 > 50:14]
L-BFGS:  29%|██▉       | 291/1000 [2:02:28 > 50:24]
L-BFGS:  29%|██▉       | 292/1000 [2:01:35 > 50:34]
L-BFGS:  29%|██▉       | 293/1000 [2:02:21 > 50:45]
L-BFGS:  29%|██▉       | 294/1000 [2:02:53 > 50:55]
L-BFGS:  30%|██▉       | 295/1000 [2:01:45 > 51:06]
L-BFGS:  30%|██▉       | 296/1000 [2:02:16 > 51:16]
L-BFGS:  30%|██▉       | 297/1000 [2:01:13 > 51:26]
L-BFGS:  30%|██▉       | 298/1000 [2:00:21 > 51:37]
L-BFGS:  30%|██▉       | 299/1000 [1:59:47 > 51:47]
L-BFGS:  30%|███       | 300/1000 [1:59:17 > 51:57]
L-BFGS:  30%|███       | 301/1000 [2:00:21 > 52:07]
L-BFGS:  30%|███       | 302/1000 [2:01:12 > 52:18]
L-BFGS:  30%|███       | 303/1000 [2:00:42 > 52:28]
L-BFGS:  30%|███       | 304/1000 [2:01:44 > 52:39]
L-BFGS:  30%|███       | 305/1000 [2:01:00 > 52:49]
L-BFGS:  31%|███       | 306/1000 [2:01:49 > 53:00]
L-BFGS:  31%|███       | 307/1000 [2:01:00 > 53:11]
L-BFGS:  31%|███       | 308/1000 [2:00:19 > 53:21]
L-BFGS:  31%|███       | 309/1000 [2:01:10 > 53:32]
L-BFGS:  31%|███       | 310/1000 [2:01:41 > 53:42]
L-BFGS:  31%|███       | 311/1000 [2:02:04 > 53:53]
L-BFGS:  31%|███       | 312/1000 [2:02:18 > 54:04]
L-BFGS:  31%|███▏      | 313/1000 [2:00:25 > 54:14]
L-BFGS:  31%|███▏      | 314/1000 [1:59:02 > 54:24]
L-BFGS:  32%|███▏      | 315/1000 [1:58:02 > 54:34]
L-BFGS:  32%|███▏      | 316/1000 [1:58:38 > 54:45]
L-BFGS:  32%|███▏      | 317/1000 [1:58:59 > 54:55]
L-BFGS:  32%|███▏      | 318/1000 [1:59:14 > 55:06]
L-BFGS:  32%|███▏      | 319/1000 [1:57:59 > 55:16]
L-BFGS:  32%|███▏      | 320/1000 [1:58:24 > 55:27]
L-BFGS:  32%|███▏      | 321/1000 [1:57:15 > 55:37]
L-BFGS:  32%|███▏      | 322/1000 [1:56:28 > 55:47]
L-BFGS:  32%|███▏      | 323/1000 [1:57:13 > 55:58]
L-BFGS:  32%|███▏      | 324/1000 [1:57:40 > 56:08]
L-BFGS:  32%|███▎      | 325/1000 [1:57:55 > 56:19]
L-BFGS:  33%|███▎      | 326/1000 [1:56:46 > 56:29]
L-BFGS:  33%|███▎      | 327/1000 [1:57:15 > 56:40]
L-BFGS:  33%|███▎      | 328/1000 [1:56:08 > 56:50]
L-BFGS:  33%|███▎      | 329/1000 [1:56:38 > 57:00]
L-BFGS:  33%|███▎      | 330/1000 [1:55:31 > 57:10]
L-BFGS:  33%|███▎      | 331/1000 [1:56:15 > 57:21]
L-BFGS:  33%|███▎      | 332/1000 [1:55:45 > 57:31]
L-BFGS:  33%|███▎      | 333/1000 [1:56:42 > 57:42]
L-BFGS:  33%|███▎      | 334/1000 [1:57:20 > 57:53]
L-BFGS:  34%|███▎      | 335/1000 [1:56:19 > 58:03]
L-BFGS:  34%|███▎      | 336/1000 [1:55:34 > 58:14]
L-BFGS:  34%|███▎      | 337/1000 [1:54:55 > 58:24]
L-BFGS:  34%|███▍      | 338/1000 [1:54:31 > 58:34]
L-BFGS:  34%|███▍      | 339/1000 [1:54:08 > 58:45]
L-BFGS:  34%|███▍      | 340/1000 [1:55:12 > 58:55]
L-BFGS:  34%|███▍      | 341/1000 [1:55:53 > 59:06]
L-BFGS:  34%|███▍      | 342/1000 [1:54:31 > 59:16]
L-BFGS:  34%|███▍      | 343/1000 [1:53:29 > 59:26]
L-BFGS:  34%|███▍      | 344/1000 [1:54:03 > 59:37]
L-BFGS:  34%|███▍      | 345/1000 [1:54:20 > 59:48]
L-BFGS:  35%|███▍      | 346/1000 [1:54:26 > 59:58]
L-BFGS:  35%|███▍      | 347/1000 [1:53:08 > 1:00:08]
L-BFGS:  35%|███▍      | 348/1000 [1:53:35 > 1:00:19]
L-BFGS:  35%|███▍      | 349/1000 [1:53:50 > 1:00:29]
L-BFGS:  35%|███▌      | 350/1000 [1:52:34 > 1:00:40]
L-BFGS:  35%|███▌      | 351/1000 [1:51:38 > 1:00:50]
L-BFGS:  35%|███▌      | 352/1000 [1:52:14 > 1:01:00]
L-BFGS:  35%|███▌      | 353/1000 [1:51:19 > 1:01:10]
L-BFGS:  35%|███▌      | 354/1000 [1:51:57 > 1:01:21]
L-BFGS:  36%|███▌      | 355/1000 [1:52:18 > 1:01:32]
L-BFGS:  36%|███▌      | 356/1000 [1:51:18 > 1:01:42]
L-BFGS:  36%|███▌      | 357/1000 [1:51:51 > 1:01:52]
L-BFGS:  36%|███▌      | 358/1000 [1:52:03 > 1:02:03]
L-BFGS:  36%|███▌      | 359/1000 [1:50:53 > 1:02:13]
L-BFGS:  36%|███▌      | 360/1000 [1:50:02 > 1:02:23]
L-BFGS:  36%|███▌      | 361/1000 [1:49:56 > 1:02:34]
L-BFGS:  36%|███▌      | 362/1000 [1:49:46 > 1:02:44]
L-BFGS:  36%|███▋      | 363/1000 [1:49:35 > 1:02:54]
L-BFGS:  36%|███▋      | 364/1000 [1:50:41 > 1:03:05]
L-BFGS:  36%|███▋      | 365/1000 [1:50:07 > 1:03:15]
L-BFGS:  37%|███▋      | 366/1000 [1:50:59 > 1:03:26]
L-BFGS:  37%|███▋      | 367/1000 [1:50:17 > 1:03:36]
L-BFGS:  37%|███▋      | 368/1000 [1:51:01 > 1:03:47]
L-BFGS:  37%|███▋      | 369/1000 [1:50:09 > 1:03:57]
L-BFGS:  37%|███▋      | 370/1000 [1:49:28 > 1:04:08]
L-BFGS:  37%|███▋      | 371/1000 [1:48:45 > 1:04:18]
L-BFGS:  37%|███▋      | 372/1000 [1:49:20 > 1:04:29]
L-BFGS:  37%|███▋      | 373/1000 [1:48:18 > 1:04:39]
L-BFGS:  37%|███▋      | 374/1000 [1:48:41 > 1:04:49]
L-BFGS:  38%|███▊      | 375/1000 [1:49:06 > 1:05:00]
L-BFGS:  38%|███▊      | 376/1000 [1:48:12 > 1:05:10]
L-BFGS:  38%|███▊      | 377/1000 [1:48:30 > 1:05:21]
L-BFGS:  38%|███▊      | 378/1000 [1:47:28 > 1:05:31]
L-BFGS:  38%|███▊      | 379/1000 [1:47:57 > 1:05:41]
L-BFGS:  38%|███▊      | 380/1000 [1:46:56 > 1:05:52]
L-BFGS:  38%|███▊      | 381/1000 [1:46:10 > 1:06:02]
L-BFGS:  38%|███▊      | 382/1000 [1:46:52 > 1:06:12]
L-BFGS:  38%|███▊      | 383/1000 [1:46:04 > 1:06:23]
L-BFGS:  38%|███▊      | 384/1000 [1:45:32 > 1:06:33]
L-BFGS:  38%|███▊      | 385/1000 [1:45:01 > 1:06:43]
L-BFGS:  39%|███▊      | 386/1000 [1:45:51 > 1:06:53]
L-BFGS:  39%|███▊      | 387/1000 [1:45:06 > 1:07:04]
L-BFGS:  39%|███▉      | 388/1000 [1:44:34 > 1:07:14]
L-BFGS:  39%|███▉      | 389/1000 [1:44:06 > 1:07:24]
L-BFGS:  39%|███▉      | 390/1000 [1:45:20 > 1:07:35]
L-BFGS:  39%|███▉      | 391/1000 [1:46:15 > 1:07:45]
L-BFGS:  39%|███▉      | 392/1000 [1:46:52 > 1:07:56]
L-BFGS:  39%|███▉      | 393/1000 [1:46:02 > 1:08:06]
L-BFGS:  39%|███▉      | 394/1000 [1:46:35 > 1:08:17]
L-BFGS:  40%|███▉      | 395/1000 [1:45:41 > 1:08:27]
L-BFGS:  40%|███▉      | 396/1000 [1:45:06 > 1:08:38]
L-BFGS:  40%|███▉      | 397/1000 [1:44:34 > 1:08:48]
L-BFGS:  40%|███▉      | 398/1000 [1:44:11 > 1:08:58]
L-BFGS:  40%|███▉      | 399/1000 [1:43:52 > 1:09:09]
L-BFGS:  40%|████      | 400/1000 [1:44:38 > 1:09:19]
L-BFGS:  40%|████      | 401/1000 [1:44:50 > 1:09:30]
L-BFGS:  40%|████      | 402/1000 [1:43:39 > 1:09:40]
L-BFGS:  40%|████      | 403/1000 [1:43:58 > 1:09:51]
L-BFGS:  40%|████      | 404/1000 [1:42:56 > 1:10:01]
L-BFGS:  40%|████      | 405/1000 [1:42:15 > 1:10:11]
L-BFGS:  41%|████      | 406/1000 [1:41:35 > 1:10:21]
L-BFGS:  41%|████      | 407/1000 [1:42:25 > 1:10:32]
L-BFGS:  41%|████      | 408/1000 [1:42:55 > 1:10:42]
L-BFGS:  41%|████      | 409/1000 [1:43:12 > 1:10:53]
L-BFGS:  41%|████      | 410/1000 [1:43:20 > 1:11:04]
L-BFGS:  41%|████      | 411/1000 [1:43:18 > 1:11:14]
L-BFGS:  41%|████      | 412/1000 [1:43:19 > 1:11:25]
L-BFGS:  41%|████▏     | 413/1000 [1:42:01 > 1:11:35]
L-BFGS:  41%|████▏     | 414/1000 [1:41:10 > 1:11:45]
L-BFGS:  42%|████▏     | 415/1000 [1:41:38 > 1:11:56]
L-BFGS:  42%|████▏     | 416/1000 [1:40:41 > 1:12:06]
L-BFGS:  42%|████▏     | 417/1000 [1:41:11 > 1:12:16]
L-BFGS:  42%|████▏     | 418/1000 [1:40:16 > 1:12:27]
L-BFGS:  42%|████▏     | 419/1000 [1:41:08 > 1:12:37]
L-BFGS:  42%|████▏     | 420/1000 [1:41:52 > 1:12:48]
L-BFGS:  42%|████▏     | 421/1000 [1:42:18 > 1:12:59]
L-BFGS:  42%|████▏     | 422/1000 [1:41:22 > 1:13:09]
L-BFGS:  42%|████▏     | 423/1000 [1:41:49 > 1:13:20]
L-BFGS:  42%|████▏     | 424/1000 [1:40:49 > 1:13:30]
L-BFGS:  42%|████▎     | 425/1000 [1:41:17 > 1:13:41]
L-BFGS:  43%|████▎     | 426/1000 [1:40:25 > 1:13:51]
L-BFGS:  43%|████▎     | 427/1000 [1:40:54 > 1:14:02]
L-BFGS:  43%|████▎     | 428/1000 [1:40:05 > 1:14:12]
L-BFGS:  43%|████▎     | 429/1000 [1:40:24 > 1:14:23]
L-BFGS:  43%|████▎     | 430/1000 [1:39:13 > 1:14:33]
L-BFGS:  43%|████▎     | 431/1000 [1:38:15 > 1:14:43]
L-BFGS:  43%|████▎     | 432/1000 [1:38:41 > 1:14:54]
L-BFGS:  43%|████▎     | 433/1000 [1:39:01 > 1:15:05]
L-BFGS:  43%|████▎     | 434/1000 [1:39:07 > 1:15:15]
L-BFGS:  44%|████▎     | 435/1000 [1:39:06 > 1:15:26]
L-BFGS:  44%|████▎     | 436/1000 [1:37:52 > 1:15:36]
L-BFGS:  44%|████▎     | 437/1000 [1:38:09 > 1:15:46]
L-BFGS:  44%|████▍     | 438/1000 [1:38:17 > 1:15:57]
L-BFGS:  44%|████▍     | 439/1000 [1:37:13 > 1:16:07]
L-BFGS:  44%|████▍     | 440/1000 [1:36:23 > 1:16:17]
L-BFGS:  44%|████▍     | 441/1000 [1:36:55 > 1:16:28]
L-BFGS:  44%|████▍     | 442/1000 [1:36:07 > 1:16:38]
L-BFGS:  44%|████▍     | 443/1000 [1:35:25 > 1:16:48]
L-BFGS:  44%|████▍     | 444/1000 [1:36:01 > 1:16:59]
L-BFGS:  44%|████▍     | 445/1000 [1:35:17 > 1:17:09]
L-BFGS:  45%|████▍     | 446/1000 [1:34:44 > 1:17:19]
L-BFGS:  45%|████▍     | 447/1000 [1:34:20 > 1:17:29]
L-BFGS:  45%|████▍     | 448/1000 [1:35:25 > 1:17:40]
L-BFGS:  45%|████▍     | 449/1000 [1:35:06 > 1:17:50]
L-BFGS:  45%|████▌     | 450/1000 [1:35:58 > 1:18:01]
L-BFGS:  45%|████▌     | 451/1000 [1:36:30 > 1:18:12]
L-BFGS:  45%|████▌     | 452/1000 [1:35:41 > 1:18:22]
L-BFGS:  45%|████▌     | 453/1000 [1:36:14 > 1:18:33]
L-BFGS:  45%|████▌     | 454/1000 [1:36:38 > 1:18:44]
L-BFGS:  46%|████▌     | 455/1000 [1:35:38 > 1:18:54]
L-BFGS:  46%|████▌     | 456/1000 [1:36:04 > 1:19:05]
L-BFGS:  46%|████▌     | 457/1000 [1:35:07 > 1:19:15]
L-BFGS:  46%|████▌     | 458/1000 [1:35:28 > 1:19:26]
L-BFGS:  46%|████▌     | 459/1000 [1:34:13 > 1:19:36]
L-BFGS:  46%|████▌     | 460/1000 [1:34:20 > 1:19:46]
L-BFGS:  46%|████▌     | 461/1000 [1:34:22 > 1:19:57]
L-BFGS:  46%|████▌     | 462/1000 [1:33:15 > 1:20:07]
L-BFGS:  46%|████▋     | 463/1000 [1:32:23 > 1:20:17]
L-BFGS:  46%|████▋     | 464/1000 [1:31:48 > 1:20:27]
L-BFGS:  46%|████▋     | 465/1000 [1:31:19 > 1:20:38]
L-BFGS:  47%|████▋     | 466/1000 [1:32:02 > 1:20:48]
L-BFGS:  47%|████▋     | 467/1000 [1:32:28 > 1:20:59]
L-BFGS:  47%|████▋     | 468/1000 [1:31:39 > 1:21:09]
L-BFGS:  47%|████▋     | 469/1000 [1:32:05 > 1:21:19]
L-BFGS:  47%|████▋     | 470/1000 [1:32:22 > 1:21:30]
L-BFGS:  47%|████▋     | 471/1000 [1:32:28 > 1:21:41]
L-BFGS:  47%|████▋     | 472/1000 [1:31:28 > 1:21:51]
L-BFGS:  47%|████▋     | 473/1000 [1:31:45 > 1:22:01]
L-BFGS:  47%|████▋     | 474/1000 [1:31:52 > 1:22:12]
L-BFGS:  48%|████▊     | 475/1000 [1:30:53 > 1:22:22]
L-BFGS:  48%|████▊     | 476/1000 [1:30:10 > 1:22:32]
L-BFGS:  48%|████▊     | 477/1000 [1:29:45 > 1:22:42]
L-BFGS:  48%|████▊     | 478/1000 [1:30:41 > 1:22:53]
L-BFGS:  48%|████▊     | 479/1000 [1:31:19 > 1:23:04]
L-BFGS:  48%|████▊     | 480/1000 [1:31:39 > 1:23:15]
L-BFGS:  48%|████▊     | 481/1000 [1:30:49 > 1:23:25]
L-BFGS:  48%|████▊     | 482/1000 [1:30:08 > 1:23:35]
L-BFGS:  48%|████▊     | 483/1000 [1:30:43 > 1:23:46]
L-BFGS:  48%|████▊     | 484/1000 [1:30:51 > 1:23:57]
L-BFGS:  48%|████▊     | 485/1000 [1:29:39 > 1:24:07]
L-BFGS:  49%|████▊     | 486/1000 [1:29:04 > 1:24:17]
L-BFGS:  49%|████▊     | 487/1000 [1:28:27 > 1:24:27]
L-BFGS:  49%|████▉     | 488/1000 [1:28:05 > 1:24:38]
L-BFGS:  49%|████▉     | 489/1000 [1:27:43 > 1:24:48]
L-BFGS:  49%|████▉     | 490/1000 [1:27:22 > 1:24:58]
L-BFGS:  49%|████▉     | 491/1000 [1:28:00 > 1:25:09]
L-BFGS:  49%|████▉     | 492/1000 [1:28:27 > 1:25:19]
L-BFGS:  49%|████▉     | 493/1000 [1:27:44 > 1:25:30]
L-BFGS:  49%|████▉     | 494/1000 [1:28:09 > 1:25:40]
L-BFGS:  50%|████▉     | 495/1000 [1:27:20 > 1:25:50]
L-BFGS:  50%|████▉     | 496/1000 [1:27:42 > 1:26:01]
L-BFGS:  50%|████▉     | 497/1000 [1:27:59 > 1:26:12]
L-BFGS:  50%|████▉     | 498/1000 [1:28:03 > 1:26:22]
L-BFGS:  50%|████▉     | 499/1000 [1:28:04 > 1:26:33]
L-BFGS:  50%|█████     | 500/1000 [1:27:02 > 1:26:43]
L-BFGS:  50%|█████     | 501/1000 [1:27:19 > 1:26:54]
L-BFGS:  50%|█████     | 502/1000 [1:27:24 > 1:27:04]
L-BFGS:  50%|█████     | 503/1000 [1:27:25 > 1:27:15]
L-BFGS:  50%|█████     | 504/1000 [1:26:21 > 1:27:25]
L-BFGS:  50%|█████     | 505/1000 [1:26:33 > 1:27:36]
L-BFGS:  51%|█████     | 506/1000 [1:26:35 > 1:27:46]
L-BFGS:  51%|█████     | 507/1000 [1:26:34 > 1:27:57]
L-BFGS:  51%|█████     | 508/1000 [1:26:46 > 1:28:07]
L-BFGS:  51%|█████     | 509/1000 [1:26:55 > 1:28:18]
L-BFGS:  51%|█████     | 510/1000 [1:26:59 > 1:28:29]
L-BFGS:  51%|█████     | 511/1000 [1:26:57 > 1:28:40]
L-BFGS:  51%|█████     | 512/1000 [1:25:54 > 1:28:50]
L-BFGS:  51%|█████▏    | 513/1000 [1:26:10 > 1:29:01]
L-BFGS:  51%|█████▏    | 514/1000 [1:26:15 > 1:29:11]
L-BFGS:  52%|█████▏    | 515/1000 [1:25:18 > 1:29:22]
L-BFGS:  52%|█████▏    | 516/1000 [1:24:31 > 1:29:32]
L-BFGS:  52%|█████▏    | 517/1000 [1:24:59 > 1:29:43]
L-BFGS:  52%|█████▏    | 518/1000 [1:25:05 > 1:29:53]
L-BFGS:  52%|█████▏    | 519/1000 [1:23:52 > 1:30:04]
L-BFGS:  52%|█████▏    | 520/1000 [1:23:57 > 1:30:14]
L-BFGS:  52%|█████▏    | 521/1000 [1:23:56 > 1:30:25]
L-BFGS:  52%|█████▏    | 522/1000 [1:23:56 > 1:30:35]
L-BFGS:  52%|█████▏    | 523/1000 [1:23:51 > 1:30:46]
L-BFGS:  52%|█████▏    | 524/1000 [1:22:51 > 1:30:56]
L-BFGS:  52%|█████▎    | 525/1000 [1:22:01 > 1:31:06]
L-BFGS:  53%|█████▎    | 526/1000 [1:21:28 > 1:31:16]
L-BFGS:  53%|█████▎    | 527/1000 [1:21:53 > 1:31:27]
L-BFGS:  53%|█████▎    | 528/1000 [1:21:13 > 1:31:37]
L-BFGS:  53%|█████▎    | 529/1000 [1:20:40 > 1:31:47]
L-BFGS:  53%|█████▎    | 530/1000 [1:20:16 > 1:31:58]
L-BFGS:  53%|█████▎    | 531/1000 [1:19:53 > 1:32:08]
L-BFGS:  53%|█████▎    | 532/1000 [1:19:36 > 1:32:18]
L-BFGS:  53%|█████▎    | 533/1000 [1:20:19 > 1:32:28]
L-BFGS:  53%|█████▎    | 534/1000 [1:19:50 > 1:32:39]
L-BFGS:  54%|█████▎    | 535/1000 [1:20:20 > 1:32:49]
L-BFGS:  54%|█████▎    | 536/1000 [1:19:42 > 1:32:59]
L-BFGS:  54%|█████▎    | 537/1000 [1:19:28 > 1:33:10]
L-BFGS:  54%|█████▍    | 538/1000 [1:20:22 > 1:33:20]
L-BFGS:  54%|█████▍    | 539/1000 [1:19:54 > 1:33:31]
L-BFGS:  54%|█████▍    | 540/1000 [1:19:32 > 1:33:41]
L-BFGS:  54%|█████▍    | 541/1000 [1:20:09 > 1:33:52]
L-BFGS:  54%|█████▍    | 542/1000 [1:19:36 > 1:34:02]
L-BFGS:  54%|█████▍    | 543/1000 [1:19:11 > 1:34:12]
L-BFGS:  54%|█████▍    | 544/1000 [1:18:54 > 1:34:23]
L-BFGS:  55%|█████▍    | 545/1000 [1:18:33 > 1:34:33]
L-BFGS:  55%|█████▍    | 546/1000 [1:18:22 > 1:34:43]
L-BFGS:  55%|█████▍    | 547/1000 [1:18:06 > 1:34:54]
L-BFGS:  55%|█████▍    | 548/1000 [1:18:25 > 1:35:04]
L-BFGS:  55%|█████▍    | 549/1000 [1:17:43 > 1:35:14]
L-BFGS:  55%|█████▌    | 550/1000 [1:18:04 > 1:35:25]
L-BFGS:  55%|█████▌    | 551/1000 [1:17:20 > 1:35:35]
L-BFGS:  55%|█████▌    | 552/1000 [1:17:41 > 1:35:46]
L-BFGS:  55%|█████▌    | 553/1000 [1:16:59 > 1:35:56]
L-BFGS:  55%|█████▌    | 554/1000 [1:16:25 > 1:36:06]
L-BFGS:  56%|█████▌    | 555/1000 [1:16:54 > 1:36:17]
L-BFGS:  56%|█████▌    | 556/1000 [1:16:17 > 1:36:27]
L-BFGS:  56%|█████▌    | 557/1000 [1:16:43 > 1:36:37]
L-BFGS:  56%|█████▌    | 558/1000 [1:16:02 > 1:36:48]
L-BFGS:  56%|█████▌    | 559/1000 [1:15:34 > 1:36:58]
L-BFGS:  56%|█████▌    | 560/1000 [1:16:00 > 1:37:08]
L-BFGS:  56%|█████▌    | 561/1000 [1:15:23 > 1:37:18]
L-BFGS:  56%|█████▌    | 562/1000 [1:15:49 > 1:37:29]
L-BFGS:  56%|█████▋    | 563/1000 [1:16:03 > 1:37:40]
L-BFGS:  56%|█████▋    | 564/1000 [1:16:14 > 1:37:50]
L-BFGS:  56%|█████▋    | 565/1000 [1:15:20 > 1:38:00]
L-BFGS:  57%|█████▋    | 566/1000 [1:14:45 > 1:38:11]
L-BFGS:  57%|█████▋    | 567/1000 [1:15:28 > 1:38:21]
L-BFGS:  57%|█████▋    | 568/1000 [1:15:01 > 1:38:32]
L-BFGS:  57%|█████▋    | 569/1000 [1:14:35 > 1:38:42]
L-BFGS:  57%|█████▋    | 570/1000 [1:15:11 > 1:38:53]
L-BFGS:  57%|█████▋    | 571/1000 [1:14:38 > 1:39:03]
L-BFGS:  57%|█████▋    | 572/1000 [1:14:13 > 1:39:13]
L-BFGS:  57%|█████▋    | 573/1000 [1:13:52 > 1:39:24]
L-BFGS:  57%|█████▋    | 574/1000 [1:13:34 > 1:39:34]
L-BFGS:  57%|█████▊    | 575/1000 [1:14:12 > 1:39:45]
L-BFGS:  58%|█████▊    | 576/1000 [1:14:36 > 1:39:55]
L-BFGS:  58%|█████▊    | 577/1000 [1:13:42 > 1:40:06]
L-BFGS:  58%|█████▊    | 578/1000 [1:12:56 > 1:40:16]
L-BFGS:  58%|█████▊    | 579/1000 [1:12:20 > 1:40:26]
L-BFGS:  58%|█████▊    | 580/1000 [1:12:44 > 1:40:37]
L-BFGS:  58%|█████▊    | 581/1000 [1:12:05 > 1:40:47]
L-BFGS:  58%|█████▊    | 582/1000 [1:12:26 > 1:40:57]
L-BFGS:  58%|█████▊    | 583/1000 [1:12:39 > 1:41:08]
L-BFGS:  58%|█████▊    | 584/1000 [1:11:58 > 1:41:18]
L-BFGS:  58%|█████▊    | 585/1000 [1:11:26 > 1:41:28]
L-BFGS:  59%|█████▊    | 586/1000 [1:11:46 > 1:41:39]
L-BFGS:  59%|█████▊    | 587/1000 [1:11:08 > 1:41:49]
L-BFGS:  59%|█████▉    | 588/1000 [1:10:35 > 1:41:59]
L-BFGS:  59%|█████▉    | 589/1000 [1:10:13 > 1:42:09]
L-BFGS:  59%|█████▉    | 590/1000 [1:10:42 > 1:42:20]
L-BFGS:  59%|█████▉    | 591/1000 [1:10:14 > 1:42:30]
L-BFGS:  59%|█████▉    | 592/1000 [1:10:36 > 1:42:41]
L-BFGS:  59%|█████▉    | 593/1000 [1:09:58 > 1:42:51]
L-BFGS:  59%|█████▉    | 594/1000 [1:09:28 > 1:43:01]
L-BFGS:  60%|█████▉    | 595/1000 [1:09:53 > 1:43:12]
L-BFGS:  60%|█████▉    | 596/1000 [1:09:35 > 1:43:22]
L-BFGS:  60%|█████▉    | 597/1000 [1:09:28 > 1:43:32]
L-BFGS:  60%|█████▉    | 598/1000 [1:09:15 > 1:43:43]
L-BFGS:  60%|█████▉    | 599/1000 [1:09:54 > 1:43:53]
L-BFGS:  60%|██████    | 600/1000 [1:09:26 > 1:44:04]
L-BFGS:  60%|██████    | 601/1000 [1:09:05 > 1:44:14]
L-BFGS:  60%|██████    | 602/1000 [1:08:48 > 1:44:24]
L-BFGS:  60%|██████    | 603/1000 [1:08:30 > 1:44:35]
L-BFGS:  60%|██████    | 604/1000 [1:09:07 > 1:44:45]
L-BFGS:  60%|██████    | 605/1000 [1:08:37 > 1:44:56]
L-BFGS:  61%|██████    | 606/1000 [1:09:00 > 1:45:06]
L-BFGS:  61%|██████    | 607/1000 [1:08:10 > 1:45:17]
L-BFGS:  61%|██████    | 608/1000 [1:07:30 > 1:45:27]
L-BFGS:  61%|██████    | 609/1000 [1:07:52 > 1:45:37]
L-BFGS:  61%|██████    | 610/1000 [1:07:59 > 1:45:48]
L-BFGS:  61%|██████    | 611/1000 [1:07:16 > 1:45:58]
L-BFGS:  61%|██████    | 612/1000 [1:06:42 > 1:46:08]
L-BFGS:  61%|██████▏   | 613/1000 [1:06:15 > 1:46:18]
L-BFGS:  61%|██████▏   | 614/1000 [1:06:44 > 1:46:29]
L-BFGS:  62%|██████▏   | 615/1000 [1:06:07 > 1:46:39]
L-BFGS:  62%|██████▏   | 616/1000 [1:05:42 > 1:46:49]
L-BFGS:  62%|██████▏   | 617/1000 [1:05:21 > 1:47:00]
L-BFGS:  62%|██████▏   | 618/1000 [1:05:50 > 1:47:10]
L-BFGS:  62%|██████▏   | 619/1000 [1:06:10 > 1:47:21]
L-BFGS:  62%|██████▏   | 620/1000 [1:06:17 > 1:47:31]
L-BFGS:  62%|██████▏   | 621/1000 [1:05:33 > 1:47:42]
L-BFGS:  62%|██████▏   | 622/1000 [1:05:44 > 1:47:52]
L-BFGS:  62%|██████▏   | 623/1000 [1:05:51 > 1:48:03]
L-BFGS:  62%|██████▏   | 624/1000 [1:05:05 > 1:48:13]
L-BFGS:  62%|██████▎   | 625/1000 [1:04:38 > 1:48:23]
L-BFGS:  63%|██████▎   | 626/1000 [1:04:28 > 1:48:33]
L-BFGS:  63%|██████▎   | 627/1000 [1:05:03 > 1:48:44]
L-BFGS:  63%|██████▎   | 628/1000 [1:04:38 > 1:48:55]
L-BFGS:  63%|██████▎   | 629/1000 [1:04:17 > 1:49:05]
L-BFGS:  63%|██████▎   | 630/1000 [1:04:45 > 1:49:16]
L-BFGS:  63%|██████▎   | 631/1000 [1:04:18 > 1:49:26]
L-BFGS:  63%|██████▎   | 632/1000 [1:04:40 > 1:49:37]
L-BFGS:  63%|██████▎   | 633/1000 [1:04:50 > 1:49:47]
L-BFGS:  63%|██████▎   | 634/1000 [1:04:10 > 1:49:58]
L-BFGS:  64%|██████▎   | 635/1000 [1:03:36 > 1:50:08]
L-BFGS:  64%|██████▎   | 636/1000 [1:03:39 > 1:50:19]
L-BFGS:  64%|██████▎   | 637/1000 [1:02:54 > 1:50:29]
L-BFGS:  64%|██████▍   | 638/1000 [1:03:00 > 1:50:39]
L-BFGS:  64%|██████▍   | 639/1000 [1:03:04 > 1:50:50]
L-BFGS:  64%|██████▍   | 640/1000 [1:02:17 > 1:51:00]
L-BFGS:  64%|██████▍   | 641/1000 [1:01:42 > 1:51:10]
L-BFGS:  64%|██████▍   | 642/1000 [1:01:20 > 1:51:20]
L-BFGS:  64%|██████▍   | 643/1000 [1:01:45 > 1:51:31]
L-BFGS:  64%|██████▍   | 644/1000 [1:01:55 > 1:51:42]
L-BFGS:  64%|██████▍   | 645/1000 [1:01:16 > 1:51:52]
L-BFGS:  65%|██████▍   | 646/1000 [1:00:45 > 1:52:02]
L-BFGS:  65%|██████▍   | 647/1000 [1:00:22 > 1:52:12]
L-BFGS:  65%|██████▍   | 648/1000 [1:00:02 > 1:52:22]
L-BFGS:  65%|██████▍   | 649/1000 [59:43 > 1:52:32]  
L-BFGS:  65%|██████▌   | 650/1000 [59:27 > 1:52:43]
L-BFGS:  65%|██████▌   | 651/1000 [59:56 > 1:52:53]
L-BFGS:  65%|██████▌   | 652/1000 [1:00:15 > 1:53:04]
L-BFGS:  65%|██████▌   | 653/1000 [1:00:23 > 1:53:14]
L-BFGS:  65%|██████▌   | 654/1000 [1:00:34 > 1:53:25]
L-BFGS:  66%|██████▌   | 655/1000 [1:00:47 > 1:53:36]
L-BFGS:  66%|██████▌   | 656/1000 [1:00:09 > 1:53:46]
L-BFGS:  66%|██████▌   | 657/1000 [59:42 > 1:53:56]  
L-BFGS:  66%|██████▌   | 658/1000 [59:19 > 1:54:07]
L-BFGS:  66%|██████▌   | 659/1000 [59:42 > 1:54:17]
L-BFGS:  66%|██████▌   | 660/1000 [59:54 > 1:54:28]
L-BFGS:  66%|██████▌   | 661/1000 [59:18 > 1:54:38]
L-BFGS:  66%|██████▌   | 662/1000 [59:32 > 1:54:49]
L-BFGS:  66%|██████▋   | 663/1000 [59:39 > 1:55:00]
L-BFGS:  66%|██████▋   | 664/1000 [58:57 > 1:55:10]
L-BFGS:  66%|██████▋   | 665/1000 [58:13 > 1:55:20]
L-BFGS:  67%|██████▋   | 666/1000 [57:36 > 1:55:31]
L-BFGS:  67%|██████▋   | 667/1000 [57:46 > 1:55:41]
L-BFGS:  67%|██████▋   | 668/1000 [57:12 > 1:55:51]
L-BFGS:  67%|██████▋   | 669/1000 [57:26 > 1:56:02]
L-BFGS:  67%|██████▋   | 670/1000 [57:33 > 1:56:13]
L-BFGS:  67%|██████▋   | 671/1000 [56:53 > 1:56:23]
L-BFGS:  67%|██████▋   | 672/1000 [56:25 > 1:56:33]
L-BFGS:  67%|██████▋   | 673/1000 [56:04 > 1:56:43]
L-BFGS:  67%|██████▋   | 674/1000 [55:41 > 1:56:53]
L-BFGS:  68%|██████▊   | 675/1000 [56:02 > 1:57:04]
L-BFGS:  68%|██████▊   | 676/1000 [56:12 > 1:57:14]
L-BFGS:  68%|██████▊   | 677/1000 [55:36 > 1:57:25]
L-BFGS:  68%|██████▊   | 678/1000 [55:10 > 1:57:35]
L-BFGS:  68%|██████▊   | 679/1000 [55:28 > 1:57:45]
L-BFGS:  68%|██████▊   | 680/1000 [54:59 > 1:57:55]
L-BFGS:  68%|██████▊   | 681/1000 [54:36 > 1:58:06]
L-BFGS:  68%|██████▊   | 682/1000 [54:54 > 1:58:16]
L-BFGS:  68%|██████▊   | 683/1000 [54:31 > 1:58:26]
L-BFGS:  68%|██████▊   | 684/1000 [55:03 > 1:58:37]
L-BFGS:  68%|██████▊   | 685/1000 [55:22 > 1:58:48]
L-BFGS:  69%|██████▊   | 686/1000 [55:30 > 1:58:59]
L-BFGS:  69%|██████▊   | 687/1000 [55:32 > 1:59:09]
L-BFGS:  69%|██████▉   | 688/1000 [55:32 > 1:59:20]
L-BFGS:  69%|██████▉   | 689/1000 [54:49 > 1:59:31]
L-BFGS:  69%|██████▉   | 690/1000 [54:15 > 1:59:41]
L-BFGS:  69%|██████▉   | 691/1000 [53:49 > 1:59:51]
L-BFGS:  69%|██████▉   | 692/1000 [53:27 > 2:00:02]
L-BFGS:  69%|██████▉   | 693/1000 [53:46 > 2:00:12]
L-BFGS:  69%|██████▉   | 694/1000 [53:07 > 2:00:22]
L-BFGS:  70%|██████▉   | 695/1000 [52:32 > 2:00:33]
L-BFGS:  70%|██████▉   | 696/1000 [52:41 > 2:00:43]
L-BFGS:  70%|██████▉   | 697/1000 [52:09 > 2:00:53]
L-BFGS:  70%|██████▉   | 698/1000 [52:20 > 2:01:04]
L-BFGS:  70%|██████▉   | 699/1000 [52:29 > 2:01:14]
L-BFGS:  70%|███████   | 700/1000 [51:57 > 2:01:25]
L-BFGS:  70%|███████   | 701/1000 [52:04 > 2:01:35]
L-BFGS:  70%|███████   | 702/1000 [51:28 > 2:01:45]
L-BFGS:  70%|███████   | 703/1000 [51:01 > 2:01:56]
L-BFGS:  70%|███████   | 704/1000 [51:15 > 2:02:06]
L-BFGS:  70%|███████   | 705/1000 [51:21 > 2:02:17]
L-BFGS:  71%|███████   | 706/1000 [50:45 > 2:02:27]
L-BFGS:  71%|███████   | 707/1000 [50:17 > 2:02:37]
L-BFGS:  71%|███████   | 708/1000 [49:56 > 2:02:47]
L-BFGS:  71%|███████   | 709/1000 [50:12 > 2:02:58]
L-BFGS:  71%|███████   | 710/1000 [50:21 > 2:03:08]
L-BFGS:  71%|███████   | 711/1000 [50:23 > 2:03:19]
L-BFGS:  71%|███████   | 712/1000 [50:28 > 2:03:30]
L-BFGS:  71%|███████▏  | 713/1000 [50:03 > 2:03:40]
L-BFGS:  71%|███████▏  | 714/1000 [49:40 > 2:03:50]
L-BFGS:  72%|███████▏  | 715/1000 [49:54 > 2:04:01]
L-BFGS:  72%|███████▏  | 716/1000 [49:27 > 2:04:11]
L-BFGS:  72%|███████▏  | 717/1000 [49:05 > 2:04:22]
L-BFGS:  72%|███████▏  | 718/1000 [48:46 > 2:04:32]
L-BFGS:  72%|███████▏  | 719/1000 [48:32 > 2:04:42]
L-BFGS:  72%|███████▏  | 720/1000 [48:17 > 2:04:53]
L-BFGS:  72%|███████▏  | 721/1000 [48:04 > 2:05:03]
L-BFGS:  72%|███████▏  | 722/1000 [47:52 > 2:05:13]
L-BFGS:  72%|███████▏  | 723/1000 [48:06 > 2:05:24]
L-BFGS:  72%|███████▏  | 724/1000 [48:08 > 2:05:34]
L-BFGS:  72%|███████▎  | 725/1000 [48:06 > 2:05:45]
L-BFGS:  73%|███████▎  | 726/1000 [47:28 > 2:05:55]
L-BFGS:  73%|███████▎  | 727/1000 [46:57 > 2:06:05]
L-BFGS:  73%|███████▎  | 728/1000 [47:06 > 2:06:16]
L-BFGS:  73%|███████▎  | 729/1000 [46:39 > 2:06:26]
L-BFGS:  73%|███████▎  | 730/1000 [46:48 > 2:06:37]
L-BFGS:  73%|███████▎  | 731/1000 [46:51 > 2:06:47]
L-BFGS:  73%|███████▎  | 732/1000 [46:16 > 2:06:57]
L-BFGS:  73%|███████▎  | 733/1000 [45:49 > 2:07:07]
L-BFGS:  73%|███████▎  | 734/1000 [46:00 > 2:07:18]
L-BFGS:  74%|███████▎  | 735/1000 [46:06 > 2:07:29]
L-BFGS:  74%|███████▎  | 736/1000 [46:05 > 2:07:39]
L-BFGS:  74%|███████▎  | 737/1000 [45:30 > 2:07:49]
L-BFGS:  74%|███████▍  | 738/1000 [45:02 > 2:07:59]
L-BFGS:  74%|███████▍  | 739/1000 [45:11 > 2:08:10]
L-BFGS:  74%|███████▍  | 740/1000 [44:42 > 2:08:20]
L-BFGS:  74%|███████▍  | 741/1000 [44:55 > 2:08:31]
L-BFGS:  74%|███████▍  | 742/1000 [45:10 > 2:08:42]
L-BFGS:  74%|███████▍  | 743/1000 [45:17 > 2:08:52]
L-BFGS:  74%|███████▍  | 744/1000 [45:20 > 2:09:03]
L-BFGS:  74%|███████▍  | 745/1000 [45:16 > 2:09:14]
L-BFGS:  75%|███████▍  | 746/1000 [44:41 > 2:09:24]
L-BFGS:  75%|███████▍  | 747/1000 [44:14 > 2:09:34]
L-BFGS:  75%|███████▍  | 748/1000 [43:51 > 2:09:45]
L-BFGS:  75%|███████▍  | 749/1000 [43:30 > 2:09:55]
L-BFGS:  75%|███████▌  | 750/1000 [43:15 > 2:10:05]
L-BFGS:  75%|███████▌  | 751/1000 [43:00 > 2:10:16]
L-BFGS:  75%|███████▌  | 752/1000 [42:38 > 2:10:26]
L-BFGS:  75%|███████▌  | 753/1000 [42:48 > 2:10:36]
L-BFGS:  75%|███████▌  | 754/1000 [42:50 > 2:10:47]
L-BFGS:  76%|███████▌  | 755/1000 [42:49 > 2:10:58]
L-BFGS:  76%|███████▌  | 756/1000 [42:45 > 2:11:08]
L-BFGS:  76%|███████▌  | 757/1000 [42:39 > 2:11:19]
L-BFGS:  76%|███████▌  | 758/1000 [42:01 > 2:11:29]
L-BFGS:  76%|███████▌  | 759/1000 [42:02 > 2:11:40]
L-BFGS:  76%|███████▌  | 760/1000 [42:00 > 2:11:50]
L-BFGS:  76%|███████▌  | 761/1000 [41:54 > 2:12:01]
L-BFGS:  76%|███████▌  | 762/1000 [41:47 > 2:12:11]
L-BFGS:  76%|███████▋  | 763/1000 [41:10 > 2:12:21]
L-BFGS:  76%|███████▋  | 764/1000 [40:43 > 2:12:32]
L-BFGS:  76%|███████▋  | 765/1000 [40:47 > 2:12:42]
L-BFGS:  77%|███████▋  | 766/1000 [40:46 > 2:12:53]
L-BFGS:  77%|███████▋  | 767/1000 [40:44 > 2:13:03]
L-BFGS:  77%|███████▋  | 768/1000 [40:39 > 2:13:14]
L-BFGS:  77%|███████▋  | 769/1000 [40:04 > 2:13:24]
L-BFGS:  77%|███████▋  | 770/1000 [40:04 > 2:13:35]
L-BFGS:  77%|███████▋  | 771/1000 [39:45 > 2:13:45]
L-BFGS:  77%|███████▋  | 772/1000 [39:28 > 2:13:55]
L-BFGS:  77%|███████▋  | 773/1000 [39:41 > 2:14:06]
L-BFGS:  77%|███████▋  | 774/1000 [39:18 > 2:14:16]
L-BFGS:  78%|███████▊  | 775/1000 [39:00 > 2:14:27]
L-BFGS:  78%|███████▊  | 776/1000 [38:44 > 2:14:37]
L-BFGS:  78%|███████▊  | 777/1000 [32:31 > 2:14:42]
L-BFGS:  78%|███████▊  | 778/1000 [34:33 > 2:14:53]
L-BFGS:  78%|███████▊  | 779/1000 [35:58 > 2:15:03]
L-BFGS:  78%|███████▊  | 780/1000 [36:25 > 2:15:14]
L-BFGS:  78%|███████▊  | 781/1000 [36:42 > 2:15:24]
L-BFGS:  78%|███████▊  | 782/1000 [37:06 > 2:15:35]
L-BFGS:  78%|███████▊  | 783/1000 [37:19 > 2:15:45]
L-BFGS:  78%|███████▊  | 784/1000 [36:59 > 2:15:55]
L-BFGS:  78%|███████▊  | 785/1000 [37:08 > 2:16:06]
L-BFGS:  79%|███████▊  | 786/1000 [37:11 > 2:16:16]
L-BFGS:  79%|███████▊  | 787/1000 [37:12 > 2:16:27]
L-BFGS:  79%|███████▉  | 788/1000 [36:41 > 2:16:37]
L-BFGS:  79%|███████▉  | 789/1000 [36:18 > 2:16:47]
L-BFGS:  79%|███████▉  | 790/1000 [35:58 > 2:16:58]
L-BFGS:  79%|███████▉  | 791/1000 [36:05 > 2:17:08]
L-BFGS:  79%|███████▉  | 792/1000 [35:42 > 2:17:18]
L-BFGS:  79%|███████▉  | 793/1000 [35:25 > 2:17:28]
L-BFGS:  79%|███████▉  | 794/1000 [35:33 > 2:17:39]
L-BFGS:  80%|███████▉  | 795/1000 [35:36 > 2:17:50]
L-BFGS:  80%|███████▉  | 796/1000 [35:34 > 2:18:00]
L-BFGS:  80%|███████▉  | 797/1000 [35:05 > 2:18:10]
L-BFGS:  80%|███████▉  | 798/1000 [35:07 > 2:18:21]
L-BFGS:  80%|███████▉  | 799/1000 [34:41 > 2:18:31]
L-BFGS:  80%|████████  | 800/1000 [34:22 > 2:18:41]
L-BFGS:  80%|████████  | 801/1000 [34:37 > 2:18:52]
L-BFGS:  80%|████████  | 802/1000 [34:44 > 2:19:03]
L-BFGS:  80%|████████  | 803/1000 [34:20 > 2:19:13]
L-BFGS:  80%|████████  | 804/1000 [34:02 > 2:19:23]
L-BFGS:  80%|████████  | 805/1000 [34:08 > 2:19:34]
L-BFGS:  81%|████████  | 806/1000 [33:47 > 2:19:44]
L-BFGS:  81%|████████  | 807/1000 [33:28 > 2:19:55]
L-BFGS:  81%|████████  | 808/1000 [33:17 > 2:20:05]
L-BFGS:  81%|████████  | 809/1000 [33:02 > 2:20:15]
L-BFGS:  81%|████████  | 810/1000 [33:12 > 2:20:26]
L-BFGS:  81%|████████  | 811/1000 [32:44 > 2:20:36]
L-BFGS:  81%|████████  | 812/1000 [32:43 > 2:20:47]
L-BFGS:  81%|████████▏ | 813/1000 [32:41 > 2:20:58]
L-BFGS:  81%|████████▏ | 814/1000 [32:36 > 2:21:08]
L-BFGS:  82%|████████▏ | 815/1000 [32:28 > 2:21:19]
L-BFGS:  82%|████████▏ | 816/1000 [31:58 > 2:21:29]
L-BFGS:  82%|████████▏ | 817/1000 [31:35 > 2:21:39]
L-BFGS:  82%|████████▏ | 818/1000 [31:14 > 2:21:49]
L-BFGS:  82%|████████▏ | 819/1000 [31:21 > 2:22:00]
L-BFGS:  82%|████████▏ | 820/1000 [31:23 > 2:22:10]
L-BFGS:  82%|████████▏ | 821/1000 [31:19 > 2:22:21]
L-BFGS:  82%|████████▏ | 822/1000 [31:14 > 2:22:32]
L-BFGS:  82%|████████▏ | 823/1000 [31:06 > 2:22:42]
L-BFGS:  82%|████████▏ | 824/1000 [30:36 > 2:22:52]
L-BFGS:  82%|████████▎ | 825/1000 [30:33 > 2:23:03]
L-BFGS:  83%|████████▎ | 826/1000 [30:27 > 2:23:14]
L-BFGS:  83%|████████▎ | 827/1000 [30:00 > 2:23:24]
L-BFGS:  83%|████████▎ | 828/1000 [29:37 > 2:23:34]
L-BFGS:  83%|████████▎ | 829/1000 [29:23 > 2:23:44]
L-BFGS:  83%|████████▎ | 830/1000 [29:14 > 2:23:55]
L-BFGS:  83%|████████▎ | 831/1000 [29:04 > 2:24:05]
L-BFGS:  83%|████████▎ | 832/1000 [28:54 > 2:24:15]
L-BFGS:  83%|████████▎ | 833/1000 [28:44 > 2:24:25]
L-BFGS:  83%|████████▎ | 834/1000 [28:33 > 2:24:36]
L-BFGS:  84%|████████▎ | 835/1000 [28:24 > 2:24:46]
L-BFGS:  84%|████████▎ | 836/1000 [28:14 > 2:24:56]
L-BFGS:  84%|████████▎ | 837/1000 [28:23 > 2:25:07]
L-BFGS:  84%|████████▍ | 838/1000 [28:26 > 2:25:18]
L-BFGS:  84%|████████▍ | 839/1000 [28:23 > 2:25:29]
L-BFGS:  84%|████████▍ | 840/1000 [28:12 > 2:25:39]
L-BFGS:  84%|████████▍ | 841/1000 [28:01 > 2:25:50]
L-BFGS:  84%|████████▍ | 842/1000 [27:50 > 2:26:00]
L-BFGS:  84%|████████▍ | 843/1000 [27:40 > 2:26:11]
L-BFGS:  84%|████████▍ | 844/1000 [27:11 > 2:26:21]
L-BFGS:  84%|████████▍ | 845/1000 [27:05 > 2:26:32]
L-BFGS:  85%|████████▍ | 846/1000 [26:40 > 2:26:42]
L-BFGS:  85%|████████▍ | 847/1000 [26:38 > 2:26:52]
L-BFGS:  85%|████████▍ | 848/1000 [26:15 > 2:27:03]
L-BFGS:  85%|████████▍ | 849/1000 [25:56 > 2:27:13]
L-BFGS:  85%|████████▌ | 850/1000 [25:40 > 2:27:23]
L-BFGS:  85%|████████▌ | 851/1000 [25:25 > 2:27:33]
L-BFGS:  85%|████████▌ | 852/1000 [25:11 > 2:27:43]
L-BFGS:  85%|████████▌ | 853/1000 [24:59 > 2:27:53]
L-BFGS:  85%|████████▌ | 854/1000 [24:47 > 2:28:04]
L-BFGS:  86%|████████▌ | 855/1000 [24:36 > 2:28:14]
L-BFGS:  86%|████████▌ | 856/1000 [24:24 > 2:28:24]
L-BFGS:  86%|████████▌ | 857/1000 [24:15 > 2:28:34]
L-BFGS:  86%|████████▌ | 858/1000 [24:07 > 2:28:44]
L-BFGS:  86%|████████▌ | 859/1000 [24:19 > 2:28:55]
L-BFGS:  86%|████████▌ | 860/1000 [24:08 > 2:29:05]
L-BFGS:  86%|████████▌ | 861/1000 [24:14 > 2:29:16]
L-BFGS:  86%|████████▌ | 862/1000 [23:57 > 2:29:26]
L-BFGS:  86%|████████▋ | 863/1000 [23:43 > 2:29:37]
L-BFGS:  86%|████████▋ | 864/1000 [23:46 > 2:29:47]
L-BFGS:  86%|████████▋ | 865/1000 [23:45 > 2:29:58]
L-BFGS:  87%|████████▋ | 866/1000 [23:25 > 2:30:09]
L-BFGS:  87%|████████▋ | 867/1000 [23:25 > 2:30:19]
L-BFGS:  87%|████████▋ | 868/1000 [23:21 > 2:30:30]
L-BFGS:  87%|████████▋ | 869/1000 [22:53 > 2:30:40]
L-BFGS:  87%|████████▋ | 870/1000 [22:46 > 2:30:51]
L-BFGS:  87%|████████▋ | 871/1000 [22:22 > 2:31:01]
L-BFGS:  87%|████████▋ | 872/1000 [22:18 > 2:31:11]
L-BFGS:  87%|████████▋ | 873/1000 [21:58 > 2:31:22]
L-BFGS:  87%|████████▋ | 874/1000 [21:56 > 2:31:32]
L-BFGS:  88%|████████▊ | 875/1000 [21:35 > 2:31:42]
L-BFGS:  88%|████████▊ | 876/1000 [21:32 > 2:31:53]
L-BFGS:  88%|████████▊ | 877/1000 [21:11 > 2:32:03]
L-BFGS:  88%|████████▊ | 878/1000 [21:09 > 2:32:14]
L-BFGS:  88%|████████▊ | 879/1000 [20:50 > 2:32:24]
L-BFGS:  88%|████████▊ | 880/1000 [20:49 > 2:32:34]
L-BFGS:  88%|████████▊ | 881/1000 [20:44 > 2:32:45]
L-BFGS:  88%|████████▊ | 882/1000 [20:24 > 2:32:55]
L-BFGS:  88%|████████▊ | 883/1000 [20:06 > 2:33:05]
L-BFGS:  88%|████████▊ | 884/1000 [19:50 > 2:33:16]
L-BFGS:  88%|████████▊ | 885/1000 [19:50 > 2:33:26]
L-BFGS:  89%|████████▊ | 886/1000 [19:33 > 2:33:36]
L-BFGS:  89%|████████▊ | 887/1000 [19:20 > 2:33:46]
L-BFGS:  89%|████████▉ | 888/1000 [19:10 > 2:33:57]
L-BFGS:  89%|████████▉ | 889/1000 [19:01 > 2:34:07]
L-BFGS:  89%|████████▉ | 890/1000 [18:52 > 2:34:17]
L-BFGS:  89%|████████▉ | 891/1000 [18:56 > 2:34:28]
L-BFGS:  89%|████████▉ | 892/1000 [18:55 > 2:34:39]
L-BFGS:  89%|████████▉ | 893/1000 [18:37 > 2:34:49]
L-BFGS:  89%|████████▉ | 894/1000 [18:23 > 2:34:59]
L-BFGS:  90%|████████▉ | 895/1000 [18:10 > 2:35:10]
L-BFGS:  90%|████████▉ | 896/1000 [18:10 > 2:35:20]
L-BFGS:  90%|████████▉ | 897/1000 [17:54 > 2:35:31]
L-BFGS:  90%|████████▉ | 898/1000 [17:50 > 2:35:41]
L-BFGS:  90%|████████▉ | 899/1000 [17:29 > 2:35:52]
L-BFGS:  90%|█████████ | 900/1000 [17:24 > 2:36:02]
L-BFGS:  90%|█████████ | 901/1000 [17:06 > 2:36:12]
L-BFGS:  90%|█████████ | 902/1000 [16:49 > 2:36:23]
L-BFGS:  90%|█████████ | 903/1000 [16:47 > 2:36:33]
L-BFGS:  90%|█████████ | 904/1000 [16:43 > 2:36:44]
L-BFGS:  90%|█████████ | 905/1000 [16:24 > 2:36:54]
L-BFGS:  91%|█████████ | 906/1000 [16:08 > 2:37:04]
L-BFGS:  91%|█████████ | 907/1000 [16:05 > 2:37:15]
L-BFGS:  91%|█████████ | 908/1000 [15:48 > 2:37:25]
L-BFGS:  91%|█████████ | 909/1000 [15:45 > 2:37:35]
L-BFGS:  91%|█████████ | 910/1000 [15:28 > 2:37:45]
L-BFGS:  91%|█████████ | 911/1000 [15:25 > 2:37:56]
L-BFGS:  91%|█████████ | 912/1000 [15:09 > 2:38:06]
L-BFGS:  91%|█████████▏| 913/1000 [15:05 > 2:38:17]
L-BFGS:  91%|█████████▏| 914/1000 [14:48 > 2:38:27]
L-BFGS:  92%|█████████▏| 915/1000 [12:39 > 2:38:33]
L-BFGS:  92%|█████████▏| 916/1000 [13:01 > 2:38:43]
L-BFGS:  92%|█████████▏| 917/1000 [13:24 > 2:38:53]
L-BFGS:  92%|█████████▏| 918/1000 [13:30 > 2:39:04]
L-BFGS:  92%|█████████▏| 919/1000 [13:41 > 2:39:14]
L-BFGS:  92%|█████████▏| 920/1000 [13:35 > 2:39:25]
L-BFGS:  92%|█████████▏| 921/1000 [13:38 > 2:39:36]
L-BFGS:  92%|█████████▏| 922/1000 [13:37 > 2:39:46]
L-BFGS:  92%|█████████▏| 923/1000 [13:32 > 2:39:57]
L-BFGS:  92%|█████████▏| 924/1000 [13:16 > 2:40:07]
L-BFGS:  92%|█████████▎| 925/1000 [13:03 > 2:40:18]
L-BFGS:  93%|█████████▎| 926/1000 [12:49 > 2:40:28]
L-BFGS:  93%|█████████▎| 927/1000 [12:37 > 2:40:38]
L-BFGS:  93%|█████████▎| 928/1000 [12:24 > 2:40:49]
L-BFGS:  93%|█████████▎| 929/1000 [12:10 > 2:40:59]
L-BFGS:  93%|█████████▎| 930/1000 [11:57 > 2:41:09]
L-BFGS:  93%|█████████▎| 931/1000 [11:45 > 2:41:19]
L-BFGS:  93%|█████████▎| 932/1000 [11:42 > 2:41:30]
L-BFGS:  93%|█████████▎| 933/1000 [11:28 > 2:41:40]
L-BFGS:  93%|█████████▎| 934/1000 [11:16 > 2:41:50]
L-BFGS:  94%|█████████▎| 935/1000 [11:12 > 2:42:01]
L-BFGS:  94%|█████████▎| 936/1000 [10:59 > 2:42:11]
L-BFGS:  94%|█████████▎| 937/1000 [10:46 > 2:42:21]
L-BFGS:  94%|█████████▍| 938/1000 [10:41 > 2:42:31]
L-BFGS:  94%|█████████▍| 939/1000 [10:28 > 2:42:42]
L-BFGS:  94%|█████████▍| 940/1000 [10:15 > 2:42:52]
L-BFGS:  94%|█████████▍| 941/1000 [10:10 > 2:43:02]
L-BFGS:  94%|█████████▍| 942/1000 [09:57 > 2:43:13]
L-BFGS:  94%|█████████▍| 943/1000 [09:45 > 2:43:23]
L-BFGS:  94%|█████████▍| 944/1000 [09:39 > 2:43:33]
L-BFGS:  94%|█████████▍| 945/1000 [09:33 > 2:43:44]
L-BFGS:  95%|█████████▍| 946/1000 [09:18 > 2:43:54]
L-BFGS:  95%|█████████▍| 947/1000 [09:07 > 2:44:04]
L-BFGS:  95%|█████████▍| 948/1000 [09:04 > 2:44:15]
L-BFGS:  95%|█████████▍| 949/1000 [08:51 > 2:44:25]
L-BFGS:  95%|█████████▌| 950/1000 [08:39 > 2:44:36]
L-BFGS:  95%|█████████▌| 951/1000 [08:34 > 2:44:46]
L-BFGS:  95%|█████████▌| 952/1000 [08:21 > 2:44:57]
L-BFGS:  95%|█████████▌| 953/1000 [08:14 > 2:45:08]
L-BFGS:  95%|█████████▌| 954/1000 [08:07 > 2:45:18]
L-BFGS:  96%|█████████▌| 955/1000 [07:58 > 2:45:29]
L-BFGS:  96%|█████████▌| 956/1000 [07:48 > 2:45:40]
L-BFGS:  96%|█████████▌| 957/1000 [07:33 > 2:45:50]
L-BFGS:  96%|█████████▌| 958/1000 [07:18 > 2:46:00]
L-BFGS:  96%|█████████▌| 959/1000 [07:09 > 2:46:11]
L-BFGS:  96%|█████████▌| 960/1000 [07:00 > 2:46:21]
L-BFGS:  96%|█████████▌| 961/1000 [06:45 > 2:46:31]
L-BFGS:  96%|█████████▌| 962/1000 [06:32 > 2:46:42]
L-BFGS:  96%|█████████▋| 963/1000 [06:24 > 2:46:52]
L-BFGS:  96%|█████████▋| 964/1000 [06:16 > 2:47:03]
L-BFGS:  96%|█████████▋| 965/1000 [06:02 > 2:47:13]
L-BFGS:  97%|█████████▋| 966/1000 [05:54 > 2:47:24]
L-BFGS:  97%|█████████▋| 967/1000 [05:45 > 2:47:34]
L-BFGS:  97%|█████████▋| 968/1000 [05:32 > 2:47:44]
L-BFGS:  97%|█████████▋| 969/1000 [05:20 > 2:47:54]
L-BFGS:  97%|█████████▋| 970/1000 [05:11 > 2:48:05]
L-BFGS:  97%|█████████▋| 971/1000 [04:59 > 2:48:15]
L-BFGS:  97%|█████████▋| 972/1000 [04:51 > 2:48:26]
L-BFGS:  97%|█████████▋| 973/1000 [04:42 > 2:48:36]
L-BFGS:  97%|█████████▋| 974/1000 [04:32 > 2:48:47]
L-BFGS:  98%|█████████▊| 975/1000 [04:23 > 2:48:58]
L-BFGS:  98%|█████████▊| 976/1000 [04:10 > 2:49:08]
L-BFGS:  98%|█████████▊| 977/1000 [03:59 > 2:49:18]
L-BFGS:  98%|█████████▊| 978/1000 [03:51 > 2:49:29]
L-BFGS:  98%|█████████▊| 979/1000 [03:39 > 2:49:39]
L-BFGS:  98%|█████████▊| 980/1000 [03:30 > 2:49:50]
L-BFGS:  98%|█████████▊| 981/1000 [03:18 > 2:50:00]
L-BFGS:  98%|█████████▊| 982/1000 [03:09 > 2:50:11]
L-BFGS:  98%|█████████▊| 983/1000 [02:58 > 2:50:21]
L-BFGS:  98%|█████████▊| 984/1000 [02:46 > 2:50:32]
L-BFGS:  98%|█████████▊| 985/1000 [02:35 > 2:50:42]
L-BFGS:  99%|█████████▊| 986/1000 [02:26 > 2:50:53]
L-BFGS:  99%|█████████▊| 987/1000 [02:15 > 2:51:03]
L-BFGS:  99%|█████████▉| 988/1000 [02:04 > 2:51:13]
L-BFGS:  99%|█████████▉| 989/1000 [01:54 > 2:51:24]
L-BFGS:  99%|█████████▉| 990/1000 [01:44 > 2:51:34]
L-BFGS:  99%|█████████▉| 991/1000 [01:32 > 2:51:44]
L-BFGS:  99%|█████████▉| 992/1000 [01:21 > 2:51:54]
L-BFGS:  99%|█████████▉| 993/1000 [01:11 > 2:52:04]
L-BFGS:  99%|█████████▉| 994/1000 [01:01 > 2:52:15]
L-BFGS: 100%|█████████▉| 995/1000 [00:51 > 2:52:25]
L-BFGS: 100%|█████████▉| 996/1000 [00:40 > 2:52:35]
L-BFGS: 100%|█████████▉| 997/1000 [00:31 > 2:52:46]
L-BFGS: 100%|█████████▉| 998/1000 [00:20 > 2:52:56]
L-BFGS: 100%|█████████▉| 999/1000 [00:10 > 2:53:06]
L-BFGS: 100%|██████████| 1000/1000 [00:00 > 2:53:17]
L-BFGS: 100%|██████████| 1000/1000 [00:00 > 2:53:17]
Training saved: C:\Ali Computation\pinn\code\heterogeneous\pino_heterogeneous\results\exp_Tc_piecewise_K200_N100_z4_min10pct_w64_float64_lbfgs1000_maxiter20\pino_heterogeneous_concentration.png C:\Ali Computation\pinn\code\heterogeneous\pino_heterogeneous\results\exp_Tc_piecewise_K200_N100_z4_min10pct_w64_float64_lbfgs1000_maxiter20\pino_heterogeneous_loss.png C:\Ali Computation\pinn\code\heterogeneous\pino_heterogeneous\results\exp_Tc_piecewise_K200_N100_z4_min10pct_w64_float64_lbfgs1000_maxiter20\pino_heterogeneous_model.pt
COMSOL validation: 81 media -> C:\Ali Computation\pinn\code\heterogeneous\pino_heterogeneous\results\exp_Tc_piecewise_K200_N100_z4_min10pct_w64_float64_lbfgs1000_maxiter20\comsol_validation  (x* collocation n=86)

COMSOL vs PINO:   0%|          | 0/81 [00:00<?, ?it/s]
COMSOL vs PINO:   1%|          | 1/81 [00:01<01:22,  1.03s/it]
COMSOL vs PINO:   2%|▏         | 2/81 [00:02<01:21,  1.03s/it]
COMSOL vs PINO:   4%|▎         | 3/81 [00:03<01:20,  1.03s/it]
COMSOL vs PINO:   5%|▍         | 4/81 [00:04<01:18,  1.03s/it]
COMSOL vs PINO:   6%|▌         | 5/81 [00:05<01:24,  1.11s/it]
COMSOL vs PINO:   7%|▋         | 6/81 [00:06<01:20,  1.08s/it]
COMSOL vs PINO:   9%|▊         | 7/81 [00:07<01:18,  1.06s/it]
COMSOL vs PINO:  10%|▉         | 8/81 [00:08<01:17,  1.06s/it]
COMSOL vs PINO:  11%|█         | 9/81 [00:09<01:15,  1.05s/it]
COMSOL vs PINO:  12%|█▏        | 10/81 [00:10<01:14,  1.05s/it]
COMSOL vs PINO:  14%|█▎        | 11/81 [00:11<01:13,  1.05s/it]
COMSOL vs PINO:  15%|█▍        | 12/81 [00:12<01:12,  1.05s/it]
COMSOL vs PINO:  16%|█▌        | 13/81 [00:13<01:11,  1.05s/it]
COMSOL vs PINO:  17%|█▋        | 14/81 [00:14<01:10,  1.05s/it]
COMSOL vs PINO:  19%|█▊        | 15/81 [00:15<01:08,  1.04s/it]
COMSOL vs PINO:  20%|█▉        | 16/81 [00:16<01:07,  1.04s/it]
COMSOL vs PINO:  21%|██        | 17/81 [00:17<01:06,  1.04s/it]
COMSOL vs PINO:  22%|██▏       | 18/81 [00:18<01:05,  1.04s/it]
COMSOL vs PINO:  23%|██▎       | 19/81 [00:19<01:04,  1.04s/it]
COMSOL vs PINO:  25%|██▍       | 20/81 [00:21<01:09,  1.14s/it]
COMSOL vs PINO:  26%|██▌       | 21/81 [00:22<01:06,  1.11s/it]
COMSOL vs PINO:  27%|██▋       | 22/81 [00:23<01:04,  1.09s/it]
COMSOL vs PINO:  28%|██▊       | 23/81 [00:24<01:03,  1.09s/it]
COMSOL vs PINO:  30%|██▉       | 24/81 [00:25<01:01,  1.08s/it]
COMSOL vs PINO:  31%|███       | 25/81 [00:26<00:59,  1.07s/it]
COMSOL vs PINO:  32%|███▏      | 26/81 [00:27<00:58,  1.06s/it]
COMSOL vs PINO:  33%|███▎      | 27/81 [00:28<00:57,  1.06s/it]
COMSOL vs PINO:  35%|███▍      | 28/81 [00:29<00:55,  1.05s/it]
COMSOL vs PINO:  36%|███▌      | 29/81 [00:30<00:54,  1.05s/it]
COMSOL vs PINO:  37%|███▋      | 30/81 [00:31<00:53,  1.05s/it]
COMSOL vs PINO:  38%|███▊      | 31/81 [00:32<00:52,  1.05s/it]
COMSOL vs PINO:  40%|███▉      | 32/81 [00:33<00:51,  1.04s/it]
COMSOL vs PINO:  41%|████      | 33/81 [00:35<00:54,  1.13s/it]
COMSOL vs PINO:  42%|████▏     | 34/81 [00:36<00:51,  1.10s/it]
COMSOL vs PINO:  43%|████▎     | 35/81 [00:37<00:50,  1.09s/it]
COMSOL vs PINO:  44%|████▍     | 36/81 [00:38<00:48,  1.08s/it]
COMSOL vs PINO:  46%|████▌     | 37/81 [00:39<00:46,  1.07s/it]
COMSOL vs PINO:  47%|████▋     | 38/81 [00:40<00:45,  1.05s/it]
COMSOL vs PINO:  48%|████▊     | 39/81 [00:41<00:44,  1.05s/it]
COMSOL vs PINO:  49%|████▉     | 40/81 [00:42<00:43,  1.05s/it]
COMSOL vs PINO:  51%|█████     | 41/81 [00:43<00:41,  1.04s/it]
COMSOL vs PINO:  52%|█████▏    | 42/81 [00:44<00:40,  1.04s/it]
COMSOL vs PINO:  53%|█████▎    | 43/81 [00:45<00:39,  1.04s/it]
COMSOL vs PINO:  54%|█████▍    | 44/81 [00:46<00:38,  1.04s/it]
COMSOL vs PINO:  56%|█████▌    | 45/81 [00:47<00:37,  1.03s/it]
COMSOL vs PINO:  57%|█████▋    | 46/81 [00:48<00:36,  1.04s/it]
COMSOL vs PINO:  58%|█████▊    | 47/81 [00:49<00:35,  1.04s/it]
COMSOL vs PINO:  59%|█████▉    | 48/81 [00:51<00:37,  1.13s/it]
COMSOL vs PINO:  60%|██████    | 49/81 [00:52<00:35,  1.10s/it]
COMSOL vs PINO:  62%|██████▏   | 50/81 [00:53<00:33,  1.08s/it]
COMSOL vs PINO:  63%|██████▎   | 51/81 [00:54<00:32,  1.08s/it]
COMSOL vs PINO:  64%|██████▍   | 52/81 [00:55<00:31,  1.07s/it]
COMSOL vs PINO:  65%|██████▌   | 53/81 [00:56<00:29,  1.06s/it]
COMSOL vs PINO:  67%|██████▋   | 54/81 [00:57<00:28,  1.06s/it]
COMSOL vs PINO:  68%|██████▊   | 55/81 [00:58<00:27,  1.07s/it]
COMSOL vs PINO:  69%|██████▉   | 56/81 [00:59<00:26,  1.06s/it]
COMSOL vs PINO:  70%|███████   | 57/81 [01:00<00:25,  1.05s/it]
COMSOL vs PINO:  72%|███████▏  | 58/81 [01:01<00:24,  1.05s/it]
COMSOL vs PINO:  73%|███████▎  | 59/81 [01:02<00:23,  1.05s/it]
COMSOL vs PINO:  74%|███████▍  | 60/81 [01:03<00:22,  1.05s/it]
COMSOL vs PINO:  75%|███████▌  | 61/81 [01:04<00:20,  1.05s/it]
COMSOL vs PINO:  77%|███████▋  | 62/81 [01:05<00:19,  1.05s/it]
COMSOL vs PINO:  78%|███████▊  | 63/81 [01:07<00:20,  1.16s/it]
COMSOL vs PINO:  79%|███████▉  | 64/81 [01:08<00:19,  1.14s/it]
COMSOL vs PINO:  80%|████████  | 65/81 [01:09<00:17,  1.11s/it]
COMSOL vs PINO:  81%|████████▏ | 66/81 [01:10<00:16,  1.09s/it]
COMSOL vs PINO:  83%|████████▎ | 67/81 [01:11<00:15,  1.08s/it]
COMSOL vs PINO:  84%|████████▍ | 68/81 [01:12<00:13,  1.07s/it]
COMSOL vs PINO:  85%|████████▌ | 69/81 [01:13<00:12,  1.06s/it]
COMSOL vs PINO:  86%|████████▋ | 70/81 [01:14<00:11,  1.06s/it]
COMSOL vs PINO:  88%|████████▊ | 71/81 [01:15<00:10,  1.06s/it]
COMSOL vs PINO:  89%|████████▉ | 72/81 [01:16<00:09,  1.05s/it]
COMSOL vs PINO:  90%|█████████ | 73/81 [01:17<00:08,  1.05s/it]
COMSOL vs PINO:  91%|█████████▏| 74/81 [01:18<00:07,  1.05s/it]
COMSOL vs PINO:  93%|█████████▎| 75/81 [01:19<00:06,  1.05s/it]
COMSOL vs PINO:  94%|█████████▍| 76/81 [01:21<00:05,  1.14s/it]
COMSOL vs PINO:  95%|█████████▌| 77/81 [01:22<00:04,  1.11s/it]
COMSOL vs PINO:  96%|█████████▋| 78/81 [01:23<00:03,  1.09s/it]
COMSOL vs PINO:  98%|█████████▊| 79/81 [01:24<00:02,  1.08s/it]
COMSOL vs PINO:  99%|█████████▉| 80/81 [01:25<00:01,  1.07s/it]
COMSOL vs PINO: 100%|██████████| 81/81 [01:26<00:00,  1.06s/it]
COMSOL vs PINO: 100%|██████████| 81/81 [01:26<00:00,  1.07s/it]
COMSOL validation summary: n=81  mean=5.049915e-02  max=1.705651e-01  min=1.514420e-02
Wrote C:\Ali Computation\pinn\code\heterogeneous\pino_heterogeneous\results\exp_Tc_piecewise_K200_N100_z4_min10pct_w64_float64_lbfgs1000_maxiter20\comsol_validation\comsol_validation_summary.csv
Run metadata: C:\Ali Computation\pinn\code\heterogeneous\pino_heterogeneous\results\exp_Tc_piecewise_K200_N100_z4_min10pct_w64_float64_lbfgs1000_maxiter20\run_meta.json
Wall-clock train: 10399.7 s
Wall-clock validation: 86.4 s
Wall-clock total: 10494.8 s  device=cuda

# exit 0 after 2:55:07.057273
