# code/heterogeneous/pino_heterogeneous/pinn1d_heterogeneous_parametric_neural_operator.py --design grf --n-sensors 100 --n-grf 0 --n-piecewise-per-zones 100 --piecewise-zone-counts 1,2,3,4,5 --min-zone-frac 0.1 --arch w64 --dtype float64 --early-stop-patience 150 --adam-epochs 1000 --lr-adam 0.25 --lr-lbfgs 0.1 --lbfgs-max-iter 5 --epochs 250 --out-dir results/exp_R_piecewise_K100_N500_adam1000_lr025_lbfgs250_maxiter5_float64
# started 2026-06-23 12:10:40
# cwd C:\Ali Computation\pinn\code\heterogeneous\pino_heterogeneous

Using GPU: NVIDIA GeForce RTX 3090 (cuda:0, dtype=torch.float64)
PE (computed) = 0.010368
design=grf  media_mode=grf  n_train_requested=500  n_corner_anchors=16  arch=w64  batch_mode=True
branch=[100, 64, 64, 64]  trunk=[2, 64, 64, 64, 64]
results_dir=C:\Ali Computation\pinn\code\heterogeneous\pino_heterogeneous\results\exp_R_piecewise_K100_N500_adam1000_lr025_lbfgs250_maxiter5_float64
Training: 500 piecewise (100 each for zones [1, 2, 3, 4, 5]), min_zone_frac=0.1 = 500 total; K=100 uniform sensors, grid_n=201
  saved/loaded: C:\Ali Computation\pinn\code\heterogeneous\pino_heterogeneous\results\exp_R_piecewise_K100_N500_adam1000_lr025_lbfgs250_maxiter5_float64\train_grf_cases.npz
  branch CFL range [0.120459, 0.599738]
PDE mesh: bulk 50x50x500 (no interface bands in GRF mode)
COMSOL validation: 81 fixed grid cases from comsol_4zones.txt -> C:\Ali Computation\pinn\code\heterogeneous\pino_heterogeneous\results\exp_R_piecewise_K100_N500_adam1000_lr025_lbfgs250_maxiter5_float64\comsol_validation
run_training=True  run_comsol_validation=True  validate_only=False  skip_validation_plots=False
Adam: lr=0.25  epochs=1000
L-BFGS early stopping: patience=150 (max steps=250)
L-BFGS: lr=0.1  max_iter=5  outer_steps=250
PDE collocation points: 1,250,000 (bulk 1,250,000, interface 0)
Collocation mesh plot (pre-train): C:\Ali Computation\pinn\code\heterogeneous\pino_heterogeneous\results\exp_R_piecewise_K100_N500_adam1000_lr025_lbfgs250_maxiter5_float64\pino_heterogeneous_collocation_points.png
Adam(lr=0.25)  epochs=1000

Adam:   0%|          | 0/1000 [? > 00:00]
Adam:   0%|          | 1/1000 [1:58:01 > 00:07]
Adam:   0%|          | 2/1000 [1:03:52 > 00:08]
Adam:   0%|          | 3/1000 [1:14:29 > 00:13]
Adam:   0%|          | 4/1000 [1:20:43 > 00:19]
Adam:   0%|          | 5/1000 [1:23:37 > 00:24]
Adam:   1%|          | 6/1000 [1:24:30 > 00:29]
Adam:   1%|          | 7/1000 [1:19:49 > 00:34]
Adam:   1%|          | 8/1000 [1:19:01 > 00:38]
Adam:   1%|          | 9/1000 [1:17:33 > 00:43]
Adam:   1%|          | 10/1000 [1:16:30 > 00:47]
Adam:   1%|          | 11/1000 [1:16:19 > 00:52]
Adam:   1%|          | 12/1000 [1:17:12 > 00:57]
Adam:   1%|▏         | 13/1000 [1:18:34 > 01:02]
Adam:   1%|▏         | 14/1000 [1:21:52 > 01:07]
Adam:   2%|▏         | 15/1000 [1:21:58 > 01:12]
Adam:   2%|▏         | 16/1000 [1:28:34 > 01:19]
Adam:   2%|▏         | 17/1000 [1:44:22 > 01:27]
Adam:   2%|▏         | 18/1000 [1:19:04 > 01:28]
Adam:   2%|▏         | 19/1000 [1:19:52 > 01:34]
Adam:   2%|▏         | 20/1000 [1:20:07 > 01:38]
Adam:   2%|▏         | 21/1000 [1:16:31 > 01:43]
Adam:   2%|▏         | 22/1000 [1:17:32 > 01:48]
Adam:   2%|▏         | 23/1000 [1:14:18 > 01:52]
Adam:   2%|▏         | 24/1000 [1:14:42 > 01:56]
Adam:   2%|▎         | 25/1000 [1:16:55 > 02:01]
Adam:   3%|▎         | 26/1000 [1:19:14 > 02:07]
Adam:   3%|▎         | 27/1000 [1:24:19 > 02:13]
Adam:   3%|▎         | 28/1000 [1:32:42 > 02:20]
Adam:   3%|▎         | 29/1000 [1:24:06 > 02:23]
Adam:   3%|▎         | 30/1000 [1:26:15 > 02:29]
Adam:   3%|▎         | 31/1000 [1:30:22 > 02:35]
Adam:   3%|▎         | 32/1000 [1:22:04 > 02:39]
Adam:   3%|▎         | 33/1000 [1:19:13 > 02:44]
Adam:   3%|▎         | 34/1000 [1:17:10 > 02:48]
Adam:   4%|▎         | 35/1000 [1:14:49 > 02:53]
Adam:   4%|▎         | 36/1000 [1:16:15 > 02:58]
Adam:   4%|▎         | 37/1000 [1:12:35 > 03:02]
Adam:   4%|▍         | 38/1000 [1:14:37 > 03:07]
Adam:   4%|▍         | 39/1000 [1:18:09 > 03:12]
Adam:   4%|▍         | 40/1000 [1:21:00 > 03:17]
Adam:   4%|▍         | 41/1000 [1:24:33 > 03:23]
Adam:   4%|▍         | 42/1000 [1:24:57 > 03:29]
Adam:   4%|▍         | 43/1000 [1:24:55 > 03:34]
Adam:   4%|▍         | 44/1000 [1:22:05 > 03:39]
Adam:   4%|▍         | 45/1000 [1:19:57 > 03:43]
Adam:   5%|▍         | 46/1000 [1:29:50 > 03:51]
Adam:   5%|▍         | 47/1000 [1:09:36 > 03:52]
Adam:   5%|▍         | 48/1000 [1:08:28 > 03:56]
Adam:   5%|▍         | 49/1000 [1:10:54 > 04:01]
Adam:   5%|▌         | 50/1000 [1:15:33 > 04:06]
Adam:   5%|▌         | 51/1000 [1:16:15 > 04:11]
Adam:   5%|▌         | 52/1000 [1:25:19 > 04:18]
Adam:   5%|▌         | 53/1000 [1:24:41 > 04:23]
Adam:   5%|▌         | 54/1000 [1:24:59 > 04:29]
Adam:   6%|▌         | 55/1000 [1:24:41 > 04:34]
Adam:   6%|▌         | 56/1000 [1:22:30 > 04:39]
Adam:   6%|▌         | 57/1000 [1:19:10 > 04:44]
Adam:   6%|▌         | 58/1000 [1:17:29 > 04:48]
Adam:   6%|▌         | 59/1000 [1:15:26 > 04:53]
Adam:   6%|▌         | 60/1000 [1:14:06 > 04:57]
Adam:   6%|▌         | 61/1000 [1:13:53 > 05:02]
Adam:   6%|▌         | 62/1000 [1:14:14 > 05:07]
Adam:   6%|▋         | 63/1000 [1:24:33 > 05:14]
Adam:   6%|▋         | 64/1000 [1:15:23 > 05:17]
Adam:   6%|▋         | 65/1000 [1:34:39 > 05:26]
Adam:   7%|▋         | 66/1000 [1:17:41 > 05:29]
Adam:   7%|▋         | 67/1000 [1:15:22 > 05:33]
Adam:   7%|▋         | 68/1000 [1:18:10 > 05:39]
Adam:   7%|▋         | 69/1000 [1:17:50 > 05:44]
Adam:   7%|▋         | 70/1000 [1:17:21 > 05:49]
Adam:   7%|▋         | 71/1000 [1:16:01 > 05:53]
Adam:   7%|▋         | 72/1000 [1:13:53 > 05:58]
Adam:   7%|▋         | 73/1000 [1:10:30 > 06:02]
Adam:   7%|▋         | 74/1000 [1:11:03 > 06:07]
Adam:   8%|▊         | 75/1000 [1:21:40 > 06:14]
Adam:   8%|▊         | 76/1000 [1:13:23 > 06:17]
Adam:   8%|▊         | 77/1000 [1:18:59 > 06:23]
Adam:   8%|▊         | 78/1000 [1:20:42 > 06:29]
Adam:   8%|▊         | 79/1000 [1:40:42 > 06:38]
Adam:   8%|▊         | 80/1000 [1:16:51 > 06:40]
Adam:   8%|▊         | 81/1000 [1:14:38 > 06:44]
Adam:   8%|▊         | 82/1000 [1:17:57 > 06:50]
Adam:   8%|▊         | 83/1000 [1:15:27 > 06:54]
Adam:   8%|▊         | 84/1000 [1:12:39 > 06:59]
Adam:   8%|▊         | 85/1000 [1:10:49 > 07:03]
Adam:   9%|▊         | 86/1000 [1:12:25 > 07:08]
Adam:   9%|▊         | 87/1000 [1:25:09 > 07:16]
Adam:   9%|▉         | 88/1000 [1:22:28 > 07:21]
Adam:   9%|▉         | 89/1000 [1:05:56 > 07:23]
Adam:   9%|▉         | 90/1000 [1:10:48 > 07:28]
Adam:   9%|▉         | 91/1000 [1:16:21 > 07:34]
Adam:   9%|▉         | 92/1000 [1:18:23 > 07:39]
Adam:   9%|▉         | 93/1000 [1:19:07 > 07:45]
Adam:   9%|▉         | 94/1000 [1:17:01 > 07:50]
Adam:  10%|▉         | 95/1000 [1:15:28 > 07:54]
Adam:  10%|▉         | 96/1000 [1:14:00 > 07:59]
Adam:  10%|▉         | 97/1000 [1:09:16 > 08:03]
Adam:  10%|▉         | 98/1000 [1:07:03 > 08:07]
Adam:  10%|▉         | 99/1000 [1:08:58 > 08:12]
Adam:  10%|█         | 100/1000 [1:12:33 > 08:17]
Adam:  10%|█         | 101/1000 [1:12:54 > 08:22]
Adam:  10%|█         | 102/1000 [1:20:57 > 08:29]
Adam:  10%|█         | 103/1000 [1:20:40 > 08:34]
Adam:  10%|█         | 104/1000 [1:20:54 > 08:40]
Adam:  10%|█         | 105/1000 [1:20:49 > 08:45]
Adam:  11%|█         | 106/1000 [1:32:57 > 08:53]
Adam:  11%|█         | 107/1000 [1:10:35 > 08:55]
Adam:  11%|█         | 108/1000 [1:10:10 > 08:59]
Adam:  11%|█         | 109/1000 [1:13:58 > 09:05]
Adam:  11%|█         | 110/1000 [1:07:26 > 09:08]
Adam:  11%|█         | 111/1000 [1:07:34 > 09:13]
Adam:  11%|█         | 112/1000 [1:08:50 > 09:18]
Adam:  11%|█▏        | 113/1000 [1:10:39 > 09:23]
Adam:  11%|█▏        | 114/1000 [1:13:26 > 09:28]
Adam:  12%|█▏        | 115/1000 [1:13:40 > 09:33]
Adam:  12%|█▏        | 116/1000 [1:19:16 > 09:40]
Adam:  12%|█▏        | 117/1000 [1:14:47 > 09:44]
Adam:  12%|█▏        | 118/1000 [1:16:27 > 09:50]
Adam:  12%|█▏        | 119/1000 [1:15:37 > 09:55]
Adam:  12%|█▏        | 120/1000 [1:14:44 > 10:00]
Adam:  12%|█▏        | 121/1000 [1:10:44 > 10:04]
Adam:  12%|█▏        | 122/1000 [1:11:07 > 10:09]
Adam:  12%|█▏        | 123/1000 [1:07:26 > 10:13]
Adam:  12%|█▏        | 124/1000 [1:07:56 > 10:17]
Adam:  12%|█▎        | 125/1000 [1:09:59 > 10:23]
Adam:  13%|█▎        | 126/1000 [1:12:00 > 10:28]
Adam:  13%|█▎        | 127/1000 [1:16:25 > 10:34]
Adam:  13%|█▎        | 128/1000 [1:31:44 > 10:43]
Adam:  13%|█▎        | 129/1000 [1:13:54 > 10:45]
Adam:  13%|█▎        | 130/1000 [1:16:26 > 10:51]
Adam:  13%|█▎        | 131/1000 [1:12:55 > 10:55]
Adam:  13%|█▎        | 132/1000 [1:15:29 > 11:01]
Adam:  13%|█▎        | 133/1000 [1:12:36 > 11:05]
Adam:  13%|█▎        | 134/1000 [1:09:53 > 11:10]
Adam:  14%|█▎        | 135/1000 [1:07:35 > 11:14]
Adam:  14%|█▎        | 136/1000 [1:08:42 > 11:19]
Adam:  14%|█▎        | 137/1000 [1:05:06 > 11:23]
Adam:  14%|█▍        | 138/1000 [1:06:52 > 11:28]
Adam:  14%|█▍        | 139/1000 [1:10:11 > 11:33]
Adam:  14%|█▍        | 140/1000 [1:12:23 > 11:39]
Adam:  14%|█▍        | 141/1000 [1:15:39 > 11:45]
Adam:  14%|█▍        | 142/1000 [1:16:11 > 11:50]
Adam:  14%|█▍        | 143/1000 [1:16:29 > 11:55]
Adam:  14%|█▍        | 144/1000 [1:26:10 > 12:03]
Adam:  14%|█▍        | 145/1000 [1:08:14 > 12:05]
Adam:  15%|█▍        | 146/1000 [1:07:39 > 12:10]
Adam:  15%|█▍        | 147/1000 [1:04:00 > 12:14]
Adam:  15%|█▍        | 148/1000 [1:02:09 > 12:18]
Adam:  15%|█▍        | 149/1000 [1:04:18 > 12:23]
Adam:  15%|█▌        | 150/1000 [1:07:58 > 12:28]
Adam:  15%|█▌        | 151/1000 [1:08:28 > 12:33]
Adam:  15%|█▌        | 152/1000 [1:16:22 > 12:40]
Adam:  15%|█▌        | 153/1000 [1:15:54 > 12:45]
Adam:  15%|█▌        | 154/1000 [1:16:27 > 12:50]
Adam:  16%|█▌        | 155/1000 [1:17:01 > 12:56]
Adam:  16%|█▌        | 156/1000 [1:14:05 > 13:01]
Adam:  16%|█▌        | 157/1000 [1:10:44 > 13:05]
Adam:  16%|█▌        | 158/1000 [1:08:45 > 13:10]
Adam:  16%|█▌        | 159/1000 [1:06:47 > 13:14]
Adam:  16%|█▌        | 160/1000 [1:15:48 > 13:21]
Adam:  16%|█▌        | 161/1000 [1:01:43 > 13:23]
Adam:  16%|█▌        | 162/1000 [1:14:19 > 13:31]
Adam:  16%|█▋        | 163/1000 [1:01:06 > 13:33]
Adam:  16%|█▋        | 164/1000 [1:05:01 > 13:38]
Adam:  16%|█▋        | 165/1000 [1:06:09 > 13:43]
Adam:  17%|█▋        | 166/1000 [1:12:09 > 13:49]
Adam:  17%|█▋        | 167/1000 [1:08:40 > 13:54]
Adam:  17%|█▋        | 168/1000 [1:10:21 > 13:59]
Adam:  17%|█▋        | 169/1000 [1:09:40 > 14:04]
Adam:  17%|█▋        | 170/1000 [1:08:34 > 14:09]
Adam:  17%|█▋        | 171/1000 [1:06:07 > 14:13]
Adam:  17%|█▋        | 172/1000 [1:13:55 > 14:20]
Adam:  17%|█▋        | 173/1000 [59:44 > 14:22]  
Adam:  17%|█▋        | 174/1000 [1:00:42 > 14:27]
Adam:  18%|█▊        | 175/1000 [1:02:55 > 14:32]
Adam:  18%|█▊        | 176/1000 [1:05:06 > 14:37]
Adam:  18%|█▊        | 177/1000 [1:09:27 > 14:42]
Adam:  18%|█▊        | 178/1000 [1:10:45 > 14:48]
Adam:  18%|█▊        | 179/1000 [1:11:20 > 14:53]
Adam:  18%|█▊        | 180/1000 [1:12:27 > 14:59]
Adam:  18%|█▊        | 181/1000 [1:08:42 > 15:03]
Adam:  18%|█▊        | 182/1000 [1:10:38 > 15:09]
Adam:  18%|█▊        | 183/1000 [1:09:28 > 15:14]
Adam:  18%|█▊        | 184/1000 [1:04:20 > 15:17]
Adam:  18%|█▊        | 185/1000 [1:02:09 > 15:22]
Adam:  19%|█▊        | 186/1000 [1:03:04 > 15:26]
Adam:  19%|█▊        | 187/1000 [1:00:11 > 15:30]
Adam:  19%|█▉        | 188/1000 [1:01:42 > 15:35]
Adam:  19%|█▉        | 189/1000 [1:04:36 > 15:41]
Adam:  19%|█▉        | 190/1000 [1:06:33 > 15:46]
Adam:  19%|█▉        | 191/1000 [1:09:54 > 15:52]
Adam:  19%|█▉        | 192/1000 [1:10:19 > 15:57]
Adam:  19%|█▉        | 193/1000 [1:10:41 > 16:02]
Adam:  19%|█▉        | 194/1000 [1:21:44 > 16:10]
Adam:  20%|█▉        | 195/1000 [1:02:26 > 16:12]
Adam:  20%|█▉        | 196/1000 [1:02:05 > 16:16]
Adam:  20%|█▉        | 197/1000 [58:45 > 16:20]  
Adam:  20%|█▉        | 198/1000 [57:11 > 16:24]
Adam:  20%|█▉        | 199/1000 [59:09 > 16:29]
Adam:  20%|██        | 200/1000 [1:09:23 > 16:36]
Adam:  20%|██        | 201/1000 [1:00:59 > 16:39]
Adam:  20%|██        | 202/1000 [1:08:50 > 16:45]
Adam:  20%|██        | 203/1000 [1:08:59 > 16:51]
Adam:  20%|██        | 204/1000 [1:22:05 > 16:59]
Adam:  20%|██        | 205/1000 [1:05:45 > 17:01]
Adam:  21%|██        | 206/1000 [1:15:30 > 17:09]
Adam:  21%|██        | 207/1000 [1:00:20 > 17:11]
Adam:  21%|██        | 208/1000 [1:00:15 > 17:15]
Adam:  21%|██        | 209/1000 [59:48 > 17:20]  
Adam:  21%|██        | 210/1000 [59:24 > 17:24]
Adam:  21%|██        | 211/1000 [59:21 > 17:29]
Adam:  21%|██        | 212/1000 [1:00:10 > 17:33]
Adam:  21%|██▏       | 213/1000 [1:01:24 > 17:38]
Adam:  21%|██▏       | 214/1000 [1:03:42 > 17:44]
Adam:  22%|██▏       | 215/1000 [1:04:03 > 17:49]
Adam:  22%|██▏       | 216/1000 [1:09:22 > 17:55]
Adam:  22%|██▏       | 217/1000 [1:05:53 > 17:59]
Adam:  22%|██▏       | 218/1000 [1:06:54 > 18:05]
Adam:  22%|██▏       | 219/1000 [1:05:54 > 18:10]
Adam:  22%|██▏       | 220/1000 [1:05:05 > 18:14]
Adam:  22%|██▏       | 221/1000 [1:01:33 > 18:19]
Adam:  22%|██▏       | 222/1000 [1:02:04 > 18:23]
Adam:  22%|██▏       | 223/1000 [58:43 > 18:27]  
Adam:  22%|██▏       | 224/1000 [58:59 > 18:32]
Adam:  22%|██▎       | 225/1000 [1:14:20 > 18:41]
Adam:  23%|██▎       | 226/1000 [57:55 > 18:42]  
Adam:  23%|██▎       | 227/1000 [1:03:11 > 18:48]
Adam:  23%|██▎       | 228/1000 [1:05:11 > 18:53]
Adam:  23%|██▎       | 229/1000 [1:06:03 > 18:59]
Adam:  23%|██▎       | 230/1000 [1:07:46 > 19:04]
Adam:  23%|██▎       | 231/1000 [1:04:11 > 19:09]
Adam:  23%|██▎       | 232/1000 [1:06:20 > 19:14]
Adam:  23%|██▎       | 233/1000 [1:03:26 > 19:19]
Adam:  23%|██▎       | 234/1000 [1:00:59 > 19:23]
Adam:  24%|██▎       | 235/1000 [58:58 > 19:27]  
Adam:  24%|██▎       | 236/1000 [1:09:02 > 19:35]
Adam:  24%|██▎       | 237/1000 [53:44 > 19:36]  
Adam:  24%|██▍       | 238/1000 [56:05 > 19:41]
Adam:  24%|██▍       | 239/1000 [59:25 > 19:46]
Adam:  24%|██▍       | 240/1000 [1:01:46 > 19:52]
Adam:  24%|██▍       | 241/1000 [1:04:50 > 19:57]
Adam:  24%|██▍       | 242/1000 [1:05:34 > 20:03]
Adam:  24%|██▍       | 243/1000 [1:05:56 > 20:08]
Adam:  24%|██▍       | 244/1000 [1:03:53 > 20:13]
Adam:  24%|██▍       | 245/1000 [1:02:17 > 20:17]
Adam:  25%|██▍       | 246/1000 [1:00:56 > 20:22]
Adam:  25%|██▍       | 247/1000 [56:51 > 20:26]  
Adam:  25%|██▍       | 248/1000 [54:50 > 20:30]
Adam:  25%|██▍       | 249/1000 [56:18 > 20:34]
Adam:  25%|██▌       | 250/1000 [59:18 > 20:40]
Adam:  25%|██▌       | 251/1000 [59:27 > 20:45]
Adam:  25%|██▌       | 252/1000 [1:06:05 > 20:51]
Adam:  25%|██▌       | 253/1000 [1:05:38 > 20:56]
Adam:  25%|██▌       | 254/1000 [1:05:51 > 21:02]
Adam:  26%|██▌       | 255/1000 [1:05:25 > 21:07]
Adam:  26%|██▌       | 256/1000 [1:03:43 > 21:12]
Adam:  26%|██▌       | 257/1000 [1:01:25 > 21:16]
Adam:  26%|██▌       | 258/1000 [1:00:01 > 21:21]
Adam:  26%|██▌       | 259/1000 [58:44 > 21:25]  
Adam:  26%|██▌       | 260/1000 [57:33 > 21:30]
Adam:  26%|██▌       | 261/1000 [57:00 > 21:34]
Adam:  26%|██▌       | 262/1000 [1:02:58 > 21:41]
Adam:  26%|██▋       | 263/1000 [56:13 > 21:44]  
Adam:  26%|██▋       | 264/1000 [58:51 > 21:49]
Adam:  26%|██▋       | 265/1000 [59:20 > 21:54]
Adam:  27%|██▋       | 266/1000 [1:04:17 > 22:00]
Adam:  27%|██▋       | 267/1000 [1:01:03 > 22:05]
Adam:  27%|██▋       | 268/1000 [1:02:21 > 22:10]
Adam:  27%|██▋       | 269/1000 [1:01:41 > 22:15]
Adam:  27%|██▋       | 270/1000 [1:02:00 > 22:20]
Adam:  27%|██▋       | 271/1000 [57:13 > 22:24]  
Adam:  27%|██▋       | 272/1000 [57:35 > 22:29]
Adam:  27%|██▋       | 273/1000 [54:44 > 22:33]
Adam:  27%|██▋       | 274/1000 [54:55 > 22:38]
Adam:  28%|██▊       | 275/1000 [56:14 > 22:43]
Adam:  28%|██▊       | 276/1000 [57:54 > 22:48]
Adam:  28%|██▊       | 277/1000 [1:01:32 > 22:53]
Adam:  28%|██▊       | 278/1000 [1:02:30 > 22:59]
Adam:  28%|██▊       | 279/1000 [1:02:56 > 23:04]
Adam:  28%|██▊       | 280/1000 [1:04:32 > 23:10]
Adam:  28%|██▊       | 281/1000 [1:00:19 > 23:14]
Adam:  28%|██▊       | 282/1000 [1:02:06 > 23:20]
Adam:  28%|██▊       | 283/1000 [59:33 > 23:24]  
Adam:  28%|██▊       | 284/1000 [57:22 > 23:29]
Adam:  28%|██▊       | 285/1000 [55:09 > 23:33]
Adam:  29%|██▊       | 286/1000 [55:49 > 23:38]
Adam:  29%|██▊       | 287/1000 [52:59 > 23:42]
Adam:  29%|██▉       | 288/1000 [54:26 > 23:46]
Adam:  29%|██▉       | 289/1000 [56:55 > 23:52]
Adam:  29%|██▉       | 290/1000 [58:35 > 23:57]
Adam:  29%|██▉       | 291/1000 [1:04:27 > 24:04]
Adam:  29%|██▉       | 292/1000 [1:00:50 > 24:08]
Adam:  29%|██▉       | 293/1000 [1:01:15 > 24:13]
Adam:  29%|██▉       | 294/1000 [59:15 > 24:18]  
Adam:  30%|██▉       | 295/1000 [57:50 > 24:23]
Adam:  30%|██▉       | 296/1000 [56:32 > 24:27]
Adam:  30%|██▉       | 297/1000 [52:58 > 24:31]
Adam:  30%|██▉       | 298/1000 [51:09 > 24:35]
Adam:  30%|██▉       | 299/1000 [52:30 > 24:40]
Adam:  30%|███       | 300/1000 [55:23 > 24:45]
Adam:  30%|███       | 301/1000 [55:33 > 24:50]
Adam:  30%|███       | 302/1000 [1:01:39 > 24:57]
Adam:  30%|███       | 303/1000 [1:01:04 > 25:02]
Adam:  30%|███       | 304/1000 [1:01:19 > 25:07]
Adam:  30%|███       | 305/1000 [1:00:51 > 25:12]
Adam:  31%|███       | 306/1000 [59:18 > 25:17]  
Adam:  31%|███       | 307/1000 [57:07 > 25:22]
Adam:  31%|███       | 308/1000 [55:46 > 25:26]
Adam:  31%|███       | 309/1000 [54:29 > 25:31]
Adam:  31%|███       | 310/1000 [53:26 > 25:35]
Adam:  31%|███       | 311/1000 [53:00 > 25:40]
Adam:  31%|███       | 312/1000 [53:25 > 25:45]
Adam:  31%|███▏      | 313/1000 [54:03 > 25:49]
Adam:  31%|███▏      | 314/1000 [55:59 > 25:55]
Adam:  32%|███▏      | 315/1000 [55:58 > 26:00]
Adam:  32%|███▏      | 316/1000 [1:00:27 > 26:06]
Adam:  32%|███▏      | 317/1000 [57:12 > 26:10]  
Adam:  32%|███▏      | 318/1000 [58:21 > 26:16]
Adam:  32%|███▏      | 319/1000 [57:32 > 26:21]
Adam:  32%|███▏      | 320/1000 [56:46 > 26:25]
Adam:  32%|███▏      | 321/1000 [53:41 > 26:30]
Adam:  32%|███▏      | 322/1000 [54:03 > 26:34]
Adam:  32%|███▏      | 323/1000 [51:14 > 26:38]
Adam:  32%|███▏      | 324/1000 [51:23 > 26:43]
Adam:  32%|███▎      | 325/1000 [52:32 > 26:48]
Adam:  33%|███▎      | 326/1000 [54:04 > 26:53]
Adam:  33%|███▎      | 327/1000 [57:28 > 26:59]
Adam:  33%|███▎      | 328/1000 [58:18 > 27:04]
Adam:  33%|███▎      | 329/1000 [58:43 > 27:10]
Adam:  33%|███▎      | 330/1000 [59:26 > 27:15]
Adam:  33%|███▎      | 331/1000 [56:18 > 27:20]
Adam:  33%|███▎      | 332/1000 [1:02:00 > 27:26]
Adam:  33%|███▎      | 333/1000 [54:07 > 27:30]  
Adam:  33%|███▎      | 334/1000 [52:21 > 27:34]
Adam:  34%|███▎      | 335/1000 [50:48 > 27:38]
Adam:  34%|███▎      | 336/1000 [51:33 > 27:43]
Adam:  34%|███▎      | 337/1000 [49:05 > 27:47]
Adam:  34%|███▍      | 338/1000 [50:18 > 27:52]
Adam:  34%|███▍      | 339/1000 [52:34 > 27:57]
Adam:  34%|███▍      | 340/1000 [54:22 > 28:02]
Adam:  34%|███▍      | 341/1000 [59:48 > 28:09]
Adam:  34%|███▍      | 342/1000 [56:16 > 28:13]
Adam:  34%|███▍      | 343/1000 [56:38 > 28:19]
Adam:  34%|███▍      | 344/1000 [54:54 > 28:23]
Adam:  34%|███▍      | 345/1000 [53:30 > 28:28]
Adam:  35%|███▍      | 346/1000 [52:34 > 28:33]
Adam:  35%|███▍      | 347/1000 [49:09 > 28:36]
Adam:  35%|███▍      | 348/1000 [47:32 > 28:41]
Adam:  35%|███▍      | 349/1000 [48:38 > 28:45]
Adam:  35%|███▌      | 350/1000 [51:27 > 28:51]
Adam:  35%|███▌      | 351/1000 [51:50 > 28:56]
Adam:  35%|███▌      | 352/1000 [57:22 > 29:02]
Adam:  35%|███▌      | 353/1000 [56:58 > 29:07]
Adam:  35%|███▌      | 354/1000 [57:05 > 29:13]
Adam:  36%|███▌      | 355/1000 [56:47 > 29:18]
Adam:  36%|███▌      | 356/1000 [55:14 > 29:23]
Adam:  36%|███▌      | 357/1000 [1:03:39 > 29:30]
Adam:  36%|███▌      | 358/1000 [48:36 > 29:32]  
Adam:  36%|███▌      | 359/1000 [48:17 > 29:36]
Adam:  36%|███▌      | 360/1000 [47:59 > 29:41]
Adam:  36%|███▌      | 361/1000 [58:57 > 29:49]
Adam:  36%|███▌      | 362/1000 [45:26 > 29:50]
Adam:  36%|███▋      | 363/1000 [47:15 > 29:55]
Adam:  36%|███▋      | 364/1000 [49:55 > 30:00]
Adam:  36%|███▋      | 365/1000 [50:24 > 30:05]
Adam:  37%|███▋      | 366/1000 [55:07 > 30:11]
Adam:  37%|███▋      | 367/1000 [52:11 > 30:16]
Adam:  37%|███▋      | 368/1000 [53:14 > 30:21]
Adam:  37%|███▋      | 369/1000 [52:37 > 30:26]
Adam:  37%|███▋      | 370/1000 [51:56 > 30:31]
Adam:  37%|███▋      | 371/1000 [49:17 > 30:35]
Adam:  37%|███▋      | 372/1000 [49:52 > 30:40]
Adam:  37%|███▋      | 373/1000 [47:11 > 30:44]
Adam:  37%|███▋      | 374/1000 [47:26 > 30:48]
Adam:  38%|███▊      | 375/1000 [48:37 > 30:53]
Adam:  38%|███▊      | 376/1000 [50:21 > 30:58]
Adam:  38%|███▊      | 377/1000 [1:01:01 > 31:07]
Adam:  38%|███▊      | 378/1000 [51:46 > 31:10]  
Adam:  38%|███▊      | 379/1000 [52:42 > 31:15]
Adam:  38%|███▊      | 380/1000 [53:56 > 31:20]
Adam:  38%|███▊      | 381/1000 [51:13 > 31:25]
Adam:  38%|███▊      | 382/1000 [52:48 > 31:30]
Adam:  38%|███▊      | 383/1000 [50:36 > 31:35]
Adam:  38%|███▊      | 384/1000 [48:47 > 31:39]
Adam:  38%|███▊      | 385/1000 [46:58 > 31:43]
Adam:  39%|███▊      | 386/1000 [47:42 > 31:48]
Adam:  39%|███▊      | 387/1000 [45:17 > 31:52]
Adam:  39%|███▉      | 388/1000 [46:37 > 31:57]
Adam:  39%|███▉      | 389/1000 [48:55 > 32:02]
Adam:  39%|███▉      | 390/1000 [50:24 > 32:08]
Adam:  39%|███▉      | 391/1000 [52:41 > 32:13]
Adam:  39%|███▉      | 392/1000 [53:01 > 32:19]
Adam:  39%|███▉      | 393/1000 [53:03 > 32:24]
Adam:  39%|███▉      | 394/1000 [1:01:26 > 32:32]
Adam:  40%|███▉      | 395/1000 [46:58 > 32:33]  
Adam:  40%|███▉      | 396/1000 [46:44 > 32:38]
Adam:  40%|███▉      | 397/1000 [44:07 > 32:42]
Adam:  40%|███▉      | 398/1000 [43:10 > 32:46]
Adam:  40%|███▉      | 399/1000 [44:27 > 32:51]
Adam:  40%|████      | 400/1000 [47:08 > 32:56]
Adam:  40%|████      | 401/1000 [47:28 > 33:01]
Adam:  40%|████      | 402/1000 [52:45 > 33:07]
Adam:  40%|████      | 403/1000 [52:26 > 33:13]
Adam:  40%|████      | 404/1000 [52:31 > 33:18]
Adam:  40%|████      | 405/1000 [52:08 > 33:23]
Adam:  41%|████      | 406/1000 [50:51 > 33:28]
Adam:  41%|████      | 407/1000 [48:54 > 33:32]
Adam:  41%|████      | 408/1000 [47:38 > 33:37]
Adam:  41%|████      | 409/1000 [46:22 > 33:41]
Adam:  41%|████      | 410/1000 [45:28 > 33:46]
Adam:  41%|████      | 411/1000 [55:09 > 33:54]
Adam:  41%|████      | 412/1000 [42:25 > 33:55]
Adam:  41%|████▏     | 413/1000 [43:59 > 34:00]
Adam:  41%|████▏     | 414/1000 [46:19 > 34:05]
Adam:  42%|████▏     | 415/1000 [46:36 > 34:10]
Adam:  42%|████▏     | 416/1000 [50:49 > 34:16]
Adam:  42%|████▏     | 417/1000 [48:17 > 34:21]
Adam:  42%|████▏     | 418/1000 [49:23 > 34:26]
Adam:  42%|████▏     | 419/1000 [48:40 > 34:31]
Adam:  42%|████▏     | 420/1000 [47:59 > 34:36]
Adam:  42%|████▏     | 421/1000 [45:35 > 34:40]
Adam:  42%|████▏     | 422/1000 [45:55 > 34:45]
Adam:  42%|████▏     | 423/1000 [43:27 > 34:49]
Adam:  42%|████▏     | 424/1000 [43:28 > 34:53]
Adam:  42%|████▎     | 425/1000 [44:27 > 34:58]
Adam:  43%|████▎     | 426/1000 [45:54 > 35:04]
Adam:  43%|████▎     | 427/1000 [48:42 > 35:09]
Adam:  43%|████▎     | 428/1000 [49:29 > 35:15]
Adam:  43%|████▎     | 429/1000 [49:53 > 35:20]
Adam:  43%|████▎     | 430/1000 [50:45 > 35:26]
Adam:  43%|████▎     | 431/1000 [47:59 > 35:30]
Adam:  43%|████▎     | 432/1000 [49:11 > 35:36]
Adam:  43%|████▎     | 433/1000 [46:59 > 35:40]
Adam:  43%|████▎     | 434/1000 [45:13 > 35:44]
Adam:  44%|████▎     | 435/1000 [43:29 > 35:49]
Adam:  44%|████▎     | 436/1000 [44:07 > 35:53]
Adam:  44%|████▎     | 437/1000 [41:51 > 35:57]
Adam:  44%|████▍     | 438/1000 [42:42 > 36:02]
Adam:  44%|████▍     | 439/1000 [44:42 > 36:07]
Adam:  44%|████▍     | 440/1000 [46:03 > 36:13]
Adam:  44%|████▍     | 441/1000 [48:09 > 36:18]
Adam:  44%|████▍     | 442/1000 [48:25 > 36:24]
Adam:  44%|████▍     | 443/1000 [48:36 > 36:29]
Adam:  44%|████▍     | 444/1000 [47:01 > 36:34]
Adam:  44%|████▍     | 445/1000 [45:46 > 36:38]
Adam:  45%|████▍     | 446/1000 [44:43 > 36:43]
Adam:  45%|████▍     | 447/1000 [41:44 > 36:47]
Adam:  45%|████▍     | 448/1000 [40:16 > 36:51]
Adam:  45%|████▍     | 449/1000 [41:11 > 36:56]
Adam:  45%|████▌     | 450/1000 [43:27 > 37:01]
Adam:  45%|████▌     | 451/1000 [43:38 > 37:06]
Adam:  45%|████▌     | 452/1000 [58:10 > 37:16]
Adam:  45%|████▌     | 453/1000 [45:05 > 37:18]
Adam:  45%|████▌     | 454/1000 [46:01 > 37:23]
Adam:  46%|████▌     | 455/1000 [46:20 > 37:28]
Adam:  46%|████▌     | 456/1000 [45:19 > 37:33]
Adam:  46%|████▌     | 457/1000 [53:00 > 37:41]
Adam:  46%|████▌     | 458/1000 [40:27 > 37:42]
Adam:  46%|████▌     | 459/1000 [40:27 > 37:46]
Adam:  46%|████▌     | 460/1000 [40:14 > 37:51]
Adam:  46%|████▌     | 461/1000 [40:26 > 37:55]
Adam:  46%|████▌     | 462/1000 [41:00 > 38:00]
Adam:  46%|████▋     | 463/1000 [41:47 > 38:05]
Adam:  46%|████▋     | 464/1000 [53:10 > 38:14]
Adam:  46%|████▋     | 465/1000 [40:24 > 38:15]
Adam:  47%|████▋     | 466/1000 [44:57 > 38:21]
Adam:  47%|████▋     | 467/1000 [43:01 > 38:26]
Adam:  47%|████▋     | 468/1000 [44:10 > 38:31]
Adam:  47%|████▋     | 469/1000 [43:53 > 38:36]
Adam:  47%|████▋     | 470/1000 [43:22 > 38:41]
Adam:  47%|████▋     | 471/1000 [41:14 > 38:45]
Adam:  47%|████▋     | 472/1000 [41:43 > 38:50]
Adam:  47%|████▋     | 473/1000 [39:41 > 38:54]
Adam:  47%|████▋     | 474/1000 [39:51 > 38:58]
Adam:  48%|████▊     | 475/1000 [40:49 > 39:03]
Adam:  48%|████▊     | 476/1000 [42:04 > 39:09]
Adam:  48%|████▊     | 477/1000 [44:29 > 39:14]
Adam:  48%|████▊     | 478/1000 [45:05 > 39:20]
Adam:  48%|████▊     | 479/1000 [45:23 > 39:25]
Adam:  48%|████▊     | 480/1000 [46:13 > 39:31]
Adam:  48%|████▊     | 481/1000 [43:40 > 39:35]
Adam:  48%|████▊     | 482/1000 [44:48 > 39:41]
Adam:  48%|████▊     | 483/1000 [42:47 > 39:45]
Adam:  48%|████▊     | 484/1000 [41:08 > 39:49]
Adam:  48%|████▊     | 485/1000 [39:36 > 39:54]
Adam:  49%|████▊     | 486/1000 [40:06 > 39:58]
Adam:  49%|████▊     | 487/1000 [37:57 > 40:02]
Adam:  49%|████▉     | 488/1000 [38:56 > 40:07]
Adam:  49%|████▉     | 489/1000 [40:49 > 40:12]
Adam:  49%|████▉     | 490/1000 [42:00 > 40:18]
Adam:  49%|████▉     | 491/1000 [43:56 > 40:23]
Adam:  49%|████▉     | 492/1000 [44:07 > 40:29]
Adam:  49%|████▉     | 493/1000 [44:17 > 40:34]
Adam:  49%|████▉     | 494/1000 [42:53 > 40:39]
Adam:  50%|████▉     | 495/1000 [41:40 > 40:43]
Adam:  50%|████▉     | 496/1000 [40:37 > 40:48]
Adam:  50%|████▉     | 497/1000 [37:57 > 40:52]
Adam:  50%|████▉     | 498/1000 [36:40 > 40:56]
Adam:  50%|████▉     | 499/1000 [37:31 > 41:01]
Adam:  50%|█████     | 500/1000 [39:32 > 41:06]
Adam:  50%|█████     | 501/1000 [39:41 > 41:11]
Adam:  50%|█████     | 502/1000 [44:04 > 41:17]
Adam:  50%|█████     | 503/1000 [43:32 > 41:22]
Adam:  50%|█████     | 504/1000 [43:38 > 41:28]
Adam:  50%|█████     | 505/1000 [43:23 > 41:33]
Adam:  51%|█████     | 506/1000 [42:15 > 41:38]
Adam:  51%|█████     | 507/1000 [40:41 > 41:42]
Adam:  51%|█████     | 508/1000 [39:41 > 41:47]
Adam:  51%|█████     | 509/1000 [38:40 > 41:51]
Adam:  51%|█████     | 510/1000 [37:52 > 41:56]
Adam:  51%|█████     | 511/1000 [42:43 > 42:03]
Adam:  51%|█████     | 512/1000 [36:25 > 42:05]
Adam:  51%|█████▏    | 513/1000 [37:19 > 42:10]
Adam:  51%|█████▏    | 514/1000 [39:01 > 42:15]
Adam:  52%|█████▏    | 515/1000 [50:35 > 42:25]
Adam:  52%|█████▏    | 516/1000 [38:55 > 42:27]
Adam:  52%|█████▏    | 517/1000 [37:45 > 42:31]
Adam:  52%|█████▏    | 518/1000 [39:13 > 42:36]
Adam:  52%|█████▏    | 519/1000 [39:12 > 42:41]
Adam:  52%|█████▏    | 520/1000 [38:51 > 42:46]
Adam:  52%|█████▏    | 521/1000 [36:58 > 42:50]
Adam:  52%|█████▏    | 522/1000 [37:24 > 42:55]
Adam:  52%|█████▏    | 523/1000 [35:39 > 42:59]
Adam:  52%|█████▏    | 524/1000 [35:55 > 43:04]
Adam:  52%|█████▎    | 525/1000 [36:54 > 43:08]
Adam:  53%|█████▎    | 526/1000 [38:01 > 43:14]
Adam:  53%|█████▎    | 527/1000 [40:15 > 43:19]
Adam:  53%|█████▎    | 528/1000 [40:50 > 43:25]
Adam:  53%|█████▎    | 529/1000 [41:08 > 43:30]
Adam:  53%|█████▎    | 530/1000 [41:47 > 43:36]
Adam:  53%|█████▎    | 531/1000 [39:26 > 43:40]
Adam:  53%|█████▎    | 532/1000 [40:30 > 43:46]
Adam:  53%|█████▎    | 533/1000 [38:36 > 43:50]
Adam:  53%|█████▎    | 534/1000 [37:08 > 43:54]
Adam:  54%|█████▎    | 535/1000 [35:42 > 43:59]
Adam:  54%|█████▎    | 536/1000 [36:14 > 44:04]
Adam:  54%|█████▎    | 537/1000 [42:31 > 44:11]
Adam:  54%|█████▍    | 538/1000 [32:40 > 44:12]
Adam:  54%|█████▍    | 539/1000 [35:13 > 44:18]
Adam:  54%|█████▍    | 540/1000 [36:48 > 44:23]
Adam:  54%|█████▍    | 541/1000 [38:56 > 44:29]
Adam:  54%|█████▍    | 542/1000 [39:21 > 44:34]
Adam:  54%|█████▍    | 543/1000 [43:46 > 44:41]
Adam:  54%|█████▍    | 544/1000 [43:22 > 44:47]
Adam:  55%|█████▍    | 545/1000 [34:43 > 44:49]
Adam:  55%|█████▍    | 546/1000 [34:36 > 44:53]
Adam:  55%|█████▍    | 547/1000 [32:46 > 44:57]
Adam:  55%|█████▍    | 548/1000 [31:57 > 45:01]
Adam:  55%|█████▍    | 549/1000 [33:04 > 45:06]
Adam:  55%|█████▌    | 550/1000 [35:05 > 45:11]
Adam:  55%|█████▌    | 551/1000 [35:25 > 45:16]
Adam:  55%|█████▌    | 552/1000 [39:26 > 45:23]
Adam:  55%|█████▌    | 553/1000 [41:59 > 45:29]
Adam:  55%|█████▌    | 554/1000 [38:27 > 45:33]
Adam:  56%|█████▌    | 555/1000 [38:34 > 45:38]
Adam:  56%|█████▌    | 556/1000 [37:31 > 45:43]
Adam:  56%|█████▌    | 557/1000 [36:07 > 45:48]
Adam:  56%|█████▌    | 558/1000 [35:22 > 45:52]
Adam:  56%|█████▌    | 559/1000 [34:38 > 45:57]
Adam:  56%|█████▌    | 560/1000 [33:58 > 46:01]
Adam:  56%|█████▌    | 561/1000 [33:41 > 46:06]
Adam:  56%|█████▌    | 562/1000 [33:56 > 46:10]
Adam:  56%|█████▋    | 563/1000 [41:48 > 46:19]
Adam:  56%|█████▋    | 564/1000 [33:14 > 46:21]
Adam:  56%|█████▋    | 565/1000 [33:52 > 46:26]
Adam:  57%|█████▋    | 566/1000 [37:14 > 46:32]
Adam:  57%|█████▋    | 567/1000 [35:33 > 46:36]
Adam:  57%|█████▋    | 568/1000 [36:27 > 46:42]
Adam:  57%|█████▋    | 569/1000 [36:03 > 46:46]
Adam:  57%|█████▋    | 570/1000 [35:27 > 46:51]
Adam:  57%|█████▋    | 571/1000 [37:46 > 46:57]
Adam:  57%|█████▋    | 572/1000 [32:36 > 47:00]
Adam:  57%|█████▋    | 573/1000 [31:17 > 47:04]
Adam:  57%|█████▋    | 574/1000 [31:39 > 47:09]
Adam:  57%|█████▊    | 575/1000 [32:40 > 47:14]
Adam:  58%|█████▊    | 576/1000 [33:40 > 47:19]
Adam:  58%|█████▊    | 577/1000 [35:55 > 47:25]
Adam:  58%|█████▊    | 578/1000 [36:27 > 47:30]
Adam:  58%|█████▊    | 579/1000 [36:42 > 47:36]
Adam:  58%|█████▊    | 580/1000 [37:14 > 47:41]
Adam:  58%|█████▊    | 581/1000 [35:17 > 47:45]
Adam:  58%|█████▊    | 582/1000 [36:15 > 47:51]
Adam:  58%|█████▊    | 583/1000 [34:38 > 47:56]
Adam:  58%|█████▊    | 584/1000 [33:13 > 48:00]
Adam:  58%|█████▊    | 585/1000 [31:59 > 48:04]
Adam:  59%|█████▊    | 586/1000 [32:22 > 48:09]
Adam:  59%|█████▊    | 587/1000 [30:42 > 48:13]
Adam:  59%|█████▉    | 588/1000 [31:26 > 48:18]
Adam:  59%|█████▉    | 589/1000 [32:51 > 48:23]
Adam:  59%|█████▉    | 590/1000 [33:49 > 48:28]
Adam:  59%|█████▉    | 591/1000 [35:19 > 48:34]
Adam:  59%|█████▉    | 592/1000 [43:27 > 48:43]
Adam:  59%|█████▉    | 593/1000 [33:11 > 48:45]
Adam:  59%|█████▉    | 594/1000 [38:29 > 48:52]
Adam:  60%|█████▉    | 595/1000 [30:28 > 48:54]
Adam:  60%|█████▉    | 596/1000 [30:35 > 48:59]
Adam:  60%|█████▉    | 597/1000 [34:47 > 49:05]
Adam:  60%|█████▉    | 598/1000 [27:08 > 49:07]
Adam:  60%|█████▉    | 599/1000 [28:06 > 49:11]
Adam:  60%|██████    | 600/1000 [30:15 > 49:17]
Adam:  60%|██████    | 601/1000 [30:42 > 49:21]
Adam:  60%|██████    | 602/1000 [34:28 > 49:28]
Adam:  60%|██████    | 603/1000 [34:16 > 49:33]
Adam:  60%|██████    | 604/1000 [34:28 > 49:38]
Adam:  60%|██████    | 605/1000 [40:21 > 49:47]
Adam:  61%|██████    | 606/1000 [31:36 > 49:48]
Adam:  61%|██████    | 607/1000 [30:53 > 49:53]
Adam:  61%|██████    | 608/1000 [36:48 > 50:01]
Adam:  61%|██████    | 609/1000 [28:15 > 50:02]
Adam:  61%|██████    | 610/1000 [31:04 > 50:08]
Adam:  61%|██████    | 611/1000 [27:51 > 50:11]
Adam:  61%|██████    | 612/1000 [28:39 > 50:16]
Adam:  61%|██████▏   | 613/1000 [29:25 > 50:21]
Adam:  61%|██████▏   | 614/1000 [30:46 > 50:26]
Adam:  62%|██████▏   | 615/1000 [30:56 > 50:31]
Adam:  62%|██████▏   | 616/1000 [33:33 > 50:37]
Adam:  62%|██████▏   | 617/1000 [31:49 > 50:41]
Adam:  62%|██████▏   | 618/1000 [32:25 > 50:47]
Adam:  62%|██████▏   | 619/1000 [32:02 > 50:52]
Adam:  62%|██████▏   | 620/1000 [31:27 > 50:56]
Adam:  62%|██████▏   | 621/1000 [29:45 > 51:01]
Adam:  62%|██████▏   | 622/1000 [34:48 > 51:08]
Adam:  62%|██████▏   | 623/1000 [26:56 > 51:09]
Adam:  62%|██████▏   | 624/1000 [27:25 > 51:14]
Adam:  62%|██████▎   | 625/1000 [28:24 > 51:19]
Adam:  63%|██████▎   | 626/1000 [29:26 > 51:24]
Adam:  63%|██████▎   | 627/1000 [31:28 > 51:30]
Adam:  63%|██████▎   | 628/1000 [32:02 > 51:35]
Adam:  63%|██████▎   | 629/1000 [32:13 > 51:41]
Adam:  63%|██████▎   | 630/1000 [32:40 > 51:46]
Adam:  63%|██████▎   | 631/1000 [30:54 > 51:50]
Adam:  63%|██████▎   | 632/1000 [31:46 > 51:56]
Adam:  63%|██████▎   | 633/1000 [30:24 > 52:01]
Adam:  63%|██████▎   | 634/1000 [29:13 > 52:05]
Adam:  64%|██████▎   | 635/1000 [28:08 > 52:09]
Adam:  64%|██████▎   | 636/1000 [28:26 > 52:14]
Adam:  64%|██████▎   | 637/1000 [26:57 > 52:18]
Adam:  64%|██████▍   | 638/1000 [27:37 > 52:23]
Adam:  64%|██████▍   | 639/1000 [28:49 > 52:28]
Adam:  64%|██████▍   | 640/1000 [29:41 > 52:33]
Adam:  64%|██████▍   | 641/1000 [31:01 > 52:39]
Adam:  64%|██████▍   | 642/1000 [31:11 > 52:44]
Adam:  64%|██████▍   | 643/1000 [31:09 > 52:50]
Adam:  64%|██████▍   | 644/1000 [30:03 > 52:54]
Adam:  64%|██████▍   | 645/1000 [29:11 > 52:59]
Adam:  65%|██████▍   | 646/1000 [28:33 > 53:04]
Adam:  65%|██████▍   | 647/1000 [26:36 > 53:07]
Adam:  65%|██████▍   | 648/1000 [25:35 > 53:11]
Adam:  65%|██████▍   | 649/1000 [26:13 > 53:16]
Adam:  65%|██████▌   | 650/1000 [27:36 > 53:21]
Adam:  65%|██████▌   | 651/1000 [27:38 > 53:26]
Adam:  65%|██████▌   | 652/1000 [30:45 > 53:33]
Adam:  65%|██████▌   | 653/1000 [30:30 > 53:38]
Adam:  65%|██████▌   | 654/1000 [30:28 > 53:43]
Adam:  66%|██████▌   | 655/1000 [30:19 > 53:49]
Adam:  66%|██████▌   | 656/1000 [29:19 > 53:53]
Adam:  66%|██████▌   | 657/1000 [28:13 > 53:58]
Adam:  66%|██████▌   | 658/1000 [27:29 > 54:02]
Adam:  66%|██████▌   | 659/1000 [26:46 > 54:07]
Adam:  66%|██████▌   | 660/1000 [26:12 > 54:11]
Adam:  66%|██████▌   | 661/1000 [26:00 > 54:16]
Adam:  66%|██████▌   | 662/1000 [26:13 > 54:21]
Adam:  66%|██████▋   | 663/1000 [26:31 > 54:25]
Adam:  66%|██████▋   | 664/1000 [27:27 > 54:31]
Adam:  66%|██████▋   | 665/1000 [27:23 > 54:36]
Adam:  67%|██████▋   | 666/1000 [29:28 > 54:42]
Adam:  67%|██████▋   | 667/1000 [27:49 > 54:46]
Adam:  67%|██████▋   | 668/1000 [28:20 > 54:52]
Adam:  67%|██████▋   | 669/1000 [27:51 > 54:57]
Adam:  67%|██████▋   | 670/1000 [27:19 > 55:01]
Adam:  67%|██████▋   | 671/1000 [31:48 > 55:09]
Adam:  67%|██████▋   | 672/1000 [24:11 > 55:10]
Adam:  67%|██████▋   | 673/1000 [23:23 > 55:14]
Adam:  67%|██████▋   | 674/1000 [23:49 > 55:19]
Adam:  68%|██████▊   | 675/1000 [24:40 > 55:24]
Adam:  68%|██████▊   | 676/1000 [25:34 > 55:29]
Adam:  68%|██████▊   | 677/1000 [27:14 > 55:35]
Adam:  68%|██████▊   | 678/1000 [27:33 > 55:40]
Adam:  68%|██████▊   | 679/1000 [27:43 > 55:45]
Adam:  68%|██████▊   | 680/1000 [28:12 > 55:51]
Adam:  68%|██████▊   | 681/1000 [26:41 > 55:55]
Adam:  68%|██████▊   | 682/1000 [27:26 > 56:01]
Adam:  68%|██████▊   | 683/1000 [26:12 > 56:05]
Adam:  68%|██████▊   | 684/1000 [25:13 > 56:10]
Adam:  68%|██████▊   | 685/1000 [24:11 > 56:14]
Adam:  69%|██████▊   | 686/1000 [24:31 > 56:19]
Adam:  69%|██████▊   | 687/1000 [23:12 > 56:23]
Adam:  69%|██████▉   | 688/1000 [27:45 > 56:30]
Adam:  69%|██████▉   | 689/1000 [23:34 > 56:33]
Adam:  69%|██████▉   | 690/1000 [24:41 > 56:38]
Adam:  69%|██████▉   | 691/1000 [26:07 > 56:44]
Adam:  69%|██████▉   | 692/1000 [26:31 > 56:49]
Adam:  69%|██████▉   | 693/1000 [26:42 > 56:55]
Adam:  69%|██████▉   | 694/1000 [25:44 > 56:59]
Adam:  70%|██████▉   | 695/1000 [25:05 > 57:04]
Adam:  70%|██████▉   | 696/1000 [24:27 > 57:08]
Adam:  70%|██████▉   | 697/1000 [22:50 > 57:12]
Adam:  70%|██████▉   | 698/1000 [22:03 > 57:16]
Adam:  70%|██████▉   | 699/1000 [22:34 > 57:21]
Adam:  70%|███████   | 700/1000 [28:47 > 57:30]
Adam:  70%|███████   | 701/1000 [22:15 > 57:31]
Adam:  70%|███████   | 702/1000 [25:17 > 57:38]
Adam:  70%|███████   | 703/1000 [25:21 > 57:43]
Adam:  70%|███████   | 704/1000 [25:35 > 57:48]
Adam:  70%|███████   | 705/1000 [25:40 > 57:54]
Adam:  71%|███████   | 706/1000 [25:00 > 57:58]
Adam:  71%|███████   | 707/1000 [24:00 > 58:03]
Adam:  71%|███████   | 708/1000 [23:21 > 58:07]
Adam:  71%|███████   | 709/1000 [22:50 > 58:12]
Adam:  71%|███████   | 710/1000 [22:22 > 58:16]
Adam:  71%|███████   | 711/1000 [22:07 > 58:21]
Adam:  71%|███████   | 712/1000 [22:19 > 58:26]
Adam:  71%|███████▏  | 713/1000 [22:38 > 58:31]
Adam:  71%|███████▏  | 714/1000 [23:24 > 58:36]
Adam:  72%|███████▏  | 715/1000 [23:19 > 58:41]
Adam:  72%|███████▏  | 716/1000 [25:04 > 58:47]
Adam:  72%|███████▏  | 717/1000 [23:44 > 58:51]
Adam:  72%|███████▏  | 718/1000 [24:05 > 58:57]
Adam:  72%|███████▏  | 719/1000 [23:42 > 59:02]
Adam:  72%|███████▏  | 720/1000 [23:22 > 59:07]
Adam:  72%|███████▏  | 721/1000 [22:04 > 59:11]
Adam:  72%|███████▏  | 722/1000 [22:10 > 59:16]
Adam:  72%|███████▏  | 723/1000 [24:32 > 59:22]
Adam:  72%|███████▏  | 724/1000 [19:53 > 59:24]
Adam:  72%|███████▎  | 725/1000 [20:39 > 59:29]
Adam:  73%|███████▎  | 726/1000 [21:27 > 59:34]
Adam:  73%|███████▎  | 727/1000 [22:52 > 59:40]
Adam:  73%|███████▎  | 728/1000 [23:15 > 59:45]
Adam:  73%|███████▎  | 729/1000 [23:35 > 59:51]
Adam:  73%|███████▎  | 730/1000 [23:53 > 59:56]
Adam:  73%|███████▎  | 731/1000 [22:38 > 1:00:01]
Adam:  73%|███████▎  | 732/1000 [23:12 > 1:00:06]
Adam:  73%|███████▎  | 733/1000 [22:08 > 1:00:11]
Adam:  73%|███████▎  | 734/1000 [21:11 > 1:00:15]
Adam:  74%|███████▎  | 735/1000 [20:17 > 1:00:19]
Adam:  74%|███████▎  | 736/1000 [20:36 > 1:00:24]
Adam:  74%|███████▎  | 737/1000 [19:31 > 1:00:28]
Adam:  74%|███████▍  | 738/1000 [19:57 > 1:00:33]
Adam:  74%|███████▍  | 739/1000 [20:46 > 1:00:38]
Adam:  74%|███████▍  | 740/1000 [21:20 > 1:00:44]
Adam:  74%|███████▍  | 741/1000 [22:19 > 1:00:49]
Adam:  74%|███████▍  | 742/1000 [22:21 > 1:00:55]
Adam:  74%|███████▍  | 743/1000 [22:24 > 1:01:00]
Adam:  74%|███████▍  | 744/1000 [21:35 > 1:01:04]
Adam:  74%|███████▍  | 745/1000 [21:02 > 1:01:09]
Adam:  75%|███████▍  | 746/1000 [20:28 > 1:01:14]
Adam:  75%|███████▍  | 747/1000 [19:58 > 1:01:18]
Adam:  75%|███████▍  | 748/1000 [19:47 > 1:01:23]
Adam:  75%|███████▍  | 749/1000 [18:14 > 1:01:26]
Adam:  75%|███████▌  | 750/1000 [19:20 > 1:01:32]
Adam:  75%|███████▌  | 751/1000 [25:51 > 1:01:42]
Adam:  75%|███████▌  | 752/1000 [19:52 > 1:01:43]
Adam:  75%|███████▌  | 753/1000 [20:10 > 1:01:48]
Adam:  75%|███████▌  | 754/1000 [20:38 > 1:01:54]
Adam:  76%|███████▌  | 755/1000 [20:47 > 1:01:59]
Adam:  76%|███████▌  | 756/1000 [20:22 > 1:02:04]
Adam:  76%|███████▌  | 757/1000 [19:38 > 1:02:08]
Adam:  76%|███████▌  | 758/1000 [19:17 > 1:02:13]
Adam:  76%|███████▌  | 759/1000 [18:47 > 1:02:17]
Adam:  76%|███████▌  | 760/1000 [18:27 > 1:02:22]
Adam:  76%|███████▌  | 761/1000 [18:19 > 1:02:26]
Adam:  76%|███████▌  | 762/1000 [18:25 > 1:02:31]
Adam:  76%|███████▋  | 763/1000 [18:38 > 1:02:36]
Adam:  76%|███████▋  | 764/1000 [19:15 > 1:02:41]
Adam:  76%|███████▋  | 765/1000 [19:12 > 1:02:46]
Adam:  77%|███████▋  | 766/1000 [20:39 > 1:02:52]
Adam:  77%|███████▋  | 767/1000 [19:28 > 1:02:57]
Adam:  77%|███████▋  | 768/1000 [19:48 > 1:03:02]
Adam:  77%|███████▋  | 769/1000 [19:29 > 1:03:07]
Adam:  77%|███████▋  | 770/1000 [19:08 > 1:03:12]
Adam:  77%|███████▋  | 771/1000 [18:04 > 1:03:16]
Adam:  77%|███████▋  | 772/1000 [18:08 > 1:03:21]
Adam:  77%|███████▋  | 773/1000 [17:12 > 1:03:25]
Adam:  77%|███████▋  | 774/1000 [17:12 > 1:03:29]
Adam:  78%|███████▊  | 775/1000 [17:33 > 1:03:34]
Adam:  78%|███████▊  | 776/1000 [17:58 > 1:03:40]
Adam:  78%|███████▊  | 777/1000 [19:00 > 1:03:45]
Adam:  78%|███████▊  | 778/1000 [19:15 > 1:03:51]
Adam:  78%|███████▊  | 779/1000 [19:18 > 1:03:56]
Adam:  78%|███████▊  | 780/1000 [19:28 > 1:04:02]
Adam:  78%|███████▊  | 781/1000 [18:23 > 1:04:06]
Adam:  78%|███████▊  | 782/1000 [18:53 > 1:04:12]
Adam:  78%|███████▊  | 783/1000 [18:03 > 1:04:16]
Adam:  78%|███████▊  | 784/1000 [17:16 > 1:04:20]
Adam:  78%|███████▊  | 785/1000 [17:00 > 1:04:25]
Adam:  79%|███████▊  | 786/1000 [16:37 > 1:04:29]
Adam:  79%|███████▊  | 787/1000 [15:42 > 1:04:33]
Adam:  79%|███████▉  | 788/1000 [16:05 > 1:04:38]
Adam:  79%|███████▉  | 789/1000 [16:45 > 1:04:43]
Adam:  79%|███████▉  | 790/1000 [17:21 > 1:04:49]
Adam:  79%|███████▉  | 791/1000 [18:03 > 1:04:55]
Adam:  79%|███████▉  | 792/1000 [18:07 > 1:05:00]
Adam:  79%|███████▉  | 793/1000 [18:04 > 1:05:05]
Adam:  79%|███████▉  | 794/1000 [17:24 > 1:05:10]
Adam:  80%|███████▉  | 795/1000 [16:51 > 1:05:14]
Adam:  80%|███████▉  | 796/1000 [19:06 > 1:05:22]
Adam:  80%|███████▉  | 797/1000 [14:31 > 1:05:23]
Adam:  80%|███████▉  | 798/1000 [14:12 > 1:05:27]
Adam:  80%|███████▉  | 799/1000 [17:52 > 1:05:35]
Adam:  80%|████████  | 800/1000 [14:37 > 1:05:37]
Adam:  80%|████████  | 801/1000 [15:00 > 1:05:42]
Adam:  80%|████████  | 802/1000 [16:56 > 1:05:48]
Adam:  80%|████████  | 803/1000 [16:53 > 1:05:54]
Adam:  80%|████████  | 804/1000 [16:59 > 1:05:59]
Adam:  80%|████████  | 805/1000 [16:55 > 1:06:04]
Adam:  81%|████████  | 806/1000 [16:27 > 1:06:09]
Adam:  81%|████████  | 807/1000 [15:46 > 1:06:13]
Adam:  81%|████████  | 808/1000 [15:22 > 1:06:18]
Adam:  81%|████████  | 809/1000 [14:58 > 1:06:23]
Adam:  81%|████████  | 810/1000 [14:40 > 1:06:27]
Adam:  81%|████████  | 811/1000 [14:30 > 1:06:32]
Adam:  81%|████████  | 812/1000 [14:33 > 1:06:36]
Adam:  81%|████████▏ | 813/1000 [14:41 > 1:06:41]
Adam:  81%|████████▏ | 814/1000 [15:08 > 1:06:46]
Adam:  82%|████████▏ | 815/1000 [15:06 > 1:06:51]
Adam:  82%|████████▏ | 816/1000 [16:16 > 1:06:58]
Adam:  82%|████████▏ | 817/1000 [15:18 > 1:07:02]
Adam:  82%|████████▏ | 818/1000 [15:32 > 1:07:07]
Adam:  82%|████████▏ | 819/1000 [15:13 > 1:07:12]
Adam:  82%|████████▏ | 820/1000 [14:57 > 1:07:17]
Adam:  82%|████████▏ | 821/1000 [14:09 > 1:07:21]
Adam:  82%|████████▏ | 822/1000 [14:13 > 1:07:26]
Adam:  82%|████████▏ | 823/1000 [13:26 > 1:07:30]
Adam:  82%|████████▏ | 824/1000 [13:26 > 1:07:35]
Adam:  82%|████████▎ | 825/1000 [13:38 > 1:07:40]
Adam:  83%|████████▎ | 826/1000 [13:59 > 1:07:45]
Adam:  83%|████████▎ | 827/1000 [14:49 > 1:07:51]
Adam:  83%|████████▎ | 828/1000 [14:56 > 1:07:56]
Adam:  83%|████████▎ | 829/1000 [14:56 > 1:08:01]
Adam:  83%|████████▎ | 830/1000 [15:08 > 1:08:07]
Adam:  83%|████████▎ | 831/1000 [14:17 > 1:08:11]
Adam:  83%|████████▎ | 832/1000 [14:34 > 1:08:17]
Adam:  83%|████████▎ | 833/1000 [13:53 > 1:08:21]
Adam:  83%|████████▎ | 834/1000 [13:18 > 1:08:26]
Adam:  84%|████████▎ | 835/1000 [12:43 > 1:08:30]
Adam:  84%|████████▎ | 836/1000 [12:51 > 1:08:35]
Adam:  84%|████████▎ | 837/1000 [14:01 > 1:08:41]
Adam:  84%|████████▍ | 838/1000 [11:44 > 1:08:44]
Adam:  84%|████████▍ | 839/1000 [12:25 > 1:08:49]
Adam:  84%|████████▍ | 840/1000 [12:54 > 1:08:54]
Adam:  84%|████████▍ | 841/1000 [13:33 > 1:09:00]
Adam:  84%|████████▍ | 842/1000 [13:37 > 1:09:05]
Adam:  84%|████████▍ | 843/1000 [13:39 > 1:09:11]
Adam:  84%|████████▍ | 844/1000 [13:09 > 1:09:15]
Adam:  84%|████████▍ | 845/1000 [12:47 > 1:09:20]
Adam:  85%|████████▍ | 846/1000 [12:24 > 1:09:25]
Adam:  85%|████████▍ | 847/1000 [11:33 > 1:09:28]
Adam:  85%|████████▍ | 848/1000 [11:06 > 1:09:32]
Adam:  85%|████████▍ | 849/1000 [11:20 > 1:09:37]
Adam:  85%|████████▌ | 850/1000 [14:22 > 1:09:46]
Adam:  85%|████████▌ | 851/1000 [11:05 > 1:09:47]
Adam:  85%|████████▌ | 852/1000 [12:35 > 1:09:54]
Adam:  85%|████████▌ | 853/1000 [12:34 > 1:09:59]
Adam:  85%|████████▌ | 854/1000 [12:37 > 1:10:04]
Adam:  86%|████████▌ | 855/1000 [12:33 > 1:10:10]
Adam:  86%|████████▌ | 856/1000 [12:10 > 1:10:14]
Adam:  86%|████████▌ | 857/1000 [11:46 > 1:10:19]
Adam:  86%|████████▌ | 858/1000 [11:19 > 1:10:24]
Adam:  86%|████████▌ | 859/1000 [11:02 > 1:10:28]
Adam:  86%|████████▌ | 860/1000 [10:46 > 1:10:32]
Adam:  86%|████████▌ | 861/1000 [10:37 > 1:10:37]
Adam:  86%|████████▌ | 862/1000 [10:41 > 1:10:42]
Adam:  86%|████████▋ | 863/1000 [10:45 > 1:10:47]
Adam:  86%|████████▋ | 864/1000 [11:05 > 1:10:52]
Adam:  86%|████████▋ | 865/1000 [11:02 > 1:10:57]
Adam:  87%|████████▋ | 866/1000 [11:49 > 1:11:03]
Adam:  87%|████████▋ | 867/1000 [11:07 > 1:11:07]
Adam:  87%|████████▋ | 868/1000 [11:16 > 1:11:13]
Adam:  87%|████████▋ | 869/1000 [11:02 > 1:11:18]
Adam:  87%|████████▋ | 870/1000 [10:45 > 1:11:22]
Adam:  87%|████████▋ | 871/1000 [10:08 > 1:11:27]
Adam:  87%|████████▋ | 872/1000 [11:44 > 1:11:34]
Adam:  87%|████████▋ | 873/1000 [09:04 > 1:11:35]
Adam:  87%|████████▋ | 874/1000 [09:11 > 1:11:40]
Adam:  88%|████████▊ | 875/1000 [09:28 > 1:11:45]
Adam:  88%|████████▊ | 876/1000 [09:47 > 1:11:50]
Adam:  88%|████████▊ | 877/1000 [10:23 > 1:11:56]
Adam:  88%|████████▊ | 878/1000 [10:29 > 1:12:01]
Adam:  88%|████████▊ | 879/1000 [10:30 > 1:12:07]
Adam:  88%|████████▊ | 880/1000 [10:37 > 1:12:12]
Adam:  88%|████████▊ | 881/1000 [09:58 > 1:12:17]
Adam:  88%|████████▊ | 882/1000 [10:13 > 1:12:22]
Adam:  88%|████████▊ | 883/1000 [09:42 > 1:12:27]
Adam:  88%|████████▊ | 884/1000 [09:15 > 1:12:31]
Adam:  88%|████████▊ | 885/1000 [08:49 > 1:12:35]
Adam:  89%|████████▊ | 886/1000 [08:54 > 1:12:40]
Adam:  89%|████████▊ | 887/1000 [08:23 > 1:12:44]
Adam:  89%|████████▉ | 888/1000 [08:30 > 1:12:49]
Adam:  89%|████████▉ | 889/1000 [08:50 > 1:12:54]
Adam:  89%|████████▉ | 890/1000 [11:13 > 1:13:03]
Adam:  89%|████████▉ | 891/1000 [08:46 > 1:13:05]
Adam:  89%|████████▉ | 892/1000 [08:58 > 1:13:10]
Adam:  89%|████████▉ | 893/1000 [09:02 > 1:13:16]
Adam:  89%|████████▉ | 894/1000 [08:46 > 1:13:20]
Adam:  90%|████████▉ | 895/1000 [08:31 > 1:13:25]
Adam:  90%|████████▉ | 896/1000 [08:19 > 1:13:30]
Adam:  90%|████████▉ | 897/1000 [07:43 > 1:13:34]
Adam:  90%|████████▉ | 898/1000 [07:25 > 1:13:38]
Adam:  90%|████████▉ | 899/1000 [07:32 > 1:13:42]
Adam:  90%|█████████ | 900/1000 [07:52 > 1:13:48]
Adam:  90%|█████████ | 901/1000 [07:50 > 1:13:52]
Adam:  90%|█████████ | 902/1000 [08:38 > 1:13:59]
Adam:  90%|█████████ | 903/1000 [08:30 > 1:14:04]
Adam:  90%|█████████ | 904/1000 [08:28 > 1:14:10]
Adam:  90%|█████████ | 905/1000 [08:34 > 1:14:15]
Adam:  91%|█████████ | 906/1000 [07:57 > 1:14:20]
Adam:  91%|█████████ | 907/1000 [09:08 > 1:14:27]
Adam:  91%|█████████ | 908/1000 [06:56 > 1:14:29]
Adam:  91%|█████████ | 909/1000 [06:49 > 1:14:33]
Adam:  91%|█████████ | 910/1000 [06:44 > 1:14:38]
Adam:  91%|█████████ | 911/1000 [06:41 > 1:14:42]
Adam:  91%|█████████ | 912/1000 [06:44 > 1:14:47]
Adam:  91%|█████████▏| 913/1000 [06:47 > 1:14:52]
Adam:  91%|█████████▏| 914/1000 [06:58 > 1:14:57]
Adam:  92%|█████████▏| 915/1000 [06:55 > 1:15:02]
Adam:  92%|█████████▏| 916/1000 [07:24 > 1:15:08]
Adam:  92%|█████████▏| 917/1000 [06:55 > 1:15:13]
Adam:  92%|█████████▏| 918/1000 [07:00 > 1:15:18]
Adam:  92%|█████████▏| 919/1000 [06:50 > 1:15:23]
Adam:  92%|█████████▏| 920/1000 [06:39 > 1:15:28]
Adam:  92%|█████████▏| 921/1000 [06:15 > 1:15:32]
Adam:  92%|█████████▏| 922/1000 [06:12 > 1:15:37]
Adam:  92%|█████████▏| 923/1000 [05:49 > 1:15:41]
Adam:  92%|█████████▏| 924/1000 [05:45 > 1:15:45]
Adam:  92%|█████████▎| 925/1000 [05:50 > 1:15:50]
Adam:  93%|█████████▎| 926/1000 [05:57 > 1:15:56]
Adam:  93%|█████████▎| 927/1000 [06:14 > 1:16:01]
Adam:  93%|█████████▎| 928/1000 [06:16 > 1:16:07]
Adam:  93%|█████████▎| 929/1000 [06:13 > 1:16:12]
Adam:  93%|█████████▎| 930/1000 [06:46 > 1:16:19]
Adam:  93%|█████████▎| 931/1000 [05:37 > 1:16:22]
Adam:  93%|█████████▎| 932/1000 [05:46 > 1:16:28]
Adam:  93%|█████████▎| 933/1000 [05:28 > 1:16:32]
Adam:  93%|█████████▎| 934/1000 [05:12 > 1:16:36]
Adam:  94%|█████████▎| 935/1000 [04:58 > 1:16:41]
Adam:  94%|█████████▎| 936/1000 [04:59 > 1:16:46]
Adam:  94%|█████████▎| 937/1000 [04:41 > 1:16:50]
Adam:  94%|█████████▍| 938/1000 [04:43 > 1:16:54]
Adam:  94%|█████████▍| 939/1000 [04:51 > 1:17:00]
Adam:  94%|█████████▍| 940/1000 [04:57 > 1:17:05]
Adam:  94%|█████████▍| 941/1000 [05:05 > 1:17:11]
Adam:  94%|█████████▍| 942/1000 [05:02 > 1:17:16]
Adam:  94%|█████████▍| 943/1000 [04:58 > 1:17:21]
Adam:  94%|█████████▍| 944/1000 [04:43 > 1:17:26]
Adam:  94%|█████████▍| 945/1000 [04:32 > 1:17:31]
Adam:  95%|█████████▍| 946/1000 [04:22 > 1:17:35]
Adam:  95%|█████████▍| 947/1000 [04:00 > 1:17:39]
Adam:  95%|█████████▍| 948/1000 [03:48 > 1:17:43]
Adam:  95%|█████████▍| 949/1000 [03:49 > 1:17:48]
Adam:  95%|█████████▌| 950/1000 [03:57 > 1:17:53]
Adam:  95%|█████████▌| 951/1000 [03:53 > 1:17:58]
Adam:  95%|█████████▌| 952/1000 [04:40 > 1:18:06]
Adam:  95%|█████████▌| 953/1000 [04:00 > 1:18:10]
Adam:  95%|█████████▌| 954/1000 [03:58 > 1:18:15]
Adam:  96%|█████████▌| 955/1000 [03:53 > 1:18:20]
Adam:  96%|█████████▌| 956/1000 [03:43 > 1:18:25]
Adam:  96%|█████████▌| 957/1000 [03:30 > 1:18:30]
Adam:  96%|█████████▌| 958/1000 [03:21 > 1:18:34]
Adam:  96%|█████████▌| 959/1000 [03:12 > 1:18:39]
Adam:  96%|█████████▌| 960/1000 [03:05 > 1:18:43]
Adam:  96%|█████████▌| 961/1000 [02:58 > 1:18:48]
Adam:  96%|█████████▌| 962/1000 [02:56 > 1:18:52]
Adam:  96%|█████████▋| 963/1000 [02:54 > 1:18:57]
Adam:  96%|█████████▋| 964/1000 [02:56 > 1:19:03]
Adam:  96%|█████████▋| 965/1000 [02:51 > 1:19:07]
Adam:  97%|█████████▋| 966/1000 [03:00 > 1:19:14]
Adam:  97%|█████████▋| 967/1000 [02:45 > 1:19:18]
Adam:  97%|█████████▋| 968/1000 [02:43 > 1:19:23]
Adam:  97%|█████████▋| 969/1000 [02:36 > 1:19:28]
Adam:  97%|█████████▋| 970/1000 [02:28 > 1:19:33]
Adam:  97%|█████████▋| 971/1000 [02:16 > 1:19:37]
Adam:  97%|█████████▋| 972/1000 [02:13 > 1:19:42]
Adam:  97%|█████████▋| 973/1000 [02:02 > 1:19:46]
Adam:  97%|█████████▋| 974/1000 [01:57 > 1:19:51]
Adam:  98%|█████████▊| 975/1000 [01:56 > 1:19:56]
Adam:  98%|█████████▊| 976/1000 [01:55 > 1:20:01]
Adam:  98%|█████████▊| 977/1000 [01:57 > 1:20:07]
Adam:  98%|█████████▊| 978/1000 [01:54 > 1:20:12]
Adam:  98%|█████████▊| 979/1000 [01:49 > 1:20:17]
Adam:  98%|█████████▊| 980/1000 [01:46 > 1:20:23]
Adam:  98%|█████████▊| 981/1000 [01:36 > 1:20:27]
Adam:  98%|█████████▊| 982/1000 [01:33 > 1:20:33]
Adam:  98%|█████████▊| 983/1000 [01:24 > 1:20:37]
Adam:  98%|█████████▊| 984/1000 [01:16 > 1:20:42]
Adam:  98%|█████████▊| 985/1000 [01:09 > 1:20:46]
Adam:  99%|█████████▊| 986/1000 [01:05 > 1:20:51]
Adam:  99%|█████████▊| 987/1000 [00:57 > 1:20:55]
Adam:  99%|█████████▉| 988/1000 [01:07 > 1:21:03]
Adam:  99%|█████████▉| 989/1000 [00:49 > 1:21:05]
Adam:  99%|█████████▉| 990/1000 [00:47 > 1:21:10]
Adam:  99%|█████████▉| 991/1000 [00:45 > 1:21:16]
Adam:  99%|█████████▉| 992/1000 [00:40 > 1:21:21]
Adam:  99%|█████████▉| 993/1000 [00:36 > 1:21:26]
Adam:  99%|█████████▉| 994/1000 [00:30 > 1:21:31]
Adam: 100%|█████████▉| 995/1000 [00:24 > 1:21:36]
Adam: 100%|█████████▉| 996/1000 [00:19 > 1:21:40]
Adam: 100%|█████████▉| 997/1000 [00:13 > 1:21:44]
Adam: 100%|█████████▉| 998/1000 [00:08 > 1:21:48]
Adam: 100%|█████████▉| 999/1000 [00:04 > 1:21:53]
Adam: 100%|██████████| 1000/1000 [00:00 > 1:21:58]
Adam: 100%|██████████| 1000/1000 [00:00 > 1:21:58]
LBFGS (
Parameter Group 0
    history_size: 50
    line_search_fn: strong_wolfe
    lr: 0.1
    max_eval: 6
    max_iter: 5
    tolerance_change: 1e-09
    tolerance_grad: 1e-07
)
Early stopping: patience=150 L-BFGS steps (no total-loss improvement, rtol=1e-12)

L-BFGS:   0%|          | 0/250 [? > 00:00]
L-BFGS:   0%|          | 1/250 [41:08 > 00:09]
L-BFGS:   1%|          | 2/250 [29:04 > 00:14]
L-BFGS:   1%|          | 3/250 [25:55 > 00:20]
L-BFGS:   2%|▏         | 4/250 [24:28 > 00:25]
L-BFGS:   2%|▏         | 5/250 [22:29 > 00:30]
L-BFGS:   2%|▏         | 6/250 [21:09 > 00:35]
L-BFGS:   3%|▎         | 7/250 [20:12 > 00:39]
L-BFGS:   3%|▎         | 8/250 [19:24 > 00:44]
L-BFGS:   4%|▎         | 9/250 [18:43 > 00:48]
L-BFGS:   4%|▍         | 10/250 [18:35 > 00:53]
L-BFGS:   4%|▍         | 11/250 [18:35 > 00:57]
L-BFGS:   5%|▍         | 12/250 [18:37 > 01:02]
L-BFGS:   5%|▌         | 13/250 [18:48 > 01:07]
L-BFGS:   6%|▌         | 14/250 [19:40 > 01:12]
L-BFGS:   6%|▌         | 15/250 [20:44 > 01:18]
L-BFGS:   6%|▋         | 16/250 [19:48 > 01:23]
L-BFGS:   7%|▋         | 17/250 [20:01 > 01:28]
L-BFGS:   7%|▋         | 18/250 [19:25 > 01:33]
L-BFGS:   8%|▊         | 19/250 [19:01 > 01:38]
L-BFGS:   8%|▊         | 20/250 [18:16 > 01:42]
L-BFGS:   8%|▊         | 21/250 [18:23 > 01:47]
L-BFGS:   9%|▉         | 22/250 [17:03 > 01:51]
L-BFGS:   9%|▉         | 23/250 [16:57 > 01:55]
L-BFGS:  10%|▉         | 24/250 [17:23 > 02:00]
L-BFGS:  10%|█         | 25/250 [17:56 > 02:05]
L-BFGS:  10%|█         | 26/250 [19:01 > 02:11]
L-BFGS:  11%|█         | 27/250 [19:13 > 02:17]
L-BFGS:  11%|█         | 28/250 [19:23 > 02:22]
L-BFGS:  12%|█▏        | 29/250 [19:40 > 02:28]
L-BFGS:  12%|█▏        | 30/250 [18:27 > 02:32]
L-BFGS:  12%|█▏        | 31/250 [19:17 > 02:38]
L-BFGS:  13%|█▎        | 32/250 [17:58 > 02:42]
L-BFGS:  13%|█▎        | 33/250 [17:19 > 02:46]
L-BFGS:  14%|█▎        | 34/250 [16:41 > 02:51]
L-BFGS:  14%|█▍        | 35/250 [17:00 > 02:56]
L-BFGS:  14%|█▍        | 36/250 [15:46 > 02:59]
L-BFGS:  15%|█▍        | 37/250 [16:16 > 03:04]
L-BFGS:  15%|█▌        | 38/250 [16:25 > 03:09]
L-BFGS:  16%|█▌        | 39/250 [17:20 > 03:15]
L-BFGS:  16%|█▌        | 40/250 [18:00 > 03:20]
L-BFGS:  16%|█▋        | 41/250 [18:27 > 03:26]
L-BFGS:  17%|█▋        | 42/250 [18:07 > 03:31]
L-BFGS:  17%|█▋        | 43/250 [17:25 > 03:36]
L-BFGS:  18%|█▊        | 44/250 [17:00 > 03:40]
L-BFGS:  18%|█▊        | 45/250 [16:43 > 03:45]
L-BFGS:  18%|█▊        | 46/250 [15:29 > 03:49]
L-BFGS:  19%|█▉        | 47/250 [14:51 > 03:53]
L-BFGS:  19%|█▉        | 48/250 [14:53 > 03:57]
L-BFGS:  20%|█▉        | 49/250 [15:28 > 04:02]
L-BFGS:  20%|██        | 50/250 [15:48 > 04:08]
L-BFGS:  20%|██        | 51/250 [17:29 > 04:14]
L-BFGS:  21%|██        | 52/250 [17:10 > 04:19]
L-BFGS:  21%|██        | 53/250 [17:19 > 04:25]
L-BFGS:  22%|██▏       | 54/250 [17:24 > 04:30]
L-BFGS:  22%|██▏       | 55/250 [16:42 > 04:35]
L-BFGS:  22%|██▏       | 56/250 [16:07 > 04:39]
L-BFGS:  23%|██▎       | 57/250 [15:35 > 04:44]
L-BFGS:  23%|██▎       | 58/250 [15:07 > 04:48]
L-BFGS:  24%|██▎       | 59/250 [14:41 > 04:53]
L-BFGS:  24%|██▍       | 60/250 [14:35 > 04:57]
L-BFGS:  24%|██▍       | 61/250 [14:37 > 05:02]
L-BFGS:  25%|██▍       | 62/250 [14:39 > 05:07]
L-BFGS:  25%|██▌       | 63/250 [14:47 > 05:12]
L-BFGS:  26%|██▌       | 64/250 [15:25 > 05:17]
L-BFGS:  26%|██▌       | 65/250 [16:16 > 05:23]
L-BFGS:  26%|██▋       | 66/250 [15:35 > 05:28]
L-BFGS:  27%|██▋       | 67/250 [15:42 > 05:33]
L-BFGS:  27%|██▋       | 68/250 [15:11 > 05:38]
L-BFGS:  28%|██▊       | 69/250 [14:55 > 05:43]
L-BFGS:  28%|██▊       | 70/250 [14:15 > 05:47]
L-BFGS:  28%|██▊       | 71/250 [14:20 > 05:52]
L-BFGS:  29%|██▉       | 72/250 [13:19 > 05:56]
L-BFGS:  29%|██▉       | 73/250 [13:15 > 06:00]
L-BFGS:  30%|██▉       | 74/250 [13:32 > 06:05]
L-BFGS:  30%|███       | 75/250 [13:58 > 06:10]
L-BFGS:  30%|███       | 76/250 [14:45 > 06:16]
L-BFGS:  31%|███       | 77/250 [14:54 > 06:21]
L-BFGS:  31%|███       | 78/250 [15:02 > 06:27]
L-BFGS:  32%|███▏      | 79/250 [15:13 > 06:32]
L-BFGS:  32%|███▏      | 80/250 [14:17 > 06:37]
L-BFGS:  32%|███▏      | 81/250 [14:53 > 06:42]
L-BFGS:  33%|███▎      | 82/250 [13:54 > 06:47]
L-BFGS:  33%|███▎      | 83/250 [13:20 > 06:51]
L-BFGS:  34%|███▎      | 84/250 [12:51 > 06:55]
L-BFGS:  34%|███▍      | 85/250 [13:04 > 07:00]
L-BFGS:  34%|███▍      | 86/250 [12:05 > 07:04]
L-BFGS:  35%|███▍      | 87/250 [12:29 > 07:09]
L-BFGS:  35%|███▌      | 88/250 [12:37 > 07:14]
L-BFGS:  36%|███▌      | 89/250 [13:16 > 07:19]
L-BFGS:  36%|███▌      | 90/250 [13:49 > 07:25]
L-BFGS:  36%|███▋      | 91/250 [14:08 > 07:31]
L-BFGS:  37%|███▋      | 92/250 [13:53 > 07:36]
L-BFGS:  37%|███▋      | 93/250 [13:17 > 07:41]
L-BFGS:  38%|███▊      | 94/250 [12:55 > 07:45]
L-BFGS:  38%|███▊      | 95/250 [12:40 > 07:50]
L-BFGS:  38%|███▊      | 96/250 [11:43 > 07:54]
L-BFGS:  39%|███▉      | 97/250 [11:13 > 07:58]
L-BFGS:  39%|███▉      | 98/250 [11:15 > 08:02]
L-BFGS:  40%|███▉      | 99/250 [11:40 > 08:08]
L-BFGS:  40%|████      | 100/250 [11:54 > 08:13]
L-BFGS:  40%|████      | 101/250 [13:09 > 08:19]
L-BFGS:  41%|████      | 102/250 [12:50 > 08:24]
L-BFGS:  41%|████      | 103/250 [12:56 > 08:30]
L-BFGS:  42%|████▏     | 104/250 [12:58 > 08:35]
L-BFGS:  42%|████▏     | 105/250 [12:28 > 08:40]
L-BFGS:  42%|████▏     | 106/250 [12:04 > 08:45]
L-BFGS:  43%|████▎     | 107/250 [11:36 > 08:49]
L-BFGS:  43%|████▎     | 108/250 [11:16 > 08:54]
L-BFGS:  44%|████▎     | 109/250 [10:53 > 08:58]
L-BFGS:  44%|████▍     | 110/250 [10:49 > 09:03]
L-BFGS:  44%|████▍     | 111/250 [10:49 > 09:07]
L-BFGS:  45%|████▍     | 112/250 [10:47 > 09:12]
L-BFGS:  45%|████▌     | 113/250 [10:53 > 09:17]
L-BFGS:  46%|████▌     | 114/250 [11:19 > 09:23]
L-BFGS:  46%|████▌     | 115/250 [11:56 > 09:29]
L-BFGS:  46%|████▋     | 116/250 [11:25 > 09:33]
L-BFGS:  47%|████▋     | 117/250 [11:29 > 09:39]
L-BFGS:  47%|████▋     | 118/250 [11:04 > 09:43]
L-BFGS:  48%|████▊     | 119/250 [10:49 > 09:48]
L-BFGS:  48%|████▊     | 120/250 [10:19 > 09:52]
L-BFGS:  48%|████▊     | 121/250 [10:23 > 09:57]
L-BFGS:  49%|████▉     | 122/250 [09:36 > 10:01]
L-BFGS:  49%|████▉     | 123/250 [09:32 > 10:06]
L-BFGS:  50%|████▉     | 124/250 [09:42 > 10:10]
L-BFGS:  50%|█████     | 125/250 [09:59 > 10:16]
L-BFGS:  50%|█████     | 126/250 [10:32 > 10:22]
L-BFGS:  51%|█████     | 127/250 [10:35 > 10:27]
L-BFGS:  51%|█████     | 128/250 [10:42 > 10:32]
L-BFGS:  52%|█████▏    | 129/250 [10:47 > 10:38]
L-BFGS:  52%|█████▏    | 130/250 [10:06 > 10:42]
L-BFGS:  52%|█████▏    | 131/250 [10:26 > 10:48]
L-BFGS:  53%|█████▎    | 132/250 [09:43 > 10:52]
L-BFGS:  53%|█████▎    | 133/250 [09:20 > 10:57]
L-BFGS:  54%|█████▎    | 134/250 [08:56 > 11:01]
L-BFGS:  54%|█████▍    | 135/250 [09:05 > 11:06]
L-BFGS:  54%|█████▍    | 136/250 [08:22 > 11:09]
L-BFGS:  55%|█████▍    | 137/250 [08:37 > 11:14]
L-BFGS:  55%|█████▌    | 138/250 [08:42 > 11:19]
L-BFGS:  56%|█████▌    | 139/250 [09:09 > 11:25]
L-BFGS:  56%|█████▌    | 140/250 [09:27 > 11:31]
L-BFGS:  56%|█████▋    | 141/250 [09:39 > 11:36]
L-BFGS:  57%|█████▋    | 142/250 [09:26 > 11:41]
L-BFGS:  57%|█████▋    | 143/250 [09:03 > 11:46]
L-BFGS:  58%|█████▊    | 144/250 [08:47 > 11:51]
L-BFGS:  58%|█████▊    | 145/250 [08:35 > 11:56]
L-BFGS:  58%|█████▊    | 146/250 [07:56 > 11:59]
L-BFGS:  59%|█████▉    | 147/250 [07:34 > 12:03]
L-BFGS:  59%|█████▉    | 148/250 [07:33 > 12:08]
L-BFGS:  60%|█████▉    | 149/250 [07:49 > 12:13]
L-BFGS:  60%|██████    | 150/250 [07:56 > 12:18]
Early stopping at L-BFGS step 151/250: total loss unchanged for 150 steps (best=2.000000e+00).

L-BFGS:  60%|██████    | 150/250 [08:16 > 12:25]
Training saved: C:\Ali Computation\pinn\code\heterogeneous\pino_heterogeneous\results\exp_R_piecewise_K100_N500_adam1000_lr025_lbfgs250_maxiter5_float64\pino_heterogeneous_concentration.png C:\Ali Computation\pinn\code\heterogeneous\pino_heterogeneous\results\exp_R_piecewise_K100_N500_adam1000_lr025_lbfgs250_maxiter5_float64\pino_heterogeneous_loss.png C:\Ali Computation\pinn\code\heterogeneous\pino_heterogeneous\results\exp_R_piecewise_K100_N500_adam1000_lr025_lbfgs250_maxiter5_float64\pino_heterogeneous_model.pt
COMSOL validation: 81 media -> C:\Ali Computation\pinn\code\heterogeneous\pino_heterogeneous\results\exp_R_piecewise_K100_N500_adam1000_lr025_lbfgs250_maxiter5_float64\comsol_validation  (x* collocation n=86)

COMSOL vs PINO:   0%|          | 0/81 [00:00<?, ?it/s]
COMSOL vs PINO:   1%|          | 1/81 [00:01<01:21,  1.01s/it]
COMSOL vs PINO:   2%|▏         | 2/81 [00:02<01:20,  1.02s/it]
COMSOL vs PINO:   4%|▎         | 3/81 [00:03<01:19,  1.02s/it]
COMSOL vs PINO:   5%|▍         | 4/81 [00:04<01:25,  1.12s/it]
COMSOL vs PINO:   6%|▌         | 5/81 [00:05<01:22,  1.08s/it]
COMSOL vs PINO:   7%|▋         | 6/81 [00:06<01:19,  1.06s/it]
COMSOL vs PINO:   9%|▊         | 7/81 [00:07<01:17,  1.05s/it]
COMSOL vs PINO:  10%|▉         | 8/81 [00:08<01:15,  1.04s/it]
COMSOL vs PINO:  11%|█         | 9/81 [00:09<01:14,  1.04s/it]
COMSOL vs PINO:  12%|█▏        | 10/81 [00:10<01:13,  1.03s/it]
COMSOL vs PINO:  14%|█▎        | 11/81 [00:11<01:12,  1.03s/it]
COMSOL vs PINO:  15%|█▍        | 12/81 [00:12<01:11,  1.04s/it]
COMSOL vs PINO:  16%|█▌        | 13/81 [00:13<01:10,  1.03s/it]
COMSOL vs PINO:  17%|█▋        | 14/81 [00:14<01:08,  1.03s/it]
COMSOL vs PINO:  19%|█▊        | 15/81 [00:15<01:07,  1.02s/it]
COMSOL vs PINO:  20%|█▉        | 16/81 [00:16<01:07,  1.03s/it]
COMSOL vs PINO:  21%|██        | 17/81 [00:17<01:06,  1.04s/it]
COMSOL vs PINO:  22%|██▏       | 18/81 [00:18<01:05,  1.04s/it]
COMSOL vs PINO:  23%|██▎       | 19/81 [00:20<01:10,  1.14s/it]
COMSOL vs PINO:  25%|██▍       | 20/81 [00:21<01:06,  1.10s/it]
COMSOL vs PINO:  26%|██▌       | 21/81 [00:22<01:04,  1.07s/it]
COMSOL vs PINO:  27%|██▋       | 22/81 [00:23<01:02,  1.06s/it]
COMSOL vs PINO:  28%|██▊       | 23/81 [00:24<01:00,  1.05s/it]
COMSOL vs PINO:  30%|██▉       | 24/81 [00:25<00:59,  1.04s/it]
COMSOL vs PINO:  31%|███       | 25/81 [00:26<00:57,  1.03s/it]
COMSOL vs PINO:  32%|███▏      | 26/81 [00:27<00:56,  1.03s/it]
COMSOL vs PINO:  33%|███▎      | 27/81 [00:28<00:55,  1.02s/it]
COMSOL vs PINO:  35%|███▍      | 28/81 [00:29<00:54,  1.02s/it]
COMSOL vs PINO:  36%|███▌      | 29/81 [00:30<00:53,  1.02s/it]
COMSOL vs PINO:  37%|███▋      | 30/81 [00:31<00:52,  1.02s/it]
COMSOL vs PINO:  38%|███▊      | 31/81 [00:32<00:51,  1.02s/it]
COMSOL vs PINO:  40%|███▉      | 32/81 [00:33<00:49,  1.02s/it]
COMSOL vs PINO:  41%|████      | 33/81 [00:34<00:49,  1.02s/it]
COMSOL vs PINO:  42%|████▏     | 34/81 [00:35<00:52,  1.12s/it]
COMSOL vs PINO:  43%|████▎     | 35/81 [00:36<00:49,  1.09s/it]
COMSOL vs PINO:  44%|████▍     | 36/81 [00:37<00:48,  1.07s/it]
COMSOL vs PINO:  46%|████▌     | 37/81 [00:38<00:46,  1.05s/it]
COMSOL vs PINO:  47%|████▋     | 38/81 [00:39<00:44,  1.04s/it]
COMSOL vs PINO:  48%|████▊     | 39/81 [00:40<00:43,  1.03s/it]
COMSOL vs PINO:  49%|████▉     | 40/81 [00:41<00:42,  1.03s/it]
COMSOL vs PINO:  51%|█████     | 41/81 [00:42<00:41,  1.03s/it]
COMSOL vs PINO:  52%|█████▏    | 42/81 [00:43<00:39,  1.02s/it]
COMSOL vs PINO:  53%|█████▎    | 43/81 [00:44<00:38,  1.02s/it]
COMSOL vs PINO:  54%|█████▍    | 44/81 [00:45<00:37,  1.02s/it]
COMSOL vs PINO:  56%|█████▌    | 45/81 [00:46<00:36,  1.02s/it]
COMSOL vs PINO:  57%|█████▋    | 46/81 [00:47<00:35,  1.02s/it]
COMSOL vs PINO:  58%|█████▊    | 47/81 [00:49<00:37,  1.11s/it]
COMSOL vs PINO:  59%|█████▉    | 48/81 [00:50<00:35,  1.08s/it]
COMSOL vs PINO:  60%|██████    | 49/81 [00:51<00:34,  1.07s/it]
COMSOL vs PINO:  62%|██████▏   | 50/81 [00:52<00:33,  1.07s/it]
COMSOL vs PINO:  63%|██████▎   | 51/81 [00:53<00:31,  1.06s/it]
COMSOL vs PINO:  64%|██████▍   | 52/81 [00:54<00:30,  1.05s/it]
COMSOL vs PINO:  65%|██████▌   | 53/81 [00:55<00:29,  1.04s/it]
COMSOL vs PINO:  67%|██████▋   | 54/81 [00:56<00:28,  1.04s/it]
COMSOL vs PINO:  68%|██████▊   | 55/81 [00:57<00:27,  1.05s/it]
COMSOL vs PINO:  69%|██████▉   | 56/81 [00:58<00:26,  1.04s/it]
COMSOL vs PINO:  70%|███████   | 57/81 [00:59<00:24,  1.04s/it]
COMSOL vs PINO:  72%|███████▏  | 58/81 [01:00<00:23,  1.03s/it]
COMSOL vs PINO:  73%|███████▎  | 59/81 [01:01<00:22,  1.03s/it]
COMSOL vs PINO:  74%|███████▍  | 60/81 [01:02<00:21,  1.04s/it]
COMSOL vs PINO:  75%|███████▌  | 61/81 [01:03<00:20,  1.03s/it]
COMSOL vs PINO:  77%|███████▋  | 62/81 [01:05<00:21,  1.13s/it]
COMSOL vs PINO:  78%|███████▊  | 63/81 [01:06<00:19,  1.10s/it]
COMSOL vs PINO:  79%|███████▉  | 64/81 [01:07<00:18,  1.10s/it]
COMSOL vs PINO:  80%|████████  | 65/81 [01:08<00:17,  1.08s/it]
COMSOL vs PINO:  81%|████████▏ | 66/81 [01:09<00:15,  1.06s/it]
COMSOL vs PINO:  83%|████████▎ | 67/81 [01:10<00:14,  1.05s/it]
COMSOL vs PINO:  84%|████████▍ | 68/81 [01:11<00:13,  1.05s/it]
COMSOL vs PINO:  85%|████████▌ | 69/81 [01:12<00:12,  1.04s/it]
COMSOL vs PINO:  86%|████████▋ | 70/81 [01:13<00:11,  1.03s/it]
COMSOL vs PINO:  88%|████████▊ | 71/81 [01:14<00:10,  1.03s/it]
COMSOL vs PINO:  89%|████████▉ | 72/81 [01:15<00:09,  1.03s/it]
COMSOL vs PINO:  90%|█████████ | 73/81 [01:16<00:08,  1.03s/it]
COMSOL vs PINO:  91%|█████████▏| 74/81 [01:17<00:07,  1.02s/it]
COMSOL vs PINO:  93%|█████████▎| 75/81 [01:18<00:06,  1.02s/it]
COMSOL vs PINO:  94%|█████████▍| 76/81 [01:19<00:05,  1.04s/it]
COMSOL vs PINO:  95%|█████████▌| 77/81 [01:20<00:04,  1.13s/it]
COMSOL vs PINO:  96%|█████████▋| 78/81 [01:21<00:03,  1.10s/it]
COMSOL vs PINO:  98%|█████████▊| 79/81 [01:22<00:02,  1.07s/it]
COMSOL vs PINO:  99%|█████████▉| 80/81 [01:23<00:01,  1.06s/it]
COMSOL vs PINO: 100%|██████████| 81/81 [01:24<00:00,  1.05s/it]
COMSOL vs PINO: 100%|██████████| 81/81 [01:24<00:00,  1.05s/it]
COMSOL validation summary: n=81  mean=3.295354e+00  max=4.478565e+00  min=2.268606e+00
Wrote C:\Ali Computation\pinn\code\heterogeneous\pino_heterogeneous\results\exp_R_piecewise_K100_N500_adam1000_lr025_lbfgs250_maxiter5_float64\comsol_validation\comsol_validation_summary.csv
Run metadata: C:\Ali Computation\pinn\code\heterogeneous\pino_heterogeneous\results\exp_R_piecewise_K100_N500_adam1000_lr025_lbfgs250_maxiter5_float64\run_meta.json
Wall-clock train: 5665.0 s
Wall-clock validation: 85.0 s
Wall-clock total: 5761.6 s  device=cuda

# exit 0 after 1:36:11.248831
