# code/heterogeneous/pino_heterogeneous/pinn1d_heterogeneous_parametric_neural_operator.py --design grf --n-sensors 100 --n-grf 0 --n-piecewise-per-zones 100 --piecewise-zone-counts 1,2,3,4,5 --min-zone-frac 0.1 --arch w64 --dtype float64 --early-stop-patience 150 --lr-lbfgs 0.1 --lbfgs-max-iter 5 --epochs 1000 --out-dir results/exp_Qa_piecewise_K100_N500_z1to5_min10pct_w64_float64_lr01_maxiter5
# started 2026-06-21 19:40:08
# cwd C:\Ali Computation\pinn\code\heterogeneous\pino_heterogeneous

Using GPU: NVIDIA GeForce RTX 3090 (cuda:0, dtype=torch.float64)
PE (computed) = 0.010368
design=grf  media_mode=grf  n_train_requested=500  n_corner_anchors=16  arch=w64  amortize_branch=False  hard_bc=False  inlet_tau=0.05  batch_mode=True
branch=[100, 64, 64, 64]  trunk=[2, 64, 64, 64, 64]
results_dir=C:\Ali Computation\pinn\code\heterogeneous\pino_heterogeneous\results\exp_Qa_piecewise_K100_N500_z1to5_min10pct_w64_float64_lr01_maxiter5
Training: 500 piecewise (100 each for zones [1, 2, 3, 4, 5]), min_zone_frac=0.1 = 500 total; K=100 uniform sensors, grid_n=201
  saved/loaded: C:\Ali Computation\pinn\code\heterogeneous\pino_heterogeneous\results\exp_Qa_piecewise_K100_N500_z1to5_min10pct_w64_float64_lr01_maxiter5\train_grf_cases.npz
  branch CFL range [0.120459, 0.599738]
PDE mesh: bulk 50x50x500 (no interface bands in GRF mode)
COMSOL validation: 81 fixed grid cases from comsol_4zones.txt -> C:\Ali Computation\pinn\code\heterogeneous\pino_heterogeneous\results\exp_Qa_piecewise_K100_N500_z1to5_min10pct_w64_float64_lr01_maxiter5\comsol_validation
run_training=True  run_comsol_validation=True  validate_only=False  skip_validation_plots=False
L-BFGS early stopping: patience=150 (max steps=1000)
L-BFGS: lr=0.1  max_iter=5  outer_steps=1000
PDE collocation points: 1,250,000 (bulk 1,250,000, interface 0)
Collocation mesh plot (pre-train): C:\Ali Computation\pinn\code\heterogeneous\pino_heterogeneous\results\exp_Qa_piecewise_K100_N500_z1to5_min10pct_w64_float64_lr01_maxiter5\pino_heterogeneous_collocation_points.png
LBFGS (
Parameter Group 0
    history_size: 50
    line_search_fn: strong_wolfe
    lr: 0.1
    max_eval: 6
    max_iter: 5
    tolerance_change: 1e-09
    tolerance_grad: 1e-07
)
Early stopping: patience=150 L-BFGS steps (no total-loss improvement, rtol=1e-12)

L-BFGS:   0%|          | 0/1000 [? > 00:00]
L-BFGS:   0%|          | 1/1000 [12:11:32 > 00:43]
L-BFGS:   0%|          | 2/1000 [12:04:02 > 01:27]
L-BFGS:   0%|          | 3/1000 [11:02:45 > 02:02]
L-BFGS:   0%|          | 4/1000 [11:23:58 > 02:45]
L-BFGS:   0%|          | 5/1000 [11:26:07 > 03:27]
L-BFGS:   1%|          | 6/1000 [10:53:44 > 04:03]
L-BFGS:   1%|          | 7/1000 [11:05:45 > 04:45]
L-BFGS:   1%|          | 8/1000 [11:11:54 > 05:26]
L-BFGS:   1%|          | 9/1000 [11:20:12 > 06:09]
L-BFGS:   1%|          | 10/1000 [11:19:41 > 06:50]
L-BFGS:   1%|          | 11/1000 [10:46:39 > 07:25]
L-BFGS:   1%|          | 12/1000 [11:05:50 > 08:08]
L-BFGS:   1%|▏         | 13/1000 [11:07:12 > 08:49]
L-BFGS:   1%|▏         | 14/1000 [11:18:20 > 09:32]
L-BFGS:   2%|▏         | 15/1000 [11:20:53 > 10:13]
L-BFGS:   2%|▏         | 16/1000 [11:20:17 > 10:55]
L-BFGS:   2%|▏         | 17/1000 [11:00:31 > 11:33]
L-BFGS:   2%|▏         | 18/1000 [11:05:58 > 12:14]
L-BFGS:   2%|▏         | 19/1000 [11:08:45 > 12:56]
L-BFGS:   2%|▏         | 20/1000 [11:16:41 > 13:38]
L-BFGS:   2%|▏         | 21/1000 [11:16:43 > 14:20]
L-BFGS:   2%|▏         | 22/1000 [10:46:57 > 14:55]
L-BFGS:   2%|▏         | 23/1000 [10:57:12 > 15:37]
L-BFGS:   2%|▏         | 24/1000 [11:02:22 > 16:19]
L-BFGS:   2%|▎         | 25/1000 [11:13:53 > 17:02]
L-BFGS:   3%|▎         | 26/1000 [10:41:53 > 17:37]
L-BFGS:   3%|▎         | 27/1000 [10:25:23 > 18:13]
L-BFGS:   3%|▎         | 28/1000 [10:44:29 > 18:56]
L-BFGS:   3%|▎         | 29/1000 [10:45:35 > 19:36]
L-BFGS:   3%|▎         | 30/1000 [10:57:55 > 20:19]
L-BFGS:   3%|▎         | 31/1000 [10:58:15 > 21:00]
L-BFGS:   3%|▎         | 32/1000 [11:00:01 > 21:41]
L-BFGS:   3%|▎         | 33/1000 [11:09:33 > 22:24]
L-BFGS:   3%|▎         | 34/1000 [11:11:34 > 23:06]
L-BFGS:   4%|▎         | 35/1000 [10:45:40 > 23:42]
L-BFGS:   4%|▎         | 36/1000 [10:24:48 > 24:18]
L-BFGS:   4%|▎         | 37/1000 [10:37:20 > 25:00]
L-BFGS:   4%|▍         | 38/1000 [10:21:28 > 25:37]
L-BFGS:   4%|▍         | 39/1000 [10:27:56 > 26:17]
L-BFGS:   4%|▍         | 40/1000 [10:39:54 > 26:59]
L-BFGS:   4%|▍         | 41/1000 [10:23:16 > 27:35]
L-BFGS:   4%|▍         | 42/1000 [10:05:16 > 28:11]
L-BFGS:   4%|▍         | 43/1000 [10:31:33 > 28:54]
L-BFGS:   4%|▍         | 44/1000 [10:14:29 > 29:30]
L-BFGS:   4%|▍         | 45/1000 [10:04:50 > 30:07]
L-BFGS:   5%|▍         | 46/1000 [10:12:44 > 30:47]
L-BFGS:   5%|▍         | 47/1000 [9:58:37 > 31:23] 
L-BFGS:   5%|▍         | 48/1000 [9:55:20 > 32:00]
L-BFGS:   5%|▍         | 49/1000 [9:48:29 > 32:36]
L-BFGS:   5%|▌         | 50/1000 [10:10:54 > 33:18]
L-BFGS:   5%|▌         | 51/1000 [10:27:06 > 34:00]
L-BFGS:   5%|▌         | 52/1000 [10:11:39 > 34:37]
L-BFGS:   5%|▌         | 53/1000 [9:47:53 > 35:10] 
L-BFGS:   5%|▌         | 54/1000 [10:12:23 > 35:53]
L-BFGS:   6%|▌         | 55/1000 [10:28:01 > 36:35]
L-BFGS:   6%|▌         | 56/1000 [10:04:10 > 37:10]
L-BFGS:   6%|▌         | 57/1000 [9:56:32 > 37:47] 
L-BFGS:   6%|▌         | 58/1000 [9:45:59 > 38:23]
L-BFGS:   6%|▌         | 59/1000 [10:09:33 > 39:05]
L-BFGS:   6%|▌         | 60/1000 [10:19:55 > 39:47]
L-BFGS:   6%|▌         | 61/1000 [10:25:25 > 40:28]
L-BFGS:   6%|▌         | 62/1000 [10:11:57 > 41:05]
L-BFGS:   6%|▋         | 63/1000 [10:19:31 > 41:46]
L-BFGS:   6%|▋         | 64/1000 [10:05:56 > 42:23]
L-BFGS:   6%|▋         | 65/1000 [9:54:27 > 42:59] 
L-BFGS:   7%|▋         | 66/1000 [9:39:27 > 43:34]
L-BFGS:   7%|▋         | 67/1000 [10:01:10 > 44:16]
L-BFGS:   7%|▋         | 68/1000 [10:11:38 > 44:57]
L-BFGS:   7%|▋         | 69/1000 [9:59:30 > 45:34] 
L-BFGS:   7%|▋         | 70/1000 [9:42:16 > 46:09]
L-BFGS:   7%|▋         | 71/1000 [9:39:13 > 46:46]
L-BFGS:   7%|▋         | 72/1000 [9:35:17 > 47:23]
L-BFGS:   7%|▋         | 73/1000 [9:20:13 > 47:57]
L-BFGS:   7%|▋         | 74/1000 [9:22:44 > 48:34]
L-BFGS:   8%|▊         | 75/1000 [9:18:23 > 49:10]
L-BFGS:   8%|▊         | 76/1000 [9:21:49 > 49:47]
L-BFGS:   8%|▊         | 77/1000 [9:15:41 > 50:22]
L-BFGS:   8%|▊         | 78/1000 [9:45:46 > 51:05]
L-BFGS:   8%|▊         | 79/1000 [9:26:39 > 51:39]
L-BFGS:   8%|▊         | 80/1000 [9:47:06 > 52:20]
L-BFGS:   8%|▊         | 81/1000 [10:06:23 > 53:03]
L-BFGS:   8%|▊         | 82/1000 [9:49:45 > 53:39] 
L-BFGS:   8%|▊         | 83/1000 [10:09:08 > 54:22]
L-BFGS:   8%|▊         | 84/1000 [10:15:37 > 55:03]
L-BFGS:   8%|▊         | 85/1000 [10:20:04 > 55:45]
L-BFGS:   9%|▊         | 86/1000 [10:02:56 > 56:22]
L-BFGS:   9%|▊         | 87/1000 [9:34:29 > 56:55] 
L-BFGS:   9%|▉         | 88/1000 [10:00:15 > 57:39]
L-BFGS:   9%|▉         | 89/1000 [9:43:07 > 58:15] 
L-BFGS:   9%|▉         | 90/1000 [9:55:48 > 58:56]
L-BFGS:   9%|▉         | 91/1000 [9:45:34 > 59:33]
L-BFGS:   9%|▉         | 92/1000 [9:59:11 > 1:00:15]
L-BFGS:   9%|▉         | 93/1000 [10:12:40 > 1:00:58]
L-BFGS:   9%|▉         | 94/1000 [10:14:38 > 1:01:39]
L-BFGS:  10%|▉         | 95/1000 [10:18:58 > 1:02:21]
L-BFGS:  10%|▉         | 96/1000 [9:52:55 > 1:02:56] 
L-BFGS:  10%|▉         | 97/1000 [9:58:18 > 1:03:37]
L-BFGS:  10%|▉         | 98/1000 [10:08:58 > 1:04:19]
L-BFGS:  10%|▉         | 99/1000 [9:53:43 > 1:04:56] 
L-BFGS:  10%|█         | 100/1000 [9:38:16 > 1:05:33]
L-BFGS:  10%|█         | 101/1000 [9:26:43 > 1:06:09]
L-BFGS:  10%|█         | 102/1000 [9:13:40 > 1:06:44]
L-BFGS:  10%|█         | 103/1000 [9:10:30 > 1:07:20]
L-BFGS:  10%|█         | 104/1000 [9:02:56 > 1:07:56]
L-BFGS:  10%|█         | 105/1000 [9:32:53 > 1:08:39]
L-BFGS:  11%|█         | 106/1000 [9:20:59 > 1:09:15]
L-BFGS:  11%|█         | 107/1000 [9:14:56 > 1:09:51]
L-BFGS:  11%|█         | 108/1000 [9:30:24 > 1:10:32]
L-BFGS:  11%|█         | 109/1000 [9:39:38 > 1:11:13]
L-BFGS:  11%|█         | 110/1000 [9:27:30 > 1:11:49]
L-BFGS:  11%|█         | 111/1000 [9:36:22 > 1:12:29]
L-BFGS:  11%|█         | 112/1000 [9:55:48 > 1:13:13]
L-BFGS:  11%|█▏        | 113/1000 [9:41:15 > 1:13:50]
L-BFGS:  11%|█▏        | 114/1000 [9:21:23 > 1:14:25]
L-BFGS:  12%|█▏        | 115/1000 [9:14:24 > 1:15:02]
L-BFGS:  12%|█▏        | 116/1000 [9:32:06 > 1:15:43]
L-BFGS:  12%|█▏        | 117/1000 [9:18:03 > 1:16:19]
L-BFGS:  12%|█▏        | 118/1000 [9:04:34 > 1:16:54]
L-BFGS:  12%|█▏        | 119/1000 [9:30:20 > 1:17:37]
L-BFGS:  12%|█▏        | 120/1000 [9:45:29 > 1:18:20]
L-BFGS:  12%|█▏        | 121/1000 [9:24:52 > 1:18:55]
L-BFGS:  12%|█▏        | 122/1000 [9:44:44 > 1:19:38]
L-BFGS:  12%|█▏        | 123/1000 [9:22:40 > 1:20:13]
L-BFGS:  12%|█▏        | 124/1000 [9:09:32 > 1:20:49]
L-BFGS:  12%|█▎        | 125/1000 [9:27:17 > 1:21:31]
L-BFGS:  13%|█▎        | 126/1000 [9:12:30 > 1:22:06]
L-BFGS:  13%|█▎        | 127/1000 [9:07:59 > 1:22:43]
L-BFGS:  13%|█▎        | 128/1000 [9:23:51 > 1:23:25]
L-BFGS:  13%|█▎        | 129/1000 [9:37:34 > 1:24:07]
L-BFGS:  13%|█▎        | 130/1000 [9:48:53 > 1:24:50]
L-BFGS:  13%|█▎        | 131/1000 [9:16:13 > 1:25:23]
L-BFGS:  13%|█▎        | 132/1000 [9:34:03 > 1:26:05]
L-BFGS:  13%|█▎        | 133/1000 [9:42:26 > 1:26:47]
L-BFGS:  13%|█▎        | 134/1000 [9:45:13 > 1:27:28]
L-BFGS:  14%|█▎        | 135/1000 [9:28:59 > 1:28:05]
L-BFGS:  14%|█▎        | 136/1000 [9:13:49 > 1:28:41]
L-BFGS:  14%|█▎        | 137/1000 [9:07:08 > 1:29:18]
L-BFGS:  14%|█▍        | 138/1000 [9:17:58 > 1:29:59]
L-BFGS:  14%|█▍        | 139/1000 [9:06:53 > 1:30:36]
L-BFGS:  14%|█▍        | 140/1000 [8:56:24 > 1:31:11]
L-BFGS:  14%|█▍        | 141/1000 [8:52:31 > 1:31:48]
L-BFGS:  14%|█▍        | 142/1000 [8:46:55 > 1:32:24]
L-BFGS:  14%|█▍        | 143/1000 [8:43:46 > 1:33:00]
L-BFGS:  14%|█▍        | 144/1000 [8:38:22 > 1:33:36]
L-BFGS:  14%|█▍        | 145/1000 [8:54:36 > 1:34:16]
L-BFGS:  15%|█▍        | 146/1000 [9:20:18 > 1:35:00]
L-BFGS:  15%|█▍        | 147/1000 [9:05:40 > 1:35:36]
L-BFGS:  15%|█▍        | 148/1000 [9:16:29 > 1:36:17]
L-BFGS:  15%|█▍        | 149/1000 [9:03:38 > 1:36:53]
L-BFGS:  15%|█▌        | 150/1000 [8:50:32 > 1:37:29]
L-BFGS:  15%|█▌        | 151/1000 [9:13:08 > 1:38:12]
L-BFGS:  15%|█▌        | 152/1000 [9:14:16 > 1:38:51]
L-BFGS:  15%|█▌        | 153/1000 [9:30:54 > 1:39:34]
L-BFGS:  15%|█▌        | 154/1000 [9:39:24 > 1:40:17]
L-BFGS:  16%|█▌        | 155/1000 [9:14:34 > 1:40:52]
L-BFGS:  16%|█▌        | 156/1000 [9:30:26 > 1:41:36]
L-BFGS:  16%|█▌        | 157/1000 [9:09:54 > 1:42:12]
L-BFGS:  16%|█▌        | 158/1000 [8:58:28 > 1:42:48]
L-BFGS:  16%|█▌        | 159/1000 [8:39:25 > 1:43:22]
L-BFGS:  16%|█▌        | 160/1000 [8:34:32 > 1:43:58]
L-BFGS:  16%|█▌        | 161/1000 [8:57:22 > 1:44:41]
L-BFGS:  16%|█▌        | 162/1000 [9:06:07 > 1:45:21]
L-BFGS:  16%|█▋        | 163/1000 [8:59:15 > 1:45:59]
L-BFGS:  16%|█▋        | 164/1000 [8:46:14 > 1:46:34]
L-BFGS:  16%|█▋        | 165/1000 [9:01:21 > 1:47:16]
L-BFGS:  17%|█▋        | 166/1000 [8:45:52 > 1:47:51]
L-BFGS:  17%|█▋        | 167/1000 [9:02:13 > 1:48:33]
L-BFGS:  17%|█▋        | 168/1000 [8:53:48 > 1:49:10]
L-BFGS:  17%|█▋        | 169/1000 [8:39:34 > 1:49:46]
L-BFGS:  17%|█▋        | 170/1000 [8:39:14 > 1:50:23]
L-BFGS:  17%|█▋        | 171/1000 [8:29:14 > 1:50:59]
L-BFGS:  17%|█▋        | 172/1000 [8:23:16 > 1:51:34]
L-BFGS:  17%|█▋        | 173/1000 [8:44:19 > 1:52:16]
L-BFGS:  17%|█▋        | 174/1000 [8:35:06 > 1:52:52]
L-BFGS:  18%|█▊        | 175/1000 [8:58:27 > 1:53:35]
L-BFGS:  18%|█▊        | 176/1000 [9:05:20 > 1:54:16]
L-BFGS:  18%|█▊        | 177/1000 [9:17:57 > 1:54:59]
L-BFGS:  18%|█▊        | 178/1000 [8:59:47 > 1:55:35]
L-BFGS:  18%|█▊        | 179/1000 [9:04:05 > 1:56:16]
L-BFGS:  18%|█▊        | 180/1000 [9:16:14 > 1:56:59]
L-BFGS:  18%|█▊        | 181/1000 [9:16:35 > 1:57:40]
L-BFGS:  18%|█▊        | 182/1000 [8:50:44 > 1:58:14]
L-BFGS:  18%|█▊        | 183/1000 [8:41:03 > 1:58:51]
L-BFGS:  18%|█▊        | 184/1000 [8:54:48 > 1:59:33]
L-BFGS:  18%|█▊        | 185/1000 [8:45:28 > 2:00:10]
L-BFGS:  19%|█▊        | 186/1000 [8:29:04 > 2:00:45]
L-BFGS:  19%|█▊        | 187/1000 [8:22:14 > 2:01:21]
L-BFGS:  19%|█▉        | 188/1000 [8:16:54 > 2:01:57]
L-BFGS:  19%|█▉        | 189/1000 [8:15:17 > 2:02:33]
L-BFGS:  19%|█▉        | 190/1000 [8:34:51 > 2:03:15]
L-BFGS:  19%|█▉        | 191/1000 [8:25:12 > 2:03:51]
L-BFGS:  19%|█▉        | 192/1000 [8:20:39 > 2:04:27]
L-BFGS:  19%|█▉        | 193/1000 [8:32:04 > 2:05:08]
L-BFGS:  19%|█▉        | 194/1000 [8:26:31 > 2:05:44]
L-BFGS:  20%|█▉        | 195/1000 [8:19:57 > 2:06:21]
L-BFGS:  20%|█▉        | 196/1000 [8:15:59 > 2:06:57]
L-BFGS:  20%|█▉        | 197/1000 [8:10:28 > 2:07:33]
L-BFGS:  20%|█▉        | 198/1000 [8:07:04 > 2:08:09]
L-BFGS:  20%|█▉        | 199/1000 [8:04:15 > 2:08:45]
L-BFGS:  20%|██        | 200/1000 [7:56:38 > 2:09:19]
L-BFGS:  20%|██        | 201/1000 [8:00:52 > 2:09:56]
L-BFGS:  20%|██        | 202/1000 [7:58:31 > 2:10:32]
L-BFGS:  20%|██        | 203/1000 [8:27:12 > 2:11:15]
L-BFGS:  20%|██        | 204/1000 [8:37:24 > 2:11:56]
L-BFGS:  20%|██        | 205/1000 [8:46:24 > 2:12:37]
L-BFGS:  21%|██        | 206/1000 [8:57:04 > 2:13:20]
L-BFGS:  21%|██        | 207/1000 [8:33:43 > 2:13:55]
L-BFGS:  21%|██        | 208/1000 [8:28:08 > 2:14:33]
L-BFGS:  21%|██        | 209/1000 [8:17:03 > 2:15:08]
L-BFGS:  21%|██        | 210/1000 [8:31:33 > 2:15:50]
L-BFGS:  21%|██        | 211/1000 [8:43:14 > 2:16:32]
L-BFGS:  21%|██        | 212/1000 [8:49:30 > 2:17:13]
L-BFGS:  21%|██▏       | 213/1000 [8:29:05 > 2:17:49]
L-BFGS:  21%|██▏       | 214/1000 [8:11:46 > 2:18:23]
L-BFGS:  22%|██▏       | 215/1000 [8:08:46 > 2:19:00]
L-BFGS:  22%|██▏       | 216/1000 [8:05:37 > 2:19:37]
L-BFGS:  22%|██▏       | 217/1000 [7:59:25 > 2:20:13]
L-BFGS:  22%|██▏       | 218/1000 [7:53:49 > 2:20:48]
L-BFGS:  22%|██▏       | 219/1000 [7:50:51 > 2:21:24]
L-BFGS:  22%|██▏       | 220/1000 [7:54:08 > 2:22:01]
L-BFGS:  22%|██▏       | 221/1000 [8:12:49 > 2:22:43]
L-BFGS:  22%|██▏       | 222/1000 [8:30:08 > 2:23:25]
L-BFGS:  22%|██▏       | 223/1000 [8:43:25 > 2:24:08]
L-BFGS:  22%|██▏       | 224/1000 [8:43:53 > 2:24:49]
L-BFGS:  22%|██▎       | 225/1000 [8:53:35 > 2:25:32]
L-BFGS:  23%|██▎       | 226/1000 [8:53:53 > 2:26:14]
L-BFGS:  23%|██▎       | 227/1000 [8:24:31 > 2:26:47]
L-BFGS:  23%|██▎       | 228/1000 [8:39:24 > 2:27:31]
L-BFGS:  23%|██▎       | 229/1000 [8:19:42 > 2:28:06]
L-BFGS:  23%|██▎       | 230/1000 [8:13:42 > 2:28:44]
L-BFGS:  23%|██▎       | 231/1000 [8:22:23 > 2:29:24]
L-BFGS:  23%|██▎       | 232/1000 [8:10:34 > 2:30:01]
L-BFGS:  23%|██▎       | 233/1000 [8:26:09 > 2:30:43]
L-BFGS:  23%|██▎       | 234/1000 [8:28:19 > 2:31:24]
L-BFGS:  24%|██▎       | 235/1000 [8:38:10 > 2:32:06]
L-BFGS:  24%|██▎       | 236/1000 [8:15:55 > 2:32:41]
L-BFGS:  24%|██▎       | 237/1000 [8:05:40 > 2:33:18]
L-BFGS:  24%|██▍       | 238/1000 [8:18:24 > 2:33:59]
L-BFGS:  24%|██▍       | 239/1000 [8:34:18 > 2:34:43]
L-BFGS:  24%|██▍       | 240/1000 [8:43:36 > 2:35:26]
L-BFGS:  24%|██▍       | 241/1000 [8:42:43 > 2:36:07]
L-BFGS:  24%|██▍       | 242/1000 [8:23:18 > 2:36:44]
L-BFGS:  24%|██▍       | 243/1000 [8:05:21 > 2:37:19]
L-BFGS:  24%|██▍       | 244/1000 [8:11:43 > 2:37:59]
L-BFGS:  24%|██▍       | 245/1000 [8:05:24 > 2:38:37]
L-BFGS:  25%|██▍       | 246/1000 [8:17:52 > 2:39:19]
L-BFGS:  25%|██▍       | 247/1000 [8:21:41 > 2:40:00]
L-BFGS:  25%|██▍       | 248/1000 [8:10:27 > 2:40:37]
L-BFGS:  25%|██▍       | 249/1000 [8:22:37 > 2:41:19]
L-BFGS:  25%|██▌       | 250/1000 [8:32:05 > 2:42:02]
L-BFGS:  25%|██▌       | 251/1000 [8:30:41 > 2:42:43]
L-BFGS:  25%|██▌       | 252/1000 [8:31:19 > 2:43:24]
L-BFGS:  25%|██▌       | 253/1000 [8:13:15 > 2:44:01]
L-BFGS:  25%|██▌       | 254/1000 [8:15:16 > 2:44:41]
L-BFGS:  26%|██▌       | 255/1000 [8:24:00 > 2:45:23]
L-BFGS:  26%|██▌       | 256/1000 [8:10:09 > 2:46:00]
L-BFGS:  26%|██▌       | 257/1000 [7:56:02 > 2:46:36]
L-BFGS:  26%|██▌       | 258/1000 [7:48:58 > 2:47:13]
L-BFGS:  26%|██▌       | 259/1000 [7:34:06 > 2:47:47]
L-BFGS:  26%|██▌       | 260/1000 [7:35:10 > 2:48:24]
L-BFGS:  26%|██▌       | 261/1000 [7:49:16 > 2:49:05]
L-BFGS:  26%|██▌       | 262/1000 [7:46:08 > 2:49:43]
L-BFGS:  26%|██▋       | 263/1000 [7:37:35 > 2:50:18]
L-BFGS:  26%|██▋       | 264/1000 [7:32:49 > 2:50:55]
L-BFGS:  26%|██▋       | 265/1000 [7:48:04 > 2:51:36]
L-BFGS:  27%|██▋       | 266/1000 [7:35:14 > 2:52:11]
L-BFGS:  27%|██▋       | 267/1000 [7:56:18 > 2:52:54]
L-BFGS:  27%|██▋       | 268/1000 [7:42:47 > 2:53:29]
L-BFGS:  27%|██▋       | 269/1000 [7:58:22 > 2:54:12]
L-BFGS:  27%|██▋       | 270/1000 [8:10:57 > 2:54:55]
L-BFGS:  27%|██▋       | 271/1000 [7:50:04 > 2:55:29]
L-BFGS:  27%|██▋       | 272/1000 [8:03:57 > 2:56:12]
L-BFGS:  27%|██▋       | 273/1000 [7:44:20 > 2:56:47]
L-BFGS:  27%|██▋       | 274/1000 [7:38:26 > 2:57:24]
L-BFGS:  28%|██▊       | 275/1000 [7:27:21 > 2:57:59]
L-BFGS:  28%|██▊       | 276/1000 [7:26:18 > 2:58:36]
L-BFGS:  28%|██▊       | 277/1000 [7:49:07 > 2:59:19]
L-BFGS:  28%|██▊       | 278/1000 [7:55:15 > 3:00:00]
L-BFGS:  28%|██▊       | 279/1000 [7:43:55 > 3:00:36]
L-BFGS:  28%|██▊       | 280/1000 [7:30:06 > 3:01:11]
L-BFGS:  28%|██▊       | 281/1000 [7:46:46 > 3:01:54]
L-BFGS:  28%|██▊       | 282/1000 [7:35:40 > 3:02:30]
L-BFGS:  28%|██▊       | 283/1000 [7:45:12 > 3:03:11]
L-BFGS:  28%|██▊       | 284/1000 [7:58:41 > 3:03:53]
L-BFGS:  28%|██▊       | 285/1000 [7:58:25 > 3:04:34]
L-BFGS:  29%|██▊       | 286/1000 [7:45:37 > 3:05:10]
L-BFGS:  29%|██▊       | 287/1000 [7:58:33 > 3:05:53]
L-BFGS:  29%|██▉       | 288/1000 [7:58:22 > 3:06:34]
L-BFGS:  29%|██▉       | 289/1000 [8:05:12 > 3:07:16]
L-BFGS:  29%|██▉       | 290/1000 [7:46:40 > 3:07:52]
L-BFGS:  29%|██▉       | 291/1000 [7:35:41 > 3:08:29]
L-BFGS:  29%|██▉       | 292/1000 [7:45:57 > 3:09:10]
L-BFGS:  29%|██▉       | 293/1000 [7:52:36 > 3:09:52]
L-BFGS:  29%|██▉       | 294/1000 [7:41:11 > 3:10:29]
L-BFGS:  30%|██▉       | 295/1000 [7:44:46 > 3:11:09]
L-BFGS:  30%|██▉       | 296/1000 [7:30:20 > 3:11:45]
L-BFGS:  30%|██▉       | 297/1000 [7:47:33 > 3:12:28]
L-BFGS:  30%|██▉       | 298/1000 [7:48:19 > 3:13:09]
L-BFGS:  30%|██▉       | 299/1000 [7:39:16 > 3:13:46]
L-BFGS:  30%|███       | 300/1000 [7:29:21 > 3:14:23]
L-BFGS:  30%|███       | 301/1000 [7:40:27 > 3:15:05]
L-BFGS:  30%|███       | 302/1000 [7:45:29 > 3:15:46]
L-BFGS:  30%|███       | 303/1000 [7:28:56 > 3:16:21]
L-BFGS:  30%|███       | 304/1000 [7:20:26 > 3:16:58]
L-BFGS:  30%|███       | 305/1000 [7:28:19 > 3:17:38]
L-BFGS:  31%|███       | 306/1000 [7:23:59 > 3:18:16]
L-BFGS:  31%|███       | 307/1000 [7:35:18 > 3:18:58]
L-BFGS:  31%|███       | 308/1000 [7:22:07 > 3:19:34]
L-BFGS:  31%|███       | 309/1000 [7:15:59 > 3:20:10]
L-BFGS:  31%|███       | 310/1000 [7:02:20 > 3:20:44]
L-BFGS:  31%|███       | 311/1000 [7:25:07 > 3:21:28]
L-BFGS:  31%|███       | 312/1000 [7:29:59 > 3:22:08]
L-BFGS:  31%|███▏      | 313/1000 [7:41:27 > 3:22:51]
L-BFGS:  31%|███▏      | 314/1000 [7:30:21 > 3:23:28]
L-BFGS:  32%|███▏      | 315/1000 [7:13:22 > 3:24:03]
L-BFGS:  32%|███▏      | 316/1000 [7:08:47 > 3:24:40]
L-BFGS:  32%|███▏      | 317/1000 [7:21:25 > 3:25:21]
L-BFGS:  32%|███▏      | 318/1000 [7:10:39 > 3:25:57]
L-BFGS:  32%|███▏      | 319/1000 [7:22:53 > 3:26:39]
L-BFGS:  32%|███▏      | 320/1000 [7:30:37 > 3:27:20]
L-BFGS:  32%|███▏      | 321/1000 [7:42:31 > 3:28:04]
L-BFGS:  32%|███▏      | 322/1000 [7:41:28 > 3:28:44]
L-BFGS:  32%|███▏      | 323/1000 [7:48:38 > 3:29:28]
L-BFGS:  32%|███▏      | 324/1000 [7:32:42 > 3:30:05]
L-BFGS:  32%|███▎      | 325/1000 [7:34:04 > 3:30:45]
L-BFGS:  33%|███▎      | 326/1000 [7:20:50 > 3:31:22]
L-BFGS:  33%|███▎      | 327/1000 [7:28:21 > 3:32:04]
L-BFGS:  33%|███▎      | 328/1000 [7:12:58 > 3:32:39]
L-BFGS:  33%|███▎      | 329/1000 [7:04:31 > 3:33:16]
L-BFGS:  33%|███▎      | 330/1000 [7:14:28 > 3:33:57]
L-BFGS:  33%|███▎      | 331/1000 [7:07:51 > 3:34:34]
L-BFGS:  33%|███▎      | 332/1000 [6:56:51 > 3:35:09]
L-BFGS:  33%|███▎      | 333/1000 [6:48:33 > 3:35:44]
L-BFGS:  33%|███▎      | 334/1000 [6:44:00 > 3:36:20]
L-BFGS:  34%|███▎      | 335/1000 [6:45:25 > 3:36:57]
L-BFGS:  34%|███▎      | 336/1000 [6:38:44 > 3:37:32]
L-BFGS:  34%|███▎      | 337/1000 [7:03:06 > 3:38:15]
L-BFGS:  34%|███▍      | 338/1000 [7:15:21 > 3:38:57]
L-BFGS:  34%|███▍      | 339/1000 [6:57:45 > 3:39:32]
L-BFGS:  34%|███▍      | 340/1000 [7:12:08 > 3:40:14]
L-BFGS:  34%|███▍      | 341/1000 [7:19:49 > 3:40:56]
L-BFGS:  34%|███▍      | 342/1000 [7:03:42 > 3:41:31]
L-BFGS:  34%|███▍      | 343/1000 [7:15:51 > 3:42:14]
L-BFGS:  34%|███▍      | 344/1000 [7:21:58 > 3:42:56]
L-BFGS:  34%|███▍      | 345/1000 [7:28:43 > 3:43:38]
L-BFGS:  35%|███▍      | 346/1000 [7:30:55 > 3:44:20]
L-BFGS:  35%|███▍      | 347/1000 [7:31:22 > 3:45:02]
L-BFGS:  35%|███▍      | 348/1000 [7:15:52 > 3:45:39]
L-BFGS:  35%|███▍      | 349/1000 [6:52:53 > 3:46:12]
L-BFGS:  35%|███▌      | 350/1000 [6:51:14 > 3:46:50]
L-BFGS:  35%|███▌      | 351/1000 [6:44:41 > 3:47:26]
L-BFGS:  35%|███▌      | 352/1000 [6:40:20 > 3:48:02]
L-BFGS:  35%|███▌      | 353/1000 [6:34:02 > 3:48:38]
L-BFGS:  35%|███▌      | 354/1000 [6:48:31 > 3:49:19]
L-BFGS:  36%|███▌      | 355/1000 [7:04:05 > 3:50:02]
L-BFGS:  36%|███▌      | 356/1000 [7:03:46 > 3:50:42]
L-BFGS:  36%|███▌      | 357/1000 [6:53:47 > 3:51:18]
L-BFGS:  36%|███▌      | 358/1000 [7:10:02 > 3:52:02]
L-BFGS:  36%|███▌      | 359/1000 [7:11:08 > 3:52:43]
L-BFGS:  36%|███▌      | 360/1000 [7:19:23 > 3:53:26]
L-BFGS:  36%|███▌      | 361/1000 [7:01:47 > 3:54:02]
L-BFGS:  36%|███▌      | 362/1000 [6:51:26 > 3:54:38]
L-BFGS:  36%|███▋      | 363/1000 [6:36:11 > 3:55:12]
L-BFGS:  36%|███▋      | 364/1000 [6:31:05 > 3:55:48]
L-BFGS:  36%|███▋      | 365/1000 [6:31:46 > 3:56:26]
L-BFGS:  37%|███▋      | 366/1000 [6:23:47 > 3:57:00]
L-BFGS:  37%|███▋      | 367/1000 [6:24:45 > 3:57:37]
L-BFGS:  37%|███▋      | 368/1000 [6:17:24 > 3:58:11]
L-BFGS:  37%|███▋      | 369/1000 [6:21:12 > 3:58:49]
L-BFGS:  37%|███▋      | 370/1000 [6:35:07 > 3:59:30]
L-BFGS:  37%|███▋      | 371/1000 [6:32:32 > 4:00:07]
L-BFGS:  37%|███▋      | 372/1000 [6:49:24 > 4:00:50]
L-BFGS:  37%|███▋      | 373/1000 [6:53:01 > 4:01:30]
L-BFGS:  37%|███▋      | 374/1000 [6:44:13 > 4:02:07]
L-BFGS:  38%|███▊      | 375/1000 [6:30:41 > 4:02:42]
L-BFGS:  38%|███▊      | 376/1000 [6:28:14 > 4:03:19]
L-BFGS:  38%|███▊      | 377/1000 [6:42:13 > 4:04:01]
L-BFGS:  38%|███▊      | 378/1000 [6:34:50 > 4:04:37]
L-BFGS:  38%|███▊      | 379/1000 [6:48:16 > 4:05:20]
L-BFGS:  38%|███▊      | 380/1000 [6:52:02 > 4:06:01]
L-BFGS:  38%|███▊      | 381/1000 [6:59:28 > 4:06:43]
L-BFGS:  38%|███▊      | 382/1000 [6:44:24 > 4:07:19]
L-BFGS:  38%|███▊      | 383/1000 [6:28:24 > 4:07:53]
L-BFGS:  38%|███▊      | 384/1000 [6:24:21 > 4:08:30]
L-BFGS:  38%|███▊      | 385/1000 [6:17:43 > 4:09:06]
L-BFGS:  39%|███▊      | 386/1000 [6:35:50 > 4:09:48]
L-BFGS:  39%|███▊      | 387/1000 [6:40:24 > 4:10:29]
L-BFGS:  39%|███▉      | 388/1000 [6:32:28 > 4:11:06]
L-BFGS:  39%|███▉      | 389/1000 [6:44:59 > 4:11:48]
L-BFGS:  39%|███▉      | 390/1000 [6:24:56 > 4:12:22]
L-BFGS:  39%|███▉      | 391/1000 [6:40:18 > 4:13:05]
L-BFGS:  39%|███▉      | 392/1000 [6:30:19 > 4:13:41]
L-BFGS:  39%|███▉      | 393/1000 [6:40:58 > 4:14:24]
L-BFGS:  39%|███▉      | 394/1000 [6:46:15 > 4:15:05]
L-BFGS:  40%|███▉      | 395/1000 [6:49:49 > 4:15:47]
L-BFGS:  40%|███▉      | 396/1000 [6:55:11 > 4:16:29]
L-BFGS:  40%|███▉      | 397/1000 [6:35:08 > 4:17:04]
L-BFGS:  40%|███▉      | 398/1000 [6:23:08 > 4:17:40]
L-BFGS:  40%|███▉      | 399/1000 [6:38:06 > 4:18:23]
L-BFGS:  40%|████      | 400/1000 [6:21:36 > 4:18:58]
L-BFGS:  40%|████      | 401/1000 [6:36:57 > 4:19:41]
L-BFGS:  40%|████      | 402/1000 [6:43:42 > 4:20:23]
L-BFGS:  40%|████      | 403/1000 [6:30:32 > 4:21:00]
L-BFGS:  40%|████      | 404/1000 [6:35:48 > 4:21:41]
L-BFGS:  40%|████      | 405/1000 [6:40:07 > 4:22:23]
L-BFGS:  41%|████      | 406/1000 [6:48:21 > 4:23:06]
L-BFGS:  41%|████      | 407/1000 [6:46:51 > 4:23:47]
L-BFGS:  41%|████      | 408/1000 [6:28:44 > 4:24:22]
L-BFGS:  41%|████      | 409/1000 [6:37:45 > 4:25:05]
L-BFGS:  41%|████      | 410/1000 [6:21:56 > 4:25:40]
L-BFGS:  41%|████      | 411/1000 [6:34:00 > 4:26:23]
L-BFGS:  41%|████      | 412/1000 [6:20:37 > 4:26:59]
L-BFGS:  41%|████▏     | 413/1000 [6:27:51 > 4:27:41]
L-BFGS:  41%|████▏     | 414/1000 [6:16:14 > 4:28:16]
L-BFGS:  42%|████▏     | 415/1000 [6:21:45 > 4:28:57]
L-BFGS:  42%|████▏     | 416/1000 [6:30:19 > 4:29:39]
L-BFGS:  42%|████▏     | 417/1000 [6:13:34 > 4:30:14]
L-BFGS:  42%|████▏     | 418/1000 [6:27:36 > 4:30:57]
L-BFGS:  42%|████▏     | 419/1000 [6:18:39 > 4:31:35]
L-BFGS:  42%|████▏     | 420/1000 [6:23:42 > 4:32:16]
L-BFGS:  42%|████▏     | 421/1000 [6:32:40 > 4:32:59]
L-BFGS:  42%|████▏     | 422/1000 [6:17:27 > 4:33:34]
L-BFGS:  42%|████▏     | 423/1000 [6:21:51 > 4:34:15]
L-BFGS:  42%|████▏     | 424/1000 [6:09:08 > 4:34:51]
L-BFGS:  42%|████▎     | 425/1000 [6:00:55 > 4:35:27]
L-BFGS:  43%|████▎     | 426/1000 [6:00:04 > 4:36:04]
L-BFGS:  43%|████▎     | 427/1000 [5:52:35 > 4:36:39]
L-BFGS:  43%|████▎     | 428/1000 [6:10:03 > 4:37:23]
L-BFGS:  43%|████▎     | 429/1000 [5:58:39 > 4:37:58]
L-BFGS:  43%|████▎     | 430/1000 [5:52:05 > 4:38:33]
L-BFGS:  43%|████▎     | 431/1000 [5:49:41 > 4:39:10]
L-BFGS:  43%|████▎     | 432/1000 [6:01:20 > 4:39:51]
L-BFGS:  43%|████▎     | 433/1000 [6:15:42 > 4:40:34]
L-BFGS:  43%|████▎     | 434/1000 [6:01:39 > 4:41:09]
L-BFGS:  44%|████▎     | 435/1000 [6:11:45 > 4:41:52]
L-BFGS:  44%|████▎     | 436/1000 [6:00:13 > 4:42:27]
L-BFGS:  44%|████▎     | 437/1000 [5:49:23 > 4:43:02]
L-BFGS:  44%|████▍     | 438/1000 [6:03:37 > 4:43:44]
L-BFGS:  44%|████▍     | 439/1000 [5:55:01 > 4:44:20]
L-BFGS:  44%|████▍     | 440/1000 [5:52:09 > 4:44:58]
L-BFGS:  44%|████▍     | 441/1000 [5:59:31 > 4:45:38]
L-BFGS:  44%|████▍     | 442/1000 [5:52:31 > 4:46:14]
L-BFGS:  44%|████▍     | 443/1000 [5:45:45 > 4:46:50]
L-BFGS:  44%|████▍     | 444/1000 [5:39:55 > 4:47:26]
L-BFGS:  44%|████▍     | 445/1000 [5:40:02 > 4:48:02]
L-BFGS:  45%|████▍     | 446/1000 [5:36:50 > 4:48:38]
L-BFGS:  45%|████▍     | 447/1000 [5:53:39 > 4:49:21]
L-BFGS:  45%|████▍     | 448/1000 [5:40:53 > 4:49:55]
L-BFGS:  45%|████▍     | 449/1000 [5:53:50 > 4:50:37]
L-BFGS:  45%|████▌     | 450/1000 [6:06:43 > 4:51:21]
L-BFGS:  45%|████▌     | 451/1000 [5:50:53 > 4:51:55]
L-BFGS:  45%|████▌     | 452/1000 [6:04:06 > 4:52:38]
L-BFGS:  45%|████▌     | 453/1000 [5:54:44 > 4:53:15]
L-BFGS:  45%|████▌     | 454/1000 [5:47:32 > 4:53:52]
L-BFGS:  46%|████▌     | 455/1000 [5:34:15 > 4:54:25]
L-BFGS:  46%|████▌     | 456/1000 [5:48:16 > 4:55:07]
L-BFGS:  46%|████▌     | 457/1000 [5:44:11 > 4:55:44]
L-BFGS:  46%|████▌     | 458/1000 [5:35:29 > 4:56:20]
L-BFGS:  46%|████▌     | 459/1000 [5:33:33 > 4:56:56]
L-BFGS:  46%|████▌     | 460/1000 [5:29:54 > 4:57:32]
L-BFGS:  46%|████▌     | 461/1000 [5:46:02 > 4:58:15]
L-BFGS:  46%|████▌     | 462/1000 [5:32:42 > 4:58:49]
L-BFGS:  46%|████▋     | 463/1000 [5:46:40 > 4:59:31]
L-BFGS:  46%|████▋     | 464/1000 [5:55:49 > 5:00:14]
L-BFGS:  46%|████▋     | 465/1000 [5:42:22 > 5:00:49]
L-BFGS:  47%|████▋     | 466/1000 [5:37:42 > 5:01:26]
L-BFGS:  47%|████▋     | 467/1000 [5:31:23 > 5:02:01]
L-BFGS:  47%|████▋     | 468/1000 [5:44:34 > 5:02:44]
L-BFGS:  47%|████▋     | 469/1000 [5:32:25 > 5:03:18]
L-BFGS:  47%|████▋     | 470/1000 [5:42:25 > 5:04:00]
L-BFGS:  47%|████▋     | 471/1000 [5:37:55 > 5:04:37]
L-BFGS:  47%|████▋     | 472/1000 [5:30:28 > 5:05:13]
L-BFGS:  47%|████▋     | 473/1000 [5:28:01 > 5:05:50]
L-BFGS:  47%|████▋     | 474/1000 [5:22:18 > 5:06:25]
L-BFGS:  48%|████▊     | 475/1000 [5:34:04 > 5:07:07]
L-BFGS:  48%|████▊     | 476/1000 [5:42:02 > 5:07:48]
L-BFGS:  48%|████▊     | 477/1000 [5:32:37 > 5:08:24]
L-BFGS:  48%|████▊     | 478/1000 [5:44:44 > 5:09:07]
L-BFGS:  48%|████▊     | 479/1000 [5:32:57 > 5:09:42]
L-BFGS:  48%|████▊     | 480/1000 [5:42:49 > 5:10:25]
L-BFGS:  48%|████▊     | 481/1000 [5:52:36 > 5:11:08]
L-BFGS:  48%|████▊     | 482/1000 [5:35:05 > 5:11:43]
L-BFGS:  48%|████▊     | 483/1000 [5:27:29 > 5:12:19]
L-BFGS:  48%|████▊     | 484/1000 [5:36:44 > 5:13:01]
L-BFGS:  48%|████▊     | 485/1000 [5:44:24 > 5:13:43]
L-BFGS:  49%|████▊     | 486/1000 [5:47:00 > 5:14:24]
L-BFGS:  49%|████▊     | 487/1000 [5:47:25 > 5:15:05]
L-BFGS:  49%|████▉     | 488/1000 [5:52:42 > 5:15:48]
L-BFGS:  49%|████▉     | 489/1000 [5:35:23 > 5:16:23]
L-BFGS:  49%|████▉     | 490/1000 [5:45:19 > 5:17:07]
L-BFGS:  49%|████▉     | 491/1000 [5:48:25 > 5:17:49]
L-BFGS:  49%|████▉     | 492/1000 [5:30:52 > 5:18:23]
L-BFGS:  49%|████▉     | 493/1000 [5:22:51 > 5:18:59]
L-BFGS:  49%|████▉     | 494/1000 [5:32:16 > 5:19:42]
L-BFGS:  50%|████▉     | 495/1000 [5:35:48 > 5:20:23]
L-BFGS:  50%|████▉     | 496/1000 [5:41:53 > 5:21:05]
L-BFGS:  50%|████▉     | 497/1000 [5:44:18 > 5:21:47]
L-BFGS:  50%|████▉     | 498/1000 [5:47:44 > 5:22:30]
L-BFGS:  50%|████▉     | 499/1000 [5:48:13 > 5:23:12]
L-BFGS:  50%|█████     | 500/1000 [5:32:52 > 5:23:48]
L-BFGS:  50%|█████     | 501/1000 [5:23:01 > 5:24:24]
L-BFGS:  50%|█████     | 502/1000 [5:24:46 > 5:25:04]
L-BFGS:  50%|█████     | 503/1000 [5:20:38 > 5:25:42]
L-BFGS:  50%|█████     | 504/1000 [5:26:56 > 5:26:23]
L-BFGS:  50%|█████     | 505/1000 [5:29:23 > 5:27:04]
L-BFGS:  51%|█████     | 506/1000 [5:21:47 > 5:27:41]
L-BFGS:  51%|█████     | 507/1000 [5:12:51 > 5:28:17]
L-BFGS:  51%|█████     | 508/1000 [5:08:56 > 5:28:53]
L-BFGS:  51%|█████     | 509/1000 [4:59:17 > 5:29:27]
L-BFGS:  51%|█████     | 510/1000 [5:12:47 > 5:30:10]
L-BFGS:  51%|█████     | 511/1000 [5:09:16 > 5:30:47]
L-BFGS:  51%|█████     | 512/1000 [5:03:37 > 5:31:23]
L-BFGS:  51%|█████▏    | 513/1000 [5:01:27 > 5:32:00]
L-BFGS:  51%|█████▏    | 514/1000 [4:53:15 > 5:32:34]
L-BFGS:  52%|█████▏    | 515/1000 [4:55:06 > 5:33:11]
L-BFGS:  52%|█████▏    | 516/1000 [5:05:03 > 5:33:52]
L-BFGS:  52%|█████▏    | 517/1000 [5:15:12 > 5:34:34]
L-BFGS:  52%|█████▏    | 518/1000 [5:24:51 > 5:35:17]
L-BFGS:  52%|█████▏    | 519/1000 [5:10:14 > 5:35:52]
L-BFGS:  52%|█████▏    | 520/1000 [5:04:59 > 5:36:29]
L-BFGS:  52%|█████▏    | 521/1000 [5:12:22 > 5:37:10]
L-BFGS:  52%|█████▏    | 522/1000 [5:03:37 > 5:37:46]
L-BFGS:  52%|█████▏    | 523/1000 [5:11:22 > 5:38:28]
L-BFGS:  52%|█████▏    | 524/1000 [5:16:29 > 5:39:09]
L-BFGS:  52%|█████▎    | 525/1000 [5:23:53 > 5:39:52]
L-BFGS:  53%|█████▎    | 526/1000 [5:10:05 > 5:40:28]
L-BFGS:  53%|█████▎    | 527/1000 [5:17:22 > 5:41:10]
L-BFGS:  53%|█████▎    | 528/1000 [5:23:10 > 5:41:53]
L-BFGS:  53%|█████▎    | 529/1000 [5:07:48 > 5:42:28]
L-BFGS:  53%|█████▎    | 530/1000 [5:14:45 > 5:43:11]
L-BFGS:  53%|█████▎    | 531/1000 [5:17:24 > 5:43:52]
L-BFGS:  53%|█████▎    | 532/1000 [5:16:29 > 5:44:33]
L-BFGS:  53%|█████▎    | 533/1000 [5:21:50 > 5:45:16]
L-BFGS:  53%|█████▎    | 534/1000 [5:07:15 > 5:45:51]
L-BFGS:  54%|█████▎    | 535/1000 [5:01:49 > 5:46:29]
L-BFGS:  54%|█████▎    | 536/1000 [4:51:56 > 5:47:04]
L-BFGS:  54%|█████▎    | 537/1000 [5:01:04 > 5:47:46]
L-BFGS:  54%|█████▍    | 538/1000 [4:52:30 > 5:48:21]
L-BFGS:  54%|█████▍    | 539/1000 [4:57:09 > 5:49:02]
L-BFGS:  54%|█████▍    | 540/1000 [5:05:49 > 5:49:44]
L-BFGS:  54%|█████▍    | 541/1000 [4:56:32 > 5:50:21]
L-BFGS:  54%|█████▍    | 542/1000 [5:03:14 > 5:51:03]
L-BFGS:  54%|█████▍    | 543/1000 [4:54:51 > 5:51:39]
L-BFGS:  54%|█████▍    | 544/1000 [4:48:58 > 5:52:15]
L-BFGS:  55%|█████▍    | 545/1000 [4:57:28 > 5:52:57]
L-BFGS:  55%|█████▍    | 546/1000 [4:43:41 > 5:53:31]
L-BFGS:  55%|█████▍    | 547/1000 [4:56:47 > 5:54:14]
L-BFGS:  55%|█████▍    | 548/1000 [4:48:20 > 5:54:50]
L-BFGS:  55%|█████▍    | 549/1000 [4:43:56 > 5:55:27]
L-BFGS:  55%|█████▌    | 550/1000 [4:39:18 > 5:56:03]
L-BFGS:  55%|█████▌    | 551/1000 [4:49:24 > 5:56:45]
L-BFGS:  55%|█████▌    | 552/1000 [4:43:15 > 5:57:21]
L-BFGS:  55%|█████▌    | 553/1000 [4:46:54 > 5:58:01]
L-BFGS:  55%|█████▌    | 554/1000 [4:55:22 > 5:58:43]
L-BFGS:  56%|█████▌    | 555/1000 [5:01:48 > 5:59:26]
L-BFGS:  56%|█████▌    | 556/1000 [5:00:02 > 6:00:07]
L-BFGS:  56%|█████▌    | 557/1000 [5:05:48 > 6:00:50]
L-BFGS:  56%|█████▌    | 558/1000 [5:06:18 > 6:01:32]
L-BFGS:  56%|█████▌    | 559/1000 [5:05:33 > 6:02:14]
L-BFGS:  56%|█████▌    | 560/1000 [4:54:08 > 6:02:50]
L-BFGS:  56%|█████▌    | 561/1000 [4:58:06 > 6:03:32]
L-BFGS:  56%|█████▌    | 562/1000 [4:48:13 > 6:04:09]
L-BFGS:  56%|█████▋    | 563/1000 [4:50:59 > 6:04:50]
L-BFGS:  56%|█████▋    | 564/1000 [4:51:42 > 6:05:31]
L-BFGS:  56%|█████▋    | 565/1000 [4:44:37 > 6:06:08]
L-BFGS:  57%|█████▋    | 566/1000 [4:47:41 > 6:06:49]
L-BFGS:  57%|█████▋    | 567/1000 [4:52:14 > 6:07:31]
L-BFGS:  57%|█████▋    | 568/1000 [4:44:15 > 6:08:08]
L-BFGS:  57%|█████▋    | 569/1000 [4:34:59 > 6:08:44]
L-BFGS:  57%|█████▋    | 570/1000 [4:29:09 > 6:09:19]
L-BFGS:  57%|█████▋    | 571/1000 [4:35:19 > 6:10:00]
L-BFGS:  57%|█████▋    | 572/1000 [4:44:19 > 6:10:43]
L-BFGS:  57%|█████▋    | 573/1000 [4:33:43 > 6:11:18]
L-BFGS:  57%|█████▋    | 574/1000 [4:30:02 > 6:11:55]
L-BFGS:  57%|█████▊    | 575/1000 [4:26:32 > 6:12:32]
L-BFGS:  58%|█████▊    | 576/1000 [4:33:01 > 6:13:13]
L-BFGS:  58%|█████▊    | 577/1000 [4:40:47 > 6:13:56]
L-BFGS:  58%|█████▊    | 578/1000 [4:28:56 > 6:14:30]
L-BFGS:  58%|█████▊    | 579/1000 [4:38:09 > 6:15:13]
L-BFGS:  58%|█████▊    | 580/1000 [4:41:55 > 6:15:55]
L-BFGS:  58%|█████▊    | 581/1000 [4:32:08 > 6:16:31]
L-BFGS:  58%|█████▊    | 582/1000 [4:40:19 > 6:17:14]
L-BFGS:  58%|█████▊    | 583/1000 [4:41:03 > 6:17:55]
L-BFGS:  58%|█████▊    | 584/1000 [4:32:40 > 6:18:32]
L-BFGS:  58%|█████▊    | 585/1000 [4:25:05 > 6:19:08]
L-BFGS:  59%|█████▊    | 586/1000 [4:16:15 > 6:19:42]
L-BFGS:  59%|█████▊    | 587/1000 [4:14:37 > 6:20:19]
L-BFGS:  59%|█████▉    | 588/1000 [4:11:14 > 6:20:54]
L-BFGS:  59%|█████▉    | 589/1000 [4:23:33 > 6:21:37]
L-BFGS:  59%|█████▉    | 590/1000 [4:15:18 > 6:22:12]
L-BFGS:  59%|█████▉    | 591/1000 [4:24:52 > 6:22:54]
L-BFGS:  59%|█████▉    | 592/1000 [4:32:30 > 6:23:37]
L-BFGS:  59%|█████▉    | 593/1000 [4:32:26 > 6:24:18]
L-BFGS:  59%|█████▉    | 594/1000 [4:23:40 > 6:24:54]
L-BFGS:  60%|█████▉    | 595/1000 [4:29:30 > 6:25:36]
L-BFGS:  60%|█████▉    | 596/1000 [4:31:15 > 6:26:17]
L-BFGS:  60%|█████▉    | 597/1000 [4:23:47 > 6:26:54]
L-BFGS:  60%|█████▉    | 598/1000 [4:27:53 > 6:27:36]
L-BFGS:  60%|█████▉    | 599/1000 [4:21:12 > 6:28:13]
L-BFGS:  60%|██████    | 600/1000 [4:23:02 > 6:28:53]
L-BFGS:  60%|██████    | 601/1000 [4:30:20 > 6:29:36]
L-BFGS:  60%|██████    | 602/1000 [4:32:21 > 6:30:18]
L-BFGS:  60%|██████    | 603/1000 [4:29:24 > 6:30:58]
L-BFGS:  60%|██████    | 604/1000 [4:32:30 > 6:31:41]
L-BFGS:  60%|██████    | 605/1000 [4:34:55 > 6:32:24]
L-BFGS:  61%|██████    | 606/1000 [4:30:58 > 6:33:04]
L-BFGS:  61%|██████    | 607/1000 [4:34:34 > 6:33:47]
L-BFGS:  61%|██████    | 608/1000 [4:33:51 > 6:34:29]
L-BFGS:  61%|██████    | 609/1000 [4:22:10 > 6:35:06]
L-BFGS:  61%|██████    | 610/1000 [4:24:57 > 6:35:48]
L-BFGS:  61%|██████    | 611/1000 [4:26:58 > 6:36:30]
L-BFGS:  61%|██████    | 612/1000 [4:17:18 > 6:37:06]
L-BFGS:  61%|██████▏   | 613/1000 [4:04:58 > 6:37:40]
L-BFGS:  61%|██████▏   | 614/1000 [4:13:08 > 6:38:23]
L-BFGS:  62%|██████▏   | 615/1000 [4:08:13 > 6:39:00]
L-BFGS:  62%|██████▏   | 616/1000 [4:00:03 > 6:39:34]
L-BFGS:  62%|██████▏   | 617/1000 [3:57:47 > 6:40:11]
L-BFGS:  62%|██████▏   | 618/1000 [3:52:19 > 6:40:46]
L-BFGS:  62%|██████▏   | 619/1000 [4:02:39 > 6:41:28]
L-BFGS:  62%|██████▏   | 620/1000 [4:08:30 > 6:42:10]
L-BFGS:  62%|██████▏   | 621/1000 [4:12:15 > 6:42:51]
L-BFGS:  62%|██████▏   | 622/1000 [4:17:42 > 6:43:34]
L-BFGS:  62%|██████▏   | 623/1000 [4:06:47 > 6:44:10]
L-BFGS:  62%|██████▏   | 624/1000 [4:11:55 > 6:44:52]
L-BFGS:  62%|██████▎   | 625/1000 [4:04:29 > 6:45:29]
L-BFGS:  63%|██████▎   | 626/1000 [4:07:17 > 6:46:10]
L-BFGS:  63%|██████▎   | 627/1000 [3:59:47 > 6:46:46]
L-BFGS:  63%|██████▎   | 628/1000 [4:03:55 > 6:47:27]
L-BFGS:  63%|██████▎   | 629/1000 [4:09:44 > 6:48:10]
L-BFGS:  63%|██████▎   | 630/1000 [4:00:53 > 6:48:46]
L-BFGS:  63%|██████▎   | 631/1000 [3:55:40 > 6:49:22]
L-BFGS:  63%|██████▎   | 632/1000 [3:52:26 > 6:49:59]
L-BFGS:  63%|██████▎   | 633/1000 [3:56:56 > 6:50:40]
L-BFGS:  63%|██████▎   | 634/1000 [3:52:09 > 6:51:16]
L-BFGS:  64%|██████▎   | 635/1000 [3:56:54 > 6:51:57]
L-BFGS:  64%|██████▎   | 636/1000 [4:00:26 > 6:52:39]
L-BFGS:  64%|██████▎   | 637/1000 [3:54:15 > 6:53:15]
L-BFGS:  64%|██████▍   | 638/1000 [3:47:49 > 6:53:51]
L-BFGS:  64%|██████▍   | 639/1000 [3:56:20 > 6:54:34]
L-BFGS:  64%|██████▍   | 640/1000 [3:57:43 > 6:55:14]
L-BFGS:  64%|██████▍   | 641/1000 [4:04:19 > 6:55:58]
L-BFGS:  64%|██████▍   | 642/1000 [4:06:03 > 6:56:40]
L-BFGS:  64%|██████▍   | 643/1000 [3:53:05 > 6:57:14]
L-BFGS:  64%|██████▍   | 644/1000 [3:47:12 > 6:57:50]
L-BFGS:  64%|██████▍   | 645/1000 [3:43:15 > 6:58:27]
L-BFGS:  65%|██████▍   | 646/1000 [3:50:33 > 6:59:09]
L-BFGS:  65%|██████▍   | 647/1000 [3:54:18 > 6:59:51]
L-BFGS:  65%|██████▍   | 648/1000 [3:56:49 > 7:00:32]
L-BFGS:  65%|██████▍   | 649/1000 [4:00:04 > 7:01:15]
L-BFGS:  65%|██████▌   | 650/1000 [3:48:23 > 7:01:50]
L-BFGS:  65%|██████▌   | 651/1000 [3:55:14 > 7:02:33]
L-BFGS:  65%|██████▌   | 652/1000 [3:46:09 > 7:03:09]
L-BFGS:  65%|██████▌   | 653/1000 [3:37:38 > 7:03:43]
L-BFGS:  65%|██████▌   | 654/1000 [3:37:05 > 7:04:21]
L-BFGS:  66%|██████▌   | 655/1000 [3:44:57 > 7:05:03]
L-BFGS:  66%|██████▌   | 656/1000 [3:39:48 > 7:05:40]
L-BFGS:  66%|██████▌   | 657/1000 [3:43:13 > 7:06:21]
L-BFGS:  66%|██████▌   | 658/1000 [3:46:06 > 7:07:02]
L-BFGS:  66%|██████▌   | 659/1000 [3:51:11 > 7:07:45]
L-BFGS:  66%|██████▌   | 660/1000 [3:48:28 > 7:08:24]
L-BFGS:  66%|██████▌   | 661/1000 [3:52:39 > 7:09:08]
L-BFGS:  66%|██████▌   | 662/1000 [3:54:19 > 7:09:50]
L-BFGS:  66%|██████▋   | 663/1000 [3:42:56 > 7:10:25]
L-BFGS:  66%|██████▋   | 664/1000 [3:38:31 > 7:11:03]
L-BFGS:  66%|██████▋   | 665/1000 [3:42:07 > 7:11:44]
L-BFGS:  67%|██████▋   | 666/1000 [3:44:19 > 7:12:26]
L-BFGS:  67%|██████▋   | 667/1000 [3:46:15 > 7:13:08]
L-BFGS:  67%|██████▋   | 668/1000 [3:35:42 > 7:13:43]
L-BFGS:  67%|██████▋   | 669/1000 [3:40:41 > 7:14:25]
L-BFGS:  67%|██████▋   | 670/1000 [3:42:27 > 7:15:06]
L-BFGS:  67%|██████▋   | 671/1000 [3:43:24 > 7:15:48]
L-BFGS:  67%|██████▋   | 672/1000 [3:37:10 > 7:16:25]
L-BFGS:  67%|██████▋   | 673/1000 [3:38:57 > 7:17:06]
L-BFGS:  67%|██████▋   | 674/1000 [3:41:55 > 7:17:49]
L-BFGS:  68%|██████▊   | 675/1000 [3:44:39 > 7:18:32]
L-BFGS:  68%|██████▊   | 676/1000 [3:42:11 > 7:19:12]
L-BFGS:  68%|██████▊   | 677/1000 [3:34:48 > 7:19:49]
L-BFGS:  68%|██████▊   | 678/1000 [3:25:29 > 7:20:24]
L-BFGS:  68%|██████▊   | 679/1000 [3:32:06 > 7:21:06]
L-BFGS:  68%|██████▊   | 680/1000 [3:25:34 > 7:21:42]
L-BFGS:  68%|██████▊   | 681/1000 [3:30:05 > 7:22:24]
L-BFGS:  68%|██████▊   | 682/1000 [3:35:19 > 7:23:07]
L-BFGS:  68%|██████▊   | 683/1000 [3:35:02 > 7:23:48]
L-BFGS:  68%|██████▊   | 684/1000 [3:37:55 > 7:24:31]
L-BFGS:  68%|██████▊   | 685/1000 [3:29:37 > 7:25:08]
L-BFGS:  69%|██████▊   | 686/1000 [3:29:55 > 7:25:48]
L-BFGS:  69%|██████▊   | 687/1000 [3:21:31 > 7:26:24]
L-BFGS:  69%|██████▉   | 688/1000 [3:25:39 > 7:27:05]
L-BFGS:  69%|██████▉   | 689/1000 [3:27:54 > 7:27:47]
L-BFGS:  69%|██████▉   | 690/1000 [3:22:12 > 7:28:24]
L-BFGS:  69%|██████▉   | 691/1000 [3:25:45 > 7:29:05]
L-BFGS:  69%|██████▉   | 692/1000 [3:29:37 > 7:29:48]
L-BFGS:  69%|██████▉   | 693/1000 [3:29:52 > 7:30:30]
L-BFGS:  69%|██████▉   | 694/1000 [3:22:04 > 7:31:06]
L-BFGS:  70%|██████▉   | 695/1000 [3:25:15 > 7:31:48]
L-BFGS:  70%|██████▉   | 696/1000 [3:24:51 > 7:32:29]
L-BFGS:  70%|██████▉   | 697/1000 [3:18:07 > 7:33:05]
L-BFGS:  70%|██████▉   | 698/1000 [3:12:30 > 7:33:41]
L-BFGS:  70%|██████▉   | 699/1000 [3:16:29 > 7:34:22]
L-BFGS:  70%|███████   | 700/1000 [3:12:58 > 7:35:00]
L-BFGS:  70%|███████   | 701/1000 [3:08:17 > 7:35:36]
L-BFGS:  70%|███████   | 702/1000 [3:05:20 > 7:36:12]
L-BFGS:  70%|███████   | 703/1000 [2:59:38 > 7:36:46]
L-BFGS:  70%|███████   | 704/1000 [3:09:53 > 7:37:29]
L-BFGS:  70%|███████   | 705/1000 [3:05:54 > 7:38:06]
L-BFGS:  71%|███████   | 706/1000 [3:10:06 > 7:38:47]
L-BFGS:  71%|███████   | 707/1000 [3:14:17 > 7:39:29]
L-BFGS:  71%|███████   | 708/1000 [3:16:46 > 7:40:11]
L-BFGS:  71%|███████   | 709/1000 [3:20:12 > 7:40:54]
L-BFGS:  71%|███████   | 710/1000 [3:10:04 > 7:41:29]
L-BFGS:  71%|███████   | 711/1000 [3:12:19 > 7:42:10]
L-BFGS:  71%|███████   | 712/1000 [3:06:38 > 7:42:47]
L-BFGS:  71%|███████▏  | 713/1000 [3:08:57 > 7:43:28]
L-BFGS:  71%|███████▏  | 714/1000 [3:12:16 > 7:44:10]
L-BFGS:  72%|███████▏  | 715/1000 [3:06:58 > 7:44:47]
L-BFGS:  72%|███████▏  | 716/1000 [3:01:05 > 7:45:23]
L-BFGS:  72%|███████▏  | 717/1000 [3:05:35 > 7:46:04]
L-BFGS:  72%|███████▏  | 718/1000 [2:58:23 > 7:46:39]
L-BFGS:  72%|███████▏  | 719/1000 [3:03:47 > 7:47:21]
L-BFGS:  72%|███████▏  | 720/1000 [3:06:30 > 7:48:03]
L-BFGS:  72%|███████▏  | 721/1000 [3:08:03 > 7:48:45]
L-BFGS:  72%|███████▏  | 722/1000 [3:11:08 > 7:49:28]
L-BFGS:  72%|███████▏  | 723/1000 [3:09:56 > 7:50:09]
L-BFGS:  72%|███████▏  | 724/1000 [3:11:41 > 7:50:52]
L-BFGS:  72%|███████▎  | 725/1000 [3:11:25 > 7:51:34]
L-BFGS:  73%|███████▎  | 726/1000 [3:01:53 > 7:52:09]
L-BFGS:  73%|███████▎  | 727/1000 [3:06:31 > 7:52:53]
L-BFGS:  73%|███████▎  | 728/1000 [3:06:36 > 7:53:34]
L-BFGS:  73%|███████▎  | 729/1000 [3:06:13 > 7:54:16]
L-BFGS:  73%|███████▎  | 730/1000 [2:57:51 > 7:54:51]
L-BFGS:  73%|███████▎  | 731/1000 [2:51:54 > 7:55:27]
L-BFGS:  73%|███████▎  | 732/1000 [2:50:18 > 7:56:04]
L-BFGS:  73%|███████▎  | 733/1000 [2:45:45 > 7:56:39]
L-BFGS:  73%|███████▎  | 734/1000 [2:51:55 > 7:57:22]
L-BFGS:  74%|███████▎  | 735/1000 [2:47:36 > 7:57:58]
L-BFGS:  74%|███████▎  | 736/1000 [2:42:13 > 7:58:32]
L-BFGS:  74%|███████▎  | 737/1000 [2:48:25 > 7:59:14]
L-BFGS:  74%|███████▍  | 738/1000 [2:43:47 > 7:59:50]
L-BFGS:  74%|███████▍  | 739/1000 [2:43:08 > 8:00:27]
L-BFGS:  74%|███████▍  | 740/1000 [2:46:08 > 8:01:07]
L-BFGS:  74%|███████▍  | 741/1000 [2:52:24 > 8:01:51]
L-BFGS:  74%|███████▍  | 742/1000 [2:46:47 > 8:02:27]
L-BFGS:  74%|███████▍  | 743/1000 [2:48:07 > 8:03:07]
L-BFGS:  74%|███████▍  | 744/1000 [2:51:34 > 8:03:50]
L-BFGS:  74%|███████▍  | 745/1000 [2:45:27 > 8:04:26]
L-BFGS:  75%|███████▍  | 746/1000 [2:41:46 > 8:05:02]
L-BFGS:  75%|███████▍  | 747/1000 [2:45:36 > 8:05:44]
L-BFGS:  75%|███████▍  | 748/1000 [2:40:47 > 8:06:20]
L-BFGS:  75%|███████▍  | 749/1000 [2:45:49 > 8:07:03]
L-BFGS:  75%|███████▌  | 750/1000 [2:46:02 > 8:07:43]
L-BFGS:  75%|███████▌  | 751/1000 [2:40:06 > 8:08:19]
L-BFGS:  75%|███████▌  | 752/1000 [2:37:04 > 8:08:56]
L-BFGS:  75%|███████▌  | 753/1000 [2:33:07 > 8:09:31]
L-BFGS:  75%|███████▌  | 754/1000 [2:40:00 > 8:10:14]
L-BFGS:  76%|███████▌  | 755/1000 [2:35:45 > 8:10:50]
L-BFGS:  76%|███████▌  | 756/1000 [2:40:54 > 8:11:33]
L-BFGS:  76%|███████▌  | 757/1000 [2:33:00 > 8:12:07]
L-BFGS:  76%|███████▌  | 758/1000 [2:37:33 > 8:12:49]
L-BFGS:  76%|███████▌  | 759/1000 [2:34:37 > 8:13:26]
L-BFGS:  76%|███████▌  | 760/1000 [2:29:40 > 8:14:01]
L-BFGS:  76%|███████▌  | 761/1000 [2:35:22 > 8:14:44]
L-BFGS:  76%|███████▌  | 762/1000 [2:31:19 > 8:15:20]
L-BFGS:  76%|███████▋  | 763/1000 [2:28:49 > 8:15:56]
L-BFGS:  76%|███████▋  | 764/1000 [2:31:57 > 8:16:37]
L-BFGS:  76%|███████▋  | 765/1000 [2:27:26 > 8:17:13]
L-BFGS:  77%|███████▋  | 766/1000 [2:32:19 > 8:17:55]
L-BFGS:  77%|███████▋  | 767/1000 [2:33:50 > 8:18:36]
L-BFGS:  77%|███████▋  | 768/1000 [2:30:40 > 8:19:13]
L-BFGS:  77%|███████▋  | 769/1000 [2:26:11 > 8:19:49]
L-BFGS:  77%|███████▋  | 770/1000 [2:29:50 > 8:20:31]
L-BFGS:  77%|███████▋  | 771/1000 [2:32:43 > 8:21:13]
L-BFGS:  77%|███████▋  | 772/1000 [2:25:38 > 8:21:47]
L-BFGS:  77%|███████▋  | 773/1000 [2:30:10 > 8:22:30]
L-BFGS:  77%|███████▋  | 774/1000 [2:24:26 > 8:23:05]
L-BFGS:  78%|███████▊  | 775/1000 [2:29:05 > 8:23:48]
L-BFGS:  78%|███████▊  | 776/1000 [2:25:23 > 8:24:25]
L-BFGS:  78%|███████▊  | 777/1000 [2:20:03 > 8:25:00]
L-BFGS:  78%|███████▊  | 778/1000 [2:17:41 > 8:25:36]
L-BFGS:  78%|███████▊  | 779/1000 [2:21:28 > 8:26:17]
L-BFGS:  78%|███████▊  | 780/1000 [2:25:38 > 8:27:00]
L-BFGS:  78%|███████▊  | 781/1000 [2:27:10 > 8:27:42]
L-BFGS:  78%|███████▊  | 782/1000 [2:27:55 > 8:28:24]
L-BFGS:  78%|███████▊  | 783/1000 [2:23:50 > 8:29:01]
L-BFGS:  78%|███████▊  | 784/1000 [2:18:19 > 8:29:36]
L-BFGS:  78%|███████▊  | 785/1000 [2:16:51 > 8:30:14]
L-BFGS:  79%|███████▊  | 786/1000 [2:19:12 > 8:30:55]
L-BFGS:  79%|███████▊  | 787/1000 [2:13:29 > 8:31:29]
L-BFGS:  79%|███████▉  | 788/1000 [2:11:47 > 8:32:06]
L-BFGS:  79%|███████▉  | 789/1000 [2:09:21 > 8:32:42]
L-BFGS:  79%|███████▉  | 790/1000 [2:15:05 > 8:33:24]
L-BFGS:  79%|███████▉  | 791/1000 [2:16:18 > 8:34:05]
L-BFGS:  79%|███████▉  | 792/1000 [2:20:22 > 8:34:48]
L-BFGS:  79%|███████▉  | 793/1000 [2:15:09 > 8:35:24]
L-BFGS:  79%|███████▉  | 794/1000 [2:08:39 > 8:35:58]
L-BFGS:  80%|███████▉  | 795/1000 [2:07:42 > 8:36:35]
L-BFGS:  80%|███████▉  | 796/1000 [2:12:12 > 8:37:18]
L-BFGS:  80%|███████▉  | 797/1000 [2:15:01 > 8:38:00]
L-BFGS:  80%|███████▉  | 798/1000 [2:16:06 > 8:38:41]
L-BFGS:  80%|███████▉  | 799/1000 [2:16:33 > 8:39:23]
L-BFGS:  80%|████████  | 800/1000 [2:12:08 > 8:40:00]
L-BFGS:  80%|████████  | 801/1000 [2:05:55 > 8:40:34]
L-BFGS:  80%|████████  | 802/1000 [2:09:10 > 8:41:16]
L-BFGS:  80%|████████  | 803/1000 [2:05:59 > 8:41:53]
L-BFGS:  80%|████████  | 804/1000 [2:02:21 > 8:42:28]
L-BFGS:  80%|████████  | 805/1000 [2:01:20 > 8:43:05]
L-BFGS:  81%|████████  | 806/1000 [1:59:30 > 8:43:41]
L-BFGS:  81%|████████  | 807/1000 [2:04:48 > 8:44:24]
L-BFGS:  81%|████████  | 808/1000 [2:05:05 > 8:45:04]
L-BFGS:  81%|████████  | 809/1000 [2:01:14 > 8:45:40]
L-BFGS:  81%|████████  | 810/1000 [1:59:45 > 8:46:17]
L-BFGS:  81%|████████  | 811/1000 [1:57:32 > 8:46:53]
L-BFGS:  81%|████████  | 812/1000 [2:01:16 > 8:47:35]
L-BFGS:  81%|████████▏ | 813/1000 [2:03:51 > 8:48:17]
L-BFGS:  81%|████████▏ | 814/1000 [2:00:15 > 8:48:54]
L-BFGS:  82%|████████▏ | 815/1000 [2:01:34 > 8:49:35]
L-BFGS:  82%|████████▏ | 816/1000 [1:57:11 > 8:50:10]
L-BFGS:  82%|████████▏ | 817/1000 [1:55:38 > 8:50:47]
L-BFGS:  82%|████████▏ | 818/1000 [1:57:08 > 8:51:27]
L-BFGS:  82%|████████▏ | 819/1000 [1:54:58 > 8:52:04]
L-BFGS:  82%|████████▏ | 820/1000 [1:52:20 > 8:52:40]
L-BFGS:  82%|████████▏ | 821/1000 [1:56:13 > 8:53:23]
L-BFGS:  82%|████████▏ | 822/1000 [1:57:35 > 8:54:04]
L-BFGS:  82%|████████▏ | 823/1000 [1:52:33 > 8:54:39]
L-BFGS:  82%|████████▏ | 824/1000 [1:56:18 > 8:55:22]
L-BFGS:  82%|████████▎ | 825/1000 [1:56:44 > 8:56:03]
L-BFGS:  83%|████████▎ | 826/1000 [1:58:42 > 8:56:46]
L-BFGS:  83%|████████▎ | 827/1000 [1:54:38 > 8:57:23]
L-BFGS:  83%|████████▎ | 828/1000 [1:54:33 > 8:58:03]
L-BFGS:  83%|████████▎ | 829/1000 [1:57:06 > 8:58:47]
L-BFGS:  83%|████████▎ | 830/1000 [1:51:26 > 8:59:22]
L-BFGS:  83%|████████▎ | 831/1000 [1:47:29 > 8:59:58]
L-BFGS:  83%|████████▎ | 832/1000 [1:45:01 > 9:00:34]
L-BFGS:  83%|████████▎ | 833/1000 [1:47:58 > 9:01:15]
L-BFGS:  83%|████████▎ | 834/1000 [1:51:01 > 9:01:59]
L-BFGS:  84%|████████▎ | 835/1000 [1:46:22 > 9:02:34]
L-BFGS:  84%|████████▎ | 836/1000 [1:44:53 > 9:03:12]
L-BFGS:  84%|████████▎ | 837/1000 [1:40:43 > 9:03:46]
L-BFGS:  84%|████████▍ | 838/1000 [1:43:25 > 9:04:27]
L-BFGS:  84%|████████▍ | 839/1000 [1:41:20 > 9:05:03]
L-BFGS:  84%|████████▍ | 840/1000 [1:43:11 > 9:05:44]
L-BFGS:  84%|████████▍ | 841/1000 [1:46:01 > 9:06:27]
L-BFGS:  84%|████████▍ | 842/1000 [1:46:50 > 9:07:09]
L-BFGS:  84%|████████▍ | 843/1000 [1:42:54 > 9:07:46]
L-BFGS:  84%|████████▍ | 844/1000 [1:39:48 > 9:08:22]
L-BFGS:  84%|████████▍ | 845/1000 [1:35:27 > 9:08:55]
L-BFGS:  85%|████████▍ | 846/1000 [1:35:06 > 9:09:33]
L-BFGS:  85%|████████▍ | 847/1000 [1:33:43 > 9:10:09]
L-BFGS:  85%|████████▍ | 848/1000 [1:38:01 > 9:10:52]
L-BFGS:  85%|████████▍ | 849/1000 [1:39:16 > 9:11:33]
L-BFGS:  85%|████████▌ | 850/1000 [1:40:13 > 9:12:15]
L-BFGS:  85%|████████▌ | 851/1000 [1:41:33 > 9:12:58]
L-BFGS:  85%|████████▌ | 852/1000 [1:40:33 > 9:13:38]
L-BFGS:  85%|████████▌ | 853/1000 [1:41:48 > 9:14:21]
L-BFGS:  85%|████████▌ | 854/1000 [1:36:43 > 9:14:57]
L-BFGS:  86%|████████▌ | 855/1000 [1:32:13 > 9:15:31]
L-BFGS:  86%|████████▌ | 856/1000 [1:31:11 > 9:16:09]
L-BFGS:  86%|████████▌ | 857/1000 [1:29:13 > 9:16:45]
L-BFGS:  86%|████████▌ | 858/1000 [1:27:57 > 9:17:22]
L-BFGS:  86%|████████▌ | 859/1000 [1:24:33 > 9:17:55]
L-BFGS:  86%|████████▌ | 860/1000 [1:28:22 > 9:18:37]
L-BFGS:  86%|████████▌ | 861/1000 [1:27:15 > 9:19:14]
L-BFGS:  86%|████████▌ | 862/1000 [1:25:35 > 9:19:50]
L-BFGS:  86%|████████▋ | 863/1000 [1:24:17 > 9:20:27]
L-BFGS:  86%|████████▋ | 864/1000 [1:22:26 > 9:21:02]
L-BFGS:  86%|████████▋ | 865/1000 [1:26:00 > 9:21:44]
L-BFGS:  87%|████████▋ | 866/1000 [1:23:04 > 9:22:19]
L-BFGS:  87%|████████▋ | 867/1000 [1:25:50 > 9:23:01]
L-BFGS:  87%|████████▋ | 868/1000 [1:24:05 > 9:23:38]
L-BFGS:  87%|████████▋ | 869/1000 [1:25:15 > 9:24:19]
L-BFGS:  87%|████████▋ | 870/1000 [1:26:43 > 9:25:02]
L-BFGS:  87%|████████▋ | 871/1000 [1:27:32 > 9:25:44]
L-BFGS:  87%|████████▋ | 872/1000 [1:23:54 > 9:26:20]
L-BFGS:  87%|████████▋ | 873/1000 [1:24:26 > 9:27:01]
L-BFGS:  87%|████████▋ | 874/1000 [1:24:18 > 9:27:42]
L-BFGS:  88%|████████▊ | 875/1000 [1:21:49 > 9:28:19]
L-BFGS:  88%|████████▊ | 876/1000 [1:22:14 > 9:29:00]
L-BFGS:  88%|████████▊ | 877/1000 [1:23:31 > 9:29:43]
L-BFGS:  88%|████████▊ | 878/1000 [1:20:33 > 9:30:20]
L-BFGS:  88%|████████▊ | 879/1000 [1:20:22 > 9:31:01]
L-BFGS:  88%|████████▊ | 880/1000 [1:17:59 > 9:31:38]
L-BFGS:  88%|████████▊ | 881/1000 [1:14:40 > 9:32:12]
L-BFGS:  88%|████████▊ | 882/1000 [1:17:07 > 9:32:55]
L-BFGS:  88%|████████▊ | 883/1000 [1:14:36 > 9:33:31]
L-BFGS:  88%|████████▊ | 884/1000 [1:13:01 > 9:34:08]
L-BFGS:  88%|████████▊ | 885/1000 [1:11:57 > 9:34:45]
L-BFGS:  89%|████████▊ | 886/1000 [1:13:07 > 9:35:25]
L-BFGS:  89%|████████▊ | 887/1000 [1:11:21 > 9:36:02]
L-BFGS:  89%|████████▉ | 888/1000 [1:12:29 > 9:36:43]
L-BFGS:  89%|████████▉ | 889/1000 [1:13:09 > 9:37:24]
L-BFGS:  89%|████████▉ | 890/1000 [1:10:51 > 9:38:01]
L-BFGS:  89%|████████▉ | 891/1000 [1:11:26 > 9:38:42]
L-BFGS:  89%|████████▉ | 892/1000 [1:12:48 > 9:39:25]
L-BFGS:  89%|████████▉ | 893/1000 [1:09:06 > 9:40:00]
L-BFGS:  89%|████████▉ | 894/1000 [1:07:27 > 9:40:36]
L-BFGS:  90%|████████▉ | 895/1000 [1:05:15 > 9:41:12]
L-BFGS:  90%|████████▉ | 896/1000 [1:03:35 > 9:41:47]
L-BFGS:  90%|████████▉ | 897/1000 [1:06:16 > 9:42:30]
L-BFGS:  90%|████████▉ | 898/1000 [1:04:21 > 9:43:06]
L-BFGS:  90%|████████▉ | 899/1000 [1:03:28 > 9:43:43]
L-BFGS:  90%|█████████ | 900/1000 [1:04:12 > 9:44:24]
L-BFGS:  90%|█████████ | 901/1000 [1:02:20 > 9:45:00]
L-BFGS:  90%|█████████ | 902/1000 [1:03:57 > 9:45:42]
L-BFGS:  90%|█████████ | 903/1000 [1:01:02 > 9:46:17]
L-BFGS:  90%|█████████ | 904/1000 [1:03:08 > 9:47:00]
L-BFGS:  90%|█████████ | 905/1000 [1:03:41 > 9:47:42]
L-BFGS:  91%|█████████ | 906/1000 [1:01:14 > 9:48:19]
L-BFGS:  91%|█████████ | 907/1000 [59:59 > 9:48:56]  
L-BFGS:  91%|█████████ | 908/1000 [1:01:26 > 9:49:40]
L-BFGS:  91%|█████████ | 909/1000 [1:02:05 > 9:50:23]
L-BFGS:  91%|█████████ | 910/1000 [1:00:53 > 9:51:02]
L-BFGS:  91%|█████████ | 911/1000 [1:00:54 > 9:51:45]
L-BFGS:  91%|█████████ | 912/1000 [1:00:56 > 9:52:27]
L-BFGS:  91%|█████████▏| 913/1000 [57:26 > 9:53:02]  
L-BFGS:  91%|█████████▏| 914/1000 [58:10 > 9:53:45]
L-BFGS:  92%|█████████▏| 915/1000 [58:02 > 9:54:27]
L-BFGS:  92%|█████████▏| 916/1000 [57:40 > 9:55:09]
L-BFGS:  92%|█████████▏| 917/1000 [55:16 > 9:55:46]
L-BFGS:  92%|█████████▏| 918/1000 [52:31 > 9:56:21]
L-BFGS:  92%|█████████▏| 919/1000 [51:02 > 9:56:57]
L-BFGS:  92%|█████████▏| 920/1000 [51:26 > 9:57:38]
L-BFGS:  92%|█████████▏| 921/1000 [49:57 > 9:58:14]
L-BFGS:  92%|█████████▏| 922/1000 [51:28 > 9:58:57]
L-BFGS:  92%|█████████▏| 923/1000 [48:53 > 9:59:32]
L-BFGS:  92%|█████████▏| 924/1000 [47:44 > 10:00:09]
L-BFGS:  92%|█████████▎| 925/1000 [48:33 > 10:00:50]
L-BFGS:  93%|█████████▎| 926/1000 [46:44 > 10:01:26]
L-BFGS:  93%|█████████▎| 927/1000 [47:26 > 10:02:08]
L-BFGS:  93%|█████████▎| 928/1000 [47:40 > 10:02:49]
L-BFGS:  93%|█████████▎| 929/1000 [46:07 > 10:03:26]
L-BFGS:  93%|█████████▎| 930/1000 [46:19 > 10:04:08]
L-BFGS:  93%|█████████▎| 931/1000 [44:55 > 10:04:45]
L-BFGS:  93%|█████████▎| 932/1000 [45:05 > 10:05:27]
L-BFGS:  93%|█████████▎| 933/1000 [43:24 > 10:06:03]
L-BFGS:  93%|█████████▎| 934/1000 [43:45 > 10:06:45]
L-BFGS:  94%|█████████▎| 935/1000 [43:48 > 10:07:27]
L-BFGS:  94%|█████████▎| 936/1000 [41:59 > 10:08:04]
L-BFGS:  94%|█████████▎| 937/1000 [40:03 > 10:08:40]
L-BFGS:  94%|█████████▍| 938/1000 [40:52 > 10:09:22]
L-BFGS:  94%|█████████▍| 939/1000 [39:19 > 10:09:59]
L-BFGS:  94%|█████████▍| 940/1000 [39:14 > 10:10:40]
L-BFGS:  94%|█████████▍| 941/1000 [39:40 > 10:11:22]
L-BFGS:  94%|█████████▍| 942/1000 [37:11 > 10:11:57]
L-BFGS:  94%|█████████▍| 943/1000 [37:24 > 10:12:38]
L-BFGS:  94%|█████████▍| 944/1000 [37:37 > 10:13:21]
L-BFGS:  94%|█████████▍| 945/1000 [35:48 > 10:13:57]
L-BFGS:  95%|█████████▍| 946/1000 [34:37 > 10:14:34]
L-BFGS:  95%|█████████▍| 947/1000 [33:00 > 10:15:09]
L-BFGS:  95%|█████████▍| 948/1000 [33:36 > 10:15:51]
L-BFGS:  95%|█████████▍| 949/1000 [32:09 > 10:16:26]
L-BFGS:  95%|█████████▌| 950/1000 [32:13 > 10:17:07]
L-BFGS:  95%|█████████▌| 951/1000 [32:39 > 10:17:50]
L-BFGS:  95%|█████████▌| 952/1000 [31:06 > 10:18:26]
L-BFGS:  95%|█████████▌| 953/1000 [31:20 > 10:19:09]
L-BFGS:  95%|█████████▌| 954/1000 [31:09 > 10:19:51]
L-BFGS:  96%|█████████▌| 955/1000 [30:43 > 10:20:33]
L-BFGS:  96%|█████████▌| 956/1000 [29:10 > 10:21:10]
L-BFGS:  96%|█████████▌| 957/1000 [28:33 > 10:21:50]
L-BFGS:  96%|█████████▌| 958/1000 [28:56 > 10:22:35]
L-BFGS:  96%|█████████▌| 959/1000 [27:08 > 10:23:10]
L-BFGS:  96%|█████████▌| 960/1000 [26:33 > 10:23:51]
L-BFGS:  96%|█████████▌| 961/1000 [25:22 > 10:24:28]
L-BFGS:  96%|█████████▌| 962/1000 [25:24 > 10:25:10]
L-BFGS:  96%|█████████▋| 963/1000 [24:08 > 10:25:47]
L-BFGS:  96%|█████████▋| 964/1000 [23:52 > 10:26:29]
L-BFGS:  96%|█████████▋| 965/1000 [23:31 > 10:27:10]
L-BFGS:  97%|█████████▋| 966/1000 [23:16 > 10:27:53]
L-BFGS:  97%|█████████▋| 967/1000 [21:22 > 10:28:27]
L-BFGS:  97%|█████████▋| 968/1000 [21:18 > 10:29:09]
L-BFGS:  97%|█████████▋| 969/1000 [21:01 > 10:29:52]
L-BFGS:  97%|█████████▋| 970/1000 [19:29 > 10:30:27]
L-BFGS:  97%|█████████▋| 971/1000 [19:29 > 10:31:10]
L-BFGS:  97%|█████████▋| 972/1000 [19:01 > 10:31:52]
L-BFGS:  97%|█████████▋| 973/1000 [17:37 > 10:32:27]
L-BFGS:  97%|█████████▋| 974/1000 [17:21 > 10:33:10]
L-BFGS:  98%|█████████▊| 975/1000 [16:52 > 10:33:51]
L-BFGS:  98%|█████████▊| 976/1000 [16:22 > 10:34:33]
L-BFGS:  98%|█████████▊| 977/1000 [15:42 > 10:35:14]
L-BFGS:  98%|█████████▊| 978/1000 [14:26 > 10:35:50]
L-BFGS:  98%|█████████▊| 979/1000 [13:33 > 10:36:27]
L-BFGS:  98%|█████████▊| 980/1000 [12:33 > 10:37:02]
L-BFGS:  98%|█████████▊| 981/1000 [11:52 > 10:37:39]
L-BFGS:  98%|█████████▊| 982/1000 [11:38 > 10:38:21]
L-BFGS:  98%|█████████▊| 983/1000 [10:42 > 10:38:57]
L-BFGS:  98%|█████████▊| 984/1000 [10:23 > 10:39:38]
L-BFGS:  98%|█████████▊| 985/1000 [09:30 > 10:40:14]
L-BFGS:  99%|█████████▊| 986/1000 [09:14 > 10:40:57]
L-BFGS:  99%|█████████▊| 987/1000 [08:17 > 10:41:32]
L-BFGS:  99%|█████████▉| 988/1000 [07:36 > 10:42:10]
L-BFGS:  99%|█████████▉| 989/1000 [06:45 > 10:42:44]
L-BFGS:  99%|█████████▉| 990/1000 [06:06 > 10:43:20]
L-BFGS:  99%|█████████▉| 991/1000 [05:28 > 10:43:56]
L-BFGS:  99%|█████████▉| 992/1000 [05:02 > 10:44:37]
L-BFGS:  99%|█████████▉| 993/1000 [04:35 > 10:45:20]
L-BFGS:  99%|█████████▉| 994/1000 [03:57 > 10:46:01]
L-BFGS: 100%|█████████▉| 995/1000 [03:24 > 10:46:44]
L-BFGS: 100%|█████████▉| 996/1000 [02:37 > 10:47:20]
L-BFGS: 100%|█████████▉| 997/1000 [01:59 > 10:48:01]
L-BFGS: 100%|█████████▉| 998/1000 [01:21 > 10:48:43]
L-BFGS: 100%|█████████▉| 999/1000 [00:39 > 10:49:19]
L-BFGS: 100%|██████████| 1000/1000 [00:00 > 10:50:00]
L-BFGS: 100%|██████████| 1000/1000 [00:00 > 10:50:00]
Training saved: C:\Ali Computation\pinn\code\heterogeneous\pino_heterogeneous\results\exp_Qa_piecewise_K100_N500_z1to5_min10pct_w64_float64_lr01_maxiter5\pino_heterogeneous_concentration.png C:\Ali Computation\pinn\code\heterogeneous\pino_heterogeneous\results\exp_Qa_piecewise_K100_N500_z1to5_min10pct_w64_float64_lr01_maxiter5\pino_heterogeneous_loss.png C:\Ali Computation\pinn\code\heterogeneous\pino_heterogeneous\results\exp_Qa_piecewise_K100_N500_z1to5_min10pct_w64_float64_lr01_maxiter5\pino_heterogeneous_model.pt
COMSOL validation: 81 media -> C:\Ali Computation\pinn\code\heterogeneous\pino_heterogeneous\results\exp_Qa_piecewise_K100_N500_z1to5_min10pct_w64_float64_lr01_maxiter5\comsol_validation  (x* collocation n=86)

COMSOL vs PINO:   0%|          | 0/81 [00:00<?, ?it/s]
COMSOL vs PINO:   1%|          | 1/81 [00:01<01:24,  1.05s/it]
COMSOL vs PINO:   2%|▏         | 2/81 [00:02<01:22,  1.05s/it]
COMSOL vs PINO:   4%|▎         | 3/81 [00:03<01:22,  1.06s/it]
COMSOL vs PINO:   5%|▍         | 4/81 [00:04<01:20,  1.05s/it]
COMSOL vs PINO:   6%|▌         | 5/81 [00:05<01:28,  1.16s/it]
COMSOL vs PINO:   7%|▋         | 6/81 [00:06<01:24,  1.12s/it]
COMSOL vs PINO:   9%|▊         | 7/81 [00:07<01:21,  1.10s/it]
COMSOL vs PINO:  10%|▉         | 8/81 [00:08<01:18,  1.08s/it]
COMSOL vs PINO:  11%|█         | 9/81 [00:09<01:16,  1.06s/it]
COMSOL vs PINO:  12%|█▏        | 10/81 [00:10<01:15,  1.06s/it]
COMSOL vs PINO:  14%|█▎        | 11/81 [00:11<01:13,  1.06s/it]
COMSOL vs PINO:  15%|█▍        | 12/81 [00:12<01:12,  1.05s/it]
COMSOL vs PINO:  16%|█▌        | 13/81 [00:13<01:11,  1.05s/it]
COMSOL vs PINO:  17%|█▋        | 14/81 [00:14<01:10,  1.06s/it]
COMSOL vs PINO:  19%|█▊        | 15/81 [00:16<01:09,  1.05s/it]
COMSOL vs PINO:  20%|█▉        | 16/81 [00:17<01:08,  1.05s/it]
COMSOL vs PINO:  21%|██        | 17/81 [00:18<01:07,  1.05s/it]
COMSOL vs PINO:  22%|██▏       | 18/81 [00:19<01:06,  1.05s/it]
COMSOL vs PINO:  23%|██▎       | 19/81 [00:20<01:11,  1.16s/it]
COMSOL vs PINO:  25%|██▍       | 20/81 [00:21<01:08,  1.13s/it]
COMSOL vs PINO:  26%|██▌       | 21/81 [00:22<01:06,  1.11s/it]
COMSOL vs PINO:  27%|██▋       | 22/81 [00:23<01:04,  1.10s/it]
COMSOL vs PINO:  28%|██▊       | 23/81 [00:24<01:03,  1.09s/it]
COMSOL vs PINO:  30%|██▉       | 24/81 [00:25<01:01,  1.08s/it]
COMSOL vs PINO:  31%|███       | 25/81 [00:26<01:00,  1.08s/it]
COMSOL vs PINO:  32%|███▏      | 26/81 [00:28<00:58,  1.07s/it]
COMSOL vs PINO:  33%|███▎      | 27/81 [00:29<00:57,  1.07s/it]
COMSOL vs PINO:  35%|███▍      | 28/81 [00:30<00:56,  1.07s/it]
COMSOL vs PINO:  36%|███▌      | 29/81 [00:31<00:55,  1.07s/it]
COMSOL vs PINO:  37%|███▋      | 30/81 [00:32<00:54,  1.06s/it]
COMSOL vs PINO:  38%|███▊      | 31/81 [00:33<00:53,  1.07s/it]
COMSOL vs PINO:  40%|███▉      | 32/81 [00:34<00:52,  1.07s/it]
COMSOL vs PINO:  41%|████      | 33/81 [00:35<00:55,  1.15s/it]
COMSOL vs PINO:  42%|████▏     | 34/81 [00:36<00:52,  1.12s/it]
COMSOL vs PINO:  43%|████▎     | 35/81 [00:37<00:50,  1.10s/it]
COMSOL vs PINO:  44%|████▍     | 36/81 [00:38<00:48,  1.09s/it]
COMSOL vs PINO:  46%|████▌     | 37/81 [00:39<00:47,  1.08s/it]
COMSOL vs PINO:  47%|████▋     | 38/81 [00:41<00:45,  1.07s/it]
COMSOL vs PINO:  48%|████▊     | 39/81 [00:42<00:45,  1.07s/it]
COMSOL vs PINO:  49%|████▉     | 40/81 [00:43<00:43,  1.07s/it]
COMSOL vs PINO:  51%|█████     | 41/81 [00:44<00:42,  1.06s/it]
COMSOL vs PINO:  52%|█████▏    | 42/81 [00:45<00:40,  1.05s/it]
COMSOL vs PINO:  53%|█████▎    | 43/81 [00:46<00:40,  1.06s/it]
COMSOL vs PINO:  54%|█████▍    | 44/81 [00:47<00:39,  1.06s/it]
COMSOL vs PINO:  56%|█████▌    | 45/81 [00:48<00:37,  1.05s/it]
COMSOL vs PINO:  57%|█████▋    | 46/81 [00:49<00:40,  1.15s/it]
COMSOL vs PINO:  58%|█████▊    | 47/81 [00:50<00:38,  1.12s/it]
COMSOL vs PINO:  59%|█████▉    | 48/81 [00:51<00:36,  1.11s/it]
COMSOL vs PINO:  60%|██████    | 49/81 [00:52<00:35,  1.09s/it]
COMSOL vs PINO:  62%|██████▏   | 50/81 [00:54<00:33,  1.08s/it]
COMSOL vs PINO:  63%|██████▎   | 51/81 [00:55<00:32,  1.07s/it]
COMSOL vs PINO:  64%|██████▍   | 52/81 [00:56<00:31,  1.08s/it]
COMSOL vs PINO:  65%|██████▌   | 53/81 [00:57<00:30,  1.07s/it]
COMSOL vs PINO:  67%|██████▋   | 54/81 [00:58<00:28,  1.07s/it]
COMSOL vs PINO:  68%|██████▊   | 55/81 [00:59<00:27,  1.07s/it]
COMSOL vs PINO:  69%|██████▉   | 56/81 [01:00<00:26,  1.07s/it]
COMSOL vs PINO:  70%|███████   | 57/81 [01:01<00:25,  1.06s/it]
COMSOL vs PINO:  72%|███████▏  | 58/81 [01:02<00:24,  1.06s/it]
COMSOL vs PINO:  73%|███████▎  | 59/81 [01:03<00:23,  1.06s/it]
COMSOL vs PINO:  74%|███████▍  | 60/81 [01:04<00:22,  1.07s/it]
COMSOL vs PINO:  75%|███████▌  | 61/81 [01:06<00:23,  1.17s/it]
COMSOL vs PINO:  77%|███████▋  | 62/81 [01:07<00:21,  1.15s/it]
COMSOL vs PINO:  78%|███████▊  | 63/81 [01:08<00:20,  1.12s/it]
COMSOL vs PINO:  79%|███████▉  | 64/81 [01:09<00:18,  1.11s/it]
COMSOL vs PINO:  80%|████████  | 65/81 [01:10<00:17,  1.10s/it]
COMSOL vs PINO:  81%|████████▏ | 66/81 [01:11<00:16,  1.08s/it]
COMSOL vs PINO:  83%|████████▎ | 67/81 [01:12<00:15,  1.07s/it]
COMSOL vs PINO:  84%|████████▍ | 68/81 [01:13<00:13,  1.07s/it]
COMSOL vs PINO:  85%|████████▌ | 69/81 [01:14<00:12,  1.06s/it]
COMSOL vs PINO:  86%|████████▋ | 70/81 [01:15<00:11,  1.06s/it]
COMSOL vs PINO:  88%|████████▊ | 71/81 [01:16<00:10,  1.06s/it]
COMSOL vs PINO:  89%|████████▉ | 72/81 [01:17<00:09,  1.06s/it]
COMSOL vs PINO:  90%|█████████ | 73/81 [01:18<00:08,  1.06s/it]
COMSOL vs PINO:  91%|█████████▏| 74/81 [01:19<00:07,  1.06s/it]
COMSOL vs PINO:  93%|█████████▎| 75/81 [01:20<00:06,  1.06s/it]
COMSOL vs PINO:  94%|█████████▍| 76/81 [01:22<00:05,  1.16s/it]
COMSOL vs PINO:  95%|█████████▌| 77/81 [01:23<00:04,  1.12s/it]
COMSOL vs PINO:  96%|█████████▋| 78/81 [01:24<00:03,  1.10s/it]
COMSOL vs PINO:  98%|█████████▊| 79/81 [01:25<00:02,  1.09s/it]
COMSOL vs PINO:  99%|█████████▉| 80/81 [01:26<00:01,  1.09s/it]
COMSOL vs PINO: 100%|██████████| 81/81 [01:27<00:00,  1.08s/it]
COMSOL vs PINO: 100%|██████████| 81/81 [01:27<00:00,  1.08s/it]
COMSOL validation summary: n=81  mean=5.358546e-02  max=1.226789e-01  min=1.464227e-02
Wrote C:\Ali Computation\pinn\code\heterogeneous\pino_heterogeneous\results\exp_Qa_piecewise_K100_N500_z1to5_min10pct_w64_float64_lr01_maxiter5\comsol_validation\comsol_validation_summary.csv
Run metadata: C:\Ali Computation\pinn\code\heterogeneous\pino_heterogeneous\results\exp_Qa_piecewise_K100_N500_z1to5_min10pct_w64_float64_lr01_maxiter5\run_meta.json

# exit 0 after 10:51:56.619000
