# code/heterogeneous/pino_heterogeneous/pinn1d_heterogeneous_parametric_neural_operator.py --design grf --n-sensors 100 --n-grf 0 --n-piecewise-per-zones 100 --piecewise-zone-counts 1,2,3,4,5 --min-zone-frac 0.1 --arch w64 --dtype float64 --early-stop-patience 150 --lr-lbfgs 0.1 --lbfgs-max-iter 5 --epochs 1000 --amortize-branch --out-dir results/exp_Qb_amort_piecewise_K100_N500_z1to5_min10pct_w64_float64_lr01_maxiter5
# started 2026-06-22 06:32:05
# cwd C:\Ali Computation\pinn\code\heterogeneous\pino_heterogeneous

Using GPU: NVIDIA GeForce RTX 3090 (cuda:0, dtype=torch.float64)
PE (computed) = 0.010368
design=grf  media_mode=grf  n_train_requested=500  n_corner_anchors=16  arch=w64  amortize_branch=True  hard_bc=False  inlet_tau=0.05  batch_mode=True
branch=[100, 64, 64, 64]  trunk=[2, 64, 64, 64, 64]
results_dir=C:\Ali Computation\pinn\code\heterogeneous\pino_heterogeneous\results\exp_Qb_amort_piecewise_K100_N500_z1to5_min10pct_w64_float64_lr01_maxiter5
Training: 500 piecewise (100 each for zones [1, 2, 3, 4, 5]), min_zone_frac=0.1 = 500 total; K=100 uniform sensors, grid_n=201
  saved/loaded: C:\Ali Computation\pinn\code\heterogeneous\pino_heterogeneous\results\exp_Qb_amort_piecewise_K100_N500_z1to5_min10pct_w64_float64_lr01_maxiter5\train_grf_cases.npz
  branch CFL range [0.120459, 0.599738]
PDE mesh: bulk 50x50x500 (no interface bands in GRF mode)
COMSOL validation: 81 fixed grid cases from comsol_4zones.txt -> C:\Ali Computation\pinn\code\heterogeneous\pino_heterogeneous\results\exp_Qb_amort_piecewise_K100_N500_z1to5_min10pct_w64_float64_lr01_maxiter5\comsol_validation
run_training=True  run_comsol_validation=True  validate_only=False  skip_validation_plots=False
L-BFGS early stopping: patience=150 (max steps=1000)
L-BFGS: lr=0.1  max_iter=5  outer_steps=1000
PDE collocation points: 1,250,000 (bulk 1,250,000, interface 0)
Collocation mesh plot (pre-train): C:\Ali Computation\pinn\code\heterogeneous\pino_heterogeneous\results\exp_Qb_amort_piecewise_K100_N500_z1to5_min10pct_w64_float64_lr01_maxiter5\pino_heterogeneous_collocation_points.png
LBFGS (
Parameter Group 0
    history_size: 50
    line_search_fn: strong_wolfe
    lr: 0.1
    max_eval: 6
    max_iter: 5
    tolerance_change: 1e-09
    tolerance_grad: 1e-07
)
Early stopping: patience=150 L-BFGS steps (no total-loss improvement, rtol=1e-12)

L-BFGS:   0%|          | 0/1000 [? > 00:00]
L-BFGS:   0%|          | 1/1000 [9:53:00 > 00:35]
L-BFGS:   0%|          | 2/1000 [9:20:17 > 01:07]
L-BFGS:   0%|          | 3/1000 [8:43:05 > 01:36]
L-BFGS:   0%|          | 4/1000 [8:55:35 > 02:10]
L-BFGS:   0%|          | 5/1000 [8:59:42 > 02:43]
L-BFGS:   1%|          | 6/1000 [8:38:05 > 03:12]
L-BFGS:   1%|          | 7/1000 [8:39:33 > 03:43]
L-BFGS:   1%|          | 8/1000 [9:03:23 > 04:19]
L-BFGS:   1%|          | 9/1000 [8:53:01 > 04:50]
L-BFGS:   1%|          | 10/1000 [9:04:48 > 05:25]
L-BFGS:   1%|          | 11/1000 [8:31:02 > 05:51]
L-BFGS:   1%|          | 12/1000 [8:57:16 > 06:28]
L-BFGS:   1%|▏         | 13/1000 [8:45:32 > 06:58]
L-BFGS:   1%|▏         | 14/1000 [9:00:58 > 07:33]
L-BFGS:   2%|▏         | 15/1000 [9:00:51 > 08:06]
L-BFGS:   2%|▏         | 16/1000 [8:58:12 > 08:39]
L-BFGS:   2%|▏         | 17/1000 [8:41:46 > 09:08]
L-BFGS:   2%|▏         | 18/1000 [8:39:39 > 09:40]
L-BFGS:   2%|▏         | 19/1000 [8:58:26 > 10:16]
L-BFGS:   2%|▏         | 20/1000 [8:47:17 > 10:46]
L-BFGS:   2%|▏         | 21/1000 [9:02:04 > 11:22]
L-BFGS:   2%|▏         | 22/1000 [8:26:40 > 11:48]
L-BFGS:   2%|▏         | 23/1000 [8:49:31 > 12:24]
L-BFGS:   2%|▏         | 24/1000 [8:43:49 > 12:55]
L-BFGS:   2%|▎         | 25/1000 [8:53:43 > 13:30]
L-BFGS:   3%|▎         | 26/1000 [8:31:11 > 13:58]
L-BFGS:   3%|▎         | 27/1000 [8:22:24 > 14:28]
L-BFGS:   3%|▎         | 28/1000 [8:25:55 > 14:59]
L-BFGS:   3%|▎         | 29/1000 [8:35:26 > 15:33]
L-BFGS:   3%|▎         | 30/1000 [8:48:46 > 16:07]
L-BFGS:   3%|▎         | 31/1000 [8:43:56 > 16:39]
L-BFGS:   3%|▎         | 32/1000 [8:55:00 > 17:14]
L-BFGS:   3%|▎         | 33/1000 [8:44:05 > 17:45]
L-BFGS:   3%|▎         | 34/1000 [9:02:22 > 18:22]
L-BFGS:   4%|▎         | 35/1000 [8:23:40 > 18:47]
L-BFGS:   4%|▎         | 36/1000 [8:19:48 > 19:18]
L-BFGS:   4%|▎         | 37/1000 [8:18:44 > 19:49]
L-BFGS:   4%|▍         | 38/1000 [8:17:41 > 20:20]
L-BFGS:   4%|▍         | 39/1000 [8:18:50 > 20:51]
L-BFGS:   4%|▍         | 40/1000 [8:32:42 > 21:25]
L-BFGS:   4%|▍         | 41/1000 [8:39:13 > 21:59]
L-BFGS:   4%|▍         | 42/1000 [8:41:16 > 22:32]
L-BFGS:   4%|▍         | 43/1000 [8:22:44 > 23:01]
L-BFGS:   4%|▍         | 44/1000 [8:23:33 > 23:33]
L-BFGS:   4%|▍         | 45/1000 [8:44:12 > 24:09]
L-BFGS:   5%|▍         | 46/1000 [8:34:28 > 24:40]
L-BFGS:   5%|▍         | 47/1000 [8:45:19 > 25:15]
L-BFGS:   5%|▍         | 48/1000 [8:37:35 > 25:46]
L-BFGS:   5%|▍         | 49/1000 [8:30:47 > 26:17]
L-BFGS:   5%|▌         | 50/1000 [8:21:27 > 26:48]
L-BFGS:   5%|▌         | 51/1000 [8:15:32 > 27:18]
L-BFGS:   5%|▌         | 52/1000 [7:51:28 > 27:45]
L-BFGS:   5%|▌         | 53/1000 [8:17:05 > 28:20]
L-BFGS:   5%|▌         | 54/1000 [8:20:46 > 28:52]
L-BFGS:   6%|▌         | 55/1000 [8:07:00 > 29:21]
L-BFGS:   6%|▌         | 56/1000 [8:19:03 > 29:55]
L-BFGS:   6%|▌         | 57/1000 [8:05:29 > 30:24]
L-BFGS:   6%|▌         | 58/1000 [8:15:07 > 30:57]
L-BFGS:   6%|▌         | 59/1000 [7:57:45 > 31:25]
L-BFGS:   6%|▌         | 60/1000 [7:52:24 > 31:54]
L-BFGS:   6%|▌         | 61/1000 [7:43:34 > 32:23]
L-BFGS:   6%|▌         | 62/1000 [7:36:00 > 32:51]
L-BFGS:   6%|▋         | 63/1000 [7:34:29 > 33:20]
L-BFGS:   6%|▋         | 64/1000 [7:30:02 > 33:48]
L-BFGS:   6%|▋         | 65/1000 [7:53:53 > 34:22]
L-BFGS:   7%|▋         | 66/1000 [7:39:52 > 34:50]
L-BFGS:   7%|▋         | 67/1000 [7:57:18 > 35:23]
L-BFGS:   7%|▋         | 68/1000 [8:14:45 > 35:58]
L-BFGS:   7%|▋         | 69/1000 [8:13:43 > 36:29]
L-BFGS:   7%|▋         | 70/1000 [8:26:56 > 37:04]
L-BFGS:   7%|▋         | 71/1000 [8:18:36 > 37:35]
L-BFGS:   7%|▋         | 72/1000 [8:37:13 > 38:11]
L-BFGS:   7%|▋         | 73/1000 [8:01:14 > 38:37]
L-BFGS:   7%|▋         | 74/1000 [7:58:32 > 39:08]
L-BFGS:   8%|▊         | 75/1000 [7:35:33 > 39:34]
L-BFGS:   8%|▊         | 76/1000 [7:43:14 > 40:05]
L-BFGS:   8%|▊         | 77/1000 [7:26:21 > 40:32]
L-BFGS:   8%|▊         | 78/1000 [7:31:29 > 41:02]
L-BFGS:   8%|▊         | 79/1000 [7:17:00 > 41:28]
L-BFGS:   8%|▊         | 80/1000 [7:49:07 > 42:04]
L-BFGS:   8%|▊         | 81/1000 [7:30:05 > 42:31]
L-BFGS:   8%|▊         | 82/1000 [7:57:37 > 43:06]
L-BFGS:   8%|▊         | 83/1000 [7:56:18 > 43:37]
L-BFGS:   8%|▊         | 84/1000 [8:14:47 > 44:12]
L-BFGS:   8%|▊         | 85/1000 [7:49:45 > 44:39]
L-BFGS:   9%|▊         | 86/1000 [8:05:49 > 45:14]
L-BFGS:   9%|▊         | 87/1000 [8:12:46 > 45:47]
L-BFGS:   9%|▉         | 88/1000 [8:15:34 > 46:21]
L-BFGS:   9%|▉         | 89/1000 [7:58:04 > 46:49]
L-BFGS:   9%|▉         | 90/1000 [7:41:26 > 47:17]
L-BFGS:   9%|▉         | 91/1000 [8:00:09 > 47:52]
L-BFGS:   9%|▉         | 92/1000 [8:00:12 > 48:24]
L-BFGS:   9%|▉         | 93/1000 [8:13:24 > 48:59]
L-BFGS:   9%|▉         | 94/1000 [8:05:38 > 49:30]
L-BFGS:  10%|▉         | 95/1000 [7:59:23 > 50:01]
L-BFGS:  10%|▉         | 96/1000 [7:56:52 > 50:32]
L-BFGS:  10%|▉         | 97/1000 [7:51:25 > 51:02]
L-BFGS:  10%|▉         | 98/1000 [7:27:29 > 51:29]
L-BFGS:  10%|▉         | 99/1000 [7:54:10 > 52:04]
L-BFGS:  10%|█         | 100/1000 [7:31:27 > 52:31]
L-BFGS:  10%|█         | 101/1000 [7:31:20 > 53:01]
L-BFGS:  10%|█         | 102/1000 [7:36:40 > 53:33]
L-BFGS:  10%|█         | 103/1000 [7:39:44 > 54:04]
L-BFGS:  10%|█         | 104/1000 [7:16:38 > 54:30]
L-BFGS:  10%|█         | 105/1000 [7:22:18 > 55:00]
L-BFGS:  11%|█         | 106/1000 [7:06:04 > 55:26]
L-BFGS:  11%|█         | 107/1000 [7:17:36 > 55:58]
L-BFGS:  11%|█         | 108/1000 [7:25:00 > 56:29]
L-BFGS:  11%|█         | 109/1000 [7:46:12 > 57:04]
L-BFGS:  11%|█         | 110/1000 [7:25:37 > 57:31]
L-BFGS:  11%|█         | 111/1000 [7:49:17 > 58:06]
L-BFGS:  11%|█         | 112/1000 [7:57:23 > 58:40]
L-BFGS:  11%|█▏        | 113/1000 [8:06:47 > 59:14]
L-BFGS:  11%|█▏        | 114/1000 [8:16:52 > 59:49]
L-BFGS:  12%|█▏        | 115/1000 [8:08:43 > 1:00:21]
L-BFGS:  12%|█▏        | 116/1000 [7:52:53 > 1:00:51]
L-BFGS:  12%|█▏        | 117/1000 [7:30:13 > 1:01:18]
L-BFGS:  12%|█▏        | 118/1000 [7:28:43 > 1:01:49]
L-BFGS:  12%|█▏        | 119/1000 [7:16:06 > 1:02:16]
L-BFGS:  12%|█▏        | 120/1000 [7:36:31 > 1:02:51]
L-BFGS:  12%|█▏        | 121/1000 [7:33:34 > 1:03:21]
L-BFGS:  12%|█▏        | 122/1000 [7:56:42 > 1:03:58]
L-BFGS:  12%|█▏        | 123/1000 [7:29:47 > 1:04:24]
L-BFGS:  12%|█▏        | 124/1000 [7:46:59 > 1:04:59]
L-BFGS:  12%|█▎        | 125/1000 [7:22:33 > 1:05:26]
L-BFGS:  13%|█▎        | 126/1000 [7:49:04 > 1:06:02]
L-BFGS:  13%|█▎        | 127/1000 [7:20:30 > 1:06:28]
L-BFGS:  13%|█▎        | 128/1000 [7:21:29 > 1:06:59]
L-BFGS:  13%|█▎        | 129/1000 [7:02:27 > 1:07:25]
L-BFGS:  13%|█▎        | 130/1000 [7:31:21 > 1:08:01]
L-BFGS:  13%|█▎        | 131/1000 [7:12:17 > 1:08:27]
L-BFGS:  13%|█▎        | 132/1000 [7:33:09 > 1:09:02]
L-BFGS:  13%|█▎        | 133/1000 [7:13:04 > 1:09:29]
L-BFGS:  13%|█▎        | 134/1000 [7:18:43 > 1:10:00]
L-BFGS:  14%|█▎        | 135/1000 [7:18:30 > 1:10:31]
L-BFGS:  14%|█▎        | 136/1000 [7:18:27 > 1:11:01]
L-BFGS:  14%|█▎        | 137/1000 [7:00:39 > 1:11:28]
L-BFGS:  14%|█▍        | 138/1000 [7:26:15 > 1:12:03]
L-BFGS:  14%|█▍        | 139/1000 [7:08:26 > 1:12:30]
L-BFGS:  14%|█▍        | 140/1000 [7:26:57 > 1:13:04]
L-BFGS:  14%|█▍        | 141/1000 [7:13:49 > 1:13:33]
L-BFGS:  14%|█▍        | 142/1000 [7:11:33 > 1:14:03]
L-BFGS:  14%|█▍        | 143/1000 [7:18:10 > 1:14:34]
L-BFGS:  14%|█▍        | 144/1000 [7:29:13 > 1:15:08]
L-BFGS:  14%|█▍        | 145/1000 [7:42:03 > 1:15:42]
L-BFGS:  15%|█▍        | 146/1000 [7:38:50 > 1:16:14]
L-BFGS:  15%|█▍        | 147/1000 [7:27:18 > 1:16:44]
L-BFGS:  15%|█▍        | 148/1000 [7:08:10 > 1:17:11]
L-BFGS:  15%|█▍        | 149/1000 [7:31:17 > 1:17:47]
L-BFGS:  15%|█▌        | 150/1000 [7:26:18 > 1:18:17]
L-BFGS:  15%|█▌        | 151/1000 [7:23:12 > 1:18:48]
L-BFGS:  15%|█▌        | 152/1000 [6:58:55 > 1:19:14]
L-BFGS:  15%|█▌        | 153/1000 [7:07:26 > 1:19:46]
L-BFGS:  15%|█▌        | 154/1000 [7:10:13 > 1:20:17]
L-BFGS:  16%|█▌        | 155/1000 [7:08:47 > 1:20:47]
L-BFGS:  16%|█▌        | 156/1000 [7:10:41 > 1:21:18]
L-BFGS:  16%|█▌        | 157/1000 [7:10:57 > 1:21:49]
L-BFGS:  16%|█▌        | 158/1000 [7:13:39 > 1:22:20]
L-BFGS:  16%|█▌        | 159/1000 [7:31:43 > 1:22:56]
L-BFGS:  16%|█▌        | 160/1000 [7:33:42 > 1:23:29]
L-BFGS:  16%|█▌        | 161/1000 [7:37:00 > 1:24:02]
L-BFGS:  16%|█▌        | 162/1000 [7:41:29 > 1:24:36]
L-BFGS:  16%|█▋        | 163/1000 [7:35:00 > 1:25:07]
L-BFGS:  16%|█▋        | 164/1000 [7:25:03 > 1:25:38]
L-BFGS:  16%|█▋        | 165/1000 [7:07:00 > 1:26:05]
L-BFGS:  17%|█▋        | 166/1000 [7:21:54 > 1:26:40]
L-BFGS:  17%|█▋        | 167/1000 [7:16:36 > 1:27:10]
L-BFGS:  17%|█▋        | 168/1000 [7:36:15 > 1:27:47]
L-BFGS:  17%|█▋        | 169/1000 [7:28:18 > 1:28:18]
L-BFGS:  17%|█▋        | 170/1000 [7:18:29 > 1:28:48]
L-BFGS:  17%|█▋        | 171/1000 [6:56:22 > 1:29:15]
L-BFGS:  17%|█▋        | 172/1000 [6:58:42 > 1:29:45]
L-BFGS:  17%|█▋        | 173/1000 [7:02:33 > 1:30:17]
L-BFGS:  17%|█▋        | 174/1000 [7:20:52 > 1:30:52]
L-BFGS:  18%|█▊        | 175/1000 [7:23:19 > 1:31:25]
L-BFGS:  18%|█▊        | 176/1000 [7:09:12 > 1:31:54]
L-BFGS:  18%|█▊        | 177/1000 [7:13:06 > 1:32:26]
L-BFGS:  18%|█▊        | 178/1000 [7:01:38 > 1:32:55]
L-BFGS:  18%|█▊        | 179/1000 [6:50:58 > 1:33:23]
L-BFGS:  18%|█▊        | 180/1000 [7:07:24 > 1:33:57]
L-BFGS:  18%|█▊        | 181/1000 [6:51:47 > 1:34:25]
L-BFGS:  18%|█▊        | 182/1000 [7:04:27 > 1:34:58]
L-BFGS:  18%|█▊        | 183/1000 [6:56:40 > 1:35:28]
L-BFGS:  18%|█▊        | 184/1000 [7:04:50 > 1:36:00]
L-BFGS:  18%|█▊        | 185/1000 [6:58:01 > 1:36:30]
L-BFGS:  19%|█▊        | 186/1000 [7:00:56 > 1:37:02]
L-BFGS:  19%|█▊        | 187/1000 [7:19:29 > 1:37:37]
L-BFGS:  19%|█▉        | 188/1000 [6:57:56 > 1:38:05]
L-BFGS:  19%|█▉        | 189/1000 [6:58:49 > 1:38:36]
L-BFGS:  19%|█▉        | 190/1000 [6:39:11 > 1:39:02]
L-BFGS:  19%|█▉        | 191/1000 [6:43:52 > 1:39:33]
L-BFGS:  19%|█▉        | 192/1000 [6:32:45 > 1:40:00]
L-BFGS:  19%|█▉        | 193/1000 [6:52:54 > 1:40:35]
L-BFGS:  19%|█▉        | 194/1000 [6:55:23 > 1:41:06]
L-BFGS:  20%|█▉        | 195/1000 [6:56:40 > 1:41:37]
L-BFGS:  20%|█▉        | 196/1000 [6:54:59 > 1:42:08]
L-BFGS:  20%|█▉        | 197/1000 [7:12:34 > 1:42:44]
L-BFGS:  20%|█▉        | 198/1000 [7:06:40 > 1:43:15]
L-BFGS:  20%|█▉        | 199/1000 [7:02:00 > 1:43:46]
L-BFGS:  20%|██        | 200/1000 [7:00:44 > 1:44:17]
L-BFGS:  20%|██        | 201/1000 [6:54:12 > 1:44:47]
L-BFGS:  20%|██        | 202/1000 [6:36:50 > 1:45:14]
L-BFGS:  20%|██        | 203/1000 [6:42:16 > 1:45:45]
L-BFGS:  20%|██        | 204/1000 [6:24:03 > 1:46:11]
L-BFGS:  20%|██        | 205/1000 [6:29:58 > 1:46:42]
L-BFGS:  21%|██        | 206/1000 [6:16:25 > 1:47:08]
L-BFGS:  21%|██        | 207/1000 [6:45:08 > 1:47:44]
L-BFGS:  21%|██        | 208/1000 [6:28:42 > 1:48:10]
L-BFGS:  21%|██        | 209/1000 [6:31:05 > 1:48:40]
L-BFGS:  21%|██        | 210/1000 [6:37:58 > 1:49:12]
L-BFGS:  21%|██        | 211/1000 [6:58:05 > 1:49:47]
L-BFGS:  21%|██        | 212/1000 [6:57:38 > 1:50:19]
L-BFGS:  21%|██▏       | 213/1000 [7:03:58 > 1:50:53]
L-BFGS:  21%|██▏       | 214/1000 [7:12:57 > 1:51:28]
L-BFGS:  22%|██▏       | 215/1000 [7:07:40 > 1:51:59]
L-BFGS:  22%|██▏       | 216/1000 [7:15:32 > 1:52:34]
L-BFGS:  22%|██▏       | 217/1000 [7:06:18 > 1:53:05]
L-BFGS:  22%|██▏       | 218/1000 [7:20:32 > 1:53:42]
L-BFGS:  22%|██▏       | 219/1000 [6:48:35 > 1:54:08]
L-BFGS:  22%|██▏       | 220/1000 [7:03:07 > 1:54:43]
L-BFGS:  22%|██▏       | 221/1000 [7:03:29 > 1:55:16]
L-BFGS:  22%|██▏       | 222/1000 [7:05:41 > 1:55:49]
L-BFGS:  22%|██▏       | 223/1000 [6:46:50 > 1:56:17]
L-BFGS:  22%|██▏       | 224/1000 [6:55:20 > 1:56:51]
L-BFGS:  22%|██▎       | 225/1000 [7:02:07 > 1:57:25]
L-BFGS:  23%|██▎       | 226/1000 [7:01:32 > 1:57:57]
L-BFGS:  23%|██▎       | 227/1000 [6:48:52 > 1:58:27]
L-BFGS:  23%|██▎       | 228/1000 [6:27:26 > 1:58:53]
L-BFGS:  23%|██▎       | 229/1000 [6:49:59 > 1:59:29]
L-BFGS:  23%|██▎       | 230/1000 [6:28:28 > 1:59:56]
L-BFGS:  23%|██▎       | 231/1000 [6:46:13 > 2:00:31]
L-BFGS:  23%|██▎       | 232/1000 [6:43:34 > 2:01:02]
L-BFGS:  23%|██▎       | 233/1000 [6:40:18 > 2:01:33]
L-BFGS:  23%|██▎       | 234/1000 [6:21:38 > 2:01:59]
L-BFGS:  24%|██▎       | 235/1000 [6:42:28 > 2:02:35]
L-BFGS:  24%|██▎       | 236/1000 [6:21:02 > 2:03:01]
L-BFGS:  24%|██▎       | 237/1000 [6:43:01 > 2:03:37]
L-BFGS:  24%|██▍       | 238/1000 [6:41:14 > 2:04:08]
L-BFGS:  24%|██▍       | 239/1000 [6:50:58 > 2:04:42]
L-BFGS:  24%|██▍       | 240/1000 [6:54:28 > 2:05:16]
L-BFGS:  24%|██▍       | 241/1000 [6:55:15 > 2:05:49]
L-BFGS:  24%|██▍       | 242/1000 [6:39:43 > 2:06:18]
L-BFGS:  24%|██▍       | 243/1000 [6:39:55 > 2:06:50]
L-BFGS:  24%|██▍       | 244/1000 [6:56:10 > 2:07:26]
L-BFGS:  24%|██▍       | 245/1000 [6:31:31 > 2:07:52]
L-BFGS:  25%|██▍       | 246/1000 [6:25:30 > 2:08:22]
L-BFGS:  25%|██▍       | 247/1000 [6:11:28 > 2:08:49]
L-BFGS:  25%|██▍       | 248/1000 [6:34:09 > 2:09:25]
L-BFGS:  25%|██▍       | 249/1000 [6:17:55 > 2:09:52]
L-BFGS:  25%|██▌       | 250/1000 [6:33:51 > 2:10:27]
L-BFGS:  25%|██▌       | 251/1000 [6:11:39 > 2:10:52]
L-BFGS:  25%|██▌       | 252/1000 [6:18:25 > 2:11:24]
L-BFGS:  25%|██▌       | 253/1000 [6:20:43 > 2:11:55]
L-BFGS:  25%|██▌       | 254/1000 [6:36:09 > 2:12:30]
L-BFGS:  26%|██▌       | 255/1000 [6:34:40 > 2:13:02]
L-BFGS:  26%|██▌       | 256/1000 [6:32:39 > 2:13:33]
L-BFGS:  26%|██▌       | 257/1000 [6:27:39 > 2:14:04]
L-BFGS:  26%|██▌       | 258/1000 [6:41:38 > 2:14:39]
L-BFGS:  26%|██▌       | 259/1000 [6:42:54 > 2:15:12]
L-BFGS:  26%|██▌       | 260/1000 [6:27:02 > 2:15:40]
L-BFGS:  26%|██▌       | 261/1000 [6:14:05 > 2:16:08]
L-BFGS:  26%|██▌       | 262/1000 [6:08:03 > 2:16:37]
L-BFGS:  26%|██▋       | 263/1000 [6:01:57 > 2:17:06]
L-BFGS:  26%|██▋       | 264/1000 [6:02:45 > 2:17:35]
L-BFGS:  26%|██▋       | 265/1000 [5:50:31 > 2:18:02]
L-BFGS:  27%|██▋       | 266/1000 [5:57:00 > 2:18:32]
L-BFGS:  27%|██▋       | 267/1000 [5:46:34 > 2:18:59]
L-BFGS:  27%|██▋       | 268/1000 [6:11:43 > 2:19:34]
L-BFGS:  27%|██▋       | 269/1000 [6:18:12 > 2:20:07]
L-BFGS:  27%|██▋       | 270/1000 [6:27:57 > 2:20:40]
L-BFGS:  27%|██▋       | 271/1000 [6:34:58 > 2:21:14]
L-BFGS:  27%|██▋       | 272/1000 [6:16:57 > 2:21:42]
L-BFGS:  27%|██▋       | 273/1000 [6:28:32 > 2:22:16]
L-BFGS:  27%|██▋       | 274/1000 [6:22:46 > 2:22:47]
L-BFGS:  28%|██▊       | 275/1000 [6:39:11 > 2:23:23]
L-BFGS:  28%|██▊       | 276/1000 [6:31:38 > 2:23:54]
L-BFGS:  28%|██▊       | 277/1000 [6:39:35 > 2:24:29]
L-BFGS:  28%|██▊       | 278/1000 [6:36:32 > 2:25:02]
L-BFGS:  28%|██▊       | 279/1000 [6:24:48 > 2:25:32]
L-BFGS:  28%|██▊       | 280/1000 [6:23:28 > 2:26:03]
L-BFGS:  28%|██▊       | 281/1000 [6:28:24 > 2:26:37]
L-BFGS:  28%|██▊       | 282/1000 [6:17:15 > 2:27:06]
L-BFGS:  28%|██▊       | 283/1000 [6:05:27 > 2:27:35]
L-BFGS:  28%|██▊       | 284/1000 [5:55:51 > 2:28:03]
L-BFGS:  28%|██▊       | 285/1000 [6:09:27 > 2:28:37]
L-BFGS:  29%|██▊       | 286/1000 [6:19:47 > 2:29:11]
L-BFGS:  29%|██▊       | 287/1000 [6:04:36 > 2:29:38]
L-BFGS:  29%|██▉       | 288/1000 [6:16:56 > 2:30:13]
L-BFGS:  29%|██▉       | 289/1000 [5:57:11 > 2:30:39]
L-BFGS:  29%|██▉       | 290/1000 [6:17:41 > 2:31:15]
L-BFGS:  29%|██▉       | 291/1000 [5:58:07 > 2:31:42]
L-BFGS:  29%|██▉       | 292/1000 [6:13:47 > 2:32:16]
L-BFGS:  29%|██▉       | 293/1000 [5:53:51 > 2:32:43]
L-BFGS:  29%|██▉       | 294/1000 [5:58:04 > 2:33:14]
L-BFGS:  30%|██▉       | 295/1000 [5:45:53 > 2:33:41]
L-BFGS:  30%|██▉       | 296/1000 [6:03:03 > 2:34:16]
L-BFGS:  30%|██▉       | 297/1000 [5:44:12 > 2:34:41]
L-BFGS:  30%|██▉       | 298/1000 [6:07:59 > 2:35:18]
L-BFGS:  30%|██▉       | 299/1000 [6:06:20 > 2:35:49]
L-BFGS:  30%|███       | 300/1000 [6:17:50 > 2:36:24]
L-BFGS:  30%|███       | 301/1000 [6:18:04 > 2:36:56]
L-BFGS:  30%|███       | 302/1000 [6:22:58 > 2:37:30]
L-BFGS:  30%|███       | 303/1000 [6:03:32 > 2:37:58]
L-BFGS:  30%|███       | 304/1000 [6:10:22 > 2:38:31]
L-BFGS:  30%|███       | 305/1000 [6:00:52 > 2:39:00]
L-BFGS:  31%|███       | 306/1000 [6:05:09 > 2:39:33]
L-BFGS:  31%|███       | 307/1000 [5:58:03 > 2:40:03]
L-BFGS:  31%|███       | 308/1000 [5:59:16 > 2:40:34]
L-BFGS:  31%|███       | 309/1000 [5:55:50 > 2:41:04]
L-BFGS:  31%|███       | 310/1000 [5:44:35 > 2:41:32]
L-BFGS:  31%|███       | 311/1000 [5:59:32 > 2:42:07]
L-BFGS:  31%|███       | 312/1000 [5:41:51 > 2:42:33]
L-BFGS:  31%|███▏      | 313/1000 [6:03:14 > 2:43:09]
L-BFGS:  31%|███▏      | 314/1000 [6:00:41 > 2:43:40]
L-BFGS:  32%|███▏      | 315/1000 [6:11:29 > 2:44:15]
L-BFGS:  32%|███▏      | 316/1000 [6:07:38 > 2:44:47]
L-BFGS:  32%|███▏      | 317/1000 [6:04:20 > 2:45:18]
L-BFGS:  32%|███▏      | 318/1000 [5:58:34 > 2:45:49]
L-BFGS:  32%|███▏      | 319/1000 [5:54:45 > 2:46:19]
L-BFGS:  32%|███▏      | 320/1000 [5:59:25 > 2:46:52]
L-BFGS:  32%|███▏      | 321/1000 [5:49:23 > 2:47:21]
L-BFGS:  32%|███▏      | 322/1000 [5:35:35 > 2:47:48]
L-BFGS:  32%|███▏      | 323/1000 [5:36:20 > 2:48:18]
L-BFGS:  32%|███▏      | 324/1000 [5:45:03 > 2:48:51]
L-BFGS:  32%|███▎      | 325/1000 [5:41:42 > 2:49:20]
L-BFGS:  33%|███▎      | 326/1000 [5:27:50 > 2:49:47]
L-BFGS:  33%|███▎      | 327/1000 [5:31:47 > 2:50:17]
L-BFGS:  33%|███▎      | 328/1000 [5:20:46 > 2:50:44]
L-BFGS:  33%|███▎      | 329/1000 [5:28:02 > 2:51:15]
L-BFGS:  33%|███▎      | 330/1000 [5:18:16 > 2:51:41]
L-BFGS:  33%|███▎      | 331/1000 [5:38:44 > 2:52:16]
L-BFGS:  33%|███▎      | 332/1000 [5:26:21 > 2:52:43]
L-BFGS:  33%|███▎      | 333/1000 [5:46:22 > 2:53:18]
L-BFGS:  33%|███▎      | 334/1000 [5:29:54 > 2:53:45]
L-BFGS:  34%|███▎      | 335/1000 [5:47:33 > 2:54:20]
L-BFGS:  34%|███▎      | 336/1000 [5:36:25 > 2:54:48]
L-BFGS:  34%|███▎      | 337/1000 [5:45:26 > 2:55:21]
L-BFGS:  34%|███▍      | 338/1000 [5:34:19 > 2:55:49]
L-BFGS:  34%|███▍      | 339/1000 [5:44:48 > 2:56:23]
L-BFGS:  34%|███▍      | 340/1000 [5:35:45 > 2:56:52]
L-BFGS:  34%|███▍      | 341/1000 [5:29:56 > 2:57:21]
L-BFGS:  34%|███▍      | 342/1000 [5:39:08 > 2:57:54]
L-BFGS:  34%|███▍      | 343/1000 [5:28:35 > 2:58:21]
L-BFGS:  34%|███▍      | 344/1000 [5:26:05 > 2:58:51]
L-BFGS:  34%|███▍      | 345/1000 [5:21:01 > 2:59:19]
L-BFGS:  35%|███▍      | 346/1000 [5:35:14 > 2:59:53]
L-BFGS:  35%|███▍      | 347/1000 [5:25:30 > 3:00:21]
L-BFGS:  35%|███▍      | 348/1000 [5:38:21 > 3:00:55]
L-BFGS:  35%|███▍      | 349/1000 [5:42:30 > 3:01:28]
L-BFGS:  35%|███▌      | 350/1000 [5:35:37 > 3:01:57]
L-BFGS:  35%|███▌      | 351/1000 [5:19:50 > 3:02:24]
L-BFGS:  35%|███▌      | 352/1000 [5:23:03 > 3:02:54]
L-BFGS:  35%|███▌      | 353/1000 [5:28:37 > 3:03:26]
L-BFGS:  35%|███▌      | 354/1000 [5:25:28 > 3:03:56]
L-BFGS:  36%|███▌      | 355/1000 [5:14:53 > 3:04:23]
L-BFGS:  36%|███▌      | 356/1000 [5:40:36 > 3:05:00]
L-BFGS:  36%|███▌      | 357/1000 [5:37:04 > 3:05:31]
L-BFGS:  36%|███▌      | 358/1000 [5:49:13 > 3:06:06]
L-BFGS:  36%|███▌      | 359/1000 [5:43:29 > 3:06:37]
L-BFGS:  36%|███▌      | 360/1000 [5:38:59 > 3:07:08]
L-BFGS:  36%|███▌      | 361/1000 [5:21:57 > 3:07:35]
L-BFGS:  36%|███▌      | 362/1000 [5:21:16 > 3:08:05]
L-BFGS:  36%|███▋      | 363/1000 [5:25:02 > 3:08:37]
L-BFGS:  36%|███▋      | 364/1000 [5:26:53 > 3:09:08]
L-BFGS:  36%|███▋      | 365/1000 [5:25:12 > 3:09:39]
L-BFGS:  37%|███▋      | 366/1000 [5:38:44 > 3:10:14]
L-BFGS:  37%|███▋      | 367/1000 [5:25:46 > 3:10:42]
L-BFGS:  37%|███▋      | 368/1000 [5:19:17 > 3:11:11]
L-BFGS:  37%|███▋      | 369/1000 [5:25:01 > 3:11:43]
L-BFGS:  37%|███▋      | 370/1000 [5:17:58 > 3:12:12]
L-BFGS:  37%|███▋      | 371/1000 [5:11:16 > 3:12:40]
L-BFGS:  37%|███▋      | 372/1000 [5:11:10 > 3:13:10]
L-BFGS:  37%|███▋      | 373/1000 [5:17:27 > 3:13:42]
L-BFGS:  37%|███▋      | 374/1000 [5:14:58 > 3:14:12]
L-BFGS:  38%|███▊      | 375/1000 [5:23:22 > 3:14:45]
L-BFGS:  38%|███▊      | 376/1000 [5:27:52 > 3:15:17]
L-BFGS:  38%|███▊      | 377/1000 [5:35:27 > 3:15:51]
L-BFGS:  38%|███▊      | 378/1000 [5:18:33 > 3:16:19]
L-BFGS:  38%|███▊      | 379/1000 [5:17:04 > 3:16:49]
L-BFGS:  38%|███▊      | 380/1000 [5:22:49 > 3:17:22]
L-BFGS:  38%|███▊      | 381/1000 [5:17:01 > 3:17:51]
L-BFGS:  38%|███▊      | 382/1000 [5:02:48 > 3:18:17]
L-BFGS:  38%|███▊      | 383/1000 [5:06:32 > 3:18:48]
L-BFGS:  38%|███▊      | 384/1000 [5:12:05 > 3:19:20]
L-BFGS:  38%|███▊      | 385/1000 [5:25:11 > 3:19:55]
L-BFGS:  39%|███▊      | 386/1000 [5:08:04 > 3:20:21]
L-BFGS:  39%|███▊      | 387/1000 [5:24:26 > 3:20:57]
L-BFGS:  39%|███▉      | 388/1000 [5:22:44 > 3:21:28]
L-BFGS:  39%|███▉      | 389/1000 [5:33:11 > 3:22:03]
L-BFGS:  39%|███▉      | 390/1000 [5:13:27 > 3:22:30]
L-BFGS:  39%|███▉      | 391/1000 [5:13:17 > 3:23:01]
L-BFGS:  39%|███▉      | 392/1000 [5:14:26 > 3:23:32]
L-BFGS:  39%|███▉      | 393/1000 [5:23:45 > 3:24:06]
L-BFGS:  39%|███▉      | 394/1000 [5:12:10 > 3:24:35]
L-BFGS:  40%|███▉      | 395/1000 [5:21:18 > 3:25:09]
L-BFGS:  40%|███▉      | 396/1000 [5:07:28 > 3:25:36]
L-BFGS:  40%|███▉      | 397/1000 [5:15:33 > 3:26:10]
L-BFGS:  40%|███▉      | 398/1000 [5:08:58 > 3:26:39]
L-BFGS:  40%|███▉      | 399/1000 [5:01:16 > 3:27:08]
L-BFGS:  40%|████      | 400/1000 [5:11:49 > 3:27:41]
L-BFGS:  40%|████      | 401/1000 [5:12:12 > 3:28:13]
L-BFGS:  40%|████      | 402/1000 [5:24:54 > 3:28:48]
L-BFGS:  40%|████      | 403/1000 [5:08:29 > 3:29:16]
L-BFGS:  40%|████      | 404/1000 [5:03:39 > 3:29:45]
L-BFGS:  40%|████      | 405/1000 [4:50:27 > 3:30:12]
L-BFGS:  41%|████      | 406/1000 [5:10:10 > 3:30:48]
L-BFGS:  41%|████      | 407/1000 [4:55:19 > 3:31:14]
L-BFGS:  41%|████      | 408/1000 [5:09:18 > 3:31:49]
L-BFGS:  41%|████      | 409/1000 [4:53:35 > 3:32:15]
L-BFGS:  41%|████      | 410/1000 [4:57:41 > 3:32:47]
L-BFGS:  41%|████      | 411/1000 [4:58:41 > 3:33:17]
L-BFGS:  41%|████      | 412/1000 [4:59:37 > 3:33:48]
L-BFGS:  41%|████▏     | 413/1000 [4:44:52 > 3:34:14]
L-BFGS:  41%|████▏     | 414/1000 [5:05:32 > 3:34:50]
L-BFGS:  42%|████▏     | 415/1000 [4:51:05 > 3:35:17]
L-BFGS:  42%|████▏     | 416/1000 [5:05:23 > 3:35:52]
L-BFGS:  42%|████▏     | 417/1000 [4:50:31 > 3:36:18]
L-BFGS:  42%|████▏     | 418/1000 [5:09:34 > 3:36:55]
L-BFGS:  42%|████▏     | 419/1000 [4:51:29 > 3:37:21]
L-BFGS:  42%|████▏     | 420/1000 [5:06:13 > 3:37:56]
L-BFGS:  42%|████▏     | 421/1000 [5:08:46 > 3:38:29]
L-BFGS:  42%|████▏     | 422/1000 [5:12:03 > 3:39:02]
L-BFGS:  42%|████▏     | 423/1000 [4:59:01 > 3:39:30]
L-BFGS:  42%|████▏     | 424/1000 [4:52:14 > 3:39:59]
L-BFGS:  42%|████▎     | 425/1000 [5:00:23 > 3:40:33]
L-BFGS:  43%|████▎     | 426/1000 [4:52:39 > 3:41:01]
L-BFGS:  43%|████▎     | 427/1000 [4:43:35 > 3:41:29]
L-BFGS:  43%|████▎     | 428/1000 [4:53:38 > 3:42:02]
L-BFGS:  43%|████▎     | 429/1000 [4:49:02 > 3:42:32]
L-BFGS:  43%|████▎     | 430/1000 [4:43:00 > 3:43:00]
L-BFGS:  43%|████▎     | 431/1000 [4:37:29 > 3:43:28]
L-BFGS:  43%|████▎     | 432/1000 [4:36:09 > 3:43:57]
L-BFGS:  43%|████▎     | 433/1000 [4:33:06 > 3:44:25]
L-BFGS:  43%|████▎     | 434/1000 [4:47:17 > 3:44:59]
L-BFGS:  44%|████▎     | 435/1000 [4:38:31 > 3:45:27]
L-BFGS:  44%|████▎     | 436/1000 [4:48:41 > 3:46:00]
L-BFGS:  44%|████▎     | 437/1000 [4:59:09 > 3:46:35]
L-BFGS:  44%|████▍     | 438/1000 [4:58:43 > 3:47:07]
L-BFGS:  44%|████▍     | 439/1000 [5:06:37 > 3:47:42]
L-BFGS:  44%|████▍     | 440/1000 [4:47:57 > 3:48:08]
L-BFGS:  44%|████▍     | 441/1000 [5:00:50 > 3:48:44]
L-BFGS:  44%|████▍     | 442/1000 [4:57:44 > 3:49:15]
L-BFGS:  44%|████▍     | 443/1000 [4:53:36 > 3:49:46]
L-BFGS:  44%|████▍     | 444/1000 [4:37:38 > 3:50:12]
L-BFGS:  44%|████▍     | 445/1000 [4:53:37 > 3:50:48]
L-BFGS:  45%|████▍     | 446/1000 [4:39:14 > 3:51:15]
L-BFGS:  45%|████▍     | 447/1000 [4:38:32 > 3:51:45]
L-BFGS:  45%|████▍     | 448/1000 [4:27:44 > 3:52:11]
L-BFGS:  45%|████▍     | 449/1000 [4:47:33 > 3:52:48]
L-BFGS:  45%|████▌     | 450/1000 [4:44:49 > 3:53:18]
L-BFGS:  45%|████▌     | 451/1000 [4:55:30 > 3:53:53]
L-BFGS:  45%|████▌     | 452/1000 [4:43:39 > 3:54:22]
L-BFGS:  45%|████▌     | 453/1000 [4:37:31 > 3:54:51]
L-BFGS:  45%|████▌     | 454/1000 [4:27:31 > 3:55:18]
L-BFGS:  46%|████▌     | 455/1000 [4:40:21 > 3:55:52]
L-BFGS:  46%|████▌     | 456/1000 [4:33:02 > 3:56:20]
L-BFGS:  46%|████▌     | 457/1000 [4:43:17 > 3:56:54]
L-BFGS:  46%|████▌     | 458/1000 [4:47:23 > 3:57:27]
L-BFGS:  46%|████▌     | 459/1000 [4:46:49 > 3:57:59]
L-BFGS:  46%|████▌     | 460/1000 [4:57:45 > 3:58:35]
L-BFGS:  46%|████▌     | 461/1000 [4:39:32 > 3:59:02]
L-BFGS:  46%|████▌     | 462/1000 [4:35:08 > 3:59:31]
L-BFGS:  46%|████▋     | 463/1000 [4:24:45 > 3:59:58]
L-BFGS:  46%|████▋     | 464/1000 [4:40:48 > 4:00:34]
L-BFGS:  46%|████▋     | 465/1000 [4:38:26 > 4:01:05]
L-BFGS:  47%|████▋     | 466/1000 [4:49:15 > 4:01:40]
L-BFGS:  47%|████▋     | 467/1000 [4:31:46 > 4:02:06]
L-BFGS:  47%|████▋     | 468/1000 [4:45:12 > 4:02:42]
L-BFGS:  47%|████▋     | 469/1000 [4:29:57 > 4:03:09]
L-BFGS:  47%|████▋     | 470/1000 [4:40:53 > 4:03:44]
L-BFGS:  47%|████▋     | 471/1000 [4:27:18 > 4:04:11]
L-BFGS:  47%|████▋     | 472/1000 [4:40:31 > 4:04:46]
L-BFGS:  47%|████▋     | 473/1000 [4:39:53 > 4:05:18]
L-BFGS:  47%|████▋     | 474/1000 [4:33:40 > 4:05:48]
L-BFGS:  48%|████▊     | 475/1000 [4:25:01 > 4:06:16]
L-BFGS:  48%|████▊     | 476/1000 [4:21:05 > 4:06:45]
L-BFGS:  48%|████▊     | 477/1000 [4:27:09 > 4:07:17]
L-BFGS:  48%|████▊     | 478/1000 [4:22:11 > 4:07:46]
L-BFGS:  48%|████▊     | 479/1000 [4:30:29 > 4:08:20]
L-BFGS:  48%|████▊     | 480/1000 [4:24:17 > 4:08:49]
L-BFGS:  48%|████▊     | 481/1000 [4:30:22 > 4:09:22]
L-BFGS:  48%|████▊     | 482/1000 [4:21:11 > 4:09:50]
L-BFGS:  48%|████▊     | 483/1000 [4:18:18 > 4:10:19]
L-BFGS:  48%|████▊     | 484/1000 [4:13:57 > 4:10:47]
L-BFGS:  48%|████▊     | 485/1000 [4:09:35 > 4:11:15]
L-BFGS:  49%|████▊     | 486/1000 [4:20:56 > 4:11:49]
L-BFGS:  49%|████▊     | 487/1000 [4:29:27 > 4:12:23]
L-BFGS:  49%|████▉     | 488/1000 [4:31:45 > 4:12:56]
L-BFGS:  49%|████▉     | 489/1000 [4:25:14 > 4:13:25]
L-BFGS:  49%|████▉     | 490/1000 [4:12:14 > 4:13:51]
L-BFGS:  49%|████▉     | 491/1000 [4:14:40 > 4:14:22]
L-BFGS:  49%|████▉     | 492/1000 [4:07:10 > 4:14:49]
L-BFGS:  49%|████▉     | 493/1000 [4:07:43 > 4:15:19]
L-BFGS:  49%|████▉     | 494/1000 [4:12:51 > 4:15:51]
L-BFGS:  50%|████▉     | 495/1000 [4:26:49 > 4:16:26]
L-BFGS:  50%|████▉     | 496/1000 [4:24:05 > 4:16:57]
L-BFGS:  50%|████▉     | 497/1000 [4:22:24 > 4:17:28]
L-BFGS:  50%|████▉     | 498/1000 [4:20:03 > 4:17:59]
L-BFGS:  50%|████▉     | 499/1000 [4:31:16 > 4:18:34]
L-BFGS:  50%|█████     | 500/1000 [4:28:09 > 4:19:06]
L-BFGS:  50%|█████     | 501/1000 [4:32:47 > 4:19:40]
L-BFGS:  50%|█████     | 502/1000 [4:33:59 > 4:20:14]
L-BFGS:  50%|█████     | 503/1000 [4:23:19 > 4:20:43]
L-BFGS:  50%|█████     | 504/1000 [4:12:14 > 4:21:10]
L-BFGS:  50%|█████     | 505/1000 [4:18:59 > 4:21:44]
L-BFGS:  51%|█████     | 506/1000 [4:26:31 > 4:22:18]
L-BFGS:  51%|█████     | 507/1000 [4:24:30 > 4:22:50]
L-BFGS:  51%|█████     | 508/1000 [4:17:38 > 4:23:20]
L-BFGS:  51%|█████     | 509/1000 [4:17:12 > 4:23:51]
L-BFGS:  51%|█████     | 510/1000 [4:16:29 > 4:24:22]
L-BFGS:  51%|█████     | 511/1000 [4:05:48 > 4:24:50]
L-BFGS:  51%|█████     | 512/1000 [4:03:47 > 4:25:19]
L-BFGS:  51%|█████▏    | 513/1000 [4:04:44 > 4:25:50]
L-BFGS:  51%|█████▏    | 514/1000 [4:08:02 > 4:26:22]
L-BFGS:  52%|█████▏    | 515/1000 [3:57:35 > 4:26:48]
L-BFGS:  52%|█████▏    | 516/1000 [4:10:15 > 4:27:23]
L-BFGS:  52%|█████▏    | 517/1000 [3:58:24 > 4:27:49]
L-BFGS:  52%|█████▏    | 518/1000 [4:12:18 > 4:28:25]
L-BFGS:  52%|█████▏    | 519/1000 [4:00:08 > 4:28:51]
L-BFGS:  52%|█████▏    | 520/1000 [4:12:53 > 4:29:27]
L-BFGS:  52%|█████▏    | 521/1000 [4:10:43 > 4:29:58]
L-BFGS:  52%|█████▏    | 522/1000 [4:19:25 > 4:30:33]
L-BFGS:  52%|█████▏    | 523/1000 [4:18:27 > 4:31:05]
L-BFGS:  52%|█████▏    | 524/1000 [4:09:15 > 4:31:34]
L-BFGS:  52%|█████▎    | 525/1000 [4:13:32 > 4:32:08]
L-BFGS:  53%|█████▎    | 526/1000 [4:05:33 > 4:32:37]
L-BFGS:  53%|█████▎    | 527/1000 [4:09:32 > 4:33:10]
L-BFGS:  53%|█████▎    | 528/1000 [4:09:20 > 4:33:41]
L-BFGS:  53%|█████▎    | 529/1000 [4:18:57 > 4:34:17]
L-BFGS:  53%|█████▎    | 530/1000 [4:03:14 > 4:34:44]
L-BFGS:  53%|█████▎    | 531/1000 [4:11:24 > 4:35:19]
L-BFGS:  53%|█████▎    | 532/1000 [3:57:03 > 4:35:45]
L-BFGS:  53%|█████▎    | 533/1000 [4:08:28 > 4:36:20]
L-BFGS:  53%|█████▎    | 534/1000 [4:06:32 > 4:36:52]
L-BFGS:  54%|█████▎    | 535/1000 [4:03:27 > 4:37:22]
L-BFGS:  54%|█████▎    | 536/1000 [3:50:36 > 4:37:49]
L-BFGS:  54%|█████▎    | 537/1000 [3:53:41 > 4:38:20]
L-BFGS:  54%|█████▍    | 538/1000 [3:55:09 > 4:38:51]
L-BFGS:  54%|█████▍    | 539/1000 [4:04:48 > 4:39:26]
L-BFGS:  54%|█████▍    | 540/1000 [3:52:46 > 4:39:53]
L-BFGS:  54%|█████▍    | 541/1000 [3:54:42 > 4:40:24]
L-BFGS:  54%|█████▍    | 542/1000 [3:53:46 > 4:40:55]
L-BFGS:  54%|█████▍    | 543/1000 [4:03:31 > 4:41:30]
L-BFGS:  54%|█████▍    | 544/1000 [4:05:26 > 4:42:03]
L-BFGS:  55%|█████▍    | 545/1000 [3:55:59 > 4:42:31]
L-BFGS:  55%|█████▍    | 546/1000 [4:01:45 > 4:43:05]
L-BFGS:  55%|█████▍    | 547/1000 [3:52:01 > 4:43:33]
L-BFGS:  55%|█████▍    | 548/1000 [3:46:45 > 4:44:02]
L-BFGS:  55%|█████▍    | 549/1000 [3:43:44 > 4:44:31]
L-BFGS:  55%|█████▌    | 550/1000 [3:38:05 > 4:44:58]
L-BFGS:  55%|█████▌    | 551/1000 [3:47:20 > 4:45:32]
L-BFGS:  55%|█████▌    | 552/1000 [3:56:18 > 4:46:06]
L-BFGS:  55%|█████▌    | 553/1000 [3:55:57 > 4:46:38]
L-BFGS:  55%|█████▌    | 554/1000 [4:02:31 > 4:47:13]
L-BFGS:  56%|█████▌    | 555/1000 [3:47:50 > 4:47:39]
L-BFGS:  56%|█████▌    | 556/1000 [3:58:08 > 4:48:15]
L-BFGS:  56%|█████▌    | 557/1000 [3:45:04 > 4:48:41]
L-BFGS:  56%|█████▌    | 558/1000 [3:45:33 > 4:49:12]
L-BFGS:  56%|█████▌    | 559/1000 [3:34:08 > 4:49:38]
L-BFGS:  56%|█████▌    | 560/1000 [3:39:19 > 4:50:10]
L-BFGS:  56%|█████▌    | 561/1000 [3:41:22 > 4:50:41]
L-BFGS:  56%|█████▌    | 562/1000 [3:40:54 > 4:51:11]
L-BFGS:  56%|█████▋    | 563/1000 [3:41:57 > 4:51:42]
L-BFGS:  56%|█████▋    | 564/1000 [3:54:28 > 4:52:18]
L-BFGS:  56%|█████▋    | 565/1000 [3:39:44 > 4:52:44]
L-BFGS:  57%|█████▋    | 566/1000 [3:49:55 > 4:53:19]
L-BFGS:  57%|█████▋    | 567/1000 [3:37:50 > 4:53:46]
L-BFGS:  57%|█████▋    | 568/1000 [3:48:25 > 4:54:21]
L-BFGS:  57%|█████▋    | 569/1000 [3:49:12 > 4:54:53]
L-BFGS:  57%|█████▋    | 570/1000 [3:42:22 > 4:55:22]
L-BFGS:  57%|█████▋    | 571/1000 [3:36:00 > 4:55:51]
L-BFGS:  57%|█████▋    | 572/1000 [3:44:05 > 4:56:25]
L-BFGS:  57%|█████▋    | 573/1000 [3:35:19 > 4:56:52]
L-BFGS:  57%|█████▋    | 574/1000 [3:33:45 > 4:57:22]
L-BFGS:  57%|█████▊    | 575/1000 [3:29:10 > 4:57:50]
L-BFGS:  58%|█████▊    | 576/1000 [3:27:37 > 4:58:19]
L-BFGS:  58%|█████▊    | 577/1000 [3:33:24 > 4:58:52]
L-BFGS:  58%|█████▊    | 578/1000 [3:29:58 > 4:59:21]
L-BFGS:  58%|█████▊    | 579/1000 [3:26:19 > 4:59:49]
L-BFGS:  58%|█████▊    | 580/1000 [3:35:51 > 5:00:23]
L-BFGS:  58%|█████▊    | 581/1000 [3:40:05 > 5:00:56]
L-BFGS:  58%|█████▊    | 582/1000 [3:40:03 > 5:01:28]
L-BFGS:  58%|█████▊    | 583/1000 [3:48:50 > 5:02:04]
L-BFGS:  58%|█████▊    | 584/1000 [3:44:22 > 5:02:35]
L-BFGS:  58%|█████▊    | 585/1000 [3:39:21 > 5:03:05]
L-BFGS:  59%|█████▊    | 586/1000 [3:27:29 > 5:03:32]
L-BFGS:  59%|█████▊    | 587/1000 [3:38:20 > 5:04:07]
L-BFGS:  59%|█████▉    | 588/1000 [3:37:07 > 5:04:38]
L-BFGS:  59%|█████▉    | 589/1000 [3:34:31 > 5:05:09]
L-BFGS:  59%|█████▉    | 590/1000 [3:33:21 > 5:05:40]
L-BFGS:  59%|█████▉    | 591/1000 [3:32:10 > 5:06:11]
L-BFGS:  59%|█████▉    | 592/1000 [3:32:04 > 5:06:42]
L-BFGS:  59%|█████▉    | 593/1000 [3:29:17 > 5:07:12]
L-BFGS:  59%|█████▉    | 594/1000 [3:20:50 > 5:07:39]
L-BFGS:  60%|█████▉    | 595/1000 [3:32:01 > 5:08:15]
L-BFGS:  60%|█████▉    | 596/1000 [3:32:11 > 5:08:47]
L-BFGS:  60%|█████▉    | 597/1000 [3:35:31 > 5:09:20]
L-BFGS:  60%|█████▉    | 598/1000 [3:29:29 > 5:09:49]
L-BFGS:  60%|█████▉    | 599/1000 [3:31:43 > 5:10:22]
L-BFGS:  60%|██████    | 600/1000 [3:27:08 > 5:10:52]
L-BFGS:  60%|██████    | 601/1000 [3:20:18 > 5:11:20]
L-BFGS:  60%|██████    | 602/1000 [3:27:30 > 5:11:54]
L-BFGS:  60%|██████    | 603/1000 [3:29:44 > 5:12:26]
L-BFGS:  60%|██████    | 604/1000 [3:25:02 > 5:12:56]
L-BFGS:  60%|██████    | 605/1000 [3:14:57 > 5:13:22]
L-BFGS:  61%|██████    | 606/1000 [3:16:44 > 5:13:53]
L-BFGS:  61%|██████    | 607/1000 [3:19:56 > 5:14:25]
L-BFGS:  61%|██████    | 608/1000 [3:17:43 > 5:14:54]
L-BFGS:  61%|██████    | 609/1000 [3:19:31 > 5:15:26]
L-BFGS:  61%|██████    | 610/1000 [3:20:27 > 5:15:57]
L-BFGS:  61%|██████    | 611/1000 [3:13:00 > 5:16:24]
L-BFGS:  61%|██████    | 612/1000 [3:12:04 > 5:16:54]
L-BFGS:  61%|██████▏   | 613/1000 [3:13:29 > 5:17:25]
L-BFGS:  61%|██████▏   | 614/1000 [3:25:05 > 5:18:01]
L-BFGS:  62%|██████▏   | 615/1000 [3:14:11 > 5:18:27]
L-BFGS:  62%|██████▏   | 616/1000 [3:13:33 > 5:18:58]
L-BFGS:  62%|██████▏   | 617/1000 [3:05:25 > 5:19:24]
L-BFGS:  62%|██████▏   | 618/1000 [3:17:18 > 5:19:59]
L-BFGS:  62%|██████▏   | 619/1000 [3:17:34 > 5:20:31]
L-BFGS:  62%|██████▏   | 620/1000 [3:16:07 > 5:21:01]
L-BFGS:  62%|██████▏   | 621/1000 [3:06:17 > 5:21:27]
L-BFGS:  62%|██████▏   | 622/1000 [3:17:45 > 5:22:03]
L-BFGS:  62%|██████▏   | 623/1000 [3:08:15 > 5:22:30]
L-BFGS:  62%|██████▏   | 624/1000 [3:16:43 > 5:23:05]
L-BFGS:  62%|██████▎   | 625/1000 [3:07:36 > 5:23:31]
L-BFGS:  63%|██████▎   | 626/1000 [3:17:21 > 5:24:07]
L-BFGS:  63%|██████▎   | 627/1000 [3:06:58 > 5:24:33]
L-BFGS:  63%|██████▎   | 628/1000 [3:07:24 > 5:25:04]
L-BFGS:  63%|██████▎   | 629/1000 [2:59:45 > 5:25:30]
L-BFGS:  63%|██████▎   | 630/1000 [3:02:42 > 5:26:01]
L-BFGS:  63%|██████▎   | 631/1000 [3:05:27 > 5:26:33]
L-BFGS:  63%|██████▎   | 632/1000 [3:12:36 > 5:27:07]
L-BFGS:  63%|██████▎   | 633/1000 [3:06:34 > 5:27:35]
L-BFGS:  63%|██████▎   | 634/1000 [3:12:45 > 5:28:09]
L-BFGS:  64%|██████▎   | 635/1000 [3:14:48 > 5:28:42]
L-BFGS:  64%|██████▎   | 636/1000 [3:13:51 > 5:29:14]
L-BFGS:  64%|██████▎   | 637/1000 [3:11:14 > 5:29:45]
L-BFGS:  64%|██████▍   | 638/1000 [3:03:04 > 5:30:12]
L-BFGS:  64%|██████▍   | 639/1000 [3:09:29 > 5:30:47]
L-BFGS:  64%|██████▍   | 640/1000 [3:00:59 > 5:31:14]
L-BFGS:  64%|██████▍   | 641/1000 [3:10:31 > 5:31:49]
L-BFGS:  64%|██████▍   | 642/1000 [3:08:04 > 5:32:20]
L-BFGS:  64%|██████▍   | 643/1000 [3:14:36 > 5:32:56]
L-BFGS:  64%|██████▍   | 644/1000 [3:02:15 > 5:33:22]
L-BFGS:  64%|██████▍   | 645/1000 [3:02:54 > 5:33:53]
L-BFGS:  65%|██████▍   | 646/1000 [3:02:47 > 5:34:24]
L-BFGS:  65%|██████▍   | 647/1000 [3:00:52 > 5:34:54]
L-BFGS:  65%|██████▍   | 648/1000 [2:52:44 > 5:35:21]
L-BFGS:  65%|██████▍   | 649/1000 [2:54:34 > 5:35:52]
L-BFGS:  65%|██████▌   | 650/1000 [2:56:52 > 5:36:23]
L-BFGS:  65%|██████▌   | 651/1000 [3:05:02 > 5:36:58]
L-BFGS:  65%|██████▌   | 652/1000 [3:05:59 > 5:37:31]
L-BFGS:  65%|██████▌   | 653/1000 [3:00:09 > 5:38:00]
L-BFGS:  65%|██████▌   | 654/1000 [3:01:52 > 5:38:32]
L-BFGS:  66%|██████▌   | 655/1000 [3:05:05 > 5:39:06]
L-BFGS:  66%|██████▌   | 656/1000 [3:07:37 > 5:39:40]
L-BFGS:  66%|██████▌   | 657/1000 [3:06:56 > 5:40:13]
L-BFGS:  66%|██████▌   | 658/1000 [3:09:25 > 5:40:47]
L-BFGS:  66%|██████▌   | 659/1000 [3:04:28 > 5:41:18]
L-BFGS:  66%|██████▌   | 660/1000 [3:09:34 > 5:41:54]
L-BFGS:  66%|██████▌   | 661/1000 [2:57:28 > 5:42:20]
L-BFGS:  66%|██████▌   | 662/1000 [2:54:46 > 5:42:50]
L-BFGS:  66%|██████▋   | 663/1000 [2:54:55 > 5:43:22]
L-BFGS:  66%|██████▋   | 664/1000 [3:01:32 > 5:43:57]
L-BFGS:  66%|██████▋   | 665/1000 [2:50:43 > 5:44:24]
L-BFGS:  67%|██████▋   | 666/1000 [2:49:56 > 5:44:54]
L-BFGS:  67%|██████▋   | 667/1000 [2:42:28 > 5:45:20]
L-BFGS:  67%|██████▋   | 668/1000 [2:51:43 > 5:45:55]
L-BFGS:  67%|██████▋   | 669/1000 [2:53:22 > 5:46:28]
L-BFGS:  67%|██████▋   | 670/1000 [2:56:34 > 5:47:01]
L-BFGS:  67%|██████▋   | 671/1000 [2:59:03 > 5:47:35]
L-BFGS:  67%|██████▋   | 672/1000 [2:58:17 > 5:48:08]
L-BFGS:  67%|██████▋   | 673/1000 [3:00:38 > 5:48:42]
L-BFGS:  67%|██████▋   | 674/1000 [2:55:46 > 5:49:13]
L-BFGS:  68%|██████▊   | 675/1000 [3:00:54 > 5:49:49]
L-BFGS:  68%|██████▊   | 676/1000 [2:57:03 > 5:50:20]
L-BFGS:  68%|██████▊   | 677/1000 [2:52:04 > 5:50:50]
L-BFGS:  68%|██████▊   | 678/1000 [2:52:24 > 5:51:23]
L-BFGS:  68%|██████▊   | 679/1000 [2:55:01 > 5:51:57]
L-BFGS:  68%|██████▊   | 680/1000 [2:46:02 > 5:52:24]
L-BFGS:  68%|██████▊   | 681/1000 [2:43:22 > 5:52:54]
L-BFGS:  68%|██████▊   | 682/1000 [2:38:41 > 5:53:22]
L-BFGS:  68%|██████▊   | 683/1000 [2:43:25 > 5:53:55]
L-BFGS:  68%|██████▊   | 684/1000 [2:47:28 > 5:54:29]
L-BFGS:  68%|██████▊   | 685/1000 [2:40:46 > 5:54:57]
L-BFGS:  69%|██████▊   | 686/1000 [2:45:32 > 5:55:31]
L-BFGS:  69%|██████▊   | 687/1000 [2:39:01 > 5:55:59]
L-BFGS:  69%|██████▉   | 688/1000 [2:44:36 > 5:56:33]
L-BFGS:  69%|██████▉   | 689/1000 [2:42:31 > 5:57:04]
L-BFGS:  69%|██████▉   | 690/1000 [2:42:30 > 5:57:35]
L-BFGS:  69%|██████▉   | 691/1000 [2:41:16 > 5:58:06]
L-BFGS:  69%|██████▉   | 692/1000 [2:39:03 > 5:58:37]
L-BFGS:  69%|██████▉   | 693/1000 [2:38:35 > 5:59:08]
L-BFGS:  69%|██████▉   | 694/1000 [2:46:18 > 5:59:44]
L-BFGS:  70%|██████▉   | 695/1000 [2:42:27 > 6:00:15]
L-BFGS:  70%|██████▉   | 696/1000 [2:46:44 > 6:00:50]
L-BFGS:  70%|██████▉   | 697/1000 [2:46:15 > 6:01:23]
L-BFGS:  70%|██████▉   | 698/1000 [2:38:59 > 6:01:51]
L-BFGS:  70%|██████▉   | 699/1000 [2:33:07 > 6:02:19]
L-BFGS:  70%|███████   | 700/1000 [2:30:05 > 6:02:48]
L-BFGS:  70%|███████   | 701/1000 [2:34:43 > 6:03:21]
L-BFGS:  70%|███████   | 702/1000 [2:37:04 > 6:03:54]
L-BFGS:  70%|███████   | 703/1000 [2:40:35 > 6:04:29]
L-BFGS:  70%|███████   | 704/1000 [2:30:56 > 6:04:55]
L-BFGS:  70%|███████   | 705/1000 [2:38:24 > 6:05:31]
L-BFGS:  71%|███████   | 706/1000 [2:36:10 > 6:06:02]
L-BFGS:  71%|███████   | 707/1000 [2:39:51 > 6:06:37]
L-BFGS:  71%|███████   | 708/1000 [2:37:31 > 6:07:08]
L-BFGS:  71%|███████   | 709/1000 [2:35:28 > 6:07:40]
L-BFGS:  71%|███████   | 710/1000 [2:32:27 > 6:08:10]
L-BFGS:  71%|███████   | 711/1000 [2:36:58 > 6:08:45]
L-BFGS:  71%|███████   | 712/1000 [2:29:54 > 6:09:13]
L-BFGS:  71%|███████▏  | 713/1000 [2:26:03 > 6:09:42]
L-BFGS:  71%|███████▏  | 714/1000 [2:20:24 > 6:10:09]
L-BFGS:  72%|███████▏  | 715/1000 [2:20:42 > 6:10:39]
L-BFGS:  72%|███████▏  | 716/1000 [2:16:16 > 6:11:06]
L-BFGS:  72%|███████▏  | 717/1000 [2:25:14 > 6:11:41]
L-BFGS:  72%|███████▏  | 718/1000 [2:26:04 > 6:12:13]
L-BFGS:  72%|███████▏  | 719/1000 [2:23:42 > 6:12:43]
L-BFGS:  72%|███████▏  | 720/1000 [2:26:31 > 6:13:16]
L-BFGS:  72%|███████▏  | 721/1000 [2:27:41 > 6:13:48]
L-BFGS:  72%|███████▏  | 722/1000 [2:30:29 > 6:14:23]
L-BFGS:  72%|███████▏  | 723/1000 [2:22:27 > 6:14:50]
L-BFGS:  72%|███████▏  | 724/1000 [2:28:33 > 6:15:25]
L-BFGS:  72%|███████▎  | 725/1000 [2:21:02 > 6:15:53]
L-BFGS:  73%|███████▎  | 726/1000 [2:25:31 > 6:16:27]
L-BFGS:  73%|███████▎  | 727/1000 [2:23:20 > 6:16:58]
L-BFGS:  73%|███████▎  | 728/1000 [2:22:39 > 6:17:29]
L-BFGS:  73%|███████▎  | 729/1000 [2:21:43 > 6:18:00]
L-BFGS:  73%|███████▎  | 730/1000 [2:19:28 > 6:18:30]
L-BFGS:  73%|███████▎  | 731/1000 [2:19:40 > 6:19:02]
L-BFGS:  73%|███████▎  | 732/1000 [2:24:57 > 6:19:37]
L-BFGS:  73%|███████▎  | 733/1000 [2:16:14 > 6:20:04]
L-BFGS:  73%|███████▎  | 734/1000 [2:21:42 > 6:20:39]
L-BFGS:  74%|███████▎  | 735/1000 [2:22:29 > 6:21:12]
L-BFGS:  74%|███████▎  | 736/1000 [2:16:54 > 6:21:40]
L-BFGS:  74%|███████▎  | 737/1000 [2:20:09 > 6:22:14]
L-BFGS:  74%|███████▍  | 738/1000 [2:19:04 > 6:22:46]
L-BFGS:  74%|███████▍  | 739/1000 [2:16:36 > 6:23:16]
L-BFGS:  74%|███████▍  | 740/1000 [2:11:27 > 6:23:44]
L-BFGS:  74%|███████▍  | 741/1000 [2:16:12 > 6:24:18]
L-BFGS:  74%|███████▍  | 742/1000 [2:14:30 > 6:24:49]
L-BFGS:  74%|███████▍  | 743/1000 [2:14:23 > 6:25:21]
L-BFGS:  74%|███████▍  | 744/1000 [2:07:33 > 6:25:47]
L-BFGS:  74%|███████▍  | 745/1000 [2:13:20 > 6:26:22]
L-BFGS:  75%|███████▍  | 746/1000 [2:06:18 > 6:26:48]
L-BFGS:  75%|███████▍  | 747/1000 [2:12:58 > 6:27:24]
L-BFGS:  75%|███████▍  | 748/1000 [2:06:08 > 6:27:50]
L-BFGS:  75%|███████▍  | 749/1000 [2:12:28 > 6:28:26]
L-BFGS:  75%|███████▌  | 750/1000 [2:04:59 > 6:28:52]
L-BFGS:  75%|███████▌  | 751/1000 [2:06:11 > 6:29:23]
L-BFGS:  75%|███████▌  | 752/1000 [2:06:33 > 6:29:54]
L-BFGS:  75%|███████▌  | 753/1000 [2:05:31 > 6:30:24]
L-BFGS:  75%|███████▌  | 754/1000 [2:06:19 > 6:30:56]
L-BFGS:  76%|███████▌  | 755/1000 [2:11:25 > 6:31:31]
L-BFGS:  76%|███████▌  | 756/1000 [2:10:26 > 6:32:03]
L-BFGS:  76%|███████▌  | 757/1000 [2:07:00 > 6:32:33]
L-BFGS:  76%|███████▌  | 758/1000 [2:08:27 > 6:33:06]
L-BFGS:  76%|███████▌  | 759/1000 [2:03:49 > 6:33:34]
L-BFGS:  76%|███████▌  | 760/1000 [2:06:55 > 6:34:08]
L-BFGS:  76%|███████▌  | 761/1000 [2:06:05 > 6:34:40]
L-BFGS:  76%|███████▌  | 762/1000 [2:10:21 > 6:35:15]
L-BFGS:  76%|███████▋  | 763/1000 [2:07:18 > 6:35:46]
L-BFGS:  76%|███████▋  | 764/1000 [2:10:33 > 6:36:21]
L-BFGS:  76%|███████▋  | 765/1000 [2:01:41 > 6:36:48]
L-BFGS:  77%|███████▋  | 766/1000 [2:01:26 > 6:37:19]
L-BFGS:  77%|███████▋  | 767/1000 [1:55:32 > 6:37:45]
L-BFGS:  77%|███████▋  | 768/1000 [2:00:53 > 6:38:20]
L-BFGS:  77%|███████▋  | 769/1000 [2:00:37 > 6:38:52]
L-BFGS:  77%|███████▋  | 770/1000 [2:00:12 > 6:39:23]
L-BFGS:  77%|███████▋  | 771/1000 [1:58:34 > 6:39:53]
L-BFGS:  77%|███████▋  | 772/1000 [2:02:40 > 6:40:29]
L-BFGS:  77%|███████▋  | 773/1000 [2:03:00 > 6:41:02]
L-BFGS:  77%|███████▋  | 774/1000 [1:57:49 > 6:41:30]
L-BFGS:  78%|███████▊  | 775/1000 [1:53:46 > 6:41:58]
L-BFGS:  78%|███████▊  | 776/1000 [1:57:04 > 6:42:32]
L-BFGS:  78%|███████▊  | 777/1000 [1:59:28 > 6:43:06]
L-BFGS:  78%|███████▊  | 778/1000 [1:59:26 > 6:43:38]
L-BFGS:  78%|███████▊  | 779/1000 [2:01:22 > 6:44:13]
L-BFGS:  78%|███████▊  | 780/1000 [1:58:13 > 6:44:44]
L-BFGS:  78%|███████▊  | 781/1000 [2:01:34 > 6:45:19]
L-BFGS:  78%|███████▊  | 782/1000 [1:58:59 > 6:45:51]
L-BFGS:  78%|███████▊  | 783/1000 [1:55:27 > 6:46:21]
L-BFGS:  78%|███████▊  | 784/1000 [1:49:29 > 6:46:48]
L-BFGS:  78%|███████▊  | 785/1000 [1:54:22 > 6:47:23]
L-BFGS:  79%|███████▊  | 786/1000 [1:53:44 > 6:47:55]
L-BFGS:  79%|███████▊  | 787/1000 [1:54:44 > 6:48:28]
L-BFGS:  79%|███████▉  | 788/1000 [1:56:36 > 6:49:03]
L-BFGS:  79%|███████▉  | 789/1000 [1:54:47 > 6:49:35]
L-BFGS:  79%|███████▉  | 790/1000 [1:56:33 > 6:50:10]
L-BFGS:  79%|███████▉  | 791/1000 [1:48:36 > 6:50:36]
L-BFGS:  79%|███████▉  | 792/1000 [1:52:37 > 6:51:11]
L-BFGS:  79%|███████▉  | 793/1000 [1:50:51 > 6:51:43]
L-BFGS:  79%|███████▉  | 794/1000 [1:48:43 > 6:52:13]
L-BFGS:  80%|███████▉  | 795/1000 [1:42:29 > 6:52:39]
L-BFGS:  80%|███████▉  | 796/1000 [1:48:04 > 6:53:15]
L-BFGS:  80%|███████▉  | 797/1000 [1:42:17 > 6:53:42]
L-BFGS:  80%|███████▉  | 798/1000 [1:46:21 > 6:54:17]
L-BFGS:  80%|███████▉  | 799/1000 [1:46:44 > 6:54:49]
L-BFGS:  80%|████████  | 800/1000 [1:44:08 > 6:55:19]
L-BFGS:  80%|████████  | 801/1000 [1:44:12 > 6:55:51]
L-BFGS:  80%|████████  | 802/1000 [1:41:59 > 6:56:20]
L-BFGS:  80%|████████  | 803/1000 [1:38:46 > 6:56:49]
L-BFGS:  80%|████████  | 804/1000 [1:41:19 > 6:57:22]
L-BFGS:  80%|████████  | 805/1000 [1:43:32 > 6:57:56]
L-BFGS:  81%|████████  | 806/1000 [1:42:39 > 6:58:27]
L-BFGS:  81%|████████  | 807/1000 [1:40:50 > 6:58:58]
L-BFGS:  81%|████████  | 808/1000 [1:41:29 > 6:59:30]
L-BFGS:  81%|████████  | 809/1000 [1:43:32 > 7:00:05]
L-BFGS:  81%|████████  | 810/1000 [1:36:26 > 7:00:30]
L-BFGS:  81%|████████  | 811/1000 [1:41:29 > 7:01:06]
L-BFGS:  81%|████████  | 812/1000 [1:39:52 > 7:01:38]
L-BFGS:  81%|████████▏ | 813/1000 [1:37:43 > 7:02:08]
L-BFGS:  81%|████████▏ | 814/1000 [1:32:36 > 7:02:34]
L-BFGS:  82%|████████▏ | 815/1000 [1:32:55 > 7:03:05]
L-BFGS:  82%|████████▏ | 816/1000 [1:29:07 > 7:03:31]
L-BFGS:  82%|████████▏ | 817/1000 [1:34:24 > 7:04:07]
L-BFGS:  82%|████████▏ | 818/1000 [1:29:24 > 7:04:33]
L-BFGS:  82%|████████▏ | 819/1000 [1:34:38 > 7:05:09]
L-BFGS:  82%|████████▏ | 820/1000 [1:29:48 > 7:05:35]
L-BFGS:  82%|████████▏ | 821/1000 [1:33:39 > 7:06:10]
L-BFGS:  82%|████████▏ | 822/1000 [1:29:04 > 7:06:37]
L-BFGS:  82%|████████▏ | 823/1000 [1:33:23 > 7:07:12]
L-BFGS:  82%|████████▏ | 824/1000 [1:32:55 > 7:07:44]
L-BFGS:  82%|████████▎ | 825/1000 [1:30:38 > 7:08:14]
L-BFGS:  83%|████████▎ | 826/1000 [1:31:43 > 7:08:47]
L-BFGS:  83%|████████▎ | 827/1000 [1:28:25 > 7:09:15]
L-BFGS:  83%|████████▎ | 828/1000 [1:30:35 > 7:09:49]
L-BFGS:  83%|████████▎ | 829/1000 [1:29:53 > 7:10:20]
L-BFGS:  83%|████████▎ | 830/1000 [1:28:14 > 7:10:50]
L-BFGS:  83%|████████▎ | 831/1000 [1:24:47 > 7:11:18]
L-BFGS:  83%|████████▎ | 832/1000 [1:23:08 > 7:11:47]
L-BFGS:  83%|████████▎ | 833/1000 [1:21:06 > 7:12:15]
L-BFGS:  83%|████████▎ | 834/1000 [1:20:47 > 7:12:44]
L-BFGS:  84%|████████▎ | 835/1000 [1:19:37 > 7:13:12]
L-BFGS:  84%|████████▎ | 836/1000 [1:23:07 > 7:13:46]
L-BFGS:  84%|████████▎ | 837/1000 [1:20:32 > 7:14:14]
L-BFGS:  84%|████████▍ | 838/1000 [1:19:17 > 7:14:43]
L-BFGS:  84%|████████▍ | 839/1000 [1:21:45 > 7:15:16]
L-BFGS:  84%|████████▍ | 840/1000 [1:19:58 > 7:15:45]
L-BFGS:  84%|████████▍ | 841/1000 [1:17:42 > 7:16:12]
L-BFGS:  84%|████████▍ | 842/1000 [1:17:11 > 7:16:42]
L-BFGS:  84%|████████▍ | 843/1000 [1:19:21 > 7:17:14]
L-BFGS:  84%|████████▍ | 844/1000 [1:18:19 > 7:17:44]
L-BFGS:  84%|████████▍ | 845/1000 [1:18:53 > 7:18:16]
L-BFGS:  85%|████████▍ | 846/1000 [1:18:12 > 7:18:46]
L-BFGS:  85%|████████▍ | 847/1000 [1:15:37 > 7:19:14]
L-BFGS:  85%|████████▍ | 848/1000 [1:14:30 > 7:19:43]
L-BFGS:  85%|████████▍ | 849/1000 [1:15:46 > 7:20:14]
L-BFGS:  85%|████████▌ | 850/1000 [1:19:45 > 7:20:50]
L-BFGS:  85%|████████▌ | 851/1000 [1:18:35 > 7:21:21]
L-BFGS:  85%|████████▌ | 852/1000 [1:20:23 > 7:21:56]
L-BFGS:  85%|████████▌ | 853/1000 [1:15:18 > 7:22:23]
L-BFGS:  85%|████████▌ | 854/1000 [1:14:51 > 7:22:53]
L-BFGS:  86%|████████▌ | 855/1000 [1:11:16 > 7:23:20]
L-BFGS:  86%|████████▌ | 856/1000 [1:11:49 > 7:23:51]
L-BFGS:  86%|████████▌ | 857/1000 [1:08:14 > 7:24:17]
L-BFGS:  86%|████████▌ | 858/1000 [1:13:11 > 7:24:53]
L-BFGS:  86%|████████▌ | 859/1000 [1:12:48 > 7:25:24]
L-BFGS:  86%|████████▌ | 860/1000 [1:11:41 > 7:25:54]
L-BFGS:  86%|████████▌ | 861/1000 [1:11:42 > 7:26:26]
L-BFGS:  86%|████████▌ | 862/1000 [1:14:14 > 7:27:01]
L-BFGS:  86%|████████▋ | 863/1000 [1:09:37 > 7:27:27]
L-BFGS:  86%|████████▋ | 864/1000 [1:09:09 > 7:27:58]
L-BFGS:  86%|████████▋ | 865/1000 [1:10:07 > 7:28:30]
L-BFGS:  87%|████████▋ | 866/1000 [1:10:59 > 7:29:04]
L-BFGS:  87%|████████▋ | 867/1000 [1:12:52 > 7:29:39]
L-BFGS:  87%|████████▋ | 868/1000 [1:12:15 > 7:30:12]
L-BFGS:  87%|████████▋ | 869/1000 [1:13:29 > 7:30:47]
L-BFGS:  87%|████████▋ | 870/1000 [1:08:43 > 7:31:15]
L-BFGS:  87%|████████▋ | 871/1000 [1:09:51 > 7:31:49]
L-BFGS:  87%|████████▋ | 872/1000 [1:06:45 > 7:32:17]
L-BFGS:  87%|████████▋ | 873/1000 [1:09:40 > 7:32:54]
L-BFGS:  87%|████████▋ | 874/1000 [1:05:17 > 7:33:21]
L-BFGS:  88%|████████▊ | 875/1000 [1:07:21 > 7:33:56]
L-BFGS:  88%|████████▊ | 876/1000 [1:06:33 > 7:34:28]
L-BFGS:  88%|████████▊ | 877/1000 [1:05:41 > 7:35:00]
L-BFGS:  88%|████████▊ | 878/1000 [1:04:23 > 7:35:31]
L-BFGS:  88%|████████▊ | 879/1000 [1:03:24 > 7:36:01]
L-BFGS:  88%|████████▊ | 880/1000 [1:00:05 > 7:36:28]
L-BFGS:  88%|████████▊ | 881/1000 [1:03:03 > 7:37:04]
L-BFGS:  88%|████████▊ | 882/1000 [59:58 > 7:37:32]  
L-BFGS:  88%|████████▊ | 883/1000 [59:26 > 7:38:02]
L-BFGS:  88%|████████▊ | 884/1000 [1:00:21 > 7:38:35]
L-BFGS:  88%|████████▊ | 885/1000 [1:01:43 > 7:39:10]
L-BFGS:  89%|████████▊ | 886/1000 [58:42 > 7:39:37]  
L-BFGS:  89%|████████▊ | 887/1000 [57:38 > 7:40:07]
L-BFGS:  89%|████████▉ | 888/1000 [56:07 > 7:40:36]
L-BFGS:  89%|████████▉ | 889/1000 [55:02 > 7:41:05]
L-BFGS:  89%|████████▉ | 890/1000 [55:53 > 7:41:37]
L-BFGS:  89%|████████▉ | 891/1000 [54:27 > 7:42:06]
L-BFGS:  89%|████████▉ | 892/1000 [52:59 > 7:42:34]
L-BFGS:  89%|████████▉ | 893/1000 [52:34 > 7:43:04]
L-BFGS:  89%|████████▉ | 894/1000 [53:14 > 7:43:36]
L-BFGS:  90%|████████▉ | 895/1000 [54:20 > 7:44:09]
L-BFGS:  90%|████████▉ | 896/1000 [52:52 > 7:44:38]
L-BFGS:  90%|████████▉ | 897/1000 [51:12 > 7:45:06]
L-BFGS:  90%|████████▉ | 898/1000 [52:44 > 7:45:40]
L-BFGS:  90%|████████▉ | 899/1000 [52:23 > 7:46:11]
L-BFGS:  90%|█████████ | 900/1000 [54:35 > 7:46:48]
L-BFGS:  90%|█████████ | 901/1000 [51:43 > 7:47:16]
L-BFGS:  90%|█████████ | 902/1000 [53:01 > 7:47:51]
L-BFGS:  90%|█████████ | 903/1000 [52:12 > 7:48:23]
L-BFGS:  90%|█████████ | 904/1000 [53:47 > 7:49:00]
L-BFGS:  90%|█████████ | 905/1000 [52:30 > 7:49:32]
L-BFGS:  91%|█████████ | 906/1000 [50:39 > 7:50:02]
L-BFGS:  91%|█████████ | 907/1000 [50:21 > 7:50:35]
L-BFGS:  91%|█████████ | 908/1000 [48:44 > 7:51:05]
L-BFGS:  91%|█████████ | 909/1000 [48:22 > 7:51:37]
L-BFGS:  91%|█████████ | 910/1000 [47:00 > 7:52:07]
L-BFGS:  91%|█████████ | 911/1000 [45:13 > 7:52:36]
L-BFGS:  91%|█████████ | 912/1000 [46:08 > 7:53:10]
L-BFGS:  91%|█████████▏| 913/1000 [44:17 > 7:53:38]
L-BFGS:  91%|█████████▏| 914/1000 [43:17 > 7:54:07]
L-BFGS:  92%|█████████▏| 915/1000 [42:17 > 7:54:36]
L-BFGS:  92%|█████████▏| 916/1000 [43:44 > 7:55:11]
L-BFGS:  92%|█████████▏| 917/1000 [44:06 > 7:55:44]
L-BFGS:  92%|█████████▏| 918/1000 [43:40 > 7:56:16]
L-BFGS:  92%|█████████▏| 919/1000 [42:48 > 7:56:48]
L-BFGS:  92%|█████████▏| 920/1000 [42:32 > 7:57:20]
L-BFGS:  92%|█████████▏| 921/1000 [41:14 > 7:57:50]
L-BFGS:  92%|█████████▏| 922/1000 [39:12 > 7:58:17]
L-BFGS:  92%|█████████▏| 923/1000 [38:56 > 7:58:48]
L-BFGS:  92%|█████████▏| 924/1000 [39:26 > 7:59:21]
L-BFGS:  92%|█████████▎| 925/1000 [38:26 > 7:59:51]
L-BFGS:  93%|█████████▎| 926/1000 [38:00 > 8:00:22]
L-BFGS:  93%|█████████▎| 927/1000 [37:48 > 8:00:54]
L-BFGS:  93%|█████████▎| 928/1000 [35:38 > 8:01:20]
L-BFGS:  93%|█████████▎| 929/1000 [35:06 > 8:01:50]
L-BFGS:  93%|█████████▎| 930/1000 [35:12 > 8:02:21]
L-BFGS:  93%|█████████▎| 931/1000 [36:33 > 8:02:57]
L-BFGS:  93%|█████████▎| 932/1000 [35:52 > 8:03:28]
L-BFGS:  93%|█████████▎| 933/1000 [36:33 > 8:04:03]
L-BFGS:  93%|█████████▎| 934/1000 [33:55 > 8:04:30]
L-BFGS:  94%|█████████▎| 935/1000 [34:51 > 8:05:05]
L-BFGS:  94%|█████████▎| 936/1000 [32:40 > 8:05:32]
L-BFGS:  94%|█████████▎| 937/1000 [31:58 > 8:06:02]
L-BFGS:  94%|█████████▍| 938/1000 [32:06 > 8:06:35]
L-BFGS:  94%|█████████▍| 939/1000 [32:30 > 8:07:09]
L-BFGS:  94%|█████████▍| 940/1000 [30:38 > 8:07:36]
L-BFGS:  94%|█████████▍| 941/1000 [30:57 > 8:08:10]
L-BFGS:  94%|█████████▍| 942/1000 [31:20 > 8:08:44]
L-BFGS:  94%|█████████▍| 943/1000 [30:37 > 8:09:16]
L-BFGS:  94%|█████████▍| 944/1000 [29:22 > 8:09:46]
L-BFGS:  94%|█████████▍| 945/1000 [28:51 > 8:10:17]
L-BFGS:  95%|█████████▍| 946/1000 [29:25 > 8:10:53]
L-BFGS:  95%|█████████▍| 947/1000 [28:32 > 8:11:24]
L-BFGS:  95%|█████████▍| 948/1000 [27:33 > 8:11:55]
L-BFGS:  95%|█████████▍| 949/1000 [26:49 > 8:12:26]
L-BFGS:  95%|█████████▌| 950/1000 [27:15 > 8:13:01]
L-BFGS:  95%|█████████▌| 951/1000 [26:37 > 8:13:33]
L-BFGS:  95%|█████████▌| 952/1000 [25:11 > 8:14:02]
L-BFGS:  95%|█████████▌| 953/1000 [25:08 > 8:14:36]
L-BFGS:  95%|█████████▌| 954/1000 [24:16 > 8:15:07]
L-BFGS:  96%|█████████▌| 955/1000 [22:52 > 8:15:34]
L-BFGS:  96%|█████████▌| 956/1000 [23:15 > 8:16:09]
L-BFGS:  96%|█████████▌| 957/1000 [22:18 > 8:16:39]
L-BFGS:  96%|█████████▌| 958/1000 [22:05 > 8:17:11]
L-BFGS:  96%|█████████▌| 959/1000 [22:05 > 8:17:45]
L-BFGS:  96%|█████████▌| 960/1000 [21:22 > 8:18:17]
L-BFGS:  96%|█████████▌| 961/1000 [21:31 > 8:18:52]
L-BFGS:  96%|█████████▌| 962/1000 [19:42 > 8:19:19]
L-BFGS:  96%|█████████▋| 963/1000 [19:59 > 8:19:54]
L-BFGS:  96%|█████████▋| 964/1000 [19:12 > 8:20:25]
L-BFGS:  96%|█████████▋| 965/1000 [19:15 > 8:21:01]
L-BFGS:  97%|█████████▋| 966/1000 [18:36 > 8:21:33]
L-BFGS:  97%|█████████▋| 967/1000 [18:12 > 8:22:07]
L-BFGS:  97%|█████████▋| 968/1000 [17:47 > 8:22:41]
L-BFGS:  97%|█████████▋| 969/1000 [17:08 > 8:23:13]
L-BFGS:  97%|█████████▋| 970/1000 [16:45 > 8:23:48]
L-BFGS:  97%|█████████▋| 971/1000 [15:03 > 8:24:13]
L-BFGS:  97%|█████████▋| 972/1000 [15:15 > 8:24:50]
L-BFGS:  97%|█████████▋| 973/1000 [14:30 > 8:25:21]
L-BFGS:  97%|█████████▋| 974/1000 [14:18 > 8:25:56]
L-BFGS:  98%|█████████▊| 975/1000 [12:59 > 8:26:23]
L-BFGS:  98%|█████████▊| 976/1000 [12:29 > 8:26:54]
L-BFGS:  98%|█████████▊| 977/1000 [11:52 > 8:27:24]
L-BFGS:  98%|█████████▊| 978/1000 [11:49 > 8:28:00]
L-BFGS:  98%|█████████▊| 979/1000 [10:51 > 8:28:28]
L-BFGS:  98%|█████████▊| 980/1000 [10:34 > 8:29:01]
L-BFGS:  98%|█████████▊| 981/1000 [10:15 > 8:29:35]
L-BFGS:  98%|█████████▊| 982/1000 [09:18 > 8:30:03]
L-BFGS:  98%|█████████▊| 983/1000 [08:35 > 8:30:32]
L-BFGS:  98%|█████████▊| 984/1000 [08:18 > 8:31:05]
L-BFGS:  98%|█████████▊| 985/1000 [08:01 > 8:31:39]
L-BFGS:  99%|█████████▊| 986/1000 [07:22 > 8:32:10]
L-BFGS:  99%|█████████▊| 987/1000 [06:51 > 8:32:41]
L-BFGS:  99%|█████████▉| 988/1000 [06:17 > 8:33:12]
L-BFGS:  99%|█████████▉| 989/1000 [05:57 > 8:33:47]
L-BFGS:  99%|█████████▉| 990/1000 [05:21 > 8:34:19]
L-BFGS:  99%|█████████▉| 991/1000 [04:47 > 8:34:50]
L-BFGS:  99%|█████████▉| 992/1000 [04:11 > 8:35:20]
L-BFGS:  99%|█████████▉| 993/1000 [03:47 > 8:35:55]
L-BFGS:  99%|█████████▉| 994/1000 [03:07 > 8:36:24]
L-BFGS: 100%|█████████▉| 995/1000 [02:32 > 8:36:52]
L-BFGS: 100%|█████████▉| 996/1000 [01:57 > 8:37:19]
L-BFGS: 100%|█████████▉| 997/1000 [01:32 > 8:37:54]
L-BFGS: 100%|█████████▉| 998/1000 [01:00 > 8:38:22]
L-BFGS: 100%|█████████▉| 999/1000 [00:31 > 8:38:56]
L-BFGS: 100%|██████████| 1000/1000 [00:00 > 8:39:24]
L-BFGS: 100%|██████████| 1000/1000 [00:00 > 8:39:24]
Training saved: C:\Ali Computation\pinn\code\heterogeneous\pino_heterogeneous\results\exp_Qb_amort_piecewise_K100_N500_z1to5_min10pct_w64_float64_lr01_maxiter5\pino_heterogeneous_concentration.png C:\Ali Computation\pinn\code\heterogeneous\pino_heterogeneous\results\exp_Qb_amort_piecewise_K100_N500_z1to5_min10pct_w64_float64_lr01_maxiter5\pino_heterogeneous_loss.png C:\Ali Computation\pinn\code\heterogeneous\pino_heterogeneous\results\exp_Qb_amort_piecewise_K100_N500_z1to5_min10pct_w64_float64_lr01_maxiter5\pino_heterogeneous_model.pt
COMSOL validation: 81 media -> C:\Ali Computation\pinn\code\heterogeneous\pino_heterogeneous\results\exp_Qb_amort_piecewise_K100_N500_z1to5_min10pct_w64_float64_lr01_maxiter5\comsol_validation  (x* collocation n=86)

COMSOL vs PINO:   0%|          | 0/81 [00:00<?, ?it/s]
COMSOL vs PINO:   1%|          | 1/81 [00:01<01:27,  1.09s/it]
COMSOL vs PINO:   2%|▏         | 2/81 [00:02<01:25,  1.08s/it]
COMSOL vs PINO:   4%|▎         | 3/81 [00:03<01:22,  1.06s/it]
COMSOL vs PINO:   5%|▍         | 4/81 [00:04<01:21,  1.05s/it]
COMSOL vs PINO:   6%|▌         | 5/81 [00:05<01:27,  1.15s/it]
COMSOL vs PINO:   7%|▋         | 6/81 [00:06<01:24,  1.12s/it]
COMSOL vs PINO:   9%|▊         | 7/81 [00:07<01:21,  1.11s/it]
COMSOL vs PINO:  10%|▉         | 8/81 [00:08<01:19,  1.09s/it]
COMSOL vs PINO:  11%|█         | 9/81 [00:09<01:18,  1.08s/it]
COMSOL vs PINO:  12%|█▏        | 10/81 [00:10<01:17,  1.09s/it]
COMSOL vs PINO:  14%|█▎        | 11/81 [00:12<01:15,  1.08s/it]
COMSOL vs PINO:  15%|█▍        | 12/81 [00:13<01:14,  1.08s/it]
COMSOL vs PINO:  16%|█▌        | 13/81 [00:14<01:13,  1.08s/it]
COMSOL vs PINO:  17%|█▋        | 14/81 [00:15<01:12,  1.08s/it]
COMSOL vs PINO:  19%|█▊        | 15/81 [00:16<01:10,  1.07s/it]
COMSOL vs PINO:  20%|█▉        | 16/81 [00:17<01:10,  1.08s/it]
COMSOL vs PINO:  21%|██        | 17/81 [00:18<01:09,  1.08s/it]
COMSOL vs PINO:  22%|██▏       | 18/81 [00:19<01:07,  1.07s/it]
COMSOL vs PINO:  23%|██▎       | 19/81 [00:20<01:12,  1.18s/it]
COMSOL vs PINO:  25%|██▍       | 20/81 [00:22<01:09,  1.15s/it]
COMSOL vs PINO:  26%|██▌       | 21/81 [00:23<01:07,  1.13s/it]
COMSOL vs PINO:  27%|██▋       | 22/81 [00:24<01:05,  1.11s/it]
COMSOL vs PINO:  28%|██▊       | 23/81 [00:25<01:03,  1.09s/it]
COMSOL vs PINO:  30%|██▉       | 24/81 [00:26<01:01,  1.08s/it]
COMSOL vs PINO:  31%|███       | 25/81 [00:27<00:59,  1.07s/it]
COMSOL vs PINO:  32%|███▏      | 26/81 [00:28<00:58,  1.07s/it]
COMSOL vs PINO:  33%|███▎      | 27/81 [00:29<00:57,  1.07s/it]
COMSOL vs PINO:  35%|███▍      | 28/81 [00:30<00:57,  1.09s/it]
COMSOL vs PINO:  36%|███▌      | 29/81 [00:31<00:56,  1.09s/it]
COMSOL vs PINO:  37%|███▋      | 30/81 [00:32<00:54,  1.07s/it]
COMSOL vs PINO:  38%|███▊      | 31/81 [00:33<00:52,  1.06s/it]
COMSOL vs PINO:  40%|███▉      | 32/81 [00:34<00:52,  1.08s/it]
COMSOL vs PINO:  41%|████      | 33/81 [00:36<00:56,  1.17s/it]
COMSOL vs PINO:  42%|████▏     | 34/81 [00:37<00:53,  1.14s/it]
COMSOL vs PINO:  43%|████▎     | 35/81 [00:38<00:51,  1.12s/it]
COMSOL vs PINO:  44%|████▍     | 36/81 [00:39<00:49,  1.10s/it]
COMSOL vs PINO:  46%|████▌     | 37/81 [00:40<00:47,  1.09s/it]
COMSOL vs PINO:  47%|████▋     | 38/81 [00:41<00:46,  1.08s/it]
COMSOL vs PINO:  48%|████▊     | 39/81 [00:42<00:45,  1.08s/it]
COMSOL vs PINO:  49%|████▉     | 40/81 [00:43<00:43,  1.07s/it]
COMSOL vs PINO:  51%|█████     | 41/81 [00:44<00:42,  1.07s/it]
COMSOL vs PINO:  52%|█████▏    | 42/81 [00:45<00:41,  1.08s/it]
COMSOL vs PINO:  53%|█████▎    | 43/81 [00:46<00:40,  1.07s/it]
COMSOL vs PINO:  54%|█████▍    | 44/81 [00:48<00:39,  1.08s/it]
COMSOL vs PINO:  56%|█████▌    | 45/81 [00:49<00:38,  1.08s/it]
COMSOL vs PINO:  57%|█████▋    | 46/81 [00:50<00:41,  1.17s/it]
COMSOL vs PINO:  58%|█████▊    | 47/81 [00:51<00:38,  1.14s/it]
COMSOL vs PINO:  59%|█████▉    | 48/81 [00:52<00:37,  1.13s/it]
COMSOL vs PINO:  60%|██████    | 49/81 [00:53<00:35,  1.11s/it]
COMSOL vs PINO:  62%|██████▏   | 50/81 [00:54<00:34,  1.11s/it]
COMSOL vs PINO:  63%|██████▎   | 51/81 [00:55<00:32,  1.09s/it]
COMSOL vs PINO:  64%|██████▍   | 52/81 [00:56<00:31,  1.09s/it]
COMSOL vs PINO:  65%|██████▌   | 53/81 [00:58<00:30,  1.10s/it]
COMSOL vs PINO:  67%|██████▋   | 54/81 [00:59<00:29,  1.10s/it]
COMSOL vs PINO:  68%|██████▊   | 55/81 [01:00<00:28,  1.09s/it]
COMSOL vs PINO:  69%|██████▉   | 56/81 [01:01<00:27,  1.09s/it]
COMSOL vs PINO:  70%|███████   | 57/81 [01:02<00:26,  1.09s/it]
COMSOL vs PINO:  72%|███████▏  | 58/81 [01:03<00:25,  1.09s/it]
COMSOL vs PINO:  73%|███████▎  | 59/81 [01:04<00:23,  1.09s/it]
COMSOL vs PINO:  74%|███████▍  | 60/81 [01:05<00:22,  1.09s/it]
COMSOL vs PINO:  75%|███████▌  | 61/81 [01:07<00:23,  1.19s/it]
COMSOL vs PINO:  77%|███████▋  | 62/81 [01:08<00:22,  1.16s/it]
COMSOL vs PINO:  78%|███████▊  | 63/81 [01:09<00:20,  1.14s/it]
COMSOL vs PINO:  79%|███████▉  | 64/81 [01:10<00:19,  1.14s/it]
COMSOL vs PINO:  80%|████████  | 65/81 [01:11<00:17,  1.11s/it]
COMSOL vs PINO:  81%|████████▏ | 66/81 [01:12<00:16,  1.10s/it]
COMSOL vs PINO:  83%|████████▎ | 67/81 [01:13<00:15,  1.09s/it]
COMSOL vs PINO:  84%|████████▍ | 68/81 [01:14<00:14,  1.08s/it]
COMSOL vs PINO:  85%|████████▌ | 69/81 [01:15<00:13,  1.10s/it]
COMSOL vs PINO:  86%|████████▋ | 70/81 [01:16<00:12,  1.10s/it]
COMSOL vs PINO:  88%|████████▊ | 71/81 [01:18<00:11,  1.11s/it]
COMSOL vs PINO:  89%|████████▉ | 72/81 [01:19<00:09,  1.09s/it]
COMSOL vs PINO:  90%|█████████ | 73/81 [01:20<00:08,  1.09s/it]
COMSOL vs PINO:  91%|█████████▏| 74/81 [01:21<00:07,  1.11s/it]
COMSOL vs PINO:  93%|█████████▎| 75/81 [01:22<00:06,  1.10s/it]
COMSOL vs PINO:  94%|█████████▍| 76/81 [01:23<00:06,  1.20s/it]
COMSOL vs PINO:  95%|█████████▌| 77/81 [01:24<00:04,  1.17s/it]
COMSOL vs PINO:  96%|█████████▋| 78/81 [01:26<00:03,  1.14s/it]
COMSOL vs PINO:  98%|█████████▊| 79/81 [01:27<00:02,  1.12s/it]
COMSOL vs PINO:  99%|█████████▉| 80/81 [01:28<00:01,  1.11s/it]
COMSOL vs PINO: 100%|██████████| 81/81 [01:29<00:00,  1.10s/it]
COMSOL vs PINO: 100%|██████████| 81/81 [01:29<00:00,  1.10s/it]
COMSOL validation summary: n=81  mean=4.994485e-02  max=1.240614e-01  min=1.135735e-02
Wrote C:\Ali Computation\pinn\code\heterogeneous\pino_heterogeneous\results\exp_Qb_amort_piecewise_K100_N500_z1to5_min10pct_w64_float64_lr01_maxiter5\comsol_validation\comsol_validation_summary.csv
Run metadata: C:\Ali Computation\pinn\code\heterogeneous\pino_heterogeneous\results\exp_Qb_amort_piecewise_K100_N500_z1to5_min10pct_w64_float64_lr01_maxiter5\run_meta.json

# exit 0 after 8:41:12.353724
