# code/heterogeneous/pino_heterogeneous/pinn1d_heterogeneous_parametric_neural_operator.py --design grf --n-sensors 100 --n-grf 0 --n-piecewise-per-zones 100 --piecewise-zone-counts 1,2,3,4,5 --min-zone-frac 0.1 --arch w64 --dtype float64 --early-stop-patience 150 --lr-lbfgs 0.1 --lbfgs-max-iter 5 --epochs 1000 --hard-bc --inlet-tau 0.05 --out-dir results/exp_Qc_hard_tau005_piecewise_K100_N500_z1to5_min10pct_w64_float64_lr01_maxiter5
# started 2026-06-22 15:13:17
# cwd C:\Ali Computation\pinn\code\heterogeneous\pino_heterogeneous

Using GPU: NVIDIA GeForce RTX 3090 (cuda:0, dtype=torch.float64)
PE (computed) = 0.010368
design=grf  media_mode=grf  n_train_requested=500  n_corner_anchors=16  arch=w64  amortize_branch=False  hard_bc=True  inlet_tau=0.05  batch_mode=True
branch=[100, 64, 64, 64]  trunk=[2, 64, 64, 64, 64]
results_dir=C:\Ali Computation\pinn\code\heterogeneous\pino_heterogeneous\results\exp_Qc_hard_tau005_piecewise_K100_N500_z1to5_min10pct_w64_float64_lr01_maxiter5
Training: 500 piecewise (100 each for zones [1, 2, 3, 4, 5]), min_zone_frac=0.1 = 500 total; K=100 uniform sensors, grid_n=201
  saved/loaded: C:\Ali Computation\pinn\code\heterogeneous\pino_heterogeneous\results\exp_Qc_hard_tau005_piecewise_K100_N500_z1to5_min10pct_w64_float64_lr01_maxiter5\train_grf_cases.npz
  branch CFL range [0.120459, 0.599738]
PDE mesh: bulk 50x50x500 (no interface bands in GRF mode)
COMSOL validation: 81 fixed grid cases from comsol_4zones.txt -> C:\Ali Computation\pinn\code\heterogeneous\pino_heterogeneous\results\exp_Qc_hard_tau005_piecewise_K100_N500_z1to5_min10pct_w64_float64_lr01_maxiter5\comsol_validation
run_training=True  run_comsol_validation=True  validate_only=False  skip_validation_plots=False
L-BFGS early stopping: patience=150 (max steps=1000)
L-BFGS: lr=0.1  max_iter=5  outer_steps=1000
PDE collocation points: 1,250,000 (bulk 1,250,000, interface 0)
Collocation mesh plot (pre-train): C:\Ali Computation\pinn\code\heterogeneous\pino_heterogeneous\results\exp_Qc_hard_tau005_piecewise_K100_N500_z1to5_min10pct_w64_float64_lr01_maxiter5\pino_heterogeneous_collocation_points.png
LBFGS (
Parameter Group 0
    history_size: 50
    line_search_fn: strong_wolfe
    lr: 0.1
    max_eval: 6
    max_iter: 5
    tolerance_change: 1e-09
    tolerance_grad: 1e-07
)
Early stopping: patience=150 L-BFGS steps (no total-loss improvement, rtol=1e-12)

L-BFGS:   0%|          | 0/1000 [? > 00:00]
L-BFGS:   0%|          | 1/1000 [12:01:33 > 00:43]
L-BFGS:   0%|          | 2/1000 [11:50:36 > 01:25]
L-BFGS:   0%|          | 3/1000 [11:34:09 > 02:06]
L-BFGS:   0%|          | 4/1000 [11:34:27 > 02:48]
L-BFGS:   0%|          | 5/1000 [11:40:02 > 03:31]
L-BFGS:   1%|          | 6/1000 [10:56:14 > 04:05]
L-BFGS:   1%|          | 7/1000 [11:08:37 > 04:47]
L-BFGS:   1%|          | 8/1000 [11:15:27 > 05:29]
L-BFGS:   1%|          | 9/1000 [10:50:05 > 06:05]
L-BFGS:   1%|          | 10/1000 [10:59:11 > 06:46]
L-BFGS:   1%|          | 11/1000 [11:02:31 > 07:27]
L-BFGS:   1%|          | 12/1000 [11:14:12 > 08:10]
L-BFGS:   1%|▏         | 13/1000 [10:43:25 > 08:45]
L-BFGS:   1%|▏         | 14/1000 [10:59:56 > 09:27]
L-BFGS:   2%|▏         | 15/1000 [10:42:03 > 10:04]
L-BFGS:   2%|▏         | 16/1000 [10:18:43 > 10:38]
L-BFGS:   2%|▏         | 17/1000 [10:08:31 > 11:14]
L-BFGS:   2%|▏         | 18/1000 [10:26:09 > 11:55]
L-BFGS:   2%|▏         | 19/1000 [10:46:54 > 12:38]
L-BFGS:   2%|▏         | 20/1000 [10:55:24 > 13:19]
L-BFGS:   2%|▏         | 21/1000 [10:33:18 > 13:55]
L-BFGS:   2%|▏         | 22/1000 [10:53:00 > 14:38]
L-BFGS:   2%|▏         | 23/1000 [10:27:56 > 15:13]
L-BFGS:   2%|▏         | 24/1000 [10:44:54 > 15:55]
L-BFGS:   2%|▎         | 25/1000 [10:56:58 > 16:37]
L-BFGS:   3%|▎         | 26/1000 [10:24:09 > 17:11]
L-BFGS:   3%|▎         | 27/1000 [10:38:32 > 17:53]
L-BFGS:   3%|▎         | 28/1000 [10:47:59 > 18:34]
L-BFGS:   3%|▎         | 29/1000 [10:29:58 > 19:11]
L-BFGS:   3%|▎         | 30/1000 [10:14:45 > 19:46]
L-BFGS:   3%|▎         | 31/1000 [10:05:34 > 20:23]
L-BFGS:   3%|▎         | 32/1000 [9:57:02 > 20:59] 
L-BFGS:   3%|▎         | 33/1000 [10:11:33 > 21:39]
L-BFGS:   3%|▎         | 34/1000 [10:01:33 > 22:15]
L-BFGS:   4%|▎         | 35/1000 [10:22:08 > 22:57]
L-BFGS:   4%|▎         | 36/1000 [10:09:30 > 23:33]
L-BFGS:   4%|▎         | 37/1000 [9:57:47 > 24:08] 
L-BFGS:   4%|▍         | 38/1000 [10:16:19 > 24:50]
L-BFGS:   4%|▍         | 39/1000 [10:05:17 > 25:26]
L-BFGS:   4%|▍         | 40/1000 [9:44:38 > 25:59] 
L-BFGS:   4%|▍         | 41/1000 [10:14:49 > 26:42]
L-BFGS:   4%|▍         | 42/1000 [10:28:03 > 27:24]
L-BFGS:   4%|▍         | 43/1000 [10:07:15 > 27:59]
L-BFGS:   4%|▍         | 44/1000 [10:00:47 > 28:36]
L-BFGS:   4%|▍         | 45/1000 [9:51:20 > 29:12] 
L-BFGS:   5%|▍         | 46/1000 [10:17:16 > 29:54]
L-BFGS:   5%|▍         | 47/1000 [9:48:57 > 30:27] 
L-BFGS:   5%|▍         | 48/1000 [9:49:02 > 31:05]
L-BFGS:   5%|▍         | 49/1000 [9:43:23 > 31:41]
L-BFGS:   5%|▌         | 50/1000 [10:05:57 > 32:22]
L-BFGS:   5%|▌         | 51/1000 [10:22:01 > 33:04]
L-BFGS:   5%|▌         | 52/1000 [10:03:50 > 33:40]
L-BFGS:   5%|▌         | 53/1000 [10:24:07 > 34:22]
L-BFGS:   5%|▌         | 54/1000 [10:29:09 > 35:03]
L-BFGS:   6%|▌         | 55/1000 [10:30:19 > 35:43]
L-BFGS:   6%|▌         | 56/1000 [10:15:25 > 36:20]
L-BFGS:   6%|▌         | 57/1000 [9:54:39 > 36:55] 
L-BFGS:   6%|▌         | 58/1000 [10:18:20 > 37:38]
L-BFGS:   6%|▌         | 59/1000 [10:28:08 > 38:20]
L-BFGS:   6%|▌         | 60/1000 [10:30:50 > 39:01]
L-BFGS:   6%|▌         | 61/1000 [10:12:30 > 39:37]
L-BFGS:   6%|▌         | 62/1000 [10:21:36 > 40:18]
L-BFGS:   6%|▋         | 63/1000 [10:01:12 > 40:54]
L-BFGS:   6%|▋         | 64/1000 [9:44:01 > 41:29] 
L-BFGS:   6%|▋         | 65/1000 [10:07:58 > 42:12]
L-BFGS:   7%|▋         | 66/1000 [10:19:58 > 42:53]
L-BFGS:   7%|▋         | 67/1000 [9:57:02 > 43:28] 
L-BFGS:   7%|▋         | 68/1000 [10:19:38 > 44:12]
L-BFGS:   7%|▋         | 69/1000 [10:25:25 > 44:53]
L-BFGS:   7%|▋         | 70/1000 [9:59:06 > 45:28] 
L-BFGS:   7%|▋         | 71/1000 [9:44:25 > 46:03]
L-BFGS:   7%|▋         | 72/1000 [9:34:20 > 46:39]
L-BFGS:   7%|▋         | 73/1000 [9:34:55 > 47:17]
L-BFGS:   7%|▋         | 74/1000 [9:50:16 > 47:57]
L-BFGS:   8%|▊         | 75/1000 [9:45:28 > 48:35]
L-BFGS:   8%|▊         | 76/1000 [9:57:13 > 49:15]
L-BFGS:   8%|▊         | 77/1000 [9:34:57 > 49:49]
L-BFGS:   8%|▊         | 78/1000 [9:29:42 > 50:26]
L-BFGS:   8%|▊         | 79/1000 [9:21:10 > 51:01]
L-BFGS:   8%|▊         | 80/1000 [9:21:33 > 51:38]
L-BFGS:   8%|▊         | 81/1000 [9:11:02 > 52:12]
L-BFGS:   8%|▊         | 82/1000 [9:08:10 > 52:48]
L-BFGS:   8%|▊         | 83/1000 [9:33:35 > 53:29]
L-BFGS:   8%|▊         | 84/1000 [9:48:17 > 54:10]
L-BFGS:   8%|▊         | 85/1000 [9:39:34 > 54:47]
L-BFGS:   9%|▊         | 86/1000 [9:56:33 > 55:29]
L-BFGS:   9%|▊         | 87/1000 [9:46:21 > 56:06]
L-BFGS:   9%|▉         | 88/1000 [9:52:55 > 56:46]
L-BFGS:   9%|▉         | 89/1000 [10:09:28 > 57:29]
L-BFGS:   9%|▉         | 90/1000 [9:45:35 > 58:04] 
L-BFGS:   9%|▉         | 91/1000 [9:24:50 > 58:38]
L-BFGS:   9%|▉         | 92/1000 [9:24:08 > 59:15]
L-BFGS:   9%|▉         | 93/1000 [9:16:54 > 59:51]
L-BFGS:   9%|▉         | 94/1000 [9:42:05 > 1:00:34]
L-BFGS:  10%|▉         | 95/1000 [9:20:47 > 1:01:08]
L-BFGS:  10%|▉         | 96/1000 [9:44:49 > 1:01:50]
L-BFGS:  10%|▉         | 97/1000 [9:30:06 > 1:02:26]
L-BFGS:  10%|▉         | 98/1000 [9:13:20 > 1:03:00]
L-BFGS:  10%|▉         | 99/1000 [9:37:59 > 1:03:43]
L-BFGS:  10%|█         | 100/1000 [9:26:35 > 1:04:19]
L-BFGS:  10%|█         | 101/1000 [9:49:14 > 1:05:02]
L-BFGS:  10%|█         | 102/1000 [9:56:03 > 1:05:43]
L-BFGS:  10%|█         | 103/1000 [9:33:17 > 1:06:18]
L-BFGS:  10%|█         | 104/1000 [9:23:09 > 1:06:54]
L-BFGS:  10%|█         | 105/1000 [9:10:40 > 1:07:29]
L-BFGS:  11%|█         | 106/1000 [9:11:33 > 1:08:06]
L-BFGS:  11%|█         | 107/1000 [9:04:21 > 1:08:42]
L-BFGS:  11%|█         | 108/1000 [9:00:31 > 1:09:18]
L-BFGS:  11%|█         | 109/1000 [8:47:09 > 1:09:51]
L-BFGS:  11%|█         | 110/1000 [9:17:21 > 1:10:33]
L-BFGS:  11%|█         | 111/1000 [9:36:53 > 1:11:16]
L-BFGS:  11%|█         | 112/1000 [9:42:45 > 1:11:56]
L-BFGS:  11%|█▏        | 113/1000 [9:32:57 > 1:12:33]
L-BFGS:  11%|█▏        | 114/1000 [9:17:31 > 1:13:09]
L-BFGS:  12%|█▏        | 115/1000 [9:07:33 > 1:13:44]
L-BFGS:  12%|█▏        | 116/1000 [8:58:28 > 1:14:20]
L-BFGS:  12%|█▏        | 117/1000 [8:56:53 > 1:14:56]
L-BFGS:  12%|█▏        | 118/1000 [9:19:46 > 1:15:38]
L-BFGS:  12%|█▏        | 119/1000 [9:06:03 > 1:16:13]
L-BFGS:  12%|█▏        | 120/1000 [9:32:44 > 1:16:56]
L-BFGS:  12%|█▏        | 121/1000 [9:14:26 > 1:17:31]
L-BFGS:  12%|█▏        | 122/1000 [9:28:10 > 1:18:12]
L-BFGS:  12%|█▏        | 123/1000 [9:13:27 > 1:18:48]
L-BFGS:  12%|█▏        | 124/1000 [9:03:40 > 1:19:24]
L-BFGS:  12%|█▎        | 125/1000 [9:03:33 > 1:20:01]
L-BFGS:  13%|█▎        | 126/1000 [9:17:46 > 1:20:42]
L-BFGS:  13%|█▎        | 127/1000 [9:13:06 > 1:21:19]
L-BFGS:  13%|█▎        | 128/1000 [8:54:13 > 1:21:53]
L-BFGS:  13%|█▎        | 129/1000 [8:50:47 > 1:22:29]
L-BFGS:  13%|█▎        | 130/1000 [9:10:14 > 1:23:10]
L-BFGS:  13%|█▎        | 131/1000 [8:58:09 > 1:23:46]
L-BFGS:  13%|█▎        | 132/1000 [8:55:29 > 1:24:22]
L-BFGS:  13%|█▎        | 133/1000 [9:09:39 > 1:25:03]
L-BFGS:  13%|█▎        | 134/1000 [9:01:35 > 1:25:39]
L-BFGS:  14%|█▎        | 135/1000 [9:14:27 > 1:26:20]
L-BFGS:  14%|█▎        | 136/1000 [8:59:07 > 1:26:55]
L-BFGS:  14%|█▎        | 137/1000 [9:21:09 > 1:27:37]
L-BFGS:  14%|█▍        | 138/1000 [9:07:12 > 1:28:13]
L-BFGS:  14%|█▍        | 139/1000 [9:01:38 > 1:28:50]
L-BFGS:  14%|█▍        | 140/1000 [9:11:09 > 1:29:30]
L-BFGS:  14%|█▍        | 141/1000 [9:29:27 > 1:30:13]
L-BFGS:  14%|█▍        | 142/1000 [9:07:58 > 1:30:48]
L-BFGS:  14%|█▍        | 143/1000 [9:14:31 > 1:31:28]
L-BFGS:  14%|█▍        | 144/1000 [9:06:51 > 1:32:05]
L-BFGS:  14%|█▍        | 145/1000 [8:57:27 > 1:32:42]
L-BFGS:  15%|█▍        | 146/1000 [8:50:47 > 1:33:18]
L-BFGS:  15%|█▍        | 147/1000 [8:36:03 > 1:33:52]
L-BFGS:  15%|█▍        | 148/1000 [8:32:52 > 1:34:28]
L-BFGS:  15%|█▍        | 149/1000 [8:33:43 > 1:35:04]
L-BFGS:  15%|█▌        | 150/1000 [8:29:42 > 1:35:39]
L-BFGS:  15%|█▌        | 151/1000 [8:30:00 > 1:36:16]
L-BFGS:  15%|█▌        | 152/1000 [8:51:56 > 1:36:57]
L-BFGS:  15%|█▌        | 153/1000 [9:14:17 > 1:37:40]
L-BFGS:  15%|█▌        | 154/1000 [9:19:52 > 1:38:21]
L-BFGS:  16%|█▌        | 155/1000 [9:25:31 > 1:39:02]
L-BFGS:  16%|█▌        | 156/1000 [9:08:20 > 1:39:38]
L-BFGS:  16%|█▌        | 157/1000 [8:51:28 > 1:40:13]
L-BFGS:  16%|█▌        | 158/1000 [8:48:16 > 1:40:51]
L-BFGS:  16%|█▌        | 159/1000 [9:03:42 > 1:41:32]
L-BFGS:  16%|█▌        | 160/1000 [9:13:36 > 1:42:13]
L-BFGS:  16%|█▌        | 161/1000 [9:21:39 > 1:42:55]
L-BFGS:  16%|█▌        | 162/1000 [9:26:00 > 1:43:36]
L-BFGS:  16%|█▋        | 163/1000 [9:32:10 > 1:44:18]
L-BFGS:  16%|█▋        | 164/1000 [9:03:42 > 1:44:53]
L-BFGS:  16%|█▋        | 165/1000 [9:12:53 > 1:45:34]
L-BFGS:  17%|█▋        | 166/1000 [9:01:13 > 1:46:11]
L-BFGS:  17%|█▋        | 167/1000 [9:09:27 > 1:46:52]
L-BFGS:  17%|█▋        | 168/1000 [9:19:20 > 1:47:35]
L-BFGS:  17%|█▋        | 169/1000 [9:02:44 > 1:48:11]
L-BFGS:  17%|█▋        | 170/1000 [9:08:49 > 1:48:52]
L-BFGS:  17%|█▋        | 171/1000 [9:19:25 > 1:49:34]
L-BFGS:  17%|█▋        | 172/1000 [8:53:17 > 1:50:09]
L-BFGS:  17%|█▋        | 173/1000 [9:09:07 > 1:50:51]
L-BFGS:  17%|█▋        | 174/1000 [9:15:18 > 1:51:33]
L-BFGS:  18%|█▊        | 175/1000 [9:18:43 > 1:52:14]
L-BFGS:  18%|█▊        | 176/1000 [9:04:28 > 1:52:51]
L-BFGS:  18%|█▊        | 177/1000 [8:45:15 > 1:53:26]
L-BFGS:  18%|█▊        | 178/1000 [8:40:44 > 1:54:04]
L-BFGS:  18%|█▊        | 179/1000 [8:23:07 > 1:54:38]
L-BFGS:  18%|█▊        | 180/1000 [8:20:01 > 1:55:14]
L-BFGS:  18%|█▊        | 181/1000 [8:38:29 > 1:55:55]
L-BFGS:  18%|█▊        | 182/1000 [8:48:29 > 1:56:36]
L-BFGS:  18%|█▊        | 183/1000 [8:41:49 > 1:57:13]
L-BFGS:  18%|█▊        | 184/1000 [8:48:29 > 1:57:53]
L-BFGS:  18%|█▊        | 185/1000 [9:05:52 > 1:58:36]
L-BFGS:  19%|█▊        | 186/1000 [8:47:32 > 1:59:12]
L-BFGS:  19%|█▊        | 187/1000 [8:51:44 > 1:59:52]
L-BFGS:  19%|█▉        | 188/1000 [9:03:14 > 2:00:35]
L-BFGS:  19%|█▉        | 189/1000 [8:44:24 > 2:01:10]
L-BFGS:  19%|█▉        | 190/1000 [8:33:33 > 2:01:46]
L-BFGS:  19%|█▉        | 191/1000 [8:46:44 > 2:02:28]
L-BFGS:  19%|█▉        | 192/1000 [8:54:53 > 2:03:09]
L-BFGS:  19%|█▉        | 193/1000 [8:42:37 > 2:03:46]
L-BFGS:  19%|█▉        | 194/1000 [8:46:53 > 2:04:26]
L-BFGS:  20%|█▉        | 195/1000 [8:30:45 > 2:05:01]
L-BFGS:  20%|█▉        | 196/1000 [8:50:12 > 2:05:45]
L-BFGS:  20%|█▉        | 197/1000 [8:27:54 > 2:06:19]
L-BFGS:  20%|█▉        | 198/1000 [8:48:29 > 2:07:02]
L-BFGS:  20%|█▉        | 199/1000 [8:35:13 > 2:07:38]
L-BFGS:  20%|██        | 200/1000 [8:46:52 > 2:08:20]
L-BFGS:  20%|██        | 201/1000 [8:28:52 > 2:08:55]
L-BFGS:  20%|██        | 202/1000 [8:14:39 > 2:09:30]
L-BFGS:  20%|██        | 203/1000 [8:34:49 > 2:10:12]
L-BFGS:  20%|██        | 204/1000 [8:18:41 > 2:10:47]
L-BFGS:  20%|██        | 205/1000 [8:15:39 > 2:11:24]
L-BFGS:  21%|██        | 206/1000 [8:09:26 > 2:12:00]
L-BFGS:  21%|██        | 207/1000 [8:06:16 > 2:12:37]
L-BFGS:  21%|██        | 208/1000 [7:52:53 > 2:13:10]
L-BFGS:  21%|██        | 209/1000 [7:54:11 > 2:13:46]
L-BFGS:  21%|██        | 210/1000 [8:20:58 > 2:14:29]
L-BFGS:  21%|██        | 211/1000 [8:27:33 > 2:15:09]
L-BFGS:  21%|██        | 212/1000 [8:19:36 > 2:15:46]
L-BFGS:  21%|██▏       | 213/1000 [8:34:33 > 2:16:28]
L-BFGS:  21%|██▏       | 214/1000 [8:42:18 > 2:17:09]
L-BFGS:  22%|██▏       | 215/1000 [8:24:24 > 2:17:45]
L-BFGS:  22%|██▏       | 216/1000 [8:31:12 > 2:18:25]
L-BFGS:  22%|██▏       | 217/1000 [8:22:26 > 2:19:02]
L-BFGS:  22%|██▏       | 218/1000 [8:09:27 > 2:19:38]
L-BFGS:  22%|██▏       | 219/1000 [8:07:23 > 2:20:15]
L-BFGS:  22%|██▏       | 220/1000 [8:21:45 > 2:20:56]
L-BFGS:  22%|██▏       | 221/1000 [8:06:36 > 2:21:31]
L-BFGS:  22%|██▏       | 222/1000 [8:22:36 > 2:22:13]
L-BFGS:  22%|██▏       | 223/1000 [8:30:21 > 2:22:54]
L-BFGS:  22%|██▏       | 224/1000 [8:42:31 > 2:23:36]
L-BFGS:  22%|██▎       | 225/1000 [8:46:06 > 2:24:18]
L-BFGS:  23%|██▎       | 226/1000 [8:26:21 > 2:24:54]
L-BFGS:  23%|██▎       | 227/1000 [8:40:18 > 2:25:37]
L-BFGS:  23%|██▎       | 228/1000 [8:41:06 > 2:26:18]
L-BFGS:  23%|██▎       | 229/1000 [8:25:36 > 2:26:54]
L-BFGS:  23%|██▎       | 230/1000 [8:11:28 > 2:27:30]
L-BFGS:  23%|██▎       | 231/1000 [7:54:55 > 2:28:04]
L-BFGS:  23%|██▎       | 232/1000 [7:51:32 > 2:28:41]
L-BFGS:  23%|██▎       | 233/1000 [7:45:16 > 2:29:16]
L-BFGS:  23%|██▎       | 234/1000 [7:46:07 > 2:29:53]
L-BFGS:  24%|██▎       | 235/1000 [7:37:44 > 2:30:27]
L-BFGS:  24%|██▎       | 236/1000 [8:01:26 > 2:31:09]
L-BFGS:  24%|██▎       | 237/1000 [7:49:23 > 2:31:44]
L-BFGS:  24%|██▍       | 238/1000 [7:46:26 > 2:32:21]
L-BFGS:  24%|██▍       | 239/1000 [8:03:37 > 2:33:02]
L-BFGS:  24%|██▍       | 240/1000 [8:17:32 > 2:33:44]
L-BFGS:  24%|██▍       | 241/1000 [8:08:39 > 2:34:21]
L-BFGS:  24%|██▍       | 242/1000 [7:50:17 > 2:34:55]
L-BFGS:  24%|██▍       | 243/1000 [8:07:42 > 2:35:37]
L-BFGS:  24%|██▍       | 244/1000 [7:55:31 > 2:36:13]
L-BFGS:  24%|██▍       | 245/1000 [8:06:38 > 2:36:53]
L-BFGS:  25%|██▍       | 246/1000 [8:00:47 > 2:37:31]
L-BFGS:  25%|██▍       | 247/1000 [8:14:10 > 2:38:13]
L-BFGS:  25%|██▍       | 248/1000 [8:22:23 > 2:38:54]
L-BFGS:  25%|██▍       | 249/1000 [8:04:47 > 2:39:30]
L-BFGS:  25%|██▌       | 250/1000 [8:15:04 > 2:40:12]
L-BFGS:  25%|██▌       | 251/1000 [8:26:19 > 2:40:54]
L-BFGS:  25%|██▌       | 252/1000 [7:57:29 > 2:41:27]
L-BFGS:  25%|██▌       | 253/1000 [7:53:08 > 2:42:05]
L-BFGS:  25%|██▌       | 254/1000 [7:45:13 > 2:42:41]
L-BFGS:  26%|██▌       | 255/1000 [7:42:02 > 2:43:18]
L-BFGS:  26%|██▌       | 256/1000 [7:54:59 > 2:43:58]
L-BFGS:  26%|██▌       | 257/1000 [8:06:05 > 2:44:40]
L-BFGS:  26%|██▌       | 258/1000 [7:52:27 > 2:45:16]
L-BFGS:  26%|██▌       | 259/1000 [7:39:02 > 2:45:50]
L-BFGS:  26%|██▌       | 260/1000 [7:56:13 > 2:46:32]
L-BFGS:  26%|██▌       | 261/1000 [7:48:37 > 2:47:09]
L-BFGS:  26%|██▌       | 262/1000 [7:58:03 > 2:47:50]
L-BFGS:  26%|██▋       | 263/1000 [8:09:13 > 2:48:32]
L-BFGS:  26%|██▋       | 264/1000 [7:53:12 > 2:49:08]
L-BFGS:  26%|██▋       | 265/1000 [7:39:47 > 2:49:43]
L-BFGS:  27%|██▋       | 266/1000 [7:53:07 > 2:50:24]
L-BFGS:  27%|██▋       | 267/1000 [8:02:12 > 2:51:05]
L-BFGS:  27%|██▋       | 268/1000 [7:52:57 > 2:51:43]
L-BFGS:  27%|██▋       | 269/1000 [7:40:20 > 2:52:18]
L-BFGS:  27%|██▋       | 270/1000 [7:58:14 > 2:53:01]
L-BFGS:  27%|██▋       | 271/1000 [7:43:49 > 2:53:36]
L-BFGS:  27%|██▋       | 272/1000 [7:30:50 > 2:54:11]
L-BFGS:  27%|██▋       | 273/1000 [7:24:34 > 2:54:47]
L-BFGS:  27%|██▋       | 274/1000 [7:22:32 > 2:55:23]
L-BFGS:  28%|██▊       | 275/1000 [7:42:15 > 2:56:05]
L-BFGS:  28%|██▊       | 276/1000 [7:50:22 > 2:56:46]
L-BFGS:  28%|██▊       | 277/1000 [7:43:43 > 2:57:23]
L-BFGS:  28%|██▊       | 278/1000 [7:29:57 > 2:57:58]
L-BFGS:  28%|██▊       | 279/1000 [7:39:58 > 2:58:38]
L-BFGS:  28%|██▊       | 280/1000 [7:55:58 > 2:59:21]
L-BFGS:  28%|██▊       | 281/1000 [7:39:13 > 2:59:57]
L-BFGS:  28%|██▊       | 282/1000 [7:55:24 > 3:00:40]
L-BFGS:  28%|██▊       | 283/1000 [7:37:24 > 3:01:14]
L-BFGS:  28%|██▊       | 284/1000 [7:28:41 > 3:01:50]
L-BFGS:  28%|██▊       | 285/1000 [7:20:13 > 3:02:26]
L-BFGS:  29%|██▊       | 286/1000 [7:30:35 > 3:03:06]
L-BFGS:  29%|██▊       | 287/1000 [7:25:35 > 3:03:43]
L-BFGS:  29%|██▉       | 288/1000 [7:18:57 > 3:04:18]
L-BFGS:  29%|██▉       | 289/1000 [7:38:30 > 3:05:01]
L-BFGS:  29%|██▉       | 290/1000 [7:46:50 > 3:05:42]
L-BFGS:  29%|██▉       | 291/1000 [7:52:20 > 3:06:23]
L-BFGS:  29%|██▉       | 292/1000 [8:03:08 > 3:07:07]
L-BFGS:  29%|██▉       | 293/1000 [7:37:51 > 3:07:41]
L-BFGS:  29%|██▉       | 294/1000 [7:27:32 > 3:08:17]
L-BFGS:  30%|██▉       | 295/1000 [7:18:12 > 3:08:52]
L-BFGS:  30%|██▉       | 296/1000 [7:31:07 > 3:09:33]
L-BFGS:  30%|██▉       | 297/1000 [7:45:20 > 3:10:16]
L-BFGS:  30%|██▉       | 298/1000 [7:31:10 > 3:10:52]
L-BFGS:  30%|██▉       | 299/1000 [7:24:28 > 3:11:29]
L-BFGS:  30%|███       | 300/1000 [7:29:54 > 3:12:09]
L-BFGS:  30%|███       | 301/1000 [7:19:29 > 3:12:44]
L-BFGS:  30%|███       | 302/1000 [7:36:08 > 3:13:27]
L-BFGS:  30%|███       | 303/1000 [7:38:07 > 3:14:07]
L-BFGS:  30%|███       | 304/1000 [7:50:34 > 3:14:50]
L-BFGS:  30%|███       | 305/1000 [7:34:16 > 3:15:26]
L-BFGS:  31%|███       | 306/1000 [7:25:07 > 3:16:03]
L-BFGS:  31%|███       | 307/1000 [7:11:21 > 3:16:38]
L-BFGS:  31%|███       | 308/1000 [7:02:46 > 3:17:13]
L-BFGS:  31%|███       | 309/1000 [7:22:05 > 3:17:55]
L-BFGS:  31%|███       | 310/1000 [7:10:03 > 3:18:30]
L-BFGS:  31%|███       | 311/1000 [7:08:41 > 3:19:07]
L-BFGS:  31%|███       | 312/1000 [7:21:42 > 3:19:49]
L-BFGS:  31%|███▏      | 313/1000 [7:30:38 > 3:20:30]
L-BFGS:  31%|███▏      | 314/1000 [7:17:37 > 3:21:06]
L-BFGS:  32%|███▏      | 315/1000 [7:24:09 > 3:21:46]
L-BFGS:  32%|███▏      | 316/1000 [7:34:02 > 3:22:28]
L-BFGS:  32%|███▏      | 317/1000 [7:14:48 > 3:23:03]
L-BFGS:  32%|███▏      | 318/1000 [7:30:57 > 3:23:46]
L-BFGS:  32%|███▏      | 319/1000 [7:20:44 > 3:24:23]
L-BFGS:  32%|███▏      | 320/1000 [7:26:53 > 3:25:03]
L-BFGS:  32%|███▏      | 321/1000 [7:37:55 > 3:25:46]
L-BFGS:  32%|███▏      | 322/1000 [7:40:13 > 3:26:28]
L-BFGS:  32%|███▏      | 323/1000 [7:39:50 > 3:27:08]
L-BFGS:  32%|███▏      | 324/1000 [7:44:35 > 3:27:51]
L-BFGS:  32%|███▎      | 325/1000 [7:20:38 > 3:28:25]
L-BFGS:  33%|███▎      | 326/1000 [7:11:46 > 3:29:02]
L-BFGS:  33%|███▎      | 327/1000 [6:58:53 > 3:29:37]
L-BFGS:  33%|███▎      | 328/1000 [6:56:26 > 3:30:13]
L-BFGS:  33%|███▎      | 329/1000 [7:16:37 > 3:30:57]
L-BFGS:  33%|███▎      | 330/1000 [6:59:47 > 3:31:31]
L-BFGS:  33%|███▎      | 331/1000 [6:53:36 > 3:32:07]
L-BFGS:  33%|███▎      | 332/1000 [6:46:42 > 3:32:42]
L-BFGS:  33%|███▎      | 333/1000 [7:07:48 > 3:33:25]
L-BFGS:  33%|███▎      | 334/1000 [6:55:22 > 3:34:00]
L-BFGS:  34%|███▎      | 335/1000 [6:49:59 > 3:34:36]
L-BFGS:  34%|███▎      | 336/1000 [6:44:02 > 3:35:12]
L-BFGS:  34%|███▎      | 337/1000 [6:36:32 > 3:35:46]
L-BFGS:  34%|███▍      | 338/1000 [6:38:18 > 3:36:23]
L-BFGS:  34%|███▍      | 339/1000 [6:55:40 > 3:37:04]
L-BFGS:  34%|███▍      | 340/1000 [6:52:23 > 3:37:41]
L-BFGS:  34%|███▍      | 341/1000 [6:42:32 > 3:38:16]
L-BFGS:  34%|███▍      | 342/1000 [6:39:15 > 3:38:52]
L-BFGS:  34%|███▍      | 343/1000 [6:36:10 > 3:39:27]
L-BFGS:  34%|███▍      | 344/1000 [6:35:50 > 3:40:03]
L-BFGS:  34%|███▍      | 345/1000 [6:33:36 > 3:40:39]
L-BFGS:  35%|███▍      | 346/1000 [6:33:25 > 3:41:15]
L-BFGS:  35%|███▍      | 347/1000 [6:29:26 > 3:41:50]
L-BFGS:  35%|███▍      | 348/1000 [6:23:36 > 3:42:25]
L-BFGS:  35%|███▍      | 349/1000 [6:48:10 > 3:43:08]
L-BFGS:  35%|███▌      | 350/1000 [6:43:00 > 3:43:44]
L-BFGS:  35%|███▌      | 351/1000 [6:39:27 > 3:44:20]
L-BFGS:  35%|███▌      | 352/1000 [6:51:58 > 3:45:01]
L-BFGS:  35%|███▌      | 353/1000 [7:02:33 > 3:45:43]
L-BFGS:  35%|███▌      | 354/1000 [7:13:29 > 3:46:26]
L-BFGS:  36%|███▌      | 355/1000 [6:49:24 > 3:46:59]
L-BFGS:  36%|███▌      | 356/1000 [7:01:40 > 3:47:41]
L-BFGS:  36%|███▌      | 357/1000 [7:14:05 > 3:48:24]
L-BFGS:  36%|███▌      | 358/1000 [7:12:41 > 3:49:04]
L-BFGS:  36%|███▌      | 359/1000 [7:00:50 > 3:49:41]
L-BFGS:  36%|███▌      | 360/1000 [7:07:24 > 3:50:23]
L-BFGS:  36%|███▌      | 361/1000 [7:10:32 > 3:51:04]
L-BFGS:  36%|███▌      | 362/1000 [7:17:02 > 3:51:47]
L-BFGS:  36%|███▋      | 363/1000 [7:17:48 > 3:52:28]
L-BFGS:  36%|███▋      | 364/1000 [7:20:05 > 3:53:11]
L-BFGS:  36%|███▋      | 365/1000 [6:55:07 > 3:53:44]
L-BFGS:  37%|███▋      | 366/1000 [6:59:26 > 3:54:25]
L-BFGS:  37%|███▋      | 367/1000 [7:07:58 > 3:55:08]
L-BFGS:  37%|███▋      | 368/1000 [6:49:14 > 3:55:43]
L-BFGS:  37%|███▋      | 369/1000 [6:58:41 > 3:56:25]
L-BFGS:  37%|███▋      | 370/1000 [6:47:48 > 3:57:01]
L-BFGS:  37%|███▋      | 371/1000 [6:36:29 > 3:57:37]
L-BFGS:  37%|███▋      | 372/1000 [6:50:15 > 3:58:19]
L-BFGS:  37%|███▋      | 373/1000 [6:34:34 > 3:58:54]
L-BFGS:  37%|███▋      | 374/1000 [6:31:25 > 3:59:30]
L-BFGS:  38%|███▊      | 375/1000 [6:23:18 > 4:00:06]
L-BFGS:  38%|███▊      | 376/1000 [6:24:17 > 4:00:43]
L-BFGS:  38%|███▊      | 377/1000 [6:17:36 > 4:01:18]
L-BFGS:  38%|███▊      | 378/1000 [6:31:46 > 4:01:59]
L-BFGS:  38%|███▊      | 379/1000 [6:24:24 > 4:02:35]
L-BFGS:  38%|███▊      | 380/1000 [6:19:48 > 4:03:10]
L-BFGS:  38%|███▊      | 381/1000 [6:20:53 > 4:03:48]
L-BFGS:  38%|███▊      | 382/1000 [6:13:40 > 4:04:23]
L-BFGS:  38%|███▊      | 383/1000 [6:13:22 > 4:04:59]
L-BFGS:  38%|███▊      | 384/1000 [6:08:06 > 4:05:34]
L-BFGS:  38%|███▊      | 385/1000 [6:10:10 > 4:06:10]
L-BFGS:  39%|███▊      | 386/1000 [6:25:41 > 4:06:52]
L-BFGS:  39%|███▊      | 387/1000 [6:18:39 > 4:07:27]
L-BFGS:  39%|███▉      | 388/1000 [6:21:28 > 4:08:06]
L-BFGS:  39%|███▉      | 389/1000 [6:30:32 > 4:08:46]
L-BFGS:  39%|███▉      | 390/1000 [6:22:41 > 4:09:22]
L-BFGS:  39%|███▉      | 391/1000 [6:35:17 > 4:10:04]
L-BFGS:  39%|███▉      | 392/1000 [6:41:55 > 4:10:46]
L-BFGS:  39%|███▉      | 393/1000 [6:32:54 > 4:11:22]
L-BFGS:  39%|███▉      | 394/1000 [6:41:37 > 4:12:04]
L-BFGS:  40%|███▉      | 395/1000 [6:32:32 > 4:12:41]
L-BFGS:  40%|███▉      | 396/1000 [6:35:23 > 4:13:21]
L-BFGS:  40%|███▉      | 397/1000 [6:45:32 > 4:14:04]
L-BFGS:  40%|███▉      | 398/1000 [6:48:03 > 4:14:46]
L-BFGS:  40%|███▉      | 399/1000 [6:26:15 > 4:15:19]
L-BFGS:  40%|████      | 400/1000 [6:21:55 > 4:15:57]
L-BFGS:  40%|████      | 401/1000 [6:15:21 > 4:16:33]
L-BFGS:  40%|████      | 402/1000 [6:27:11 > 4:17:15]
L-BFGS:  40%|████      | 403/1000 [6:16:48 > 4:17:50]
L-BFGS:  40%|████      | 404/1000 [6:27:34 > 4:18:32]
L-BFGS:  40%|████      | 405/1000 [6:38:10 > 4:19:15]
L-BFGS:  41%|████      | 406/1000 [6:35:39 > 4:19:54]
L-BFGS:  41%|████      | 407/1000 [6:40:23 > 4:20:36]
L-BFGS:  41%|████      | 408/1000 [6:45:21 > 4:21:18]
L-BFGS:  41%|████      | 409/1000 [6:41:52 > 4:21:59]
L-BFGS:  41%|████      | 410/1000 [6:44:59 > 4:22:41]
L-BFGS:  41%|████      | 411/1000 [6:31:35 > 4:23:18]
L-BFGS:  41%|████      | 412/1000 [6:18:44 > 4:23:53]
L-BFGS:  41%|████▏     | 413/1000 [6:30:02 > 4:24:36]
L-BFGS:  41%|████▏     | 414/1000 [6:34:22 > 4:25:18]
L-BFGS:  42%|████▏     | 415/1000 [6:20:42 > 4:25:54]
L-BFGS:  42%|████▏     | 416/1000 [6:03:36 > 4:26:27]
L-BFGS:  42%|████▏     | 417/1000 [5:59:36 > 4:27:03]
L-BFGS:  42%|████▏     | 418/1000 [6:16:33 > 4:27:46]
L-BFGS:  42%|████▏     | 419/1000 [6:03:00 > 4:28:21]
L-BFGS:  42%|████▏     | 420/1000 [6:16:35 > 4:29:03]
L-BFGS:  42%|████▏     | 421/1000 [6:23:11 > 4:29:44]
L-BFGS:  42%|████▏     | 422/1000 [6:10:39 > 4:30:20]
L-BFGS:  42%|████▏     | 423/1000 [6:00:21 > 4:30:55]
L-BFGS:  42%|████▏     | 424/1000 [5:56:21 > 4:31:31]
L-BFGS:  42%|████▎     | 425/1000 [5:54:32 > 4:32:08]
L-BFGS:  43%|████▎     | 426/1000 [6:02:55 > 4:32:48]
L-BFGS:  43%|████▎     | 427/1000 [5:59:06 > 4:33:25]
L-BFGS:  43%|████▎     | 428/1000 [6:10:01 > 4:34:07]
L-BFGS:  43%|████▎     | 429/1000 [5:59:17 > 4:34:42]
L-BFGS:  43%|████▎     | 430/1000 [6:09:18 > 4:35:24]
L-BFGS:  43%|████▎     | 431/1000 [6:15:51 > 4:36:05]
L-BFGS:  43%|████▎     | 432/1000 [6:24:29 > 4:36:48]
L-BFGS:  43%|████▎     | 433/1000 [6:08:26 > 4:37:23]
L-BFGS:  43%|████▎     | 434/1000 [6:18:17 > 4:38:06]
L-BFGS:  44%|████▎     | 435/1000 [6:06:56 > 4:38:42]
L-BFGS:  44%|████▎     | 436/1000 [5:51:45 > 4:39:16]
L-BFGS:  44%|████▎     | 437/1000 [5:46:11 > 4:39:52]
L-BFGS:  44%|████▍     | 438/1000 [5:57:49 > 4:40:33]
L-BFGS:  44%|████▍     | 439/1000 [5:53:03 > 4:41:09]
L-BFGS:  44%|████▍     | 440/1000 [5:43:40 > 4:41:44]
L-BFGS:  44%|████▍     | 441/1000 [5:42:10 > 4:42:21]
L-BFGS:  44%|████▍     | 442/1000 [5:36:30 > 4:42:56]
L-BFGS:  44%|████▍     | 443/1000 [5:32:34 > 4:43:31]
L-BFGS:  44%|████▍     | 444/1000 [5:34:21 > 4:44:07]
L-BFGS:  44%|████▍     | 445/1000 [5:32:58 > 4:44:43]
L-BFGS:  45%|████▍     | 446/1000 [5:34:17 > 4:45:20]
L-BFGS:  45%|████▍     | 447/1000 [5:25:30 > 4:45:53]
L-BFGS:  45%|████▍     | 448/1000 [5:46:53 > 4:46:36]
L-BFGS:  45%|████▍     | 449/1000 [5:56:15 > 4:47:18]
L-BFGS:  45%|████▌     | 450/1000 [5:46:05 > 4:47:53]
L-BFGS:  45%|████▌     | 451/1000 [5:59:02 > 4:48:36]
L-BFGS:  45%|████▌     | 452/1000 [5:48:59 > 4:49:11]
L-BFGS:  45%|████▌     | 453/1000 [6:00:06 > 4:49:54]
L-BFGS:  45%|████▌     | 454/1000 [6:03:23 > 4:50:35]
L-BFGS:  46%|████▌     | 455/1000 [6:07:08 > 4:51:16]
L-BFGS:  46%|████▌     | 456/1000 [5:52:37 > 4:51:52]
L-BFGS:  46%|████▌     | 457/1000 [5:56:20 > 4:52:32]
L-BFGS:  46%|████▌     | 458/1000 [5:49:56 > 4:53:09]
L-BFGS:  46%|████▌     | 459/1000 [5:42:09 > 4:53:46]
L-BFGS:  46%|████▌     | 460/1000 [5:51:38 > 4:54:27]
L-BFGS:  46%|████▌     | 461/1000 [5:42:33 > 4:55:03]
L-BFGS:  46%|████▌     | 462/1000 [5:51:00 > 4:55:45]
L-BFGS:  46%|████▋     | 463/1000 [5:59:40 > 4:56:27]
L-BFGS:  46%|████▋     | 464/1000 [5:41:09 > 4:57:01]
L-BFGS:  46%|████▋     | 465/1000 [5:51:31 > 4:57:43]
L-BFGS:  47%|████▋     | 466/1000 [5:44:18 > 4:58:20]
L-BFGS:  47%|████▋     | 467/1000 [5:47:04 > 4:59:00]
L-BFGS:  47%|████▋     | 468/1000 [5:40:04 > 4:59:37]
L-BFGS:  47%|████▋     | 469/1000 [5:32:18 > 5:00:12]
L-BFGS:  47%|████▋     | 470/1000 [5:28:24 > 5:00:49]
L-BFGS:  47%|████▋     | 471/1000 [5:22:01 > 5:01:24]
L-BFGS:  47%|████▋     | 472/1000 [5:40:08 > 5:02:07]
L-BFGS:  47%|████▋     | 473/1000 [5:35:51 > 5:02:45]
L-BFGS:  47%|████▋     | 474/1000 [5:43:05 > 5:03:26]
L-BFGS:  48%|████▊     | 475/1000 [5:53:10 > 5:04:09]
L-BFGS:  48%|████▊     | 476/1000 [5:40:42 > 5:04:45]
L-BFGS:  48%|████▊     | 477/1000 [5:45:49 > 5:05:26]
L-BFGS:  48%|████▊     | 478/1000 [5:51:46 > 5:06:08]
L-BFGS:  48%|████▊     | 479/1000 [5:53:00 > 5:06:50]
L-BFGS:  48%|████▊     | 480/1000 [5:42:06 > 5:07:26]
L-BFGS:  48%|████▊     | 481/1000 [5:29:25 > 5:08:01]
L-BFGS:  48%|████▊     | 482/1000 [5:25:20 > 5:08:38]
L-BFGS:  48%|████▊     | 483/1000 [5:39:30 > 5:09:21]
L-BFGS:  48%|████▊     | 484/1000 [5:25:10 > 5:09:55]
L-BFGS:  48%|████▊     | 485/1000 [5:19:34 > 5:10:31]
L-BFGS:  49%|████▊     | 486/1000 [5:13:54 > 5:11:07]
L-BFGS:  49%|████▊     | 487/1000 [5:15:03 > 5:11:44]
L-BFGS:  49%|████▉     | 488/1000 [5:24:13 > 5:12:25]
L-BFGS:  49%|████▉     | 489/1000 [5:33:51 > 5:13:07]
L-BFGS:  49%|████▉     | 490/1000 [5:39:56 > 5:13:48]
L-BFGS:  49%|████▉     | 491/1000 [5:25:21 > 5:14:23]
L-BFGS:  49%|████▉     | 492/1000 [5:17:40 > 5:14:59]
L-BFGS:  49%|████▉     | 493/1000 [5:27:12 > 5:15:40]
L-BFGS:  49%|████▉     | 494/1000 [5:20:12 > 5:16:16]
L-BFGS:  50%|████▉     | 495/1000 [5:14:32 > 5:16:52]
L-BFGS:  50%|████▉     | 496/1000 [5:23:22 > 5:17:33]
L-BFGS:  50%|████▉     | 497/1000 [5:18:09 > 5:18:10]
L-BFGS:  50%|████▉     | 498/1000 [5:05:47 > 5:18:43]
L-BFGS:  50%|████▉     | 499/1000 [5:22:23 > 5:19:27]
L-BFGS:  50%|█████     | 500/1000 [5:14:22 > 5:20:02]
L-BFGS:  50%|█████     | 501/1000 [5:10:30 > 5:20:39]
L-BFGS:  50%|█████     | 502/1000 [5:20:51 > 5:21:21]
L-BFGS:  50%|█████     | 503/1000 [5:12:53 > 5:21:56]
L-BFGS:  50%|█████     | 504/1000 [5:07:47 > 5:22:32]
L-BFGS:  50%|█████     | 505/1000 [5:13:15 > 5:23:12]
L-BFGS:  51%|█████     | 506/1000 [5:11:28 > 5:23:49]
L-BFGS:  51%|█████     | 507/1000 [5:06:26 > 5:24:25]
L-BFGS:  51%|█████     | 508/1000 [5:14:19 > 5:25:06]
L-BFGS:  51%|█████     | 509/1000 [5:22:37 > 5:25:48]
L-BFGS:  51%|█████     | 510/1000 [5:12:30 > 5:26:24]
L-BFGS:  51%|█████     | 511/1000 [5:07:46 > 5:27:00]
L-BFGS:  51%|█████     | 512/1000 [5:11:03 > 5:27:40]
L-BFGS:  51%|█████▏    | 513/1000 [5:06:00 > 5:28:16]
L-BFGS:  51%|█████▏    | 514/1000 [5:03:30 > 5:28:53]
L-BFGS:  52%|█████▏    | 515/1000 [5:12:53 > 5:29:35]
L-BFGS:  52%|█████▏    | 516/1000 [5:07:43 > 5:30:12]
L-BFGS:  52%|█████▏    | 517/1000 [4:58:57 > 5:30:46]
L-BFGS:  52%|█████▏    | 518/1000 [4:55:47 > 5:31:22]
L-BFGS:  52%|█████▏    | 519/1000 [4:49:25 > 5:31:57]
L-BFGS:  52%|█████▏    | 520/1000 [4:51:31 > 5:32:34]
L-BFGS:  52%|█████▏    | 521/1000 [5:03:10 > 5:33:16]
L-BFGS:  52%|█████▏    | 522/1000 [4:56:04 > 5:33:51]
L-BFGS:  52%|█████▏    | 523/1000 [5:06:48 > 5:34:33]
L-BFGS:  52%|█████▏    | 524/1000 [5:12:38 > 5:35:14]
L-BFGS:  52%|█████▎    | 525/1000 [5:02:41 > 5:35:50]
L-BFGS:  53%|█████▎    | 526/1000 [5:09:27 > 5:36:31]
L-BFGS:  53%|█████▎    | 527/1000 [5:02:05 > 5:37:07]
L-BFGS:  53%|█████▎    | 528/1000 [4:57:42 > 5:37:44]
L-BFGS:  53%|█████▎    | 529/1000 [5:02:25 > 5:38:24]
L-BFGS:  53%|█████▎    | 530/1000 [5:13:03 > 5:39:07]
L-BFGS:  53%|█████▎    | 531/1000 [5:00:46 > 5:39:42]
L-BFGS:  53%|█████▎    | 532/1000 [4:52:48 > 5:40:18]
L-BFGS:  53%|█████▎    | 533/1000 [5:01:33 > 5:40:59]
L-BFGS:  53%|█████▎    | 534/1000 [5:07:07 > 5:41:41]
L-BFGS:  54%|█████▎    | 535/1000 [5:01:29 > 5:42:18]
L-BFGS:  54%|█████▎    | 536/1000 [5:05:02 > 5:42:59]
L-BFGS:  54%|█████▎    | 537/1000 [4:57:49 > 5:43:36]
L-BFGS:  54%|█████▍    | 538/1000 [4:50:49 > 5:44:11]
L-BFGS:  54%|█████▍    | 539/1000 [4:41:44 > 5:44:45]
L-BFGS:  54%|█████▍    | 540/1000 [4:40:25 > 5:45:22]
L-BFGS:  54%|█████▍    | 541/1000 [4:49:26 > 5:46:03]
L-BFGS:  54%|█████▍    | 542/1000 [4:47:27 > 5:46:40]
L-BFGS:  54%|█████▍    | 543/1000 [4:39:41 > 5:47:14]
L-BFGS:  54%|█████▍    | 544/1000 [4:51:04 > 5:47:56]
L-BFGS:  55%|█████▍    | 545/1000 [5:00:26 > 5:48:39]
L-BFGS:  55%|█████▍    | 546/1000 [5:00:55 > 5:49:19]
L-BFGS:  55%|█████▍    | 547/1000 [5:05:39 > 5:50:01]
L-BFGS:  55%|█████▍    | 548/1000 [4:54:00 > 5:50:37]
L-BFGS:  55%|█████▍    | 549/1000 [4:47:00 > 5:51:13]
L-BFGS:  55%|█████▌    | 550/1000 [4:53:43 > 5:51:55]
L-BFGS:  55%|█████▌    | 551/1000 [4:45:17 > 5:52:30]
L-BFGS:  55%|█████▌    | 552/1000 [4:40:39 > 5:53:07]
L-BFGS:  55%|█████▌    | 553/1000 [4:45:22 > 5:53:47]
L-BFGS:  55%|█████▌    | 554/1000 [4:40:53 > 5:54:23]
L-BFGS:  56%|█████▌    | 555/1000 [4:48:23 > 5:55:05]
L-BFGS:  56%|█████▌    | 556/1000 [4:39:27 > 5:55:40]
L-BFGS:  56%|█████▌    | 557/1000 [4:50:49 > 5:56:23]
L-BFGS:  56%|█████▌    | 558/1000 [4:42:35 > 5:56:59]
L-BFGS:  56%|█████▌    | 559/1000 [4:37:42 > 5:57:35]
L-BFGS:  56%|█████▌    | 560/1000 [4:26:30 > 5:58:08]
L-BFGS:  56%|█████▌    | 561/1000 [4:38:31 > 5:58:50]
L-BFGS:  56%|█████▌    | 562/1000 [4:49:42 > 5:59:34]
L-BFGS:  56%|█████▋    | 563/1000 [4:50:21 > 6:00:14]
L-BFGS:  56%|█████▋    | 564/1000 [4:55:34 > 6:00:57]
L-BFGS:  56%|█████▋    | 565/1000 [4:57:02 > 6:01:38]
L-BFGS:  57%|█████▋    | 566/1000 [4:44:52 > 6:02:14]
L-BFGS:  57%|█████▋    | 567/1000 [4:51:33 > 6:02:57]
L-BFGS:  57%|█████▋    | 568/1000 [4:38:38 > 6:03:32]
L-BFGS:  57%|█████▋    | 569/1000 [4:32:19 > 6:04:08]
L-BFGS:  57%|█████▋    | 570/1000 [4:36:29 > 6:04:48]
L-BFGS:  57%|█████▋    | 571/1000 [4:30:43 > 6:05:24]
L-BFGS:  57%|█████▋    | 572/1000 [4:27:52 > 6:06:01]
L-BFGS:  57%|█████▋    | 573/1000 [4:34:05 > 6:06:42]
L-BFGS:  57%|█████▋    | 574/1000 [4:41:43 > 6:07:24]
L-BFGS:  57%|█████▊    | 575/1000 [4:44:41 > 6:08:05]
L-BFGS:  58%|█████▊    | 576/1000 [4:46:10 > 6:08:47]
L-BFGS:  58%|█████▊    | 577/1000 [4:49:20 > 6:09:29]
L-BFGS:  58%|█████▊    | 578/1000 [4:34:47 > 6:10:03]
L-BFGS:  58%|█████▊    | 579/1000 [4:29:39 > 6:10:40]
L-BFGS:  58%|█████▊    | 580/1000 [4:21:48 > 6:11:15]
L-BFGS:  58%|█████▊    | 581/1000 [4:20:54 > 6:11:53]
L-BFGS:  58%|█████▊    | 582/1000 [4:28:34 > 6:12:34]
L-BFGS:  58%|█████▊    | 583/1000 [4:33:17 > 6:13:15]
L-BFGS:  58%|█████▊    | 584/1000 [4:42:24 > 6:13:59]
L-BFGS:  58%|█████▊    | 585/1000 [4:46:55 > 6:14:42]
L-BFGS:  59%|█████▊    | 586/1000 [4:44:33 > 6:15:23]
L-BFGS:  59%|█████▊    | 587/1000 [4:35:42 > 6:16:00]
L-BFGS:  59%|█████▉    | 588/1000 [4:26:24 > 6:16:36]
L-BFGS:  59%|█████▉    | 589/1000 [4:22:46 > 6:17:13]
L-BFGS:  59%|█████▉    | 590/1000 [4:28:53 > 6:17:55]
L-BFGS:  59%|█████▉    | 591/1000 [4:22:54 > 6:18:32]
L-BFGS:  59%|█████▉    | 592/1000 [4:27:35 > 6:19:13]
L-BFGS:  59%|█████▉    | 593/1000 [4:29:29 > 6:19:54]
L-BFGS:  59%|█████▉    | 594/1000 [4:35:10 > 6:20:37]
L-BFGS:  60%|█████▉    | 595/1000 [4:37:21 > 6:21:19]
L-BFGS:  60%|█████▉    | 596/1000 [4:27:54 > 6:21:55]
L-BFGS:  60%|█████▉    | 597/1000 [4:20:21 > 6:22:32]
L-BFGS:  60%|█████▉    | 598/1000 [4:15:20 > 6:23:08]
L-BFGS:  60%|█████▉    | 599/1000 [4:22:40 > 6:23:50]
L-BFGS:  60%|██████    | 600/1000 [4:10:40 > 6:24:24]
L-BFGS:  60%|██████    | 601/1000 [4:09:26 > 6:25:01]
L-BFGS:  60%|██████    | 602/1000 [4:18:48 > 6:25:44]
L-BFGS:  60%|██████    | 603/1000 [4:23:09 > 6:26:25]
L-BFGS:  60%|██████    | 604/1000 [4:17:55 > 6:27:03]
L-BFGS:  60%|██████    | 605/1000 [4:22:48 > 6:27:45]
L-BFGS:  61%|██████    | 606/1000 [4:28:09 > 6:28:28]
L-BFGS:  61%|██████    | 607/1000 [4:28:17 > 6:29:09]
L-BFGS:  61%|██████    | 608/1000 [4:18:13 > 6:29:45]
L-BFGS:  61%|██████    | 609/1000 [4:21:35 > 6:30:27]
L-BFGS:  61%|██████    | 610/1000 [4:22:25 > 6:31:08]
L-BFGS:  61%|██████    | 611/1000 [4:16:23 > 6:31:45]
L-BFGS:  61%|██████    | 612/1000 [4:20:54 > 6:32:27]
L-BFGS:  61%|██████▏   | 613/1000 [4:22:47 > 6:33:09]
L-BFGS:  61%|██████▏   | 614/1000 [4:14:36 > 6:33:46]
L-BFGS:  62%|██████▏   | 615/1000 [4:07:15 > 6:34:22]
L-BFGS:  62%|██████▏   | 616/1000 [4:15:18 > 6:35:05]
L-BFGS:  62%|██████▏   | 617/1000 [4:03:08 > 6:35:39]
L-BFGS:  62%|██████▏   | 618/1000 [3:59:52 > 6:36:16]
L-BFGS:  62%|██████▏   | 619/1000 [4:10:11 > 6:36:59]
L-BFGS:  62%|██████▏   | 620/1000 [4:11:41 > 6:37:40]
L-BFGS:  62%|██████▏   | 621/1000 [4:05:50 > 6:38:17]
L-BFGS:  62%|██████▏   | 622/1000 [4:11:44 > 6:38:59]
L-BFGS:  62%|██████▏   | 623/1000 [4:14:38 > 6:39:41]
L-BFGS:  62%|██████▏   | 624/1000 [4:05:21 > 6:40:17]
L-BFGS:  62%|██████▎   | 625/1000 [3:56:52 > 6:40:52]
L-BFGS:  63%|██████▎   | 626/1000 [4:05:37 > 6:41:35]
L-BFGS:  63%|██████▎   | 627/1000 [3:57:13 > 6:42:10]
L-BFGS:  63%|██████▎   | 628/1000 [3:54:51 > 6:42:47]
L-BFGS:  63%|██████▎   | 629/1000 [4:00:27 > 6:43:29]
L-BFGS:  63%|██████▎   | 630/1000 [4:03:17 > 6:44:09]
L-BFGS:  63%|██████▎   | 631/1000 [4:07:54 > 6:44:52]
L-BFGS:  63%|██████▎   | 632/1000 [4:09:43 > 6:45:33]
L-BFGS:  63%|██████▎   | 633/1000 [4:09:47 > 6:46:14]
L-BFGS:  63%|██████▎   | 634/1000 [4:10:36 > 6:46:56]
L-BFGS:  64%|██████▎   | 635/1000 [4:10:58 > 6:47:38]
L-BFGS:  64%|██████▎   | 636/1000 [4:11:29 > 6:48:20]
L-BFGS:  64%|██████▎   | 637/1000 [4:01:18 > 6:48:56]
L-BFGS:  64%|██████▍   | 638/1000 [3:54:11 > 6:49:32]
L-BFGS:  64%|██████▍   | 639/1000 [3:48:59 > 6:50:08]
L-BFGS:  64%|██████▍   | 640/1000 [3:52:26 > 6:50:49]
L-BFGS:  64%|██████▍   | 641/1000 [3:58:38 > 6:51:31]
L-BFGS:  64%|██████▍   | 642/1000 [3:47:19 > 6:52:05]
L-BFGS:  64%|██████▍   | 643/1000 [3:52:20 > 6:52:47]
L-BFGS:  64%|██████▍   | 644/1000 [3:47:10 > 6:53:23]
L-BFGS:  64%|██████▍   | 645/1000 [3:52:14 > 6:54:05]
L-BFGS:  65%|██████▍   | 646/1000 [3:57:29 > 6:54:47]
L-BFGS:  65%|██████▍   | 647/1000 [3:46:52 > 6:55:22]
L-BFGS:  65%|██████▍   | 648/1000 [3:42:05 > 6:55:58]
L-BFGS:  65%|██████▍   | 649/1000 [3:49:13 > 6:56:40]
L-BFGS:  65%|██████▌   | 650/1000 [3:38:30 > 6:57:14]
L-BFGS:  65%|██████▌   | 651/1000 [3:37:10 > 6:57:51]
L-BFGS:  65%|██████▌   | 652/1000 [3:44:04 > 6:58:32]
L-BFGS:  65%|██████▌   | 653/1000 [3:39:37 > 6:59:09]
L-BFGS:  65%|██████▌   | 654/1000 [3:32:58 > 6:59:43]
L-BFGS:  66%|██████▌   | 655/1000 [3:42:50 > 7:00:26]
L-BFGS:  66%|██████▌   | 656/1000 [3:36:18 > 7:01:02]
L-BFGS:  66%|██████▌   | 657/1000 [3:29:31 > 7:01:36]
L-BFGS:  66%|██████▌   | 658/1000 [3:30:02 > 7:02:13]
L-BFGS:  66%|██████▌   | 659/1000 [3:38:35 > 7:02:55]
L-BFGS:  66%|██████▌   | 660/1000 [3:43:22 > 7:03:37]
L-BFGS:  66%|██████▌   | 661/1000 [3:45:14 > 7:04:18]
L-BFGS:  66%|██████▌   | 662/1000 [3:47:04 > 7:04:59]
L-BFGS:  66%|██████▋   | 663/1000 [3:40:01 > 7:05:36]
L-BFGS:  66%|██████▋   | 664/1000 [3:30:08 > 7:06:09]
L-BFGS:  66%|██████▋   | 665/1000 [3:29:13 > 7:06:47]
L-BFGS:  67%|██████▋   | 666/1000 [3:35:28 > 7:07:28]
L-BFGS:  67%|██████▋   | 667/1000 [3:39:32 > 7:08:10]
L-BFGS:  67%|██████▋   | 668/1000 [3:34:26 > 7:08:47]
L-BFGS:  67%|██████▋   | 669/1000 [3:38:35 > 7:09:28]
L-BFGS:  67%|██████▋   | 670/1000 [3:42:15 > 7:10:11]
L-BFGS:  67%|██████▋   | 671/1000 [3:42:04 > 7:10:51]
L-BFGS:  67%|██████▋   | 672/1000 [3:41:08 > 7:11:32]
L-BFGS:  67%|██████▋   | 673/1000 [3:42:55 > 7:12:14]
L-BFGS:  67%|██████▋   | 674/1000 [3:42:58 > 7:12:55]
L-BFGS:  68%|██████▊   | 675/1000 [3:34:16 > 7:13:31]
L-BFGS:  68%|██████▊   | 676/1000 [3:29:13 > 7:14:08]
L-BFGS:  68%|██████▊   | 677/1000 [3:22:09 > 7:14:43]
L-BFGS:  68%|██████▊   | 678/1000 [3:19:23 > 7:15:19]
L-BFGS:  68%|██████▊   | 679/1000 [3:25:44 > 7:16:01]
L-BFGS:  68%|██████▊   | 680/1000 [3:20:28 > 7:16:36]
L-BFGS:  68%|██████▊   | 681/1000 [3:15:20 > 7:17:11]
L-BFGS:  68%|██████▊   | 682/1000 [3:14:47 > 7:17:48]
L-BFGS:  68%|██████▊   | 683/1000 [3:23:36 > 7:18:30]
L-BFGS:  68%|██████▊   | 684/1000 [3:26:03 > 7:19:11]
L-BFGS:  68%|██████▊   | 685/1000 [3:31:28 > 7:19:54]
L-BFGS:  69%|██████▊   | 686/1000 [3:32:26 > 7:20:35]
L-BFGS:  69%|██████▊   | 687/1000 [3:21:21 > 7:21:09]
L-BFGS:  69%|██████▉   | 688/1000 [3:17:54 > 7:21:46]
L-BFGS:  69%|██████▉   | 689/1000 [3:13:16 > 7:22:21]
L-BFGS:  69%|██████▉   | 690/1000 [3:11:56 > 7:22:58]
L-BFGS:  69%|██████▉   | 691/1000 [3:08:00 > 7:23:33]
L-BFGS:  69%|██████▉   | 692/1000 [3:05:03 > 7:24:08]
L-BFGS:  69%|██████▉   | 693/1000 [3:12:55 > 7:24:50]
L-BFGS:  69%|██████▉   | 694/1000 [3:17:40 > 7:25:31]
L-BFGS:  70%|██████▉   | 695/1000 [3:22:29 > 7:26:13]
L-BFGS:  70%|██████▉   | 696/1000 [3:24:55 > 7:26:55]
L-BFGS:  70%|██████▉   | 697/1000 [3:18:27 > 7:27:32]
L-BFGS:  70%|██████▉   | 698/1000 [3:10:52 > 7:28:06]
L-BFGS:  70%|██████▉   | 699/1000 [3:17:29 > 7:28:49]
L-BFGS:  70%|███████   | 700/1000 [3:20:27 > 7:29:31]
L-BFGS:  70%|███████   | 701/1000 [3:20:09 > 7:30:11]
L-BFGS:  70%|███████   | 702/1000 [3:22:02 > 7:30:53]
L-BFGS:  70%|███████   | 703/1000 [3:23:21 > 7:31:35]
L-BFGS:  70%|███████   | 704/1000 [3:12:31 > 7:32:09]
L-BFGS:  70%|███████   | 705/1000 [3:17:36 > 7:32:52]
L-BFGS:  71%|███████   | 706/1000 [3:19:03 > 7:33:34]
L-BFGS:  71%|███████   | 707/1000 [3:18:15 > 7:34:15]
L-BFGS:  71%|███████   | 708/1000 [3:21:17 > 7:34:58]
L-BFGS:  71%|███████   | 709/1000 [3:21:54 > 7:35:40]
L-BFGS:  71%|███████   | 710/1000 [3:13:28 > 7:36:16]
L-BFGS:  71%|███████   | 711/1000 [3:03:14 > 7:36:50]
L-BFGS:  71%|███████   | 712/1000 [2:58:59 > 7:37:25]
L-BFGS:  71%|███████▏  | 713/1000 [3:07:10 > 7:38:09]
L-BFGS:  71%|███████▏  | 714/1000 [3:08:11 > 7:38:49]
L-BFGS:  72%|███████▏  | 715/1000 [3:12:00 > 7:39:32]
L-BFGS:  72%|███████▏  | 716/1000 [3:05:06 > 7:40:08]
L-BFGS:  72%|███████▏  | 717/1000 [3:07:34 > 7:40:49]
L-BFGS:  72%|███████▏  | 718/1000 [3:11:10 > 7:41:32]
L-BFGS:  72%|███████▏  | 719/1000 [3:02:18 > 7:42:07]
L-BFGS:  72%|███████▏  | 720/1000 [3:06:52 > 7:42:49]
L-BFGS:  72%|███████▏  | 721/1000 [3:06:26 > 7:43:29]
L-BFGS:  72%|███████▏  | 722/1000 [3:06:45 > 7:44:10]
L-BFGS:  72%|███████▏  | 723/1000 [3:09:18 > 7:44:53]
L-BFGS:  72%|███████▏  | 724/1000 [3:07:28 > 7:45:33]
L-BFGS:  72%|███████▎  | 725/1000 [3:01:10 > 7:46:10]
L-BFGS:  73%|███████▎  | 726/1000 [3:05:53 > 7:46:53]
L-BFGS:  73%|███████▎  | 727/1000 [2:57:00 > 7:47:28]
L-BFGS:  73%|███████▎  | 728/1000 [3:01:24 > 7:48:10]
L-BFGS:  73%|███████▎  | 729/1000 [3:02:55 > 7:48:52]
L-BFGS:  73%|███████▎  | 730/1000 [2:54:22 > 7:49:27]
L-BFGS:  73%|███████▎  | 731/1000 [2:56:59 > 7:50:08]
L-BFGS:  73%|███████▎  | 732/1000 [2:51:04 > 7:50:43]
L-BFGS:  73%|███████▎  | 733/1000 [2:49:01 > 7:51:21]
L-BFGS:  73%|███████▎  | 734/1000 [2:51:56 > 7:52:01]
L-BFGS:  74%|███████▎  | 735/1000 [2:55:38 > 7:52:43]
L-BFGS:  74%|███████▎  | 736/1000 [2:50:34 > 7:53:20]
L-BFGS:  74%|███████▎  | 737/1000 [2:43:32 > 7:53:54]
L-BFGS:  74%|███████▍  | 738/1000 [2:42:15 > 7:54:31]
L-BFGS:  74%|███████▍  | 739/1000 [2:47:07 > 7:55:12]
L-BFGS:  74%|███████▍  | 740/1000 [2:45:09 > 7:55:49]
L-BFGS:  74%|███████▍  | 741/1000 [2:40:19 > 7:56:24]
L-BFGS:  74%|███████▍  | 742/1000 [2:45:45 > 7:57:06]
L-BFGS:  74%|███████▍  | 743/1000 [2:41:03 > 7:57:41]
L-BFGS:  74%|███████▍  | 744/1000 [2:36:22 > 7:58:16]
L-BFGS:  74%|███████▍  | 745/1000 [2:42:58 > 7:58:58]
L-BFGS:  75%|███████▍  | 746/1000 [2:39:14 > 7:59:34]
L-BFGS:  75%|███████▍  | 747/1000 [2:45:04 > 8:00:17]
L-BFGS:  75%|███████▍  | 748/1000 [2:47:04 > 8:00:58]
L-BFGS:  75%|███████▍  | 749/1000 [2:41:49 > 8:01:34]
L-BFGS:  75%|███████▌  | 750/1000 [2:37:24 > 8:02:10]
L-BFGS:  75%|███████▌  | 751/1000 [2:31:28 > 8:02:43]
L-BFGS:  75%|███████▌  | 752/1000 [2:31:39 > 8:03:20]
L-BFGS:  75%|███████▌  | 753/1000 [2:37:17 > 8:04:02]
L-BFGS:  75%|███████▌  | 754/1000 [2:34:29 > 8:04:39]
L-BFGS:  76%|███████▌  | 755/1000 [2:38:43 > 8:05:20]
L-BFGS:  76%|███████▌  | 756/1000 [2:41:24 > 8:06:02]
L-BFGS:  76%|███████▌  | 757/1000 [2:36:08 > 8:06:38]
L-BFGS:  76%|███████▌  | 758/1000 [2:29:35 > 8:07:12]
L-BFGS:  76%|███████▌  | 759/1000 [2:36:34 > 8:07:55]
L-BFGS:  76%|███████▌  | 760/1000 [2:32:18 > 8:08:31]
L-BFGS:  76%|███████▌  | 761/1000 [2:29:15 > 8:09:07]
L-BFGS:  76%|███████▌  | 762/1000 [2:32:43 > 8:09:48]
L-BFGS:  76%|███████▋  | 763/1000 [2:35:26 > 8:10:29]
L-BFGS:  76%|███████▋  | 764/1000 [2:31:30 > 8:11:06]
L-BFGS:  76%|███████▋  | 765/1000 [2:25:08 > 8:11:39]
L-BFGS:  77%|███████▋  | 766/1000 [2:24:49 > 8:12:17]
L-BFGS:  77%|███████▋  | 767/1000 [2:29:24 > 8:12:58]
L-BFGS:  77%|███████▋  | 768/1000 [2:25:37 > 8:13:34]
L-BFGS:  77%|███████▋  | 769/1000 [2:30:53 > 8:14:17]
L-BFGS:  77%|███████▋  | 770/1000 [2:25:14 > 8:14:52]
L-BFGS:  77%|███████▋  | 771/1000 [2:30:12 > 8:15:34]
L-BFGS:  77%|███████▋  | 772/1000 [2:30:29 > 8:16:15]
L-BFGS:  77%|███████▋  | 773/1000 [2:31:18 > 8:16:56]
L-BFGS:  77%|███████▋  | 774/1000 [2:27:22 > 8:17:33]
L-BFGS:  78%|███████▊  | 775/1000 [2:22:13 > 8:18:08]
L-BFGS:  78%|███████▊  | 776/1000 [2:26:53 > 8:18:50]
L-BFGS:  78%|███████▊  | 777/1000 [2:28:19 > 8:19:32]
L-BFGS:  78%|███████▊  | 778/1000 [2:29:32 > 8:20:13]
L-BFGS:  78%|███████▊  | 779/1000 [2:24:13 > 8:20:49]
L-BFGS:  78%|███████▊  | 780/1000 [2:18:18 > 8:21:24]
L-BFGS:  78%|███████▊  | 781/1000 [2:23:01 > 8:22:06]
L-BFGS:  78%|███████▊  | 782/1000 [2:24:38 > 8:22:48]
L-BFGS:  78%|███████▊  | 783/1000 [2:20:10 > 8:23:24]
L-BFGS:  78%|███████▊  | 784/1000 [2:17:15 > 8:24:01]
L-BFGS:  78%|███████▊  | 785/1000 [2:12:53 > 8:24:35]
L-BFGS:  79%|███████▊  | 786/1000 [2:17:40 > 8:25:17]
L-BFGS:  79%|███████▊  | 787/1000 [2:19:58 > 8:25:59]
L-BFGS:  79%|███████▉  | 788/1000 [2:15:03 > 8:26:34]
L-BFGS:  79%|███████▉  | 789/1000 [2:12:18 > 8:27:10]
L-BFGS:  79%|███████▉  | 790/1000 [2:15:07 > 8:27:51]
L-BFGS:  79%|███████▉  | 791/1000 [2:19:21 > 8:28:35]
L-BFGS:  79%|███████▉  | 792/1000 [2:19:17 > 8:29:15]
L-BFGS:  79%|███████▉  | 793/1000 [2:14:17 > 8:29:51]
L-BFGS:  79%|███████▉  | 794/1000 [2:10:00 > 8:30:27]
L-BFGS:  80%|███████▉  | 795/1000 [2:05:49 > 8:31:01]
L-BFGS:  80%|███████▉  | 796/1000 [2:04:59 > 8:31:38]
L-BFGS:  80%|███████▉  | 797/1000 [2:03:37 > 8:32:14]
L-BFGS:  80%|███████▉  | 798/1000 [2:09:10 > 8:32:56]
L-BFGS:  80%|███████▉  | 799/1000 [2:10:26 > 8:33:37]
L-BFGS:  80%|████████  | 800/1000 [2:13:32 > 8:34:19]
L-BFGS:  80%|████████  | 801/1000 [2:08:28 > 8:34:55]
L-BFGS:  80%|████████  | 802/1000 [2:02:37 > 8:35:28]
L-BFGS:  80%|████████  | 803/1000 [2:07:28 > 8:36:11]
L-BFGS:  80%|████████  | 804/1000 [2:04:01 > 8:36:47]
L-BFGS:  80%|████████  | 805/1000 [2:07:40 > 8:37:29]
L-BFGS:  81%|████████  | 806/1000 [2:03:35 > 8:38:05]
L-BFGS:  81%|████████  | 807/1000 [2:06:18 > 8:38:47]
L-BFGS:  81%|████████  | 808/1000 [2:02:28 > 8:39:23]
L-BFGS:  81%|████████  | 809/1000 [2:03:01 > 8:40:02]
L-BFGS:  81%|████████  | 810/1000 [2:01:18 > 8:40:40]
L-BFGS:  81%|████████  | 811/1000 [2:03:33 > 8:41:21]
L-BFGS:  81%|████████  | 812/1000 [1:59:17 > 8:41:57]
L-BFGS:  81%|████████▏ | 813/1000 [2:02:16 > 8:42:39]
L-BFGS:  81%|████████▏ | 814/1000 [1:58:18 > 8:43:14]
L-BFGS:  82%|████████▏ | 815/1000 [2:02:16 > 8:43:57]
L-BFGS:  82%|████████▏ | 816/1000 [2:02:35 > 8:44:38]
L-BFGS:  82%|████████▏ | 817/1000 [2:03:07 > 8:45:19]
L-BFGS:  82%|████████▏ | 818/1000 [1:58:46 > 8:45:56]
L-BFGS:  82%|████████▏ | 819/1000 [1:59:28 > 8:46:36]
L-BFGS:  82%|████████▏ | 820/1000 [1:56:49 > 8:47:14]
L-BFGS:  82%|████████▏ | 821/1000 [1:58:30 > 8:47:55]
L-BFGS:  82%|████████▏ | 822/1000 [1:58:47 > 8:48:36]
L-BFGS:  82%|████████▏ | 823/1000 [1:54:54 > 8:49:12]
L-BFGS:  82%|████████▏ | 824/1000 [1:50:22 > 8:49:47]
L-BFGS:  82%|████████▎ | 825/1000 [1:53:30 > 8:50:29]
L-BFGS:  83%|████████▎ | 826/1000 [1:54:56 > 8:51:10]
L-BFGS:  83%|████████▎ | 827/1000 [1:51:17 > 8:51:46]
L-BFGS:  83%|████████▎ | 828/1000 [1:49:10 > 8:52:23]
L-BFGS:  83%|████████▎ | 829/1000 [1:45:41 > 8:52:58]
L-BFGS:  83%|████████▎ | 830/1000 [1:49:46 > 8:53:41]
L-BFGS:  83%|████████▎ | 831/1000 [1:51:34 > 8:54:22]
L-BFGS:  83%|████████▎ | 832/1000 [1:51:50 > 8:55:03]
L-BFGS:  83%|████████▎ | 833/1000 [1:47:15 > 8:55:38]
L-BFGS:  83%|████████▎ | 834/1000 [1:48:44 > 8:56:19]
L-BFGS:  84%|████████▎ | 835/1000 [1:46:23 > 8:56:57]
L-BFGS:  84%|████████▎ | 836/1000 [1:42:47 > 8:57:32]
L-BFGS:  84%|████████▎ | 837/1000 [1:41:54 > 8:58:09]
L-BFGS:  84%|████████▍ | 838/1000 [1:39:07 > 8:58:44]
L-BFGS:  84%|████████▍ | 839/1000 [1:41:25 > 8:59:24]
L-BFGS:  84%|████████▍ | 840/1000 [1:44:57 > 9:00:07]
L-BFGS:  84%|████████▍ | 841/1000 [1:40:58 > 9:00:42]
L-BFGS:  84%|████████▍ | 842/1000 [1:44:08 > 9:01:25]
L-BFGS:  84%|████████▍ | 843/1000 [1:39:52 > 9:02:00]
L-BFGS:  84%|████████▍ | 844/1000 [1:42:15 > 9:02:42]
L-BFGS:  84%|████████▍ | 845/1000 [1:43:32 > 9:03:24]
L-BFGS:  85%|████████▍ | 846/1000 [1:43:10 > 9:04:05]
L-BFGS:  85%|████████▍ | 847/1000 [1:39:34 > 9:04:41]
L-BFGS:  85%|████████▍ | 848/1000 [1:40:10 > 9:05:22]
L-BFGS:  85%|████████▍ | 849/1000 [1:40:40 > 9:06:03]
L-BFGS:  85%|████████▌ | 850/1000 [1:37:38 > 9:06:40]
L-BFGS:  85%|████████▌ | 851/1000 [1:39:14 > 9:07:22]
L-BFGS:  85%|████████▌ | 852/1000 [1:40:05 > 9:08:04]
L-BFGS:  85%|████████▌ | 853/1000 [1:39:54 > 9:08:45]
L-BFGS:  85%|████████▌ | 854/1000 [1:35:26 > 9:09:20]
L-BFGS:  86%|████████▌ | 855/1000 [1:32:38 > 9:09:57]
L-BFGS:  86%|████████▌ | 856/1000 [1:33:11 > 9:10:37]
L-BFGS:  86%|████████▌ | 857/1000 [1:34:26 > 9:11:18]
L-BFGS:  86%|████████▌ | 858/1000 [1:31:25 > 9:11:55]
L-BFGS:  86%|████████▌ | 859/1000 [1:32:24 > 9:12:35]
L-BFGS:  86%|████████▌ | 860/1000 [1:34:28 > 9:13:19]
L-BFGS:  86%|████████▌ | 861/1000 [1:34:50 > 9:14:01]
L-BFGS:  86%|████████▌ | 862/1000 [1:34:04 > 9:14:41]
L-BFGS:  86%|████████▋ | 863/1000 [1:30:06 > 9:15:18]
L-BFGS:  86%|████████▋ | 864/1000 [1:30:47 > 9:15:59]
L-BFGS:  86%|████████▋ | 865/1000 [1:32:11 > 9:16:42]
L-BFGS:  87%|████████▋ | 866/1000 [1:31:20 > 9:17:23]
L-BFGS:  87%|████████▋ | 867/1000 [1:30:50 > 9:18:04]
L-BFGS:  87%|████████▋ | 868/1000 [1:27:03 > 9:18:40]
L-BFGS:  87%|████████▋ | 869/1000 [1:23:30 > 9:19:15]
L-BFGS:  87%|████████▋ | 870/1000 [1:22:12 > 9:19:53]
L-BFGS:  87%|████████▋ | 871/1000 [1:20:01 > 9:20:28]
L-BFGS:  87%|████████▋ | 872/1000 [1:22:39 > 9:21:11]
L-BFGS:  87%|████████▋ | 873/1000 [1:18:54 > 9:21:44]
L-BFGS:  87%|████████▋ | 874/1000 [1:20:30 > 9:22:25]
L-BFGS:  88%|████████▊ | 875/1000 [1:19:05 > 9:23:02]
L-BFGS:  88%|████████▊ | 876/1000 [1:16:39 > 9:23:37]
L-BFGS:  88%|████████▊ | 877/1000 [1:19:28 > 9:24:20]
L-BFGS:  88%|████████▊ | 878/1000 [1:20:19 > 9:25:01]
L-BFGS:  88%|████████▊ | 879/1000 [1:20:58 > 9:25:43]
L-BFGS:  88%|████████▊ | 880/1000 [1:21:48 > 9:26:26]
L-BFGS:  88%|████████▊ | 881/1000 [1:17:38 > 9:27:01]
L-BFGS:  88%|████████▊ | 882/1000 [1:18:11 > 9:27:42]
L-BFGS:  88%|████████▊ | 883/1000 [1:18:21 > 9:28:23]
L-BFGS:  88%|████████▊ | 884/1000 [1:14:59 > 9:28:59]
L-BFGS:  88%|████████▊ | 885/1000 [1:13:29 > 9:29:36]
L-BFGS:  89%|████████▊ | 886/1000 [1:14:09 > 9:30:16]
L-BFGS:  89%|████████▊ | 887/1000 [1:12:32 > 9:30:54]
L-BFGS:  89%|████████▉ | 888/1000 [1:13:27 > 9:31:35]
L-BFGS:  89%|████████▉ | 889/1000 [1:13:43 > 9:32:16]
L-BFGS:  89%|████████▉ | 890/1000 [1:10:55 > 9:32:52]
L-BFGS:  89%|████████▉ | 891/1000 [1:11:48 > 9:33:34]
L-BFGS:  89%|████████▉ | 892/1000 [1:12:33 > 9:34:16]
L-BFGS:  89%|████████▉ | 893/1000 [1:12:22 > 9:34:57]
L-BFGS:  89%|████████▉ | 894/1000 [1:11:48 > 9:35:38]
L-BFGS:  90%|████████▉ | 895/1000 [1:12:18 > 9:36:21]
L-BFGS:  90%|████████▉ | 896/1000 [1:08:09 > 9:36:55]
L-BFGS:  90%|████████▉ | 897/1000 [1:09:35 > 9:37:39]
L-BFGS:  90%|████████▉ | 898/1000 [1:09:38 > 9:38:21]
L-BFGS:  90%|████████▉ | 899/1000 [1:05:31 > 9:38:55]
L-BFGS:  90%|█████████ | 900/1000 [1:06:29 > 9:39:37]
L-BFGS:  90%|█████████ | 901/1000 [1:03:45 > 9:40:13]
L-BFGS:  90%|█████████ | 902/1000 [1:01:56 > 9:40:49]
L-BFGS:  90%|█████████ | 903/1000 [1:02:57 > 9:41:30]
L-BFGS:  90%|█████████ | 904/1000 [1:03:25 > 9:42:11]
L-BFGS:  90%|█████████ | 905/1000 [1:04:03 > 9:42:54]
L-BFGS:  91%|█████████ | 906/1000 [1:00:35 > 9:43:28]
L-BFGS:  91%|█████████ | 907/1000 [58:23 > 9:44:04]  
L-BFGS:  91%|█████████ | 908/1000 [1:00:13 > 9:44:47]
L-BFGS:  91%|█████████ | 909/1000 [57:15 > 9:45:21]  
L-BFGS:  91%|█████████ | 910/1000 [56:27 > 9:45:58]
L-BFGS:  91%|█████████ | 911/1000 [55:01 > 9:46:34]
L-BFGS:  91%|█████████ | 912/1000 [54:08 > 9:47:11]
L-BFGS:  91%|█████████▏| 913/1000 [54:39 > 9:47:50]
L-BFGS:  91%|█████████▏| 914/1000 [53:04 > 9:48:26]
L-BFGS:  92%|█████████▏| 915/1000 [55:10 > 9:49:09]
L-BFGS:  92%|█████████▏| 916/1000 [52:46 > 9:49:44]
L-BFGS:  92%|█████████▏| 917/1000 [51:38 > 9:50:20]
L-BFGS:  92%|█████████▏| 918/1000 [52:51 > 9:51:02]
L-BFGS:  92%|█████████▏| 919/1000 [53:40 > 9:51:44]
L-BFGS:  92%|█████████▏| 920/1000 [53:37 > 9:52:26]
L-BFGS:  92%|█████████▏| 921/1000 [53:16 > 9:53:07]
L-BFGS:  92%|█████████▏| 922/1000 [50:54 > 9:53:43]
L-BFGS:  92%|█████████▏| 923/1000 [50:38 > 9:54:23]
L-BFGS:  92%|█████████▏| 924/1000 [51:08 > 9:55:05]
L-BFGS:  92%|█████████▎| 925/1000 [51:08 > 9:55:48]
L-BFGS:  93%|█████████▎| 926/1000 [48:17 > 9:56:23]
L-BFGS:  93%|█████████▎| 927/1000 [48:53 > 9:57:05]
L-BFGS:  93%|█████████▎| 928/1000 [48:34 > 9:57:46]
L-BFGS:  93%|█████████▎| 929/1000 [46:07 > 9:58:22]
L-BFGS:  93%|█████████▎| 930/1000 [46:37 > 9:59:04]
L-BFGS:  93%|█████████▎| 931/1000 [44:00 > 9:59:38]
L-BFGS:  93%|█████████▎| 932/1000 [44:50 > 10:00:21]
L-BFGS:  93%|█████████▎| 933/1000 [44:44 > 10:01:02]
L-BFGS:  93%|█████████▎| 934/1000 [42:49 > 10:01:39]
L-BFGS:  94%|█████████▎| 935/1000 [43:12 > 10:02:21]
L-BFGS:  94%|█████████▎| 936/1000 [40:59 > 10:02:56]
L-BFGS:  94%|█████████▎| 937/1000 [41:45 > 10:03:39]
L-BFGS:  94%|█████████▍| 938/1000 [41:33 > 10:04:20]
L-BFGS:  94%|█████████▍| 939/1000 [41:06 > 10:05:01]
L-BFGS:  94%|█████████▍| 940/1000 [39:05 > 10:05:37]
L-BFGS:  94%|█████████▍| 941/1000 [37:18 > 10:06:12]
L-BFGS:  94%|█████████▍| 942/1000 [36:29 > 10:06:49]
L-BFGS:  94%|█████████▍| 943/1000 [35:02 > 10:07:24]
L-BFGS:  94%|█████████▍| 944/1000 [34:19 > 10:08:01]
L-BFGS:  94%|█████████▍| 945/1000 [34:47 > 10:08:41]
L-BFGS:  95%|█████████▍| 946/1000 [33:13 > 10:09:16]
L-BFGS:  95%|█████████▍| 947/1000 [34:02 > 10:09:58]
L-BFGS:  95%|█████████▍| 948/1000 [32:42 > 10:10:34]
L-BFGS:  95%|█████████▍| 949/1000 [33:20 > 10:11:17]
L-BFGS:  95%|█████████▌| 950/1000 [31:32 > 10:11:52]
L-BFGS:  95%|█████████▌| 951/1000 [32:06 > 10:12:34]
L-BFGS:  95%|█████████▌| 952/1000 [32:03 > 10:13:16]
L-BFGS:  95%|█████████▌| 953/1000 [31:27 > 10:13:56]
L-BFGS:  95%|█████████▌| 954/1000 [31:11 > 10:14:38]
L-BFGS:  96%|█████████▌| 955/1000 [29:20 > 10:15:14]
L-BFGS:  96%|█████████▌| 956/1000 [29:02 > 10:15:55]
L-BFGS:  96%|█████████▌| 957/1000 [29:06 > 10:16:38]
L-BFGS:  96%|█████████▌| 958/1000 [28:39 > 10:17:19]
L-BFGS:  96%|█████████▌| 959/1000 [27:54 > 10:18:00]
L-BFGS:  96%|█████████▌| 960/1000 [26:26 > 10:18:37]
L-BFGS:  96%|█████████▌| 961/1000 [26:16 > 10:19:19]
L-BFGS:  96%|█████████▌| 962/1000 [24:49 > 10:19:55]
L-BFGS:  96%|█████████▋| 963/1000 [23:01 > 10:20:28]
L-BFGS:  96%|█████████▋| 964/1000 [23:14 > 10:21:10]
L-BFGS:  96%|█████████▋| 965/1000 [23:25 > 10:21:54]
L-BFGS:  97%|█████████▋| 966/1000 [22:46 > 10:22:34]
L-BFGS:  97%|█████████▋| 967/1000 [22:30 > 10:23:17]
L-BFGS:  97%|█████████▋| 968/1000 [21:02 > 10:23:53]
L-BFGS:  97%|█████████▋| 969/1000 [20:39 > 10:24:34]
L-BFGS:  97%|█████████▋| 970/1000 [20:24 > 10:25:17]
L-BFGS:  97%|█████████▋| 971/1000 [19:50 > 10:25:58]
L-BFGS:  97%|█████████▋| 972/1000 [19:20 > 10:26:41]
L-BFGS:  97%|█████████▋| 973/1000 [18:32 > 10:27:21]
L-BFGS:  97%|█████████▋| 974/1000 [17:45 > 10:28:02]
L-BFGS:  98%|█████████▊| 975/1000 [17:12 > 10:28:44]
L-BFGS:  98%|█████████▊| 976/1000 [15:41 > 10:29:18]
L-BFGS:  98%|█████████▊| 977/1000 [14:44 > 10:29:55]
L-BFGS:  98%|█████████▊| 978/1000 [14:39 > 10:30:38]
L-BFGS:  98%|█████████▊| 979/1000 [14:03 > 10:31:19]
L-BFGS:  98%|█████████▊| 980/1000 [13:02 > 10:31:56]
L-BFGS:  98%|█████████▊| 981/1000 [12:00 > 10:32:31]
L-BFGS:  98%|█████████▊| 982/1000 [11:40 > 10:33:12]
L-BFGS:  98%|█████████▊| 983/1000 [10:44 > 10:33:48]
L-BFGS:  98%|█████████▊| 984/1000 [09:58 > 10:34:24]
L-BFGS:  98%|█████████▊| 985/1000 [09:41 > 10:35:06]
L-BFGS:  99%|█████████▊| 986/1000 [09:11 > 10:35:47]
L-BFGS:  99%|█████████▊| 987/1000 [08:42 > 10:36:29]
L-BFGS:  99%|█████████▉| 988/1000 [07:48 > 10:37:05]
L-BFGS:  99%|█████████▉| 989/1000 [06:52 > 10:37:39]
L-BFGS:  99%|█████████▉| 990/1000 [06:13 > 10:38:16]
L-BFGS:  99%|█████████▉| 991/1000 [05:30 > 10:38:51]
L-BFGS:  99%|█████████▉| 992/1000 [05:09 > 10:39:35]
L-BFGS:  99%|█████████▉| 993/1000 [04:22 > 10:40:09]
L-BFGS:  99%|█████████▉| 994/1000 [03:52 > 10:40:51]
L-BFGS: 100%|█████████▉| 995/1000 [03:19 > 10:41:34]
L-BFGS: 100%|█████████▉| 996/1000 [02:39 > 10:42:14]
L-BFGS: 100%|█████████▉| 997/1000 [02:01 > 10:42:56]
L-BFGS: 100%|█████████▉| 998/1000 [01:17 > 10:43:31]
L-BFGS: 100%|█████████▉| 999/1000 [00:39 > 10:44:12]
L-BFGS: 100%|██████████| 1000/1000 [00:00 > 10:44:55]
L-BFGS: 100%|██████████| 1000/1000 [00:00 > 10:44:55]
Training saved: C:\Ali Computation\pinn\code\heterogeneous\pino_heterogeneous\results\exp_Qc_hard_tau005_piecewise_K100_N500_z1to5_min10pct_w64_float64_lr01_maxiter5\pino_heterogeneous_concentration.png C:\Ali Computation\pinn\code\heterogeneous\pino_heterogeneous\results\exp_Qc_hard_tau005_piecewise_K100_N500_z1to5_min10pct_w64_float64_lr01_maxiter5\pino_heterogeneous_loss.png C:\Ali Computation\pinn\code\heterogeneous\pino_heterogeneous\results\exp_Qc_hard_tau005_piecewise_K100_N500_z1to5_min10pct_w64_float64_lr01_maxiter5\pino_heterogeneous_model.pt
COMSOL validation: 81 media -> C:\Ali Computation\pinn\code\heterogeneous\pino_heterogeneous\results\exp_Qc_hard_tau005_piecewise_K100_N500_z1to5_min10pct_w64_float64_lr01_maxiter5\comsol_validation  (x* collocation n=86)

COMSOL vs PINO:   0%|          | 0/81 [00:00<?, ?it/s]
COMSOL vs PINO:   1%|          | 1/81 [00:01<01:25,  1.07s/it]
COMSOL vs PINO:   2%|▏         | 2/81 [00:02<01:24,  1.07s/it]
COMSOL vs PINO:   4%|▎         | 3/81 [00:03<01:23,  1.07s/it]
COMSOL vs PINO:   5%|▍         | 4/81 [00:04<01:22,  1.07s/it]
COMSOL vs PINO:   6%|▌         | 5/81 [00:05<01:28,  1.16s/it]
COMSOL vs PINO:   7%|▋         | 6/81 [00:06<01:24,  1.12s/it]
COMSOL vs PINO:   9%|▊         | 7/81 [00:07<01:22,  1.11s/it]
COMSOL vs PINO:  10%|▉         | 8/81 [00:08<01:20,  1.10s/it]
COMSOL vs PINO:  11%|█         | 9/81 [00:09<01:18,  1.09s/it]
COMSOL vs PINO:  12%|█▏        | 10/81 [00:10<01:17,  1.09s/it]
COMSOL vs PINO:  14%|█▎        | 11/81 [00:12<01:16,  1.09s/it]
COMSOL vs PINO:  15%|█▍        | 12/81 [00:13<01:14,  1.08s/it]
COMSOL vs PINO:  16%|█▌        | 13/81 [00:14<01:13,  1.08s/it]
COMSOL vs PINO:  17%|█▋        | 14/81 [00:15<01:12,  1.09s/it]
COMSOL vs PINO:  19%|█▊        | 15/81 [00:16<01:11,  1.08s/it]
COMSOL vs PINO:  20%|█▉        | 16/81 [00:17<01:09,  1.07s/it]
COMSOL vs PINO:  21%|██        | 17/81 [00:18<01:08,  1.07s/it]
COMSOL vs PINO:  22%|██▏       | 18/81 [00:19<01:07,  1.07s/it]
COMSOL vs PINO:  23%|██▎       | 19/81 [00:20<01:13,  1.18s/it]
COMSOL vs PINO:  25%|██▍       | 20/81 [00:22<01:10,  1.15s/it]
COMSOL vs PINO:  26%|██▌       | 21/81 [00:23<01:07,  1.13s/it]
COMSOL vs PINO:  27%|██▋       | 22/81 [00:24<01:05,  1.11s/it]
COMSOL vs PINO:  28%|██▊       | 23/81 [00:25<01:03,  1.10s/it]
COMSOL vs PINO:  30%|██▉       | 24/81 [00:26<01:02,  1.09s/it]
COMSOL vs PINO:  31%|███       | 25/81 [00:27<01:00,  1.08s/it]
COMSOL vs PINO:  32%|███▏      | 26/81 [00:28<00:59,  1.09s/it]
COMSOL vs PINO:  33%|███▎      | 27/81 [00:29<00:59,  1.10s/it]
COMSOL vs PINO:  35%|███▍      | 28/81 [00:30<00:58,  1.11s/it]
COMSOL vs PINO:  36%|███▌      | 29/81 [00:31<00:57,  1.10s/it]
COMSOL vs PINO:  37%|███▋      | 30/81 [00:32<00:55,  1.09s/it]
COMSOL vs PINO:  38%|███▊      | 31/81 [00:34<00:54,  1.09s/it]
COMSOL vs PINO:  40%|███▉      | 32/81 [00:35<00:53,  1.09s/it]
COMSOL vs PINO:  41%|████      | 33/81 [00:36<00:56,  1.17s/it]
COMSOL vs PINO:  42%|████▏     | 34/81 [00:37<00:54,  1.15s/it]
COMSOL vs PINO:  43%|████▎     | 35/81 [00:38<00:52,  1.13s/it]
COMSOL vs PINO:  44%|████▍     | 36/81 [00:39<00:50,  1.12s/it]
COMSOL vs PINO:  46%|████▌     | 37/81 [00:40<00:49,  1.12s/it]
COMSOL vs PINO:  47%|████▋     | 38/81 [00:41<00:47,  1.11s/it]
COMSOL vs PINO:  48%|████▊     | 39/81 [00:43<00:46,  1.10s/it]
COMSOL vs PINO:  49%|████▉     | 40/81 [00:44<00:44,  1.09s/it]
COMSOL vs PINO:  51%|█████     | 41/81 [00:45<00:43,  1.08s/it]
COMSOL vs PINO:  52%|█████▏    | 42/81 [00:46<00:42,  1.08s/it]
COMSOL vs PINO:  53%|█████▎    | 43/81 [00:47<00:41,  1.09s/it]
COMSOL vs PINO:  54%|█████▍    | 44/81 [00:48<00:40,  1.10s/it]
COMSOL vs PINO:  56%|█████▌    | 45/81 [00:49<00:39,  1.09s/it]
COMSOL vs PINO:  57%|█████▋    | 46/81 [00:50<00:41,  1.19s/it]
COMSOL vs PINO:  58%|█████▊    | 47/81 [00:52<00:39,  1.17s/it]
COMSOL vs PINO:  59%|█████▉    | 48/81 [00:53<00:38,  1.17s/it]
COMSOL vs PINO:  60%|██████    | 49/81 [00:54<00:36,  1.14s/it]
COMSOL vs PINO:  62%|██████▏   | 50/81 [00:55<00:34,  1.12s/it]
COMSOL vs PINO:  63%|██████▎   | 51/81 [00:56<00:33,  1.10s/it]
COMSOL vs PINO:  64%|██████▍   | 52/81 [00:57<00:31,  1.09s/it]
COMSOL vs PINO:  65%|██████▌   | 53/81 [00:58<00:30,  1.09s/it]
COMSOL vs PINO:  67%|██████▋   | 54/81 [00:59<00:29,  1.08s/it]
COMSOL vs PINO:  68%|██████▊   | 55/81 [01:00<00:27,  1.08s/it]
COMSOL vs PINO:  69%|██████▉   | 56/81 [01:01<00:27,  1.08s/it]
COMSOL vs PINO:  70%|███████   | 57/81 [01:02<00:25,  1.08s/it]
COMSOL vs PINO:  72%|███████▏  | 58/81 [01:03<00:24,  1.08s/it]
COMSOL vs PINO:  73%|███████▎  | 59/81 [01:05<00:23,  1.08s/it]
COMSOL vs PINO:  74%|███████▍  | 60/81 [01:06<00:22,  1.08s/it]
COMSOL vs PINO:  75%|███████▌  | 61/81 [01:07<00:23,  1.18s/it]
COMSOL vs PINO:  77%|███████▋  | 62/81 [01:08<00:21,  1.15s/it]
COMSOL vs PINO:  78%|███████▊  | 63/81 [01:09<00:20,  1.13s/it]
COMSOL vs PINO:  79%|███████▉  | 64/81 [01:10<00:19,  1.12s/it]
COMSOL vs PINO:  80%|████████  | 65/81 [01:11<00:17,  1.11s/it]
COMSOL vs PINO:  81%|████████▏ | 66/81 [01:12<00:16,  1.09s/it]
COMSOL vs PINO:  83%|████████▎ | 67/81 [01:14<00:15,  1.09s/it]
COMSOL vs PINO:  84%|████████▍ | 68/81 [01:15<00:14,  1.08s/it]
COMSOL vs PINO:  85%|████████▌ | 69/81 [01:16<00:12,  1.08s/it]
COMSOL vs PINO:  86%|████████▋ | 70/81 [01:17<00:11,  1.08s/it]
COMSOL vs PINO:  88%|████████▊ | 71/81 [01:18<00:10,  1.08s/it]
COMSOL vs PINO:  89%|████████▉ | 72/81 [01:19<00:09,  1.08s/it]
COMSOL vs PINO:  90%|█████████ | 73/81 [01:20<00:08,  1.09s/it]
COMSOL vs PINO:  91%|█████████▏| 74/81 [01:21<00:07,  1.08s/it]
COMSOL vs PINO:  93%|█████████▎| 75/81 [01:22<00:06,  1.09s/it]
COMSOL vs PINO:  94%|█████████▍| 76/81 [01:24<00:05,  1.19s/it]
COMSOL vs PINO:  95%|█████████▌| 77/81 [01:25<00:04,  1.15s/it]
COMSOL vs PINO:  96%|█████████▋| 78/81 [01:26<00:03,  1.13s/it]
COMSOL vs PINO:  98%|█████████▊| 79/81 [01:27<00:02,  1.11s/it]
COMSOL vs PINO:  99%|█████████▉| 80/81 [01:28<00:01,  1.10s/it]
COMSOL vs PINO: 100%|██████████| 81/81 [01:29<00:00,  1.10s/it]
COMSOL vs PINO: 100%|██████████| 81/81 [01:29<00:00,  1.10s/it]
COMSOL validation summary: n=81  mean=1.908896e-01  max=2.838654e-01  min=1.259912e-01
Wrote C:\Ali Computation\pinn\code\heterogeneous\pino_heterogeneous\results\exp_Qc_hard_tau005_piecewise_K100_N500_z1to5_min10pct_w64_float64_lr01_maxiter5\comsol_validation\comsol_validation_summary.csv
Run metadata: C:\Ali Computation\pinn\code\heterogeneous\pino_heterogeneous\results\exp_Qc_hard_tau005_piecewise_K100_N500_z1to5_min10pct_w64_float64_lr01_maxiter5\run_meta.json

# exit 0 after 10:46:44.369235
