# code/heterogeneous/pino_heterogeneous/pinn1d_heterogeneous_parametric_neural_operator.py --design grf --n-sensors 100 --n-grf 0 --n-piecewise-per-zones 100 --piecewise-zone-counts 1,2,3,4,5 --min-zone-frac 0.1 --arch w64 --dtype float64 --early-stop-patience 150 --lr-lbfgs 0.1 --lbfgs-max-iter 5 --epochs 1000 --amortize-branch --hard-bc --inlet-tau 0.01 --out-dir results/exp_Qd_amort_hard_tau001_piecewise_K100_N500_z1to5_min10pct_w64_float64_lr01_maxiter5
# started 2026-06-23 02:00:02
# cwd C:\Ali Computation\pinn\code\heterogeneous\pino_heterogeneous

Using GPU: NVIDIA GeForce RTX 3090 (cuda:0, dtype=torch.float64)
PE (computed) = 0.010368
design=grf  media_mode=grf  n_train_requested=500  n_corner_anchors=16  arch=w64  amortize_branch=True  hard_bc=True  inlet_tau=0.01  batch_mode=True
branch=[100, 64, 64, 64]  trunk=[2, 64, 64, 64, 64]
results_dir=C:\Ali Computation\pinn\code\heterogeneous\pino_heterogeneous\results\exp_Qd_amort_hard_tau001_piecewise_K100_N500_z1to5_min10pct_w64_float64_lr01_maxiter5
Training: 500 piecewise (100 each for zones [1, 2, 3, 4, 5]), min_zone_frac=0.1 = 500 total; K=100 uniform sensors, grid_n=201
  saved/loaded: C:\Ali Computation\pinn\code\heterogeneous\pino_heterogeneous\results\exp_Qd_amort_hard_tau001_piecewise_K100_N500_z1to5_min10pct_w64_float64_lr01_maxiter5\train_grf_cases.npz
  branch CFL range [0.120459, 0.599738]
PDE mesh: bulk 50x50x500 (no interface bands in GRF mode)
COMSOL validation: 81 fixed grid cases from comsol_4zones.txt -> C:\Ali Computation\pinn\code\heterogeneous\pino_heterogeneous\results\exp_Qd_amort_hard_tau001_piecewise_K100_N500_z1to5_min10pct_w64_float64_lr01_maxiter5\comsol_validation
run_training=True  run_comsol_validation=True  validate_only=False  skip_validation_plots=False
L-BFGS early stopping: patience=150 (max steps=1000)
L-BFGS: lr=0.1  max_iter=5  outer_steps=1000
PDE collocation points: 1,250,000 (bulk 1,250,000, interface 0)
Collocation mesh plot (pre-train): C:\Ali Computation\pinn\code\heterogeneous\pino_heterogeneous\results\exp_Qd_amort_hard_tau001_piecewise_K100_N500_z1to5_min10pct_w64_float64_lr01_maxiter5\pino_heterogeneous_collocation_points.png
LBFGS (
Parameter Group 0
    history_size: 50
    line_search_fn: strong_wolfe
    lr: 0.1
    max_eval: 6
    max_iter: 5
    tolerance_change: 1e-09
    tolerance_grad: 1e-07
)
Early stopping: patience=150 L-BFGS steps (no total-loss improvement, rtol=1e-12)

L-BFGS:   0%|          | 0/1000 [? > 00:00]
L-BFGS:   0%|          | 1/1000 [9:53:04 > 00:35]
L-BFGS:   0%|          | 2/1000 [8:28:03 > 01:02]
L-BFGS:   0%|          | 3/1000 [8:56:09 > 01:36]
L-BFGS:   0%|          | 4/1000 [9:04:05 > 02:10]
L-BFGS:   0%|          | 5/1000 [9:05:32 > 02:43]
L-BFGS:   1%|          | 6/1000 [9:13:31 > 03:18]
L-BFGS:   1%|          | 7/1000 [8:58:02 > 03:48]
L-BFGS:   1%|          | 8/1000 [8:53:52 > 04:20]
L-BFGS:   1%|          | 9/1000 [8:47:24 > 04:51]
L-BFGS:   1%|          | 10/1000 [9:01:33 > 05:26]
L-BFGS:   1%|          | 11/1000 [8:29:16 > 05:52]
L-BFGS:   1%|          | 12/1000 [8:57:21 > 06:29]
L-BFGS:   1%|▏         | 13/1000 [8:22:58 > 06:55]
L-BFGS:   1%|▏         | 14/1000 [8:46:07 > 07:30]
L-BFGS:   2%|▏         | 15/1000 [8:49:52 > 08:03]
L-BFGS:   2%|▏         | 16/1000 [8:54:37 > 08:36]
L-BFGS:   2%|▏         | 17/1000 [8:32:16 > 09:05]
L-BFGS:   2%|▏         | 18/1000 [8:20:42 > 09:34]
L-BFGS:   2%|▏         | 19/1000 [8:10:00 > 10:02]
L-BFGS:   2%|▏         | 20/1000 [8:08:58 > 10:32]
L-BFGS:   2%|▏         | 21/1000 [7:51:19 > 10:59]
L-BFGS:   2%|▏         | 22/1000 [8:22:31 > 11:34]
L-BFGS:   2%|▏         | 23/1000 [8:09:25 > 12:02]
L-BFGS:   2%|▏         | 24/1000 [8:25:31 > 12:36]
L-BFGS:   2%|▎         | 25/1000 [8:39:43 > 13:10]
L-BFGS:   3%|▎         | 26/1000 [8:19:37 > 13:38]
L-BFGS:   3%|▎         | 27/1000 [8:09:20 > 14:06]
L-BFGS:   3%|▎         | 28/1000 [8:22:55 > 14:39]
L-BFGS:   3%|▎         | 29/1000 [8:12:30 > 15:08]
L-BFGS:   3%|▎         | 30/1000 [7:59:48 > 15:36]
L-BFGS:   3%|▎         | 31/1000 [7:58:27 > 16:06]
L-BFGS:   3%|▎         | 32/1000 [8:13:04 > 16:39]
L-BFGS:   3%|▎         | 33/1000 [8:30:50 > 17:13]
L-BFGS:   3%|▎         | 34/1000 [8:29:25 > 17:45]
L-BFGS:   4%|▎         | 35/1000 [8:28:05 > 18:16]
L-BFGS:   4%|▎         | 36/1000 [8:07:06 > 18:43]
L-BFGS:   4%|▎         | 37/1000 [8:27:36 > 19:18]
L-BFGS:   4%|▍         | 38/1000 [8:22:52 > 19:49]
L-BFGS:   4%|▍         | 39/1000 [8:23:00 > 20:20]
L-BFGS:   4%|▍         | 40/1000 [7:59:36 > 20:47]
L-BFGS:   4%|▍         | 41/1000 [8:22:36 > 21:22]
L-BFGS:   4%|▍         | 42/1000 [8:22:58 > 21:53]
L-BFGS:   4%|▍         | 43/1000 [8:22:30 > 22:25]
L-BFGS:   4%|▍         | 44/1000 [7:54:40 > 22:51]
L-BFGS:   4%|▍         | 45/1000 [7:58:33 > 23:21]
L-BFGS:   5%|▍         | 46/1000 [8:02:37 > 23:52]
L-BFGS:   5%|▍         | 47/1000 [8:05:35 > 24:24]
L-BFGS:   5%|▍         | 48/1000 [8:09:11 > 24:55]
L-BFGS:   5%|▍         | 49/1000 [8:25:17 > 25:29]
L-BFGS:   5%|▌         | 50/1000 [8:32:51 > 26:03]
L-BFGS:   5%|▌         | 51/1000 [8:16:41 > 26:32]
L-BFGS:   5%|▌         | 52/1000 [8:24:53 > 27:05]
L-BFGS:   5%|▌         | 53/1000 [8:05:42 > 27:33]
L-BFGS:   5%|▌         | 54/1000 [7:59:16 > 28:03]
L-BFGS:   6%|▌         | 55/1000 [7:50:04 > 28:31]
L-BFGS:   6%|▌         | 56/1000 [8:09:01 > 29:05]
L-BFGS:   6%|▌         | 57/1000 [8:11:16 > 29:37]
L-BFGS:   6%|▌         | 58/1000 [8:32:43 > 30:13]
L-BFGS:   6%|▌         | 59/1000 [8:07:35 > 30:40]
L-BFGS:   6%|▌         | 60/1000 [8:00:05 > 31:10]
L-BFGS:   6%|▌         | 61/1000 [8:00:14 > 31:41]
L-BFGS:   6%|▌         | 62/1000 [8:26:39 > 32:17]
L-BFGS:   6%|▋         | 63/1000 [8:20:25 > 32:48]
L-BFGS:   6%|▋         | 64/1000 [8:11:26 > 33:19]
L-BFGS:   6%|▋         | 65/1000 [7:48:22 > 33:45]
L-BFGS:   7%|▋         | 66/1000 [8:18:27 > 34:22]
L-BFGS:   7%|▋         | 67/1000 [7:49:19 > 34:48]
L-BFGS:   7%|▋         | 68/1000 [7:51:33 > 35:18]
L-BFGS:   7%|▋         | 69/1000 [7:31:30 > 35:45]
L-BFGS:   7%|▋         | 70/1000 [7:41:42 > 36:16]
L-BFGS:   7%|▋         | 71/1000 [7:26:34 > 36:43]
L-BFGS:   7%|▋         | 72/1000 [7:54:09 > 37:18]
L-BFGS:   7%|▋         | 73/1000 [7:34:52 > 37:44]
L-BFGS:   7%|▋         | 74/1000 [7:40:40 > 38:15]
L-BFGS:   8%|▊         | 75/1000 [7:24:58 > 38:42]
L-BFGS:   8%|▊         | 76/1000 [7:55:39 > 39:17]
L-BFGS:   8%|▊         | 77/1000 [7:33:22 > 39:43]
L-BFGS:   8%|▊         | 78/1000 [8:03:05 > 40:19]
L-BFGS:   8%|▊         | 79/1000 [7:40:49 > 40:46]
L-BFGS:   8%|▊         | 80/1000 [7:41:32 > 41:16]
L-BFGS:   8%|▊         | 81/1000 [7:48:17 > 41:48]
L-BFGS:   8%|▊         | 82/1000 [7:51:52 > 42:20]
L-BFGS:   8%|▊         | 83/1000 [7:28:37 > 42:45]
L-BFGS:   8%|▊         | 84/1000 [7:34:31 > 43:16]
L-BFGS:   8%|▊         | 85/1000 [7:40:06 > 43:47]
L-BFGS:   9%|▊         | 86/1000 [7:43:40 > 44:18]
L-BFGS:   9%|▊         | 87/1000 [7:26:30 > 44:45]
L-BFGS:   9%|▉         | 88/1000 [7:29:56 > 45:15]
L-BFGS:   9%|▉         | 89/1000 [7:16:08 > 45:42]
L-BFGS:   9%|▉         | 90/1000 [7:51:24 > 46:19]
L-BFGS:   9%|▉         | 91/1000 [7:27:32 > 46:44]
L-BFGS:   9%|▉         | 92/1000 [7:53:10 > 47:20]
L-BFGS:   9%|▉         | 93/1000 [7:59:52 > 47:53]
L-BFGS:   9%|▉         | 94/1000 [8:07:16 > 48:26]
L-BFGS:  10%|▉         | 95/1000 [8:14:42 > 49:00]
L-BFGS:  10%|▉         | 96/1000 [8:09:34 > 49:32]
L-BFGS:  10%|▉         | 97/1000 [7:59:58 > 50:02]
L-BFGS:  10%|▉         | 98/1000 [7:41:12 > 50:30]
L-BFGS:  10%|▉         | 99/1000 [7:33:31 > 50:59]
L-BFGS:  10%|█         | 100/1000 [7:23:00 > 51:27]
L-BFGS:  10%|█         | 101/1000 [7:46:13 > 52:02]
L-BFGS:  10%|█         | 102/1000 [7:29:11 > 52:30]
L-BFGS:  10%|█         | 103/1000 [7:47:44 > 53:04]
L-BFGS:  10%|█         | 104/1000 [7:28:42 > 53:31]
L-BFGS:  10%|█         | 105/1000 [7:30:27 > 54:02]
L-BFGS:  11%|█         | 106/1000 [7:41:20 > 54:34]
L-BFGS:  11%|█         | 107/1000 [7:34:47 > 55:04]
L-BFGS:  11%|█         | 108/1000 [7:15:39 > 55:30]
L-BFGS:  11%|█         | 109/1000 [7:22:18 > 56:01]
L-BFGS:  11%|█         | 110/1000 [7:11:09 > 56:29]
L-BFGS:  11%|█         | 111/1000 [7:33:57 > 57:03]
L-BFGS:  11%|█         | 112/1000 [7:18:17 > 57:30]
L-BFGS:  11%|█▏        | 113/1000 [7:21:34 > 58:01]
L-BFGS:  11%|█▏        | 114/1000 [7:33:55 > 58:33]
L-BFGS:  12%|█▏        | 115/1000 [7:28:22 > 59:03]
L-BFGS:  12%|█▏        | 116/1000 [7:29:24 > 59:34]
L-BFGS:  12%|█▏        | 117/1000 [7:34:59 > 1:00:06]
L-BFGS:  12%|█▏        | 118/1000 [7:15:42 > 1:00:32]
L-BFGS:  12%|█▏        | 119/1000 [7:38:40 > 1:01:07]
L-BFGS:  12%|█▏        | 120/1000 [7:37:52 > 1:01:38]
L-BFGS:  12%|█▏        | 121/1000 [7:36:15 > 1:02:09]
L-BFGS:  12%|█▏        | 122/1000 [7:37:17 > 1:02:41]
L-BFGS:  12%|█▏        | 123/1000 [7:34:20 > 1:03:12]
L-BFGS:  12%|█▏        | 124/1000 [7:34:13 > 1:03:43]
L-BFGS:  12%|█▎        | 125/1000 [7:33:33 > 1:04:14]
L-BFGS:  13%|█▎        | 126/1000 [7:35:17 > 1:04:45]
L-BFGS:  13%|█▎        | 127/1000 [7:29:43 > 1:05:16]
L-BFGS:  13%|█▎        | 128/1000 [7:37:08 > 1:05:48]
L-BFGS:  13%|█▎        | 129/1000 [7:29:47 > 1:06:18]
L-BFGS:  13%|█▎        | 130/1000 [7:09:59 > 1:06:45]
L-BFGS:  13%|█▎        | 131/1000 [7:34:03 > 1:07:20]
L-BFGS:  13%|█▎        | 132/1000 [7:20:27 > 1:07:48]
L-BFGS:  13%|█▎        | 133/1000 [7:33:06 > 1:08:22]
L-BFGS:  13%|█▎        | 134/1000 [7:18:20 > 1:08:50]
L-BFGS:  14%|█▎        | 135/1000 [7:12:18 > 1:09:19]
L-BFGS:  14%|█▎        | 136/1000 [7:05:05 > 1:09:47]
L-BFGS:  14%|█▎        | 137/1000 [7:06:29 > 1:10:17]
L-BFGS:  14%|█▍        | 138/1000 [6:52:14 > 1:10:44]
L-BFGS:  14%|█▍        | 139/1000 [7:00:25 > 1:11:15]
L-BFGS:  14%|█▍        | 140/1000 [7:15:19 > 1:11:47]
L-BFGS:  14%|█▍        | 141/1000 [7:09:24 > 1:12:17]
L-BFGS:  14%|█▍        | 142/1000 [6:56:17 > 1:12:44]
L-BFGS:  14%|█▍        | 143/1000 [7:00:15 > 1:13:14]
L-BFGS:  14%|█▍        | 144/1000 [6:49:20 > 1:13:41]
L-BFGS:  14%|█▍        | 145/1000 [7:00:26 > 1:14:12]
L-BFGS:  15%|█▍        | 146/1000 [6:44:19 > 1:14:38]
L-BFGS:  15%|█▍        | 147/1000 [7:13:36 > 1:15:13]
L-BFGS:  15%|█▍        | 148/1000 [6:56:07 > 1:15:40]
L-BFGS:  15%|█▍        | 149/1000 [7:03:07 > 1:16:11]
L-BFGS:  15%|█▌        | 150/1000 [7:09:54 > 1:16:42]
L-BFGS:  15%|█▌        | 151/1000 [7:08:39 > 1:17:13]
L-BFGS:  15%|█▌        | 152/1000 [6:54:04 > 1:17:40]
L-BFGS:  15%|█▌        | 153/1000 [7:20:26 > 1:18:15]
L-BFGS:  15%|█▌        | 154/1000 [7:00:20 > 1:18:42]
L-BFGS:  16%|█▌        | 155/1000 [7:03:56 > 1:19:13]
L-BFGS:  16%|█▌        | 156/1000 [7:15:14 > 1:19:46]
L-BFGS:  16%|█▌        | 157/1000 [7:07:05 > 1:20:15]
L-BFGS:  16%|█▌        | 158/1000 [6:52:59 > 1:20:42]
L-BFGS:  16%|█▌        | 159/1000 [7:13:17 > 1:21:16]
L-BFGS:  16%|█▌        | 160/1000 [7:02:42 > 1:21:45]
L-BFGS:  16%|█▌        | 161/1000 [7:01:26 > 1:22:15]
L-BFGS:  16%|█▌        | 162/1000 [7:08:27 > 1:22:47]
L-BFGS:  16%|█▋        | 163/1000 [7:20:13 > 1:23:20]
L-BFGS:  16%|█▋        | 164/1000 [7:33:22 > 1:23:55]
L-BFGS:  16%|█▋        | 165/1000 [7:11:55 > 1:24:23]
L-BFGS:  17%|█▋        | 166/1000 [7:06:12 > 1:24:52]
L-BFGS:  17%|█▋        | 167/1000 [7:09:27 > 1:25:24]
L-BFGS:  17%|█▋        | 168/1000 [7:07:12 > 1:25:54]
L-BFGS:  17%|█▋        | 169/1000 [6:54:34 > 1:26:22]
L-BFGS:  17%|█▋        | 170/1000 [6:50:10 > 1:26:51]
L-BFGS:  17%|█▋        | 171/1000 [6:42:32 > 1:27:19]
L-BFGS:  17%|█▋        | 172/1000 [6:43:24 > 1:27:49]
L-BFGS:  17%|█▋        | 173/1000 [6:57:04 > 1:28:21]
L-BFGS:  17%|█▋        | 174/1000 [6:54:21 > 1:28:51]
L-BFGS:  18%|█▊        | 175/1000 [7:00:25 > 1:29:23]
L-BFGS:  18%|█▊        | 176/1000 [6:59:26 > 1:29:53]
L-BFGS:  18%|█▊        | 177/1000 [6:47:42 > 1:30:21]
L-BFGS:  18%|█▊        | 178/1000 [6:44:10 > 1:30:50]
L-BFGS:  18%|█▊        | 179/1000 [6:37:13 > 1:31:18]
L-BFGS:  18%|█▊        | 180/1000 [6:38:22 > 1:31:47]
L-BFGS:  18%|█▊        | 181/1000 [6:35:19 > 1:32:16]
L-BFGS:  18%|█▊        | 182/1000 [6:55:18 > 1:32:50]
L-BFGS:  18%|█▊        | 183/1000 [6:44:25 > 1:33:18]
L-BFGS:  18%|█▊        | 184/1000 [6:40:18 > 1:33:47]
L-BFGS:  18%|█▊        | 185/1000 [6:38:31 > 1:34:16]
L-BFGS:  19%|█▊        | 186/1000 [6:53:37 > 1:34:49]
L-BFGS:  19%|█▊        | 187/1000 [6:42:56 > 1:35:17]
L-BFGS:  19%|█▉        | 188/1000 [7:02:52 > 1:35:52]
L-BFGS:  19%|█▉        | 189/1000 [6:46:54 > 1:36:19]
L-BFGS:  19%|█▉        | 190/1000 [7:03:21 > 1:36:53]
L-BFGS:  19%|█▉        | 191/1000 [6:46:18 > 1:37:21]
L-BFGS:  19%|█▉        | 192/1000 [6:47:05 > 1:37:51]
L-BFGS:  19%|█▉        | 193/1000 [6:36:59 > 1:38:19]
L-BFGS:  19%|█▉        | 194/1000 [6:34:50 > 1:38:48]
L-BFGS:  20%|█▉        | 195/1000 [6:44:18 > 1:39:20]
L-BFGS:  20%|█▉        | 196/1000 [6:46:54 > 1:39:51]
L-BFGS:  20%|█▉        | 197/1000 [6:34:44 > 1:40:18]
L-BFGS:  20%|█▉        | 198/1000 [6:35:14 > 1:40:48]
L-BFGS:  20%|█▉        | 199/1000 [6:43:10 > 1:41:20]
L-BFGS:  20%|██        | 200/1000 [7:05:32 > 1:41:56]
L-BFGS:  20%|██        | 201/1000 [6:46:54 > 1:42:23]
L-BFGS:  20%|██        | 202/1000 [7:02:40 > 1:42:58]
L-BFGS:  20%|██        | 203/1000 [6:38:02 > 1:43:23]
L-BFGS:  20%|██        | 204/1000 [7:03:28 > 1:44:00]
L-BFGS:  20%|██        | 205/1000 [6:41:53 > 1:44:27]
L-BFGS:  21%|██        | 206/1000 [6:41:23 > 1:44:57]
L-BFGS:  21%|██        | 207/1000 [6:44:12 > 1:45:28]
L-BFGS:  21%|██        | 208/1000 [7:07:30 > 1:46:05]
L-BFGS:  21%|██        | 209/1000 [6:40:43 > 1:46:30]
L-BFGS:  21%|██        | 210/1000 [7:00:06 > 1:47:06]
L-BFGS:  21%|██        | 211/1000 [6:38:07 > 1:47:32]
L-BFGS:  21%|██        | 212/1000 [6:57:55 > 1:48:08]
L-BFGS:  21%|██▏       | 213/1000 [6:59:45 > 1:48:40]
L-BFGS:  21%|██▏       | 214/1000 [7:06:38 > 1:49:14]
L-BFGS:  22%|██▏       | 215/1000 [6:51:18 > 1:49:43]
L-BFGS:  22%|██▏       | 216/1000 [6:57:43 > 1:50:16]
L-BFGS:  22%|██▏       | 217/1000 [7:07:06 > 1:50:51]
L-BFGS:  22%|██▏       | 218/1000 [6:58:54 > 1:51:21]
L-BFGS:  22%|██▏       | 219/1000 [6:57:15 > 1:51:53]
L-BFGS:  22%|██▏       | 220/1000 [6:53:43 > 1:52:24]
L-BFGS:  22%|██▏       | 221/1000 [6:47:27 > 1:52:55]
L-BFGS:  22%|██▏       | 222/1000 [6:45:55 > 1:53:26]
L-BFGS:  22%|██▏       | 223/1000 [6:44:09 > 1:53:57]
L-BFGS:  22%|██▏       | 224/1000 [6:44:46 > 1:54:28]
L-BFGS:  22%|██▎       | 225/1000 [6:41:51 > 1:54:59]
L-BFGS:  23%|██▎       | 226/1000 [6:22:19 > 1:55:25]
L-BFGS:  23%|██▎       | 227/1000 [6:46:35 > 1:56:01]
L-BFGS:  23%|██▎       | 228/1000 [6:27:30 > 1:56:28]
L-BFGS:  23%|██▎       | 229/1000 [6:45:55 > 1:57:03]
L-BFGS:  23%|██▎       | 230/1000 [6:27:33 > 1:57:30]
L-BFGS:  23%|██▎       | 231/1000 [6:31:51 > 1:58:02]
L-BFGS:  23%|██▎       | 232/1000 [6:13:22 > 1:58:27]
L-BFGS:  23%|██▎       | 233/1000 [6:19:04 > 1:58:58]
L-BFGS:  23%|██▎       | 234/1000 [6:24:39 > 1:59:29]
L-BFGS:  24%|██▎       | 235/1000 [6:27:39 > 2:00:00]
L-BFGS:  24%|██▎       | 236/1000 [6:31:22 > 2:00:32]
L-BFGS:  24%|██▎       | 237/1000 [6:28:54 > 2:01:02]
L-BFGS:  24%|██▍       | 238/1000 [6:36:03 > 2:01:35]
L-BFGS:  24%|██▍       | 239/1000 [6:30:35 > 2:02:05]
L-BFGS:  24%|██▍       | 240/1000 [6:13:32 > 2:02:31]
L-BFGS:  24%|██▍       | 241/1000 [6:35:17 > 2:03:06]
L-BFGS:  24%|██▍       | 242/1000 [6:41:44 > 2:03:40]
L-BFGS:  24%|██▍       | 243/1000 [6:28:20 > 2:04:08]
L-BFGS:  24%|██▍       | 244/1000 [6:18:09 > 2:04:36]
L-BFGS:  24%|██▍       | 245/1000 [6:32:05 > 2:05:10]
L-BFGS:  25%|██▍       | 246/1000 [6:22:26 > 2:05:39]
L-BFGS:  25%|██▍       | 247/1000 [6:32:19 > 2:06:12]
L-BFGS:  25%|██▍       | 248/1000 [6:23:13 > 2:06:41]
L-BFGS:  25%|██▍       | 249/1000 [6:12:55 > 2:07:09]
L-BFGS:  25%|██▌       | 250/1000 [6:10:50 > 2:07:38]
L-BFGS:  25%|██▌       | 251/1000 [6:06:07 > 2:08:07]
L-BFGS:  25%|██▌       | 252/1000 [6:23:29 > 2:08:41]
L-BFGS:  25%|██▌       | 253/1000 [6:12:44 > 2:09:09]
L-BFGS:  25%|██▌       | 254/1000 [6:08:01 > 2:09:38]
L-BFGS:  26%|██▌       | 255/1000 [6:20:59 > 2:10:11]
L-BFGS:  26%|██▌       | 256/1000 [6:14:20 > 2:10:40]
L-BFGS:  26%|██▌       | 257/1000 [6:05:51 > 2:11:08]
L-BFGS:  26%|██▌       | 258/1000 [6:24:41 > 2:11:43]
L-BFGS:  26%|██▌       | 259/1000 [6:10:39 > 2:12:10]
L-BFGS:  26%|██▌       | 260/1000 [6:09:29 > 2:12:40]
L-BFGS:  26%|██▌       | 261/1000 [6:01:23 > 2:13:08]
L-BFGS:  26%|██▌       | 262/1000 [5:58:53 > 2:13:37]
L-BFGS:  26%|██▋       | 263/1000 [6:13:29 > 2:14:10]
L-BFGS:  26%|██▋       | 264/1000 [6:07:54 > 2:14:39]
L-BFGS:  26%|██▋       | 265/1000 [5:59:52 > 2:15:07]
L-BFGS:  27%|██▋       | 266/1000 [6:19:32 > 2:15:42]
L-BFGS:  27%|██▋       | 267/1000 [6:05:54 > 2:16:09]
L-BFGS:  27%|██▋       | 268/1000 [6:20:55 > 2:16:44]
L-BFGS:  27%|██▋       | 269/1000 [6:05:40 > 2:17:11]
L-BFGS:  27%|██▋       | 270/1000 [6:26:40 > 2:17:47]
L-BFGS:  27%|██▋       | 271/1000 [6:10:07 > 2:18:14]
L-BFGS:  27%|██▋       | 272/1000 [6:24:39 > 2:18:49]
L-BFGS:  27%|██▋       | 273/1000 [6:20:36 > 2:19:19]
L-BFGS:  27%|██▋       | 274/1000 [6:36:47 > 2:19:55]
L-BFGS:  28%|██▊       | 275/1000 [6:14:28 > 2:20:22]
L-BFGS:  28%|██▊       | 276/1000 [6:28:04 > 2:20:57]
L-BFGS:  28%|██▊       | 277/1000 [6:08:47 > 2:21:24]
L-BFGS:  28%|██▊       | 278/1000 [6:25:56 > 2:22:00]
L-BFGS:  28%|██▊       | 279/1000 [6:24:50 > 2:22:31]
L-BFGS:  28%|██▊       | 280/1000 [6:16:26 > 2:23:01]
L-BFGS:  28%|██▊       | 281/1000 [6:04:31 > 2:23:29]
L-BFGS:  28%|██▊       | 282/1000 [6:14:38 > 2:24:03]
L-BFGS:  28%|██▊       | 283/1000 [6:23:40 > 2:24:37]
L-BFGS:  28%|██▊       | 284/1000 [6:08:39 > 2:25:05]
L-BFGS:  28%|██▊       | 285/1000 [6:19:49 > 2:25:39]
L-BFGS:  29%|██▊       | 286/1000 [6:05:01 > 2:26:07]
L-BFGS:  29%|██▊       | 287/1000 [6:18:17 > 2:26:41]
L-BFGS:  29%|██▉       | 288/1000 [6:13:59 > 2:27:12]
L-BFGS:  29%|██▉       | 289/1000 [6:30:51 > 2:27:49]
L-BFGS:  29%|██▉       | 290/1000 [6:07:47 > 2:28:15]
L-BFGS:  29%|██▉       | 291/1000 [6:04:46 > 2:28:46]
L-BFGS:  29%|██▉       | 292/1000 [6:05:36 > 2:29:17]
L-BFGS:  29%|██▉       | 293/1000 [6:04:54 > 2:29:48]
L-BFGS:  29%|██▉       | 294/1000 [6:06:02 > 2:30:19]
L-BFGS:  30%|██▉       | 295/1000 [6:04:12 > 2:30:50]
L-BFGS:  30%|██▉       | 296/1000 [6:04:17 > 2:31:21]
L-BFGS:  30%|██▉       | 297/1000 [6:19:07 > 2:31:57]
L-BFGS:  30%|██▉       | 298/1000 [6:00:12 > 2:32:24]
L-BFGS:  30%|██▉       | 299/1000 [6:12:14 > 2:32:58]
L-BFGS:  30%|███       | 300/1000 [6:17:57 > 2:33:32]
L-BFGS:  30%|███       | 301/1000 [6:19:55 > 2:34:05]
L-BFGS:  30%|███       | 302/1000 [6:06:39 > 2:34:34]
L-BFGS:  30%|███       | 303/1000 [5:53:49 > 2:35:02]
L-BFGS:  30%|███       | 304/1000 [5:49:56 > 2:35:31]
L-BFGS:  30%|███       | 305/1000 [5:58:32 > 2:36:04]
L-BFGS:  31%|███       | 306/1000 [5:54:05 > 2:36:34]
L-BFGS:  31%|███       | 307/1000 [5:57:04 > 2:37:06]
L-BFGS:  31%|███       | 308/1000 [5:55:04 > 2:37:36]
L-BFGS:  31%|███       | 309/1000 [5:44:26 > 2:38:04]
L-BFGS:  31%|███       | 310/1000 [5:40:57 > 2:38:33]
L-BFGS:  31%|███       | 311/1000 [5:48:01 > 2:39:05]
L-BFGS:  31%|███       | 312/1000 [5:49:30 > 2:39:36]
L-BFGS:  31%|███▏      | 313/1000 [5:38:26 > 2:40:03]
L-BFGS:  31%|███▏      | 314/1000 [5:53:50 > 2:40:37]
L-BFGS:  32%|███▏      | 315/1000 [5:40:25 > 2:41:04]
L-BFGS:  32%|███▏      | 316/1000 [6:00:36 > 2:41:40]
L-BFGS:  32%|███▏      | 317/1000 [5:45:20 > 2:42:08]
L-BFGS:  32%|███▏      | 318/1000 [5:59:32 > 2:42:42]
L-BFGS:  32%|███▏      | 319/1000 [5:39:03 > 2:43:08]
L-BFGS:  32%|███▏      | 320/1000 [5:45:17 > 2:43:40]
L-BFGS:  32%|███▏      | 321/1000 [5:47:31 > 2:44:11]
L-BFGS:  32%|███▏      | 322/1000 [6:01:15 > 2:44:46]
L-BFGS:  32%|███▏      | 323/1000 [5:42:18 > 2:45:13]
L-BFGS:  32%|███▏      | 324/1000 [6:03:04 > 2:45:49]
L-BFGS:  32%|███▎      | 325/1000 [5:57:01 > 2:46:20]
L-BFGS:  33%|███▎      | 326/1000 [6:08:23 > 2:46:55]
L-BFGS:  33%|███▎      | 327/1000 [6:09:02 > 2:47:28]
L-BFGS:  33%|███▎      | 328/1000 [6:08:25 > 2:48:01]
L-BFGS:  33%|███▎      | 329/1000 [6:12:24 > 2:48:35]
L-BFGS:  33%|███▎      | 330/1000 [6:06:21 > 2:49:07]
L-BFGS:  33%|███▎      | 331/1000 [6:01:30 > 2:49:39]
L-BFGS:  33%|███▎      | 332/1000 [5:55:47 > 2:50:09]
L-BFGS:  33%|███▎      | 333/1000 [6:07:34 > 2:50:45]
L-BFGS:  33%|███▎      | 334/1000 [5:44:06 > 2:51:11]
L-BFGS:  34%|███▎      | 335/1000 [5:45:22 > 2:51:43]
L-BFGS:  34%|███▎      | 336/1000 [5:29:43 > 2:52:09]
L-BFGS:  34%|███▎      | 337/1000 [5:31:02 > 2:52:40]
L-BFGS:  34%|███▍      | 338/1000 [5:34:15 > 2:53:11]
L-BFGS:  34%|███▍      | 339/1000 [5:35:37 > 2:53:42]
L-BFGS:  34%|███▍      | 340/1000 [5:22:29 > 2:54:08]
L-BFGS:  34%|███▍      | 341/1000 [5:27:40 > 2:54:39]
L-BFGS:  34%|███▍      | 342/1000 [5:30:14 > 2:55:10]
L-BFGS:  34%|███▍      | 343/1000 [5:48:58 > 2:55:46]
L-BFGS:  34%|███▍      | 344/1000 [5:47:09 > 2:56:18]
L-BFGS:  34%|███▍      | 345/1000 [5:55:03 > 2:56:52]
L-BFGS:  35%|███▍      | 346/1000 [5:58:17 > 2:57:26]
L-BFGS:  35%|███▍      | 347/1000 [5:45:16 > 2:57:55]
L-BFGS:  35%|███▍      | 348/1000 [5:31:18 > 2:58:22]
L-BFGS:  35%|███▍      | 349/1000 [5:40:54 > 2:58:56]
L-BFGS:  35%|███▌      | 350/1000 [5:34:08 > 2:59:25]
L-BFGS:  35%|███▌      | 351/1000 [5:39:48 > 2:59:58]
L-BFGS:  35%|███▌      | 352/1000 [5:48:25 > 3:00:32]
L-BFGS:  35%|███▌      | 353/1000 [5:45:50 > 3:01:04]
L-BFGS:  35%|███▌      | 354/1000 [5:43:39 > 3:01:35]
L-BFGS:  36%|███▌      | 355/1000 [5:40:02 > 3:02:06]
L-BFGS:  36%|███▌      | 356/1000 [5:52:07 > 3:02:42]
L-BFGS:  36%|███▌      | 357/1000 [5:46:25 > 3:03:13]
L-BFGS:  36%|███▌      | 358/1000 [5:41:49 > 3:03:44]
L-BFGS:  36%|███▌      | 359/1000 [5:24:34 > 3:04:11]
L-BFGS:  36%|███▌      | 360/1000 [5:38:35 > 3:04:46]
L-BFGS:  36%|███▌      | 361/1000 [5:23:03 > 3:05:13]
L-BFGS:  36%|███▌      | 362/1000 [5:39:19 > 3:05:49]
L-BFGS:  36%|███▋      | 363/1000 [5:39:05 > 3:06:21]
L-BFGS:  36%|███▋      | 364/1000 [5:43:40 > 3:06:54]
L-BFGS:  36%|███▋      | 365/1000 [5:50:59 > 3:07:29]
L-BFGS:  37%|███▋      | 366/1000 [5:32:06 > 3:07:56]
L-BFGS:  37%|███▋      | 367/1000 [5:26:15 > 3:08:26]
L-BFGS:  37%|███▋      | 368/1000 [5:28:19 > 3:08:58]
L-BFGS:  37%|███▋      | 369/1000 [5:25:45 > 3:09:28]
L-BFGS:  37%|███▋      | 370/1000 [5:15:34 > 3:09:56]
L-BFGS:  37%|███▋      | 371/1000 [5:29:02 > 3:10:31]
L-BFGS:  37%|███▋      | 372/1000 [5:12:49 > 3:10:57]
L-BFGS:  37%|███▋      | 373/1000 [5:31:57 > 3:11:33]
L-BFGS:  37%|███▋      | 374/1000 [5:15:14 > 3:12:00]
L-BFGS:  38%|███▊      | 375/1000 [5:13:34 > 3:12:30]
L-BFGS:  38%|███▊      | 376/1000 [5:03:55 > 3:12:57]
L-BFGS:  38%|███▊      | 377/1000 [5:24:13 > 3:13:33]
L-BFGS:  38%|███▊      | 378/1000 [5:22:23 > 3:14:04]
L-BFGS:  38%|███▊      | 379/1000 [5:22:06 > 3:14:35]
L-BFGS:  38%|███▊      | 380/1000 [5:04:57 > 3:15:01]
L-BFGS:  38%|███▊      | 381/1000 [5:11:49 > 3:15:32]
L-BFGS:  38%|███▊      | 382/1000 [5:00:04 > 3:15:59]
L-BFGS:  38%|███▊      | 383/1000 [5:17:45 > 3:16:34]
L-BFGS:  38%|███▊      | 384/1000 [5:03:19 > 3:17:00]
L-BFGS:  38%|███▊      | 385/1000 [5:09:11 > 3:17:32]
L-BFGS:  39%|███▊      | 386/1000 [5:10:59 > 3:18:03]
L-BFGS:  39%|███▊      | 387/1000 [5:12:45 > 3:18:34]
L-BFGS:  39%|███▉      | 388/1000 [4:57:33 > 3:19:00]
L-BFGS:  39%|███▉      | 389/1000 [5:05:17 > 3:19:32]
L-BFGS:  39%|███▉      | 390/1000 [4:54:41 > 3:19:58]
L-BFGS:  39%|███▉      | 391/1000 [5:12:22 > 3:20:33]
L-BFGS:  39%|███▉      | 392/1000 [4:58:27 > 3:21:00]
L-BFGS:  39%|███▉      | 393/1000 [5:04:17 > 3:21:31]
L-BFGS:  39%|███▉      | 394/1000 [4:55:29 > 3:21:59]
L-BFGS:  40%|███▉      | 395/1000 [5:11:11 > 3:22:33]
L-BFGS:  40%|███▉      | 396/1000 [5:10:07 > 3:23:04]
L-BFGS:  40%|███▉      | 397/1000 [5:24:55 > 3:23:40]
L-BFGS:  40%|███▉      | 398/1000 [5:07:24 > 3:24:07]
L-BFGS:  40%|███▉      | 399/1000 [5:19:48 > 3:24:41]
L-BFGS:  40%|████      | 400/1000 [5:21:38 > 3:25:14]
L-BFGS:  40%|████      | 401/1000 [5:27:02 > 3:25:48]
L-BFGS:  40%|████      | 402/1000 [5:27:34 > 3:26:21]
L-BFGS:  40%|████      | 403/1000 [5:12:38 > 3:26:49]
L-BFGS:  40%|████      | 404/1000 [5:06:06 > 3:27:19]
L-BFGS:  40%|████      | 405/1000 [4:58:54 > 3:27:47]
L-BFGS:  41%|████      | 406/1000 [4:52:37 > 3:28:16]
L-BFGS:  41%|████      | 407/1000 [4:50:23 > 3:28:45]
L-BFGS:  41%|████      | 408/1000 [5:02:31 > 3:29:18]
L-BFGS:  41%|████      | 409/1000 [4:57:04 > 3:29:47]
L-BFGS:  41%|████      | 410/1000 [5:05:17 > 3:30:20]
L-BFGS:  41%|████      | 411/1000 [4:55:31 > 3:30:48]
L-BFGS:  41%|████      | 412/1000 [4:53:06 > 3:31:18]
L-BFGS:  41%|████▏     | 413/1000 [4:48:30 > 3:31:46]
L-BFGS:  41%|████▏     | 414/1000 [4:43:59 > 3:32:14]
L-BFGS:  42%|████▏     | 415/1000 [4:43:25 > 3:32:43]
L-BFGS:  42%|████▏     | 416/1000 [4:41:10 > 3:33:12]
L-BFGS:  42%|████▏     | 417/1000 [4:43:38 > 3:33:42]
L-BFGS:  42%|████▏     | 418/1000 [4:51:07 > 3:34:14]
L-BFGS:  42%|████▏     | 419/1000 [5:00:58 > 3:34:47]
L-BFGS:  42%|████▏     | 420/1000 [5:11:25 > 3:35:22]
L-BFGS:  42%|████▏     | 421/1000 [4:57:05 > 3:35:50]
L-BFGS:  42%|████▏     | 422/1000 [4:53:39 > 3:36:19]
L-BFGS:  42%|████▏     | 423/1000 [4:46:03 > 3:36:47]
L-BFGS:  42%|████▏     | 424/1000 [4:43:10 > 3:37:16]
L-BFGS:  42%|████▎     | 425/1000 [4:41:21 > 3:37:45]
L-BFGS:  43%|████▎     | 426/1000 [4:51:41 > 3:38:18]
L-BFGS:  43%|████▎     | 427/1000 [4:55:03 > 3:38:50]
L-BFGS:  43%|████▎     | 428/1000 [4:54:35 > 3:39:21]
L-BFGS:  43%|████▎     | 429/1000 [4:44:17 > 3:39:49]
L-BFGS:  43%|████▎     | 430/1000 [4:43:30 > 3:40:18]
L-BFGS:  43%|████▎     | 431/1000 [4:37:47 > 3:40:46]
L-BFGS:  43%|████▎     | 432/1000 [4:51:02 > 3:41:21]
L-BFGS:  43%|████▎     | 433/1000 [4:42:21 > 3:41:48]
L-BFGS:  43%|████▎     | 434/1000 [4:55:02 > 3:42:23]
L-BFGS:  44%|████▎     | 435/1000 [4:52:47 > 3:42:54]
L-BFGS:  44%|████▎     | 436/1000 [4:54:33 > 3:43:26]
L-BFGS:  44%|████▎     | 437/1000 [4:40:49 > 3:43:52]
L-BFGS:  44%|████▍     | 438/1000 [4:39:53 > 3:44:22]
L-BFGS:  44%|████▍     | 439/1000 [4:43:51 > 3:44:53]
L-BFGS:  44%|████▍     | 440/1000 [4:46:23 > 3:45:25]
L-BFGS:  44%|████▍     | 441/1000 [4:36:31 > 3:45:52]
L-BFGS:  44%|████▍     | 442/1000 [4:49:35 > 3:46:27]
L-BFGS:  44%|████▍     | 443/1000 [4:47:47 > 3:46:57]
L-BFGS:  44%|████▍     | 444/1000 [4:48:34 > 3:47:29]
L-BFGS:  44%|████▍     | 445/1000 [4:48:32 > 3:48:00]
L-BFGS:  45%|████▍     | 446/1000 [4:45:29 > 3:48:31]
L-BFGS:  45%|████▍     | 447/1000 [4:47:01 > 3:49:02]
L-BFGS:  45%|████▍     | 448/1000 [4:59:07 > 3:49:38]
L-BFGS:  45%|████▍     | 449/1000 [4:42:08 > 3:50:04]
L-BFGS:  45%|████▌     | 450/1000 [4:54:12 > 3:50:40]
L-BFGS:  45%|████▌     | 451/1000 [4:56:38 > 3:51:13]
L-BFGS:  45%|████▌     | 452/1000 [4:56:59 > 3:51:46]
L-BFGS:  45%|████▌     | 453/1000 [5:01:02 > 3:52:20]
L-BFGS:  45%|████▌     | 454/1000 [4:56:35 > 3:52:51]
L-BFGS:  46%|████▌     | 455/1000 [4:53:10 > 3:53:23]
L-BFGS:  46%|████▌     | 456/1000 [4:48:43 > 3:53:54]
L-BFGS:  46%|████▌     | 457/1000 [4:58:13 > 3:54:29]
L-BFGS:  46%|████▌     | 458/1000 [4:52:37 > 3:55:00]
L-BFGS:  46%|████▌     | 459/1000 [5:00:39 > 3:55:36]
L-BFGS:  46%|████▌     | 460/1000 [4:57:54 > 3:56:09]
L-BFGS:  46%|████▌     | 461/1000 [4:46:34 > 3:56:38]
L-BFGS:  46%|████▌     | 462/1000 [4:36:42 > 3:57:06]
L-BFGS:  46%|████▋     | 463/1000 [4:33:52 > 3:57:36]
L-BFGS:  46%|████▋     | 464/1000 [4:36:41 > 3:58:08]
L-BFGS:  46%|████▋     | 465/1000 [4:33:17 > 3:58:38]
L-BFGS:  47%|████▋     | 466/1000 [4:26:29 > 3:59:06]
L-BFGS:  47%|████▋     | 467/1000 [4:23:53 > 3:59:35]
L-BFGS:  47%|████▋     | 468/1000 [4:16:27 > 4:00:02]
L-BFGS:  47%|████▋     | 469/1000 [4:19:11 > 4:00:33]
L-BFGS:  47%|████▋     | 470/1000 [4:27:29 > 4:01:05]
L-BFGS:  47%|████▋     | 471/1000 [4:37:22 > 4:01:39]
L-BFGS:  47%|████▋     | 472/1000 [4:41:29 > 4:02:13]
L-BFGS:  47%|████▋     | 473/1000 [4:30:14 > 4:02:40]
L-BFGS:  47%|████▋     | 474/1000 [4:26:22 > 4:03:10]
L-BFGS:  48%|████▊     | 475/1000 [4:32:17 > 4:03:43]
L-BFGS:  48%|████▊     | 476/1000 [4:40:00 > 4:04:17]
L-BFGS:  48%|████▊     | 477/1000 [4:26:47 > 4:04:44]
L-BFGS:  48%|████▊     | 478/1000 [4:39:58 > 4:05:20]
L-BFGS:  48%|████▊     | 479/1000 [4:35:51 > 4:05:51]
L-BFGS:  48%|████▊     | 480/1000 [4:45:26 > 4:06:27]
L-BFGS:  48%|████▊     | 481/1000 [4:27:34 > 4:06:53]
L-BFGS:  48%|████▊     | 482/1000 [4:28:31 > 4:07:24]
L-BFGS:  48%|████▊     | 483/1000 [4:16:24 > 4:07:51]
L-BFGS:  48%|████▊     | 484/1000 [4:17:20 > 4:08:21]
L-BFGS:  48%|████▊     | 485/1000 [4:20:07 > 4:08:52]
L-BFGS:  49%|████▊     | 486/1000 [4:21:25 > 4:09:23]
L-BFGS:  49%|████▊     | 487/1000 [4:11:04 > 4:09:50]
L-BFGS:  49%|████▉     | 488/1000 [4:14:49 > 4:10:21]
L-BFGS:  49%|████▉     | 489/1000 [4:03:53 > 4:10:47]
L-BFGS:  49%|████▉     | 490/1000 [4:23:27 > 4:11:23]
L-BFGS:  49%|████▉     | 491/1000 [4:23:29 > 4:11:55]
L-BFGS:  49%|████▉     | 492/1000 [4:33:01 > 4:12:30]
L-BFGS:  49%|████▉     | 493/1000 [4:19:01 > 4:12:57]
L-BFGS:  49%|████▉     | 494/1000 [4:20:37 > 4:13:28]
L-BFGS:  50%|████▉     | 495/1000 [4:19:05 > 4:13:59]
L-BFGS:  50%|████▉     | 496/1000 [4:18:26 > 4:14:29]
L-BFGS:  50%|████▉     | 497/1000 [4:23:13 > 4:15:02]
L-BFGS:  50%|████▉     | 498/1000 [4:16:53 > 4:15:31]
L-BFGS:  50%|████▉     | 499/1000 [4:20:56 > 4:16:04]
L-BFGS:  50%|█████     | 500/1000 [4:14:47 > 4:16:33]
L-BFGS:  50%|█████     | 501/1000 [4:08:57 > 4:17:01]
L-BFGS:  50%|█████     | 502/1000 [4:08:26 > 4:17:31]
L-BFGS:  50%|█████     | 503/1000 [3:59:09 > 4:17:58]
L-BFGS:  50%|█████     | 504/1000 [4:03:03 > 4:18:28]
L-BFGS:  50%|█████     | 505/1000 [3:55:26 > 4:18:55]
L-BFGS:  51%|█████     | 506/1000 [4:11:59 > 4:19:30]
L-BFGS:  51%|█████     | 507/1000 [4:02:44 > 4:19:57]
L-BFGS:  51%|█████     | 508/1000 [4:14:05 > 4:20:32]
L-BFGS:  51%|█████     | 509/1000 [4:19:55 > 4:21:05]
L-BFGS:  51%|█████     | 510/1000 [4:12:21 > 4:21:34]
L-BFGS:  51%|█████     | 511/1000 [4:03:46 > 4:22:02]
L-BFGS:  51%|█████     | 512/1000 [4:03:12 > 4:22:32]
L-BFGS:  51%|█████▏    | 513/1000 [3:58:36 > 4:23:00]
L-BFGS:  51%|█████▏    | 514/1000 [3:57:26 > 4:23:29]
L-BFGS:  52%|█████▏    | 515/1000 [3:51:39 > 4:23:56]
L-BFGS:  52%|█████▏    | 516/1000 [3:54:43 > 4:24:26]
L-BFGS:  52%|█████▏    | 517/1000 [3:49:08 > 4:24:53]
L-BFGS:  52%|█████▏    | 518/1000 [3:55:55 > 4:25:25]
L-BFGS:  52%|█████▏    | 519/1000 [3:58:15 > 4:25:55]
L-BFGS:  52%|█████▏    | 520/1000 [4:11:09 > 4:26:30]
L-BFGS:  52%|█████▏    | 521/1000 [4:14:57 > 4:27:04]
L-BFGS:  52%|█████▏    | 522/1000 [4:06:11 > 4:27:32]
L-BFGS:  52%|█████▏    | 523/1000 [3:59:13 > 4:28:00]
L-BFGS:  52%|█████▏    | 524/1000 [3:56:13 > 4:28:29]
L-BFGS:  52%|█████▎    | 525/1000 [4:04:51 > 4:29:03]
L-BFGS:  53%|█████▎    | 526/1000 [3:59:42 > 4:29:32]
L-BFGS:  53%|█████▎    | 527/1000 [4:06:01 > 4:30:05]
L-BFGS:  53%|█████▎    | 528/1000 [4:07:08 > 4:30:37]
L-BFGS:  53%|█████▎    | 529/1000 [4:17:53 > 4:31:13]
L-BFGS:  53%|█████▎    | 530/1000 [4:02:30 > 4:31:40]
L-BFGS:  53%|█████▎    | 531/1000 [4:11:11 > 4:32:15]
L-BFGS:  53%|█████▎    | 532/1000 [4:08:21 > 4:32:46]
L-BFGS:  53%|█████▎    | 533/1000 [4:05:29 > 4:33:17]
L-BFGS:  53%|█████▎    | 534/1000 [3:53:32 > 4:33:43]
L-BFGS:  54%|█████▎    | 535/1000 [4:05:38 > 4:34:19]
L-BFGS:  54%|█████▎    | 536/1000 [3:52:10 > 4:34:45]
L-BFGS:  54%|█████▎    | 537/1000 [3:55:07 > 4:35:16]
L-BFGS:  54%|█████▍    | 538/1000 [3:56:28 > 4:35:48]
L-BFGS:  54%|█████▍    | 539/1000 [4:05:35 > 4:36:23]
L-BFGS:  54%|█████▍    | 540/1000 [3:53:33 > 4:36:50]
L-BFGS:  54%|█████▍    | 541/1000 [4:05:04 > 4:37:25]
L-BFGS:  54%|█████▍    | 542/1000 [3:51:44 > 4:37:52]
L-BFGS:  54%|█████▍    | 543/1000 [4:02:23 > 4:38:27]
L-BFGS:  54%|█████▍    | 544/1000 [4:04:49 > 4:39:00]
L-BFGS:  55%|█████▍    | 545/1000 [4:05:27 > 4:39:33]
L-BFGS:  55%|█████▍    | 546/1000 [4:09:01 > 4:40:07]
L-BFGS:  55%|█████▍    | 547/1000 [3:55:29 > 4:40:34]
L-BFGS:  55%|█████▍    | 548/1000 [3:53:20 > 4:41:05]
L-BFGS:  55%|█████▍    | 549/1000 [3:56:49 > 4:41:37]
L-BFGS:  55%|█████▌    | 550/1000 [4:03:19 > 4:42:12]
L-BFGS:  55%|█████▌    | 551/1000 [3:58:58 > 4:42:43]
L-BFGS:  55%|█████▌    | 552/1000 [3:57:38 > 4:43:14]
L-BFGS:  55%|█████▌    | 553/1000 [3:55:50 > 4:43:46]
L-BFGS:  55%|█████▌    | 554/1000 [4:02:37 > 4:44:21]
L-BFGS:  56%|█████▌    | 555/1000 [4:02:06 > 4:44:53]
L-BFGS:  56%|█████▌    | 556/1000 [3:55:27 > 4:45:23]
L-BFGS:  56%|█████▌    | 557/1000 [3:54:59 > 4:45:55]
L-BFGS:  56%|█████▌    | 558/1000 [3:58:14 > 4:46:28]
L-BFGS:  56%|█████▌    | 559/1000 [4:03:12 > 4:47:03]
L-BFGS:  56%|█████▌    | 560/1000 [3:50:12 > 4:47:31]
L-BFGS:  56%|█████▌    | 561/1000 [3:56:04 > 4:48:05]
L-BFGS:  56%|█████▌    | 562/1000 [3:54:01 > 4:48:37]
L-BFGS:  56%|█████▋    | 563/1000 [3:52:20 > 4:49:08]
L-BFGS:  56%|█████▋    | 564/1000 [3:41:51 > 4:49:35]
L-BFGS:  56%|█████▋    | 565/1000 [3:50:06 > 4:50:10]
L-BFGS:  57%|█████▋    | 566/1000 [3:36:37 > 4:50:36]
L-BFGS:  57%|█████▋    | 567/1000 [3:40:12 > 4:51:08]
L-BFGS:  57%|█████▋    | 568/1000 [3:31:01 > 4:51:34]
L-BFGS:  57%|█████▋    | 569/1000 [3:31:24 > 4:52:04]
L-BFGS:  57%|█████▋    | 570/1000 [3:35:37 > 4:52:35]
L-BFGS:  57%|█████▋    | 571/1000 [3:38:05 > 4:53:07]
L-BFGS:  57%|█████▋    | 572/1000 [3:30:44 > 4:53:34]
L-BFGS:  57%|█████▋    | 573/1000 [3:41:08 > 4:54:09]
L-BFGS:  57%|█████▋    | 574/1000 [3:39:49 > 4:54:40]
L-BFGS:  57%|█████▊    | 575/1000 [3:40:16 > 4:55:11]
L-BFGS:  58%|█████▊    | 576/1000 [3:30:04 > 4:55:38]
L-BFGS:  58%|█████▊    | 577/1000 [3:40:26 > 4:56:12]
L-BFGS:  58%|█████▊    | 578/1000 [3:40:41 > 4:56:44]
L-BFGS:  58%|█████▊    | 579/1000 [3:40:28 > 4:57:16]
L-BFGS:  58%|█████▊    | 580/1000 [3:28:25 > 4:57:42]
L-BFGS:  58%|█████▊    | 581/1000 [3:29:53 > 4:58:12]
L-BFGS:  58%|█████▊    | 582/1000 [3:31:41 > 4:58:43]
L-BFGS:  58%|█████▊    | 583/1000 [3:41:53 > 4:59:19]
L-BFGS:  58%|█████▊    | 584/1000 [3:31:13 > 4:59:46]
L-BFGS:  58%|█████▊    | 585/1000 [3:30:15 > 5:00:16]
L-BFGS:  59%|█████▊    | 586/1000 [3:22:43 > 5:00:43]
L-BFGS:  59%|█████▊    | 587/1000 [3:35:02 > 5:01:19]
L-BFGS:  59%|█████▉    | 588/1000 [3:24:38 > 5:01:45]
L-BFGS:  59%|█████▉    | 589/1000 [3:35:19 > 5:02:20]
L-BFGS:  59%|█████▉    | 590/1000 [3:28:16 > 5:02:49]
L-BFGS:  59%|█████▉    | 591/1000 [3:33:44 > 5:03:22]
L-BFGS:  59%|█████▉    | 592/1000 [3:38:31 > 5:03:56]
L-BFGS:  59%|█████▉    | 593/1000 [3:29:19 > 5:04:24]
L-BFGS:  59%|█████▉    | 594/1000 [3:24:43 > 5:04:53]
L-BFGS:  60%|█████▉    | 595/1000 [3:30:10 > 5:05:26]
L-BFGS:  60%|█████▉    | 596/1000 [3:36:25 > 5:06:00]
L-BFGS:  60%|█████▉    | 597/1000 [3:24:15 > 5:06:27]
L-BFGS:  60%|█████▉    | 598/1000 [3:24:43 > 5:06:58]
L-BFGS:  60%|█████▉    | 599/1000 [3:26:50 > 5:07:30]
L-BFGS:  60%|██████    | 600/1000 [3:24:02 > 5:07:59]
L-BFGS:  60%|██████    | 601/1000 [3:25:29 > 5:08:31]
L-BFGS:  60%|██████    | 602/1000 [3:26:18 > 5:09:03]
L-BFGS:  60%|██████    | 603/1000 [3:25:28 > 5:09:34]
L-BFGS:  60%|██████    | 604/1000 [3:33:56 > 5:10:09]
L-BFGS:  60%|██████    | 605/1000 [3:21:10 > 5:10:35]
L-BFGS:  61%|██████    | 606/1000 [3:22:36 > 5:11:07]
L-BFGS:  61%|██████    | 607/1000 [3:13:37 > 5:11:33]
L-BFGS:  61%|██████    | 608/1000 [3:14:42 > 5:12:04]
L-BFGS:  61%|██████    | 609/1000 [3:07:18 > 5:12:30]
L-BFGS:  61%|██████    | 610/1000 [3:12:12 > 5:13:02]
L-BFGS:  61%|██████    | 611/1000 [3:07:32 > 5:13:29]
L-BFGS:  61%|██████    | 612/1000 [3:08:21 > 5:13:59]
L-BFGS:  61%|██████▏   | 613/1000 [3:02:25 > 5:14:25]
L-BFGS:  61%|██████▏   | 614/1000 [3:07:09 > 5:14:56]
L-BFGS:  62%|██████▏   | 615/1000 [3:03:31 > 5:15:23]
L-BFGS:  62%|██████▏   | 616/1000 [3:14:04 > 5:15:58]
L-BFGS:  62%|██████▏   | 617/1000 [3:07:38 > 5:16:25]
L-BFGS:  62%|██████▏   | 618/1000 [3:19:43 > 5:17:01]
L-BFGS:  62%|██████▏   | 619/1000 [3:11:34 > 5:17:28]
L-BFGS:  62%|██████▏   | 620/1000 [3:19:28 > 5:18:03]
L-BFGS:  62%|██████▏   | 621/1000 [3:17:33 > 5:18:34]
L-BFGS:  62%|██████▏   | 622/1000 [3:17:26 > 5:19:05]
L-BFGS:  62%|██████▏   | 623/1000 [3:16:37 > 5:19:36]
L-BFGS:  62%|██████▏   | 624/1000 [3:14:20 > 5:20:07]
L-BFGS:  62%|██████▎   | 625/1000 [3:14:54 > 5:20:38]
L-BFGS:  63%|██████▎   | 626/1000 [3:22:42 > 5:21:14]
L-BFGS:  63%|██████▎   | 627/1000 [3:10:55 > 5:21:40]
L-BFGS:  63%|██████▎   | 628/1000 [3:10:08 > 5:22:11]
L-BFGS:  63%|██████▎   | 629/1000 [3:13:39 > 5:22:44]
L-BFGS:  63%|██████▎   | 630/1000 [3:09:03 > 5:23:13]
L-BFGS:  63%|██████▎   | 631/1000 [3:02:00 > 5:23:40]
L-BFGS:  63%|██████▎   | 632/1000 [3:02:31 > 5:24:10]
L-BFGS:  63%|██████▎   | 633/1000 [3:07:20 > 5:24:43]
L-BFGS:  63%|██████▎   | 634/1000 [3:13:26 > 5:25:17]
L-BFGS:  64%|██████▎   | 635/1000 [3:15:39 > 5:25:50]
L-BFGS:  64%|██████▎   | 636/1000 [3:07:21 > 5:26:18]
L-BFGS:  64%|██████▎   | 637/1000 [3:04:18 > 5:26:48]
L-BFGS:  64%|██████▍   | 638/1000 [3:00:24 > 5:27:16]
L-BFGS:  64%|██████▍   | 639/1000 [3:07:18 > 5:27:50]
L-BFGS:  64%|██████▍   | 640/1000 [3:01:14 > 5:28:18]
L-BFGS:  64%|██████▍   | 641/1000 [2:58:09 > 5:28:47]
L-BFGS:  64%|██████▍   | 642/1000 [2:56:25 > 5:29:16]
L-BFGS:  64%|██████▍   | 643/1000 [3:02:12 > 5:29:49]
L-BFGS:  64%|██████▍   | 644/1000 [2:56:48 > 5:30:17]
L-BFGS:  64%|██████▍   | 645/1000 [2:55:45 > 5:30:47]
L-BFGS:  65%|██████▍   | 646/1000 [3:01:06 > 5:31:20]
L-BFGS:  65%|██████▍   | 647/1000 [2:58:57 > 5:31:49]
L-BFGS:  65%|██████▍   | 648/1000 [3:00:33 > 5:32:21]
L-BFGS:  65%|██████▍   | 649/1000 [3:09:01 > 5:32:57]
L-BFGS:  65%|██████▌   | 650/1000 [3:05:53 > 5:33:28]
L-BFGS:  65%|██████▌   | 651/1000 [3:03:59 > 5:33:59]
L-BFGS:  65%|██████▌   | 652/1000 [2:53:17 > 5:34:25]
L-BFGS:  65%|██████▌   | 653/1000 [3:04:10 > 5:35:01]
L-BFGS:  65%|██████▌   | 654/1000 [2:54:38 > 5:35:28]
L-BFGS:  66%|██████▌   | 655/1000 [2:54:09 > 5:35:58]
L-BFGS:  66%|██████▌   | 656/1000 [2:55:09 > 5:36:29]
L-BFGS:  66%|██████▌   | 657/1000 [3:05:02 > 5:37:06]
L-BFGS:  66%|██████▌   | 658/1000 [2:53:25 > 5:37:32]
L-BFGS:  66%|██████▌   | 659/1000 [2:53:43 > 5:38:02]
L-BFGS:  66%|██████▌   | 660/1000 [2:54:11 > 5:38:34]
L-BFGS:  66%|██████▌   | 661/1000 [2:54:05 > 5:39:05]
L-BFGS:  66%|██████▌   | 662/1000 [2:46:41 > 5:39:31]
L-BFGS:  66%|██████▋   | 663/1000 [2:47:16 > 5:40:02]
L-BFGS:  66%|██████▋   | 664/1000 [2:50:03 > 5:40:33]
L-BFGS:  66%|██████▋   | 665/1000 [2:51:31 > 5:41:05]
L-BFGS:  67%|██████▋   | 666/1000 [2:50:44 > 5:41:35]
L-BFGS:  67%|██████▋   | 667/1000 [2:57:57 > 5:42:11]
L-BFGS:  67%|██████▋   | 668/1000 [2:51:04 > 5:42:39]
L-BFGS:  67%|██████▋   | 669/1000 [2:54:40 > 5:43:12]
L-BFGS:  67%|██████▋   | 670/1000 [2:48:18 > 5:43:40]
L-BFGS:  67%|██████▋   | 671/1000 [2:53:04 > 5:44:14]
L-BFGS:  67%|██████▋   | 672/1000 [2:56:40 > 5:44:48]
L-BFGS:  67%|██████▋   | 673/1000 [2:56:40 > 5:45:21]
L-BFGS:  67%|██████▋   | 674/1000 [2:59:43 > 5:45:56]
L-BFGS:  68%|██████▊   | 675/1000 [2:47:22 > 5:46:21]
L-BFGS:  68%|██████▊   | 676/1000 [2:48:34 > 5:46:53]
L-BFGS:  68%|██████▊   | 677/1000 [2:47:56 > 5:47:25]
L-BFGS:  68%|██████▊   | 678/1000 [2:46:06 > 5:47:55]
L-BFGS:  68%|██████▊   | 679/1000 [2:46:02 > 5:48:26]
L-BFGS:  68%|██████▊   | 680/1000 [2:45:19 > 5:48:57]
L-BFGS:  68%|██████▊   | 681/1000 [2:45:42 > 5:49:29]
L-BFGS:  68%|██████▊   | 682/1000 [2:52:03 > 5:50:04]
L-BFGS:  68%|██████▊   | 683/1000 [2:52:07 > 5:50:37]
L-BFGS:  68%|██████▊   | 684/1000 [2:52:56 > 5:51:10]
L-BFGS:  68%|██████▊   | 685/1000 [2:54:20 > 5:51:44]
L-BFGS:  69%|██████▊   | 686/1000 [2:45:43 > 5:52:13]
L-BFGS:  69%|██████▊   | 687/1000 [2:49:06 > 5:52:47]
L-BFGS:  69%|██████▉   | 688/1000 [2:49:08 > 5:53:20]
L-BFGS:  69%|██████▉   | 689/1000 [2:44:10 > 5:53:49]
L-BFGS:  69%|██████▉   | 690/1000 [2:35:32 > 5:54:16]
L-BFGS:  69%|██████▉   | 691/1000 [2:36:16 > 5:54:47]
L-BFGS:  69%|██████▉   | 692/1000 [2:31:20 > 5:55:14]
L-BFGS:  69%|██████▉   | 693/1000 [2:31:28 > 5:55:44]
L-BFGS:  69%|██████▉   | 694/1000 [2:28:26 > 5:56:12]
L-BFGS:  70%|██████▉   | 695/1000 [2:27:30 > 5:56:41]
L-BFGS:  70%|██████▉   | 696/1000 [2:33:28 > 5:57:14]
L-BFGS:  70%|██████▉   | 697/1000 [2:30:57 > 5:57:43]
L-BFGS:  70%|██████▉   | 698/1000 [2:27:34 > 5:58:11]
L-BFGS:  70%|██████▉   | 699/1000 [2:35:18 > 5:58:46]
L-BFGS:  70%|███████   | 700/1000 [2:29:24 > 5:59:13]
L-BFGS:  70%|███████   | 701/1000 [2:35:28 > 5:59:47]
L-BFGS:  70%|███████   | 702/1000 [2:35:29 > 6:00:19]
L-BFGS:  70%|███████   | 703/1000 [2:41:32 > 6:00:55]
L-BFGS:  70%|███████   | 704/1000 [2:39:14 > 6:01:26]
L-BFGS:  70%|███████   | 705/1000 [2:36:25 > 6:01:57]
L-BFGS:  71%|███████   | 706/1000 [2:27:35 > 6:02:23]
L-BFGS:  71%|███████   | 707/1000 [2:35:41 > 6:02:59]
L-BFGS:  71%|███████   | 708/1000 [2:34:35 > 6:03:30]
L-BFGS:  71%|███████   | 709/1000 [2:37:54 > 6:04:05]
L-BFGS:  71%|███████   | 710/1000 [2:38:51 > 6:04:38]
L-BFGS:  71%|███████   | 711/1000 [2:38:43 > 6:05:12]
L-BFGS:  71%|███████   | 712/1000 [2:32:32 > 6:05:41]
L-BFGS:  71%|███████▏  | 713/1000 [2:26:39 > 6:06:09]
L-BFGS:  71%|███████▏  | 714/1000 [2:32:13 > 6:06:44]
L-BFGS:  72%|███████▏  | 715/1000 [2:25:13 > 6:07:11]
L-BFGS:  72%|███████▏  | 716/1000 [2:23:32 > 6:07:41]
L-BFGS:  72%|███████▏  | 717/1000 [2:19:40 > 6:08:09]
L-BFGS:  72%|███████▏  | 718/1000 [2:25:39 > 6:08:43]
L-BFGS:  72%|███████▏  | 719/1000 [2:20:45 > 6:09:11]
L-BFGS:  72%|███████▏  | 720/1000 [2:26:30 > 6:09:45]
L-BFGS:  72%|███████▏  | 721/1000 [2:19:02 > 6:10:12]
L-BFGS:  72%|███████▏  | 722/1000 [2:19:55 > 6:10:43]
L-BFGS:  72%|███████▏  | 723/1000 [2:15:37 > 6:11:10]
L-BFGS:  72%|███████▏  | 724/1000 [2:15:38 > 6:11:40]
L-BFGS:  72%|███████▎  | 725/1000 [2:18:11 > 6:12:11]
L-BFGS:  73%|███████▎  | 726/1000 [2:18:07 > 6:12:42]
L-BFGS:  73%|███████▎  | 727/1000 [2:14:25 > 6:13:10]
L-BFGS:  73%|███████▎  | 728/1000 [2:13:14 > 6:13:39]
L-BFGS:  73%|███████▎  | 729/1000 [2:10:58 > 6:14:07]
L-BFGS:  73%|███████▎  | 730/1000 [2:11:06 > 6:14:36]
L-BFGS:  73%|███████▎  | 731/1000 [2:15:22 > 6:15:09]
L-BFGS:  73%|███████▎  | 732/1000 [2:20:21 > 6:15:43]
L-BFGS:  73%|███████▎  | 733/1000 [2:14:06 > 6:16:11]
L-BFGS:  73%|███████▎  | 734/1000 [2:14:02 > 6:16:41]
L-BFGS:  74%|███████▎  | 735/1000 [2:16:53 > 6:17:14]
L-BFGS:  74%|███████▎  | 736/1000 [2:14:36 > 6:17:43]
L-BFGS:  74%|███████▎  | 737/1000 [2:08:34 > 6:18:10]
L-BFGS:  74%|███████▍  | 738/1000 [2:10:05 > 6:18:41]
L-BFGS:  74%|███████▍  | 739/1000 [2:06:33 > 6:19:08]
L-BFGS:  74%|███████▍  | 740/1000 [2:12:51 > 6:19:42]
L-BFGS:  74%|███████▍  | 741/1000 [2:13:22 > 6:20:14]
L-BFGS:  74%|███████▍  | 742/1000 [2:13:38 > 6:20:45]
L-BFGS:  74%|███████▍  | 743/1000 [2:08:24 > 6:21:13]
L-BFGS:  74%|███████▍  | 744/1000 [2:13:54 > 6:21:47]
L-BFGS:  74%|███████▍  | 745/1000 [2:06:14 > 6:22:13]
L-BFGS:  75%|███████▍  | 746/1000 [2:14:14 > 6:22:50]
L-BFGS:  75%|███████▍  | 747/1000 [2:07:14 > 6:23:16]
L-BFGS:  75%|███████▍  | 748/1000 [2:12:42 > 6:23:51]
L-BFGS:  75%|███████▍  | 749/1000 [2:05:51 > 6:24:18]
L-BFGS:  75%|███████▌  | 750/1000 [2:13:28 > 6:24:54]
L-BFGS:  75%|███████▌  | 751/1000 [2:10:57 > 6:25:25]
L-BFGS:  75%|███████▌  | 752/1000 [2:14:50 > 6:26:00]
L-BFGS:  75%|███████▌  | 753/1000 [2:08:54 > 6:26:28]
L-BFGS:  75%|███████▌  | 754/1000 [2:05:36 > 6:26:57]
L-BFGS:  76%|███████▌  | 755/1000 [2:00:46 > 6:27:24]
L-BFGS:  76%|███████▌  | 756/1000 [2:06:05 > 6:27:59]
L-BFGS:  76%|███████▌  | 757/1000 [2:08:49 > 6:28:32]
L-BFGS:  76%|███████▌  | 758/1000 [2:04:43 > 6:29:01]
L-BFGS:  76%|███████▌  | 759/1000 [2:06:47 > 6:29:34]
L-BFGS:  76%|███████▌  | 760/1000 [2:01:52 > 6:30:02]
L-BFGS:  76%|███████▌  | 761/1000 [2:06:21 > 6:30:37]
L-BFGS:  76%|███████▌  | 762/1000 [2:00:42 > 6:31:04]
L-BFGS:  76%|███████▋  | 763/1000 [1:59:15 > 6:31:34]
L-BFGS:  76%|███████▋  | 764/1000 [2:00:22 > 6:32:05]
L-BFGS:  76%|███████▋  | 765/1000 [1:59:34 > 6:32:36]
L-BFGS:  77%|███████▋  | 766/1000 [1:55:54 > 6:33:04]
L-BFGS:  77%|███████▋  | 767/1000 [1:54:23 > 6:33:32]
L-BFGS:  77%|███████▋  | 768/1000 [1:56:37 > 6:34:04]
L-BFGS:  77%|███████▋  | 769/1000 [2:03:07 > 6:34:40]
L-BFGS:  77%|███████▋  | 770/1000 [2:01:45 > 6:35:12]
L-BFGS:  77%|███████▋  | 771/1000 [1:59:32 > 6:35:42]
L-BFGS:  77%|███████▋  | 772/1000 [1:58:42 > 6:36:13]
L-BFGS:  77%|███████▋  | 773/1000 [1:57:48 > 6:36:44]
L-BFGS:  77%|███████▋  | 774/1000 [1:52:11 > 6:37:11]
L-BFGS:  78%|███████▊  | 775/1000 [1:58:11 > 6:37:46]
L-BFGS:  78%|███████▊  | 776/1000 [1:51:44 > 6:38:12]
L-BFGS:  78%|███████▊  | 777/1000 [1:52:55 > 6:38:44]
L-BFGS:  78%|███████▊  | 778/1000 [1:53:25 > 6:39:15]
L-BFGS:  78%|███████▊  | 779/1000 [1:57:39 > 6:39:50]
L-BFGS:  78%|███████▊  | 780/1000 [1:51:41 > 6:40:17]
L-BFGS:  78%|███████▊  | 781/1000 [1:52:15 > 6:40:48]
L-BFGS:  78%|███████▊  | 782/1000 [1:51:36 > 6:41:19]
L-BFGS:  78%|███████▊  | 783/1000 [1:56:07 > 6:41:54]
L-BFGS:  78%|███████▊  | 784/1000 [1:56:43 > 6:42:28]
L-BFGS:  78%|███████▊  | 785/1000 [1:56:31 > 6:43:00]
L-BFGS:  79%|███████▊  | 786/1000 [1:57:52 > 6:43:35]
L-BFGS:  79%|███████▊  | 787/1000 [1:55:37 > 6:44:06]
L-BFGS:  79%|███████▉  | 788/1000 [1:58:25 > 6:44:42]
L-BFGS:  79%|███████▉  | 789/1000 [1:50:42 > 6:45:09]
L-BFGS:  79%|███████▉  | 790/1000 [1:49:42 > 6:45:40]
L-BFGS:  79%|███████▉  | 791/1000 [1:48:40 > 6:46:10]
L-BFGS:  79%|███████▉  | 792/1000 [1:53:07 > 6:46:46]
L-BFGS:  79%|███████▉  | 793/1000 [1:46:25 > 6:47:13]
L-BFGS:  79%|███████▉  | 794/1000 [1:45:19 > 6:47:43]
L-BFGS:  80%|███████▉  | 795/1000 [1:40:34 > 6:48:10]
L-BFGS:  80%|███████▉  | 796/1000 [1:41:31 > 6:48:41]
L-BFGS:  80%|███████▉  | 797/1000 [1:42:38 > 6:49:12]
L-BFGS:  80%|███████▉  | 798/1000 [1:47:14 > 6:49:48]
L-BFGS:  80%|███████▉  | 799/1000 [1:41:20 > 6:50:14]
L-BFGS:  80%|████████  | 800/1000 [1:41:40 > 6:50:45]
L-BFGS:  80%|████████  | 801/1000 [1:42:13 > 6:51:17]
L-BFGS:  80%|████████  | 802/1000 [1:45:13 > 6:51:51]
L-BFGS:  80%|████████  | 803/1000 [1:46:26 > 6:52:25]
L-BFGS:  80%|████████  | 804/1000 [1:42:31 > 6:52:54]
L-BFGS:  80%|████████  | 805/1000 [1:43:42 > 6:53:27]
L-BFGS:  81%|████████  | 806/1000 [1:39:24 > 6:53:55]
L-BFGS:  81%|████████  | 807/1000 [1:42:46 > 6:54:30]
L-BFGS:  81%|████████  | 808/1000 [1:42:09 > 6:55:02]
L-BFGS:  81%|████████  | 809/1000 [1:39:28 > 6:55:31]
L-BFGS:  81%|████████  | 810/1000 [1:35:07 > 6:55:58]
L-BFGS:  81%|████████  | 811/1000 [1:40:07 > 6:56:34]
L-BFGS:  81%|████████  | 812/1000 [1:35:24 > 6:57:02]
L-BFGS:  81%|████████▏ | 813/1000 [1:38:45 > 6:57:36]
L-BFGS:  81%|████████▏ | 814/1000 [1:32:45 > 6:58:02]
L-BFGS:  82%|████████▏ | 815/1000 [1:34:07 > 6:58:34]
L-BFGS:  82%|████████▏ | 816/1000 [1:36:52 > 6:59:08]
L-BFGS:  82%|████████▏ | 817/1000 [1:35:45 > 6:59:39]
L-BFGS:  82%|████████▏ | 818/1000 [1:35:19 > 7:00:10]
L-BFGS:  82%|████████▏ | 819/1000 [1:39:53 > 7:00:48]
L-BFGS:  82%|████████▏ | 820/1000 [1:38:05 > 7:01:19]
L-BFGS:  82%|████████▏ | 821/1000 [1:42:18 > 7:01:57]
L-BFGS:  82%|████████▏ | 822/1000 [1:37:36 > 7:02:27]
L-BFGS:  82%|████████▏ | 823/1000 [1:38:12 > 7:03:01]
L-BFGS:  82%|████████▏ | 824/1000 [1:38:38 > 7:03:36]
L-BFGS:  82%|████████▎ | 825/1000 [1:36:38 > 7:04:08]
L-BFGS:  83%|████████▎ | 826/1000 [1:38:22 > 7:04:43]
L-BFGS:  83%|████████▎ | 827/1000 [1:32:00 > 7:05:11]
L-BFGS:  83%|████████▎ | 828/1000 [1:33:44 > 7:05:45]
L-BFGS:  83%|████████▎ | 829/1000 [1:31:29 > 7:06:16]
L-BFGS:  83%|████████▎ | 830/1000 [1:34:17 > 7:06:52]
L-BFGS:  83%|████████▎ | 831/1000 [1:33:52 > 7:07:25]
L-BFGS:  83%|████████▎ | 832/1000 [1:30:57 > 7:07:56]
L-BFGS:  83%|████████▎ | 833/1000 [1:30:31 > 7:08:28]
L-BFGS:  83%|████████▎ | 834/1000 [1:27:47 > 7:08:58]
L-BFGS:  84%|████████▎ | 835/1000 [1:22:54 > 7:09:25]
L-BFGS:  84%|████████▎ | 836/1000 [1:26:35 > 7:10:00]
L-BFGS:  84%|████████▎ | 837/1000 [1:27:19 > 7:10:33]
L-BFGS:  84%|████████▍ | 838/1000 [1:23:47 > 7:11:02]
L-BFGS:  84%|████████▍ | 839/1000 [1:20:58 > 7:11:30]
L-BFGS:  84%|████████▍ | 840/1000 [1:19:32 > 7:11:59]
L-BFGS:  84%|████████▍ | 841/1000 [1:17:58 > 7:12:27]
L-BFGS:  84%|████████▍ | 842/1000 [1:17:54 > 7:12:57]
L-BFGS:  84%|████████▍ | 843/1000 [1:14:53 > 7:13:24]
L-BFGS:  84%|████████▍ | 844/1000 [1:16:01 > 7:13:54]
L-BFGS:  84%|████████▍ | 845/1000 [1:13:22 > 7:14:21]
L-BFGS:  85%|████████▍ | 846/1000 [1:14:58 > 7:14:52]
L-BFGS:  85%|████████▍ | 847/1000 [1:16:18 > 7:15:23]
L-BFGS:  85%|████████▍ | 848/1000 [1:15:58 > 7:15:54]
L-BFGS:  85%|████████▍ | 849/1000 [1:17:30 > 7:16:26]
L-BFGS:  85%|████████▌ | 850/1000 [1:16:21 > 7:16:56]
L-BFGS:  85%|████████▌ | 851/1000 [1:12:48 > 7:17:23]
L-BFGS:  85%|████████▌ | 852/1000 [1:16:44 > 7:17:58]
L-BFGS:  85%|████████▌ | 853/1000 [1:17:47 > 7:18:31]
L-BFGS:  85%|████████▌ | 854/1000 [1:17:57 > 7:19:04]
L-BFGS:  86%|████████▌ | 855/1000 [1:15:47 > 7:19:34]
L-BFGS:  86%|████████▌ | 856/1000 [1:12:52 > 7:20:02]
L-BFGS:  86%|████████▌ | 857/1000 [1:15:01 > 7:20:36]
L-BFGS:  86%|████████▌ | 858/1000 [1:11:55 > 7:21:04]
L-BFGS:  86%|████████▌ | 859/1000 [1:14:19 > 7:21:38]
L-BFGS:  86%|████████▌ | 860/1000 [1:13:12 > 7:22:09]
L-BFGS:  86%|████████▌ | 861/1000 [1:12:59 > 7:22:41]
L-BFGS:  86%|████████▌ | 862/1000 [1:12:12 > 7:23:12]
L-BFGS:  86%|████████▋ | 863/1000 [1:14:09 > 7:23:47]
L-BFGS:  86%|████████▋ | 864/1000 [1:09:37 > 7:24:14]
L-BFGS:  86%|████████▋ | 865/1000 [1:09:13 > 7:24:44]
L-BFGS:  87%|████████▋ | 866/1000 [1:05:57 > 7:25:11]
L-BFGS:  87%|████████▋ | 867/1000 [1:06:24 > 7:25:42]
L-BFGS:  87%|████████▋ | 868/1000 [1:03:05 > 7:26:08]
L-BFGS:  87%|████████▋ | 869/1000 [1:04:42 > 7:26:40]
L-BFGS:  87%|████████▋ | 870/1000 [1:05:14 > 7:27:11]
L-BFGS:  87%|████████▋ | 871/1000 [1:07:48 > 7:27:46]
L-BFGS:  87%|████████▋ | 872/1000 [1:04:07 > 7:28:12]
L-BFGS:  87%|████████▋ | 873/1000 [1:07:43 > 7:28:49]
L-BFGS:  87%|████████▋ | 874/1000 [1:03:16 > 7:29:15]
L-BFGS:  88%|████████▊ | 875/1000 [1:03:12 > 7:29:45]
L-BFGS:  88%|████████▊ | 876/1000 [1:03:12 > 7:30:17]
L-BFGS:  88%|████████▊ | 877/1000 [1:03:00 > 7:30:48]
L-BFGS:  88%|████████▊ | 878/1000 [1:00:06 > 7:31:14]
L-BFGS:  88%|████████▊ | 879/1000 [1:00:05 > 7:31:45]
L-BFGS:  88%|████████▊ | 880/1000 [1:00:45 > 7:32:17]
L-BFGS:  88%|████████▊ | 881/1000 [1:03:21 > 7:32:52]
L-BFGS:  88%|████████▊ | 882/1000 [1:02:49 > 7:33:24]
L-BFGS:  88%|████████▊ | 883/1000 [1:03:14 > 7:33:58]
L-BFGS:  88%|████████▊ | 884/1000 [1:04:05 > 7:34:32]
L-BFGS:  88%|████████▊ | 885/1000 [1:02:49 > 7:35:04]
L-BFGS:  89%|████████▊ | 886/1000 [1:00:34 > 7:35:34]
L-BFGS:  89%|████████▊ | 887/1000 [59:48 > 7:36:06]  
L-BFGS:  89%|████████▉ | 888/1000 [59:05 > 7:36:37]
L-BFGS:  89%|████████▉ | 889/1000 [58:08 > 7:37:08]
L-BFGS:  89%|████████▉ | 890/1000 [57:25 > 7:37:39]
L-BFGS:  89%|████████▉ | 891/1000 [53:52 > 7:38:05]
L-BFGS:  89%|████████▉ | 892/1000 [57:03 > 7:38:41]
L-BFGS:  89%|████████▉ | 893/1000 [53:49 > 7:39:08]
L-BFGS:  89%|████████▉ | 894/1000 [53:24 > 7:39:38]
L-BFGS:  90%|████████▉ | 895/1000 [53:23 > 7:40:09]
L-BFGS:  90%|████████▉ | 896/1000 [55:59 > 7:40:46]
L-BFGS:  90%|████████▉ | 897/1000 [54:32 > 7:41:16]
L-BFGS:  90%|████████▉ | 898/1000 [55:46 > 7:41:52]
L-BFGS:  90%|████████▉ | 899/1000 [55:24 > 7:42:25]
L-BFGS:  90%|█████████ | 900/1000 [52:40 > 7:42:53]
L-BFGS:  90%|█████████ | 901/1000 [53:16 > 7:43:27]
L-BFGS:  90%|█████████ | 902/1000 [52:26 > 7:43:59]
L-BFGS:  90%|█████████ | 903/1000 [53:43 > 7:44:35]
L-BFGS:  90%|█████████ | 904/1000 [52:03 > 7:45:06]
L-BFGS:  90%|█████████ | 905/1000 [52:58 > 7:45:41]
L-BFGS:  91%|█████████ | 906/1000 [49:00 > 7:46:08]
L-BFGS:  91%|█████████ | 907/1000 [50:41 > 7:46:44]
L-BFGS:  91%|█████████ | 908/1000 [47:26 > 7:47:10]
L-BFGS:  91%|█████████ | 909/1000 [46:37 > 7:47:41]
L-BFGS:  91%|█████████ | 910/1000 [46:31 > 7:48:12]
L-BFGS:  91%|█████████ | 911/1000 [46:15 > 7:48:44]
L-BFGS:  91%|█████████ | 912/1000 [43:24 > 7:49:10]
L-BFGS:  91%|█████████▏| 913/1000 [45:24 > 7:49:45]
L-BFGS:  91%|█████████▏| 914/1000 [45:34 > 7:50:18]
L-BFGS:  92%|█████████▏| 915/1000 [43:53 > 7:50:47]
L-BFGS:  92%|█████████▏| 916/1000 [41:44 > 7:51:14]
L-BFGS:  92%|█████████▏| 917/1000 [41:23 > 7:51:44]
L-BFGS:  92%|█████████▏| 918/1000 [42:02 > 7:52:17]
L-BFGS:  92%|█████████▏| 919/1000 [41:12 > 7:52:47]
L-BFGS:  92%|█████████▏| 920/1000 [41:15 > 7:53:19]
L-BFGS:  92%|█████████▏| 921/1000 [41:45 > 7:53:52]
L-BFGS:  92%|█████████▏| 922/1000 [42:26 > 7:54:27]
L-BFGS:  92%|█████████▏| 923/1000 [41:36 > 7:54:59]
L-BFGS:  92%|█████████▏| 924/1000 [40:03 > 7:55:29]
L-BFGS:  92%|█████████▎| 925/1000 [37:52 > 7:55:56]
L-BFGS:  93%|█████████▎| 926/1000 [37:25 > 7:56:27]
L-BFGS:  93%|█████████▎| 927/1000 [36:00 > 7:56:54]
L-BFGS:  93%|█████████▎| 928/1000 [37:16 > 7:57:29]
L-BFGS:  93%|█████████▎| 929/1000 [35:06 > 7:57:55]
L-BFGS:  93%|█████████▎| 930/1000 [35:00 > 7:58:26]
L-BFGS:  93%|█████████▎| 931/1000 [35:09 > 7:58:58]
L-BFGS:  93%|█████████▎| 932/1000 [36:07 > 7:59:33]
L-BFGS:  93%|█████████▎| 933/1000 [33:44 > 7:59:59]
L-BFGS:  93%|█████████▎| 934/1000 [35:02 > 8:00:35]
L-BFGS:  94%|█████████▎| 935/1000 [32:49 > 8:01:02]
L-BFGS:  94%|█████████▎| 936/1000 [32:31 > 8:01:33]
L-BFGS:  94%|█████████▎| 937/1000 [30:31 > 8:01:58]
L-BFGS:  94%|█████████▍| 938/1000 [32:18 > 8:02:35]
L-BFGS:  94%|█████████▍| 939/1000 [30:21 > 8:03:01]
L-BFGS:  94%|█████████▍| 940/1000 [29:59 > 8:03:32]
L-BFGS:  94%|█████████▍| 941/1000 [29:49 > 8:04:03]
L-BFGS:  94%|█████████▍| 942/1000 [29:28 > 8:04:34]
L-BFGS:  94%|█████████▍| 943/1000 [29:15 > 8:05:05]
L-BFGS:  94%|█████████▍| 944/1000 [28:43 > 8:05:36]
L-BFGS:  94%|█████████▍| 945/1000 [28:18 > 8:06:07]
L-BFGS:  95%|█████████▍| 946/1000 [29:04 > 8:06:43]
L-BFGS:  95%|█████████▍| 947/1000 [28:34 > 8:07:15]
L-BFGS:  95%|█████████▍| 948/1000 [27:10 > 8:07:44]
L-BFGS:  95%|█████████▍| 949/1000 [25:54 > 8:08:13]
L-BFGS:  95%|█████████▌| 950/1000 [26:18 > 8:08:47]
L-BFGS:  95%|█████████▌| 951/1000 [26:10 > 8:09:20]
L-BFGS:  95%|█████████▌| 952/1000 [24:39 > 8:09:48]
L-BFGS:  95%|█████████▌| 953/1000 [25:04 > 8:10:23]
L-BFGS:  95%|█████████▌| 954/1000 [24:30 > 8:10:54]
L-BFGS:  96%|█████████▌| 955/1000 [24:37 > 8:11:29]
L-BFGS:  96%|█████████▌| 956/1000 [23:42 > 8:12:00]
L-BFGS:  96%|█████████▌| 957/1000 [22:51 > 8:12:31]
L-BFGS:  96%|█████████▌| 958/1000 [21:14 > 8:12:58]
L-BFGS:  96%|█████████▌| 959/1000 [21:48 > 8:13:34]
L-BFGS:  96%|█████████▌| 960/1000 [20:07 > 8:14:00]
L-BFGS:  96%|█████████▌| 961/1000 [19:52 > 8:14:31]
L-BFGS:  96%|█████████▌| 962/1000 [18:36 > 8:14:58]
L-BFGS:  96%|█████████▋| 963/1000 [19:07 > 8:15:33]
L-BFGS:  96%|█████████▋| 964/1000 [18:42 > 8:16:04]
L-BFGS:  96%|█████████▋| 965/1000 [18:14 > 8:16:36]
L-BFGS:  97%|█████████▋| 966/1000 [17:35 > 8:17:06]
L-BFGS:  97%|█████████▋| 967/1000 [17:00 > 8:17:37]
L-BFGS:  97%|█████████▋| 968/1000 [16:48 > 8:18:10]
L-BFGS:  97%|█████████▋| 969/1000 [15:53 > 8:18:39]
L-BFGS:  97%|█████████▋| 970/1000 [15:38 > 8:19:11]
L-BFGS:  97%|█████████▋| 971/1000 [14:47 > 8:19:40]
L-BFGS:  97%|█████████▋| 972/1000 [13:58 > 8:20:09]
L-BFGS:  97%|█████████▋| 973/1000 [13:28 > 8:20:39]
L-BFGS:  97%|█████████▋| 974/1000 [12:31 > 8:21:05]
L-BFGS:  98%|█████████▊| 975/1000 [12:50 > 8:21:40]
L-BFGS:  98%|█████████▊| 976/1000 [12:01 > 8:22:09]
L-BFGS:  98%|█████████▊| 977/1000 [11:55 > 8:22:42]
L-BFGS:  98%|█████████▊| 978/1000 [11:04 > 8:23:10]
L-BFGS:  98%|█████████▊| 979/1000 [10:26 > 8:23:39]
L-BFGS:  98%|█████████▊| 980/1000 [10:19 > 8:24:13]
L-BFGS:  98%|█████████▊| 981/1000 [10:01 > 8:24:46]
L-BFGS:  98%|█████████▊| 982/1000 [09:15 > 8:25:15]
L-BFGS:  98%|█████████▊| 983/1000 [08:30 > 8:25:43]
L-BFGS:  98%|█████████▊| 984/1000 [07:57 > 8:26:13]
L-BFGS:  98%|█████████▊| 985/1000 [07:21 > 8:26:41]
L-BFGS:  99%|█████████▊| 986/1000 [06:46 > 8:27:10]
L-BFGS:  99%|█████████▊| 987/1000 [06:36 > 8:27:43]
L-BFGS:  99%|█████████▉| 988/1000 [06:19 > 8:28:18]
L-BFGS:  99%|█████████▉| 989/1000 [05:51 > 8:28:50]
L-BFGS:  99%|█████████▉| 990/1000 [05:27 > 8:29:25]
L-BFGS:  99%|█████████▉| 991/1000 [04:49 > 8:29:56]
L-BFGS:  99%|█████████▉| 992/1000 [04:15 > 8:30:27]
L-BFGS:  99%|█████████▉| 993/1000 [03:41 > 8:30:58]
L-BFGS:  99%|█████████▉| 994/1000 [03:07 > 8:31:29]
L-BFGS: 100%|█████████▉| 995/1000 [02:29 > 8:31:55]
L-BFGS: 100%|█████████▉| 996/1000 [02:07 > 8:32:32]
L-BFGS: 100%|█████████▉| 997/1000 [01:30 > 8:32:58]
L-BFGS: 100%|█████████▉| 998/1000 [01:03 > 8:33:33]
L-BFGS: 100%|█████████▉| 999/1000 [00:30 > 8:33:59]
L-BFGS: 100%|██████████| 1000/1000 [00:00 > 8:34:30]
L-BFGS: 100%|██████████| 1000/1000 [00:00 > 8:34:30]
Training saved: C:\Ali Computation\pinn\code\heterogeneous\pino_heterogeneous\results\exp_Qd_amort_hard_tau001_piecewise_K100_N500_z1to5_min10pct_w64_float64_lr01_maxiter5\pino_heterogeneous_concentration.png C:\Ali Computation\pinn\code\heterogeneous\pino_heterogeneous\results\exp_Qd_amort_hard_tau001_piecewise_K100_N500_z1to5_min10pct_w64_float64_lr01_maxiter5\pino_heterogeneous_loss.png C:\Ali Computation\pinn\code\heterogeneous\pino_heterogeneous\results\exp_Qd_amort_hard_tau001_piecewise_K100_N500_z1to5_min10pct_w64_float64_lr01_maxiter5\pino_heterogeneous_model.pt
COMSOL validation: 81 media -> C:\Ali Computation\pinn\code\heterogeneous\pino_heterogeneous\results\exp_Qd_amort_hard_tau001_piecewise_K100_N500_z1to5_min10pct_w64_float64_lr01_maxiter5\comsol_validation  (x* collocation n=86)

COMSOL vs PINO:   0%|          | 0/81 [00:00<?, ?it/s]
COMSOL vs PINO:   1%|          | 1/81 [00:01<01:26,  1.09s/it]
COMSOL vs PINO:   2%|▏         | 2/81 [00:02<01:24,  1.07s/it]
COMSOL vs PINO:   4%|▎         | 3/81 [00:03<01:25,  1.10s/it]
COMSOL vs PINO:   5%|▍         | 4/81 [00:04<01:23,  1.08s/it]
COMSOL vs PINO:   6%|▌         | 5/81 [00:05<01:28,  1.17s/it]
COMSOL vs PINO:   7%|▋         | 6/81 [00:06<01:25,  1.14s/it]
COMSOL vs PINO:   9%|▊         | 7/81 [00:07<01:22,  1.11s/it]
COMSOL vs PINO:  10%|▉         | 8/81 [00:08<01:21,  1.12s/it]
COMSOL vs PINO:  11%|█         | 9/81 [00:09<01:19,  1.10s/it]
COMSOL vs PINO:  12%|█▏        | 10/81 [00:11<01:17,  1.10s/it]
COMSOL vs PINO:  14%|█▎        | 11/81 [00:12<01:16,  1.09s/it]
COMSOL vs PINO:  15%|█▍        | 12/81 [00:13<01:14,  1.09s/it]
COMSOL vs PINO:  16%|█▌        | 13/81 [00:14<01:13,  1.08s/it]
COMSOL vs PINO:  17%|█▋        | 14/81 [00:15<01:11,  1.07s/it]
COMSOL vs PINO:  19%|█▊        | 15/81 [00:16<01:10,  1.07s/it]
COMSOL vs PINO:  20%|█▉        | 16/81 [00:17<01:10,  1.08s/it]
COMSOL vs PINO:  21%|██        | 17/81 [00:18<01:09,  1.08s/it]
COMSOL vs PINO:  22%|██▏       | 18/81 [00:20<01:14,  1.18s/it]
COMSOL vs PINO:  23%|██▎       | 19/81 [00:21<01:10,  1.14s/it]
COMSOL vs PINO:  25%|██▍       | 20/81 [00:22<01:07,  1.11s/it]
COMSOL vs PINO:  26%|██▌       | 21/81 [00:23<01:06,  1.10s/it]
COMSOL vs PINO:  27%|██▋       | 22/81 [00:24<01:04,  1.09s/it]
COMSOL vs PINO:  28%|██▊       | 23/81 [00:25<01:03,  1.09s/it]
COMSOL vs PINO:  30%|██▉       | 24/81 [00:26<01:01,  1.09s/it]
COMSOL vs PINO:  31%|███       | 25/81 [00:27<01:00,  1.09s/it]
COMSOL vs PINO:  32%|███▏      | 26/81 [00:28<00:59,  1.08s/it]
COMSOL vs PINO:  33%|███▎      | 27/81 [00:29<00:59,  1.09s/it]
COMSOL vs PINO:  35%|███▍      | 28/81 [00:30<00:57,  1.09s/it]
COMSOL vs PINO:  36%|███▌      | 29/81 [00:31<00:56,  1.09s/it]
COMSOL vs PINO:  37%|███▋      | 30/81 [00:32<00:55,  1.08s/it]
COMSOL vs PINO:  38%|███▊      | 31/81 [00:34<00:53,  1.08s/it]
COMSOL vs PINO:  40%|███▉      | 32/81 [00:35<00:57,  1.17s/it]
COMSOL vs PINO:  41%|████      | 33/81 [00:36<00:54,  1.14s/it]
COMSOL vs PINO:  42%|████▏     | 34/81 [00:37<00:52,  1.12s/it]
COMSOL vs PINO:  43%|████▎     | 35/81 [00:38<00:50,  1.10s/it]
COMSOL vs PINO:  44%|████▍     | 36/81 [00:39<00:49,  1.10s/it]
COMSOL vs PINO:  46%|████▌     | 37/81 [00:40<00:48,  1.09s/it]
COMSOL vs PINO:  47%|████▋     | 38/81 [00:41<00:46,  1.09s/it]
COMSOL vs PINO:  48%|████▊     | 39/81 [00:42<00:46,  1.10s/it]
COMSOL vs PINO:  49%|████▉     | 40/81 [00:44<00:44,  1.10s/it]
COMSOL vs PINO:  51%|█████     | 41/81 [00:45<00:43,  1.09s/it]
COMSOL vs PINO:  52%|█████▏    | 42/81 [00:46<00:42,  1.09s/it]
COMSOL vs PINO:  53%|█████▎    | 43/81 [00:47<00:41,  1.09s/it]
COMSOL vs PINO:  54%|█████▍    | 44/81 [00:48<00:40,  1.09s/it]
COMSOL vs PINO:  56%|█████▌    | 45/81 [00:49<00:42,  1.17s/it]
COMSOL vs PINO:  57%|█████▋    | 46/81 [00:50<00:40,  1.17s/it]
COMSOL vs PINO:  58%|█████▊    | 47/81 [00:52<00:38,  1.14s/it]
COMSOL vs PINO:  59%|█████▉    | 48/81 [00:53<00:37,  1.13s/it]
COMSOL vs PINO:  60%|██████    | 49/81 [00:54<00:35,  1.11s/it]
COMSOL vs PINO:  62%|██████▏   | 50/81 [00:55<00:34,  1.10s/it]
COMSOL vs PINO:  63%|██████▎   | 51/81 [00:56<00:32,  1.09s/it]
COMSOL vs PINO:  64%|██████▍   | 52/81 [00:57<00:31,  1.09s/it]
COMSOL vs PINO:  65%|██████▌   | 53/81 [00:58<00:30,  1.08s/it]
COMSOL vs PINO:  67%|██████▋   | 54/81 [00:59<00:29,  1.09s/it]
COMSOL vs PINO:  68%|██████▊   | 55/81 [01:00<00:28,  1.10s/it]
COMSOL vs PINO:  69%|██████▉   | 56/81 [01:01<00:27,  1.09s/it]
COMSOL vs PINO:  70%|███████   | 57/81 [01:02<00:26,  1.09s/it]
COMSOL vs PINO:  72%|███████▏  | 58/81 [01:03<00:24,  1.08s/it]
COMSOL vs PINO:  73%|███████▎  | 59/81 [01:05<00:25,  1.18s/it]
COMSOL vs PINO:  74%|███████▍  | 60/81 [01:06<00:24,  1.15s/it]
COMSOL vs PINO:  75%|███████▌  | 61/81 [01:07<00:22,  1.13s/it]
COMSOL vs PINO:  77%|███████▋  | 62/81 [01:08<00:21,  1.11s/it]
COMSOL vs PINO:  78%|███████▊  | 63/81 [01:09<00:19,  1.10s/it]
COMSOL vs PINO:  79%|███████▉  | 64/81 [01:10<00:18,  1.09s/it]
COMSOL vs PINO:  80%|████████  | 65/81 [01:11<00:17,  1.09s/it]
COMSOL vs PINO:  81%|████████▏ | 66/81 [01:12<00:16,  1.09s/it]
COMSOL vs PINO:  83%|████████▎ | 67/81 [01:13<00:15,  1.08s/it]
COMSOL vs PINO:  84%|████████▍ | 68/81 [01:14<00:13,  1.08s/it]
COMSOL vs PINO:  85%|████████▌ | 69/81 [01:16<00:12,  1.08s/it]
COMSOL vs PINO:  86%|████████▋ | 70/81 [01:17<00:12,  1.09s/it]
COMSOL vs PINO:  88%|████████▊ | 71/81 [01:18<00:10,  1.09s/it]
COMSOL vs PINO:  89%|████████▉ | 72/81 [01:19<00:10,  1.19s/it]
COMSOL vs PINO:  90%|█████████ | 73/81 [01:20<00:09,  1.16s/it]
COMSOL vs PINO:  91%|█████████▏| 74/81 [01:21<00:07,  1.14s/it]
COMSOL vs PINO:  93%|█████████▎| 75/81 [01:22<00:06,  1.11s/it]
COMSOL vs PINO:  94%|█████████▍| 76/81 [01:24<00:05,  1.12s/it]
COMSOL vs PINO:  95%|█████████▌| 77/81 [01:25<00:04,  1.11s/it]
COMSOL vs PINO:  96%|█████████▋| 78/81 [01:26<00:03,  1.10s/it]
COMSOL vs PINO:  98%|█████████▊| 79/81 [01:27<00:02,  1.09s/it]
COMSOL vs PINO:  99%|█████████▉| 80/81 [01:28<00:01,  1.09s/it]
COMSOL vs PINO: 100%|██████████| 81/81 [01:29<00:00,  1.10s/it]
COMSOL vs PINO: 100%|██████████| 81/81 [01:29<00:00,  1.10s/it]
COMSOL validation summary: n=81  mean=2.792483e-01  max=6.274764e-01  min=1.027273e-01
Wrote C:\Ali Computation\pinn\code\heterogeneous\pino_heterogeneous\results\exp_Qd_amort_hard_tau001_piecewise_K100_N500_z1to5_min10pct_w64_float64_lr01_maxiter5\comsol_validation\comsol_validation_summary.csv
Run metadata: C:\Ali Computation\pinn\code\heterogeneous\pino_heterogeneous\results\exp_Qd_amort_hard_tau001_piecewise_K100_N500_z1to5_min10pct_w64_float64_lr01_maxiter5\run_meta.json

# exit 0 after 8:36:25.295599
