# code/heterogeneous/parametric_heterogeneous_pinn/calibrate_single_instance_pinn.py --u 0.01,0.05,0.01,0.05 --out-dir results/calib_single_v2
# started 2026-07-09 01:37:49
# cwd C:\Ali Computation\pinn\code\heterogeneous\parametric_heterogeneous_pinn

[calib] u=(0.01, 0.05, 0.01, 0.05) tag=u0p01_0p05_0p01_0p05 contrast=0.120 dtype=float64 device=cuda:0
[calib] PE=0.010368  train mesh 120x120 + interface bands | proxy mesh 401x41
[calib] params=4,285  collocation points=18,720
[calib] epoch     0 | proxy_comb=1.190e+00 pde_rms=3.697e-01 | TRUE relL2=288.203%
[calib] epoch   100 | proxy_comb=1.697e-01 pde_rms=3.094e-01 | TRUE relL2=4.076%
[calib] epoch   200 | proxy_comb=2.603e-01 pde_rms=5.058e-01 | TRUE relL2=2.875%
[calib] epoch   300 | proxy_comb=3.093e-01 pde_rms=5.647e-01 | TRUE relL2=2.014%
[calib] epoch   400 | proxy_comb=3.733e-01 pde_rms=6.453e-01 | TRUE relL2=1.529%
[calib] epoch   500 | proxy_comb=4.044e-01 pde_rms=6.939e-01 | TRUE relL2=1.252%
[calib] epoch   600 | proxy_comb=4.366e-01 pde_rms=7.490e-01 | TRUE relL2=1.362%
[calib] epoch   700 | proxy_comb=4.510e-01 pde_rms=7.632e-01 | TRUE relL2=1.312%
[calib] epoch   800 | proxy_comb=4.464e-01 pde_rms=7.495e-01 | TRUE relL2=1.315%
[calib] epoch   900 | proxy_comb=4.507e-01 pde_rms=7.537e-01 | TRUE relL2=1.283%
[calib] epoch  1000 | proxy_comb=4.670e-01 pde_rms=7.713e-01 | TRUE relL2=1.550%
[calib] epoch  1100 | proxy_comb=4.755e-01 pde_rms=7.678e-01 | TRUE relL2=1.565%
[calib] epoch  1200 | proxy_comb=4.928e-01 pde_rms=7.843e-01 | TRUE relL2=1.653%
[calib] epoch  1300 | proxy_comb=4.819e-01 pde_rms=7.655e-01 | TRUE relL2=1.490%
[calib] epoch  1400 | proxy_comb=4.675e-01 pde_rms=7.468e-01 | TRUE relL2=1.603%
[calib] epoch  1500 | proxy_comb=4.808e-01 pde_rms=7.596e-01 | TRUE relL2=1.795%
[calib] epoch  1600 | proxy_comb=5.000e-01 pde_rms=7.859e-01 | TRUE relL2=1.910%
[calib] epoch  1700 | proxy_comb=5.019e-01 pde_rms=7.881e-01 | TRUE relL2=1.904%
[calib] epoch  1800 | proxy_comb=5.227e-01 pde_rms=8.186e-01 | TRUE relL2=1.901%
[calib] epoch  1900 | proxy_comb=5.229e-01 pde_rms=8.187e-01 | TRUE relL2=1.927%
[calib] epoch  2000 | proxy_comb=5.149e-01 pde_rms=8.101e-01 | TRUE relL2=1.876%
[calib] epoch  2100 | proxy_comb=5.095e-01 pde_rms=8.029e-01 | TRUE relL2=1.791%
[calib] epoch  2200 | proxy_comb=4.979e-01 pde_rms=7.897e-01 | TRUE relL2=1.713%
[calib] epoch  2300 | proxy_comb=4.947e-01 pde_rms=7.857e-01 | TRUE relL2=1.700%
[calib] epoch  2400 | proxy_comb=4.947e-01 pde_rms=7.857e-01 | TRUE relL2=1.700%
[calib] epoch  2500 | proxy_comb=4.947e-01 pde_rms=7.857e-01 | TRUE relL2=1.700%
[calib] early stop at epoch 2535 (train loss flat 300 steps).
[calib] epoch  2535 | proxy_comb=4.947e-01 pde_rms=7.857e-01 | TRUE relL2=1.700%
[calib] DONE u0p01_0p05_0p01_0p05: final proxy=4.947e-01 final TRUE=1.700% best TRUE=1.252% cross@-1 in 48.2 min
[calib] wrote calib_traj_u0p01_0p05_0p01_0p05.csv, ref_field_u0p01_0p05_0p01_0p05.npz, model_u0p01_0p05_0p01_0p05.pt, and appended to calibration_results.csv

# exit 0 after 0:48:18.868627
