# code/heterogeneous/pino_heterogeneous/pinn1d_heterogeneous_parametric_neural_operator.py 
# started 2026-06-10 15:49:58
# cwd C:\Ali Computation\pinn\code\heterogeneous\pino_heterogeneous

Using CPU (CUDA not available, dtype=torch.float32)
PE (computed) = 0.010368
Training: 500 LHC samples in [0.01, 0.05] m/d (exclude COMSOL 3^4 grid: True)
  saved/loaded: C:\Ali Computation\pinn\code\heterogeneous\pino_heterogeneous\results\lhc_train_u500.csv
  branch CFL range [0.120049, 0.599914]
PDE mesh: bulk 50x50x500 + interface bands (36 x* / band, +/-0.025 around (0.2, 0.4, 0.6))
COMSOL validation: 81 fixed grid cases from comsol_4zones.txt
run_training=True  run_comsol_validation=True
PDE collocation points: 2,150,000 (bulk 1,250,000, interface 900,000)
Collocation mesh plot (pre-train): C:\Ali Computation\pinn\code\heterogeneous\pino_heterogeneous\results\pino_heterogeneous_collocation_points.png
LBFGS (
Parameter Group 0
    history_size: 50
    line_search_fn: strong_wolfe
    lr: 1
    max_eval: 1
    max_iter: 1
    tolerance_change: 1e-09
    tolerance_grad: 1e-07
)

L-BFGS:   0%|          | 0/1000 [? > 00:00]
L-BFGS:   0%|          | 1/1000 [1:57:39 > 00:07]
L-BFGS:   0%|          | 2/1000 [1:53:26 > 00:13]
L-BFGS:   0%|          | 3/1000 [1:52:06 > 00:20]
L-BFGS:   0%|          | 4/1000 [1:51:41 > 00:27]
L-BFGS:   0%|          | 5/1000 [1:52:17 > 00:33]
L-BFGS:   1%|          | 6/1000 [1:53:54 > 00:41]
L-BFGS:   1%|          | 7/1000 [1:54:15 > 00:47]
L-BFGS:   1%|          | 8/1000 [1:54:18 > 00:54]
L-BFGS:   1%|          | 9/1000 [1:54:22 > 01:01]
L-BFGS:   1%|          | 10/1000 [1:54:38 > 01:08]
L-BFGS:   1%|          | 11/1000 [1:54:42 > 01:15]
L-BFGS:   1%|          | 12/1000 [1:54:36 > 01:22]
L-BFGS:   1%|▏         | 13/1000 [1:54:21 > 01:29]
L-BFGS:   1%|▏         | 14/1000 [1:53:50 > 01:36]
L-BFGS:   2%|▏         | 15/1000 [1:53:32 > 01:43]
L-BFGS:   2%|▏         | 16/1000 [1:53:04 > 01:50]
