# code/heterogeneous/pino_heterogeneous/pinn1d_heterogeneous_parametric_neural_operator.py --design grf --n-sensors 100 --n-grf 300 --n-piecewise-per-zones 50 --grf-corr-lengths 0.05,0.1 --arch w64 --dtype float64 --early-stop-patience 150 --lr-lbfgs 0.1 --lbfgs-max-iter 5 --epochs 1000 --out-dir results/exp_O_grf_K100_N500_mixed_ell005_01_w64_float64_lr01_maxiter5 --skip-validation-plots
# started 2026-06-16 13:38:33
# cwd C:\Ali Computation\pinn\code\heterogeneous\pino_heterogeneous

Using GPU: NVIDIA GeForce RTX 3090 (cuda:0, dtype=torch.float64)
PE (computed) = 0.010368
design=grf  media_mode=grf  n_train_requested=500  n_corner_anchors=16  arch=w64  trunk_mode=single  batch_mode=True
branch=[100, 64, 64, 64]  trunk=[2, 64, 64, 64, 64]
results_dir=C:\Ali Computation\pinn\code\heterogeneous\pino_heterogeneous\results\exp_O_grf_K100_N500_mixed_ell005_01_w64_float64_lr01_maxiter5
Training: 300 GRF (150@0.05, 150@0.1) + 200 piecewise (50 each for zones [2, 3, 4, 5]) = 500 total; K=100 uniform sensors, grid_n=201
  saved/loaded: C:\Ali Computation\pinn\code\heterogeneous\pino_heterogeneous\results\exp_O_grf_K100_N500_mixed_ell005_01_w64_float64_lr01_maxiter5\train_grf_cases.npz
  branch CFL range [0.122134, 0.599352]
PDE mesh: bulk 50x50x500 (no interface bands in GRF mode)
COMSOL validation: 81 fixed grid cases from comsol_4zones.txt -> C:\Ali Computation\pinn\code\heterogeneous\pino_heterogeneous\results\exp_O_grf_K100_N500_mixed_ell005_01_w64_float64_lr01_maxiter5
run_training=True  run_comsol_validation=True  validate_only=False  skip_validation_plots=True
L-BFGS early stopping: patience=150 (max steps=1000)
L-BFGS: lr=0.1  max_iter=5  outer_steps=1000
PDE collocation points: 1,250,000 (bulk 1,250,000, interface 0)
Collocation mesh plot (pre-train): C:\Ali Computation\pinn\code\heterogeneous\pino_heterogeneous\results\exp_O_grf_K100_N500_mixed_ell005_01_w64_float64_lr01_maxiter5\pino_heterogeneous_collocation_points.png
LBFGS (
Parameter Group 0
    history_size: 50
    line_search_fn: strong_wolfe
    lr: 0.1
    max_eval: 6
    max_iter: 5
    tolerance_change: 1e-09
    tolerance_grad: 1e-07
)
Early stopping: patience=150 L-BFGS steps (no total-loss improvement, rtol=1e-12)

L-BFGS:   0%|          | 0/1000 [? > 00:00]
L-BFGS:   0%|          | 1/1000 [12:15:52 > 00:44]
L-BFGS:   0%|          | 2/1000 [12:03:20 > 01:27]
L-BFGS:   0%|          | 3/1000 [11:05:43 > 02:03]
L-BFGS:   0%|          | 4/1000 [10:46:21 > 02:40]
L-BFGS:   0%|          | 5/1000 [11:00:40 > 03:21]
L-BFGS:   1%|          | 6/1000 [11:08:18 > 04:03]
L-BFGS:   1%|          | 7/1000 [11:15:37 > 04:44]
L-BFGS:   1%|          | 8/1000 [11:17:36 > 05:26]
L-BFGS:   1%|          | 9/1000 [10:46:43 > 06:01]
L-BFGS:   1%|          | 10/1000 [10:57:02 > 06:42]
L-BFGS:   1%|          | 11/1000 [10:37:59 > 07:18]
L-BFGS:   1%|          | 12/1000 [10:54:37 > 08:01]
L-BFGS:   1%|▏         | 13/1000 [10:32:38 > 08:36]
L-BFGS:   1%|▏         | 14/1000 [10:53:29 > 09:19]
L-BFGS:   2%|▏         | 15/1000 [10:31:50 > 09:54]
L-BFGS:   2%|▏         | 16/1000 [10:12:45 > 10:29]
L-BFGS:   2%|▏         | 17/1000 [10:31:08 > 11:10]
L-BFGS:   2%|▏         | 18/1000 [10:16:07 > 11:46]
L-BFGS:   2%|▏         | 19/1000 [10:40:54 > 12:29]
L-BFGS:   2%|▏         | 20/1000 [10:46:19 > 13:09]
L-BFGS:   2%|▏         | 21/1000 [11:04:41 > 13:53]
L-BFGS:   2%|▏         | 22/1000 [11:12:13 > 14:35]
L-BFGS:   2%|▏         | 23/1000 [11:08:53 > 15:16]
L-BFGS:   2%|▏         | 24/1000 [11:13:54 > 15:58]
L-BFGS:   2%|▎         | 25/1000 [10:46:20 > 16:34]
L-BFGS:   3%|▎         | 26/1000 [10:48:45 > 17:14]
L-BFGS:   3%|▎         | 27/1000 [10:55:52 > 17:56]
L-BFGS:   3%|▎         | 28/1000 [11:00:44 > 18:37]
L-BFGS:   3%|▎         | 29/1000 [10:38:35 > 19:14]
L-BFGS:   3%|▎         | 30/1000 [10:47:37 > 19:55]
L-BFGS:   3%|▎         | 31/1000 [10:27:51 > 20:31]
L-BFGS:   3%|▎         | 32/1000 [10:16:23 > 21:08]
L-BFGS:   3%|▎         | 33/1000 [10:27:13 > 21:49]
L-BFGS:   3%|▎         | 34/1000 [10:40:54 > 22:31]
L-BFGS:   4%|▎         | 35/1000 [10:52:20 > 23:13]
L-BFGS:   4%|▎         | 36/1000 [10:45:56 > 23:52]
L-BFGS:   4%|▎         | 37/1000 [10:29:55 > 24:29]
L-BFGS:   4%|▍         | 38/1000 [10:43:21 > 25:11]
L-BFGS:   4%|▍         | 39/1000 [10:24:53 > 25:48]
L-BFGS:   4%|▍         | 40/1000 [10:37:37 > 26:30]
L-BFGS:   4%|▍         | 41/1000 [10:17:04 > 27:05]
L-BFGS:   4%|▍         | 42/1000 [10:03:37 > 27:41]
L-BFGS:   4%|▍         | 43/1000 [10:12:15 > 28:21]
L-BFGS:   4%|▍         | 44/1000 [10:31:02 > 29:03]
L-BFGS:   4%|▍         | 45/1000 [10:45:12 > 29:46]
L-BFGS:   5%|▍         | 46/1000 [10:42:02 > 30:26]
L-BFGS:   5%|▍         | 47/1000 [10:55:33 > 31:10]
L-BFGS:   5%|▍         | 48/1000 [10:30:28 > 31:46]
L-BFGS:   5%|▍         | 49/1000 [10:15:56 > 32:22]
L-BFGS:   5%|▌         | 50/1000 [10:25:39 > 33:04]
L-BFGS:   5%|▌         | 51/1000 [10:03:20 > 33:38]
L-BFGS:   5%|▌         | 52/1000 [9:53:57 > 34:15] 
L-BFGS:   5%|▌         | 53/1000 [9:41:59 > 34:50]
L-BFGS:   5%|▌         | 54/1000 [10:10:17 > 35:33]
L-BFGS:   6%|▌         | 55/1000 [9:55:31 > 36:09] 
L-BFGS:   6%|▌         | 56/1000 [9:48:24 > 36:45]
L-BFGS:   6%|▌         | 57/1000 [10:03:38 > 37:26]
L-BFGS:   6%|▌         | 58/1000 [9:42:37 > 38:00] 
L-BFGS:   6%|▌         | 59/1000 [9:41:40 > 38:37]
L-BFGS:   6%|▌         | 60/1000 [9:31:18 > 39:12]
L-BFGS:   6%|▌         | 61/1000 [9:59:59 > 39:55]
L-BFGS:   6%|▌         | 62/1000 [9:45:46 > 40:30]
L-BFGS:   6%|▋         | 63/1000 [10:03:04 > 41:11]
L-BFGS:   6%|▋         | 64/1000 [9:46:18 > 41:47] 
L-BFGS:   6%|▋         | 65/1000 [9:35:57 > 42:22]
L-BFGS:   7%|▋         | 66/1000 [9:35:23 > 42:59]
L-BFGS:   7%|▋         | 67/1000 [9:26:04 > 43:34]
L-BFGS:   7%|▋         | 68/1000 [9:27:04 > 44:11]
L-BFGS:   7%|▋         | 69/1000 [9:16:42 > 44:45]
L-BFGS:   7%|▋         | 70/1000 [9:19:52 > 45:22]
L-BFGS:   7%|▋         | 71/1000 [9:45:17 > 46:04]
L-BFGS:   7%|▋         | 72/1000 [10:01:43 > 46:45]
L-BFGS:   7%|▋         | 73/1000 [9:54:21 > 47:23] 
L-BFGS:   7%|▋         | 74/1000 [9:37:45 > 47:58]
L-BFGS:   8%|▊         | 75/1000 [10:04:03 > 48:41]
L-BFGS:   8%|▊         | 76/1000 [9:39:17 > 49:15] 
L-BFGS:   8%|▊         | 77/1000 [9:31:56 > 49:51]
L-BFGS:   8%|▊         | 78/1000 [9:50:16 > 50:32]
L-BFGS:   8%|▊         | 79/1000 [10:00:10 > 51:13]
L-BFGS:   8%|▊         | 80/1000 [10:16:46 > 51:56]
L-BFGS:   8%|▊         | 81/1000 [9:50:32 > 52:31] 
L-BFGS:   8%|▊         | 82/1000 [10:12:21 > 53:14]
L-BFGS:   8%|▊         | 83/1000 [9:53:05 > 53:50] 
L-BFGS:   8%|▊         | 84/1000 [9:27:46 > 54:23]
L-BFGS:   8%|▊         | 85/1000 [9:52:53 > 55:06]
L-BFGS:   9%|▊         | 86/1000 [10:05:59 > 55:48]
L-BFGS:   9%|▊         | 87/1000 [10:10:18 > 56:29]
L-BFGS:   9%|▉         | 88/1000 [10:19:35 > 57:11]
L-BFGS:   9%|▉         | 89/1000 [9:56:36 > 57:47] 
L-BFGS:   9%|▉         | 90/1000 [10:10:47 > 58:30]
L-BFGS:   9%|▉         | 91/1000 [10:17:55 > 59:12]
L-BFGS:   9%|▉         | 92/1000 [9:57:10 > 59:48] 
L-BFGS:   9%|▉         | 93/1000 [9:38:49 > 1:00:24]
L-BFGS:   9%|▉         | 94/1000 [9:19:56 > 1:00:58]
L-BFGS:  10%|▉         | 95/1000 [9:20:52 > 1:01:35]
L-BFGS:  10%|▉         | 96/1000 [9:14:29 > 1:02:11]
L-BFGS:  10%|▉         | 97/1000 [9:12:07 > 1:02:48]
L-BFGS:  10%|▉         | 98/1000 [9:24:32 > 1:03:27]
L-BFGS:  10%|▉         | 99/1000 [9:15:04 > 1:04:03]
L-BFGS:  10%|█         | 100/1000 [9:14:50 > 1:04:40]
L-BFGS:  10%|█         | 101/1000 [9:10:03 > 1:05:16]
L-BFGS:  10%|█         | 102/1000 [9:32:18 > 1:05:58]
L-BFGS:  10%|█         | 103/1000 [9:48:32 > 1:06:40]
L-BFGS:  10%|█         | 104/1000 [10:00:58 > 1:07:22]
L-BFGS:  10%|█         | 105/1000 [10:05:35 > 1:08:03]
L-BFGS:  11%|█         | 106/1000 [10:07:25 > 1:08:45]
L-BFGS:  11%|█         | 107/1000 [9:45:54 > 1:09:21] 
L-BFGS:  11%|█         | 108/1000 [9:48:53 > 1:10:01]
L-BFGS:  11%|█         | 109/1000 [9:33:58 > 1:10:37]
L-BFGS:  11%|█         | 110/1000 [9:25:32 > 1:11:14]
L-BFGS:  11%|█         | 111/1000 [9:12:24 > 1:11:50]
L-BFGS:  11%|█         | 112/1000 [9:04:08 > 1:12:25]
L-BFGS:  11%|█▏        | 113/1000 [9:19:55 > 1:13:06]
L-BFGS:  11%|█▏        | 114/1000 [9:15:26 > 1:13:43]
L-BFGS:  12%|█▏        | 115/1000 [9:04:15 > 1:14:18]
L-BFGS:  12%|█▏        | 116/1000 [9:05:10 > 1:14:55]
L-BFGS:  12%|█▏        | 117/1000 [9:24:02 > 1:15:36]
L-BFGS:  12%|█▏        | 118/1000 [9:34:16 > 1:16:17]
L-BFGS:  12%|█▏        | 119/1000 [9:48:46 > 1:17:00]
L-BFGS:  12%|█▏        | 120/1000 [9:55:16 > 1:17:41]
L-BFGS:  12%|█▏        | 121/1000 [9:31:12 > 1:18:17]
L-BFGS:  12%|█▏        | 122/1000 [9:41:20 > 1:18:58]
L-BFGS:  12%|█▏        | 123/1000 [9:23:07 > 1:19:34]
L-BFGS:  12%|█▏        | 124/1000 [9:17:35 > 1:20:11]
L-BFGS:  12%|█▎        | 125/1000 [9:28:00 > 1:20:52]
L-BFGS:  13%|█▎        | 126/1000 [9:41:41 > 1:21:34]
L-BFGS:  13%|█▎        | 127/1000 [9:51:39 > 1:22:17]
L-BFGS:  13%|█▎        | 128/1000 [9:49:58 > 1:22:57]
L-BFGS:  13%|█▎        | 129/1000 [9:24:49 > 1:23:32]
L-BFGS:  13%|█▎        | 130/1000 [9:09:15 > 1:24:08]
L-BFGS:  13%|█▎        | 131/1000 [9:04:17 > 1:24:44]
L-BFGS:  13%|█▎        | 132/1000 [9:21:46 > 1:25:26]
L-BFGS:  13%|█▎        | 133/1000 [9:33:23 > 1:26:08]
L-BFGS:  13%|█▎        | 134/1000 [9:19:34 > 1:26:44]
L-BFGS:  14%|█▎        | 135/1000 [8:59:27 > 1:27:19]
L-BFGS:  14%|█▎        | 136/1000 [8:52:49 > 1:27:55]
L-BFGS:  14%|█▎        | 137/1000 [9:13:38 > 1:28:37]
L-BFGS:  14%|█▍        | 138/1000 [9:03:42 > 1:29:13]
L-BFGS:  14%|█▍        | 139/1000 [8:54:08 > 1:29:49]
L-BFGS:  14%|█▍        | 140/1000 [9:11:21 > 1:30:30]
L-BFGS:  14%|█▍        | 141/1000 [9:01:17 > 1:31:06]
L-BFGS:  14%|█▍        | 142/1000 [8:42:38 > 1:31:40]
L-BFGS:  14%|█▍        | 143/1000 [9:10:03 > 1:32:23]
L-BFGS:  14%|█▍        | 144/1000 [8:58:41 > 1:32:59]
L-BFGS:  14%|█▍        | 145/1000 [9:10:41 > 1:33:40]
L-BFGS:  15%|█▍        | 146/1000 [9:02:40 > 1:34:17]
L-BFGS:  15%|█▍        | 147/1000 [9:19:52 > 1:34:59]
L-BFGS:  15%|█▍        | 148/1000 [9:06:39 > 1:35:36]
L-BFGS:  15%|█▍        | 149/1000 [8:42:54 > 1:36:09]
L-BFGS:  15%|█▌        | 150/1000 [8:44:01 > 1:36:46]
L-BFGS:  15%|█▌        | 151/1000 [9:04:00 > 1:37:28]
L-BFGS:  15%|█▌        | 152/1000 [9:15:34 > 1:38:09]
L-BFGS:  15%|█▌        | 153/1000 [9:28:31 > 1:38:52]
L-BFGS:  15%|█▌        | 154/1000 [9:09:52 > 1:39:28]
L-BFGS:  16%|█▌        | 155/1000 [9:23:06 > 1:40:10]
L-BFGS:  16%|█▌        | 156/1000 [9:28:34 > 1:40:51]
L-BFGS:  16%|█▌        | 157/1000 [9:00:36 > 1:41:25]
L-BFGS:  16%|█▌        | 158/1000 [8:54:32 > 1:42:02]
L-BFGS:  16%|█▌        | 159/1000 [9:05:02 > 1:42:43]
L-BFGS:  16%|█▌        | 160/1000 [9:17:41 > 1:43:25]
L-BFGS:  16%|█▌        | 161/1000 [9:31:26 > 1:44:09]
L-BFGS:  16%|█▌        | 162/1000 [9:27:43 > 1:44:49]
L-BFGS:  16%|█▋        | 163/1000 [9:35:39 > 1:45:31]
L-BFGS:  16%|█▋        | 164/1000 [9:34:56 > 1:46:13]
L-BFGS:  16%|█▋        | 165/1000 [9:10:23 > 1:46:48]
L-BFGS:  17%|█▋        | 166/1000 [9:21:39 > 1:47:31]
L-BFGS:  17%|█▋        | 167/1000 [8:56:14 > 1:48:05]
L-BFGS:  17%|█▋        | 168/1000 [9:12:45 > 1:48:48]
L-BFGS:  17%|█▋        | 169/1000 [8:51:18 > 1:49:23]
L-BFGS:  17%|█▋        | 170/1000 [8:44:34 > 1:50:00]
L-BFGS:  17%|█▋        | 171/1000 [8:37:15 > 1:50:36]
L-BFGS:  17%|█▋        | 172/1000 [8:25:52 > 1:51:11]
L-BFGS:  17%|█▋        | 173/1000 [8:45:54 > 1:51:52]
L-BFGS:  17%|█▋        | 174/1000 [8:34:15 > 1:52:28]
L-BFGS:  18%|█▊        | 175/1000 [8:33:45 > 1:53:05]
L-BFGS:  18%|█▊        | 176/1000 [8:24:07 > 1:53:40]
L-BFGS:  18%|█▊        | 177/1000 [8:26:28 > 1:54:18]
L-BFGS:  18%|█▊        | 178/1000 [8:41:24 > 1:54:59]
L-BFGS:  18%|█▊        | 179/1000 [8:25:13 > 1:55:33]
L-BFGS:  18%|█▊        | 180/1000 [8:44:59 > 1:56:15]
L-BFGS:  18%|█▊        | 181/1000 [8:31:23 > 1:56:50]
L-BFGS:  18%|█▊        | 182/1000 [8:30:24 > 1:57:27]
L-BFGS:  18%|█▊        | 183/1000 [8:18:35 > 1:58:02]
L-BFGS:  18%|█▊        | 184/1000 [8:17:20 > 1:58:38]
L-BFGS:  18%|█▊        | 185/1000 [8:10:06 > 1:59:13]
L-BFGS:  19%|█▊        | 186/1000 [8:10:34 > 1:59:50]
L-BFGS:  19%|█▊        | 187/1000 [8:31:14 > 2:00:31]
L-BFGS:  19%|█▉        | 188/1000 [8:23:09 > 2:01:07]
L-BFGS:  19%|█▉        | 189/1000 [8:46:38 > 2:01:50]
L-BFGS:  19%|█▉        | 190/1000 [8:50:34 > 2:02:30]
L-BFGS:  19%|█▉        | 191/1000 [9:04:13 > 2:03:13]
L-BFGS:  19%|█▉        | 192/1000 [8:41:50 > 2:03:48]
L-BFGS:  19%|█▉        | 193/1000 [8:22:57 > 2:04:22]
L-BFGS:  19%|█▉        | 194/1000 [8:44:59 > 2:05:05]
L-BFGS:  20%|█▉        | 195/1000 [8:55:20 > 2:05:47]
L-BFGS:  20%|█▉        | 196/1000 [8:40:18 > 2:06:24]
L-BFGS:  20%|█▉        | 197/1000 [8:49:40 > 2:07:05]
L-BFGS:  20%|█▉        | 198/1000 [8:59:39 > 2:07:47]
L-BFGS:  20%|█▉        | 199/1000 [9:08:10 > 2:08:30]
L-BFGS:  20%|██        | 200/1000 [9:05:40 > 2:09:10]
L-BFGS:  20%|██        | 201/1000 [9:05:43 > 2:09:51]
L-BFGS:  20%|██        | 202/1000 [8:45:56 > 2:10:28]
L-BFGS:  20%|██        | 203/1000 [8:48:20 > 2:11:08]
L-BFGS:  20%|██        | 204/1000 [8:38:40 > 2:11:45]
L-BFGS:  20%|██        | 205/1000 [8:48:35 > 2:12:27]
L-BFGS:  21%|██        | 206/1000 [8:54:40 > 2:13:09]
L-BFGS:  21%|██        | 207/1000 [8:40:04 > 2:13:46]
L-BFGS:  21%|██        | 208/1000 [8:21:44 > 2:14:21]
L-BFGS:  21%|██        | 209/1000 [8:40:00 > 2:15:03]
L-BFGS:  21%|██        | 210/1000 [8:16:02 > 2:15:37]
L-BFGS:  21%|██        | 211/1000 [8:34:11 > 2:16:19]
L-BFGS:  21%|██        | 212/1000 [8:45:35 > 2:17:02]
L-BFGS:  21%|██▏       | 213/1000 [8:25:54 > 2:17:37]
L-BFGS:  21%|██▏       | 214/1000 [8:41:26 > 2:18:19]
L-BFGS:  22%|██▏       | 215/1000 [8:46:28 > 2:19:01]
L-BFGS:  22%|██▏       | 216/1000 [8:51:06 > 2:19:42]
L-BFGS:  22%|██▏       | 217/1000 [8:33:17 > 2:20:19]
L-BFGS:  22%|██▏       | 218/1000 [8:13:37 > 2:20:53]
L-BFGS:  22%|██▏       | 219/1000 [8:31:44 > 2:21:36]
L-BFGS:  22%|██▏       | 220/1000 [8:39:08 > 2:22:17]
L-BFGS:  22%|██▏       | 221/1000 [8:24:29 > 2:22:53]
L-BFGS:  22%|██▏       | 222/1000 [8:36:46 > 2:23:36]
L-BFGS:  22%|██▏       | 223/1000 [8:17:28 > 2:24:11]
L-BFGS:  22%|██▏       | 224/1000 [8:09:25 > 2:24:47]
L-BFGS:  22%|██▎       | 225/1000 [8:22:32 > 2:25:28]
L-BFGS:  23%|██▎       | 226/1000 [8:08:44 > 2:26:04]
L-BFGS:  23%|██▎       | 227/1000 [8:01:56 > 2:26:40]
L-BFGS:  23%|██▎       | 228/1000 [7:57:09 > 2:27:17]
L-BFGS:  23%|██▎       | 229/1000 [7:53:40 > 2:27:53]
L-BFGS:  23%|██▎       | 230/1000 [8:06:43 > 2:28:33]
L-BFGS:  23%|██▎       | 231/1000 [8:24:44 > 2:29:16]
L-BFGS:  23%|██▎       | 232/1000 [8:03:23 > 2:29:50]
L-BFGS:  23%|██▎       | 233/1000 [7:57:37 > 2:30:27]
L-BFGS:  23%|██▎       | 234/1000 [8:12:47 > 2:31:08]
L-BFGS:  24%|██▎       | 235/1000 [8:02:19 > 2:31:44]
L-BFGS:  24%|██▎       | 236/1000 [7:57:03 > 2:32:21]
L-BFGS:  24%|██▎       | 237/1000 [7:44:15 > 2:32:55]
L-BFGS:  24%|██▍       | 238/1000 [8:05:33 > 2:33:37]
L-BFGS:  24%|██▍       | 239/1000 [7:55:37 > 2:34:13]
L-BFGS:  24%|██▍       | 240/1000 [8:08:11 > 2:34:54]
L-BFGS:  24%|██▍       | 241/1000 [8:22:01 > 2:35:36]
L-BFGS:  24%|██▍       | 242/1000 [8:07:08 > 2:36:12]
L-BFGS:  24%|██▍       | 243/1000 [8:00:06 > 2:36:49]
L-BFGS:  24%|██▍       | 244/1000 [7:43:33 > 2:37:23]
L-BFGS:  24%|██▍       | 245/1000 [8:01:32 > 2:38:05]
L-BFGS:  25%|██▍       | 246/1000 [7:54:00 > 2:38:41]
L-BFGS:  25%|██▍       | 247/1000 [8:05:55 > 2:39:22]
L-BFGS:  25%|██▍       | 248/1000 [8:22:08 > 2:40:05]
L-BFGS:  25%|██▍       | 249/1000 [8:07:57 > 2:40:42]
L-BFGS:  25%|██▌       | 250/1000 [7:57:16 > 2:41:18]
L-BFGS:  25%|██▌       | 251/1000 [8:05:38 > 2:41:59]
L-BFGS:  25%|██▌       | 252/1000 [8:13:05 > 2:42:40]
L-BFGS:  25%|██▌       | 253/1000 [8:24:32 > 2:43:23]
L-BFGS:  25%|██▌       | 254/1000 [7:58:18 > 2:43:56]
L-BFGS:  26%|██▌       | 255/1000 [7:53:13 > 2:44:34]
L-BFGS:  26%|██▌       | 256/1000 [8:06:08 > 2:45:15]
L-BFGS:  26%|██▌       | 257/1000 [8:14:21 > 2:45:57]
L-BFGS:  26%|██▌       | 258/1000 [8:24:57 > 2:46:40]
L-BFGS:  26%|██▌       | 259/1000 [8:26:49 > 2:47:21]
L-BFGS:  26%|██▌       | 260/1000 [8:27:18 > 2:48:03]
L-BFGS:  26%|██▌       | 261/1000 [8:29:05 > 2:48:45]
L-BFGS:  26%|██▌       | 262/1000 [8:03:44 > 2:49:19]
L-BFGS:  26%|██▋       | 263/1000 [7:51:42 > 2:49:55]
L-BFGS:  26%|██▋       | 264/1000 [7:58:15 > 2:50:36]
L-BFGS:  26%|██▋       | 265/1000 [8:12:49 > 2:51:19]
L-BFGS:  27%|██▋       | 266/1000 [8:19:35 > 2:52:01]
L-BFGS:  27%|██▋       | 267/1000 [8:19:24 > 2:52:42]
L-BFGS:  27%|██▋       | 268/1000 [8:23:35 > 2:53:24]
L-BFGS:  27%|██▋       | 269/1000 [8:05:29 > 2:54:01]
L-BFGS:  27%|██▋       | 270/1000 [7:47:05 > 2:54:36]
L-BFGS:  27%|██▋       | 271/1000 [7:58:35 > 2:55:18]
L-BFGS:  27%|██▋       | 272/1000 [8:03:30 > 2:55:59]
L-BFGS:  27%|██▋       | 273/1000 [7:51:14 > 2:56:35]
L-BFGS:  27%|██▋       | 274/1000 [7:35:56 > 2:57:10]
L-BFGS:  28%|██▊       | 275/1000 [7:56:14 > 2:57:54]
L-BFGS:  28%|██▊       | 276/1000 [8:06:29 > 2:58:36]
L-BFGS:  28%|██▊       | 277/1000 [8:07:35 > 2:59:17]
L-BFGS:  28%|██▊       | 278/1000 [7:55:54 > 2:59:54]
L-BFGS:  28%|██▊       | 279/1000 [7:35:11 > 3:00:28]
L-BFGS:  28%|██▊       | 280/1000 [7:45:31 > 3:01:09]
L-BFGS:  28%|██▊       | 281/1000 [7:36:28 > 3:01:46]
L-BFGS:  28%|██▊       | 282/1000 [7:45:29 > 3:02:26]
L-BFGS:  28%|██▊       | 283/1000 [7:39:35 > 3:03:04]
L-BFGS:  28%|██▊       | 284/1000 [7:45:10 > 3:03:44]
L-BFGS:  28%|██▊       | 285/1000 [7:36:01 > 3:04:21]
L-BFGS:  29%|██▊       | 286/1000 [7:50:54 > 3:05:03]
L-BFGS:  29%|██▊       | 287/1000 [7:52:26 > 3:05:43]
L-BFGS:  29%|██▉       | 288/1000 [8:00:47 > 3:06:26]
L-BFGS:  29%|██▉       | 289/1000 [7:43:04 > 3:07:01]
L-BFGS:  29%|██▉       | 290/1000 [7:48:48 > 3:07:42]
L-BFGS:  29%|██▉       | 291/1000 [7:57:50 > 3:08:25]
L-BFGS:  29%|██▉       | 292/1000 [7:40:55 > 3:09:00]
L-BFGS:  29%|██▉       | 293/1000 [7:32:36 > 3:09:37]
L-BFGS:  29%|██▉       | 294/1000 [7:38:12 > 3:10:17]
L-BFGS:  30%|██▉       | 295/1000 [7:52:30 > 3:11:01]
L-BFGS:  30%|██▉       | 296/1000 [7:57:09 > 3:11:42]
L-BFGS:  30%|██▉       | 297/1000 [7:32:23 > 3:12:16]
L-BFGS:  30%|██▉       | 298/1000 [7:48:58 > 3:13:00]
L-BFGS:  30%|██▉       | 299/1000 [7:33:58 > 3:13:36]
L-BFGS:  30%|███       | 300/1000 [7:40:22 > 3:14:17]
L-BFGS:  30%|███       | 301/1000 [7:48:15 > 3:14:59]
L-BFGS:  30%|███       | 302/1000 [7:31:35 > 3:15:34]
L-BFGS:  30%|███       | 303/1000 [7:22:48 > 3:16:11]
L-BFGS:  30%|███       | 304/1000 [7:26:32 > 3:16:50]
L-BFGS:  30%|███       | 305/1000 [7:41:59 > 3:17:33]
L-BFGS:  31%|███       | 306/1000 [7:31:24 > 3:18:10]
L-BFGS:  31%|███       | 307/1000 [7:16:30 > 3:18:45]
L-BFGS:  31%|███       | 308/1000 [7:13:03 > 3:19:22]
L-BFGS:  31%|███       | 309/1000 [7:03:07 > 3:19:57]
L-BFGS:  31%|███       | 310/1000 [7:00:21 > 3:20:33]
L-BFGS:  31%|███       | 311/1000 [6:52:35 > 3:21:07]
L-BFGS:  31%|███       | 312/1000 [6:56:39 > 3:21:45]
L-BFGS:  31%|███▏      | 313/1000 [6:53:25 > 3:22:20]
L-BFGS:  31%|███▏      | 314/1000 [6:52:08 > 3:22:56]
L-BFGS:  32%|███▏      | 315/1000 [6:45:38 > 3:23:31]
L-BFGS:  32%|███▏      | 316/1000 [7:04:55 > 3:24:12]
L-BFGS:  32%|███▏      | 317/1000 [7:23:20 > 3:24:55]
L-BFGS:  32%|███▏      | 318/1000 [7:28:46 > 3:25:35]
L-BFGS:  32%|███▏      | 319/1000 [7:18:49 > 3:26:12]
L-BFGS:  32%|███▏      | 320/1000 [7:10:38 > 3:26:49]
L-BFGS:  32%|███▏      | 321/1000 [6:59:40 > 3:27:24]
L-BFGS:  32%|███▏      | 322/1000 [7:15:06 > 3:28:05]
L-BFGS:  32%|███▏      | 323/1000 [7:22:46 > 3:28:46]
L-BFGS:  32%|███▏      | 324/1000 [7:33:37 > 3:29:29]
L-BFGS:  32%|███▎      | 325/1000 [7:37:00 > 3:30:11]
L-BFGS:  33%|███▎      | 326/1000 [7:39:01 > 3:30:52]
L-BFGS:  33%|███▎      | 327/1000 [7:45:26 > 3:31:35]
L-BFGS:  33%|███▎      | 328/1000 [7:23:40 > 3:32:10]
L-BFGS:  33%|███▎      | 329/1000 [7:13:08 > 3:32:47]
L-BFGS:  33%|███▎      | 330/1000 [7:03:09 > 3:33:23]
L-BFGS:  33%|███▎      | 331/1000 [7:10:51 > 3:34:03]
L-BFGS:  33%|███▎      | 332/1000 [7:00:21 > 3:34:39]
L-BFGS:  33%|███▎      | 333/1000 [7:11:25 > 3:35:20]
L-BFGS:  33%|███▎      | 334/1000 [7:04:21 > 3:35:57]
L-BFGS:  34%|███▎      | 335/1000 [6:51:58 > 3:36:32]
L-BFGS:  34%|███▎      | 336/1000 [6:49:53 > 3:37:08]
L-BFGS:  34%|███▎      | 337/1000 [7:08:32 > 3:37:51]
L-BFGS:  34%|███▍      | 338/1000 [7:12:59 > 3:38:32]
L-BFGS:  34%|███▍      | 339/1000 [7:01:43 > 3:39:08]
L-BFGS:  34%|███▍      | 340/1000 [6:54:19 > 3:39:44]
L-BFGS:  34%|███▍      | 341/1000 [6:50:51 > 3:40:21]
L-BFGS:  34%|███▍      | 342/1000 [6:40:21 > 3:40:55]
L-BFGS:  34%|███▍      | 343/1000 [6:37:19 > 3:41:31]
L-BFGS:  34%|███▍      | 344/1000 [6:55:54 > 3:42:13]
L-BFGS:  34%|███▍      | 345/1000 [7:02:05 > 3:42:53]
L-BFGS:  35%|███▍      | 346/1000 [7:15:41 > 3:43:36]
L-BFGS:  35%|███▍      | 347/1000 [7:02:09 > 3:44:12]
L-BFGS:  35%|███▍      | 348/1000 [7:07:42 > 3:44:53]
L-BFGS:  35%|███▍      | 349/1000 [6:59:03 > 3:45:30]
L-BFGS:  35%|███▌      | 350/1000 [6:49:47 > 3:46:06]
L-BFGS:  35%|███▌      | 351/1000 [7:05:27 > 3:46:49]
L-BFGS:  35%|███▌      | 352/1000 [7:05:41 > 3:47:28]
L-BFGS:  35%|███▌      | 353/1000 [6:52:40 > 3:48:04]
L-BFGS:  35%|███▌      | 354/1000 [6:48:26 > 3:48:41]
L-BFGS:  36%|███▌      | 355/1000 [6:58:53 > 3:49:22]
L-BFGS:  36%|███▌      | 356/1000 [6:50:32 > 3:49:59]
L-BFGS:  36%|███▌      | 357/1000 [6:41:54 > 3:50:35]
L-BFGS:  36%|███▌      | 358/1000 [6:57:47 > 3:51:17]
L-BFGS:  36%|███▌      | 359/1000 [6:39:51 > 3:51:51]
L-BFGS:  36%|███▌      | 360/1000 [6:55:28 > 3:52:33]
L-BFGS:  36%|███▌      | 361/1000 [7:05:28 > 3:53:16]
L-BFGS:  36%|███▌      | 362/1000 [6:48:45 > 3:53:51]
L-BFGS:  36%|███▋      | 363/1000 [7:03:24 > 3:54:34]
L-BFGS:  36%|███▋      | 364/1000 [6:49:10 > 3:55:09]
L-BFGS:  36%|███▋      | 365/1000 [6:40:21 > 3:55:45]
L-BFGS:  37%|███▋      | 366/1000 [6:50:06 > 3:56:27]
L-BFGS:  37%|███▋      | 367/1000 [6:54:53 > 3:57:07]
L-BFGS:  37%|███▋      | 368/1000 [7:05:02 > 3:57:50]
L-BFGS:  37%|███▋      | 369/1000 [6:47:28 > 3:58:25]
L-BFGS:  37%|███▋      | 370/1000 [6:40:44 > 3:59:02]
L-BFGS:  37%|███▋      | 371/1000 [6:54:46 > 3:59:45]
L-BFGS:  37%|███▋      | 372/1000 [6:56:06 > 4:00:25]
L-BFGS:  37%|███▋      | 373/1000 [7:07:05 > 4:01:08]
L-BFGS:  37%|███▋      | 374/1000 [7:07:59 > 4:01:50]
L-BFGS:  38%|███▊      | 375/1000 [6:48:08 > 4:02:24]
L-BFGS:  38%|███▊      | 376/1000 [6:55:32 > 4:03:06]
L-BFGS:  38%|███▊      | 377/1000 [6:40:48 > 4:03:42]
L-BFGS:  38%|███▊      | 378/1000 [6:53:38 > 4:04:25]
L-BFGS:  38%|███▊      | 379/1000 [6:58:13 > 4:05:06]
L-BFGS:  38%|███▊      | 380/1000 [6:59:34 > 4:05:47]
L-BFGS:  38%|███▊      | 381/1000 [6:48:08 > 4:06:24]
L-BFGS:  38%|███▊      | 382/1000 [6:33:43 > 4:06:59]
L-BFGS:  38%|███▊      | 383/1000 [6:46:54 > 4:07:42]
L-BFGS:  38%|███▊      | 384/1000 [6:50:12 > 4:08:23]
L-BFGS:  38%|███▊      | 385/1000 [6:32:54 > 4:08:58]
L-BFGS:  39%|███▊      | 386/1000 [6:44:48 > 4:09:40]
L-BFGS:  39%|███▊      | 387/1000 [6:33:10 > 4:10:16]
L-BFGS:  39%|███▉      | 388/1000 [6:28:23 > 4:10:53]
L-BFGS:  39%|███▉      | 389/1000 [6:35:06 > 4:11:34]
L-BFGS:  39%|███▉      | 390/1000 [6:47:04 > 4:12:17]
L-BFGS:  39%|███▉      | 391/1000 [6:33:28 > 4:12:52]
L-BFGS:  39%|███▉      | 392/1000 [6:34:43 > 4:13:32]
L-BFGS:  39%|███▉      | 393/1000 [6:28:18 > 4:14:09]
L-BFGS:  39%|███▉      | 394/1000 [6:20:33 > 4:14:45]
L-BFGS:  40%|███▉      | 395/1000 [6:16:33 > 4:15:21]
L-BFGS:  40%|███▉      | 396/1000 [6:29:20 > 4:16:03]
L-BFGS:  40%|███▉      | 397/1000 [6:38:01 > 4:16:45]
L-BFGS:  40%|███▉      | 398/1000 [6:46:31 > 4:17:28]
L-BFGS:  40%|███▉      | 399/1000 [6:23:36 > 4:18:01]
L-BFGS:  40%|████      | 400/1000 [6:35:18 > 4:18:43]
L-BFGS:  40%|████      | 401/1000 [6:44:13 > 4:19:26]
L-BFGS:  40%|████      | 402/1000 [6:42:03 > 4:20:06]
L-BFGS:  40%|████      | 403/1000 [6:50:15 > 4:20:49]
L-BFGS:  40%|████      | 404/1000 [6:51:34 > 4:21:31]
L-BFGS:  40%|████      | 405/1000 [6:50:34 > 4:22:12]
L-BFGS:  41%|████      | 406/1000 [6:35:42 > 4:22:49]
L-BFGS:  41%|████      | 407/1000 [6:41:22 > 4:23:31]
L-BFGS:  41%|████      | 408/1000 [6:45:45 > 4:24:13]
L-BFGS:  41%|████      | 409/1000 [6:26:35 > 4:24:48]
L-BFGS:  41%|████      | 410/1000 [6:29:37 > 4:25:29]
L-BFGS:  41%|████      | 411/1000 [6:40:02 > 4:26:12]
L-BFGS:  41%|████      | 412/1000 [6:21:18 > 4:26:47]
L-BFGS:  41%|████▏     | 413/1000 [6:16:12 > 4:27:24]
L-BFGS:  41%|████▏     | 414/1000 [6:25:25 > 4:28:06]
L-BFGS:  42%|████▏     | 415/1000 [6:28:59 > 4:28:47]
L-BFGS:  42%|████▏     | 416/1000 [6:35:59 > 4:29:29]
L-BFGS:  42%|████▏     | 417/1000 [6:19:51 > 4:30:05]
L-BFGS:  42%|████▏     | 418/1000 [6:27:03 > 4:30:47]
L-BFGS:  42%|████▏     | 419/1000 [6:29:08 > 4:31:27]
L-BFGS:  42%|████▏     | 420/1000 [6:15:21 > 4:32:03]
L-BFGS:  42%|████▏     | 421/1000 [6:27:22 > 4:32:46]
L-BFGS:  42%|████▏     | 422/1000 [6:12:17 > 4:33:21]
L-BFGS:  42%|████▏     | 423/1000 [6:22:19 > 4:34:04]
L-BFGS:  42%|████▏     | 424/1000 [6:30:19 > 4:34:47]
L-BFGS:  42%|████▎     | 425/1000 [6:12:40 > 4:35:21]
L-BFGS:  43%|████▎     | 426/1000 [6:21:52 > 4:36:04]
L-BFGS:  43%|████▎     | 427/1000 [6:25:37 > 4:36:45]
L-BFGS:  43%|████▎     | 428/1000 [6:24:54 > 4:37:25]
L-BFGS:  43%|████▎     | 429/1000 [6:32:04 > 4:38:09]
L-BFGS:  43%|████▎     | 430/1000 [6:32:36 > 4:38:50]
L-BFGS:  43%|████▎     | 431/1000 [6:19:03 > 4:39:27]
L-BFGS:  43%|████▎     | 432/1000 [6:04:15 > 4:40:02]
L-BFGS:  43%|████▎     | 433/1000 [6:13:56 > 4:40:44]
L-BFGS:  43%|████▎     | 434/1000 [6:04:13 > 4:41:21]
L-BFGS:  44%|████▎     | 435/1000 [5:48:29 > 4:41:54]
L-BFGS:  44%|████▎     | 436/1000 [5:46:53 > 4:42:30]
L-BFGS:  44%|████▎     | 437/1000 [5:43:39 > 4:43:06]
L-BFGS:  44%|████▍     | 438/1000 [5:44:09 > 4:43:43]
L-BFGS:  44%|████▍     | 439/1000 [5:54:00 > 4:44:24]
L-BFGS:  44%|████▍     | 440/1000 [6:07:31 > 4:45:07]
L-BFGS:  44%|████▍     | 441/1000 [5:56:47 > 4:45:43]
L-BFGS:  44%|████▍     | 442/1000 [5:59:12 > 4:46:22]
L-BFGS:  44%|████▍     | 443/1000 [5:54:13 > 4:46:59]
L-BFGS:  44%|████▍     | 444/1000 [6:04:36 > 4:47:41]
L-BFGS:  44%|████▍     | 445/1000 [6:08:58 > 4:48:22]
L-BFGS:  45%|████▍     | 446/1000 [6:16:12 > 4:49:05]
L-BFGS:  45%|████▍     | 447/1000 [6:19:07 > 4:49:47]
L-BFGS:  45%|████▍     | 448/1000 [6:20:15 > 4:50:29]
L-BFGS:  45%|████▍     | 449/1000 [6:19:27 > 4:51:10]
L-BFGS:  45%|████▌     | 450/1000 [6:21:10 > 4:51:52]
L-BFGS:  45%|████▌     | 451/1000 [6:23:18 > 4:52:35]
L-BFGS:  45%|████▌     | 452/1000 [6:19:09 > 4:53:16]
L-BFGS:  45%|████▌     | 453/1000 [5:59:55 > 4:53:50]
L-BFGS:  45%|████▌     | 454/1000 [6:07:21 > 4:54:33]
L-BFGS:  46%|████▌     | 455/1000 [6:06:57 > 4:55:13]
L-BFGS:  46%|████▌     | 456/1000 [6:11:30 > 4:55:56]
L-BFGS:  46%|████▌     | 457/1000 [6:00:05 > 4:56:33]
L-BFGS:  46%|████▌     | 458/1000 [6:04:44 > 4:57:14]
L-BFGS:  46%|████▌     | 459/1000 [5:54:51 > 4:57:51]
L-BFGS:  46%|████▌     | 460/1000 [6:00:54 > 4:58:33]
L-BFGS:  46%|████▌     | 461/1000 [6:06:21 > 4:59:16]
L-BFGS:  46%|████▌     | 462/1000 [5:47:40 > 4:59:50]
L-BFGS:  46%|████▋     | 463/1000 [5:52:39 > 5:00:31]
L-BFGS:  46%|████▋     | 464/1000 [5:45:57 > 5:01:08]
L-BFGS:  46%|████▋     | 465/1000 [5:49:55 > 5:01:48]
L-BFGS:  47%|████▋     | 466/1000 [5:56:53 > 5:02:30]
L-BFGS:  47%|████▋     | 467/1000 [5:46:53 > 5:03:07]
L-BFGS:  47%|████▋     | 468/1000 [5:37:02 > 5:03:42]
L-BFGS:  47%|████▋     | 469/1000 [5:28:59 > 5:04:18]
L-BFGS:  47%|████▋     | 470/1000 [5:24:09 > 5:04:53]
L-BFGS:  47%|████▋     | 471/1000 [5:24:25 > 5:05:30]
L-BFGS:  47%|████▋     | 472/1000 [5:19:36 > 5:06:05]
L-BFGS:  47%|████▋     | 473/1000 [5:37:41 > 5:06:49]
L-BFGS:  47%|████▋     | 474/1000 [5:28:14 > 5:07:24]
L-BFGS:  48%|████▊     | 475/1000 [5:22:07 > 5:07:59]
L-BFGS:  48%|████▊     | 476/1000 [5:19:04 > 5:08:35]
L-BFGS:  48%|████▊     | 477/1000 [5:31:22 > 5:09:17]
L-BFGS:  48%|████▊     | 478/1000 [5:29:38 > 5:09:54]
L-BFGS:  48%|████▊     | 479/1000 [5:36:36 > 5:10:35]
L-BFGS:  48%|████▊     | 480/1000 [5:32:47 > 5:11:13]
L-BFGS:  48%|████▊     | 481/1000 [5:20:35 > 5:11:47]
L-BFGS:  48%|████▊     | 482/1000 [5:30:23 > 5:12:28]
L-BFGS:  48%|████▊     | 483/1000 [5:25:14 > 5:13:04]
L-BFGS:  48%|████▊     | 484/1000 [5:32:26 > 5:13:45]
L-BFGS:  48%|████▊     | 485/1000 [5:28:31 > 5:14:22]
L-BFGS:  49%|████▊     | 486/1000 [5:32:53 > 5:15:03]
L-BFGS:  49%|████▊     | 487/1000 [5:26:30 > 5:15:39]
L-BFGS:  49%|████▉     | 488/1000 [5:17:51 > 5:16:14]
L-BFGS:  49%|████▉     | 489/1000 [5:11:58 > 5:16:49]
L-BFGS:  49%|████▉     | 490/1000 [5:11:52 > 5:17:26]
L-BFGS:  49%|████▉     | 491/1000 [5:25:21 > 5:18:08]
L-BFGS:  49%|████▉     | 492/1000 [5:21:31 > 5:18:46]
L-BFGS:  49%|████▉     | 493/1000 [5:26:38 > 5:19:26]
L-BFGS:  49%|████▉     | 494/1000 [5:36:50 > 5:20:09]
L-BFGS:  50%|████▉     | 495/1000 [5:40:09 > 5:20:50]
L-BFGS:  50%|████▉     | 496/1000 [5:38:26 > 5:21:30]
L-BFGS:  50%|████▉     | 497/1000 [5:28:52 > 5:22:07]
L-BFGS:  50%|████▉     | 498/1000 [5:20:09 > 5:22:43]
L-BFGS:  50%|████▉     | 499/1000 [5:25:38 > 5:23:24]
L-BFGS:  50%|█████     | 500/1000 [5:35:32 > 5:24:07]
L-BFGS:  50%|█████     | 501/1000 [5:24:06 > 5:24:43]
L-BFGS:  50%|█████     | 502/1000 [5:32:50 > 5:25:26]
L-BFGS:  50%|█████     | 503/1000 [5:15:32 > 5:25:59]
L-BFGS:  50%|█████     | 504/1000 [5:24:33 > 5:26:41]
L-BFGS:  50%|█████     | 505/1000 [5:18:26 > 5:27:18]
L-BFGS:  51%|█████     | 506/1000 [5:08:45 > 5:27:53]
L-BFGS:  51%|█████     | 507/1000 [5:20:38 > 5:28:36]
L-BFGS:  51%|█████     | 508/1000 [5:27:06 > 5:29:18]
L-BFGS:  51%|█████     | 509/1000 [5:30:12 > 5:29:59]
L-BFGS:  51%|█████     | 510/1000 [5:20:18 > 5:30:36]
L-BFGS:  51%|█████     | 511/1000 [5:24:23 > 5:31:17]
L-BFGS:  51%|█████     | 512/1000 [5:30:57 > 5:31:59]
L-BFGS:  51%|█████▏    | 513/1000 [5:29:28 > 5:32:40]
L-BFGS:  51%|█████▏    | 514/1000 [5:29:38 > 5:33:21]
L-BFGS:  52%|█████▏    | 515/1000 [5:33:56 > 5:34:04]
L-BFGS:  52%|█████▏    | 516/1000 [5:17:56 > 5:34:39]
L-BFGS:  52%|█████▏    | 517/1000 [5:12:40 > 5:35:16]
L-BFGS:  52%|█████▏    | 518/1000 [5:17:51 > 5:35:57]
L-BFGS:  52%|█████▏    | 519/1000 [5:22:25 > 5:36:39]
L-BFGS:  52%|█████▏    | 520/1000 [5:12:35 > 5:37:15]
L-BFGS:  52%|█████▏    | 521/1000 [5:17:49 > 5:37:57]
L-BFGS:  52%|█████▏    | 522/1000 [5:20:59 > 5:38:38]
L-BFGS:  52%|█████▏    | 523/1000 [5:09:26 > 5:39:14]
L-BFGS:  52%|█████▏    | 524/1000 [5:02:46 > 5:39:50]
L-BFGS:  52%|█████▎    | 525/1000 [5:11:42 > 5:40:33]
L-BFGS:  53%|█████▎    | 526/1000 [5:14:28 > 5:41:13]
L-BFGS:  53%|█████▎    | 527/1000 [5:08:12 > 5:41:51]
L-BFGS:  53%|█████▎    | 528/1000 [4:57:47 > 5:42:26]
L-BFGS:  53%|█████▎    | 529/1000 [5:03:11 > 5:43:06]
L-BFGS:  53%|█████▎    | 530/1000 [4:58:23 > 5:43:43]
L-BFGS:  53%|█████▎    | 531/1000 [5:05:53 > 5:44:25]
L-BFGS:  53%|█████▎    | 532/1000 [5:14:40 > 5:45:08]
L-BFGS:  53%|█████▎    | 533/1000 [5:16:28 > 5:45:49]
L-BFGS:  53%|█████▎    | 534/1000 [5:15:57 > 5:46:30]
L-BFGS:  54%|█████▎    | 535/1000 [5:20:01 > 5:47:13]
L-BFGS:  54%|█████▎    | 536/1000 [5:16:54 > 5:47:53]
L-BFGS:  54%|█████▎    | 537/1000 [5:06:16 > 5:48:30]
L-BFGS:  54%|█████▍    | 538/1000 [4:55:02 > 5:49:05]
L-BFGS:  54%|█████▍    | 539/1000 [4:47:13 > 5:49:40]
L-BFGS:  54%|█████▍    | 540/1000 [4:45:29 > 5:50:17]
L-BFGS:  54%|█████▍    | 541/1000 [4:42:03 > 5:50:53]
L-BFGS:  54%|█████▍    | 542/1000 [4:41:34 > 5:51:30]
L-BFGS:  54%|█████▍    | 543/1000 [4:32:44 > 5:52:03]
L-BFGS:  54%|█████▍    | 544/1000 [4:49:40 > 5:52:47]
L-BFGS:  55%|█████▍    | 545/1000 [4:43:24 > 5:53:22]
L-BFGS:  55%|█████▍    | 546/1000 [4:40:38 > 5:53:59]
L-BFGS:  55%|█████▍    | 547/1000 [4:50:51 > 5:54:41]
L-BFGS:  55%|█████▍    | 548/1000 [4:43:59 > 5:55:16]
L-BFGS:  55%|█████▍    | 549/1000 [4:39:41 > 5:55:52]
L-BFGS:  55%|█████▌    | 550/1000 [4:44:37 > 5:56:32]
L-BFGS:  55%|█████▌    | 551/1000 [4:43:11 > 5:57:10]
L-BFGS:  55%|█████▌    | 552/1000 [4:50:36 > 5:57:51]
L-BFGS:  55%|█████▌    | 553/1000 [4:42:21 > 5:58:27]
L-BFGS:  55%|█████▌    | 554/1000 [4:50:44 > 5:59:09]
L-BFGS:  56%|█████▌    | 555/1000 [4:42:18 > 5:59:44]
L-BFGS:  56%|█████▌    | 556/1000 [4:53:09 > 6:00:27]
L-BFGS:  56%|█████▌    | 557/1000 [4:55:12 > 6:01:08]
L-BFGS:  56%|█████▌    | 558/1000 [4:43:57 > 6:01:43]
L-BFGS:  56%|█████▌    | 559/1000 [4:51:53 > 6:02:26]
L-BFGS:  56%|█████▌    | 560/1000 [4:53:37 > 6:03:07]
L-BFGS:  56%|█████▌    | 561/1000 [4:47:13 > 6:03:44]
L-BFGS:  56%|█████▌    | 562/1000 [4:51:35 > 6:04:26]
L-BFGS:  56%|█████▋    | 563/1000 [4:41:08 > 6:05:01]
L-BFGS:  56%|█████▋    | 564/1000 [4:47:41 > 6:05:43]
L-BFGS:  56%|█████▋    | 565/1000 [4:36:15 > 6:06:18]
L-BFGS:  57%|█████▋    | 566/1000 [4:31:43 > 6:06:54]
L-BFGS:  57%|█████▋    | 567/1000 [4:25:22 > 6:07:29]
L-BFGS:  57%|█████▋    | 568/1000 [4:36:20 > 6:08:11]
L-BFGS:  57%|█████▋    | 569/1000 [4:46:38 > 6:08:54]
L-BFGS:  57%|█████▋    | 570/1000 [4:48:00 > 6:09:35]
L-BFGS:  57%|█████▋    | 571/1000 [4:52:54 > 6:10:18]
L-BFGS:  57%|█████▋    | 572/1000 [4:53:08 > 6:11:00]
L-BFGS:  57%|█████▋    | 573/1000 [4:39:33 > 6:11:35]
L-BFGS:  57%|█████▋    | 574/1000 [4:30:25 > 6:12:10]
L-BFGS:  57%|█████▊    | 575/1000 [4:36:18 > 6:12:51]
L-BFGS:  58%|█████▊    | 576/1000 [4:32:06 > 6:13:28]
L-BFGS:  58%|█████▊    | 577/1000 [4:35:48 > 6:14:09]
L-BFGS:  58%|█████▊    | 578/1000 [4:30:25 > 6:14:46]
L-BFGS:  58%|█████▊    | 579/1000 [4:25:50 > 6:15:22]
L-BFGS:  58%|█████▊    | 580/1000 [4:31:50 > 6:16:03]
L-BFGS:  58%|█████▊    | 581/1000 [4:25:20 > 6:16:39]
L-BFGS:  58%|█████▊    | 582/1000 [4:32:14 > 6:17:21]
L-BFGS:  58%|█████▊    | 583/1000 [4:38:09 > 6:18:03]
L-BFGS:  58%|█████▊    | 584/1000 [4:29:10 > 6:18:39]
L-BFGS:  58%|█████▊    | 585/1000 [4:32:40 > 6:19:20]
L-BFGS:  59%|█████▊    | 586/1000 [4:38:58 > 6:20:03]
L-BFGS:  59%|█████▊    | 587/1000 [4:26:25 > 6:20:38]
L-BFGS:  59%|█████▉    | 588/1000 [4:21:11 > 6:21:14]
L-BFGS:  59%|█████▉    | 589/1000 [4:26:19 > 6:21:55]
L-BFGS:  59%|█████▉    | 590/1000 [4:30:27 > 6:22:36]
L-BFGS:  59%|█████▉    | 591/1000 [4:36:47 > 6:23:19]
L-BFGS:  59%|█████▉    | 592/1000 [4:39:03 > 6:24:01]
L-BFGS:  59%|█████▉    | 593/1000 [4:28:59 > 6:24:38]
L-BFGS:  59%|█████▉    | 594/1000 [4:32:10 > 6:25:19]
L-BFGS:  60%|█████▉    | 595/1000 [4:22:23 > 6:25:55]
L-BFGS:  60%|█████▉    | 596/1000 [4:29:15 > 6:26:37]
L-BFGS:  60%|█████▉    | 597/1000 [4:16:09 > 6:27:11]
L-BFGS:  60%|█████▉    | 598/1000 [4:22:42 > 6:27:53]
L-BFGS:  60%|█████▉    | 599/1000 [4:30:09 > 6:28:36]
L-BFGS:  60%|██████    | 600/1000 [4:17:16 > 6:29:11]
L-BFGS:  60%|██████    | 601/1000 [4:14:13 > 6:29:48]
L-BFGS:  60%|██████    | 602/1000 [4:21:45 > 6:30:30]
L-BFGS:  60%|██████    | 603/1000 [4:14:56 > 6:31:07]
L-BFGS:  60%|██████    | 604/1000 [4:18:30 > 6:31:47]
L-BFGS:  60%|██████    | 605/1000 [4:09:18 > 6:32:22]
L-BFGS:  61%|██████    | 606/1000 [4:17:46 > 6:33:05]
L-BFGS:  61%|██████    | 607/1000 [4:19:06 > 6:33:45]
L-BFGS:  61%|██████    | 608/1000 [4:14:17 > 6:34:22]
L-BFGS:  61%|██████    | 609/1000 [4:19:12 > 6:35:04]
L-BFGS:  61%|██████    | 610/1000 [4:10:47 > 6:35:40]
L-BFGS:  61%|██████    | 611/1000 [4:18:28 > 6:36:23]
L-BFGS:  61%|██████    | 612/1000 [4:21:29 > 6:37:05]
L-BFGS:  61%|██████▏   | 613/1000 [4:12:26 > 6:37:41]
L-BFGS:  61%|██████▏   | 614/1000 [4:14:08 > 6:38:21]
L-BFGS:  62%|██████▏   | 615/1000 [4:16:14 > 6:39:02]
L-BFGS:  62%|██████▏   | 616/1000 [4:20:51 > 6:39:45]
L-BFGS:  62%|██████▏   | 617/1000 [4:19:32 > 6:40:25]
L-BFGS:  62%|██████▏   | 618/1000 [4:11:17 > 6:41:02]
L-BFGS:  62%|██████▏   | 619/1000 [4:18:27 > 6:41:45]
L-BFGS:  62%|██████▏   | 620/1000 [4:18:07 > 6:42:26]
L-BFGS:  62%|██████▏   | 621/1000 [4:21:29 > 6:43:09]
L-BFGS:  62%|██████▏   | 622/1000 [4:09:43 > 6:43:45]
L-BFGS:  62%|██████▏   | 623/1000 [4:11:19 > 6:44:25]
L-BFGS:  62%|██████▏   | 624/1000 [4:13:59 > 6:45:07]
L-BFGS:  62%|██████▎   | 625/1000 [4:14:02 > 6:45:48]
L-BFGS:  63%|██████▎   | 626/1000 [4:06:08 > 6:46:25]
L-BFGS:  63%|██████▎   | 627/1000 [3:56:40 > 6:47:00]
L-BFGS:  63%|██████▎   | 628/1000 [3:53:58 > 6:47:37]
L-BFGS:  63%|██████▎   | 629/1000 [4:03:56 > 6:48:20]
L-BFGS:  63%|██████▎   | 630/1000 [3:53:32 > 6:48:54]
L-BFGS:  63%|██████▎   | 631/1000 [3:49:31 > 6:49:30]
L-BFGS:  63%|██████▎   | 632/1000 [3:45:15 > 6:50:06]
L-BFGS:  63%|██████▎   | 633/1000 [3:45:57 > 6:50:43]
L-BFGS:  63%|██████▎   | 634/1000 [3:41:51 > 6:51:18]
L-BFGS:  64%|██████▎   | 635/1000 [3:51:22 > 6:52:00]
L-BFGS:  64%|██████▎   | 636/1000 [3:46:10 > 6:52:36]
L-BFGS:  64%|██████▎   | 637/1000 [3:50:52 > 6:53:16]
L-BFGS:  64%|██████▍   | 638/1000 [3:47:50 > 6:53:53]
L-BFGS:  64%|██████▍   | 639/1000 [3:54:51 > 6:54:35]
L-BFGS:  64%|██████▍   | 640/1000 [3:50:03 > 6:55:11]
L-BFGS:  64%|██████▍   | 641/1000 [3:43:04 > 6:55:46]
L-BFGS:  64%|██████▍   | 642/1000 [3:40:25 > 6:56:22]
L-BFGS:  64%|██████▍   | 643/1000 [3:49:30 > 6:57:05]
L-BFGS:  64%|██████▍   | 644/1000 [3:50:33 > 6:57:44]
L-BFGS:  64%|██████▍   | 645/1000 [3:46:40 > 6:58:21]
L-BFGS:  65%|██████▍   | 646/1000 [3:52:47 > 6:59:03]
L-BFGS:  65%|██████▍   | 647/1000 [3:55:07 > 6:59:45]
L-BFGS:  65%|██████▍   | 648/1000 [3:59:28 > 7:00:27]
L-BFGS:  65%|██████▍   | 649/1000 [3:50:09 > 7:01:03]
L-BFGS:  65%|██████▌   | 650/1000 [3:55:08 > 7:01:46]
L-BFGS:  65%|██████▌   | 651/1000 [3:43:39 > 7:02:20]
L-BFGS:  65%|██████▌   | 652/1000 [3:50:23 > 7:03:03]
L-BFGS:  65%|██████▌   | 653/1000 [3:42:50 > 7:03:38]
L-BFGS:  65%|██████▌   | 654/1000 [3:35:17 > 7:04:13]
L-BFGS:  66%|██████▌   | 655/1000 [3:43:37 > 7:04:55]
L-BFGS:  66%|██████▌   | 656/1000 [3:49:14 > 7:05:38]
L-BFGS:  66%|██████▌   | 657/1000 [3:51:40 > 7:06:20]
L-BFGS:  66%|██████▌   | 658/1000 [3:53:18 > 7:07:02]
L-BFGS:  66%|██████▌   | 659/1000 [3:54:22 > 7:07:44]
L-BFGS:  66%|██████▌   | 660/1000 [3:45:34 > 7:08:20]
L-BFGS:  66%|██████▌   | 661/1000 [3:46:48 > 7:09:01]
L-BFGS:  66%|██████▌   | 662/1000 [3:37:52 > 7:09:36]
L-BFGS:  66%|██████▋   | 663/1000 [3:34:35 > 7:10:13]
L-BFGS:  66%|██████▋   | 664/1000 [3:28:01 > 7:10:48]
L-BFGS:  66%|██████▋   | 665/1000 [3:26:21 > 7:11:25]
L-BFGS:  67%|██████▋   | 666/1000 [3:33:03 > 7:12:06]
L-BFGS:  67%|██████▋   | 667/1000 [3:39:09 > 7:12:48]
L-BFGS:  67%|██████▋   | 668/1000 [3:30:05 > 7:13:23]
L-BFGS:  67%|██████▋   | 669/1000 [3:26:51 > 7:13:59]
L-BFGS:  67%|██████▋   | 670/1000 [3:25:24 > 7:14:36]
L-BFGS:  67%|██████▋   | 671/1000 [3:30:40 > 7:15:17]
L-BFGS:  67%|██████▋   | 672/1000 [3:27:16 > 7:15:54]
L-BFGS:  67%|██████▋   | 673/1000 [3:32:52 > 7:16:35]
L-BFGS:  67%|██████▋   | 674/1000 [3:25:17 > 7:17:10]
L-BFGS:  68%|██████▊   | 675/1000 [3:21:28 > 7:17:46]
L-BFGS:  68%|██████▊   | 676/1000 [3:19:31 > 7:18:22]
L-BFGS:  68%|██████▊   | 677/1000 [3:27:26 > 7:19:05]
L-BFGS:  68%|██████▊   | 678/1000 [3:21:17 > 7:19:40]
L-BFGS:  68%|██████▊   | 679/1000 [3:29:26 > 7:20:23]
L-BFGS:  68%|██████▊   | 680/1000 [3:22:06 > 7:20:58]
L-BFGS:  68%|██████▊   | 681/1000 [3:25:25 > 7:21:38]
L-BFGS:  68%|██████▊   | 682/1000 [3:31:48 > 7:22:21]
L-BFGS:  68%|██████▊   | 683/1000 [3:33:40 > 7:23:03]
L-BFGS:  68%|██████▊   | 684/1000 [3:35:52 > 7:23:45]
L-BFGS:  68%|██████▊   | 685/1000 [3:35:47 > 7:24:26]
L-BFGS:  69%|██████▊   | 686/1000 [3:34:38 > 7:25:07]
L-BFGS:  69%|██████▊   | 687/1000 [3:36:58 > 7:25:50]
L-BFGS:  69%|██████▉   | 688/1000 [3:36:32 > 7:26:32]
L-BFGS:  69%|██████▉   | 689/1000 [3:27:40 > 7:27:08]
L-BFGS:  69%|██████▉   | 690/1000 [3:29:55 > 7:27:50]
L-BFGS:  69%|██████▉   | 691/1000 [3:29:14 > 7:28:31]
L-BFGS:  69%|██████▉   | 692/1000 [3:30:47 > 7:29:13]
L-BFGS:  69%|██████▉   | 693/1000 [3:32:08 > 7:29:55]
L-BFGS:  69%|██████▉   | 694/1000 [3:19:21 > 7:30:29]
L-BFGS:  70%|██████▉   | 695/1000 [3:24:25 > 7:31:12]
L-BFGS:  70%|██████▉   | 696/1000 [3:26:37 > 7:31:54]
L-BFGS:  70%|██████▉   | 697/1000 [3:19:29 > 7:32:30]
L-BFGS:  70%|██████▉   | 698/1000 [3:13:26 > 7:33:06]
L-BFGS:  70%|██████▉   | 699/1000 [3:17:48 > 7:33:48]
L-BFGS:  70%|███████   | 700/1000 [3:22:03 > 7:34:31]
L-BFGS:  70%|███████   | 701/1000 [3:10:29 > 7:35:04]
L-BFGS:  70%|███████   | 702/1000 [3:16:12 > 7:35:46]
L-BFGS:  70%|███████   | 703/1000 [3:11:12 > 7:36:23]
L-BFGS:  70%|███████   | 704/1000 [3:13:32 > 7:37:04]
L-BFGS:  70%|███████   | 705/1000 [3:17:39 > 7:37:46]
L-BFGS:  71%|███████   | 706/1000 [3:20:28 > 7:38:29]
L-BFGS:  71%|███████   | 707/1000 [3:13:45 > 7:39:05]
L-BFGS:  71%|███████   | 708/1000 [3:05:59 > 7:39:40]
L-BFGS:  71%|███████   | 709/1000 [3:00:58 > 7:40:15]
L-BFGS:  71%|███████   | 710/1000 [3:07:53 > 7:40:58]
L-BFGS:  71%|███████   | 711/1000 [3:10:04 > 7:41:39]
L-BFGS:  71%|███████   | 712/1000 [3:06:39 > 7:42:16]
L-BFGS:  71%|███████▏  | 713/1000 [3:01:34 > 7:42:52]
L-BFGS:  71%|███████▏  | 714/1000 [3:05:51 > 7:43:33]
L-BFGS:  72%|███████▏  | 715/1000 [3:09:04 > 7:44:15]
L-BFGS:  72%|███████▏  | 716/1000 [3:01:02 > 7:44:50]
L-BFGS:  72%|███████▏  | 717/1000 [2:57:41 > 7:45:26]
L-BFGS:  72%|███████▏  | 718/1000 [3:00:47 > 7:46:06]
L-BFGS:  72%|███████▏  | 719/1000 [3:06:49 > 7:46:50]
L-BFGS:  72%|███████▏  | 720/1000 [3:09:28 > 7:47:32]
L-BFGS:  72%|███████▏  | 721/1000 [3:09:44 > 7:48:13]
L-BFGS:  72%|███████▏  | 722/1000 [3:04:12 > 7:48:51]
L-BFGS:  72%|███████▏  | 723/1000 [3:05:53 > 7:49:32]
L-BFGS:  72%|███████▏  | 724/1000 [2:57:54 > 7:50:07]
L-BFGS:  72%|███████▎  | 725/1000 [3:01:31 > 7:50:49]
L-BFGS:  73%|███████▎  | 726/1000 [2:54:04 > 7:51:23]
L-BFGS:  73%|███████▎  | 727/1000 [2:52:22 > 7:52:01]
L-BFGS:  73%|███████▎  | 728/1000 [2:48:10 > 7:52:36]
L-BFGS:  73%|███████▎  | 729/1000 [2:54:24 > 7:53:18]
L-BFGS:  73%|███████▎  | 730/1000 [2:51:03 > 7:53:55]
L-BFGS:  73%|███████▎  | 731/1000 [2:54:29 > 7:54:36]
L-BFGS:  73%|███████▎  | 732/1000 [2:59:02 > 7:55:19]
L-BFGS:  73%|███████▎  | 733/1000 [2:51:23 > 7:55:53]
L-BFGS:  73%|███████▎  | 734/1000 [2:55:42 > 7:56:36]
L-BFGS:  74%|███████▎  | 735/1000 [2:50:15 > 7:57:12]
L-BFGS:  74%|███████▎  | 736/1000 [2:52:36 > 7:57:52]
L-BFGS:  74%|███████▎  | 737/1000 [2:56:33 > 7:58:35]
L-BFGS:  74%|███████▍  | 738/1000 [2:55:46 > 7:59:15]
L-BFGS:  74%|███████▍  | 739/1000 [2:59:22 > 7:59:59]
L-BFGS:  74%|███████▍  | 740/1000 [2:51:53 > 8:00:35]
L-BFGS:  74%|███████▍  | 741/1000 [2:52:05 > 8:01:15]
L-BFGS:  74%|███████▍  | 742/1000 [2:46:30 > 8:01:51]
L-BFGS:  74%|███████▍  | 743/1000 [2:50:11 > 8:02:33]
L-BFGS:  74%|███████▍  | 744/1000 [2:45:22 > 8:03:10]
L-BFGS:  74%|███████▍  | 745/1000 [2:40:58 > 8:03:46]
L-BFGS:  75%|███████▍  | 746/1000 [2:44:52 > 8:04:27]
L-BFGS:  75%|███████▍  | 747/1000 [2:48:46 > 8:05:10]
L-BFGS:  75%|███████▍  | 748/1000 [2:40:22 > 8:05:44]
L-BFGS:  75%|███████▍  | 749/1000 [2:37:51 > 8:06:20]
L-BFGS:  75%|███████▌  | 750/1000 [2:41:58 > 8:07:02]
L-BFGS:  75%|███████▌  | 751/1000 [2:44:06 > 8:07:43]
L-BFGS:  75%|███████▌  | 752/1000 [2:48:09 > 8:08:26]
L-BFGS:  75%|███████▌  | 753/1000 [2:49:07 > 8:09:08]
L-BFGS:  75%|███████▌  | 754/1000 [2:48:19 > 8:09:49]
L-BFGS:  76%|███████▌  | 755/1000 [2:41:43 > 8:10:26]
L-BFGS:  76%|███████▌  | 756/1000 [2:43:20 > 8:11:07]
L-BFGS:  76%|███████▌  | 757/1000 [2:38:24 > 8:11:44]
L-BFGS:  76%|███████▌  | 758/1000 [2:31:14 > 8:12:17]
L-BFGS:  76%|███████▌  | 759/1000 [2:30:27 > 8:12:55]
L-BFGS:  76%|███████▌  | 760/1000 [2:28:18 > 8:13:31]
L-BFGS:  76%|███████▌  | 761/1000 [2:32:56 > 8:14:12]
L-BFGS:  76%|███████▌  | 762/1000 [2:37:37 > 8:14:55]
L-BFGS:  76%|███████▋  | 763/1000 [2:31:19 > 8:15:30]
L-BFGS:  76%|███████▋  | 764/1000 [2:28:12 > 8:16:06]
L-BFGS:  76%|███████▋  | 765/1000 [2:23:56 > 8:16:41]
L-BFGS:  77%|███████▋  | 766/1000 [2:23:58 > 8:17:18]
L-BFGS:  77%|███████▋  | 767/1000 [2:21:54 > 8:17:54]
L-BFGS:  77%|███████▋  | 768/1000 [2:26:59 > 8:18:35]
L-BFGS:  77%|███████▋  | 769/1000 [2:23:34 > 8:19:11]
L-BFGS:  77%|███████▋  | 770/1000 [2:19:57 > 8:19:46]
L-BFGS:  77%|███████▋  | 771/1000 [2:26:49 > 8:20:29]
L-BFGS:  77%|███████▋  | 772/1000 [2:28:46 > 8:21:10]
L-BFGS:  77%|███████▋  | 773/1000 [2:32:23 > 8:21:52]
L-BFGS:  77%|███████▋  | 774/1000 [2:33:31 > 8:22:34]
L-BFGS:  78%|███████▊  | 775/1000 [2:33:24 > 8:23:16]
L-BFGS:  78%|███████▊  | 776/1000 [2:34:26 > 8:23:58]
L-BFGS:  78%|███████▊  | 777/1000 [2:35:19 > 8:24:41]
L-BFGS:  78%|███████▊  | 778/1000 [2:26:51 > 8:25:16]
L-BFGS:  78%|███████▊  | 779/1000 [2:29:01 > 8:25:58]
L-BFGS:  78%|███████▊  | 780/1000 [2:29:24 > 8:26:39]
L-BFGS:  78%|███████▊  | 781/1000 [2:22:56 > 8:27:15]
L-BFGS:  78%|███████▊  | 782/1000 [2:19:09 > 8:27:51]
L-BFGS:  78%|███████▊  | 783/1000 [2:21:30 > 8:28:32]
L-BFGS:  78%|███████▊  | 784/1000 [2:18:34 > 8:29:09]
L-BFGS:  78%|███████▊  | 785/1000 [2:14:18 > 8:29:44]
L-BFGS:  79%|███████▊  | 786/1000 [2:19:14 > 8:30:27]
L-BFGS:  79%|███████▊  | 787/1000 [2:13:13 > 8:31:01]
L-BFGS:  79%|███████▉  | 788/1000 [2:16:41 > 8:31:42]
L-BFGS:  79%|███████▉  | 789/1000 [2:20:02 > 8:32:25]
L-BFGS:  79%|███████▉  | 790/1000 [2:15:17 > 8:33:01]
L-BFGS:  79%|███████▉  | 791/1000 [2:18:55 > 8:33:43]
L-BFGS:  79%|███████▉  | 792/1000 [2:12:59 > 8:34:18]
L-BFGS:  79%|███████▉  | 793/1000 [2:10:12 > 8:34:55]
L-BFGS:  79%|███████▉  | 794/1000 [2:14:25 > 8:35:37]
L-BFGS:  80%|███████▉  | 795/1000 [2:08:06 > 8:36:11]
L-BFGS:  80%|███████▉  | 796/1000 [2:07:12 > 8:36:48]
L-BFGS:  80%|███████▉  | 797/1000 [2:10:59 > 8:37:30]
L-BFGS:  80%|███████▉  | 798/1000 [2:14:11 > 8:38:12]
L-BFGS:  80%|███████▉  | 799/1000 [2:09:28 > 8:38:48]
L-BFGS:  80%|████████  | 800/1000 [2:11:58 > 8:39:30]
L-BFGS:  80%|████████  | 801/1000 [2:14:19 > 8:40:12]
L-BFGS:  80%|████████  | 802/1000 [2:06:21 > 8:40:45]
L-BFGS:  80%|████████  | 803/1000 [2:05:02 > 8:41:23]
L-BFGS:  80%|████████  | 804/1000 [2:07:39 > 8:42:04]
L-BFGS:  80%|████████  | 805/1000 [2:08:29 > 8:42:45]
L-BFGS:  81%|████████  | 806/1000 [2:05:15 > 8:43:22]
L-BFGS:  81%|████████  | 807/1000 [2:07:36 > 8:44:04]
L-BFGS:  81%|████████  | 808/1000 [2:10:18 > 8:44:47]
L-BFGS:  81%|████████  | 809/1000 [2:03:52 > 8:45:22]
L-BFGS:  81%|████████  | 810/1000 [1:59:40 > 8:45:57]
L-BFGS:  81%|████████  | 811/1000 [2:03:28 > 8:46:39]
L-BFGS:  81%|████████  | 812/1000 [2:04:24 > 8:47:20]
L-BFGS:  81%|████████▏ | 813/1000 [2:06:03 > 8:48:02]
L-BFGS:  81%|████████▏ | 814/1000 [2:07:51 > 8:48:46]
L-BFGS:  82%|████████▏ | 815/1000 [2:06:09 > 8:49:26]
L-BFGS:  82%|████████▏ | 816/1000 [2:01:39 > 8:50:02]
L-BFGS:  82%|████████▏ | 817/1000 [1:57:24 > 8:50:38]
L-BFGS:  82%|████████▏ | 818/1000 [2:00:16 > 8:51:21]
L-BFGS:  82%|████████▏ | 819/1000 [2:00:53 > 8:52:02]
L-BFGS:  82%|████████▏ | 820/1000 [2:00:45 > 8:52:42]
L-BFGS:  82%|████████▏ | 821/1000 [1:57:12 > 8:53:19]
L-BFGS:  82%|████████▏ | 822/1000 [1:57:53 > 8:54:00]
L-BFGS:  82%|████████▏ | 823/1000 [1:59:58 > 8:54:43]
L-BFGS:  82%|████████▏ | 824/1000 [2:00:23 > 8:55:25]
L-BFGS:  82%|████████▎ | 825/1000 [1:59:53 > 8:56:06]
L-BFGS:  83%|████████▎ | 826/1000 [2:00:18 > 8:56:48]
L-BFGS:  83%|████████▎ | 827/1000 [2:00:46 > 8:57:31]
L-BFGS:  83%|████████▎ | 828/1000 [1:53:55 > 8:58:06]
L-BFGS:  83%|████████▎ | 829/1000 [1:55:28 > 8:58:48]
L-BFGS:  83%|████████▎ | 830/1000 [1:55:37 > 8:59:30]
L-BFGS:  83%|████████▎ | 831/1000 [1:54:32 > 9:00:10]
L-BFGS:  83%|████████▎ | 832/1000 [1:55:54 > 9:00:53]
L-BFGS:  83%|████████▎ | 833/1000 [1:55:23 > 9:01:35]
L-BFGS:  83%|████████▎ | 834/1000 [1:55:23 > 9:02:17]
L-BFGS:  84%|████████▎ | 835/1000 [1:49:58 > 9:02:53]
L-BFGS:  84%|████████▎ | 836/1000 [1:50:00 > 9:03:34]
L-BFGS:  84%|████████▎ | 837/1000 [1:46:36 > 9:04:11]
L-BFGS:  84%|████████▍ | 838/1000 [1:46:59 > 9:04:51]
L-BFGS:  84%|████████▍ | 839/1000 [1:43:47 > 9:05:28]
L-BFGS:  84%|████████▍ | 840/1000 [1:44:48 > 9:06:09]
L-BFGS:  84%|████████▍ | 841/1000 [1:45:37 > 9:06:50]
L-BFGS:  84%|████████▍ | 842/1000 [1:42:42 > 9:07:27]
L-BFGS:  84%|████████▍ | 843/1000 [1:44:39 > 9:08:09]
L-BFGS:  84%|████████▍ | 844/1000 [1:45:43 > 9:08:51]
L-BFGS:  84%|████████▍ | 845/1000 [1:41:19 > 9:09:27]
L-BFGS:  85%|████████▍ | 846/1000 [1:38:23 > 9:10:03]
L-BFGS:  85%|████████▍ | 847/1000 [1:35:20 > 9:10:39]
L-BFGS:  85%|████████▍ | 848/1000 [1:36:50 > 9:11:19]
L-BFGS:  85%|████████▍ | 849/1000 [1:39:55 > 9:12:02]
L-BFGS:  85%|████████▌ | 850/1000 [1:36:30 > 9:12:38]
L-BFGS:  85%|████████▌ | 851/1000 [1:34:09 > 9:13:14]
L-BFGS:  85%|████████▌ | 852/1000 [1:31:46 > 9:13:50]
L-BFGS:  85%|████████▌ | 853/1000 [1:34:27 > 9:14:32]
L-BFGS:  85%|████████▌ | 854/1000 [1:31:29 > 9:15:07]
L-BFGS:  86%|████████▌ | 855/1000 [1:33:04 > 9:15:48]
L-BFGS:  86%|████████▌ | 856/1000 [1:34:59 > 9:16:30]
L-BFGS:  86%|████████▌ | 857/1000 [1:37:08 > 9:17:13]
L-BFGS:  86%|████████▌ | 858/1000 [1:36:09 > 9:17:54]
L-BFGS:  86%|████████▌ | 859/1000 [1:36:59 > 9:18:36]
L-BFGS:  86%|████████▌ | 860/1000 [1:32:44 > 9:19:12]
L-BFGS:  86%|████████▌ | 861/1000 [1:29:54 > 9:19:49]
L-BFGS:  86%|████████▌ | 862/1000 [1:31:02 > 9:20:30]
L-BFGS:  86%|████████▋ | 863/1000 [1:26:30 > 9:21:04]
L-BFGS:  86%|████████▋ | 864/1000 [1:29:35 > 9:21:48]
L-BFGS:  86%|████████▋ | 865/1000 [1:25:35 > 9:22:22]
L-BFGS:  87%|████████▋ | 866/1000 [1:27:37 > 9:23:04]
L-BFGS:  87%|████████▋ | 867/1000 [1:25:26 > 9:23:41]
L-BFGS:  87%|████████▋ | 868/1000 [1:22:41 > 9:24:17]
L-BFGS:  87%|████████▋ | 869/1000 [1:20:48 > 9:24:52]
L-BFGS:  87%|████████▋ | 870/1000 [1:18:38 > 9:25:27]
L-BFGS:  87%|████████▋ | 871/1000 [1:18:40 > 9:26:04]
L-BFGS:  87%|████████▋ | 872/1000 [1:17:25 > 9:26:40]
L-BFGS:  87%|████████▋ | 873/1000 [1:21:01 > 9:27:23]
L-BFGS:  87%|████████▋ | 874/1000 [1:22:20 > 9:28:04]
L-BFGS:  88%|████████▊ | 875/1000 [1:22:49 > 9:28:45]
L-BFGS:  88%|████████▊ | 876/1000 [1:19:49 > 9:29:21]
L-BFGS:  88%|████████▊ | 877/1000 [1:20:34 > 9:30:02]
L-BFGS:  88%|████████▊ | 878/1000 [1:22:00 > 9:30:45]
L-BFGS:  88%|████████▊ | 879/1000 [1:22:07 > 9:31:26]
L-BFGS:  88%|████████▊ | 880/1000 [1:21:55 > 9:32:08]
L-BFGS:  88%|████████▊ | 881/1000 [1:19:08 > 9:32:45]
L-BFGS:  88%|████████▊ | 882/1000 [1:18:58 > 9:33:26]
L-BFGS:  88%|████████▊ | 883/1000 [1:16:14 > 9:34:03]
L-BFGS:  88%|████████▊ | 884/1000 [1:17:30 > 9:34:45]
L-BFGS:  88%|████████▊ | 885/1000 [1:13:18 > 9:35:19]
L-BFGS:  89%|████████▊ | 886/1000 [1:14:38 > 9:36:01]
L-BFGS:  89%|████████▊ | 887/1000 [1:11:49 > 9:36:36]
L-BFGS:  89%|████████▉ | 888/1000 [1:13:45 > 9:37:19]
L-BFGS:  89%|████████▉ | 889/1000 [1:14:12 > 9:38:01]
L-BFGS:  89%|████████▉ | 890/1000 [1:11:20 > 9:38:37]
L-BFGS:  89%|████████▉ | 891/1000 [1:09:31 > 9:39:13]
L-BFGS:  89%|████████▉ | 892/1000 [1:06:41 > 9:39:48]
L-BFGS:  89%|████████▉ | 893/1000 [1:08:53 > 9:40:30]
L-BFGS:  89%|████████▉ | 894/1000 [1:06:43 > 9:41:06]
L-BFGS:  90%|████████▉ | 895/1000 [1:07:47 > 9:41:47]
L-BFGS:  90%|████████▉ | 896/1000 [1:09:01 > 9:42:29]
L-BFGS:  90%|████████▉ | 897/1000 [1:09:21 > 9:43:11]
L-BFGS:  90%|████████▉ | 898/1000 [1:09:47 > 9:43:53]
L-BFGS:  90%|████████▉ | 899/1000 [1:06:30 > 9:44:29]
L-BFGS:  90%|█████████ | 900/1000 [1:04:08 > 9:45:05]
L-BFGS:  90%|█████████ | 901/1000 [1:05:07 > 9:45:47]
L-BFGS:  90%|█████████ | 902/1000 [1:04:34 > 9:46:27]
L-BFGS:  90%|█████████ | 903/1000 [1:02:55 > 9:47:04]
L-BFGS:  90%|█████████ | 904/1000 [1:00:54 > 9:47:40]
L-BFGS:  90%|█████████ | 905/1000 [59:21 > 9:48:17]  
L-BFGS:  91%|█████████ | 906/1000 [57:39 > 9:48:52]
L-BFGS:  91%|█████████ | 907/1000 [59:02 > 9:49:33]
L-BFGS:  91%|█████████ | 908/1000 [57:33 > 9:50:09]
L-BFGS:  91%|█████████ | 909/1000 [55:46 > 9:50:44]
L-BFGS:  91%|█████████ | 910/1000 [57:49 > 9:51:27]
L-BFGS:  91%|█████████ | 911/1000 [58:35 > 9:52:08]
L-BFGS:  91%|█████████ | 912/1000 [56:17 > 9:52:44]
L-BFGS:  91%|█████████▏| 913/1000 [57:35 > 9:53:27]
L-BFGS:  91%|█████████▏| 914/1000 [54:53 > 9:54:02]
L-BFGS:  92%|█████████▏| 915/1000 [53:20 > 9:54:38]
L-BFGS:  92%|█████████▏| 916/1000 [51:24 > 9:55:13]
L-BFGS:  92%|█████████▏| 917/1000 [53:00 > 9:55:55]
L-BFGS:  92%|█████████▏| 918/1000 [54:25 > 9:56:38]
L-BFGS:  92%|█████████▏| 919/1000 [53:57 > 9:57:18]
L-BFGS:  92%|█████████▏| 920/1000 [51:59 > 9:57:55]
L-BFGS:  92%|█████████▏| 921/1000 [49:56 > 9:58:31]
L-BFGS:  92%|█████████▏| 922/1000 [50:52 > 9:59:13]
L-BFGS:  92%|█████████▏| 923/1000 [48:42 > 9:59:48]
L-BFGS:  92%|█████████▏| 924/1000 [47:30 > 10:00:24]
L-BFGS:  92%|█████████▎| 925/1000 [48:32 > 10:01:06]
L-BFGS:  93%|█████████▎| 926/1000 [46:34 > 10:01:41]
L-BFGS:  93%|█████████▎| 927/1000 [45:36 > 10:02:18]
L-BFGS:  93%|█████████▎| 928/1000 [46:32 > 10:03:00]
L-BFGS:  93%|█████████▎| 929/1000 [46:44 > 10:03:41]
L-BFGS:  93%|█████████▎| 930/1000 [44:44 > 10:04:17]
L-BFGS:  93%|█████████▎| 931/1000 [45:11 > 10:04:58]
L-BFGS:  93%|█████████▎| 932/1000 [45:48 > 10:05:41]
L-BFGS:  93%|█████████▎| 933/1000 [45:30 > 10:06:23]
L-BFGS:  93%|█████████▎| 934/1000 [43:21 > 10:06:59]
L-BFGS:  94%|█████████▎| 935/1000 [41:41 > 10:07:36]
L-BFGS:  94%|█████████▎| 936/1000 [39:34 > 10:08:09]
L-BFGS:  94%|█████████▎| 937/1000 [40:22 > 10:08:51]
L-BFGS:  94%|█████████▍| 938/1000 [40:42 > 10:09:33]
L-BFGS:  94%|█████████▍| 939/1000 [39:10 > 10:10:09]
L-BFGS:  94%|█████████▍| 940/1000 [37:46 > 10:10:45]
L-BFGS:  94%|█████████▍| 941/1000 [38:18 > 10:11:27]
L-BFGS:  94%|█████████▍| 942/1000 [38:44 > 10:12:10]
L-BFGS:  94%|█████████▍| 943/1000 [38:12 > 10:12:50]
L-BFGS:  94%|█████████▍| 944/1000 [38:16 > 10:13:33]
L-BFGS:  94%|█████████▍| 945/1000 [37:50 > 10:14:15]
L-BFGS:  95%|█████████▍| 946/1000 [36:57 > 10:14:55]
L-BFGS:  95%|█████████▍| 947/1000 [34:59 > 10:15:32]
L-BFGS:  95%|█████████▍| 948/1000 [34:48 > 10:16:13]
L-BFGS:  95%|█████████▍| 949/1000 [33:24 > 10:16:50]
L-BFGS:  95%|█████████▌| 950/1000 [32:36 > 10:17:29]
L-BFGS:  95%|█████████▌| 951/1000 [31:13 > 10:18:05]
L-BFGS:  95%|█████████▌| 952/1000 [31:48 > 10:18:49]
L-BFGS:  95%|█████████▌| 953/1000 [31:16 > 10:19:29]
L-BFGS:  95%|█████████▌| 954/1000 [31:19 > 10:20:12]
L-BFGS:  96%|█████████▌| 955/1000 [30:43 > 10:20:53]
L-BFGS:  96%|█████████▌| 956/1000 [28:37 > 10:21:28]
L-BFGS:  96%|█████████▌| 957/1000 [27:30 > 10:22:05]
L-BFGS:  96%|█████████▌| 958/1000 [27:43 > 10:22:47]
L-BFGS:  96%|█████████▌| 959/1000 [26:29 > 10:23:24]
L-BFGS:  96%|█████████▌| 960/1000 [25:01 > 10:23:59]
L-BFGS:  96%|█████████▌| 961/1000 [24:16 > 10:24:35]
L-BFGS:  96%|█████████▌| 962/1000 [23:41 > 10:25:13]
L-BFGS:  96%|█████████▋| 963/1000 [22:40 > 10:25:48]
L-BFGS:  96%|█████████▋| 964/1000 [23:15 > 10:26:32]
L-BFGS:  96%|█████████▋| 965/1000 [22:08 > 10:27:08]
L-BFGS:  97%|█████████▋| 966/1000 [21:15 > 10:27:44]
L-BFGS:  97%|█████████▋| 967/1000 [20:03 > 10:28:18]
L-BFGS:  97%|█████████▋| 968/1000 [19:30 > 10:28:55]
L-BFGS:  97%|█████████▋| 969/1000 [20:01 > 10:29:39]
L-BFGS:  97%|█████████▋| 970/1000 [18:49 > 10:30:14]
L-BFGS:  97%|█████████▋| 971/1000 [18:05 > 10:30:51]
L-BFGS:  97%|█████████▋| 972/1000 [17:04 > 10:31:25]
L-BFGS:  97%|█████████▋| 973/1000 [17:21 > 10:32:09]
L-BFGS:  97%|█████████▋| 974/1000 [17:09 > 10:32:51]
L-BFGS:  98%|█████████▊| 975/1000 [16:08 > 10:33:28]
L-BFGS:  98%|█████████▊| 976/1000 [15:56 > 10:34:10]
L-BFGS:  98%|█████████▊| 977/1000 [15:29 > 10:34:52]
L-BFGS:  98%|█████████▊| 978/1000 [15:05 > 10:35:35]
L-BFGS:  98%|█████████▊| 979/1000 [13:56 > 10:36:11]
L-BFGS:  98%|█████████▊| 980/1000 [13:27 > 10:36:53]
L-BFGS:  98%|█████████▊| 981/1000 [13:01 > 10:37:36]
L-BFGS:  98%|█████████▊| 982/1000 [12:11 > 10:38:15]
L-BFGS:  98%|█████████▊| 983/1000 [11:40 > 10:38:58]
L-BFGS:  98%|█████████▊| 984/1000 [10:37 > 10:39:35]
L-BFGS:  98%|█████████▊| 985/1000 [10:05 > 10:40:16]
L-BFGS:  99%|█████████▊| 986/1000 [09:39 > 10:41:00]
L-BFGS:  99%|█████████▊| 987/1000 [08:34 > 10:41:35]
L-BFGS:  99%|█████████▉| 988/1000 [08:04 > 10:42:18]
L-BFGS:  99%|█████████▉| 989/1000 [07:32 > 10:43:01]
L-BFGS:  99%|█████████▉| 990/1000 [06:28 > 10:43:34]
L-BFGS:  99%|█████████▉| 991/1000 [06:01 > 10:44:17]
L-BFGS:  99%|█████████▉| 992/1000 [05:25 > 10:44:59]
L-BFGS:  99%|█████████▉| 993/1000 [04:46 > 10:45:41]
L-BFGS:  99%|█████████▉| 994/1000 [04:10 > 10:46:24]
L-BFGS: 100%|█████████▉| 995/1000 [03:29 > 10:47:07]
L-BFGS: 100%|█████████▉| 996/1000 [02:42 > 10:47:44]
L-BFGS: 100%|█████████▉| 997/1000 [02:02 > 10:48:25]
L-BFGS: 100%|█████████▉| 998/1000 [01:21 > 10:49:07]
L-BFGS: 100%|█████████▉| 999/1000 [00:39 > 10:49:43]
L-BFGS: 100%|██████████| 1000/1000 [00:00 > 10:50:17]
L-BFGS: 100%|██████████| 1000/1000 [00:00 > 10:50:17]
Training saved: C:\Ali Computation\pinn\code\heterogeneous\pino_heterogeneous\results\exp_O_grf_K100_N500_mixed_ell005_01_w64_float64_lr01_maxiter5\pino_heterogeneous_concentration.png C:\Ali Computation\pinn\code\heterogeneous\pino_heterogeneous\results\exp_O_grf_K100_N500_mixed_ell005_01_w64_float64_lr01_maxiter5\pino_heterogeneous_loss.png C:\Ali Computation\pinn\code\heterogeneous\pino_heterogeneous\results\exp_O_grf_K100_N500_mixed_ell005_01_w64_float64_lr01_maxiter5\pino_heterogeneous_model.pt
COMSOL validation: 81 media -> C:\Ali Computation\pinn\code\heterogeneous\pino_heterogeneous\results\exp_O_grf_K100_N500_mixed_ell005_01_w64_float64_lr01_maxiter5  (x* collocation n=86)

COMSOL vs PINO:   0%|          | 0/81 [00:00<?, ?it/s]
COMSOL vs PINO:   5%|▍         | 4/81 [00:00<00:01, 39.09it/s]
COMSOL vs PINO:  10%|▉         | 8/81 [00:00<00:01, 38.67it/s]
COMSOL vs PINO:  16%|█▌        | 13/81 [00:00<00:01, 40.14it/s]
COMSOL vs PINO:  22%|██▏       | 18/81 [00:00<00:01, 41.55it/s]
COMSOL vs PINO:  28%|██▊       | 23/81 [00:00<00:01, 41.79it/s]
COMSOL vs PINO:  35%|███▍      | 28/81 [00:00<00:01, 42.78it/s]
COMSOL vs PINO:  41%|████      | 33/81 [00:00<00:01, 43.63it/s]
COMSOL vs PINO:  47%|████▋     | 38/81 [00:00<00:00, 44.70it/s]
COMSOL vs PINO:  53%|█████▎    | 43/81 [00:00<00:00, 45.11it/s]
COMSOL vs PINO:  59%|█████▉    | 48/81 [00:01<00:00, 45.69it/s]
COMSOL vs PINO:  65%|██████▌   | 53/81 [00:01<00:00, 46.08it/s]
COMSOL vs PINO:  72%|███████▏  | 58/81 [00:01<00:00, 45.54it/s]
COMSOL vs PINO:  78%|███████▊  | 63/81 [00:01<00:00, 45.68it/s]
COMSOL vs PINO:  84%|████████▍ | 68/81 [00:01<00:00, 45.93it/s]
COMSOL vs PINO:  90%|█████████ | 73/81 [00:01<00:00, 45.75it/s]
COMSOL vs PINO:  96%|█████████▋| 78/81 [00:01<00:00, 45.98it/s]
COMSOL vs PINO: 100%|██████████| 81/81 [00:01<00:00, 44.47it/s]
COMSOL validation summary: n=81  mean=5.000005e-02  max=1.413117e-01  min=1.862493e-02
Wrote C:\Ali Computation\pinn\code\heterogeneous\pino_heterogeneous\results\exp_O_grf_K100_N500_mixed_ell005_01_w64_float64_lr01_maxiter5\comsol_validation_summary.csv
Run metadata: C:\Ali Computation\pinn\code\heterogeneous\pino_heterogeneous\results\exp_O_grf_K100_N500_mixed_ell005_01_w64_float64_lr01_maxiter5\run_meta.json

# exit 0 after 10:50:46.366446
