# code/heterogeneous/pino_heterogeneous/pinn1d_heterogeneous_parametric_neural_operator.py 
# started 2026-06-10 00:23:42
# cwd C:\Ali Computation\pinn\code\heterogeneous\pino_heterogeneous

Using CPU (CUDA not available, dtype=torch.float32)
PE (computed) = 0.010368
Training: 500 LHC samples in [0.01, 0.05] m/d (exclude COMSOL 3^4 grid: True)
  saved/loaded: C:\Ali Computation\pinn\code\heterogeneous\pino_heterogeneous\results\lhc_train_u500.csv
  branch CFL range [0.120049, 0.599914]
PDE mesh: bulk 50x50x500 + interface bands (36 x* / band, +/-0.025 around (0.2, 0.4, 0.6))
COMSOL validation: 81 fixed grid cases from comsol_4zones.txt
run_training=True  run_comsol_validation=True
PDE collocation points: 2,150,000 (bulk 1,250,000, interface 900,000)
Collocation mesh plot (pre-train): C:\Ali Computation\pinn\code\heterogeneous\pino_heterogeneous\results\pino_heterogeneous_collocation_points.png
LBFGS (
Parameter Group 0
    history_size: 50
    line_search_fn: strong_wolfe
    lr: 1
    max_eval: 1
    max_iter: 1
    tolerance_change: 1e-09
    tolerance_grad: 1e-07
)

L-BFGS:   0%|          | 0/1000 [? > 00:00]
L-BFGS:   0%|          | 1/1000 [1:57:23 > 00:07]
L-BFGS:   0%|          | 2/1000 [1:54:03 > 00:13]
L-BFGS:   0%|          | 3/1000 [1:52:24 > 00:20]
L-BFGS:   0%|          | 4/1000 [1:51:39 > 00:27]
L-BFGS:   0%|          | 5/1000 [1:51:11 > 00:33]
L-BFGS:   1%|          | 6/1000 [1:50:49 > 00:40]
L-BFGS:   1%|          | 7/1000 [1:50:40 > 00:47]
L-BFGS:   1%|          | 8/1000 [1:50:20 > 00:53]
L-BFGS:   1%|          | 9/1000 [1:50:26 > 01:00]
L-BFGS:   1%|          | 10/1000 [1:50:18 > 01:07]
L-BFGS:   1%|          | 11/1000 [1:50:02 > 01:13]
L-BFGS:   1%|          | 12/1000 [1:51:25 > 01:20]
L-BFGS:   1%|▏         | 13/1000 [1:51:55 > 01:27]
L-BFGS:   1%|▏         | 14/1000 [1:51:38 > 01:34]
L-BFGS:   2%|▏         | 15/1000 [1:53:07 > 01:41]
L-BFGS:   2%|▏         | 16/1000 [1:54:03 > 01:48]
L-BFGS:   2%|▏         | 17/1000 [1:52:57 > 01:55]
L-BFGS:   2%|▏         | 18/1000 [1:53:56 > 02:02]
L-BFGS:   2%|▏         | 19/1000 [1:54:01 > 02:09]
L-BFGS:   2%|▏         | 20/1000 [1:52:38 > 02:16]
L-BFGS:   2%|▏         | 21/1000 [1:51:52 > 02:23]
L-BFGS:   2%|▏         | 22/1000 [1:51:51 > 02:29]
L-BFGS:   2%|▏         | 23/1000 [1:51:10 > 02:36]
L-BFGS:   2%|▏         | 24/1000 [1:50:57 > 02:43]
L-BFGS:   2%|▎         | 25/1000 [1:50:30 > 02:50]
L-BFGS:   3%|▎         | 26/1000 [1:50:02 > 02:56]
L-BFGS:   3%|▎         | 27/1000 [1:50:05 > 03:03]
L-BFGS:   3%|▎         | 28/1000 [1:50:02 > 03:10]
L-BFGS:   3%|▎         | 29/1000 [1:49:53 > 03:17]
L-BFGS:   3%|▎         | 30/1000 [1:49:37 > 03:24]
L-BFGS:   3%|▎         | 31/1000 [1:49:55 > 03:30]
L-BFGS:   3%|▎         | 32/1000 [1:49:34 > 03:37]
L-BFGS:   3%|▎         | 33/1000 [1:49:13 > 03:44]
L-BFGS:   3%|▎         | 34/1000 [1:49:16 > 03:51]
L-BFGS:   4%|▎         | 35/1000 [1:49:16 > 03:58]
L-BFGS:   4%|▎         | 36/1000 [1:49:06 > 04:04]
L-BFGS:   4%|▎         | 37/1000 [1:49:00 > 04:11]
L-BFGS:   4%|▍         | 38/1000 [1:48:52 > 04:18]
L-BFGS:   4%|▍         | 39/1000 [1:48:38 > 04:25]
L-BFGS:   4%|▍         | 40/1000 [1:48:27 > 04:31]
L-BFGS:   4%|▍         | 41/1000 [1:48:09 > 04:38]
L-BFGS:   4%|▍         | 42/1000 [1:47:56 > 04:45]
L-BFGS:   4%|▍         | 43/1000 [1:47:43 > 04:52]
L-BFGS:   4%|▍         | 44/1000 [1:47:32 > 04:58]
L-BFGS:   4%|▍         | 45/1000 [1:47:19 > 05:05]
L-BFGS:   5%|▍         | 46/1000 [1:46:33 > 05:12]
L-BFGS:   5%|▍         | 47/1000 [1:45:51 > 05:18]
L-BFGS:   5%|▍         | 48/1000 [1:45:48 > 05:25]
L-BFGS:   5%|▍         | 49/1000 [1:46:22 > 05:32]
L-BFGS:   5%|▌         | 50/1000 [1:45:42 > 05:38]
L-BFGS:   5%|▌         | 51/1000 [1:45:16 > 05:45]
L-BFGS:   5%|▌         | 52/1000 [1:45:18 > 05:52]
L-BFGS:   5%|▌         | 53/1000 [1:44:58 > 05:58]
L-BFGS:   5%|▌         | 54/1000 [1:45:01 > 06:05]
L-BFGS:   6%|▌         | 55/1000 [1:44:40 > 06:12]
L-BFGS:   6%|▌         | 56/1000 [1:44:36 > 06:18]
L-BFGS:   6%|▌         | 57/1000 [1:44:32 > 06:25]
L-BFGS:   6%|▌         | 58/1000 [1:44:33 > 06:32]
L-BFGS:   6%|▌         | 59/1000 [1:43:26 > 06:38]
L-BFGS:   6%|▌         | 60/1000 [1:42:29 > 06:44]
L-BFGS:   6%|▌         | 61/1000 [1:41:27 > 06:51]
L-BFGS:   6%|▌         | 62/1000 [1:40:52 > 06:57]
L-BFGS:   6%|▋         | 63/1000 [1:40:28 > 07:04]
L-BFGS:   6%|▋         | 64/1000 [1:40:05 > 07:10]
L-BFGS:   6%|▋         | 65/1000 [1:39:45 > 07:16]
L-BFGS:   7%|▋         | 66/1000 [1:39:44 > 07:23]
L-BFGS:   7%|▋         | 67/1000 [1:39:32 > 07:29]
L-BFGS:   7%|▋         | 68/1000 [1:39:13 > 07:36]
L-BFGS:   7%|▋         | 69/1000 [1:39:12 > 07:42]
L-BFGS:   7%|▋         | 70/1000 [1:38:46 > 07:48]
L-BFGS:   7%|▋         | 71/1000 [1:38:48 > 07:55]
L-BFGS:   7%|▋         | 72/1000 [1:38:44 > 08:01]
L-BFGS:   7%|▋         | 73/1000 [1:38:45 > 08:07]
L-BFGS:   7%|▋         | 74/1000 [1:38:23 > 08:14]
L-BFGS:   8%|▊         | 75/1000 [1:38:30 > 08:20]
L-BFGS:   8%|▊         | 76/1000 [1:38:20 > 08:27]
L-BFGS:   8%|▊         | 77/1000 [1:38:14 > 08:33]
L-BFGS:   8%|▊         | 78/1000 [1:38:12 > 08:39]
L-BFGS:   8%|▊         | 79/1000 [1:37:56 > 08:46]
L-BFGS:   8%|▊         | 80/1000 [1:37:37 > 08:52]
L-BFGS:   8%|▊         | 81/1000 [1:37:36 > 08:58]
L-BFGS:   8%|▊         | 82/1000 [1:37:37 > 09:05]
L-BFGS:   8%|▊         | 83/1000 [1:37:32 > 09:11]
L-BFGS:   8%|▊         | 84/1000 [1:37:24 > 09:18]
L-BFGS:   8%|▊         | 85/1000 [1:37:20 > 09:24]
L-BFGS:   9%|▊         | 86/1000 [1:37:16 > 09:30]
L-BFGS:   9%|▊         | 87/1000 [1:37:04 > 09:37]
L-BFGS:   9%|▉         | 88/1000 [1:36:56 > 09:43]
L-BFGS:   9%|▉         | 89/1000 [1:36:51 > 09:50]
L-BFGS:   9%|▉         | 90/1000 [1:36:33 > 09:56]
L-BFGS:   9%|▉         | 91/1000 [1:36:32 > 10:02]
L-BFGS:   9%|▉         | 92/1000 [1:36:23 > 10:09]
L-BFGS:   9%|▉         | 93/1000 [1:36:08 > 10:15]
L-BFGS:   9%|▉         | 94/1000 [1:35:54 > 10:21]
L-BFGS:  10%|▉         | 95/1000 [1:35:52 > 10:28]
L-BFGS:  10%|▉         | 96/1000 [1:36:51 > 10:34]
L-BFGS:  10%|▉         | 97/1000 [1:36:25 > 10:41]
L-BFGS:  10%|▉         | 98/1000 [1:36:17 > 10:47]
L-BFGS:  10%|▉         | 99/1000 [1:35:54 > 10:53]
L-BFGS:  10%|█         | 100/1000 [1:35:53 > 11:00]
L-BFGS:  10%|█         | 101/1000 [1:35:38 > 11:06]
L-BFGS:  10%|█         | 102/1000 [1:35:33 > 11:12]
L-BFGS:  10%|█         | 103/1000 [1:35:15 > 11:19]
L-BFGS:  10%|█         | 104/1000 [1:35:09 > 11:25]
L-BFGS:  10%|█         | 105/1000 [1:35:08 > 11:32]
L-BFGS:  11%|█         | 106/1000 [1:35:09 > 11:38]
L-BFGS:  11%|█         | 107/1000 [1:35:03 > 11:44]
L-BFGS:  11%|█         | 108/1000 [1:34:53 > 11:51]
L-BFGS:  11%|█         | 109/1000 [1:34:39 > 11:57]
L-BFGS:  11%|█         | 110/1000 [1:34:26 > 12:03]
L-BFGS:  11%|█         | 111/1000 [1:34:06 > 12:10]
L-BFGS:  11%|█         | 112/1000 [1:33:55 > 12:16]
L-BFGS:  11%|█▏        | 113/1000 [1:33:58 > 12:22]
L-BFGS:  11%|█▏        | 114/1000 [1:35:10 > 12:29]
L-BFGS:  12%|█▏        | 115/1000 [1:34:53 > 12:36]
L-BFGS:  12%|█▏        | 116/1000 [1:34:28 > 12:42]
L-BFGS:  12%|█▏        | 117/1000 [1:34:00 > 12:48]
L-BFGS:  12%|█▏        | 118/1000 [1:33:45 > 12:55]
L-BFGS:  12%|█▏        | 119/1000 [1:33:47 > 13:01]
L-BFGS:  12%|█▏        | 120/1000 [1:33:57 > 13:07]
L-BFGS:  12%|█▏        | 121/1000 [1:33:44 > 13:14]
L-BFGS:  12%|█▏        | 122/1000 [1:33:38 > 13:20]
L-BFGS:  12%|█▏        | 123/1000 [1:33:26 > 13:27]
L-BFGS:  12%|█▏        | 124/1000 [1:33:16 > 13:33]
L-BFGS:  12%|█▎        | 125/1000 [1:33:11 > 13:39]
L-BFGS:  13%|█▎        | 126/1000 [1:33:07 > 13:46]
L-BFGS:  13%|█▎        | 127/1000 [1:32:50 > 13:52]
L-BFGS:  13%|█▎        | 128/1000 [1:32:51 > 13:59]
L-BFGS:  13%|█▎        | 129/1000 [1:32:37 > 14:05]
L-BFGS:  13%|█▎        | 130/1000 [1:32:20 > 14:11]
L-BFGS:  13%|█▎        | 131/1000 [1:32:09 > 14:18]
L-BFGS:  13%|█▎        | 132/1000 [1:32:01 > 14:24]
L-BFGS:  13%|█▎        | 133/1000 [1:31:47 > 14:30]
L-BFGS:  13%|█▎        | 134/1000 [1:31:48 > 14:37]
L-BFGS:  14%|█▎        | 135/1000 [1:31:43 > 14:43]
L-BFGS:  14%|█▎        | 136/1000 [1:31:38 > 14:49]
L-BFGS:  14%|█▎        | 137/1000 [1:31:33 > 14:56]
L-BFGS:  14%|█▍        | 138/1000 [1:31:31 > 15:02]
L-BFGS:  14%|█▍        | 139/1000 [1:31:27 > 15:09]
L-BFGS:  14%|█▍        | 140/1000 [1:31:17 > 15:15]
L-BFGS:  14%|█▍        | 141/1000 [1:31:08 > 15:21]
L-BFGS:  14%|█▍        | 142/1000 [1:30:56 > 15:28]
L-BFGS:  14%|█▍        | 143/1000 [1:31:00 > 15:34]
L-BFGS:  14%|█▍        | 144/1000 [1:30:45 > 15:40]
L-BFGS:  14%|█▍        | 145/1000 [1:30:30 > 15:47]
L-BFGS:  15%|█▍        | 146/1000 [1:30:41 > 15:53]
L-BFGS:  15%|█▍        | 147/1000 [1:30:34 > 15:59]
L-BFGS:  15%|█▍        | 148/1000 [1:30:36 > 16:06]
L-BFGS:  15%|█▍        | 149/1000 [1:30:29 > 16:12]
L-BFGS:  15%|█▌        | 150/1000 [1:30:04 > 16:19]
L-BFGS:  15%|█▌        | 151/1000 [1:29:58 > 16:25]
L-BFGS:  15%|█▌        | 152/1000 [1:29:46 > 16:31]
L-BFGS:  15%|█▌        | 153/1000 [1:29:38 > 16:38]
L-BFGS:  15%|█▌        | 154/1000 [1:29:36 > 16:44]
L-BFGS:  16%|█▌        | 155/1000 [1:29:38 > 16:50]
L-BFGS:  16%|█▌        | 156/1000 [1:29:36 > 16:57]
L-BFGS:  16%|█▌        | 157/1000 [1:29:31 > 17:03]
L-BFGS:  16%|█▌        | 158/1000 [1:29:36 > 17:10]
L-BFGS:  16%|█▌        | 159/1000 [1:29:34 > 17:16]
L-BFGS:  16%|█▌        | 160/1000 [1:29:21 > 17:22]
L-BFGS:  16%|█▌        | 161/1000 [1:29:05 > 17:29]
L-BFGS:  16%|█▌        | 162/1000 [1:29:00 > 17:35]
L-BFGS:  16%|█▋        | 163/1000 [1:28:50 > 17:41]
L-BFGS:  16%|█▋        | 164/1000 [1:28:39 > 17:48]
L-BFGS:  16%|█▋        | 165/1000 [1:28:18 > 17:54]
L-BFGS:  17%|█▋        | 166/1000 [1:28:16 > 18:00]
L-BFGS:  17%|█▋        | 167/1000 [1:28:28 > 18:07]
L-BFGS:  17%|█▋        | 168/1000 [1:28:18 > 18:13]
L-BFGS:  17%|█▋        | 169/1000 [1:28:20 > 18:20]
L-BFGS:  17%|█▋        | 170/1000 [1:28:15 > 18:26]
L-BFGS:  17%|█▋        | 171/1000 [1:28:08 > 18:32]
L-BFGS:  17%|█▋        | 172/1000 [1:27:41 > 18:39]
L-BFGS:  17%|█▋        | 173/1000 [1:27:34 > 18:45]
L-BFGS:  17%|█▋        | 174/1000 [1:27:28 > 18:51]
L-BFGS:  18%|█▊        | 175/1000 [1:27:14 > 18:58]
L-BFGS:  18%|█▊        | 176/1000 [1:27:18 > 19:04]
L-BFGS:  18%|█▊        | 177/1000 [1:27:13 > 19:10]
L-BFGS:  18%|█▊        | 178/1000 [1:27:02 > 19:17]
L-BFGS:  18%|█▊        | 179/1000 [1:27:02 > 19:23]
L-BFGS:  18%|█▊        | 180/1000 [1:26:39 > 19:29]
L-BFGS:  18%|█▊        | 181/1000 [1:26:30 > 19:36]
L-BFGS:  18%|█▊        | 182/1000 [1:26:27 > 19:42]
L-BFGS:  18%|█▊        | 183/1000 [1:26:22 > 19:48]
L-BFGS:  18%|█▊        | 184/1000 [1:26:22 > 19:55]
L-BFGS:  18%|█▊        | 185/1000 [1:26:06 > 20:01]
L-BFGS:  19%|█▊        | 186/1000 [1:26:00 > 20:07]
L-BFGS:  19%|█▊        | 187/1000 [1:26:01 > 20:14]
L-BFGS:  19%|█▉        | 188/1000 [1:26:01 > 20:20]
L-BFGS:  19%|█▉        | 189/1000 [1:25:48 > 20:27]
L-BFGS:  19%|█▉        | 190/1000 [1:25:46 > 20:33]
L-BFGS:  19%|█▉        | 191/1000 [1:25:29 > 20:39]
L-BFGS:  19%|█▉        | 192/1000 [1:25:14 > 20:46]
L-BFGS:  19%|█▉        | 193/1000 [1:25:12 > 20:52]
L-BFGS:  19%|█▉        | 194/1000 [1:25:21 > 20:58]
L-BFGS:  20%|█▉        | 195/1000 [1:25:25 > 21:05]
L-BFGS:  20%|█▉        | 196/1000 [1:25:05 > 21:11]
L-BFGS:  20%|█▉        | 197/1000 [1:24:56 > 21:17]
L-BFGS:  20%|█▉        | 198/1000 [1:25:03 > 21:24]
L-BFGS:  20%|█▉        | 199/1000 [1:24:53 > 21:30]
L-BFGS:  20%|██        | 200/1000 [1:24:53 > 21:36]
L-BFGS:  20%|██        | 201/1000 [1:24:50 > 21:43]
L-BFGS:  20%|██        | 202/1000 [1:24:35 > 21:49]
L-BFGS:  20%|██        | 203/1000 [1:24:29 > 21:56]
L-BFGS:  20%|██        | 204/1000 [1:24:19 > 22:02]
L-BFGS:  20%|██        | 205/1000 [1:24:16 > 22:08]
L-BFGS:  21%|██        | 206/1000 [1:24:09 > 22:15]
L-BFGS:  21%|██        | 207/1000 [1:23:56 > 22:21]
L-BFGS:  21%|██        | 208/1000 [1:24:52 > 22:28]
L-BFGS:  21%|██        | 209/1000 [1:24:29 > 22:34]
L-BFGS:  21%|██        | 210/1000 [1:24:10 > 22:40]
L-BFGS:  21%|██        | 211/1000 [1:23:46 > 22:47]
L-BFGS:  21%|██        | 212/1000 [1:23:40 > 22:53]
L-BFGS:  21%|██▏       | 213/1000 [1:23:28 > 22:59]
L-BFGS:  21%|██▏       | 214/1000 [1:23:20 > 23:06]
L-BFGS:  22%|██▏       | 215/1000 [1:23:14 > 23:12]
L-BFGS:  22%|██▏       | 216/1000 [1:23:01 > 23:18]
L-BFGS:  22%|██▏       | 217/1000 [1:22:52 > 23:25]
L-BFGS:  22%|██▏       | 218/1000 [1:22:41 > 23:31]
L-BFGS:  22%|██▏       | 219/1000 [1:22:40 > 23:37]
L-BFGS:  22%|██▏       | 220/1000 [1:22:34 > 23:44]
L-BFGS:  22%|██▏       | 221/1000 [1:22:29 > 23:50]
L-BFGS:  22%|██▏       | 222/1000 [1:22:40 > 23:57]
L-BFGS:  22%|██▏       | 223/1000 [1:22:18 > 24:03]
L-BFGS:  22%|██▏       | 224/1000 [1:22:14 > 24:09]
L-BFGS:  22%|██▎       | 225/1000 [1:22:13 > 24:16]
L-BFGS:  23%|██▎       | 226/1000 [1:21:57 > 24:22]
L-BFGS:  23%|██▎       | 227/1000 [1:21:48 > 24:28]
L-BFGS:  23%|██▎       | 228/1000 [1:21:36 > 24:35]
L-BFGS:  23%|██▎       | 229/1000 [1:21:22 > 24:41]
L-BFGS:  23%|██▎       | 230/1000 [1:21:25 > 24:47]
L-BFGS:  23%|██▎       | 231/1000 [1:21:15 > 24:54]
L-BFGS:  23%|██▎       | 232/1000 [1:21:09 > 25:00]
L-BFGS:  23%|██▎       | 233/1000 [1:21:02 > 25:06]
L-BFGS:  23%|██▎       | 234/1000 [1:21:06 > 25:13]
L-BFGS:  24%|██▎       | 235/1000 [1:20:53 > 25:19]
L-BFGS:  24%|██▎       | 236/1000 [1:20:53 > 25:25]
L-BFGS:  24%|██▎       | 237/1000 [1:20:42 > 25:32]
L-BFGS:  24%|██▍       | 238/1000 [1:20:35 > 25:38]
L-BFGS:  24%|██▍       | 239/1000 [1:20:24 > 25:44]
L-BFGS:  24%|██▍       | 240/1000 [1:20:18 > 25:51]
L-BFGS:  24%|██▍       | 241/1000 [1:20:09 > 25:57]
L-BFGS:  24%|██▍       | 242/1000 [1:20:08 > 26:03]
L-BFGS:  24%|██▍       | 243/1000 [1:19:58 > 26:10]
L-BFGS:  24%|██▍       | 244/1000 [1:20:10 > 26:16]
L-BFGS:  24%|██▍       | 245/1000 [1:19:58 > 26:22]
L-BFGS:  25%|██▍       | 246/1000 [1:19:51 > 26:29]
L-BFGS:  25%|██▍       | 247/1000 [1:19:49 > 26:35]
L-BFGS:  25%|██▍       | 248/1000 [1:19:57 > 26:42]
L-BFGS:  25%|██▍       | 249/1000 [1:19:42 > 26:48]
L-BFGS:  25%|██▌       | 250/1000 [1:19:37 > 26:54]
L-BFGS:  25%|██▌       | 251/1000 [1:19:41 > 27:01]
L-BFGS:  25%|██▌       | 252/1000 [1:19:24 > 27:07]
L-BFGS:  25%|██▌       | 253/1000 [1:19:15 > 27:13]
L-BFGS:  25%|██▌       | 254/1000 [1:18:59 > 27:20]
L-BFGS:  26%|██▌       | 255/1000 [1:18:59 > 27:26]
L-BFGS:  26%|██▌       | 256/1000 [1:18:54 > 27:33]
L-BFGS:  26%|██▌       | 257/1000 [1:18:44 > 27:39]
L-BFGS:  26%|██▌       | 258/1000 [1:18:37 > 27:45]
L-BFGS:  26%|██▌       | 259/1000 [1:18:37 > 27:52]
L-BFGS:  26%|██▌       | 260/1000 [1:18:41 > 27:58]
L-BFGS:  26%|██▌       | 261/1000 [1:18:20 > 28:04]
L-BFGS:  26%|██▌       | 262/1000 [1:18:13 > 28:11]
L-BFGS:  26%|██▋       | 263/1000 [1:18:08 > 28:17]
L-BFGS:  26%|██▋       | 264/1000 [1:18:05 > 28:23]
L-BFGS:  26%|██▋       | 265/1000 [1:18:05 > 28:30]
L-BFGS:  27%|██▋       | 266/1000 [1:17:55 > 28:36]
L-BFGS:  27%|██▋       | 267/1000 [1:17:46 > 28:43]
L-BFGS:  27%|██▋       | 268/1000 [1:17:31 > 28:49]
L-BFGS:  27%|██▋       | 269/1000 [1:17:19 > 28:55]
L-BFGS:  27%|██▋       | 270/1000 [1:17:17 > 29:02]
L-BFGS:  27%|██▋       | 271/1000 [1:17:15 > 29:08]
L-BFGS:  27%|██▋       | 272/1000 [1:17:07 > 29:14]
L-BFGS:  27%|██▋       | 273/1000 [1:17:00 > 29:21]
L-BFGS:  27%|██▋       | 274/1000 [1:16:56 > 29:27]
L-BFGS:  28%|██▊       | 275/1000 [1:16:42 > 29:33]
L-BFGS:  28%|██▊       | 276/1000 [1:16:35 > 29:40]
L-BFGS:  28%|██▊       | 277/1000 [1:16:24 > 29:46]
L-BFGS:  28%|██▊       | 278/1000 [1:16:21 > 29:52]
L-BFGS:  28%|██▊       | 279/1000 [1:16:21 > 29:59]
L-BFGS:  28%|██▊       | 280/1000 [1:16:16 > 30:05]
L-BFGS:  28%|██▊       | 281/1000 [1:16:09 > 30:11]
L-BFGS:  28%|██▊       | 282/1000 [1:16:03 > 30:18]
L-BFGS:  28%|██▊       | 283/1000 [1:15:59 > 30:24]
L-BFGS:  28%|██▊       | 284/1000 [1:15:49 > 30:31]
L-BFGS:  28%|██▊       | 285/1000 [1:15:37 > 30:37]
L-BFGS:  29%|██▊       | 286/1000 [1:15:35 > 30:43]
L-BFGS:  29%|██▊       | 287/1000 [1:15:26 > 30:50]
L-BFGS:  29%|██▉       | 288/1000 [1:15:15 > 30:56]
L-BFGS:  29%|██▉       | 289/1000 [1:15:11 > 31:02]
L-BFGS:  29%|██▉       | 290/1000 [1:15:07 > 31:09]
L-BFGS:  29%|██▉       | 291/1000 [1:15:03 > 31:15]
L-BFGS:  29%|██▉       | 292/1000 [1:15:09 > 31:21]
L-BFGS:  29%|██▉       | 293/1000 [1:15:03 > 31:28]
L-BFGS:  29%|██▉       | 294/1000 [1:14:52 > 31:34]
L-BFGS:  30%|██▉       | 295/1000 [1:14:45 > 31:40]
L-BFGS:  30%|██▉       | 296/1000 [1:14:40 > 31:47]
L-BFGS:  30%|██▉       | 297/1000 [1:14:21 > 31:53]
L-BFGS:  30%|██▉       | 298/1000 [1:14:22 > 31:59]
L-BFGS:  30%|██▉       | 299/1000 [1:14:15 > 32:06]
L-BFGS:  30%|███       | 300/1000 [1:14:06 > 32:12]
L-BFGS:  30%|███       | 301/1000 [1:13:58 > 32:19]
L-BFGS:  30%|███       | 302/1000 [1:13:55 > 32:25]
L-BFGS:  30%|███       | 303/1000 [1:15:22 > 32:32]
L-BFGS:  30%|███       | 304/1000 [1:14:46 > 32:38]
L-BFGS:  30%|███       | 305/1000 [1:14:17 > 32:44]
L-BFGS:  31%|███       | 306/1000 [1:13:59 > 32:51]
L-BFGS:  31%|███       | 307/1000 [1:13:46 > 32:57]
L-BFGS:  31%|███       | 308/1000 [1:13:46 > 33:04]
L-BFGS:  31%|███       | 309/1000 [1:13:33 > 33:10]
L-BFGS:  31%|███       | 310/1000 [1:13:26 > 33:16]
L-BFGS:  31%|███       | 311/1000 [1:13:17 > 33:23]
L-BFGS:  31%|███       | 312/1000 [1:13:14 > 33:29]
L-BFGS:  31%|███▏      | 313/1000 [1:13:10 > 33:35]
L-BFGS:  31%|███▏      | 314/1000 [1:13:04 > 33:42]
L-BFGS:  32%|███▏      | 315/1000 [1:12:55 > 33:48]
L-BFGS:  32%|███▏      | 316/1000 [1:12:37 > 33:55]
L-BFGS:  32%|███▏      | 317/1000 [1:12:39 > 34:01]
L-BFGS:  32%|███▏      | 318/1000 [1:12:24 > 34:07]
L-BFGS:  32%|███▏      | 319/1000 [1:12:17 > 34:14]
L-BFGS:  32%|███▏      | 320/1000 [1:12:09 > 34:20]
L-BFGS:  32%|███▏      | 321/1000 [1:12:07 > 34:26]
L-BFGS:  32%|███▏      | 322/1000 [1:11:54 > 34:33]
L-BFGS:  32%|███▏      | 323/1000 [1:11:50 > 34:39]
L-BFGS:  32%|███▏      | 324/1000 [1:11:45 > 34:46]
L-BFGS:  32%|███▎      | 325/1000 [1:11:39 > 34:52]
L-BFGS:  33%|███▎      | 326/1000 [1:11:33 > 34:58]
L-BFGS:  33%|███▎      | 327/1000 [1:11:34 > 35:05]
L-BFGS:  33%|███▎      | 328/1000 [1:11:16 > 35:11]
L-BFGS:  33%|███▎      | 329/1000 [1:11:05 > 35:17]
L-BFGS:  33%|███▎      | 330/1000 [1:11:02 > 35:24]
L-BFGS:  33%|███▎      | 331/1000 [1:10:52 > 35:30]
L-BFGS:  33%|███▎      | 332/1000 [1:10:53 > 35:36]
L-BFGS:  33%|███▎      | 333/1000 [1:10:44 > 35:43]
L-BFGS:  33%|███▎      | 334/1000 [1:10:30 > 35:49]
L-BFGS:  34%|███▎      | 335/1000 [1:10:28 > 35:55]
L-BFGS:  34%|███▎      | 336/1000 [1:10:25 > 36:02]
L-BFGS:  34%|███▎      | 337/1000 [1:10:23 > 36:08]
L-BFGS:  34%|███▍      | 338/1000 [1:10:12 > 36:15]
L-BFGS:  34%|███▍      | 339/1000 [1:10:02 > 36:21]
L-BFGS:  34%|███▍      | 340/1000 [1:10:03 > 36:27]
L-BFGS:  34%|███▍      | 341/1000 [1:09:55 > 36:34]
L-BFGS:  34%|███▍      | 342/1000 [1:09:49 > 36:40]
L-BFGS:  34%|███▍      | 343/1000 [1:09:52 > 36:46]
L-BFGS:  34%|███▍      | 344/1000 [1:09:49 > 36:53]
L-BFGS:  34%|███▍      | 345/1000 [1:09:34 > 36:59]
L-BFGS:  35%|███▍      | 346/1000 [1:09:37 > 37:06]
L-BFGS:  35%|███▍      | 347/1000 [1:09:16 > 37:12]
L-BFGS:  35%|███▍      | 348/1000 [1:09:13 > 37:18]
L-BFGS:  35%|███▍      | 349/1000 [1:09:07 > 37:25]
L-BFGS:  35%|███▌      | 350/1000 [1:08:54 > 37:31]
L-BFGS:  35%|███▌      | 351/1000 [1:08:55 > 37:37]
L-BFGS:  35%|███▌      | 352/1000 [1:08:41 > 37:44]
L-BFGS:  35%|███▌      | 353/1000 [1:08:36 > 37:50]
L-BFGS:  35%|███▌      | 354/1000 [1:08:27 > 37:56]
L-BFGS:  36%|███▌      | 355/1000 [1:08:24 > 38:03]
L-BFGS:  36%|███▌      | 356/1000 [1:08:03 > 38:09]
L-BFGS:  36%|███▌      | 357/1000 [1:08:01 > 38:16]
L-BFGS:  36%|███▌      | 358/1000 [1:08:04 > 38:22]
L-BFGS:  36%|███▌      | 359/1000 [1:07:58 > 38:28]
L-BFGS:  36%|███▌      | 360/1000 [1:07:51 > 38:35]
L-BFGS:  36%|███▌      | 361/1000 [1:07:38 > 38:41]
L-BFGS:  36%|███▌      | 362/1000 [1:07:36 > 38:47]
L-BFGS:  36%|███▋      | 363/1000 [1:07:36 > 38:54]
L-BFGS:  36%|███▋      | 364/1000 [1:07:27 > 39:00]
L-BFGS:  36%|███▋      | 365/1000 [1:07:21 > 39:06]
L-BFGS:  37%|███▋      | 366/1000 [1:07:07 > 39:13]
L-BFGS:  37%|███▋      | 367/1000 [1:06:48 > 39:19]
L-BFGS:  37%|███▋      | 368/1000 [1:06:44 > 39:25]
L-BFGS:  37%|███▋      | 369/1000 [1:06:39 > 39:32]
L-BFGS:  37%|███▋      | 370/1000 [1:06:37 > 39:38]
L-BFGS:  37%|███▋      | 371/1000 [1:06:33 > 39:44]
L-BFGS:  37%|███▋      | 372/1000 [1:06:28 > 39:51]
L-BFGS:  37%|███▋      | 373/1000 [1:06:20 > 39:57]
L-BFGS:  37%|███▋      | 374/1000 [1:06:10 > 40:04]
L-BFGS:  38%|███▊      | 375/1000 [1:06:06 > 40:10]
L-BFGS:  38%|███▊      | 376/1000 [1:06:03 > 40:16]
L-BFGS:  38%|███▊      | 377/1000 [1:05:54 > 40:23]
L-BFGS:  38%|███▊      | 378/1000 [1:05:43 > 40:29]
L-BFGS:  38%|███▊      | 379/1000 [1:05:46 > 40:35]
L-BFGS:  38%|███▊      | 380/1000 [1:05:36 > 40:42]
L-BFGS:  38%|███▊      | 381/1000 [1:05:35 > 40:48]
L-BFGS:  38%|███▊      | 382/1000 [1:05:36 > 40:54]
L-BFGS:  38%|███▊      | 383/1000 [1:05:25 > 41:01]
L-BFGS:  38%|███▊      | 384/1000 [1:05:34 > 41:07]
L-BFGS:  38%|███▊      | 385/1000 [1:05:27 > 41:14]
L-BFGS:  39%|███▊      | 386/1000 [1:05:13 > 41:20]
L-BFGS:  39%|███▊      | 387/1000 [1:05:07 > 41:26]
L-BFGS:  39%|███▉      | 388/1000 [1:04:57 > 41:33]
L-BFGS:  39%|███▉      | 389/1000 [1:04:45 > 41:39]
L-BFGS:  39%|███▉      | 390/1000 [1:04:49 > 41:45]
L-BFGS:  39%|███▉      | 391/1000 [1:04:48 > 41:52]
L-BFGS:  39%|███▉      | 392/1000 [1:04:37 > 41:58]
L-BFGS:  39%|███▉      | 393/1000 [1:04:30 > 42:05]
L-BFGS:  39%|███▉      | 394/1000 [1:04:16 > 42:11]
L-BFGS:  40%|███▉      | 395/1000 [1:04:08 > 42:17]
L-BFGS:  40%|███▉      | 396/1000 [1:04:12 > 42:24]
L-BFGS:  40%|███▉      | 397/1000 [1:04:56 > 42:30]
L-BFGS:  40%|███▉      | 398/1000 [1:04:35 > 42:37]
L-BFGS:  40%|███▉      | 399/1000 [1:04:08 > 42:43]
L-BFGS:  40%|████      | 400/1000 [1:03:49 > 42:49]
L-BFGS:  40%|████      | 401/1000 [1:03:43 > 42:56]
L-BFGS:  40%|████      | 402/1000 [1:03:28 > 43:02]
L-BFGS:  40%|████      | 403/1000 [1:03:26 > 43:08]
L-BFGS:  40%|████      | 404/1000 [1:03:13 > 43:15]
L-BFGS:  40%|████      | 405/1000 [1:03:06 > 43:21]
L-BFGS:  41%|████      | 406/1000 [1:03:05 > 43:28]
L-BFGS:  41%|████      | 407/1000 [1:02:58 > 43:34]
L-BFGS:  41%|████      | 408/1000 [1:02:47 > 43:40]
L-BFGS:  41%|████      | 409/1000 [1:02:42 > 43:47]
L-BFGS:  41%|████      | 410/1000 [1:02:37 > 43:53]
L-BFGS:  41%|████      | 411/1000 [1:02:41 > 43:59]
L-BFGS:  41%|████      | 412/1000 [1:02:39 > 44:06]
L-BFGS:  41%|████▏     | 413/1000 [1:02:29 > 44:12]
L-BFGS:  41%|████▏     | 414/1000 [1:02:09 > 44:19]
L-BFGS:  42%|████▏     | 415/1000 [1:01:58 > 44:25]
L-BFGS:  42%|████▏     | 416/1000 [1:01:47 > 44:31]
L-BFGS:  42%|████▏     | 417/1000 [1:01:39 > 44:38]
L-BFGS:  42%|████▏     | 418/1000 [1:01:33 > 44:44]
L-BFGS:  42%|████▏     | 419/1000 [1:01:32 > 44:50]
L-BFGS:  42%|████▏     | 420/1000 [1:01:23 > 44:57]
L-BFGS:  42%|████▏     | 421/1000 [1:01:22 > 45:03]
L-BFGS:  42%|████▏     | 422/1000 [1:01:19 > 45:09]
L-BFGS:  42%|████▏     | 423/1000 [1:01:11 > 45:16]
L-BFGS:  42%|████▏     | 424/1000 [1:01:04 > 45:22]
L-BFGS:  42%|████▎     | 425/1000 [1:01:39 > 45:29]
L-BFGS:  43%|████▎     | 426/1000 [1:01:31 > 45:35]
L-BFGS:  43%|████▎     | 427/1000 [1:01:12 > 45:41]
L-BFGS:  43%|████▎     | 428/1000 [1:00:51 > 45:48]
L-BFGS:  43%|████▎     | 429/1000 [1:00:34 > 45:54]
L-BFGS:  43%|████▎     | 430/1000 [1:00:27 > 46:00]
L-BFGS:  43%|████▎     | 431/1000 [1:00:20 > 46:07]
L-BFGS:  43%|████▎     | 432/1000 [1:00:16 > 46:13]
L-BFGS:  43%|████▎     | 433/1000 [59:59 > 46:20]  
L-BFGS:  43%|████▎     | 434/1000 [59:53 > 46:26]
L-BFGS:  44%|████▎     | 435/1000 [59:54 > 46:32]
L-BFGS:  44%|████▎     | 436/1000 [59:41 > 46:39]
L-BFGS:  44%|████▎     | 437/1000 [59:30 > 46:45]
L-BFGS:  44%|████▍     | 438/1000 [59:27 > 46:51]
L-BFGS:  44%|████▍     | 439/1000 [59:19 > 46:58]
L-BFGS:  44%|████▍     | 440/1000 [59:18 > 47:04]
L-BFGS:  44%|████▍     | 441/1000 [59:14 > 47:10]
L-BFGS:  44%|████▍     | 442/1000 [59:11 > 47:17]
L-BFGS:  44%|████▍     | 443/1000 [58:57 > 47:23]
L-BFGS:  44%|████▍     | 444/1000 [58:55 > 47:29]
L-BFGS:  44%|████▍     | 445/1000 [58:42 > 47:36]
L-BFGS:  45%|████▍     | 446/1000 [58:39 > 47:42]
L-BFGS:  45%|████▍     | 447/1000 [58:32 > 47:48]
L-BFGS:  45%|████▍     | 448/1000 [58:22 > 47:55]
L-BFGS:  45%|████▍     | 449/1000 [58:17 > 48:01]
L-BFGS:  45%|████▌     | 450/1000 [58:01 > 48:07]
L-BFGS:  45%|████▌     | 451/1000 [57:55 > 48:14]
L-BFGS:  45%|████▌     | 452/1000 [57:53 > 48:20]
L-BFGS:  45%|████▌     | 453/1000 [57:57 > 48:27]
L-BFGS:  45%|████▌     | 454/1000 [57:49 > 48:33]
L-BFGS:  46%|████▌     | 455/1000 [57:44 > 48:39]
L-BFGS:  46%|████▌     | 456/1000 [57:32 > 48:46]
L-BFGS:  46%|████▌     | 457/1000 [57:26 > 48:52]
L-BFGS:  46%|████▌     | 458/1000 [57:17 > 48:58]
L-BFGS:  46%|████▌     | 459/1000 [57:19 > 49:05]
L-BFGS:  46%|████▌     | 460/1000 [57:10 > 49:11]
L-BFGS:  46%|████▌     | 461/1000 [57:01 > 49:17]
L-BFGS:  46%|████▌     | 462/1000 [56:58 > 49:24]
L-BFGS:  46%|████▋     | 463/1000 [56:59 > 49:30]
L-BFGS:  46%|████▋     | 464/1000 [56:42 > 49:36]
L-BFGS:  46%|████▋     | 465/1000 [56:36 > 49:43]
L-BFGS:  47%|████▋     | 466/1000 [56:36 > 49:49]
L-BFGS:  47%|████▋     | 467/1000 [56:32 > 49:55]
L-BFGS:  47%|████▋     | 468/1000 [56:26 > 50:02]
L-BFGS:  47%|████▋     | 469/1000 [56:10 > 50:08]
L-BFGS:  47%|████▋     | 470/1000 [55:57 > 50:14]
L-BFGS:  47%|████▋     | 471/1000 [55:57 > 50:21]
L-BFGS:  47%|████▋     | 472/1000 [55:51 > 50:27]
L-BFGS:  47%|████▋     | 473/1000 [55:46 > 50:34]
L-BFGS:  47%|████▋     | 474/1000 [55:39 > 50:40]
L-BFGS:  48%|████▊     | 475/1000 [55:27 > 50:46]
L-BFGS:  48%|████▊     | 476/1000 [55:25 > 50:53]
L-BFGS:  48%|████▊     | 477/1000 [55:20 > 50:59]
L-BFGS:  48%|████▊     | 478/1000 [55:21 > 51:05]
L-BFGS:  48%|████▊     | 479/1000 [55:12 > 51:12]
L-BFGS:  48%|████▊     | 480/1000 [55:09 > 51:18]
L-BFGS:  48%|████▊     | 481/1000 [55:02 > 51:24]
L-BFGS:  48%|████▊     | 482/1000 [54:57 > 51:31]
L-BFGS:  48%|████▊     | 483/1000 [54:51 > 51:37]
L-BFGS:  48%|████▊     | 484/1000 [54:48 > 51:44]
L-BFGS:  48%|████▊     | 485/1000 [54:36 > 51:50]
L-BFGS:  49%|████▊     | 486/1000 [54:33 > 51:56]
L-BFGS:  49%|████▊     | 487/1000 [54:33 > 52:03]
L-BFGS:  49%|████▉     | 488/1000 [54:28 > 52:09]
L-BFGS:  49%|████▉     | 489/1000 [54:20 > 52:15]
L-BFGS:  49%|████▉     | 490/1000 [54:13 > 52:22]
L-BFGS:  49%|████▉     | 491/1000 [54:36 > 52:28]
L-BFGS:  49%|████▉     | 492/1000 [54:27 > 52:35]
L-BFGS:  49%|████▉     | 493/1000 [54:11 > 52:41]
L-BFGS:  49%|████▉     | 494/1000 [54:03 > 52:48]
L-BFGS:  50%|████▉     | 495/1000 [53:46 > 52:54]
L-BFGS:  50%|████▉     | 496/1000 [53:36 > 53:00]
L-BFGS:  50%|████▉     | 497/1000 [53:30 > 53:07]
L-BFGS:  50%|████▉     | 498/1000 [53:22 > 53:13]
L-BFGS:  50%|████▉     | 499/1000 [53:09 > 53:19]
L-BFGS:  50%|█████     | 500/1000 [53:02 > 53:26]
L-BFGS:  50%|█████     | 501/1000 [52:58 > 53:32]
L-BFGS:  50%|█████     | 502/1000 [52:47 > 53:38]
L-BFGS:  50%|█████     | 503/1000 [52:41 > 53:45]
L-BFGS:  50%|█████     | 504/1000 [52:30 > 53:51]
L-BFGS:  50%|█████     | 505/1000 [52:25 > 53:57]
L-BFGS:  51%|█████     | 506/1000 [52:17 > 54:04]
L-BFGS:  51%|█████     | 507/1000 [52:11 > 54:10]
L-BFGS:  51%|█████     | 508/1000 [52:00 > 54:17]
L-BFGS:  51%|█████     | 509/1000 [51:57 > 54:23]
L-BFGS:  51%|█████     | 510/1000 [51:54 > 54:29]
L-BFGS:  51%|█████     | 511/1000 [51:44 > 54:36]
L-BFGS:  51%|█████     | 512/1000 [51:42 > 54:42]
L-BFGS:  51%|█████▏    | 513/1000 [52:36 > 54:49]
L-BFGS:  51%|█████▏    | 514/1000 [52:34 > 54:55]
L-BFGS:  52%|█████▏    | 515/1000 [54:00 > 55:02]
L-BFGS:  52%|█████▏    | 516/1000 [55:09 > 55:10]
L-BFGS:  52%|█████▏    | 517/1000 [54:29 > 55:16]
L-BFGS:  52%|█████▏    | 518/1000 [55:16 > 55:23]
L-BFGS:  52%|█████▏    | 519/1000 [55:10 > 55:30]
L-BFGS:  52%|█████▏    | 520/1000 [53:55 > 55:37]
L-BFGS:  52%|█████▏    | 521/1000 [52:57 > 55:43]
L-BFGS:  52%|█████▏    | 522/1000 [52:14 > 55:49]
L-BFGS:  52%|█████▏    | 523/1000 [51:39 > 55:56]
L-BFGS:  52%|█████▏    | 524/1000 [51:16 > 56:02]
L-BFGS:  52%|█████▎    | 525/1000 [50:49 > 56:08]
L-BFGS:  53%|█████▎    | 526/1000 [50:39 > 56:15]
L-BFGS:  53%|█████▎    | 527/1000 [50:26 > 56:21]
L-BFGS:  53%|█████▎    | 528/1000 [50:12 > 56:28]
L-BFGS:  53%|█████▎    | 529/1000 [50:08 > 56:34]
L-BFGS:  53%|█████▎    | 530/1000 [49:50 > 56:40]
L-BFGS:  53%|█████▎    | 531/1000 [49:47 > 56:47]
L-BFGS:  53%|█████▎    | 532/1000 [49:39 > 56:53]
L-BFGS:  53%|█████▎    | 533/1000 [49:25 > 56:59]
L-BFGS:  53%|█████▎    | 534/1000 [49:37 > 57:06]
L-BFGS:  54%|█████▎    | 535/1000 [49:28 > 57:12]
L-BFGS:  54%|█████▎    | 536/1000 [49:19 > 57:19]
L-BFGS:  54%|█████▎    | 537/1000 [49:10 > 57:25]
L-BFGS:  54%|█████▍    | 538/1000 [49:05 > 57:31]
L-BFGS:  54%|█████▍    | 539/1000 [49:01 > 57:38]
L-BFGS:  54%|█████▍    | 540/1000 [48:49 > 57:44]
L-BFGS:  54%|█████▍    | 541/1000 [48:42 > 57:50]
L-BFGS:  54%|█████▍    | 542/1000 [48:25 > 57:57]
L-BFGS:  54%|█████▍    | 543/1000 [48:19 > 58:03]
L-BFGS:  54%|█████▍    | 544/1000 [48:14 > 58:09]
L-BFGS:  55%|█████▍    | 545/1000 [48:14 > 58:16]
L-BFGS:  55%|█████▍    | 546/1000 [47:59 > 58:22]
L-BFGS:  55%|█████▍    | 547/1000 [47:56 > 58:28]
L-BFGS:  55%|█████▍    | 548/1000 [47:53 > 58:35]
L-BFGS:  55%|█████▍    | 549/1000 [47:48 > 58:41]
L-BFGS:  55%|█████▌    | 550/1000 [47:41 > 58:48]
L-BFGS:  55%|█████▌    | 551/1000 [47:31 > 58:54]
L-BFGS:  55%|█████▌    | 552/1000 [47:31 > 59:00]
L-BFGS:  55%|█████▌    | 553/1000 [47:21 > 59:07]
L-BFGS:  55%|█████▌    | 554/1000 [47:14 > 59:13]
L-BFGS:  56%|█████▌    | 555/1000 [47:10 > 59:19]
L-BFGS:  56%|█████▌    | 556/1000 [47:05 > 59:26]
L-BFGS:  56%|█████▌    | 557/1000 [46:53 > 59:32]
L-BFGS:  56%|█████▌    | 558/1000 [46:49 > 59:38]
L-BFGS:  56%|█████▌    | 559/1000 [46:49 > 59:45]
L-BFGS:  56%|█████▌    | 560/1000 [46:46 > 59:51]
L-BFGS:  56%|█████▌    | 561/1000 [46:35 > 59:58]
L-BFGS:  56%|█████▌    | 562/1000 [46:24 > 1:00:04]
L-BFGS:  56%|█████▋    | 563/1000 [46:16 > 1:00:10]
L-BFGS:  56%|█████▋    | 564/1000 [46:18 > 1:00:17]
L-BFGS:  56%|█████▋    | 565/1000 [46:31 > 1:00:23]
L-BFGS:  57%|█████▋    | 566/1000 [46:16 > 1:00:29]
L-BFGS:  57%|█████▋    | 567/1000 [46:12 > 1:00:36]
L-BFGS:  57%|█████▋    | 568/1000 [46:00 > 1:00:42]
L-BFGS:  57%|█████▋    | 569/1000 [45:43 > 1:00:49]
L-BFGS:  57%|█████▋    | 570/1000 [45:35 > 1:00:55]
L-BFGS:  57%|█████▋    | 571/1000 [45:31 > 1:01:01]
L-BFGS:  57%|█████▋    | 572/1000 [45:28 > 1:01:08]
L-BFGS:  57%|█████▋    | 573/1000 [45:17 > 1:01:14]
L-BFGS:  57%|█████▋    | 574/1000 [45:08 > 1:01:20]
L-BFGS:  57%|█████▊    | 575/1000 [45:01 > 1:01:27]
L-BFGS:  58%|█████▊    | 576/1000 [44:54 > 1:01:33]
L-BFGS:  58%|█████▊    | 577/1000 [44:46 > 1:01:39]
L-BFGS:  58%|█████▊    | 578/1000 [44:39 > 1:01:46]
L-BFGS:  58%|█████▊    | 579/1000 [44:37 > 1:01:52]
L-BFGS:  58%|█████▊    | 580/1000 [44:28 > 1:01:58]
L-BFGS:  58%|█████▊    | 581/1000 [44:22 > 1:02:05]
L-BFGS:  58%|█████▊    | 582/1000 [44:18 > 1:02:11]
L-BFGS:  58%|█████▊    | 583/1000 [44:14 > 1:02:18]
L-BFGS:  58%|█████▊    | 584/1000 [44:01 > 1:02:24]
L-BFGS:  58%|█████▊    | 585/1000 [44:58 > 1:02:31]
L-BFGS:  59%|█████▊    | 586/1000 [44:49 > 1:02:37]
L-BFGS:  59%|█████▊    | 587/1000 [44:22 > 1:02:44]
L-BFGS:  59%|█████▉    | 588/1000 [44:05 > 1:02:50]
L-BFGS:  59%|█████▉    | 589/1000 [44:08 > 1:02:56]
L-BFGS:  59%|█████▉    | 590/1000 [45:00 > 1:03:03]
L-BFGS:  59%|█████▉    | 591/1000 [46:10 > 1:03:11]
L-BFGS:  59%|█████▉    | 592/1000 [47:07 > 1:03:18]
L-BFGS:  59%|█████▉    | 593/1000 [47:21 > 1:03:25]
L-BFGS:  59%|█████▉    | 594/1000 [47:33 > 1:03:32]
L-BFGS:  60%|█████▉    | 595/1000 [47:42 > 1:03:39]
L-BFGS:  60%|█████▉    | 596/1000 [47:49 > 1:03:46]
L-BFGS:  60%|█████▉    | 597/1000 [47:50 > 1:03:54]
L-BFGS:  60%|█████▉    | 598/1000 [47:48 > 1:04:01]
L-BFGS:  60%|█████▉    | 599/1000 [47:46 > 1:04:08]
L-BFGS:  60%|██████    | 600/1000 [47:48 > 1:04:15]
L-BFGS:  60%|██████    | 601/1000 [47:53 > 1:04:22]
L-BFGS:  60%|██████    | 602/1000 [47:53 > 1:04:30]
L-BFGS:  60%|██████    | 603/1000 [47:58 > 1:04:37]
L-BFGS:  60%|██████    | 604/1000 [47:42 > 1:04:44]
L-BFGS:  60%|██████    | 605/1000 [47:29 > 1:04:51]
L-BFGS:  61%|██████    | 606/1000 [47:15 > 1:04:59]
L-BFGS:  61%|██████    | 607/1000 [47:10 > 1:05:06]
L-BFGS:  61%|██████    | 608/1000 [47:02 > 1:05:13]
L-BFGS:  61%|██████    | 609/1000 [46:54 > 1:05:20]
L-BFGS:  61%|██████    | 610/1000 [46:44 > 1:05:27]
L-BFGS:  61%|██████    | 611/1000 [46:34 > 1:05:34]
L-BFGS:  61%|██████    | 612/1000 [46:26 > 1:05:42]
L-BFGS:  61%|██████▏   | 613/1000 [46:19 > 1:05:49]
L-BFGS:  61%|██████▏   | 614/1000 [46:12 > 1:05:56]
L-BFGS:  62%|██████▏   | 615/1000 [46:04 > 1:06:03]
L-BFGS:  62%|██████▏   | 616/1000 [46:00 > 1:06:10]
L-BFGS:  62%|██████▏   | 617/1000 [45:54 > 1:06:18]
L-BFGS:  62%|██████▏   | 618/1000 [45:42 > 1:06:25]
L-BFGS:  62%|██████▏   | 619/1000 [45:28 > 1:06:32]
L-BFGS:  62%|██████▏   | 620/1000 [45:21 > 1:06:39]
L-BFGS:  62%|██████▏   | 621/1000 [45:17 > 1:06:46]
L-BFGS:  62%|██████▏   | 622/1000 [45:07 > 1:06:53]
L-BFGS:  62%|██████▏   | 623/1000 [44:58 > 1:07:01]
L-BFGS:  62%|██████▏   | 624/1000 [45:18 > 1:07:08]
L-BFGS:  62%|██████▎   | 625/1000 [45:09 > 1:07:15]
L-BFGS:  63%|██████▎   | 626/1000 [45:16 > 1:07:22]
L-BFGS:  63%|██████▎   | 627/1000 [45:08 > 1:07:30]
L-BFGS:  63%|██████▎   | 628/1000 [45:12 > 1:07:37]
L-BFGS:  63%|██████▎   | 629/1000 [45:17 > 1:07:45]
L-BFGS:  63%|██████▎   | 630/1000 [45:03 > 1:07:52]
L-BFGS:  63%|██████▎   | 631/1000 [44:52 > 1:07:59]
L-BFGS:  63%|██████▎   | 632/1000 [44:20 > 1:08:06]
L-BFGS:  63%|██████▎   | 633/1000 [43:58 > 1:08:13]
L-BFGS:  63%|██████▎   | 634/1000 [44:02 > 1:08:21]
L-BFGS:  64%|██████▎   | 635/1000 [44:00 > 1:08:28]
L-BFGS:  64%|██████▎   | 636/1000 [43:54 > 1:08:35]
L-BFGS:  64%|██████▎   | 637/1000 [47:23 > 1:08:44]
L-BFGS:  64%|██████▍   | 638/1000 [46:14 > 1:08:52]
L-BFGS:  64%|██████▍   | 639/1000 [45:15 > 1:08:59]
L-BFGS:  64%|██████▍   | 640/1000 [44:40 > 1:09:06]
L-BFGS:  64%|██████▍   | 641/1000 [44:16 > 1:09:13]
L-BFGS:  64%|██████▍   | 642/1000 [43:35 > 1:09:20]
L-BFGS:  64%|██████▍   | 643/1000 [43:05 > 1:09:27]
L-BFGS:  64%|██████▍   | 644/1000 [42:42 > 1:09:35]
L-BFGS:  64%|██████▍   | 645/1000 [42:36 > 1:09:42]
L-BFGS:  65%|██████▍   | 646/1000 [42:27 > 1:09:49]
L-BFGS:  65%|██████▍   | 647/1000 [42:16 > 1:09:56]
L-BFGS:  65%|██████▍   | 648/1000 [42:07 > 1:10:03]
L-BFGS:  65%|██████▍   | 649/1000 [43:20 > 1:10:11]
L-BFGS:  65%|██████▌   | 650/1000 [42:51 > 1:10:18]
L-BFGS:  65%|██████▌   | 651/1000 [42:23 > 1:10:26]
L-BFGS:  65%|██████▌   | 652/1000 [41:56 > 1:10:33]
L-BFGS:  65%|██████▌   | 653/1000 [41:31 > 1:10:40]
L-BFGS:  65%|██████▌   | 654/1000 [41:24 > 1:10:47]
L-BFGS:  66%|██████▌   | 655/1000 [42:34 > 1:10:55]
L-BFGS:  66%|██████▌   | 656/1000 [42:12 > 1:11:02]
L-BFGS:  66%|██████▌   | 657/1000 [41:47 > 1:11:09]
L-BFGS:  66%|██████▌   | 658/1000 [41:27 > 1:11:16]
L-BFGS:  66%|██████▌   | 659/1000 [41:18 > 1:11:24]
L-BFGS:  66%|██████▌   | 660/1000 [40:57 > 1:11:31]
L-BFGS:  66%|██████▌   | 661/1000 [40:36 > 1:11:38]
L-BFGS:  66%|██████▌   | 662/1000 [40:23 > 1:11:45]
L-BFGS:  66%|██████▋   | 663/1000 [40:10 > 1:11:52]
L-BFGS:  66%|██████▋   | 664/1000 [39:52 > 1:11:59]
L-BFGS:  66%|██████▋   | 665/1000 [39:41 > 1:12:06]
L-BFGS:  67%|██████▋   | 666/1000 [39:37 > 1:12:13]
L-BFGS:  67%|██████▋   | 667/1000 [39:23 > 1:12:21]
L-BFGS:  67%|██████▋   | 668/1000 [39:21 > 1:12:28]
L-BFGS:  67%|██████▋   | 669/1000 [39:20 > 1:12:35]
L-BFGS:  67%|██████▋   | 670/1000 [40:02 > 1:12:42]
L-BFGS:  67%|██████▋   | 671/1000 [39:46 > 1:12:50]
L-BFGS:  67%|██████▋   | 672/1000 [39:39 > 1:12:57]
L-BFGS:  67%|██████▋   | 673/1000 [39:32 > 1:13:04]
L-BFGS:  67%|██████▋   | 674/1000 [39:21 > 1:13:11]
L-BFGS:  68%|██████▊   | 675/1000 [39:17 > 1:13:19]
L-BFGS:  68%|██████▊   | 676/1000 [39:11 > 1:13:26]
L-BFGS:  68%|██████▊   | 677/1000 [39:05 > 1:13:33]
L-BFGS:  68%|██████▊   | 678/1000 [38:58 > 1:13:40]
L-BFGS:  68%|██████▊   | 679/1000 [38:45 > 1:13:48]
L-BFGS:  68%|██████▊   | 680/1000 [38:21 > 1:13:55]
L-BFGS:  68%|██████▊   | 681/1000 [38:06 > 1:14:02]
L-BFGS:  68%|██████▊   | 682/1000 [38:03 > 1:14:09]
L-BFGS:  68%|██████▊   | 683/1000 [38:01 > 1:14:16]
L-BFGS:  68%|██████▊   | 684/1000 [37:59 > 1:14:24]
L-BFGS:  68%|██████▊   | 685/1000 [37:52 > 1:14:31]
L-BFGS:  69%|██████▊   | 686/1000 [37:50 > 1:14:38]
L-BFGS:  69%|██████▊   | 687/1000 [38:35 > 1:14:46]
L-BFGS:  69%|██████▉   | 688/1000 [38:04 > 1:14:53]
L-BFGS:  69%|██████▉   | 689/1000 [37:34 > 1:15:00]
L-BFGS:  69%|██████▉   | 690/1000 [37:37 > 1:15:07]
L-BFGS:  69%|██████▉   | 691/1000 [37:18 > 1:15:15]
L-BFGS:  69%|██████▉   | 692/1000 [37:02 > 1:15:22]
L-BFGS:  69%|██████▉   | 693/1000 [36:43 > 1:15:29]
L-BFGS:  69%|██████▉   | 694/1000 [36:26 > 1:15:36]
L-BFGS:  70%|██████▉   | 695/1000 [36:14 > 1:15:43]
L-BFGS:  70%|██████▉   | 696/1000 [36:04 > 1:15:50]
L-BFGS:  70%|██████▉   | 697/1000 [35:58 > 1:15:57]
L-BFGS:  70%|██████▉   | 698/1000 [35:49 > 1:16:04]
L-BFGS:  70%|██████▉   | 699/1000 [35:41 > 1:16:11]
L-BFGS:  70%|███████   | 700/1000 [35:23 > 1:16:18]
L-BFGS:  70%|███████   | 701/1000 [35:19 > 1:16:26]
L-BFGS:  70%|███████   | 702/1000 [34:58 > 1:16:32]
L-BFGS:  70%|███████   | 703/1000 [34:52 > 1:16:39]
L-BFGS:  70%|███████   | 704/1000 [34:52 > 1:16:47]
L-BFGS:  70%|███████   | 705/1000 [34:44 > 1:16:54]
L-BFGS:  71%|███████   | 706/1000 [34:41 > 1:17:01]
L-BFGS:  71%|███████   | 707/1000 [34:32 > 1:17:08]
L-BFGS:  71%|███████   | 708/1000 [34:24 > 1:17:15]
L-BFGS:  71%|███████   | 709/1000 [34:17 > 1:17:22]
L-BFGS:  71%|███████   | 710/1000 [34:12 > 1:17:29]
L-BFGS:  71%|███████   | 711/1000 [34:06 > 1:17:36]
L-BFGS:  71%|███████   | 712/1000 [33:57 > 1:17:43]
L-BFGS:  71%|███████▏  | 713/1000 [33:38 > 1:17:50]
L-BFGS:  71%|███████▏  | 714/1000 [33:37 > 1:17:57]
L-BFGS:  72%|███████▏  | 715/1000 [33:22 > 1:18:04]
L-BFGS:  72%|███████▏  | 716/1000 [33:12 > 1:18:11]
L-BFGS:  72%|███████▏  | 717/1000 [33:10 > 1:18:18]
L-BFGS:  72%|███████▏  | 718/1000 [33:08 > 1:18:25]
L-BFGS:  72%|███████▏  | 719/1000 [33:02 > 1:18:32]
L-BFGS:  72%|███████▏  | 720/1000 [32:55 > 1:18:40]
L-BFGS:  72%|███████▏  | 721/1000 [32:56 > 1:18:47]
L-BFGS:  72%|███████▏  | 722/1000 [32:42 > 1:18:54]
L-BFGS:  72%|███████▏  | 723/1000 [32:35 > 1:19:01]
L-BFGS:  72%|███████▏  | 724/1000 [32:28 > 1:19:08]
L-BFGS:  72%|███████▎  | 725/1000 [32:26 > 1:19:15]
L-BFGS:  73%|███████▎  | 726/1000 [32:23 > 1:19:22]
L-BFGS:  73%|███████▎  | 727/1000 [32:13 > 1:19:29]
L-BFGS:  73%|███████▎  | 728/1000 [31:58 > 1:19:36]
L-BFGS:  73%|███████▎  | 729/1000 [31:52 > 1:19:43]
L-BFGS:  73%|███████▎  | 730/1000 [31:51 > 1:19:50]
L-BFGS:  73%|███████▎  | 731/1000 [31:48 > 1:19:57]
L-BFGS:  73%|███████▎  | 732/1000 [30:59 > 1:20:04]
L-BFGS:  73%|███████▎  | 733/1000 [30:10 > 1:20:10]
L-BFGS:  73%|███████▎  | 734/1000 [29:28 > 1:20:17]
L-BFGS:  74%|███████▎  | 735/1000 [28:58 > 1:20:23]
L-BFGS:  74%|███████▎  | 736/1000 [28:38 > 1:20:29]
L-BFGS:  74%|███████▎  | 737/1000 [28:24 > 1:20:36]
L-BFGS:  74%|███████▍  | 738/1000 [28:06 > 1:20:42]
L-BFGS:  74%|███████▍  | 739/1000 [27:55 > 1:20:49]
L-BFGS:  74%|███████▍  | 740/1000 [27:42 > 1:20:55]
L-BFGS:  74%|███████▍  | 741/1000 [27:38 > 1:21:01]
L-BFGS:  74%|███████▍  | 742/1000 [27:35 > 1:21:08]
L-BFGS:  74%|███████▍  | 743/1000 [27:26 > 1:21:14]
L-BFGS:  74%|███████▍  | 744/1000 [27:22 > 1:21:21]
L-BFGS:  74%|███████▍  | 745/1000 [27:10 > 1:21:27]
L-BFGS:  75%|███████▍  | 746/1000 [27:04 > 1:21:33]
L-BFGS:  75%|███████▍  | 747/1000 [26:52 > 1:21:40]
L-BFGS:  75%|███████▍  | 748/1000 [26:44 > 1:21:46]
L-BFGS:  75%|███████▍  | 749/1000 [26:38 > 1:21:52]
L-BFGS:  75%|███████▌  | 750/1000 [26:35 > 1:21:59]
L-BFGS:  75%|███████▌  | 751/1000 [26:25 > 1:22:05]
L-BFGS:  75%|███████▌  | 752/1000 [26:19 > 1:22:12]
L-BFGS:  75%|███████▌  | 753/1000 [26:20 > 1:22:18]
L-BFGS:  75%|███████▌  | 754/1000 [26:31 > 1:22:25]
L-BFGS:  76%|███████▌  | 755/1000 [26:37 > 1:22:31]
L-BFGS:  76%|███████▌  | 756/1000 [26:20 > 1:22:38]
L-BFGS:  76%|███████▌  | 757/1000 [26:04 > 1:22:44]
L-BFGS:  76%|███████▌  | 758/1000 [25:55 > 1:22:50]
L-BFGS:  76%|███████▌  | 759/1000 [25:47 > 1:22:57]
L-BFGS:  76%|███████▌  | 760/1000 [25:37 > 1:23:03]
L-BFGS:  76%|███████▌  | 761/1000 [25:30 > 1:23:10]
L-BFGS:  76%|███████▌  | 762/1000 [25:27 > 1:23:16]
L-BFGS:  76%|███████▋  | 763/1000 [25:16 > 1:23:22]
L-BFGS:  76%|███████▋  | 764/1000 [25:05 > 1:23:29]
L-BFGS:  76%|███████▋  | 765/1000 [24:58 > 1:23:35]
L-BFGS:  77%|███████▋  | 766/1000 [24:50 > 1:23:41]
L-BFGS:  77%|███████▋  | 767/1000 [24:40 > 1:23:48]
L-BFGS:  77%|███████▋  | 768/1000 [24:36 > 1:23:54]
L-BFGS:  77%|███████▋  | 769/1000 [24:36 > 1:24:01]
L-BFGS:  77%|███████▋  | 770/1000 [24:27 > 1:24:07]
L-BFGS:  77%|███████▋  | 771/1000 [24:19 > 1:24:13]
L-BFGS:  77%|███████▋  | 772/1000 [24:09 > 1:24:20]
L-BFGS:  77%|███████▋  | 773/1000 [24:03 > 1:24:26]
L-BFGS:  77%|███████▋  | 774/1000 [23:54 > 1:24:32]
L-BFGS:  78%|███████▊  | 775/1000 [23:48 > 1:24:39]
L-BFGS:  78%|███████▊  | 776/1000 [23:42 > 1:24:45]
L-BFGS:  78%|███████▊  | 777/1000 [23:35 > 1:24:51]
L-BFGS:  78%|███████▊  | 778/1000 [23:31 > 1:24:58]
L-BFGS:  78%|███████▊  | 779/1000 [24:13 > 1:25:05]
L-BFGS:  78%|███████▊  | 780/1000 [24:28 > 1:25:12]
L-BFGS:  78%|███████▊  | 781/1000 [24:32 > 1:25:19]
L-BFGS:  78%|███████▊  | 782/1000 [24:34 > 1:25:25]
L-BFGS:  78%|███████▊  | 783/1000 [24:33 > 1:25:32]
L-BFGS:  78%|███████▊  | 784/1000 [24:28 > 1:25:39]
L-BFGS:  78%|███████▊  | 785/1000 [24:24 > 1:25:46]
L-BFGS:  79%|███████▊  | 786/1000 [24:18 > 1:25:53]
L-BFGS:  79%|███████▊  | 787/1000 [24:12 > 1:26:00]
L-BFGS:  79%|███████▉  | 788/1000 [24:07 > 1:26:06]
L-BFGS:  79%|███████▉  | 789/1000 [24:02 > 1:26:13]
L-BFGS:  79%|███████▉  | 790/1000 [23:54 > 1:26:20]
L-BFGS:  79%|███████▉  | 791/1000 [23:48 > 1:26:27]
L-BFGS:  79%|███████▉  | 792/1000 [23:43 > 1:26:34]
L-BFGS:  79%|███████▉  | 793/1000 [23:35 > 1:26:41]
L-BFGS:  79%|███████▉  | 794/1000 [23:27 > 1:26:47]
L-BFGS:  80%|███████▉  | 795/1000 [23:20 > 1:26:54]
L-BFGS:  80%|███████▉  | 796/1000 [23:13 > 1:27:01]
L-BFGS:  80%|███████▉  | 797/1000 [23:08 > 1:27:08]
L-BFGS:  80%|███████▉  | 798/1000 [23:02 > 1:27:15]
L-BFGS:  80%|███████▉  | 799/1000 [22:53 > 1:27:22]
L-BFGS:  80%|████████  | 800/1000 [22:46 > 1:27:28]
L-BFGS:  80%|████████  | 801/1000 [22:39 > 1:27:35]
L-BFGS:  80%|████████  | 802/1000 [22:32 > 1:27:42]
L-BFGS:  80%|████████  | 803/1000 [22:26 > 1:27:49]
L-BFGS:  80%|████████  | 804/1000 [22:18 > 1:27:56]
L-BFGS:  80%|████████  | 805/1000 [22:11 > 1:28:03]
L-BFGS:  81%|████████  | 806/1000 [22:05 > 1:28:09]
L-BFGS:  81%|████████  | 807/1000 [21:58 > 1:28:16]
L-BFGS:  81%|████████  | 808/1000 [21:50 > 1:28:23]
L-BFGS:  81%|████████  | 809/1000 [21:43 > 1:28:30]
L-BFGS:  81%|████████  | 810/1000 [21:36 > 1:28:37]
L-BFGS:  81%|████████  | 811/1000 [21:28 > 1:28:44]
L-BFGS:  81%|████████  | 812/1000 [21:21 > 1:28:50]
L-BFGS:  81%|████████▏ | 813/1000 [21:15 > 1:28:57]
L-BFGS:  81%|████████▏ | 814/1000 [21:10 > 1:29:04]
L-BFGS:  82%|████████▏ | 815/1000 [21:03 > 1:29:11]
L-BFGS:  82%|████████▏ | 816/1000 [20:57 > 1:29:18]
L-BFGS:  82%|████████▏ | 817/1000 [20:50 > 1:29:25]
L-BFGS:  82%|████████▏ | 818/1000 [20:42 > 1:29:31]
L-BFGS:  82%|████████▏ | 819/1000 [20:34 > 1:29:38]
L-BFGS:  82%|████████▏ | 820/1000 [20:28 > 1:29:45]
L-BFGS:  82%|████████▏ | 821/1000 [20:21 > 1:29:52]
L-BFGS:  82%|████████▏ | 822/1000 [20:16 > 1:29:59]
L-BFGS:  82%|████████▏ | 823/1000 [20:10 > 1:30:06]
L-BFGS:  82%|████████▏ | 824/1000 [20:02 > 1:30:12]
L-BFGS:  82%|████████▎ | 825/1000 [19:54 > 1:30:19]
L-BFGS:  83%|████████▎ | 826/1000 [19:47 > 1:30:26]
L-BFGS:  83%|████████▎ | 827/1000 [19:41 > 1:30:33]
L-BFGS:  83%|████████▎ | 828/1000 [19:33 > 1:30:40]
L-BFGS:  83%|████████▎ | 829/1000 [19:28 > 1:30:46]
L-BFGS:  83%|████████▎ | 830/1000 [19:21 > 1:30:53]
L-BFGS:  83%|████████▎ | 831/1000 [19:15 > 1:31:00]
L-BFGS:  83%|████████▎ | 832/1000 [19:09 > 1:31:07]
L-BFGS:  83%|████████▎ | 833/1000 [19:01 > 1:31:14]
L-BFGS:  83%|████████▎ | 834/1000 [18:53 > 1:31:21]
L-BFGS:  84%|████████▎ | 835/1000 [18:48 > 1:31:28]
L-BFGS:  84%|████████▎ | 836/1000 [18:40 > 1:31:34]
L-BFGS:  84%|████████▎ | 837/1000 [18:33 > 1:31:41]
L-BFGS:  84%|████████▍ | 838/1000 [18:26 > 1:31:48]
L-BFGS:  84%|████████▍ | 839/1000 [18:18 > 1:31:55]
L-BFGS:  84%|████████▍ | 840/1000 [18:11 > 1:32:02]
L-BFGS:  84%|████████▍ | 841/1000 [18:06 > 1:32:08]
L-BFGS:  84%|████████▍ | 842/1000 [17:59 > 1:32:15]
L-BFGS:  84%|████████▍ | 843/1000 [17:52 > 1:32:22]
L-BFGS:  84%|████████▍ | 844/1000 [17:48 > 1:32:29]
L-BFGS:  84%|████████▍ | 845/1000 [17:42 > 1:32:36]
L-BFGS:  85%|████████▍ | 846/1000 [17:35 > 1:32:43]
L-BFGS:  85%|████████▍ | 847/1000 [17:28 > 1:32:50]
L-BFGS:  85%|████████▍ | 848/1000 [17:20 > 1:32:56]
L-BFGS:  85%|████████▍ | 849/1000 [17:12 > 1:33:03]
L-BFGS:  85%|████████▌ | 850/1000 [17:06 > 1:33:10]
L-BFGS:  85%|████████▌ | 851/1000 [16:58 > 1:33:17]
L-BFGS:  85%|████████▌ | 852/1000 [16:50 > 1:33:24]
L-BFGS:  85%|████████▌ | 853/1000 [16:44 > 1:33:31]
L-BFGS:  85%|████████▌ | 854/1000 [16:37 > 1:33:37]
L-BFGS:  86%|████████▌ | 855/1000 [16:30 > 1:33:44]
L-BFGS:  86%|████████▌ | 856/1000 [16:23 > 1:33:51]
L-BFGS:  86%|████████▌ | 857/1000 [16:16 > 1:33:58]
L-BFGS:  86%|████████▌ | 858/1000 [16:09 > 1:34:05]
L-BFGS:  86%|████████▌ | 859/1000 [16:02 > 1:34:12]
L-BFGS:  86%|████████▌ | 860/1000 [15:56 > 1:34:18]
L-BFGS:  86%|████████▌ | 861/1000 [15:49 > 1:34:25]
L-BFGS:  86%|████████▌ | 862/1000 [15:44 > 1:34:32]
L-BFGS:  86%|████████▋ | 863/1000 [15:36 > 1:34:39]
L-BFGS:  86%|████████▋ | 864/1000 [15:29 > 1:34:46]
L-BFGS:  86%|████████▋ | 865/1000 [15:21 > 1:34:53]
L-BFGS:  87%|████████▋ | 866/1000 [15:14 > 1:34:59]
L-BFGS:  87%|████████▋ | 867/1000 [15:07 > 1:35:06]
L-BFGS:  87%|████████▋ | 868/1000 [15:01 > 1:35:13]
L-BFGS:  87%|████████▋ | 869/1000 [14:55 > 1:35:20]
L-BFGS:  87%|████████▋ | 870/1000 [14:48 > 1:35:27]
L-BFGS:  87%|████████▋ | 871/1000 [14:42 > 1:35:34]
L-BFGS:  87%|████████▋ | 872/1000 [14:36 > 1:35:40]
L-BFGS:  87%|████████▋ | 873/1000 [14:28 > 1:35:47]
L-BFGS:  87%|████████▋ | 874/1000 [14:21 > 1:35:54]
L-BFGS:  88%|████████▊ | 875/1000 [14:14 > 1:36:01]
L-BFGS:  88%|████████▊ | 876/1000 [14:08 > 1:36:08]
L-BFGS:  88%|████████▊ | 877/1000 [14:01 > 1:36:15]
L-BFGS:  88%|████████▊ | 878/1000 [13:53 > 1:36:21]
L-BFGS:  88%|████████▊ | 879/1000 [13:47 > 1:36:28]
L-BFGS:  88%|████████▊ | 880/1000 [13:40 > 1:36:35]
L-BFGS:  88%|████████▊ | 881/1000 [13:33 > 1:36:42]
L-BFGS:  88%|████████▊ | 882/1000 [13:26 > 1:36:49]
L-BFGS:  88%|████████▊ | 883/1000 [13:20 > 1:36:56]
L-BFGS:  88%|████████▊ | 884/1000 [13:13 > 1:37:02]
L-BFGS:  88%|████████▊ | 885/1000 [13:08 > 1:37:09]
L-BFGS:  89%|████████▊ | 886/1000 [13:02 > 1:37:16]
L-BFGS:  89%|████████▊ | 887/1000 [12:55 > 1:37:23]
L-BFGS:  89%|████████▉ | 888/1000 [12:48 > 1:37:30]
L-BFGS:  89%|████████▉ | 889/1000 [12:39 > 1:37:37]
L-BFGS:  89%|████████▉ | 890/1000 [12:31 > 1:37:44]
L-BFGS:  89%|████████▉ | 891/1000 [12:24 > 1:37:50]
L-BFGS:  89%|████████▉ | 892/1000 [12:17 > 1:37:57]
L-BFGS:  89%|████████▉ | 893/1000 [12:11 > 1:38:04]
L-BFGS:  89%|████████▉ | 894/1000 [12:04 > 1:38:11]
L-BFGS:  90%|████████▉ | 895/1000 [11:57 > 1:38:18]
L-BFGS:  90%|████████▉ | 896/1000 [11:50 > 1:38:25]
L-BFGS:  90%|████████▉ | 897/1000 [11:45 > 1:38:31]
L-BFGS:  90%|████████▉ | 898/1000 [11:37 > 1:38:38]
L-BFGS:  90%|████████▉ | 899/1000 [11:30 > 1:38:45]
L-BFGS:  90%|█████████ | 900/1000 [11:24 > 1:38:52]
L-BFGS:  90%|█████████ | 901/1000 [11:16 > 1:38:59]
L-BFGS:  90%|█████████ | 902/1000 [11:08 > 1:39:06]
L-BFGS:  90%|█████████ | 903/1000 [11:01 > 1:39:12]
L-BFGS:  90%|█████████ | 904/1000 [10:50 > 1:39:19]
L-BFGS:  90%|█████████ | 905/1000 [10:31 > 1:39:25]
L-BFGS:  91%|█████████ | 906/1000 [10:17 > 1:39:32]
L-BFGS:  91%|█████████ | 907/1000 [10:06 > 1:39:38]
L-BFGS:  91%|█████████ | 908/1000 [09:55 > 1:39:45]
L-BFGS:  91%|█████████ | 909/1000 [09:47 > 1:39:51]
L-BFGS:  91%|█████████ | 910/1000 [09:39 > 1:39:57]
L-BFGS:  91%|█████████ | 911/1000 [09:31 > 1:40:04]
L-BFGS:  91%|█████████ | 912/1000 [09:23 > 1:40:10]
L-BFGS:  91%|█████████▏| 913/1000 [09:15 > 1:40:16]
L-BFGS:  91%|█████████▏| 914/1000 [09:07 > 1:40:23]
L-BFGS:  92%|█████████▏| 915/1000 [09:01 > 1:40:29]
L-BFGS:  92%|█████████▏| 916/1000 [08:57 > 1:40:36]
L-BFGS:  92%|█████████▏| 917/1000 [08:50 > 1:40:42]
L-BFGS:  92%|█████████▏| 918/1000 [08:43 > 1:40:48]
L-BFGS:  92%|█████████▏| 919/1000 [08:36 > 1:40:55]
L-BFGS:  92%|█████████▏| 920/1000 [08:29 > 1:41:01]
L-BFGS:  92%|█████████▏| 921/1000 [08:23 > 1:41:07]
L-BFGS:  92%|█████████▏| 922/1000 [08:16 > 1:41:14]
L-BFGS:  92%|█████████▏| 923/1000 [08:09 > 1:41:20]
L-BFGS:  92%|█████████▏| 924/1000 [08:03 > 1:41:27]
L-BFGS:  92%|█████████▎| 925/1000 [07:57 > 1:41:33]
L-BFGS:  93%|█████████▎| 926/1000 [07:51 > 1:41:39]
L-BFGS:  93%|█████████▎| 927/1000 [07:44 > 1:41:46]
L-BFGS:  93%|█████████▎| 928/1000 [07:37 > 1:41:52]
L-BFGS:  93%|█████████▎| 929/1000 [07:31 > 1:41:58]
L-BFGS:  93%|█████████▎| 930/1000 [07:24 > 1:42:05]
L-BFGS:  93%|█████████▎| 931/1000 [07:18 > 1:42:11]
L-BFGS:  93%|█████████▎| 932/1000 [07:12 > 1:42:17]
L-BFGS:  93%|█████████▎| 933/1000 [07:06 > 1:42:24]
L-BFGS:  93%|█████████▎| 934/1000 [07:05 > 1:42:30]
L-BFGS:  94%|█████████▎| 935/1000 [06:58 > 1:42:37]
L-BFGS:  94%|█████████▎| 936/1000 [06:49 > 1:42:43]
L-BFGS:  94%|█████████▎| 937/1000 [06:42 > 1:42:49]
L-BFGS:  94%|█████████▍| 938/1000 [06:35 > 1:42:56]
L-BFGS:  94%|█████████▍| 939/1000 [06:28 > 1:43:02]
L-BFGS:  94%|█████████▍| 940/1000 [06:23 > 1:43:09]
L-BFGS:  94%|█████████▍| 941/1000 [06:15 > 1:43:15]
L-BFGS:  94%|█████████▍| 942/1000 [06:09 > 1:43:21]
L-BFGS:  94%|█████████▍| 943/1000 [06:04 > 1:43:28]
L-BFGS:  94%|█████████▍| 944/1000 [05:57 > 1:43:34]
L-BFGS:  94%|█████████▍| 945/1000 [05:50 > 1:43:40]
L-BFGS:  95%|█████████▍| 946/1000 [05:44 > 1:43:47]
L-BFGS:  95%|█████████▍| 947/1000 [05:37 > 1:43:53]
L-BFGS:  95%|█████████▍| 948/1000 [05:30 > 1:44:00]
L-BFGS:  95%|█████████▍| 949/1000 [05:24 > 1:44:06]
L-BFGS:  95%|█████████▌| 950/1000 [05:18 > 1:44:12]
L-BFGS:  95%|█████████▌| 951/1000 [05:17 > 1:44:19]
L-BFGS:  95%|█████████▌| 952/1000 [05:19 > 1:44:26]
L-BFGS:  95%|█████████▌| 953/1000 [05:15 > 1:44:33]
L-BFGS:  95%|█████████▌| 954/1000 [05:10 > 1:44:40]
L-BFGS:  96%|█████████▌| 955/1000 [05:04 > 1:44:47]
L-BFGS:  96%|█████████▌| 956/1000 [04:58 > 1:44:53]
L-BFGS:  96%|█████████▌| 957/1000 [04:52 > 1:45:00]
L-BFGS:  96%|█████████▌| 958/1000 [04:45 > 1:45:07]
L-BFGS:  96%|█████████▌| 959/1000 [04:39 > 1:45:14]
L-BFGS:  96%|█████████▌| 960/1000 [04:32 > 1:45:21]
L-BFGS:  96%|█████████▌| 961/1000 [04:26 > 1:45:28]
L-BFGS:  96%|█████████▌| 962/1000 [04:19 > 1:45:34]
L-BFGS:  96%|█████████▋| 963/1000 [04:13 > 1:45:41]
L-BFGS:  96%|█████████▋| 964/1000 [04:06 > 1:45:48]
L-BFGS:  96%|█████████▋| 965/1000 [03:59 > 1:45:55]
L-BFGS:  97%|█████████▋| 966/1000 [03:52 > 1:46:02]
L-BFGS:  97%|█████████▋| 967/1000 [03:45 > 1:46:09]
L-BFGS:  97%|█████████▋| 968/1000 [03:38 > 1:46:16]
L-BFGS:  97%|█████████▋| 969/1000 [03:32 > 1:46:22]
L-BFGS:  97%|█████████▋| 970/1000 [03:25 > 1:46:29]
L-BFGS:  97%|█████████▋| 971/1000 [03:17 > 1:46:36]
L-BFGS:  97%|█████████▋| 972/1000 [03:11 > 1:46:43]
L-BFGS:  97%|█████████▋| 973/1000 [03:04 > 1:46:50]
L-BFGS:  97%|█████████▋| 974/1000 [02:57 > 1:46:56]
L-BFGS:  98%|█████████▊| 975/1000 [02:50 > 1:47:03]
L-BFGS:  98%|█████████▊| 976/1000 [02:43 > 1:47:10]
L-BFGS:  98%|█████████▊| 977/1000 [02:37 > 1:47:17]
L-BFGS:  98%|█████████▊| 978/1000 [02:30 > 1:47:24]
L-BFGS:  98%|█████████▊| 979/1000 [02:23 > 1:47:31]
L-BFGS:  98%|█████████▊| 980/1000 [02:16 > 1:47:37]
L-BFGS:  98%|█████████▊| 981/1000 [02:09 > 1:47:44]
L-BFGS:  98%|█████████▊| 982/1000 [02:02 > 1:47:51]
L-BFGS:  98%|█████████▊| 983/1000 [01:56 > 1:47:58]
L-BFGS:  98%|█████████▊| 984/1000 [01:49 > 1:48:05]
L-BFGS:  98%|█████████▊| 985/1000 [01:42 > 1:48:12]
L-BFGS:  99%|█████████▊| 986/1000 [01:35 > 1:48:19]
L-BFGS:  99%|█████████▊| 987/1000 [01:29 > 1:48:25]
L-BFGS:  99%|█████████▉| 988/1000 [01:22 > 1:48:32]
L-BFGS:  99%|█████████▉| 989/1000 [01:15 > 1:48:39]
L-BFGS:  99%|█████████▉| 990/1000 [01:08 > 1:48:46]
L-BFGS:  99%|█████████▉| 991/1000 [01:01 > 1:48:53]
L-BFGS:  99%|█████████▉| 992/1000 [00:54 > 1:49:00]
L-BFGS:  99%|█████████▉| 993/1000 [00:47 > 1:49:06]
L-BFGS:  99%|█████████▉| 994/1000 [00:41 > 1:49:13]
L-BFGS: 100%|█████████▉| 995/1000 [00:34 > 1:49:20]
L-BFGS: 100%|█████████▉| 996/1000 [00:27 > 1:49:27]
L-BFGS: 100%|█████████▉| 997/1000 [00:20 > 1:49:34]
L-BFGS: 100%|█████████▉| 998/1000 [00:13 > 1:49:41]
L-BFGS: 100%|█████████▉| 999/1000 [00:06 > 1:49:47]
L-BFGS: 100%|██████████| 1000/1000 [00:00 > 1:49:54]
L-BFGS: 100%|██████████| 1000/1000 [00:00 > 1:49:54]
Training saved: C:\Ali Computation\pinn\code\heterogeneous\pino_heterogeneous\results\pino_heterogeneous_concentration.png C:\Ali Computation\pinn\code\heterogeneous\pino_heterogeneous\results\pino_heterogeneous_loss.png C:\Ali Computation\pinn\code\heterogeneous\pino_heterogeneous\results\pino_heterogeneous_model.pt
COMSOL validation: 81 media -> C:\Ali Computation\pinn\code\heterogeneous\pino_heterogeneous\results\comsol_validation  (x* collocation n=86)

COMSOL vs PINO:   0%|          | 0/81 [00:00<?, ?it/s]
COMSOL vs PINO:   1%|          | 1/81 [00:01<01:21,  1.02s/it]
COMSOL vs PINO:   2%|▏         | 2/81 [00:02<01:21,  1.03s/it]
COMSOL vs PINO:   4%|▎         | 3/81 [00:03<01:19,  1.02s/it]
COMSOL vs PINO:   5%|▍         | 4/81 [00:04<01:28,  1.14s/it]
COMSOL vs PINO:   6%|▌         | 5/81 [00:05<01:24,  1.11s/it]
COMSOL vs PINO:   7%|▋         | 6/81 [00:06<01:21,  1.08s/it]
COMSOL vs PINO:   9%|▊         | 7/81 [00:07<01:19,  1.07s/it]
COMSOL vs PINO:  10%|▉         | 8/81 [00:08<01:17,  1.06s/it]
COMSOL vs PINO:  11%|█         | 9/81 [00:09<01:15,  1.05s/it]
COMSOL vs PINO:  12%|█▏        | 10/81 [00:10<01:13,  1.04s/it]
COMSOL vs PINO:  14%|█▎        | 11/81 [00:11<01:12,  1.03s/it]
COMSOL vs PINO:  15%|█▍        | 12/81 [00:12<01:11,  1.03s/it]
COMSOL vs PINO:  16%|█▌        | 13/81 [00:13<01:10,  1.04s/it]
COMSOL vs PINO:  17%|█▋        | 14/81 [00:14<01:09,  1.04s/it]
COMSOL vs PINO:  19%|█▊        | 15/81 [00:15<01:08,  1.03s/it]
COMSOL vs PINO:  20%|█▉        | 16/81 [00:16<01:07,  1.03s/it]
COMSOL vs PINO:  21%|██        | 17/81 [00:17<01:05,  1.03s/it]
COMSOL vs PINO:  22%|██▏       | 18/81 [00:18<01:05,  1.04s/it]
COMSOL vs PINO:  23%|██▎       | 19/81 [00:20<01:11,  1.15s/it]
COMSOL vs PINO:  25%|██▍       | 20/81 [00:21<01:07,  1.11s/it]
COMSOL vs PINO:  26%|██▌       | 21/81 [00:22<01:05,  1.09s/it]
COMSOL vs PINO:  27%|██▋       | 22/81 [00:23<01:03,  1.08s/it]
COMSOL vs PINO:  28%|██▊       | 23/81 [00:24<01:02,  1.08s/it]
COMSOL vs PINO:  30%|██▉       | 24/81 [00:25<01:00,  1.07s/it]
COMSOL vs PINO:  31%|███       | 25/81 [00:26<00:59,  1.06s/it]
COMSOL vs PINO:  32%|███▏      | 26/81 [00:27<00:57,  1.05s/it]
COMSOL vs PINO:  33%|███▎      | 27/81 [00:28<00:56,  1.04s/it]
COMSOL vs PINO:  35%|███▍      | 28/81 [00:29<00:55,  1.04s/it]
COMSOL vs PINO:  36%|███▌      | 29/81 [00:30<00:54,  1.04s/it]
COMSOL vs PINO:  37%|███▋      | 30/81 [00:31<00:52,  1.04s/it]
COMSOL vs PINO:  38%|███▊      | 31/81 [00:32<00:51,  1.03s/it]
COMSOL vs PINO:  40%|███▉      | 32/81 [00:34<00:55,  1.13s/it]
COMSOL vs PINO:  41%|████      | 33/81 [00:35<00:52,  1.10s/it]
COMSOL vs PINO:  42%|████▏     | 34/81 [00:36<00:50,  1.08s/it]
COMSOL vs PINO:  43%|████▎     | 35/81 [00:37<00:49,  1.07s/it]
COMSOL vs PINO:  44%|████▍     | 36/81 [00:38<00:48,  1.07s/it]
COMSOL vs PINO:  46%|████▌     | 37/81 [00:39<00:46,  1.06s/it]
COMSOL vs PINO:  47%|████▋     | 38/81 [00:40<00:45,  1.05s/it]
COMSOL vs PINO:  48%|████▊     | 39/81 [00:41<00:44,  1.05s/it]
COMSOL vs PINO:  49%|████▉     | 40/81 [00:42<00:42,  1.04s/it]
COMSOL vs PINO:  51%|█████     | 41/81 [00:43<00:41,  1.04s/it]
COMSOL vs PINO:  52%|█████▏    | 42/81 [00:44<00:40,  1.03s/it]
COMSOL vs PINO:  53%|█████▎    | 43/81 [00:45<00:39,  1.05s/it]
COMSOL vs PINO:  54%|█████▍    | 44/81 [00:46<00:38,  1.04s/it]
COMSOL vs PINO:  56%|█████▌    | 45/81 [00:47<00:37,  1.04s/it]
COMSOL vs PINO:  57%|█████▋    | 46/81 [00:48<00:36,  1.04s/it]
COMSOL vs PINO:  58%|█████▊    | 47/81 [00:50<00:38,  1.14s/it]
COMSOL vs PINO:  59%|█████▉    | 48/81 [00:51<00:36,  1.12s/it]
COMSOL vs PINO:  60%|██████    | 49/81 [00:52<00:34,  1.09s/it]
COMSOL vs PINO:  62%|██████▏   | 50/81 [00:53<00:33,  1.08s/it]
COMSOL vs PINO:  63%|██████▎   | 51/81 [00:54<00:31,  1.07s/it]
COMSOL vs PINO:  64%|██████▍   | 52/81 [00:55<00:30,  1.06s/it]
COMSOL vs PINO:  65%|██████▌   | 53/81 [00:56<00:29,  1.05s/it]
COMSOL vs PINO:  67%|██████▋   | 54/81 [00:57<00:28,  1.05s/it]
COMSOL vs PINO:  68%|██████▊   | 55/81 [00:58<00:27,  1.05s/it]
COMSOL vs PINO:  69%|██████▉   | 56/81 [00:59<00:26,  1.06s/it]
COMSOL vs PINO:  70%|███████   | 57/81 [01:00<00:25,  1.05s/it]
COMSOL vs PINO:  72%|███████▏  | 58/81 [01:01<00:24,  1.05s/it]
COMSOL vs PINO:  73%|███████▎  | 59/81 [01:02<00:22,  1.04s/it]
COMSOL vs PINO:  74%|███████▍  | 60/81 [01:03<00:21,  1.04s/it]
COMSOL vs PINO:  75%|███████▌  | 61/81 [01:04<00:20,  1.04s/it]
COMSOL vs PINO:  77%|███████▋  | 62/81 [01:06<00:21,  1.14s/it]
COMSOL vs PINO:  78%|███████▊  | 63/81 [01:07<00:20,  1.13s/it]
COMSOL vs PINO:  79%|███████▉  | 64/81 [01:08<00:18,  1.10s/it]
COMSOL vs PINO:  80%|████████  | 65/81 [01:09<00:17,  1.08s/it]
COMSOL vs PINO:  81%|████████▏ | 66/81 [01:10<00:16,  1.07s/it]
COMSOL vs PINO:  83%|████████▎ | 67/81 [01:11<00:14,  1.06s/it]
COMSOL vs PINO:  84%|████████▍ | 68/81 [01:12<00:13,  1.06s/it]
COMSOL vs PINO:  85%|████████▌ | 69/81 [01:13<00:12,  1.05s/it]
COMSOL vs PINO:  86%|████████▋ | 70/81 [01:14<00:11,  1.05s/it]
COMSOL vs PINO:  88%|████████▊ | 71/81 [01:15<00:10,  1.04s/it]
COMSOL vs PINO:  89%|████████▉ | 72/81 [01:16<00:09,  1.05s/it]
COMSOL vs PINO:  90%|█████████ | 73/81 [01:17<00:08,  1.05s/it]
COMSOL vs PINO:  91%|█████████▏| 74/81 [01:18<00:07,  1.04s/it]
COMSOL vs PINO:  93%|█████████▎| 75/81 [01:19<00:06,  1.14s/it]
COMSOL vs PINO:  94%|█████████▍| 76/81 [01:20<00:05,  1.11s/it]
COMSOL vs PINO:  95%|█████████▌| 77/81 [01:21<00:04,  1.09s/it]
COMSOL vs PINO:  96%|█████████▋| 78/81 [01:23<00:03,  1.08s/it]
COMSOL vs PINO:  98%|█████████▊| 79/81 [01:24<00:02,  1.06s/it]
COMSOL vs PINO:  99%|█████████▉| 80/81 [01:25<00:01,  1.05s/it]
COMSOL vs PINO: 100%|██████████| 81/81 [01:26<00:00,  1.05s/it]
COMSOL vs PINO: 100%|██████████| 81/81 [01:26<00:00,  1.06s/it]
COMSOL validation summary: n=81  mean=1.369286e-01  max=2.376775e-01  min=8.076797e-02
Wrote C:\Ali Computation\pinn\code\heterogeneous\pino_heterogeneous\results\comsol_validation\comsol_validation_summary.csv

# exit 0 after 1:51:42.411362
