# code/heterogeneous/pino_heterogeneous/pinn1d_heterogeneous_parametric_neural_operator.py --design grf --n-sensors 100 --n-grf 0 --n-piecewise-per-zones 100 --piecewise-zone-counts 1,2,3,4,5 --min-zone-frac 0.1 --arch w64 --dtype float64 --early-stop-patience 150 --adam-epochs 500 --lr-adam 0.0025 --lr-lbfgs 0.1 --lbfgs-max-iter 5 --epochs 500 --out-dir results/exp_Rb_piecewise_K100_N500_adam500_lr25e3_lbfgs500_maxiter5_float64
# started 2026-06-23 19:31:40
# cwd C:\Ali Computation\pinn\code\heterogeneous\pino_heterogeneous

Using GPU: NVIDIA GeForce RTX 3090 (cuda:0, dtype=torch.float64)
PE (computed) = 0.010368
design=grf  media_mode=grf  n_train_requested=500  n_corner_anchors=16  arch=w64  batch_mode=True
branch=[100, 64, 64, 64]  trunk=[2, 64, 64, 64, 64]
results_dir=C:\Ali Computation\pinn\code\heterogeneous\pino_heterogeneous\results\exp_Rb_piecewise_K100_N500_adam500_lr25e3_lbfgs500_maxiter5_float64
Training: 500 piecewise (100 each for zones [1, 2, 3, 4, 5]), min_zone_frac=0.1 = 500 total; K=100 uniform sensors, grid_n=201
  saved/loaded: C:\Ali Computation\pinn\code\heterogeneous\pino_heterogeneous\results\exp_Rb_piecewise_K100_N500_adam500_lr25e3_lbfgs500_maxiter5_float64\train_grf_cases.npz
  branch CFL range [0.120459, 0.599738]
PDE mesh: bulk 50x50x500 (no interface bands in GRF mode)
COMSOL validation: 81 fixed grid cases from comsol_4zones.txt -> C:\Ali Computation\pinn\code\heterogeneous\pino_heterogeneous\results\exp_Rb_piecewise_K100_N500_adam500_lr25e3_lbfgs500_maxiter5_float64\comsol_validation
run_training=True  run_comsol_validation=True  validate_only=False  skip_validation_plots=False
Adam: lr=0.0025  epochs=500
L-BFGS early stopping: patience=150 (max steps=500)
L-BFGS: lr=0.1  max_iter=5  outer_steps=500
PDE collocation points: 1,250,000 (bulk 1,250,000, interface 0)
Collocation mesh plot (pre-train): C:\Ali Computation\pinn\code\heterogeneous\pino_heterogeneous\results\exp_Rb_piecewise_K100_N500_adam500_lr25e3_lbfgs500_maxiter5_float64\pino_heterogeneous_collocation_points.png
Adam(lr=0.0025)  epochs=500

Adam:   0%|          | 0/500 [? > 00:00]
Adam:   0%|          | 1/500 [56:34 > 00:06]
Adam:   0%|          | 2/500 [30:20 > 00:08]
Adam:   1%|          | 3/500 [35:38 > 00:13]
Adam:   1%|          | 4/500 [38:34 > 00:18]
Adam:   1%|          | 5/500 [39:41 > 00:23]
Adam:   1%|          | 6/500 [39:24 > 00:28]
Adam:   1%|▏         | 7/500 [38:12 > 00:32]
Adam:   2%|▏         | 8/500 [37:47 > 00:37]
Adam:   2%|▏         | 9/500 [37:09 > 00:41]
Adam:   2%|▏         | 10/500 [36:45 > 00:46]
Adam:   2%|▏         | 11/500 [36:35 > 00:50]
Adam:   2%|▏         | 12/500 [42:20 > 00:57]
Adam:   3%|▎         | 13/500 [35:45 > 00:59]
Adam:   3%|▎         | 14/500 [37:33 > 01:05]
Adam:   3%|▎         | 15/500 [37:52 > 01:09]
Adam:   3%|▎         | 16/500 [41:15 > 01:16]
Adam:   3%|▎         | 17/500 [46:56 > 01:23]
Adam:   4%|▎         | 18/500 [37:46 > 01:25]
Adam:   4%|▍         | 19/500 [38:17 > 01:30]
Adam:   4%|▍         | 20/500 [37:58 > 01:35]
Adam:   4%|▍         | 21/500 [44:43 > 01:42]
Adam:   4%|▍         | 22/500 [34:00 > 01:43]
Adam:   5%|▍         | 23/500 [33:04 > 01:47]
Adam:   5%|▍         | 24/500 [33:39 > 01:52]
Adam:   5%|▌         | 25/500 [34:54 > 01:57]
Adam:   5%|▌         | 26/500 [36:14 > 02:02]
Adam:   5%|▌         | 27/500 [38:43 > 02:07]
Adam:   6%|▌         | 28/500 [39:19 > 02:12]
Adam:   6%|▌         | 29/500 [39:42 > 02:18]
Adam:   6%|▌         | 30/500 [40:19 > 02:23]
Adam:   6%|▌         | 31/500 [38:06 > 02:27]
Adam:   6%|▋         | 32/500 [39:11 > 02:33]
Adam:   7%|▋         | 33/500 [37:28 > 02:37]
Adam:   7%|▋         | 34/500 [36:01 > 02:41]
Adam:   7%|▋         | 35/500 [34:40 > 02:45]
Adam:   7%|▋         | 36/500 [35:09 > 02:50]
Adam:   7%|▋         | 37/500 [33:16 > 02:54]
Adam:   8%|▊         | 38/500 [34:05 > 02:58]
Adam:   8%|▊         | 39/500 [35:38 > 03:04]
Adam:   8%|▊         | 40/500 [36:45 > 03:09]
Adam:   8%|▊         | 41/500 [38:27 > 03:14]
Adam:   8%|▊         | 42/500 [38:40 > 03:19]
Adam:   9%|▊         | 43/500 [38:46 > 03:25]
Adam:   9%|▉         | 44/500 [37:27 > 03:29]
Adam:   9%|▉         | 45/500 [36:28 > 03:34]
Adam:   9%|▉         | 46/500 [35:35 > 03:38]
Adam:   9%|▉         | 47/500 [33:15 > 03:42]
Adam:  10%|▉         | 48/500 [32:01 > 03:46]
Adam:  10%|▉         | 49/500 [32:46 > 03:50]
Adam:  10%|█         | 50/500 [34:27 > 03:56]
Adam:  10%|█         | 51/500 [34:32 > 04:00]
Adam:  10%|█         | 52/500 [38:24 > 04:07]
Adam:  11%|█         | 53/500 [38:01 > 04:12]
Adam:  11%|█         | 54/500 [38:04 > 04:17]
Adam:  11%|█         | 55/500 [37:50 > 04:22]
Adam:  11%|█         | 56/500 [36:46 > 04:26]
Adam:  11%|█▏        | 57/500 [35:20 > 04:31]
Adam:  12%|█▏        | 58/500 [34:29 > 04:35]
Adam:  12%|█▏        | 59/500 [33:41 > 04:40]
Adam:  12%|█▏        | 60/500 [33:05 > 04:44]
Adam:  12%|█▏        | 61/500 [32:43 > 04:48]
Adam:  12%|█▏        | 62/500 [32:56 > 04:53]
Adam:  13%|█▎        | 63/500 [40:42 > 05:01]
Adam:  13%|█▎        | 64/500 [32:19 > 05:03]
Adam:  13%|█▎        | 65/500 [32:53 > 05:08]
Adam:  13%|█▎        | 66/500 [36:02 > 05:14]
Adam:  13%|█▎        | 67/500 [34:23 > 05:18]
Adam:  14%|█▎        | 68/500 [35:11 > 05:23]
Adam:  14%|█▍        | 69/500 [34:55 > 05:28]
Adam:  14%|█▍        | 70/500 [34:28 > 05:33]
Adam:  14%|█▍        | 71/500 [32:40 > 05:37]
Adam:  14%|█▍        | 72/500 [32:58 > 05:41]
Adam:  15%|█▍        | 73/500 [31:15 > 05:45]
Adam:  15%|█▍        | 74/500 [31:22 > 05:50]
Adam:  15%|█▌        | 75/500 [32:03 > 05:54]
Adam:  15%|█▌        | 76/500 [32:56 > 05:59]
Adam:  15%|█▌        | 77/500 [34:54 > 06:05]
Adam:  16%|█▌        | 78/500 [35:27 > 06:10]
Adam:  16%|█▌        | 79/500 [35:38 > 06:15]
Adam:  16%|█▌        | 80/500 [36:09 > 06:21]
Adam:  16%|█▌        | 81/500 [34:11 > 06:25]
Adam:  16%|█▋        | 82/500 [35:07 > 06:30]
Adam:  17%|█▋        | 83/500 [33:33 > 06:35]
Adam:  17%|█▋        | 84/500 [32:13 > 06:39]
Adam:  17%|█▋        | 85/500 [30:56 > 06:43]
Adam:  17%|█▋        | 86/500 [31:23 > 06:48]
Adam:  17%|█▋        | 87/500 [29:41 > 06:52]
Adam:  18%|█▊        | 88/500 [30:26 > 06:56]
Adam:  18%|█▊        | 89/500 [31:47 > 07:01]
Adam:  18%|█▊        | 90/500 [32:45 > 07:07]
Adam:  18%|█▊        | 91/500 [34:15 > 07:12]
Adam:  18%|█▊        | 92/500 [34:22 > 07:17]
Adam:  19%|█▊        | 93/500 [34:27 > 07:22]
Adam:  19%|█▉        | 94/500 [33:15 > 07:27]
Adam:  19%|█▉        | 95/500 [32:24 > 07:31]
Adam:  19%|█▉        | 96/500 [36:46 > 07:38]
Adam:  19%|█▉        | 97/500 [27:59 > 07:40]
Adam:  20%|█▉        | 98/500 [27:24 > 07:43]
Adam:  20%|█▉        | 99/500 [28:26 > 07:48]
Adam:  20%|██        | 100/500 [30:07 > 07:53]
Adam:  20%|██        | 101/500 [30:25 > 07:58]
Adam:  20%|██        | 102/500 [33:54 > 08:04]
Adam:  21%|██        | 103/500 [33:37 > 08:09]
Adam:  21%|██        | 104/500 [33:47 > 08:15]
Adam:  21%|██        | 105/500 [33:32 > 08:20]
Adam:  21%|██        | 106/500 [32:35 > 08:24]
Adam:  21%|██▏       | 107/500 [31:17 > 08:29]
Adam:  22%|██▏       | 108/500 [30:33 > 08:33]
Adam:  22%|██▏       | 109/500 [29:50 > 08:37]
Adam:  22%|██▏       | 110/500 [35:19 > 08:45]
Adam:  22%|██▏       | 111/500 [32:42 > 08:49]
Adam:  22%|██▏       | 112/500 [26:11 > 08:51]
Adam:  23%|██▎       | 113/500 [27:25 > 08:55]
Adam:  23%|██▎       | 114/500 [29:05 > 09:01]
Adam:  23%|██▎       | 115/500 [29:31 > 09:05]
Adam:  23%|██▎       | 116/500 [32:11 > 09:11]
Adam:  23%|██▎       | 117/500 [30:38 > 09:16]
Adam:  24%|██▎       | 118/500 [33:24 > 09:22]
Adam:  24%|██▍       | 119/500 [30:13 > 09:26]
Adam:  24%|██▍       | 120/500 [29:58 > 09:30]
Adam:  24%|██▍       | 121/500 [28:33 > 09:34]
Adam:  24%|██▍       | 122/500 [28:51 > 09:39]
Adam:  25%|██▍       | 123/500 [29:40 > 09:44]
Adam:  25%|██▍       | 124/500 [26:48 > 09:47]
Adam:  25%|██▌       | 125/500 [27:41 > 09:52]
Adam:  25%|██▌       | 126/500 [28:42 > 09:57]
Adam:  25%|██▌       | 127/500 [30:33 > 10:03]
Adam:  26%|██▌       | 128/500 [31:06 > 10:08]
Adam:  26%|██▌       | 129/500 [31:21 > 10:13]
Adam:  26%|██▌       | 130/500 [31:48 > 10:19]
Adam:  26%|██▌       | 131/500 [30:05 > 10:23]
Adam:  26%|██▋       | 132/500 [30:56 > 10:28]
Adam:  27%|██▋       | 133/500 [29:30 > 10:32]
Adam:  27%|██▋       | 134/500 [28:19 > 10:37]
Adam:  27%|██▋       | 135/500 [27:13 > 10:41]
Adam:  27%|██▋       | 136/500 [27:35 > 10:46]
Adam:  27%|██▋       | 137/500 [26:06 > 10:49]
Adam:  28%|██▊       | 138/500 [26:44 > 10:54]
Adam:  28%|██▊       | 139/500 [27:55 > 10:59]
Adam:  28%|██▊       | 140/500 [28:49 > 11:04]
Adam:  28%|██▊       | 141/500 [30:07 > 11:10]
Adam:  28%|██▊       | 142/500 [30:17 > 11:15]
Adam:  29%|██▊       | 143/500 [30:20 > 11:20]
Adam:  29%|██▉       | 144/500 [29:14 > 11:25]
Adam:  29%|██▉       | 145/500 [28:28 > 11:29]
Adam:  29%|██▉       | 146/500 [27:44 > 11:34]
Adam:  29%|██▉       | 147/500 [25:52 > 11:37]
Adam:  30%|██▉       | 148/500 [24:57 > 11:41]
Adam:  30%|██▉       | 149/500 [25:30 > 11:46]
Adam:  30%|███       | 150/500 [26:50 > 11:51]
Adam:  30%|███       | 151/500 [26:53 > 11:56]
Adam:  30%|███       | 152/500 [29:48 > 12:02]
Adam:  31%|███       | 153/500 [29:33 > 12:07]
Adam:  31%|███       | 154/500 [29:39 > 12:12]
Adam:  31%|███       | 155/500 [29:22 > 12:17]
Adam:  31%|███       | 156/500 [28:30 > 12:22]
Adam:  31%|███▏      | 157/500 [27:26 > 12:26]
Adam:  32%|███▏      | 158/500 [26:47 > 12:31]
Adam:  32%|███▏      | 159/500 [26:06 > 12:35]
Adam:  32%|███▏      | 160/500 [25:36 > 12:40]
Adam:  32%|███▏      | 161/500 [25:18 > 12:44]
Adam:  32%|███▏      | 162/500 [25:26 > 12:49]
Adam:  33%|███▎      | 163/500 [25:44 > 12:53]
Adam:  33%|███▎      | 164/500 [26:38 > 12:59]
Adam:  33%|███▎      | 165/500 [26:37 > 13:03]
Adam:  33%|███▎      | 166/500 [28:38 > 13:09]
Adam:  33%|███▎      | 167/500 [27:01 > 13:14]
Adam:  34%|███▎      | 168/500 [27:26 > 13:19]
Adam:  34%|███▍      | 169/500 [32:25 > 13:27]
Adam:  34%|███▍      | 170/500 [25:00 > 13:28]
Adam:  34%|███▍      | 171/500 [24:02 > 13:32]
Adam:  34%|███▍      | 172/500 [24:31 > 13:37]
Adam:  35%|███▍      | 173/500 [23:24 > 13:41]
Adam:  35%|███▍      | 174/500 [23:38 > 13:45]
Adam:  35%|███▌      | 175/500 [24:17 > 13:50]
Adam:  35%|███▌      | 176/500 [25:04 > 13:55]
Adam:  35%|███▌      | 177/500 [26:36 > 14:01]
Adam:  36%|███▌      | 178/500 [26:59 > 14:06]
Adam:  36%|███▌      | 179/500 [27:11 > 14:11]
Adam:  36%|███▌      | 180/500 [27:32 > 14:16]
Adam:  36%|███▌      | 181/500 [26:00 > 14:21]
Adam:  36%|███▋      | 182/500 [26:42 > 14:26]
Adam:  37%|███▋      | 183/500 [26:05 > 14:31]
Adam:  37%|███▋      | 184/500 [24:16 > 14:35]
Adam:  37%|███▋      | 185/500 [23:20 > 14:39]
Adam:  37%|███▋      | 186/500 [23:43 > 14:43]
Adam:  37%|███▋      | 187/500 [22:29 > 14:47]
Adam:  38%|███▊      | 188/500 [23:02 > 14:52]
Adam:  38%|███▊      | 189/500 [24:04 > 14:57]
Adam:  38%|███▊      | 190/500 [24:48 > 15:02]
Adam:  38%|███▊      | 191/500 [25:51 > 15:08]
Adam:  38%|███▊      | 192/500 [25:59 > 15:13]
Adam:  39%|███▊      | 193/500 [25:58 > 15:18]
Adam:  39%|███▉      | 194/500 [25:01 > 15:23]
Adam:  39%|███▉      | 195/500 [24:20 > 15:27]
Adam:  39%|███▉      | 196/500 [23:43 > 15:32]
Adam:  39%|███▉      | 197/500 [22:09 > 15:35]
Adam:  40%|███▉      | 198/500 [21:21 > 15:39]
Adam:  40%|███▉      | 199/500 [21:51 > 15:44]
Adam:  40%|████      | 200/500 [22:57 > 15:49]
Adam:  40%|████      | 201/500 [25:08 > 15:55]
Adam:  40%|████      | 202/500 [24:55 > 16:00]
Adam:  41%|████      | 203/500 [24:51 > 16:05]
Adam:  41%|████      | 204/500 [25:02 > 16:10]
Adam:  41%|████      | 205/500 [24:56 > 16:15]
Adam:  41%|████      | 206/500 [24:14 > 16:20]
Adam:  41%|████▏     | 207/500 [23:17 > 16:24]
Adam:  42%|████▏     | 208/500 [22:44 > 16:29]
Adam:  42%|████▏     | 209/500 [22:08 > 16:33]
Adam:  42%|████▏     | 210/500 [21:41 > 16:37]
Adam:  42%|████▏     | 211/500 [21:29 > 16:42]
Adam:  42%|████▏     | 212/500 [21:36 > 16:46]
Adam:  43%|████▎     | 213/500 [21:53 > 16:51]
Adam:  43%|████▎     | 214/500 [22:35 > 16:56]
Adam:  43%|████▎     | 215/500 [22:33 > 17:01]
Adam:  43%|████▎     | 216/500 [24:15 > 17:07]
Adam:  43%|████▎     | 217/500 [22:54 > 17:11]
Adam:  44%|████▎     | 218/500 [23:16 > 17:16]
Adam:  44%|████▍     | 219/500 [22:54 > 17:21]
Adam:  44%|████▍     | 220/500 [22:29 > 17:26]
Adam:  44%|████▍     | 221/500 [21:18 > 17:30]
Adam:  44%|████▍     | 222/500 [21:27 > 17:35]
Adam:  45%|████▍     | 223/500 [20:18 > 17:38]
Adam:  45%|████▍     | 224/500 [20:19 > 17:43]
Adam:  45%|████▌     | 225/500 [20:43 > 17:48]
Adam:  45%|████▌     | 226/500 [21:20 > 17:53]
Adam:  45%|████▌     | 227/500 [22:33 > 17:58]
Adam:  46%|████▌     | 228/500 [22:50 > 18:04]
Adam:  46%|████▌     | 229/500 [22:58 > 18:09]
Adam:  46%|████▌     | 230/500 [23:20 > 18:14]
Adam:  46%|████▌     | 231/500 [22:00 > 18:18]
Adam:  46%|████▋     | 232/500 [22:33 > 18:24]
Adam:  47%|████▋     | 233/500 [21:30 > 18:28]
Adam:  47%|████▋     | 234/500 [20:36 > 18:32]
Adam:  47%|████▋     | 235/500 [19:46 > 18:36]
Adam:  47%|████▋     | 236/500 [20:00 > 18:41]
Adam:  47%|████▋     | 237/500 [21:59 > 18:47]
Adam:  48%|████▊     | 238/500 [18:26 > 18:50]
Adam:  48%|████▊     | 239/500 [19:33 > 18:55]
Adam:  48%|████▊     | 240/500 [24:34 > 19:03]
Adam:  48%|████▊     | 241/500 [20:12 > 19:06]
Adam:  48%|████▊     | 242/500 [20:46 > 19:11]
Adam:  49%|████▊     | 243/500 [21:05 > 19:16]
Adam:  49%|████▉     | 244/500 [20:31 > 19:20]
Adam:  49%|████▉     | 245/500 [20:04 > 19:25]
Adam:  49%|████▉     | 246/500 [19:38 > 19:29]
Adam:  49%|████▉     | 247/500 [21:50 > 19:36]
Adam:  50%|████▉     | 248/500 [16:43 > 19:37]
Adam:  50%|████▉     | 249/500 [17:26 > 19:42]
Adam:  50%|█████     | 250/500 [18:33 > 19:47]
Adam:  50%|█████     | 251/500 [18:47 > 19:51]
Adam:  50%|█████     | 252/500 [21:01 > 19:58]
Adam:  51%|█████     | 253/500 [20:49 > 20:03]
Adam:  51%|█████     | 254/500 [20:53 > 20:08]
Adam:  51%|█████     | 255/500 [20:43 > 20:13]
Adam:  51%|█████     | 256/500 [20:08 > 20:18]
Adam:  51%|█████▏    | 257/500 [19:20 > 20:22]
Adam:  52%|█████▏    | 258/500 [18:52 > 20:26]
Adam:  52%|█████▏    | 259/500 [18:22 > 20:31]
Adam:  52%|█████▏    | 260/500 [17:59 > 20:35]
Adam:  52%|█████▏    | 261/500 [17:47 > 20:40]
Adam:  52%|█████▏    | 262/500 [17:53 > 20:44]
Adam:  53%|█████▎    | 263/500 [18:05 > 20:49]
Adam:  53%|█████▎    | 264/500 [18:43 > 20:54]
Adam:  53%|█████▎    | 265/500 [18:38 > 20:59]
Adam:  53%|█████▎    | 266/500 [20:01 > 21:05]
Adam:  53%|█████▎    | 267/500 [18:54 > 21:09]
Adam:  54%|█████▎    | 268/500 [19:12 > 21:14]
Adam:  54%|█████▍    | 269/500 [18:52 > 21:19]
Adam:  54%|█████▍    | 270/500 [18:31 > 21:24]
Adam:  54%|█████▍    | 271/500 [17:31 > 21:28]
Adam:  54%|█████▍    | 272/500 [17:35 > 21:32]
Adam:  55%|█████▍    | 273/500 [16:38 > 21:36]
Adam:  55%|█████▍    | 274/500 [16:36 > 21:41]
Adam:  55%|█████▌    | 275/500 [16:56 > 21:46]
Adam:  55%|█████▌    | 276/500 [17:23 > 21:51]
Adam:  55%|█████▌    | 277/500 [18:25 > 21:56]
Adam:  56%|█████▌    | 278/500 [18:39 > 22:01]
Adam:  56%|█████▌    | 279/500 [23:12 > 22:11]
Adam:  56%|█████▌    | 280/500 [17:40 > 22:12]
Adam:  56%|█████▌    | 281/500 [16:57 > 22:16]
Adam:  56%|█████▋    | 282/500 [17:41 > 22:22]
Adam:  57%|█████▋    | 283/500 [17:02 > 22:26]
Adam:  57%|█████▋    | 284/500 [16:26 > 22:30]
Adam:  57%|█████▋    | 285/500 [15:50 > 22:34]
Adam:  57%|█████▋    | 286/500 [16:05 > 22:39]
Adam:  57%|█████▋    | 287/500 [15:13 > 22:43]
Adam:  58%|█████▊    | 288/500 [15:34 > 22:47]
Adam:  58%|█████▊    | 289/500 [16:16 > 22:53]
Adam:  58%|█████▊    | 290/500 [16:47 > 22:58]
Adam:  58%|█████▊    | 291/500 [17:30 > 23:03]
Adam:  58%|█████▊    | 292/500 [17:34 > 23:09]
Adam:  59%|█████▊    | 293/500 [17:33 > 23:14]
Adam:  59%|█████▉    | 294/500 [16:55 > 23:18]
Adam:  59%|█████▉    | 295/500 [16:25 > 23:23]
Adam:  59%|█████▉    | 296/500 [15:59 > 23:27]
Adam:  59%|█████▉    | 297/500 [14:52 > 23:31]
Adam:  60%|█████▉    | 298/500 [14:18 > 23:35]
Adam:  60%|█████▉    | 299/500 [14:36 > 23:39]
Adam:  60%|██████    | 300/500 [15:18 > 23:45]
Adam:  60%|██████    | 301/500 [15:17 > 23:49]
Adam:  60%|██████    | 302/500 [16:57 > 23:56]
Adam:  61%|██████    | 303/500 [16:44 > 24:01]
Adam:  61%|██████    | 304/500 [16:44 > 24:06]
Adam:  61%|██████    | 305/500 [16:34 > 24:11]
Adam:  61%|██████    | 306/500 [16:03 > 24:15]
Adam:  61%|██████▏   | 307/500 [18:29 > 24:23]
Adam:  62%|██████▏   | 308/500 [14:04 > 24:24]
Adam:  62%|██████▏   | 309/500 [13:57 > 24:29]
Adam:  62%|██████▏   | 310/500 [13:49 > 24:33]
Adam:  62%|██████▏   | 311/500 [13:47 > 24:37]
Adam:  62%|██████▏   | 312/500 [13:56 > 24:42]
Adam:  63%|██████▎   | 313/500 [14:06 > 24:47]
Adam:  63%|██████▎   | 314/500 [14:35 > 24:52]
Adam:  63%|██████▎   | 315/500 [14:34 > 24:57]
Adam:  63%|██████▎   | 316/500 [15:41 > 25:03]
Adam:  63%|██████▎   | 317/500 [17:58 > 25:10]
Adam:  64%|██████▎   | 318/500 [14:06 > 25:12]
Adam:  64%|██████▍   | 319/500 [16:53 > 25:20]
Adam:  64%|██████▍   | 320/500 [13:13 > 25:22]
Adam:  64%|██████▍   | 321/500 [12:48 > 25:26]
Adam:  64%|██████▍   | 322/500 [13:07 > 25:30]
Adam:  65%|██████▍   | 323/500 [12:33 > 25:34]
Adam:  65%|██████▍   | 324/500 [12:37 > 25:39]
Adam:  65%|██████▌   | 325/500 [14:46 > 25:45]
Adam:  65%|██████▌   | 326/500 [12:49 > 25:48]
Adam:  65%|██████▌   | 327/500 [13:47 > 25:54]
Adam:  66%|██████▌   | 328/500 [14:05 > 25:59]
Adam:  66%|██████▌   | 329/500 [14:14 > 26:04]
Adam:  66%|██████▌   | 330/500 [14:28 > 26:10]
Adam:  66%|██████▌   | 331/500 [13:40 > 26:14]
Adam:  66%|██████▋   | 332/500 [14:02 > 26:19]
Adam:  67%|██████▋   | 333/500 [13:22 > 26:24]
Adam:  67%|██████▋   | 334/500 [12:47 > 26:28]
Adam:  67%|██████▋   | 335/500 [14:35 > 26:35]
Adam:  67%|██████▋   | 336/500 [11:44 > 26:37]
Adam:  67%|██████▋   | 337/500 [11:13 > 26:41]
Adam:  68%|██████▊   | 338/500 [11:37 > 26:45]
Adam:  68%|██████▊   | 339/500 [12:12 > 26:50]
Adam:  68%|██████▊   | 340/500 [12:38 > 26:56]
Adam:  68%|██████▊   | 341/500 [15:22 > 27:04]
Adam:  68%|██████▊   | 342/500 [12:37 > 27:06]
Adam:  69%|██████▊   | 343/500 [12:49 > 27:11]
Adam:  69%|██████▉   | 344/500 [12:26 > 27:16]
Adam:  69%|██████▉   | 345/500 [12:09 > 27:20]
Adam:  69%|██████▉   | 346/500 [11:53 > 27:25]
Adam:  69%|██████▉   | 347/500 [11:05 > 27:29]
Adam:  70%|██████▉   | 348/500 [10:41 > 27:32]
Adam:  70%|██████▉   | 349/500 [13:35 > 27:41]
Adam:  70%|███████   | 350/500 [10:41 > 27:42]
Adam:  70%|███████   | 351/500 [10:54 > 27:47]
Adam:  70%|███████   | 352/500 [12:18 > 27:53]
Adam:  71%|███████   | 353/500 [12:14 > 27:58]
Adam:  71%|███████   | 354/500 [12:18 > 28:04]
Adam:  71%|███████   | 355/500 [14:40 > 28:12]
Adam:  71%|███████   | 356/500 [11:08 > 28:13]
Adam:  71%|███████▏  | 357/500 [10:52 > 28:18]
Adam:  72%|███████▏  | 358/500 [10:43 > 28:22]
Adam:  72%|███████▏  | 359/500 [10:30 > 28:26]
Adam:  72%|███████▏  | 360/500 [10:19 > 28:31]
Adam:  72%|███████▏  | 361/500 [10:15 > 28:35]
Adam:  72%|███████▏  | 362/500 [10:18 > 28:40]
Adam:  73%|███████▎  | 363/500 [10:23 > 28:45]
Adam:  73%|███████▎  | 364/500 [10:43 > 28:50]
Adam:  73%|███████▎  | 365/500 [10:41 > 28:54]
Adam:  73%|███████▎  | 366/500 [11:28 > 29:01]
Adam:  73%|███████▎  | 367/500 [10:46 > 29:05]
Adam:  74%|███████▎  | 368/500 [10:55 > 29:10]
Adam:  74%|███████▍  | 369/500 [10:42 > 29:15]
Adam:  74%|███████▍  | 370/500 [10:29 > 29:19]
Adam:  74%|███████▍  | 371/500 [09:52 > 29:23]
Adam:  74%|███████▍  | 372/500 [09:53 > 29:28]
Adam:  75%|███████▍  | 373/500 [09:18 > 29:32]
Adam:  75%|███████▍  | 374/500 [09:16 > 29:36]
Adam:  75%|███████▌  | 375/500 [09:26 > 29:41]
Adam:  75%|███████▌  | 376/500 [09:39 > 29:46]
Adam:  75%|███████▌  | 377/500 [10:10 > 29:52]
Adam:  76%|███████▌  | 378/500 [10:14 > 29:57]
Adam:  76%|███████▌  | 379/500 [10:14 > 30:02]
Adam:  76%|███████▌  | 380/500 [10:20 > 30:08]
Adam:  76%|███████▌  | 381/500 [09:43 > 30:12]
Adam:  76%|███████▋  | 382/500 [09:55 > 30:17]
Adam:  77%|███████▋  | 383/500 [09:24 > 30:22]
Adam:  77%|███████▋  | 384/500 [08:58 > 30:26]
Adam:  77%|███████▋  | 385/500 [08:34 > 30:30]
Adam:  77%|███████▋  | 386/500 [08:38 > 30:35]
Adam:  77%|███████▋  | 387/500 [08:08 > 30:38]
Adam:  78%|███████▊  | 388/500 [08:17 > 30:43]
Adam:  78%|███████▊  | 389/500 [08:35 > 30:48]
Adam:  78%|███████▊  | 390/500 [10:56 > 30:57]
Adam:  78%|███████▊  | 391/500 [09:01 > 31:00]
Adam:  78%|███████▊  | 392/500 [08:29 > 31:04]
Adam:  79%|███████▊  | 393/500 [08:38 > 31:09]
Adam:  79%|███████▉  | 394/500 [08:23 > 31:14]
Adam:  79%|███████▉  | 395/500 [08:42 > 31:19]
Adam:  79%|███████▉  | 396/500 [07:50 > 31:23]
Adam:  79%|███████▉  | 397/500 [07:20 > 31:26]
Adam:  80%|███████▉  | 398/500 [07:04 > 31:30]
Adam:  80%|███████▉  | 399/500 [07:14 > 31:35]
Adam:  80%|████████  | 400/500 [07:34 > 31:40]
Adam:  80%|████████  | 401/500 [07:33 > 31:45]
Adam:  80%|████████  | 402/500 [08:38 > 31:52]
Adam:  81%|████████  | 403/500 [08:08 > 31:56]
Adam:  81%|████████  | 404/500 [08:07 > 32:01]
Adam:  81%|████████  | 405/500 [08:01 > 32:06]
Adam:  81%|████████  | 406/500 [09:15 > 32:14]
Adam:  81%|████████▏ | 407/500 [06:57 > 32:15]
Adam:  82%|████████▏ | 408/500 [06:51 > 32:20]
Adam:  82%|████████▏ | 409/500 [06:43 > 32:24]
Adam:  82%|████████▏ | 410/500 [06:36 > 32:29]
Adam:  82%|████████▏ | 411/500 [06:31 > 32:33]
Adam:  82%|████████▏ | 412/500 [06:32 > 32:38]
Adam:  83%|████████▎ | 413/500 [06:35 > 32:42]
Adam:  83%|████████▎ | 414/500 [06:45 > 32:47]
Adam:  83%|████████▎ | 415/500 [06:42 > 32:52]
Adam:  83%|████████▎ | 416/500 [07:09 > 32:58]
Adam:  83%|████████▎ | 417/500 [06:42 > 33:02]
Adam:  84%|████████▎ | 418/500 [06:45 > 33:08]
Adam:  84%|████████▍ | 419/500 [06:36 > 33:12]
Adam:  84%|████████▍ | 420/500 [06:26 > 33:17]
Adam:  84%|████████▍ | 421/500 [06:02 > 33:21]
Adam:  84%|████████▍ | 422/500 [06:01 > 33:26]
Adam:  85%|████████▍ | 423/500 [05:38 > 33:30]
Adam:  85%|████████▍ | 424/500 [05:35 > 33:34]
Adam:  85%|████████▌ | 425/500 [05:39 > 33:39]
Adam:  85%|████████▌ | 426/500 [05:46 > 33:44]
Adam:  85%|████████▌ | 427/500 [06:02 > 33:50]
Adam:  86%|████████▌ | 428/500 [06:02 > 33:55]
Adam:  86%|████████▌ | 429/500 [06:00 > 34:00]
Adam:  86%|████████▌ | 430/500 [06:02 > 34:05]
Adam:  86%|████████▌ | 431/500 [05:37 > 34:10]
Adam:  86%|████████▋ | 432/500 [05:42 > 34:15]
Adam:  87%|████████▋ | 433/500 [05:23 > 34:19]
Adam:  87%|████████▋ | 434/500 [05:06 > 34:24]
Adam:  87%|████████▋ | 435/500 [04:51 > 34:28]
Adam:  87%|████████▋ | 436/500 [04:50 > 34:32]
Adam:  87%|████████▋ | 437/500 [04:31 > 34:36]
Adam:  88%|████████▊ | 438/500 [04:34 > 34:41]
Adam:  88%|████████▊ | 439/500 [04:42 > 34:46]
Adam:  88%|████████▊ | 440/500 [04:48 > 34:51]
Adam:  88%|████████▊ | 441/500 [04:56 > 34:57]
Adam:  88%|████████▊ | 442/500 [04:53 > 35:02]
Adam:  89%|████████▊ | 443/500 [04:50 > 35:07]
Adam:  89%|████████▉ | 444/500 [04:35 > 35:11]
Adam:  89%|████████▉ | 445/500 [04:24 > 35:16]
Adam:  89%|████████▉ | 446/500 [04:24 > 35:21]
Adam:  89%|████████▉ | 447/500 [04:33 > 35:27]
Adam:  90%|████████▉ | 448/500 [03:26 > 35:28]
Adam:  90%|████████▉ | 449/500 [03:32 > 35:33]
Adam:  90%|█████████ | 450/500 [03:43 > 35:38]
Adam:  90%|█████████ | 451/500 [03:41 > 35:43]
Adam:  90%|█████████ | 452/500 [04:03 > 35:49]
Adam:  91%|█████████ | 453/500 [03:58 > 35:54]
Adam:  91%|█████████ | 454/500 [03:54 > 35:59]
Adam:  91%|█████████ | 455/500 [04:04 > 36:05]
Adam:  91%|█████████ | 456/500 [03:33 > 36:09]
Adam:  91%|█████████▏| 457/500 [03:26 > 36:14]
Adam:  92%|█████████▏| 458/500 [03:13 > 36:18]
Adam:  92%|█████████▏| 459/500 [03:05 > 36:22]
Adam:  92%|█████████▏| 460/500 [02:58 > 36:26]
Adam:  92%|█████████▏| 461/500 [02:53 > 36:31]
Adam:  92%|█████████▏| 462/500 [02:50 > 36:35]
Adam:  93%|█████████▎| 463/500 [02:48 > 36:40]
Adam:  93%|█████████▎| 464/500 [02:50 > 36:45]
Adam:  93%|█████████▎| 465/500 [02:46 > 36:50]
Adam:  93%|█████████▎| 466/500 [02:54 > 36:56]
Adam:  93%|█████████▎| 467/500 [02:40 > 37:00]
Adam:  94%|█████████▎| 468/500 [02:38 > 37:05]
Adam:  94%|█████████▍| 469/500 [02:31 > 37:10]
Adam:  94%|█████████▍| 470/500 [02:24 > 37:15]
Adam:  94%|█████████▍| 471/500 [02:13 > 37:19]
Adam:  94%|█████████▍| 472/500 [02:10 > 37:24]
Adam:  95%|█████████▍| 473/500 [01:58 > 37:27]
Adam:  95%|█████████▍| 474/500 [01:54 > 37:32]
Adam:  95%|█████████▌| 475/500 [01:53 > 37:37]
Adam:  95%|█████████▌| 476/500 [01:51 > 37:42]
Adam:  95%|█████████▌| 477/500 [01:54 > 37:47]
Adam:  96%|█████████▌| 478/500 [01:51 > 37:53]
Adam:  96%|█████████▌| 479/500 [01:47 > 37:58]
Adam:  96%|█████████▌| 480/500 [01:43 > 38:03]
Adam:  96%|█████████▌| 481/500 [01:33 > 38:07]
Adam:  96%|█████████▋| 482/500 [01:30 > 38:13]
Adam:  97%|█████████▋| 483/500 [01:22 > 38:17]
Adam:  97%|█████████▋| 484/500 [01:14 > 38:21]
Adam:  97%|█████████▋| 485/500 [01:07 > 38:26]
Adam:  97%|█████████▋| 486/500 [01:03 > 38:30]
Adam:  97%|█████████▋| 487/500 [00:56 > 38:34]
Adam:  98%|█████████▊| 488/500 [00:53 > 38:39]
Adam:  98%|█████████▊| 489/500 [00:51 > 38:44]
Adam:  98%|█████████▊| 490/500 [00:48 > 38:49]
Adam:  98%|█████████▊| 491/500 [00:45 > 38:55]
Adam:  98%|█████████▊| 492/500 [00:40 > 39:00]
Adam:  99%|█████████▊| 493/500 [00:35 > 39:05]
Adam:  99%|█████████▉| 494/500 [00:29 > 39:09]
Adam:  99%|█████████▉| 495/500 [00:24 > 39:14]
Adam:  99%|█████████▉| 496/500 [00:18 > 39:18]
Adam:  99%|█████████▉| 497/500 [00:13 > 39:22]
Adam: 100%|█████████▉| 498/500 [00:08 > 39:26]
Adam: 100%|█████████▉| 499/500 [00:04 > 39:31]
Adam: 100%|██████████| 500/500 [00:00 > 39:36]
Adam: 100%|██████████| 500/500 [00:00 > 39:36]
LBFGS (
Parameter Group 0
    history_size: 50
    line_search_fn: strong_wolfe
    lr: 0.1
    max_eval: 6
    max_iter: 5
    tolerance_change: 1e-09
    tolerance_grad: 1e-07
)
Early stopping: patience=150 L-BFGS steps (no total-loss improvement, rtol=1e-12)

L-BFGS:   0%|          | 0/500 [? > 00:00]
L-BFGS:   0%|          | 1/500 [4:44:47 > 00:34]
L-BFGS:   0%|          | 2/500 [4:30:24 > 01:05]
L-BFGS:   1%|          | 3/500 [4:36:00 > 01:39]
L-BFGS:   1%|          | 4/500 [4:18:41 > 02:08]
L-BFGS:   1%|          | 5/500 [4:26:17 > 02:42]
L-BFGS:   1%|          | 6/500 [4:12:20 > 03:09]
L-BFGS:   1%|▏         | 7/500 [4:09:22 > 03:39]
L-BFGS:   2%|▏         | 8/500 [4:02:56 > 04:07]
L-BFGS:   2%|▏         | 9/500 [4:11:43 > 04:40]
L-BFGS:   2%|▏         | 10/500 [4:18:55 > 05:14]
L-BFGS:   2%|▏         | 11/500 [4:18:01 > 05:46]
L-BFGS:   2%|▏         | 12/500 [4:27:24 > 06:21]
L-BFGS:   3%|▎         | 13/500 [4:21:37 > 06:52]
L-BFGS:   3%|▎         | 14/500 [4:17:52 > 07:23]
L-BFGS:   3%|▎         | 15/500 [4:14:16 > 07:53]
L-BFGS:   3%|▎         | 16/500 [4:24:22 > 08:29]
L-BFGS:   3%|▎         | 17/500 [4:20:30 > 09:01]
L-BFGS:   4%|▎         | 18/500 [4:14:25 > 09:31]
L-BFGS:   4%|▍         | 19/500 [4:16:07 > 10:03]
L-BFGS:   4%|▍         | 20/500 [4:20:41 > 10:37]
L-BFGS:   4%|▍         | 21/500 [4:21:18 > 11:10]
L-BFGS:   4%|▍         | 22/500 [4:09:06 > 11:38]
L-BFGS:   5%|▍         | 23/500 [4:16:39 > 12:13]
L-BFGS:   5%|▍         | 24/500 [4:15:06 > 12:45]
L-BFGS:   5%|▌         | 25/500 [4:21:02 > 13:20]
L-BFGS:   5%|▌         | 26/500 [4:15:49 > 13:51]
L-BFGS:   5%|▌         | 27/500 [4:24:46 > 14:27]
L-BFGS:   6%|▌         | 28/500 [4:16:49 > 14:58]
L-BFGS:   6%|▌         | 29/500 [4:22:07 > 15:33]
L-BFGS:   6%|▌         | 30/500 [4:09:15 > 16:01]
L-BFGS:   6%|▌         | 31/500 [4:12:20 > 16:34]
L-BFGS:   6%|▋         | 32/500 [4:01:54 > 17:02]
L-BFGS:   7%|▋         | 33/500 [4:07:45 > 17:36]
L-BFGS:   7%|▋         | 34/500 [4:00:05 > 18:05]
L-BFGS:   7%|▋         | 35/500 [3:54:39 > 18:34]
L-BFGS:   7%|▋         | 36/500 [3:47:43 > 19:01]
L-BFGS:   7%|▋         | 37/500 [3:56:20 > 19:34]
L-BFGS:   8%|▊         | 38/500 [4:04:58 > 20:09]
L-BFGS:   8%|▊         | 39/500 [3:54:10 > 20:36]
L-BFGS:   8%|▊         | 40/500 [3:51:38 > 21:06]
L-BFGS:   8%|▊         | 41/500 [3:54:18 > 21:38]
L-BFGS:   8%|▊         | 42/500 [4:05:23 > 22:13]
L-BFGS:   9%|▊         | 43/500 [4:01:42 > 22:44]
L-BFGS:   9%|▉         | 44/500 [4:09:38 > 23:19]
L-BFGS:   9%|▉         | 45/500 [4:04:44 > 23:50]
L-BFGS:   9%|▉         | 46/500 [4:01:03 > 24:21]
L-BFGS:   9%|▉         | 47/500 [3:59:29 > 24:53]
L-BFGS:  10%|▉         | 48/500 [4:04:32 > 25:27]
L-BFGS:  10%|▉         | 49/500 [4:06:17 > 26:00]
L-BFGS:  10%|█         | 50/500 [3:57:05 > 26:29]
L-BFGS:  10%|█         | 51/500 [3:59:43 > 27:02]
L-BFGS:  10%|█         | 52/500 [3:49:52 > 27:30]
L-BFGS:  11%|█         | 53/500 [3:46:08 > 28:00]
L-BFGS:  11%|█         | 54/500 [3:50:43 > 28:32]
L-BFGS:  11%|█         | 55/500 [3:47:15 > 29:02]
L-BFGS:  11%|█         | 56/500 [3:48:37 > 29:33]
L-BFGS:  11%|█▏        | 57/500 [3:58:53 > 30:09]
L-BFGS:  12%|█▏        | 58/500 [3:54:56 > 30:40]
L-BFGS:  12%|█▏        | 59/500 [3:52:19 > 31:11]
L-BFGS:  12%|█▏        | 60/500 [3:38:47 > 31:37]
L-BFGS:  12%|█▏        | 61/500 [3:42:25 > 32:08]
L-BFGS:  12%|█▏        | 62/500 [3:43:34 > 32:39]
L-BFGS:  13%|█▎        | 63/500 [3:52:04 > 33:14]
L-BFGS:  13%|█▎        | 64/500 [3:50:54 > 33:46]
L-BFGS:  13%|█▎        | 65/500 [3:58:21 > 34:21]
L-BFGS:  13%|█▎        | 66/500 [3:43:47 > 34:48]
L-BFGS:  13%|█▎        | 67/500 [3:52:26 > 35:23]
L-BFGS:  14%|█▎        | 68/500 [3:43:03 > 35:51]
L-BFGS:  14%|█▍        | 69/500 [3:38:09 > 36:20]
L-BFGS:  14%|█▍        | 70/500 [3:42:02 > 36:52]
L-BFGS:  14%|█▍        | 71/500 [3:47:26 > 37:26]
L-BFGS:  14%|█▍        | 72/500 [3:40:16 > 37:55]
L-BFGS:  15%|█▍        | 73/500 [3:35:36 > 38:24]
L-BFGS:  15%|█▍        | 74/500 [3:40:53 > 38:57]
L-BFGS:  15%|█▌        | 75/500 [3:41:41 > 39:28]
L-BFGS:  15%|█▌        | 76/500 [3:51:15 > 40:04]
L-BFGS:  15%|█▌        | 77/500 [3:50:28 > 40:37]
L-BFGS:  16%|█▌        | 78/500 [3:55:08 > 41:12]
L-BFGS:  16%|█▌        | 79/500 [3:50:42 > 41:44]
L-BFGS:  16%|█▌        | 80/500 [3:55:21 > 42:19]
L-BFGS:  16%|█▌        | 81/500 [3:39:39 > 42:46]
L-BFGS:  16%|█▋        | 82/500 [3:37:21 > 43:16]
L-BFGS:  17%|█▋        | 83/500 [3:40:01 > 43:49]
L-BFGS:  17%|█▋        | 84/500 [3:42:54 > 44:22]
L-BFGS:  17%|█▋        | 85/500 [3:33:53 > 44:50]
L-BFGS:  17%|█▋        | 86/500 [3:29:29 > 45:19]
L-BFGS:  17%|█▋        | 87/500 [3:35:33 > 45:53]
L-BFGS:  18%|█▊        | 88/500 [3:30:09 > 46:22]
L-BFGS:  18%|█▊        | 89/500 [3:23:21 > 46:49]
L-BFGS:  18%|█▊        | 90/500 [3:30:34 > 47:23]
L-BFGS:  18%|█▊        | 91/500 [3:37:50 > 47:57]
L-BFGS:  18%|█▊        | 92/500 [3:37:01 > 48:29]
L-BFGS:  19%|█▊        | 93/500 [3:42:37 > 49:04]
L-BFGS:  19%|█▉        | 94/500 [3:38:42 > 49:35]
L-BFGS:  19%|█▉        | 95/500 [3:46:28 > 50:12]
L-BFGS:  19%|█▉        | 96/500 [3:39:41 > 50:42]
L-BFGS:  19%|█▉        | 97/500 [3:35:03 > 51:13]
L-BFGS:  20%|█▉        | 98/500 [3:23:25 > 51:39]
L-BFGS:  20%|█▉        | 99/500 [3:32:48 > 52:15]
L-BFGS:  20%|██        | 100/500 [3:33:22 > 52:47]
L-BFGS:  20%|██        | 101/500 [3:26:48 > 53:16]
L-BFGS:  20%|██        | 102/500 [3:20:42 > 53:44]
L-BFGS:  21%|██        | 103/500 [3:19:16 > 54:14]
L-BFGS:  21%|██        | 104/500 [3:22:00 > 54:46]
L-BFGS:  21%|██        | 105/500 [3:19:48 > 55:16]
L-BFGS:  21%|██        | 106/500 [3:14:56 > 55:44]
L-BFGS:  21%|██▏       | 107/500 [3:21:31 > 56:17]
L-BFGS:  22%|██▏       | 108/500 [3:27:06 > 56:51]
L-BFGS:  22%|██▏       | 109/500 [3:26:04 > 57:22]
L-BFGS:  22%|██▏       | 110/500 [3:23:08 > 57:53]
L-BFGS:  22%|██▏       | 111/500 [3:25:25 > 58:25]
L-BFGS:  22%|██▏       | 112/500 [3:30:17 > 59:00]
L-BFGS:  23%|██▎       | 113/500 [3:26:08 > 59:31]
L-BFGS:  23%|██▎       | 114/500 [3:24:28 > 1:00:02]
L-BFGS:  23%|██▎       | 115/500 [3:13:39 > 1:00:28]
L-BFGS:  23%|██▎       | 116/500 [3:13:22 > 1:00:59]
L-BFGS:  23%|██▎       | 117/500 [3:14:23 > 1:01:30]
L-BFGS:  24%|██▎       | 118/500 [3:14:32 > 1:02:00]
L-BFGS:  24%|██▍       | 119/500 [3:15:40 > 1:02:32]
L-BFGS:  24%|██▍       | 120/500 [3:23:35 > 1:03:07]
L-BFGS:  24%|██▍       | 121/500 [3:12:08 > 1:03:34]
L-BFGS:  24%|██▍       | 122/500 [3:12:39 > 1:04:04]
L-BFGS:  25%|██▍       | 123/500 [3:04:44 > 1:04:31]
L-BFGS:  25%|██▍       | 124/500 [3:14:29 > 1:05:06]
L-BFGS:  25%|██▌       | 125/500 [3:16:54 > 1:05:39]
L-BFGS:  25%|██▌       | 126/500 [3:13:16 > 1:06:08]
L-BFGS:  25%|██▌       | 127/500 [3:14:16 > 1:06:40]
L-BFGS:  26%|██▌       | 128/500 [3:10:58 > 1:07:10]
L-BFGS:  26%|██▌       | 129/500 [3:14:38 > 1:07:43]
L-BFGS:  26%|██▌       | 130/500 [3:08:20 > 1:08:11]
L-BFGS:  26%|██▌       | 131/500 [3:14:03 > 1:08:45]
L-BFGS:  26%|██▋       | 132/500 [3:13:30 > 1:09:17]
L-BFGS:  27%|██▋       | 133/500 [3:10:53 > 1:09:47]
L-BFGS:  27%|██▋       | 134/500 [3:04:03 > 1:10:15]
L-BFGS:  27%|██▋       | 135/500 [3:11:17 > 1:10:49]
L-BFGS:  27%|██▋       | 136/500 [3:01:21 > 1:11:16]
L-BFGS:  27%|██▋       | 137/500 [3:12:08 > 1:11:52]
L-BFGS:  28%|██▊       | 138/500 [3:02:00 > 1:12:18]
L-BFGS:  28%|██▊       | 139/500 [3:09:55 > 1:12:53]
L-BFGS:  28%|██▊       | 140/500 [3:08:24 > 1:13:24]
L-BFGS:  28%|██▊       | 141/500 [3:06:48 > 1:13:55]
L-BFGS:  28%|██▊       | 142/500 [3:06:34 > 1:14:26]
L-BFGS:  29%|██▊       | 143/500 [3:04:51 > 1:14:57]
L-BFGS:  29%|██▉       | 144/500 [2:55:34 > 1:15:23]
L-BFGS:  29%|██▉       | 145/500 [3:06:09 > 1:15:59]
L-BFGS:  29%|██▉       | 146/500 [2:57:06 > 1:16:26]
L-BFGS:  29%|██▉       | 147/500 [3:04:55 > 1:17:00]
L-BFGS:  30%|██▉       | 148/500 [2:56:22 > 1:17:27]
L-BFGS:  30%|██▉       | 149/500 [3:05:28 > 1:18:03]
L-BFGS:  30%|███       | 150/500 [3:05:08 > 1:18:34]
L-BFGS:  30%|███       | 151/500 [3:07:41 > 1:19:08]
L-BFGS:  30%|███       | 152/500 [3:11:28 > 1:19:43]
L-BFGS:  31%|███       | 153/500 [3:01:09 > 1:20:10]
L-BFGS:  31%|███       | 154/500 [3:05:31 > 1:20:44]
L-BFGS:  31%|███       | 155/500 [2:56:17 > 1:21:11]
L-BFGS:  31%|███       | 156/500 [2:55:17 > 1:21:42]
L-BFGS:  31%|███▏      | 157/500 [2:58:13 > 1:22:14]
L-BFGS:  32%|███▏      | 158/500 [3:03:24 > 1:22:49]
L-BFGS:  32%|███▏      | 159/500 [3:00:09 > 1:23:19]
L-BFGS:  32%|███▏      | 160/500 [3:06:35 > 1:23:55]
L-BFGS:  32%|███▏      | 161/500 [3:03:36 > 1:24:27]
L-BFGS:  32%|███▏      | 162/500 [3:06:02 > 1:25:01]
L-BFGS:  33%|███▎      | 163/500 [3:06:23 > 1:25:35]
L-BFGS:  33%|███▎      | 164/500 [3:05:32 > 1:26:08]
L-BFGS:  33%|███▎      | 165/500 [3:07:07 > 1:26:42]
L-BFGS:  33%|███▎      | 166/500 [3:01:43 > 1:27:13]
L-BFGS:  33%|███▎      | 167/500 [3:07:13 > 1:27:49]
L-BFGS:  34%|███▎      | 168/500 [3:02:24 > 1:28:20]
L-BFGS:  34%|███▍      | 169/500 [2:57:14 > 1:28:50]
L-BFGS:  34%|███▍      | 170/500 [2:47:21 > 1:29:17]
L-BFGS:  34%|███▍      | 171/500 [2:56:39 > 1:29:53]
L-BFGS:  34%|███▍      | 172/500 [2:53:13 > 1:30:24]
L-BFGS:  35%|███▍      | 173/500 [2:58:24 > 1:30:59]
L-BFGS:  35%|███▍      | 174/500 [2:58:18 > 1:31:32]
L-BFGS:  35%|███▌      | 175/500 [2:50:31 > 1:32:00]
L-BFGS:  35%|███▌      | 176/500 [2:53:55 > 1:32:34]
L-BFGS:  35%|███▌      | 177/500 [2:52:17 > 1:33:06]
L-BFGS:  36%|███▌      | 178/500 [2:57:47 > 1:33:41]
L-BFGS:  36%|███▌      | 179/500 [2:47:49 > 1:34:09]
L-BFGS:  36%|███▌      | 180/500 [2:52:11 > 1:34:43]
L-BFGS:  36%|███▌      | 181/500 [2:49:03 > 1:35:14]
L-BFGS:  36%|███▋      | 182/500 [2:47:46 > 1:35:45]
L-BFGS:  37%|███▋      | 183/500 [2:46:22 > 1:36:16]
L-BFGS:  37%|███▋      | 184/500 [2:43:49 > 1:36:46]
L-BFGS:  37%|███▋      | 185/500 [2:44:03 > 1:37:18]
L-BFGS:  37%|███▋      | 186/500 [2:43:46 > 1:37:49]
L-BFGS:  37%|███▋      | 187/500 [2:34:41 > 1:38:15]
L-BFGS:  38%|███▊      | 188/500 [2:35:48 > 1:38:46]
L-BFGS:  38%|███▊      | 189/500 [2:29:24 > 1:39:12]
L-BFGS:  38%|███▊      | 190/500 [2:39:49 > 1:39:48]
L-BFGS:  38%|███▊      | 191/500 [2:39:56 > 1:40:19]
L-BFGS:  38%|███▊      | 192/500 [2:37:50 > 1:40:49]
L-BFGS:  39%|███▊      | 193/500 [2:40:02 > 1:41:22]
L-BFGS:  39%|███▉      | 194/500 [2:37:17 > 1:41:51]
L-BFGS:  39%|███▉      | 195/500 [2:38:17 > 1:42:23]
L-BFGS:  39%|███▉      | 196/500 [2:41:18 > 1:42:57]
L-BFGS:  39%|███▉      | 197/500 [2:37:03 > 1:43:26]
L-BFGS:  40%|███▉      | 198/500 [2:32:30 > 1:43:55]
L-BFGS:  40%|███▉      | 199/500 [2:28:36 > 1:44:23]
L-BFGS:  40%|████      | 200/500 [2:34:16 > 1:44:56]
L-BFGS:  40%|████      | 201/500 [2:38:25 > 1:45:30]
L-BFGS:  40%|████      | 202/500 [2:31:51 > 1:45:58]
L-BFGS:  41%|████      | 203/500 [2:37:03 > 1:46:33]
L-BFGS:  41%|████      | 204/500 [2:28:28 > 1:46:59]
L-BFGS:  41%|████      | 205/500 [2:36:48 > 1:47:35]
L-BFGS:  41%|████      | 206/500 [2:28:17 > 1:48:01]
L-BFGS:  41%|████▏     | 207/500 [2:26:55 > 1:48:31]
L-BFGS:  42%|████▏     | 208/500 [2:28:26 > 1:49:02]
L-BFGS:  42%|████▏     | 209/500 [2:29:05 > 1:49:34]
L-BFGS:  42%|████▏     | 210/500 [2:28:37 > 1:50:05]
L-BFGS:  42%|████▏     | 211/500 [2:28:25 > 1:50:36]
L-BFGS:  42%|████▏     | 212/500 [2:27:39 > 1:51:06]
L-BFGS:  43%|████▎     | 213/500 [2:34:22 > 1:51:42]
L-BFGS:  43%|████▎     | 214/500 [2:32:34 > 1:52:13]
L-BFGS:  43%|████▎     | 215/500 [2:29:12 > 1:52:43]
L-BFGS:  43%|████▎     | 216/500 [2:22:15 > 1:53:10]
L-BFGS:  43%|████▎     | 217/500 [2:29:25 > 1:53:46]
L-BFGS:  44%|████▎     | 218/500 [2:29:04 > 1:54:18]
L-BFGS:  44%|████▍     | 219/500 [2:25:43 > 1:54:47]
L-BFGS:  44%|████▍     | 220/500 [2:21:02 > 1:55:15]
L-BFGS:  44%|████▍     | 221/500 [2:18:52 > 1:55:44]
L-BFGS:  44%|████▍     | 222/500 [2:14:35 > 1:56:12]
L-BFGS:  45%|████▍     | 223/500 [2:15:33 > 1:56:42]
L-BFGS:  45%|████▍     | 224/500 [2:19:32 > 1:57:14]
L-BFGS:  45%|████▌     | 225/500 [2:18:23 > 1:57:44]
L-BFGS:  45%|████▌     | 226/500 [2:20:01 > 1:58:16]
L-BFGS:  45%|████▌     | 227/500 [2:18:19 > 1:58:46]
L-BFGS:  46%|████▌     | 228/500 [2:21:20 > 1:59:19]
L-BFGS:  46%|████▌     | 229/500 [2:22:41 > 1:59:51]
L-BFGS:  46%|████▌     | 230/500 [2:19:36 > 2:00:21]
L-BFGS:  46%|████▌     | 231/500 [2:19:45 > 2:00:52]
L-BFGS:  46%|████▋     | 232/500 [2:18:11 > 2:01:23]
L-BFGS:  47%|████▋     | 233/500 [2:13:25 > 2:01:51]
L-BFGS:  47%|████▋     | 234/500 [2:11:24 > 2:02:19]
L-BFGS:  47%|████▋     | 235/500 [2:13:39 > 2:02:51]
L-BFGS:  47%|████▋     | 236/500 [2:13:47 > 2:03:22]
L-BFGS:  47%|████▋     | 237/500 [2:09:11 > 2:03:49]
L-BFGS:  48%|████▊     | 238/500 [2:08:46 > 2:04:19]
L-BFGS:  48%|████▊     | 239/500 [2:10:53 > 2:04:50]
L-BFGS:  48%|████▊     | 240/500 [2:17:44 > 2:05:26]
L-BFGS:  48%|████▊     | 241/500 [2:15:56 > 2:05:57]
L-BFGS:  48%|████▊     | 242/500 [2:14:36 > 2:06:28]
L-BFGS:  49%|████▊     | 243/500 [2:13:12 > 2:06:58]
L-BFGS:  49%|████▉     | 244/500 [2:12:58 > 2:07:30]
L-BFGS:  49%|████▉     | 245/500 [2:12:25 > 2:08:01]
L-BFGS:  49%|████▉     | 246/500 [2:16:33 > 2:08:36]
L-BFGS:  49%|████▉     | 247/500 [2:09:12 > 2:09:02]
L-BFGS:  50%|████▉     | 248/500 [2:14:49 > 2:09:38]
L-BFGS:  50%|████▉     | 249/500 [2:13:51 > 2:10:10]
L-BFGS:  50%|█████     | 250/500 [2:15:06 > 2:10:43]
L-BFGS:  50%|█████     | 251/500 [2:17:22 > 2:11:18]
L-BFGS:  50%|█████     | 252/500 [2:15:12 > 2:11:50]
L-BFGS:  51%|█████     | 253/500 [2:17:15 > 2:12:24]
L-BFGS:  51%|█████     | 254/500 [2:07:58 > 2:12:51]
L-BFGS:  51%|█████     | 255/500 [2:12:48 > 2:13:26]
L-BFGS:  51%|█████     | 256/500 [2:05:00 > 2:13:53]
L-BFGS:  51%|█████▏    | 257/500 [2:10:09 > 2:14:28]
L-BFGS:  52%|█████▏    | 258/500 [2:02:16 > 2:14:54]
L-BFGS:  52%|█████▏    | 259/500 [2:03:03 > 2:15:26]
L-BFGS:  52%|█████▏    | 260/500 [2:03:14 > 2:15:57]
L-BFGS:  52%|█████▏    | 261/500 [2:07:30 > 2:16:32]
L-BFGS:  52%|█████▏    | 262/500 [2:07:33 > 2:17:04]
L-BFGS:  53%|█████▎    | 263/500 [2:04:17 > 2:17:34]
L-BFGS:  53%|█████▎    | 264/500 [2:04:08 > 2:18:06]
L-BFGS:  53%|█████▎    | 265/500 [2:01:27 > 2:18:36]
L-BFGS:  53%|█████▎    | 266/500 [1:57:41 > 2:19:04]
L-BFGS:  53%|█████▎    | 267/500 [1:55:43 > 2:19:33]
L-BFGS:  54%|█████▎    | 268/500 [1:52:04 > 2:20:00]
L-BFGS:  54%|█████▍    | 269/500 [1:57:40 > 2:20:34]
L-BFGS:  54%|█████▍    | 270/500 [1:54:33 > 2:21:02]
L-BFGS:  54%|█████▍    | 271/500 [1:58:50 > 2:21:36]
L-BFGS:  54%|█████▍    | 272/500 [2:00:24 > 2:22:09]
L-BFGS:  55%|█████▍    | 273/500 [1:55:33 > 2:22:37]
L-BFGS:  55%|█████▍    | 274/500 [1:59:42 > 2:23:12]
L-BFGS:  55%|█████▌    | 275/500 [1:59:15 > 2:23:44]
L-BFGS:  55%|█████▌    | 276/500 [2:02:06 > 2:24:19]
L-BFGS:  55%|█████▌    | 277/500 [1:54:24 > 2:24:45]
L-BFGS:  56%|█████▌    | 278/500 [1:54:27 > 2:25:16]
L-BFGS:  56%|█████▌    | 279/500 [1:53:41 > 2:25:47]
L-BFGS:  56%|█████▌    | 280/500 [1:58:15 > 2:26:22]
L-BFGS:  56%|█████▌    | 281/500 [1:56:26 > 2:26:53]
L-BFGS:  56%|█████▋    | 282/500 [1:54:49 > 2:27:24]
L-BFGS:  57%|█████▋    | 283/500 [1:48:56 > 2:27:51]
L-BFGS:  57%|█████▋    | 284/500 [1:48:33 > 2:28:21]
L-BFGS:  57%|█████▋    | 285/500 [1:49:33 > 2:28:53]
L-BFGS:  57%|█████▋    | 286/500 [1:49:54 > 2:29:24]
L-BFGS:  57%|█████▋    | 287/500 [1:49:01 > 2:29:55]
L-BFGS:  58%|█████▊    | 288/500 [1:53:12 > 2:30:30]
L-BFGS:  58%|█████▊    | 289/500 [1:48:36 > 2:30:58]
L-BFGS:  58%|█████▊    | 290/500 [1:50:39 > 2:31:31]
L-BFGS:  58%|█████▊    | 291/500 [1:46:23 > 2:31:59]
L-BFGS:  58%|█████▊    | 292/500 [1:44:10 > 2:32:28]
L-BFGS:  59%|█████▊    | 293/500 [1:47:18 > 2:33:02]
L-BFGS:  59%|█████▉    | 294/500 [1:44:32 > 2:33:31]
L-BFGS:  59%|█████▉    | 295/500 [1:41:04 > 2:33:58]
L-BFGS:  59%|█████▉    | 296/500 [1:44:29 > 2:34:32]
L-BFGS:  59%|█████▉    | 297/500 [1:42:34 > 2:35:01]
L-BFGS:  60%|█████▉    | 298/500 [1:44:23 > 2:35:34]
L-BFGS:  60%|█████▉    | 299/500 [1:42:34 > 2:36:03]
L-BFGS:  60%|██████    | 300/500 [1:42:56 > 2:36:35]
L-BFGS:  60%|██████    | 301/500 [1:47:13 > 2:37:11]
L-BFGS:  60%|██████    | 302/500 [1:45:10 > 2:37:41]
L-BFGS:  61%|██████    | 303/500 [1:48:07 > 2:38:17]
L-BFGS:  61%|██████    | 304/500 [1:45:44 > 2:38:48]
L-BFGS:  61%|██████    | 305/500 [1:48:05 > 2:39:23]
L-BFGS:  61%|██████    | 306/500 [1:46:46 > 2:39:56]
L-BFGS:  61%|██████▏   | 307/500 [1:46:57 > 2:40:29]
L-BFGS:  62%|██████▏   | 308/500 [1:47:06 > 2:41:03]
L-BFGS:  62%|██████▏   | 309/500 [1:45:47 > 2:41:36]
L-BFGS:  62%|██████▏   | 310/500 [1:46:24 > 2:42:11]
L-BFGS:  62%|██████▏   | 311/500 [1:38:19 > 2:42:36]
L-BFGS:  62%|██████▏   | 312/500 [1:42:32 > 2:43:12]
L-BFGS:  63%|██████▎   | 313/500 [1:36:12 > 2:43:39]
L-BFGS:  63%|██████▎   | 314/500 [1:39:24 > 2:44:14]
L-BFGS:  63%|██████▎   | 315/500 [1:33:45 > 2:44:40]
L-BFGS:  63%|██████▎   | 316/500 [1:33:39 > 2:45:11]
L-BFGS:  63%|██████▎   | 317/500 [1:29:33 > 2:45:38]
L-BFGS:  64%|██████▎   | 318/500 [1:36:18 > 2:46:15]
L-BFGS:  64%|██████▍   | 319/500 [1:35:11 > 2:46:46]
L-BFGS:  64%|██████▍   | 320/500 [1:34:09 > 2:47:17]
L-BFGS:  64%|██████▍   | 321/500 [1:33:39 > 2:47:49]
L-BFGS:  64%|██████▍   | 322/500 [1:32:01 > 2:48:19]
L-BFGS:  65%|██████▍   | 323/500 [1:32:51 > 2:48:51]
L-BFGS:  65%|██████▍   | 324/500 [1:34:44 > 2:49:26]
L-BFGS:  65%|██████▌   | 325/500 [1:34:52 > 2:49:59]
L-BFGS:  65%|██████▌   | 326/500 [1:30:20 > 2:50:27]
L-BFGS:  65%|██████▌   | 327/500 [1:32:52 > 2:51:01]
L-BFGS:  66%|██████▌   | 328/500 [1:32:02 > 2:51:33]
L-BFGS:  66%|██████▌   | 329/500 [1:29:24 > 2:52:03]
L-BFGS:  66%|██████▌   | 330/500 [1:28:55 > 2:52:34]
L-BFGS:  66%|██████▌   | 331/500 [1:31:54 > 2:53:10]
L-BFGS:  66%|██████▋   | 332/500 [1:30:18 > 2:53:41]
L-BFGS:  67%|██████▋   | 333/500 [1:28:25 > 2:54:12]
L-BFGS:  67%|██████▋   | 334/500 [1:27:16 > 2:54:43]
L-BFGS:  67%|██████▋   | 335/500 [1:26:14 > 2:55:14]
L-BFGS:  67%|██████▋   | 336/500 [1:25:44 > 2:55:45]
L-BFGS:  67%|██████▋   | 337/500 [1:27:38 > 2:56:19]
L-BFGS:  68%|██████▊   | 338/500 [1:28:08 > 2:56:53]
L-BFGS:  68%|██████▊   | 339/500 [1:27:54 > 2:57:26]
L-BFGS:  68%|██████▊   | 340/500 [1:24:14 > 2:57:55]
L-BFGS:  68%|██████▊   | 341/500 [1:23:52 > 2:58:27]
L-BFGS:  68%|██████▊   | 342/500 [1:22:38 > 2:58:57]
L-BFGS:  69%|██████▊   | 343/500 [1:18:57 > 2:59:25]
L-BFGS:  69%|██████▉   | 344/500 [1:18:04 > 2:59:54]
L-BFGS:  69%|██████▉   | 345/500 [1:15:55 > 3:00:22]
L-BFGS:  69%|██████▉   | 346/500 [1:18:56 > 3:00:56]
L-BFGS:  69%|██████▉   | 347/500 [1:16:12 > 3:01:24]
L-BFGS:  70%|██████▉   | 348/500 [1:14:58 > 3:01:53]
L-BFGS:  70%|██████▉   | 349/500 [1:16:06 > 3:02:25]
L-BFGS:  70%|███████   | 350/500 [1:16:01 > 3:02:56]
L-BFGS:  70%|███████   | 351/500 [1:16:33 > 3:03:27]
L-BFGS:  70%|███████   | 352/500 [1:19:01 > 3:04:02]
L-BFGS:  71%|███████   | 353/500 [1:18:49 > 3:04:35]
L-BFGS:  71%|███████   | 354/500 [1:21:41 > 3:05:12]
L-BFGS:  71%|███████   | 355/500 [1:19:07 > 3:05:42]
L-BFGS:  71%|███████   | 356/500 [1:20:40 > 3:06:18]
L-BFGS:  71%|███████▏  | 357/500 [1:20:06 > 3:06:52]
L-BFGS:  72%|███████▏  | 358/500 [1:18:51 > 3:07:24]
L-BFGS:  72%|███████▏  | 359/500 [1:18:49 > 3:07:58]
L-BFGS:  72%|███████▏  | 360/500 [1:13:46 > 3:08:26]
L-BFGS:  72%|███████▏  | 361/500 [1:12:24 > 3:08:56]
L-BFGS:  72%|███████▏  | 362/500 [1:09:26 > 3:09:24]
L-BFGS:  73%|███████▎  | 363/500 [1:08:04 > 3:09:53]
L-BFGS:  73%|███████▎  | 364/500 [1:08:52 > 3:10:24]
L-BFGS:  73%|███████▎  | 365/500 [1:08:40 > 3:10:55]
L-BFGS:  73%|███████▎  | 366/500 [1:06:04 > 3:11:23]
L-BFGS:  73%|███████▎  | 367/500 [1:08:37 > 3:11:57]
L-BFGS:  74%|███████▎  | 368/500 [1:05:33 > 3:12:24]
L-BFGS:  74%|███████▍  | 369/500 [1:05:26 > 3:12:54]
L-BFGS:  74%|███████▍  | 370/500 [1:03:27 > 3:13:22]
L-BFGS:  74%|███████▍  | 371/500 [1:06:13 > 3:13:56]
L-BFGS:  74%|███████▍  | 372/500 [1:05:35 > 3:14:27]
L-BFGS:  75%|███████▍  | 373/500 [1:08:33 > 3:15:03]
L-BFGS:  75%|███████▍  | 374/500 [1:07:14 > 3:15:34]
L-BFGS:  75%|███████▌  | 375/500 [1:08:26 > 3:16:09]
L-BFGS:  75%|███████▌  | 376/500 [1:04:13 > 3:16:36]
L-BFGS:  75%|███████▌  | 377/500 [1:03:56 > 3:17:07]
L-BFGS:  76%|███████▌  | 378/500 [1:02:57 > 3:17:38]
L-BFGS:  76%|███████▌  | 379/500 [1:05:00 > 3:18:13]
L-BFGS:  76%|███████▌  | 380/500 [1:02:02 > 3:18:41]
L-BFGS:  76%|███████▌  | 381/500 [1:02:51 > 3:19:14]
L-BFGS:  76%|███████▋  | 382/500 [1:00:12 > 3:19:43]
L-BFGS:  77%|███████▋  | 383/500 [58:44 > 3:20:12]  
L-BFGS:  77%|███████▋  | 384/500 [57:11 > 3:20:40]
L-BFGS:  77%|███████▋  | 385/500 [59:20 > 3:21:14]
L-BFGS:  77%|███████▋  | 386/500 [1:00:01 > 3:21:47]
L-BFGS:  77%|███████▋  | 387/500 [59:38 > 3:22:19]  
L-BFGS:  78%|███████▊  | 388/500 [58:36 > 3:22:50]
L-BFGS:  78%|███████▊  | 389/500 [55:49 > 3:23:17]
L-BFGS:  78%|███████▊  | 390/500 [55:03 > 3:23:47]
L-BFGS:  78%|███████▊  | 391/500 [53:24 > 3:24:15]
L-BFGS:  78%|███████▊  | 392/500 [55:22 > 3:24:49]
L-BFGS:  79%|███████▊  | 393/500 [53:15 > 3:25:16]
L-BFGS:  79%|███████▉  | 394/500 [55:07 > 3:25:51]
L-BFGS:  79%|███████▉  | 395/500 [52:00 > 3:26:17]
L-BFGS:  79%|███████▉  | 396/500 [54:49 > 3:26:53]
L-BFGS:  79%|███████▉  | 397/500 [51:38 > 3:27:19]
L-BFGS:  80%|███████▉  | 398/500 [53:32 > 3:27:54]
L-BFGS:  80%|███████▉  | 399/500 [52:46 > 3:28:25]
L-BFGS:  80%|████████  | 400/500 [51:59 > 3:28:56]
L-BFGS:  80%|████████  | 401/500 [51:34 > 3:29:28]
L-BFGS:  80%|████████  | 402/500 [50:43 > 3:29:58]
L-BFGS:  81%|████████  | 403/500 [50:11 > 3:30:29]
L-BFGS:  81%|████████  | 404/500 [51:44 > 3:31:05]
L-BFGS:  81%|████████  | 405/500 [51:11 > 3:31:37]
L-BFGS:  81%|████████  | 406/500 [49:02 > 3:32:06]
L-BFGS:  81%|████████▏ | 407/500 [47:07 > 3:32:34]
L-BFGS:  82%|████████▏ | 408/500 [46:22 > 3:33:04]
L-BFGS:  82%|████████▏ | 409/500 [46:34 > 3:33:36]
L-BFGS:  82%|████████▏ | 410/500 [47:16 > 3:34:09]
L-BFGS:  82%|████████▏ | 411/500 [48:09 > 3:34:44]
L-BFGS:  82%|████████▏ | 412/500 [47:20 > 3:35:16]
L-BFGS:  83%|████████▎ | 413/500 [47:56 > 3:35:51]
L-BFGS:  83%|████████▎ | 414/500 [46:30 > 3:36:22]
L-BFGS:  83%|████████▎ | 415/500 [47:39 > 3:36:58]
L-BFGS:  83%|████████▎ | 416/500 [45:45 > 3:37:28]
L-BFGS:  83%|████████▎ | 417/500 [44:20 > 3:37:59]
L-BFGS:  84%|████████▎ | 418/500 [44:04 > 3:38:32]
L-BFGS:  84%|████████▍ | 419/500 [43:59 > 3:39:05]
L-BFGS:  84%|████████▍ | 420/500 [41:39 > 3:39:33]
L-BFGS:  84%|████████▍ | 421/500 [42:08 > 3:40:07]
L-BFGS:  84%|████████▍ | 422/500 [40:19 > 3:40:36]
L-BFGS:  85%|████████▍ | 423/500 [40:36 > 3:41:09]
L-BFGS:  85%|████████▍ | 424/500 [41:06 > 3:41:43]
L-BFGS:  85%|████████▌ | 425/500 [39:53 > 3:42:14]
L-BFGS:  85%|████████▌ | 426/500 [39:17 > 3:42:46]
L-BFGS:  85%|████████▌ | 427/500 [38:28 > 3:43:17]
L-BFGS:  86%|████████▌ | 428/500 [39:03 > 3:43:51]
L-BFGS:  86%|████████▌ | 429/500 [38:08 > 3:44:23]
L-BFGS:  86%|████████▌ | 430/500 [38:44 > 3:44:58]
L-BFGS:  86%|████████▌ | 431/500 [37:41 > 3:45:30]
L-BFGS:  86%|████████▋ | 432/500 [37:20 > 3:46:03]
L-BFGS:  87%|████████▋ | 433/500 [37:21 > 3:46:38]
L-BFGS:  87%|████████▋ | 434/500 [36:17 > 3:47:10]
L-BFGS:  87%|████████▋ | 435/500 [36:20 > 3:47:45]
L-BFGS:  87%|████████▋ | 436/500 [34:57 > 3:48:16]
L-BFGS:  87%|████████▋ | 437/500 [35:34 > 3:48:52]
L-BFGS:  88%|████████▊ | 438/500 [33:56 > 3:49:23]
L-BFGS:  88%|████████▊ | 439/500 [34:07 > 3:49:58]
L-BFGS:  88%|████████▊ | 440/500 [31:57 > 3:50:26]
L-BFGS:  88%|████████▊ | 441/500 [30:32 > 3:50:55]
L-BFGS:  88%|████████▊ | 442/500 [30:24 > 3:51:27]
L-BFGS:  89%|████████▊ | 443/500 [29:11 > 3:51:56]
L-BFGS:  89%|████████▉ | 444/500 [28:00 > 3:52:25]
L-BFGS:  89%|████████▉ | 445/500 [27:27 > 3:52:55]
L-BFGS:  89%|████████▉ | 446/500 [26:00 > 3:53:21]
L-BFGS:  89%|████████▉ | 447/500 [27:10 > 3:53:56]
L-BFGS:  90%|████████▉ | 448/500 [27:15 > 3:54:29]
L-BFGS:  90%|████████▉ | 449/500 [27:02 > 3:55:02]
L-BFGS:  90%|█████████ | 450/500 [25:59 > 3:55:32]
L-BFGS:  90%|█████████ | 451/500 [25:33 > 3:56:03]
L-BFGS:  90%|█████████ | 452/500 [26:06 > 3:56:39]
L-BFGS:  91%|█████████ | 453/500 [25:08 > 3:57:10]
L-BFGS:  91%|█████████ | 454/500 [25:23 > 3:57:45]
L-BFGS:  91%|█████████ | 455/500 [23:14 > 3:58:11]
L-BFGS:  91%|█████████ | 456/500 [22:49 > 3:58:43]
L-BFGS:  91%|█████████▏| 457/500 [22:18 > 3:59:14]
L-BFGS:  92%|█████████▏| 458/500 [22:33 > 3:59:49]
L-BFGS:  92%|█████████▏| 459/500 [22:05 > 4:00:21]
L-BFGS:  92%|█████████▏| 460/500 [21:03 > 4:00:51]
L-BFGS:  92%|█████████▏| 461/500 [20:33 > 4:01:23]
L-BFGS:  92%|█████████▏| 462/500 [20:22 > 4:01:56]
L-BFGS:  93%|█████████▎| 463/500 [20:17 > 4:02:31]
L-BFGS:  93%|█████████▎| 464/500 [19:32 > 4:03:03]
L-BFGS:  93%|█████████▎| 465/500 [19:24 > 4:03:38]
L-BFGS:  93%|█████████▎| 466/500 [17:40 > 4:04:04]
L-BFGS:  93%|█████████▎| 467/500 [17:52 > 4:04:39]
L-BFGS:  94%|█████████▎| 468/500 [17:09 > 4:05:11]
L-BFGS:  94%|█████████▍| 469/500 [16:22 > 4:05:41]
L-BFGS:  94%|█████████▍| 470/500 [15:45 > 4:06:12]
L-BFGS:  94%|█████████▍| 471/500 [15:08 > 4:06:43]
L-BFGS:  94%|█████████▍| 472/500 [13:58 > 4:07:10]
L-BFGS:  95%|█████████▍| 473/500 [14:08 > 4:07:45]
L-BFGS:  95%|█████████▍| 474/500 [13:01 > 4:08:12]
L-BFGS:  95%|█████████▌| 475/500 [12:41 > 4:08:43]
L-BFGS:  95%|█████████▌| 476/500 [11:37 > 4:09:09]
L-BFGS:  95%|█████████▌| 477/500 [11:51 > 4:09:44]
L-BFGS:  96%|█████████▌| 478/500 [10:50 > 4:10:11]
L-BFGS:  96%|█████████▌| 479/500 [10:57 > 4:10:46]
L-BFGS:  96%|█████████▌| 480/500 [10:01 > 4:11:13]
L-BFGS:  96%|█████████▌| 481/500 [09:54 > 4:11:47]
L-BFGS:  96%|█████████▋| 482/500 [09:35 > 4:12:21]
L-BFGS:  97%|█████████▋| 483/500 [09:09 > 4:12:54]
L-BFGS:  97%|█████████▋| 484/500 [08:46 > 4:13:28]
L-BFGS:  97%|█████████▋| 485/500 [08:03 > 4:13:59]
L-BFGS:  97%|█████████▋| 486/500 [07:29 > 4:14:31]
L-BFGS:  97%|█████████▋| 487/500 [06:53 > 4:15:02]
L-BFGS:  98%|█████████▊| 488/500 [06:32 > 4:15:37]
L-BFGS:  98%|█████████▊| 489/500 [05:39 > 4:16:03]
L-BFGS:  98%|█████████▊| 490/500 [05:08 > 4:16:34]
L-BFGS:  98%|█████████▊| 491/500 [04:38 > 4:17:05]
L-BFGS:  98%|█████████▊| 492/500 [04:17 > 4:17:40]
L-BFGS:  99%|█████████▊| 493/500 [03:46 > 4:18:13]
L-BFGS:  99%|█████████▉| 494/500 [03:08 > 4:18:42]
L-BFGS:  99%|█████████▉| 495/500 [02:38 > 4:19:15]
L-BFGS:  99%|█████████▉| 496/500 [02:09 > 4:19:48]
L-BFGS:  99%|█████████▉| 497/500 [01:38 > 4:20:22]
L-BFGS: 100%|█████████▉| 498/500 [01:05 > 4:20:55]
L-BFGS: 100%|█████████▉| 499/500 [00:33 > 4:21:29]
L-BFGS: 100%|██████████| 500/500 [00:00 > 4:22:00]
L-BFGS: 100%|██████████| 500/500 [00:00 > 4:22:00]
Training saved: C:\Ali Computation\pinn\code\heterogeneous\pino_heterogeneous\results\exp_Rb_piecewise_K100_N500_adam500_lr25e3_lbfgs500_maxiter5_float64\pino_heterogeneous_concentration.png C:\Ali Computation\pinn\code\heterogeneous\pino_heterogeneous\results\exp_Rb_piecewise_K100_N500_adam500_lr25e3_lbfgs500_maxiter5_float64\pino_heterogeneous_loss.png C:\Ali Computation\pinn\code\heterogeneous\pino_heterogeneous\results\exp_Rb_piecewise_K100_N500_adam500_lr25e3_lbfgs500_maxiter5_float64\pino_heterogeneous_model.pt
COMSOL validation: 81 media -> C:\Ali Computation\pinn\code\heterogeneous\pino_heterogeneous\results\exp_Rb_piecewise_K100_N500_adam500_lr25e3_lbfgs500_maxiter5_float64\comsol_validation  (x* collocation n=86)

COMSOL vs PINO:   0%|          | 0/81 [00:00<?, ?it/s]
COMSOL vs PINO:   1%|          | 1/81 [00:01<01:22,  1.04s/it]
COMSOL vs PINO:   2%|▏         | 2/81 [00:02<01:23,  1.06s/it]
COMSOL vs PINO:   4%|▎         | 3/81 [00:03<01:22,  1.05s/it]
COMSOL vs PINO:   5%|▍         | 4/81 [00:04<01:28,  1.15s/it]
COMSOL vs PINO:   6%|▌         | 5/81 [00:05<01:24,  1.11s/it]
COMSOL vs PINO:   7%|▋         | 6/81 [00:06<01:22,  1.10s/it]
COMSOL vs PINO:   9%|▊         | 7/81 [00:07<01:20,  1.08s/it]
COMSOL vs PINO:  10%|▉         | 8/81 [00:08<01:17,  1.07s/it]
COMSOL vs PINO:  11%|█         | 9/81 [00:09<01:15,  1.05s/it]
COMSOL vs PINO:  12%|█▏        | 10/81 [00:10<01:14,  1.05s/it]
COMSOL vs PINO:  14%|█▎        | 11/81 [00:11<01:13,  1.05s/it]
COMSOL vs PINO:  15%|█▍        | 12/81 [00:12<01:12,  1.05s/it]
COMSOL vs PINO:  16%|█▌        | 13/81 [00:13<01:12,  1.07s/it]
COMSOL vs PINO:  17%|█▋        | 14/81 [00:14<01:11,  1.07s/it]
COMSOL vs PINO:  19%|█▊        | 15/81 [00:16<01:09,  1.06s/it]
COMSOL vs PINO:  20%|█▉        | 16/81 [00:17<01:08,  1.05s/it]
COMSOL vs PINO:  21%|██        | 17/81 [00:18<01:07,  1.05s/it]
COMSOL vs PINO:  22%|██▏       | 18/81 [00:19<01:06,  1.05s/it]
COMSOL vs PINO:  23%|██▎       | 19/81 [00:20<01:11,  1.15s/it]
COMSOL vs PINO:  25%|██▍       | 20/81 [00:21<01:08,  1.12s/it]
COMSOL vs PINO:  26%|██▌       | 21/81 [00:22<01:05,  1.10s/it]
COMSOL vs PINO:  27%|██▋       | 22/81 [00:23<01:03,  1.08s/it]
COMSOL vs PINO:  28%|██▊       | 23/81 [00:24<01:02,  1.08s/it]
COMSOL vs PINO:  30%|██▉       | 24/81 [00:25<01:01,  1.08s/it]
COMSOL vs PINO:  31%|███       | 25/81 [00:26<00:59,  1.07s/it]
COMSOL vs PINO:  32%|███▏      | 26/81 [00:27<00:58,  1.07s/it]
COMSOL vs PINO:  33%|███▎      | 27/81 [00:29<00:57,  1.06s/it]
COMSOL vs PINO:  35%|███▍      | 28/81 [00:30<00:56,  1.06s/it]
COMSOL vs PINO:  36%|███▌      | 29/81 [00:31<00:54,  1.06s/it]
COMSOL vs PINO:  37%|███▋      | 30/81 [00:32<00:54,  1.06s/it]
COMSOL vs PINO:  38%|███▊      | 31/81 [00:33<00:52,  1.05s/it]
COMSOL vs PINO:  40%|███▉      | 32/81 [00:34<00:51,  1.05s/it]
COMSOL vs PINO:  41%|████      | 33/81 [00:35<00:54,  1.14s/it]
COMSOL vs PINO:  42%|████▏     | 34/81 [00:36<00:52,  1.11s/it]
COMSOL vs PINO:  43%|████▎     | 35/81 [00:37<00:50,  1.10s/it]
COMSOL vs PINO:  44%|████▍     | 36/81 [00:38<00:49,  1.09s/it]
COMSOL vs PINO:  46%|████▌     | 37/81 [00:39<00:47,  1.08s/it]
COMSOL vs PINO:  47%|████▋     | 38/81 [00:40<00:46,  1.07s/it]
COMSOL vs PINO:  48%|████▊     | 39/81 [00:42<00:45,  1.09s/it]
COMSOL vs PINO:  49%|████▉     | 40/81 [00:43<00:44,  1.08s/it]
COMSOL vs PINO:  51%|█████     | 41/81 [00:44<00:43,  1.08s/it]
COMSOL vs PINO:  52%|█████▏    | 42/81 [00:45<00:41,  1.06s/it]
COMSOL vs PINO:  53%|█████▎    | 43/81 [00:46<00:40,  1.06s/it]
COMSOL vs PINO:  54%|█████▍    | 44/81 [00:47<00:39,  1.05s/it]
COMSOL vs PINO:  56%|█████▌    | 45/81 [00:48<00:37,  1.05s/it]
COMSOL vs PINO:  57%|█████▋    | 46/81 [00:49<00:40,  1.15s/it]
COMSOL vs PINO:  58%|█████▊    | 47/81 [00:50<00:38,  1.12s/it]
COMSOL vs PINO:  59%|█████▉    | 48/81 [00:51<00:36,  1.10s/it]
COMSOL vs PINO:  60%|██████    | 49/81 [00:52<00:35,  1.10s/it]
COMSOL vs PINO:  62%|██████▏   | 50/81 [00:54<00:33,  1.09s/it]
COMSOL vs PINO:  63%|██████▎   | 51/81 [00:55<00:32,  1.08s/it]
COMSOL vs PINO:  64%|██████▍   | 52/81 [00:56<00:31,  1.08s/it]
COMSOL vs PINO:  65%|██████▌   | 53/81 [00:57<00:29,  1.07s/it]
COMSOL vs PINO:  67%|██████▋   | 54/81 [00:58<00:28,  1.06s/it]
COMSOL vs PINO:  68%|██████▊   | 55/81 [00:59<00:27,  1.06s/it]
COMSOL vs PINO:  69%|██████▉   | 56/81 [01:00<00:26,  1.06s/it]
COMSOL vs PINO:  70%|███████   | 57/81 [01:01<00:25,  1.06s/it]
COMSOL vs PINO:  72%|███████▏  | 58/81 [01:02<00:24,  1.06s/it]
COMSOL vs PINO:  73%|███████▎  | 59/81 [01:03<00:25,  1.15s/it]
COMSOL vs PINO:  74%|███████▍  | 60/81 [01:04<00:23,  1.13s/it]
COMSOL vs PINO:  75%|███████▌  | 61/81 [01:05<00:22,  1.11s/it]
COMSOL vs PINO:  77%|███████▋  | 62/81 [01:07<00:20,  1.09s/it]
COMSOL vs PINO:  78%|███████▊  | 63/81 [01:08<00:19,  1.08s/it]
COMSOL vs PINO:  79%|███████▉  | 64/81 [01:09<00:18,  1.07s/it]
COMSOL vs PINO:  80%|████████  | 65/81 [01:10<00:17,  1.07s/it]
COMSOL vs PINO:  81%|████████▏ | 66/81 [01:11<00:16,  1.07s/it]
COMSOL vs PINO:  83%|████████▎ | 67/81 [01:12<00:14,  1.06s/it]
COMSOL vs PINO:  84%|████████▍ | 68/81 [01:13<00:13,  1.06s/it]
COMSOL vs PINO:  85%|████████▌ | 69/81 [01:14<00:12,  1.06s/it]
COMSOL vs PINO:  86%|████████▋ | 70/81 [01:15<00:11,  1.05s/it]
COMSOL vs PINO:  88%|████████▊ | 71/81 [01:16<00:10,  1.06s/it]
COMSOL vs PINO:  89%|████████▉ | 72/81 [01:17<00:09,  1.06s/it]
COMSOL vs PINO:  90%|█████████ | 73/81 [01:18<00:08,  1.06s/it]
COMSOL vs PINO:  91%|█████████▏| 74/81 [01:20<00:08,  1.16s/it]
COMSOL vs PINO:  93%|█████████▎| 75/81 [01:21<00:06,  1.14s/it]
COMSOL vs PINO:  94%|█████████▍| 76/81 [01:22<00:05,  1.11s/it]
COMSOL vs PINO:  95%|█████████▌| 77/81 [01:23<00:04,  1.10s/it]
COMSOL vs PINO:  96%|█████████▋| 78/81 [01:24<00:03,  1.08s/it]
COMSOL vs PINO:  98%|█████████▊| 79/81 [01:25<00:02,  1.07s/it]
COMSOL vs PINO:  99%|█████████▉| 80/81 [01:26<00:01,  1.06s/it]
COMSOL vs PINO: 100%|██████████| 81/81 [01:27<00:00,  1.06s/it]
COMSOL vs PINO: 100%|██████████| 81/81 [01:27<00:00,  1.08s/it]
COMSOL validation summary: n=81  mean=6.191007e-02  max=2.087970e-01  min=1.913738e-02
Wrote C:\Ali Computation\pinn\code\heterogeneous\pino_heterogeneous\results\exp_Rb_piecewise_K100_N500_adam500_lr25e3_lbfgs500_maxiter5_float64\comsol_validation\comsol_validation_summary.csv
Run metadata: C:\Ali Computation\pinn\code\heterogeneous\pino_heterogeneous\results\exp_Rb_piecewise_K100_N500_adam500_lr25e3_lbfgs500_maxiter5_float64\run_meta.json
Wall-clock train: 18097.8 s
Wall-clock validation: 87.4 s
Wall-clock total: 18197.8 s  device=cuda

# exit 0 after 5:03:23.520594
